All test running disabled by --no-run-tests flag. To mute this message in future, set
notify-if-no-run-tests: false in Stack's configuration.
fluxus> configure (lib + exe + test)
Configuring fluxus-0.1.0.0...
fluxus> build (lib + exe + test) with ghc-9.8.4
Preprocessing library for fluxus-0.1.0.0..
Building library for fluxus-0.1.0.0..
[ 1 of 38] Compiling Fluxus.AST.Common [Flags changed]
[ 2 of 38] Compiling Fluxus.AST.Go.Common [Flags changed]
[ 3 of 38] Compiling Fluxus.AST.Go.Expressions [Flags changed]
[ 4 of 38] Compiling Fluxus.AST.Go.Types [Flags changed]
[ 5 of 38] Compiling Fluxus.AST.Go.Helpers [Flags changed]
[ 6 of 38] Compiling Fluxus.AST.Go [Flags changed]
[ 7 of 38] Compiling Fluxus.AST.Python [Flags changed]
[ 8 of 38] Compiling Fluxus.Analysis.OwnershipInference [Flags changed]
[ 9 of 38] Compiling Fluxus.Analysis.ShapeAnalysis [Flags changed]
[10 of 38] Compiling Fluxus.Analysis.SmartFallback [Flags changed]
[11 of 38] Compiling Fluxus.Analysis.TypeInference [Flags changed]
[12 of 38] Compiling Fluxus.CodeGen.CPP [Flags changed]
[13 of 38] Compiling Fluxus.Compiler.Config [Flags changed]
[14 of 38] Compiling Fluxus.Debug.Debugger [Flags changed]
[15 of 38] Compiling Fluxus.Debug.Logger [Flags changed]
[16 of 38] Compiling Fluxus.Internal.Monad [Flags changed]
[17 of 38] Compiling Fluxus.Internal.Types [Flags changed]
[18 of 38] Compiling Fluxus.Optimization.BasicPasses [Flags changed]
[19 of 38] Compiling Fluxus.Optimization.ConstantFolding [Flags changed]
[20 of 38] Compiling Fluxus.Optimization.ConstantPropagation [Flags changed]
[21 of 38] Compiling Fluxus.Optimization.DeadCodeElimination [Flags changed]
[22 of 38] Compiling Fluxus.Optimization.Devirtualization [Flags changed]
[23 of 38] Compiling Fluxus.Optimization.Inlining [Flags changed]
[24 of 38] Compiling Fluxus.Optimization.Monomorphization [Flags changed]
[25 of 38] Compiling Fluxus.Optimization.SizeReduction [Flags changed]
[26 of 38] Compiling Fluxus.Optimization.Vectorization [Flags changed]
[27 of 38] Compiling Fluxus.Parser.Go.Lexer [Flags changed]
[28 of 38] Compiling Fluxus.Parser.Go.Parser [Flags changed]
[29 of 38] Compiling Fluxus.Parser.Python.Lexer [Flags changed]
[30 of 38] Compiling Fluxus.Parser.Python.Parser [Flags changed]
[31 of 38] Compiling Fluxus.CodeGen.Go [Flags changed]
[32 of 38] Compiling Fluxus.Analysis.EscapeAnalysis [Flags changed]
[33 of 38] Compiling Fluxus.Runtime.Go [Flags changed]
[34 of 38] Compiling Fluxus.Runtime.Python [Flags changed]
[35 of 38] Compiling Fluxus.Utils.Graph [Flags changed]
[36 of 38] Compiling Fluxus.Utils.Pretty [Flags changed]
[37 of 38] Compiling Fluxus.Compiler.Driver [Flags changed]
[38 of 38] Compiling Fluxus.Debug.CLI [Flags changed]
Preprocessing executable 'fluxus' for fluxus-0.1.0.0..
Building executable 'fluxus' for fluxus-0.1.0.0..
[1 of 2] Compiling Main [Flags changed]
[2 of 2] Compiling Paths_fluxus [Flags changed]
[3 of 3] Linking .stack-work/dist/x86_64-linux/ghc-9.8.4/build/fluxus/fluxus [Objects changed]
Preprocessing test suite 'fluxus-test' for fluxus-0.1.0.0..
Building test suite 'fluxus-test' for fluxus-0.1.0.0..
[ 1 of 19] Compiling Test.Fluxus.Analysis.EscapeAnalysis [Flags changed]
[ 2 of 19] Compiling Test.Fluxus.Analysis.OwnershipInference [Flags changed]
[ 3 of 19] Compiling Test.Fluxus.Analysis.ShapeAnalysis [Flags changed]
[ 4 of 19] Compiling Test.Fluxus.Analysis.SmartFallback [Flags changed]
[ 5 of 19] Compiling Test.Fluxus.Analysis.TypeInference [Flags changed]
[ 6 of 19] Compiling Test.Fluxus.CodeGen.CPP [Flags changed]
[ 7 of 19] Compiling Test.Fluxus.CodeGen.Go [Flags changed]
[ 8 of 19] Compiling Test.Fluxus.ConvertCommand [Flags changed]
[ 9 of 19] Compiling Test.Fluxus.EndToEnd [Flags changed]
[10 of 19] Compiling Test.Fluxus.Integration [Flags changed]
[11 of 19] Compiling Test.Fluxus.Optimization.ConstantFolding [Flags changed]
[12 of 19] Compiling Test.Fluxus.Optimization.DeadCodeElimination [Flags changed]
[13 of 19] Compiling Test.Fluxus.Optimization.Inlining [Flags changed]
[14 of 19] Compiling Test.Fluxus.Optimization [Flags changed]
[15 of 19] Compiling Test.Fluxus.Parser.Go [Flags changed]
[16 of 19] Compiling Test.Fluxus.Parser.Python [Flags changed]
[17 of 19] Compiling Test.Fluxus.Runtime.Go [Flags changed]
[18 of 19] Compiling Test.Fluxus.Runtime.Python [Flags changed]
[19 of 19] Compiling Main [Flags changed]
[20 of 20] Linking .stack-work/dist/x86_64-linux/ghc-9.8.4/build/fluxus-test/fluxus-test [Objects changed]
fluxus> copy/register
Installing library in /home/qwe12345678/hyperstatic2/.stack-work/install/x86_64-linux/2a42907f94f022bb546dec6cd9ecfcdcae21b985a1b0099a2bd97a2a1d45b651/9.8.4/lib/x86_64-linux-ghc-9.8.4/fluxus-0.1.0.0-JGG2xle87QtArgy2CEs9tD
Installing executable fluxus in /home/qwe12345678/hyperstatic2/.stack-work/install/x86_64-linux/2a42907f94f022bb546dec6cd9ecfcdcae21b985a1b0099a2bd97a2a1d45b651/9.8.4/bin
Registering library for fluxus-0.1.0.0..
