Found 1 source files to compile
[INFO] Compiler environment setup completed
[INFO] Processing file: test/python-tests/feature_fstring.py
[INFO] [DRIVER] === Starting compilation pipeline for: test/python-tests/feature_fstring.py ===
[INFO] [DRIVER] Debug breakpoint: processSourceFile called with file: test/python-tests/feature_fstring.py
[INFO] Phase: parsing
[INFO] [DRIVER] Parse stage started for: test/python-tests/feature_fstring.py
[INFO] [DRIVER] Python lexer starting for: test/python-tests/feature_fstring.py
[INFO] [DRIVER] Python lexer succeeded: 67 tokens
[INFO] [DRIVER] Python parser starting
[INFO] [DRIVER] Python parser succeeded
[INFO] Phase: type-inference
[INFO] [DRIVER] Starting type inference for: test/python-tests/feature_fstring.py
[INFO] Running type inference analysis
[INFO] [DRIVER] Type inference stage started
[INFO] Type inference completed successfully
[INFO] [DRIVER] Type inference completed successfully
[INFO] Phase: optimization
[INFO] [DRIVER] Starting optimization for: test/python-tests/feature_fstring.py
[INFO] Running optimizations at level O2
[INFO] [DRIVER] === Pipeline completed for: test/python-tests/feature_fstring.py ===
[INFO] Phase: code-generation
[INFO] [DRIVER] Starting code generation for: test/python-tests/feature_fstring.py
[INFO] [DRIVER] Main code generation stage started
[INFO] [DRIVER] Main code generation completed successfully
[INFO] [DRIVER] Writing C++ output to: test/python-tests/feature_fstring.cpp
[INFO] [DRIVER] Successfully wrote C++ file: test/python-tests/feature_fstring.cpp
[INFO] Code generation completed: test/python-tests/feature_fstring.cpp
Compilation successful!
Output: test/python-tests/feature_fstring.cpp
=== Compilation Statistics ===
Files processed: 1
Total files: 0
Warnings: 0
Errors: 0
===============================
