Build profile: -w ghc-9.6.3 -O1
In order, the following will be built (use -v for more details):
 - fluxus-0.1.0.0 (test:fluxus-test) (file test/Test/Fluxus/EndToEnd.hs changed)
Preprocessing test suite 'fluxus-test' for fluxus-0.1.0.0..
Building test suite 'fluxus-test' for fluxus-0.1.0.0..
[ 9 of 19] Compiling Test.Fluxus.EndToEnd ( test/Test/Fluxus/EndToEnd.hs, /home/qwe12345678/hyperstatic2/dist-newstyle/build/x86_64-linux/ghc-9.6.3/fluxus-0.1.0.0/t/fluxus-test/build/fluxus-test/fluxus-test-tmp/Test/Fluxus/EndToEnd.o ) [Source file changed]
[19 of 19] Compiling Main             ( test/Spec.hs, /home/qwe12345678/hyperstatic2/dist-newstyle/build/x86_64-linux/ghc-9.6.3/fluxus-0.1.0.0/t/fluxus-test/build/fluxus-test/fluxus-test-tmp/Main.o ) [Test.Fluxus.EndToEnd changed]
[20 of 20] Linking /home/qwe12345678/hyperstatic2/dist-newstyle/build/x86_64-linux/ghc-9.6.3/fluxus-0.1.0.0/t/fluxus-test/build/fluxus-test/fluxus-test [Objects changed]
Running 1 test suites...
Test suite fluxus-test: RUNNING...

Fluxus Compiler Comprehensive Test Suite
  Type Inference
    Basic Type Inference
      infers integer literal types [✔]
      infers string literal types [✔]
      infers boolean literal types [✔]
      infers list types [✔]
      infers function types [✔]
      infers dictionary types [✔]
      infers optional types [✔]
      infers tuple types [✔]
      infers generic types [✔]
      infers owned types [✔]
      infers shared types [✔]
    Type Unification
      unifies identical types [✔]
      fails to unify different types [✔]
      unifies type variables [✔]
      unifies complex types [✔]
      unifies nested types [✔]
      unifies function types [✔]
      fails to unify function types with different arity [✔]
      unifies recursive types [✔]
      detects occurs check failure [✔]
    Constraint Solving
      solves simple constraints [✔]
      detects inconsistent constraints [✔]
      propagates constraints [✔]
      solves complex constraint chains [✔]
      solves function type constraints [✔]
      handles cyclic constraints gracefully [✔]
      solves mixed type constraints [✔]
  Python Parser
    Python Lexer
      tokenizes simple expressions [✔]
      tokenizes Python keywords [✔]
      tokenizes string literals [✔]
      tokenizes number literals [✔]
      tokenizes complex expressions [✔]
      tokenizes indentation and newlines [✔]
      tokenizes escape sequences in strings [✔]
      tokenizes boolean literals [✔]
      tokenizes comments [✔]
    Python Parser
      parses simple expressions [✔]
      parses function definitions [✔]
      parses function definitions with parameters [✔]
      parses class definitions [✔]
      parses class definitions with inheritance [✔]
      parses if statements [✔]
      parses if-else statements [✔]
      parses while loops [✔]
      parses for loops [✔]
      parses try-except blocks [✔]
      parses list comprehensions [✔]
  Go Parser
    Go Lexer
      tokenizes simple expressions [✔]
      tokenizes Go keywords [✔]
      tokenizes string literals [✔]
      tokenizes raw string literals [✔]
      tokenizes number literals [✔]
      tokenizes Go operators [✔]
      tokenizes Go delimiters [✔]
      tokenizes Go comments [✔]
      tokenizes complex expressions [✔]
    Go Parser
      parses package declaration [✔]
      parses function declarations [✔]
      parses function declarations with parameters [✔]
      parses variable declarations [✔]
      parses variable declarations with initialization [✔]
      parses variable declarations [✔]
      parses type declarations [✔]
      parses struct declarations [✔]
      parses interface declarations [✔]
      parses if statements [✔]
      parses for loops [✔]
  Escape Analysis Tests
    Basic Escape Analysis
      identifies non-escaping local variables [✔]
      identifies escaping variables [✔]
    Complex Escape Analysis
      analyzes escape behavior in nested functions [✔]
      analyzes escape behavior in data structures [✔]
    Edge Cases
      handles empty functions [✔]
      handles recursive functions [✔]
  Ownership Inference Tests
    Basic Ownership Inference
      infers ownership of local variables [✔]
      identifies shared references [✔]
    Ownership Transfer
      detects ownership transfer in function calls [✔]
    Borrowing Analysis
      identifies immutable borrows [✔]
      identifies mutable borrows [✔]
    Edge Cases
      handles ownership in loops [✔]
      handles ownership in exception handling [✔]
  Smart Fallback Tests
    Basic Fallback Mechanisms
      falls back to interpreter for unsupported constructs [✔]
      identifies safe optimization regions [✔]
    Optimization Fallback
      handles optimization failures gracefully [✔]
      preserves semantics when falling back [✔]
    Error Recovery
      recovers from analysis errors [✔]
      provides meaningful error messages [✔]
    Edge Cases
      handles recursive functions with fallback [✔]
      handles dynamic code execution [✔]
  Optimization Tests
    Constant Folding
      Basic Constant Folding
        folds integer addition [✔]
        folds integer subtraction [✔]
        folds integer multiplication [✔]
        folds integer division [✔]
        folds boolean AND operation [✔]
        folds boolean OR operation [✔]
        folds string concatenation [✔]
      Complex Constant Folding
        folds nested binary operations [✔]
        folds multiple operations [✔]
        folds mixed type operations [✔]
        does not fold non-constant expressions [✔]
      Edge Cases
        folds division by zero to error [✔]
        handles overflow gracefully [✔]
        handles floating point precision [✔]
        folds unary NOT operation [✔]
        folds arithmetic with negative numbers [✔]
    Dead Code Elimination
      Basic Dead Code Elimination
        eliminates unreachable statements after return [✔]
        eliminates unreachable code in if branches [✔]
        eliminates unused variable assignments [✔]
      Control Flow Optimization
        eliminates redundant if statements [✔]
        eliminates always-false if statements [✔]
        optimizes if-else with constant condition [✔]
        eliminates empty loops [✔]
        eliminates unreachable loop bodies [✔]
      Function Optimization
        eliminates unused functions [✔]
        eliminates unreachable code after early returns [✔]
        eliminates unused function parameters [✔]
    Function Inlining
      Basic Function Inlining
        inlines simple function calls [✔]
        inlines functions with multiple parameters [✔]
        inlines functions with multiple statements [✔]
        preserves function calls that cannot be inlined [✔]
      Inlining Optimizations
        applies constant propagation after inlining [✔]
        inlines recursive functions with depth limit [✔]
        inlines nested function calls [✔]
      Edge Cases
        handles functions with side effects [✔]
        handles functions with complex control flow [✔]
        handles function calls in expressions [✔]
  C++ Code Generation
    Type Mapping
      maps basic types correctly [✔]
      maps container types correctly [✔]
      maps smart pointer types correctly [✔]
      maps complex types correctly [✔]
      maps integer types of different sizes [✔]
      maps floating point types correctly [✔]
      maps tuple types correctly [✔]
      maps nested container types correctly [✔]
      maps function pointer types correctly [✔]
    Expression Generation
      generates literal expressions [✔]
      generates floating point literals [✔]
      generates character literals [✔]
      generates binary expressions [✔]
      generates complex binary expressions [✔]
      generates unary expressions [✔]
      generates ternary expressions [✔]
      generates function call expressions [✔]
      generates method call expressions [✔]
      generates member access expressions [✔]
      generates array access expressions [✔]
      generates lambda expressions [✔]
    Statement Generation
      generates expression statements [✔]
      generates return statements [✔]
      generates void return statements [✔]
      generates if statements [✔]
      generates if-else statements [✔]
      generates while loops [✔]
      generates for loops [✔]
      generates range-based for loops [✔]
      generates switch statements [✔]
      generates try-catch blocks [✔]
    Declaration Generation
      generates variable declarations [✔]
      generates uninitialized variable declarations [✔]
      generates constant variable declarations [✔]
      generates reference variable declarations [✔]
      generates function declarations [✔]
      generates function declarations with default parameters [✔]
      generates template function declarations [✔]
      generates class declarations [✔]
      generates class declarations with inheritance [✔]
      generates template class declarations [✔]
      generates namespace declarations [✔]
      generates enum declarations [✔]
      generates program units [✔]
  Go Code Generation Tests
    generates basic Go code structure [✔]
    handles simple Python functions [✔]
    handles variable declarations [✔]
    handles struct generation [✔]
    handles interface generation [✔]
    handles error handling [✔]
  Python Runtime Tests
    Memory Management
      manages Python object lifecycle [✔]
      handles reference counting correctly [✔]
      manages garbage collection [✔]
      optimizes memory allocation [✔]
      handles circular references [✔]
    Object Model
      creates Python objects correctly [✔]
      manages attribute access [✔]
      handles method calls [✔]
      supports inheritance [✔]
      handles multiple inheritance [✔]
      manages class vs instance attributes [✔]
    Builtin Functions
      supports len() function [✔]
      supports print() function [✔]
      supports range() function [✔]
      supports list operations [✔]
      supports dict operations [✔]
      supports string operations [✔]
    Exception Handling
      catches Python exceptions [✔]
      propagates exceptions correctly [✔]
      handles custom exceptions [✔]
      manages exception hierarchy [✔]
      supports finally blocks [✔]
      handles exception chaining [✔]
    Type System
      handles dynamic typing [✔]
      supports type introspection [✔]
      manages duck typing [✔]
      handles type conversion [✔]
      supports operator overloading [✔]
      manages method resolution order [✔]
  Go Runtime Tests
    Basic Runtime Operations
      initializes Go runtime correctly [✔]
      executes basic Go code [✔]
      handles Go variables and types [✔]
    Memory Management
      manages Go garbage collection [✔]
      handles Go memory allocation [✔]
    Concurrency Support
      handles Go goroutines [✔]
      handles Go channels [✔]
    Error Handling
      handles Go error types [✔]
      handles Go panic and recover [✔]
    Foreign Function Interface
      handles Go Cgo integration [✔]
      handles Go system calls [✔]
  Integration Tests
    Python to C++ Integration
[INFO] Compiling project with 1 files
[INFO] Processing file: /tmp/fluxus-test--04a9f71cb8cce950/test.py
[INFO] [DRIVER] === Starting compilation pipeline for: /tmp/fluxus-test--04a9f71cb8cce950/test.py ===
[INFO] [DRIVER] Debug breakpoint: processSourceFile called with file: /tmp/fluxus-test--04a9f71cb8cce950/test.py
[INFO] Phase: parsing
[INFO] [DRIVER] Parse stage started for: /tmp/fluxus-test--04a9f71cb8cce950/test.py
[INFO] [DRIVER] Python lexer starting for: /tmp/fluxus-test--04a9f71cb8cce950/test.py
[INFO] [DRIVER] Python lexer succeeded: 16 tokens
[INFO] [DRIVER] Python parser starting
[INFO] [DRIVER] Python parser succeeded
[INFO] Phase: type-inference
[INFO] [DRIVER] Starting type inference for: /tmp/fluxus-test--04a9f71cb8cce950/test.py
[INFO] Running type inference analysis
[INFO] [DRIVER] Type inference stage started
[INFO] Type inference completed successfully
[INFO] [DRIVER] Type inference completed successfully
[INFO] Phase: optimization
[INFO] [DRIVER] Starting optimization for: /tmp/fluxus-test--04a9f71cb8cce950/test.py
[INFO] Running optimizations at level O2
[INFO] [DRIVER] === Pipeline completed for: /tmp/fluxus-test--04a9f71cb8cce950/test.py ===
[INFO] Phase: code-generation
[INFO] [DRIVER] Main code generation stage started
[INFO] [DRIVER] Main code generation completed successfully
[INFO] Code generation completed: /tmp/fluxus-test--04a9f71cb8cce950/test.cpp
[INFO] Wrote combined C++ file: /tmp/fluxus-test--04a9f71cb8cce950/test.cpp
      compiles simple Python function to C++ [✔]
[INFO] Compiling project with 1 files
[INFO] Processing file: /tmp/fluxus-test--17bb5898884a990e/calculator.py
[INFO] [DRIVER] === Starting compilation pipeline for: /tmp/fluxus-test--17bb5898884a990e/calculator.py ===
[INFO] [DRIVER] Debug breakpoint: processSourceFile called with file: /tmp/fluxus-test--17bb5898884a990e/calculator.py
[INFO] Phase: parsing
[INFO] [DRIVER] Parse stage started for: /tmp/fluxus-test--17bb5898884a990e/calculator.py
[INFO] [DRIVER] Python lexer starting for: /tmp/fluxus-test--17bb5898884a990e/calculator.py
[INFO] [DRIVER] Python lexer succeeded: 57 tokens
[INFO] [DRIVER] Python parser starting
[ERROR] [DRIVER] Python parser failed: ParseErrorBundle {bundleErrors = TrivialError 0 (Just (Tokens (Located {locSpan = SourceSpan {spanFilename = "<input>", spanStart = SourcePos {posLine = 1, posColumn = 1}, spanEnd = SourcePos {posLine = 1, posColumn = 6}}, locValue = TokenKeyword KwClass} :| []))) (fromList [EndOfInput]) :| [], bundlePosState = PosState {pstateInput = [Located {locSpan = SourceSpan {spanFilename = "<input>", spanStart = SourcePos {posLine = 1, posColumn = 1}, spanEnd = SourcePos {posLine = 1, posColumn = 6}}, locValue = TokenKeyword KwClass},Located {locSpan = SourceSpan {spanFilename = "<input>", spanStart = SourcePos {posLine = 1, posColumn = 7}, spanEnd = SourcePos {posLine = 1, posColumn = 17}}, locValue = TokenIdent "Calculator"},Located {locSpan = SourceSpan {spanFilename = "<input>", spanStart = SourcePos {posLine = 1, posColumn = 17}, spanEnd = SourcePos {posLine = 1, posColumn = 18}}, locValue = TokenDelimiter DelimColon},Located {locSpan = SourceSpan {spanFilename = "<input>", spanStart = SourcePos {posLine = 1, posColumn = 1}, spanEnd = SourcePos {posLine = 2, posColumn = 1}}, locValue = TokenNewline},Located {locSpan = SourceSpan {spanFilename = "<input>", spanStart = SourcePos {posLine = 2, posColumn = 1}, spanEnd = SourcePos {posLine = 2, posColumn = 5}}, locValue = TokenIndent 4},Located {locSpan = SourceSpan {spanFilename = "<input>", spanStart = SourcePos {posLine = 2, posColumn = 5}, spanEnd = SourcePos {posLine = 2, posColumn = 8}}, locValue = TokenKeyword KwDef},Located {locSpan = SourceSpan {spanFilename = "<input>", spanStart = SourcePos {posLine = 2, posColumn = 9}, spanEnd = SourcePos {posLine = 2, posColumn = 17}}, locValue = TokenIdent "__init__"},Located {locSpan = SourceSpan {spanFilename = "<input>", spanStart = SourcePos {posLine = 2, posColumn = 17}, spanEnd = SourcePos {posLine = 2, posColumn = 18}}, locValue = TokenDelimiter DelimLeftParen},Located {locSpan = SourceSpan {spanFilename = "<input>", spanStart = SourcePos {posLine = 2, posColumn = 18}, spanEnd = SourcePos {posLine = 2, posColumn = 22}}, locValue = TokenIdent "self"},Located {locSpan = SourceSpan {spanFilename = "<input>", spanStart = SourcePos {posLine = 2, posColumn = 22}, spanEnd = SourcePos {posLine = 2, posColumn = 23}}, locValue = TokenDelimiter DelimComma},Located {locSpan = SourceSpan {spanFilename = "<input>", spanStart = SourcePos {posLine = 2, posColumn = 24}, spanEnd = SourcePos {posLine = 2, posColumn = 29}}, locValue = TokenIdent "value"},Located {locSpan = SourceSpan {spanFilename = "<input>", spanStart = SourcePos {posLine = 2, posColumn = 29}, spanEnd = SourcePos {posLine = 2, posColumn = 30}}, locValue = TokenDelimiter DelimRightParen},Located {locSpan = SourceSpan {spanFilename = "<input>", spanStart = SourcePos {posLine = 2, posColumn = 30}, spanEnd = SourcePos {posLine = 2, posColumn = 31}}, locValue = TokenDelimiter DelimColon},Located {locSpan = SourceSpan {spanFilename = "<input>", spanStart = SourcePos {posLine = 2, posColumn = 1}, spanEnd = SourcePos {posLine = 3, posColumn = 1}}, locValue = TokenNewline},Located {locSpan = SourceSpan {spanFilename = "<input>", spanStart = SourcePos {posLine = 3, posColumn = 1}, spanEnd = SourcePos {posLine = 3, posColumn = 9}}, locValue = TokenIndent 8},Located {locSpan = SourceSpan {spanFilename = "<input>", spanStart = SourcePos {posLine = 3, posColumn = 9}, spanEnd = SourcePos {posLine = 3, posColumn = 13}}, locValue = TokenIdent "self"},Located {locSpan = SourceSpan {spanFilename = "<input>", spanStart = SourcePos {posLine = 3, posColumn = 13}, spanEnd = SourcePos {posLine = 3, posColumn = 14}}, locValue = TokenDelimiter DelimDot},Located {locSpan = SourceSpan {spanFilename = "<input>", spanStart = SourcePos {posLine = 3, posColumn = 14}, spanEnd = SourcePos {posLine = 3, posColumn = 19}}, locValue = TokenIdent "value"},Located {locSpan = SourceSpan {spanFilename = "<input>", spanStart = SourcePos {posLine = 3, posColumn = 20}, spanEnd = SourcePos {posLine = 3, posColumn = 21}}, locValue = TokenOperator OpAssign},Located {locSpan = SourceSpan {spanFilename = "<input>", spanStart = SourcePos {posLine = 3, posColumn = 22}, spanEnd = SourcePos {posLine = 3, posColumn = 27}}, locValue = TokenIdent "value"},Located {locSpan = SourceSpan {spanFilename = "<input>", spanStart = SourcePos {posLine = 3, posColumn = 1}, spanEnd = SourcePos {posLine = 4, posColumn = 1}}, locValue = TokenNewline},Located {locSpan = SourceSpan {spanFilename = "<input>", spanStart = SourcePos {posLine = 4, posColumn = 1}, spanEnd = SourcePos {posLine = 4, posColumn = 5}}, locValue = TokenDedent 8},Located {locSpan = SourceSpan {spanFilename = "<input>", spanStart = SourcePos {posLine = 4, posColumn = 1}, spanEnd = SourcePos {posLine = 5, posColumn = 1}}, locValue = TokenNewline},Located {locSpan = SourceSpan {spanFilename = "<input>", spanStart = SourcePos {posLine = 5, posColumn = 5}, spanEnd = SourcePos {posLine = 5, posColumn = 8}}, locValue = TokenKeyword KwDef},Located {locSpan = SourceSpan {spanFilename = "<input>", spanStart = SourcePos {posLine = 5, posColumn = 9}, spanEnd = SourcePos {posLine = 5, posColumn = 12}}, locValue = TokenIdent "add"},Located {locSpan = SourceSpan {spanFilename = "<input>", spanStart = SourcePos {posLine = 5, posColumn = 12}, spanEnd = SourcePos {posLine = 5, posColumn = 13}}, locValue = TokenDelimiter DelimLeftParen},Located {locSpan = SourceSpan {spanFilename = "<input>", spanStart = SourcePos {posLine = 5, posColumn = 13}, spanEnd = SourcePos {posLine = 5, posColumn = 17}}, locValue = TokenIdent "self"},Located {locSpan = SourceSpan {spanFilename = "<input>", spanStart = SourcePos {posLine = 5, posColumn = 17}, spanEnd = SourcePos {posLine = 5, posColumn = 18}}, locValue = TokenDelimiter DelimComma},Located {locSpan = SourceSpan {spanFilename = "<input>", spanStart = SourcePos {posLine = 5, posColumn = 19}, spanEnd = SourcePos {posLine = 5, posColumn = 20}}, locValue = TokenIdent "x"},Located {locSpan = SourceSpan {spanFilename = "<input>", spanStart = SourcePos {posLine = 5, posColumn = 20}, spanEnd = SourcePos {posLine = 5, posColumn = 21}}, locValue = TokenDelimiter DelimRightParen},Located {locSpan = SourceSpan {spanFilename = "<input>", spanStart = SourcePos {posLine = 5, posColumn = 21}, spanEnd = SourcePos {posLine = 5, posColumn = 22}}, locValue = TokenDelimiter DelimColon},Located {locSpan = SourceSpan {spanFilename = "<input>", spanStart = SourcePos {posLine = 5, posColumn = 1}, spanEnd = SourcePos {posLine = 6, posColumn = 1}}, locValue = TokenNewline},Located {locSpan = SourceSpan {spanFilename = "<input>", spanStart = SourcePos {posLine = 6, posColumn = 1}, spanEnd = SourcePos {posLine = 6, posColumn = 9}}, locValue = TokenIndent 8},Located {locSpan = SourceSpan {spanFilename = "<input>", spanStart = SourcePos {posLine = 6, posColumn = 9}, spanEnd = SourcePos {posLine = 6, posColumn = 15}}, locValue = TokenKeyword KwReturn},Located {locSpan = SourceSpan {spanFilename = "<input>", spanStart = SourcePos {posLine = 6, posColumn = 16}, spanEnd = SourcePos {posLine = 6, posColumn = 20}}, locValue = TokenIdent "self"},Located {locSpan = SourceSpan {spanFilename = "<input>", spanStart = SourcePos {posLine = 6, posColumn = 20}, spanEnd = SourcePos {posLine = 6, posColumn = 21}}, locValue = TokenDelimiter DelimDot},Located {locSpan = SourceSpan {spanFilename = "<input>", spanStart = SourcePos {posLine = 6, posColumn = 21}, spanEnd = SourcePos {posLine = 6, posColumn = 26}}, locValue = TokenIdent "value"},Located {locSpan = SourceSpan {spanFilename = "<input>", spanStart = SourcePos {posLine = 6, posColumn = 27}, spanEnd = SourcePos {posLine = 6, posColumn = 28}}, locValue = TokenOperator OpPlus},Located {locSpan = SourceSpan {spanFilename = "<input>", spanStart = SourcePos {posLine = 6, posColumn = 29}, spanEnd = SourcePos {posLine = 6, posColumn = 30}}, locValue = TokenIdent "x"},Located {locSpan = SourceSpan {spanFilename = "<input>", spanStart = SourcePos {posLine = 6, posColumn = 1}, spanEnd = SourcePos {posLine = 7, posColumn = 1}}, locValue = TokenNewline},Located {locSpan = SourceSpan {spanFilename = "<input>", spanStart = SourcePos {posLine = 7, posColumn = 1}, spanEnd = SourcePos {posLine = 7, posColumn = 5}}, locValue = TokenDedent 8},Located {locSpan = SourceSpan {spanFilename = "<input>", spanStart = SourcePos {posLine = 7, posColumn = 1}, spanEnd = SourcePos {posLine = 8, posColumn = 1}}, locValue = TokenNewline},Located {locSpan = SourceSpan {spanFilename = "<input>", spanStart = SourcePos {posLine = 8, posColumn = 5}, spanEnd = SourcePos {posLine = 8, posColumn = 8}}, locValue = TokenKeyword KwDef},Located {locSpan = SourceSpan {spanFilename = "<input>", spanStart = SourcePos {posLine = 8, posColumn = 9}, spanEnd = SourcePos {posLine = 8, posColumn = 18}}, locValue = TokenIdent "get_value"},Located {locSpan = SourceSpan {spanFilename = "<input>", spanStart = SourcePos {posLine = 8, posColumn = 18}, spanEnd = SourcePos {posLine = 8, posColumn = 19}}, locValue = TokenDelimiter DelimLeftParen},Located {locSpan = SourceSpan {spanFilename = "<input>", spanStart = SourcePos {posLine = 8, posColumn = 19}, spanEnd = SourcePos {posLine = 8, posColumn = 23}}, locValue = TokenIdent "self"},Located {locSpan = SourceSpan {spanFilename = "<input>", spanStart = SourcePos {posLine = 8, posColumn = 23}, spanEnd = SourcePos {posLine = 8, posColumn = 24}}, locValue = TokenDelimiter DelimRightParen},Located {locSpan = SourceSpan {spanFilename = "<input>", spanStart = SourcePos {posLine = 8, posColumn = 24}, spanEnd = SourcePos {posLine = 8, posColumn = 25}}, locValue = TokenDelimiter DelimColon},Located {locSpan = SourceSpan {spanFilename = "<input>", spanStart = SourcePos {posLine = 8, posColumn = 1}, spanEnd = SourcePos {posLine = 9, posColumn = 1}}, locValue = TokenNewline},Located {locSpan = SourceSpan {spanFilename = "<input>", spanStart = SourcePos {posLine = 9, posColumn = 1}, spanEnd = SourcePos {posLine = 9, posColumn = 9}}, locValue = TokenIndent 8},Located {locSpan = SourceSpan {spanFilename = "<input>", spanStart = SourcePos {posLine = 9, posColumn = 9}, spanEnd = SourcePos {posLine = 9, posColumn = 15}}, locValue = TokenKeyword KwReturn},Located {locSpan = SourceSpan {spanFilename = "<input>", spanStart = SourcePos {posLine = 9, posColumn = 16}, spanEnd = SourcePos {posLine = 9, posColumn = 20}}, locValue = TokenIdent "self"},Located {locSpan = SourceSpan {spanFilename = "<input>", spanStart = SourcePos {posLine = 9, posColumn = 20}, spanEnd = SourcePos {posLine = 9, posColumn = 21}}, locValue = TokenDelimiter DelimDot},Located {locSpan = SourceSpan {spanFilename = "<input>", spanStart = SourcePos {posLine = 9, posColumn = 21}, spanEnd = SourcePos {posLine = 9, posColumn = 26}}, locValue = TokenIdent "value"},Located {locSpan = SourceSpan {spanFilename = "<input>", spanStart = SourcePos {posLine = 9, posColumn = 1}, spanEnd = SourcePos {posLine = 10, posColumn = 1}}, locValue = TokenNewline},Located {locSpan = SourceSpan {spanFilename = "<input>", spanStart = SourcePos {posLine = 0, posColumn = 0}, spanEnd = SourcePos {posLine = 0, posColumn = 0}}, locValue = TokenDedent 0},Located {locSpan = SourceSpan {spanFilename = "<input>", spanStart = SourcePos {posLine = 0, posColumn = 0}, spanEnd = SourcePos {posLine = 0, posColumn = 0}}, locValue = TokenDedent 4}], pstateOffset = 0, pstateSourcePos = SourcePos {sourceName = "/tmp/fluxus-test--17bb5898884a990e/calculator.py", sourceLine = Pos 1, sourceColumn = Pos 1}, pstateTabWidth = Pos 8, pstateLinePrefix = ""}}
      compiles Python class to C++ [✘]
[INFO] Compiling project with 1 files
[INFO] Processing file: /tmp/fluxus-test--95cf923984d6dcb8/factorial.py
[INFO] [DRIVER] === Starting compilation pipeline for: /tmp/fluxus-test--95cf923984d6dcb8/factorial.py ===
[INFO] [DRIVER] Debug breakpoint: processSourceFile called with file: /tmp/fluxus-test--95cf923984d6dcb8/factorial.py
[INFO] Phase: parsing
[INFO] [DRIVER] Parse stage started for: /tmp/fluxus-test--95cf923984d6dcb8/factorial.py
[INFO] [DRIVER] Python lexer starting for: /tmp/fluxus-test--95cf923984d6dcb8/factorial.py
[INFO] [DRIVER] Python lexer succeeded: 35 tokens
[INFO] [DRIVER] Python parser starting
[INFO] [DRIVER] Python parser succeeded
[INFO] Phase: type-inference
[INFO] [DRIVER] Starting type inference for: /tmp/fluxus-test--95cf923984d6dcb8/factorial.py
[INFO] Running type inference analysis
[INFO] [DRIVER] Type inference stage started
[INFO] Type inference completed successfully
[INFO] [DRIVER] Type inference completed successfully
[INFO] Phase: optimization
[INFO] [DRIVER] Starting optimization for: /tmp/fluxus-test--95cf923984d6dcb8/factorial.py
[INFO] Running optimizations at level O2
[INFO] [DRIVER] === Pipeline completed for: /tmp/fluxus-test--95cf923984d6dcb8/factorial.py ===
[INFO] Phase: code-generation
[INFO] [DRIVER] Main code generation stage started
[INFO] [DRIVER] Main code generation completed successfully
[INFO] Code generation completed: /tmp/fluxus-test--95cf923984d6dcb8/factorial.cpp
[INFO] Wrote combined C++ file: /tmp/fluxus-test--95cf923984d6dcb8/factorial.cpp
      compiles Python with control flow to C++ [✔]
    Go to C++ Integration
[INFO] Compiling project with 1 files
[INFO] Processing file: /tmp/fluxus-test--f7dfd72454ba21c6/test.go
[INFO] [DRIVER] === Starting compilation pipeline for: /tmp/fluxus-test--f7dfd72454ba21c6/test.go ===
[INFO] [DRIVER] Debug breakpoint: processSourceFile called with file: /tmp/fluxus-test--f7dfd72454ba21c6/test.go
[INFO] Phase: parsing
[INFO] [DRIVER] Parse stage started for: /tmp/fluxus-test--f7dfd72454ba21c6/test.go
[INFO] [DRIVER] Go lexer starting for: /tmp/fluxus-test--f7dfd72454ba21c6/test.go
[INFO] [DRIVER] Go lexer succeeded: 23 tokens
[INFO] [DRIVER] Go parser starting
[INFO] [DRIVER] Go parser succeeded
[INFO] Phase: type-inference
[INFO] [DRIVER] Starting type inference for: /tmp/fluxus-test--f7dfd72454ba21c6/test.go
[INFO] Running type inference analysis
[INFO] [DRIVER] Type inference stage started
[INFO] Type inference completed successfully
[INFO] [DRIVER] Type inference completed successfully
[INFO] Phase: optimization
[INFO] [DRIVER] Starting optimization for: /tmp/fluxus-test--f7dfd72454ba21c6/test.go
[INFO] Running optimizations at level O2
[INFO] [DRIVER] === Pipeline completed for: /tmp/fluxus-test--f7dfd72454ba21c6/test.go ===
[INFO] Phase: code-generation
[INFO] [DRIVER] Main code generation stage started
[INFO] [DRIVER] Main code generation completed successfully
[INFO] Code generation completed: /tmp/fluxus-test--f7dfd72454ba21c6/test.cpp
[INFO] Wrote combined C++ file: /tmp/fluxus-test--f7dfd72454ba21c6/test.cpp
      compiles simple Go function to C++ [✔]
[INFO] Compiling project with 1 files
[INFO] Processing file: /tmp/fluxus-test--2884cc61f75a6902/person.go
[INFO] [DRIVER] === Starting compilation pipeline for: /tmp/fluxus-test--2884cc61f75a6902/person.go ===
[INFO] [DRIVER] Debug breakpoint: processSourceFile called with file: /tmp/fluxus-test--2884cc61f75a6902/person.go
[INFO] Phase: parsing
[INFO] [DRIVER] Parse stage started for: /tmp/fluxus-test--2884cc61f75a6902/person.go
[INFO] [DRIVER] Go lexer starting for: /tmp/fluxus-test--2884cc61f75a6902/person.go
[INFO] [DRIVER] Go lexer succeeded: 37 tokens
[INFO] [DRIVER] Go parser starting
[INFO] [DRIVER] Go parser succeeded
[INFO] Phase: type-inference
[INFO] [DRIVER] Starting type inference for: /tmp/fluxus-test--2884cc61f75a6902/person.go
[INFO] Running type inference analysis
[INFO] [DRIVER] Type inference stage started
[INFO] Type inference completed successfully
[INFO] [DRIVER] Type inference completed successfully
[INFO] Phase: optimization
[INFO] [DRIVER] Starting optimization for: /tmp/fluxus-test--2884cc61f75a6902/person.go
[INFO] Running optimizations at level O2
[INFO] [DRIVER] === Pipeline completed for: /tmp/fluxus-test--2884cc61f75a6902/person.go ===
[INFO] Phase: code-generation
[INFO] [DRIVER] Main code generation stage started
[INFO] [DRIVER] Main code generation completed successfully
[INFO] Code generation completed: /tmp/fluxus-test--2884cc61f75a6902/person.cpp
[INFO] Wrote combined C++ file: /tmp/fluxus-test--2884cc61f75a6902/person.cpp
      compiles Go struct to C++ class [✔]
    End-to-End Tests
[INFO] Compiling project with 1 files
[INFO] Processing file: /tmp/fluxus-test--68870b8c8758c550/main.py
[INFO] [DRIVER] === Starting compilation pipeline for: /tmp/fluxus-test--68870b8c8758c550/main.py ===
[INFO] [DRIVER] Debug breakpoint: processSourceFile called with file: /tmp/fluxus-test--68870b8c8758c550/main.py
[INFO] Phase: parsing
[INFO] [DRIVER] Parse stage started for: /tmp/fluxus-test--68870b8c8758c550/main.py
[INFO] [DRIVER] Python lexer starting for: /tmp/fluxus-test--68870b8c8758c550/main.py
[INFO] [DRIVER] Python lexer succeeded: 24 tokens
[INFO] [DRIVER] Python parser starting
[INFO] [DRIVER] Python parser succeeded
[INFO] Phase: type-inference
[INFO] [DRIVER] Starting type inference for: /tmp/fluxus-test--68870b8c8758c550/main.py
[INFO] Running type inference analysis
[INFO] [DRIVER] Type inference stage started
[INFO] Type inference completed successfully
[INFO] [DRIVER] Type inference completed successfully
[INFO] Phase: optimization
[INFO] [DRIVER] Starting optimization for: /tmp/fluxus-test--68870b8c8758c550/main.py
[INFO] Running optimizations at level O2
[INFO] [DRIVER] === Pipeline completed for: /tmp/fluxus-test--68870b8c8758c550/main.py ===
[INFO] Phase: code-generation
[INFO] [DRIVER] Main code generation stage started
[INFO] [DRIVER] Main code generation completed successfully
[INFO] Code generation completed: /tmp/fluxus-test--68870b8c8758c550/main.cpp
[INFO] Wrote combined C++ file: /tmp/fluxus-test--68870b8c8758c550/main.cpp
      compiles and runs generated C++ code [✔]
[INFO] Compiling project with 1 files
[INFO] Processing file: /tmp/fluxus-test--6e23154f77b2ae7b/invalid.py
[INFO] [DRIVER] === Starting compilation pipeline for: /tmp/fluxus-test--6e23154f77b2ae7b/invalid.py ===
[INFO] [DRIVER] Debug breakpoint: processSourceFile called with file: /tmp/fluxus-test--6e23154f77b2ae7b/invalid.py
[INFO] Phase: parsing
[INFO] [DRIVER] Parse stage started for: /tmp/fluxus-test--6e23154f77b2ae7b/invalid.py
[INFO] [DRIVER] Python lexer starting for: /tmp/fluxus-test--6e23154f77b2ae7b/invalid.py
[INFO] [DRIVER] Python lexer succeeded: 11 tokens
[INFO] [DRIVER] Python parser starting
[ERROR] [DRIVER] Python parser failed: ParseErrorBundle {bundleErrors = TrivialError 0 (Just (Tokens (Located {locSpan = SourceSpan {spanFilename = "<input>", spanStart = SourcePos {posLine = 1, posColumn = 1}, spanEnd = SourcePos {posLine = 1, posColumn = 4}}, locValue = TokenKeyword KwDef} :| []))) (fromList [EndOfInput]) :| [], bundlePosState = PosState {pstateInput = [Located {locSpan = SourceSpan {spanFilename = "<input>", spanStart = SourcePos {posLine = 1, posColumn = 1}, spanEnd = SourcePos {posLine = 1, posColumn = 4}}, locValue = TokenKeyword KwDef},Located {locSpan = SourceSpan {spanFilename = "<input>", spanStart = SourcePos {posLine = 1, posColumn = 5}, spanEnd = SourcePos {posLine = 1, posColumn = 21}}, locValue = TokenIdent "invalid_function"},Located {locSpan = SourceSpan {spanFilename = "<input>", spanStart = SourcePos {posLine = 1, posColumn = 21}, spanEnd = SourcePos {posLine = 1, posColumn = 22}}, locValue = TokenDelimiter DelimLeftParen},Located {locSpan = SourceSpan {spanFilename = "<input>", spanStart = SourcePos {posLine = 1, posColumn = 1}, spanEnd = SourcePos {posLine = 2, posColumn = 1}}, locValue = TokenNewline},Located {locSpan = SourceSpan {spanFilename = "<input>", spanStart = SourcePos {posLine = 2, posColumn = 1}, spanEnd = SourcePos {posLine = 2, posColumn = 5}}, locValue = TokenIndent 4},Located {locSpan = SourceSpan {spanFilename = "<input>", spanStart = SourcePos {posLine = 2, posColumn = 5}, spanEnd = SourcePos {posLine = 2, posColumn = 34}}, locValue = TokenComment "# Missing closing parenthesis"},Located {locSpan = SourceSpan {spanFilename = "<input>", spanStart = SourcePos {posLine = 2, posColumn = 1}, spanEnd = SourcePos {posLine = 3, posColumn = 1}}, locValue = TokenNewline},Located {locSpan = SourceSpan {spanFilename = "<input>", spanStart = SourcePos {posLine = 3, posColumn = 5}, spanEnd = SourcePos {posLine = 3, posColumn = 11}}, locValue = TokenKeyword KwReturn},Located {locSpan = SourceSpan {spanFilename = "<input>", spanStart = SourcePos {posLine = 3, posColumn = 12}, spanEnd = SourcePos {posLine = 3, posColumn = 14}}, locValue = TokenNumber "42" False},Located {locSpan = SourceSpan {spanFilename = "<input>", spanStart = SourcePos {posLine = 3, posColumn = 1}, spanEnd = SourcePos {posLine = 4, posColumn = 1}}, locValue = TokenNewline},Located {locSpan = SourceSpan {spanFilename = "<input>", spanStart = SourcePos {posLine = 0, posColumn = 0}, spanEnd = SourcePos {posLine = 0, posColumn = 0}}, locValue = TokenDedent 0}], pstateOffset = 0, pstateSourcePos = SourcePos {sourceName = "/tmp/fluxus-test--6e23154f77b2ae7b/invalid.py", sourceLine = Pos 1, sourceColumn = Pos 1}, pstateTabWidth = Pos 8, pstateLinePrefix = ""}}
      handles compilation errors gracefully [✔]
[INFO] Compiling project with 2 files
[INFO] Processing file: /tmp/fluxus-test--9359afb1ac3e54a5/util.py
[INFO] [DRIVER] === Starting compilation pipeline for: /tmp/fluxus-test--9359afb1ac3e54a5/util.py ===
[INFO] [DRIVER] Debug breakpoint: processSourceFile called with file: /tmp/fluxus-test--9359afb1ac3e54a5/util.py
[INFO] Phase: parsing
[INFO] [DRIVER] Parse stage started for: /tmp/fluxus-test--9359afb1ac3e54a5/util.py
[INFO] [DRIVER] Python lexer starting for: /tmp/fluxus-test--9359afb1ac3e54a5/util.py
[INFO] [DRIVER] Python lexer succeeded: 14 tokens
[INFO] [DRIVER] Python parser starting
[INFO] [DRIVER] Python parser succeeded
[INFO] Phase: type-inference
[INFO] [DRIVER] Starting type inference for: /tmp/fluxus-test--9359afb1ac3e54a5/util.py
[INFO] Running type inference analysis
[INFO] [DRIVER] Type inference stage started
[INFO] Type inference completed successfully
[INFO] [DRIVER] Type inference completed successfully
[INFO] Phase: optimization
[INFO] [DRIVER] Starting optimization for: /tmp/fluxus-test--9359afb1ac3e54a5/util.py
[INFO] Running optimizations at level O2
[INFO] [DRIVER] === Pipeline completed for: /tmp/fluxus-test--9359afb1ac3e54a5/util.py ===
[INFO] Phase: code-generation
[INFO] [DRIVER] Main code generation stage started
[INFO] [DRIVER] Main code generation completed successfully
[INFO] Code generation completed: /tmp/fluxus-test--9359afb1ac3e54a5/util.cpp
[INFO] Processing file: /tmp/fluxus-test--9359afb1ac3e54a5/main.py
[INFO] [DRIVER] === Starting compilation pipeline for: /tmp/fluxus-test--9359afb1ac3e54a5/main.py ===
[INFO] [DRIVER] Debug breakpoint: processSourceFile called with file: /tmp/fluxus-test--9359afb1ac3e54a5/main.py
[INFO] Phase: parsing
[INFO] [DRIVER] Parse stage started for: /tmp/fluxus-test--9359afb1ac3e54a5/main.py
[INFO] [DRIVER] Python lexer starting for: /tmp/fluxus-test--9359afb1ac3e54a5/main.py
[INFO] [DRIVER] Python lexer succeeded: 24 tokens
[INFO] [DRIVER] Python parser starting
[INFO] [DRIVER] Python parser succeeded
[INFO] Phase: type-inference
[INFO] [DRIVER] Starting type inference for: /tmp/fluxus-test--9359afb1ac3e54a5/main.py
[INFO] Running type inference analysis
[INFO] [DRIVER] Type inference stage started
[INFO] Type inference completed successfully
[INFO] [DRIVER] Type inference completed successfully
[INFO] Phase: optimization
[INFO] [DRIVER] Starting optimization for: /tmp/fluxus-test--9359afb1ac3e54a5/main.py
[INFO] Running optimizations at level O2
[INFO] [DRIVER] === Pipeline completed for: /tmp/fluxus-test--9359afb1ac3e54a5/main.py ===
[INFO] Phase: code-generation
[INFO] [DRIVER] Code generation stage started
[INFO] [DRIVER] Code generation completed successfully
[INFO] Code generation completed: /tmp/fluxus-test--9359afb1ac3e54a5/main.cpp
[INFO] Wrote combined C++ file: /tmp/fluxus-test--9359afb1ac3e54a5/combined.cpp
      processes multiple input files [✔]
[INFO] Compiling project with 1 files
[INFO] Processing file: /tmp/fluxus-mixed-test--f04f0d09588750b8/code.py
[INFO] [DRIVER] === Starting compilation pipeline for: /tmp/fluxus-mixed-test--f04f0d09588750b8/code.py ===
[INFO] [DRIVER] Debug breakpoint: processSourceFile called with file: /tmp/fluxus-mixed-test--f04f0d09588750b8/code.py
[INFO] Phase: parsing
[INFO] [DRIVER] Parse stage started for: /tmp/fluxus-mixed-test--f04f0d09588750b8/code.py
[INFO] [DRIVER] Python lexer starting for: /tmp/fluxus-mixed-test--f04f0d09588750b8/code.py
[INFO] [DRIVER] Python lexer succeeded: 14 tokens
[INFO] [DRIVER] Python parser starting
[INFO] [DRIVER] Python parser succeeded
[INFO] Phase: type-inference
[INFO] [DRIVER] Starting type inference for: /tmp/fluxus-mixed-test--f04f0d09588750b8/code.py
[INFO] Running type inference analysis
[INFO] [DRIVER] Type inference stage started
[INFO] Type inference completed successfully
[INFO] [DRIVER] Type inference completed successfully
[INFO] Phase: optimization
[INFO] [DRIVER] Starting optimization for: /tmp/fluxus-mixed-test--f04f0d09588750b8/code.py
[INFO] Running optimizations at level O2
[INFO] [DRIVER] === Pipeline completed for: /tmp/fluxus-mixed-test--f04f0d09588750b8/code.py ===
[INFO] Phase: code-generation
[INFO] [DRIVER] Main code generation stage started
[INFO] [DRIVER] Main code generation completed successfully
[INFO] Code generation completed: /tmp/fluxus-mixed-test--f04f0d09588750b8/code.cpp
[INFO] Wrote combined C++ file: /tmp/fluxus-mixed-test--f04f0d09588750b8/python.cpp
[INFO] Compiling project with 1 files
[INFO] Processing file: /tmp/fluxus-mixed-test--f04f0d09588750b8/code.go
[INFO] [DRIVER] === Starting compilation pipeline for: /tmp/fluxus-mixed-test--f04f0d09588750b8/code.go ===
[INFO] [DRIVER] Debug breakpoint: processSourceFile called with file: /tmp/fluxus-mixed-test--f04f0d09588750b8/code.go
[INFO] Phase: parsing
[INFO] [DRIVER] Parse stage started for: /tmp/fluxus-mixed-test--f04f0d09588750b8/code.go
[INFO] [DRIVER] Go lexer starting for: /tmp/fluxus-mixed-test--f04f0d09588750b8/code.go
[INFO] [DRIVER] Go lexer succeeded: 49 tokens
[INFO] [DRIVER] Go parser starting
[INFO] [DRIVER] Go parser succeeded
[INFO] Phase: type-inference
[INFO] [DRIVER] Starting type inference for: /tmp/fluxus-mixed-test--f04f0d09588750b8/code.go
[INFO] Running type inference analysis
[INFO] [DRIVER] Type inference stage started
[INFO] Type inference completed successfully
[INFO] [DRIVER] Type inference completed successfully
[INFO] Phase: optimization
[INFO] [DRIVER] Starting optimization for: /tmp/fluxus-mixed-test--f04f0d09588750b8/code.go
[INFO] Running optimizations at level O2
[INFO] [DRIVER] === Pipeline completed for: /tmp/fluxus-mixed-test--f04f0d09588750b8/code.go ===
[INFO] Phase: code-generation
[INFO] [DRIVER] Main code generation stage started
[INFO] [DRIVER] Main code generation completed successfully
[INFO] Code generation completed: /tmp/fluxus-mixed-test--f04f0d09588750b8/code.cpp
[INFO] Wrote combined C++ file: /tmp/fluxus-mixed-test--f04f0d09588750b8/go.cpp
      handles mixed Python and Go projects [✔]
[INFO] Compiling project with 3 files
[INFO] Processing file: /tmp/fluxus-import-test--d4801924841f032d/module_a.py
[INFO] [DRIVER] === Starting compilation pipeline for: /tmp/fluxus-import-test--d4801924841f032d/module_a.py ===
[INFO] [DRIVER] Debug breakpoint: processSourceFile called with file: /tmp/fluxus-import-test--d4801924841f032d/module_a.py
[INFO] Phase: parsing
[INFO] [DRIVER] Parse stage started for: /tmp/fluxus-import-test--d4801924841f032d/module_a.py
[INFO] [DRIVER] Python lexer starting for: /tmp/fluxus-import-test--d4801924841f032d/module_a.py
[INFO] [DRIVER] Python lexer succeeded: 11 tokens
[INFO] [DRIVER] Python parser starting
[INFO] [DRIVER] Python parser succeeded
[INFO] Phase: type-inference
[INFO] [DRIVER] Starting type inference for: /tmp/fluxus-import-test--d4801924841f032d/module_a.py
[INFO] Running type inference analysis
[INFO] [DRIVER] Type inference stage started
[INFO] Type inference completed successfully
[INFO] [DRIVER] Type inference completed successfully
[INFO] Phase: optimization
[INFO] [DRIVER] Starting optimization for: /tmp/fluxus-import-test--d4801924841f032d/module_a.py
[INFO] Running optimizations at level O2
[INFO] [DRIVER] === Pipeline completed for: /tmp/fluxus-import-test--d4801924841f032d/module_a.py ===
[INFO] Phase: code-generation
[INFO] [DRIVER] Main code generation stage started
[INFO] [DRIVER] Main code generation completed successfully
[INFO] Code generation completed: /tmp/fluxus-import-test--d4801924841f032d/module_a.cpp
[INFO] Processing file: /tmp/fluxus-import-test--d4801924841f032d/module_b.py
[INFO] [DRIVER] === Starting compilation pipeline for: /tmp/fluxus-import-test--d4801924841f032d/module_b.py ===
[INFO] [DRIVER] Debug breakpoint: processSourceFile called with file: /tmp/fluxus-import-test--d4801924841f032d/module_b.py
[INFO] Phase: parsing
[INFO] [DRIVER] Parse stage started for: /tmp/fluxus-import-test--d4801924841f032d/module_b.py
[INFO] [DRIVER] Python lexer starting for: /tmp/fluxus-import-test--d4801924841f032d/module_b.py
[INFO] [DRIVER] Python lexer succeeded: 21 tokens
[INFO] [DRIVER] Python parser starting
[INFO] [DRIVER] Python parser succeeded
[INFO] Phase: type-inference
[INFO] [DRIVER] Starting type inference for: /tmp/fluxus-import-test--d4801924841f032d/module_b.py
[INFO] Running type inference analysis
[INFO] [DRIVER] Type inference stage started
[INFO] Type inference completed successfully
[INFO] [DRIVER] Type inference completed successfully
[INFO] Phase: optimization
[INFO] [DRIVER] Starting optimization for: /tmp/fluxus-import-test--d4801924841f032d/module_b.py
[INFO] Running optimizations at level O2
[INFO] [DRIVER] === Pipeline completed for: /tmp/fluxus-import-test--d4801924841f032d/module_b.py ===
[INFO] Phase: code-generation
[INFO] [DRIVER] Code generation stage started
[INFO] [DRIVER] Code generation completed successfully
[INFO] Code generation completed: /tmp/fluxus-import-test--d4801924841f032d/module_b.cpp
[INFO] Processing file: /tmp/fluxus-import-test--d4801924841f032d/module_c.py
[INFO] [DRIVER] === Starting compilation pipeline for: /tmp/fluxus-import-test--d4801924841f032d/module_c.py ===
[INFO] [DRIVER] Debug breakpoint: processSourceFile called with file: /tmp/fluxus-import-test--d4801924841f032d/module_c.py
[INFO] Phase: parsing
[INFO] [DRIVER] Parse stage started for: /tmp/fluxus-import-test--d4801924841f032d/module_c.py
[INFO] [DRIVER] Python lexer starting for: /tmp/fluxus-import-test--d4801924841f032d/module_c.py
[INFO] [DRIVER] Python lexer succeeded: 39 tokens
[INFO] [DRIVER] Python parser starting
[INFO] [DRIVER] Python parser succeeded
[INFO] Phase: type-inference
[INFO] [DRIVER] Starting type inference for: /tmp/fluxus-import-test--d4801924841f032d/module_c.py
[INFO] Running type inference analysis
[INFO] [DRIVER] Type inference stage started
[INFO] Type inference completed successfully
[INFO] [DRIVER] Type inference completed successfully
[INFO] Phase: optimization
[INFO] [DRIVER] Starting optimization for: /tmp/fluxus-import-test--d4801924841f032d/module_c.py
[INFO] Running optimizations at level O2
[INFO] [DRIVER] === Pipeline completed for: /tmp/fluxus-import-test--d4801924841f032d/module_c.py ===
[INFO] Phase: code-generation
[INFO] [DRIVER] Code generation stage started
[INFO] [DRIVER] Code generation completed successfully
[INFO] Code generation completed: /tmp/fluxus-import-test--d4801924841f032d/module_c.cpp
[INFO] Wrote combined C++ file: /tmp/fluxus-import-test--d4801924841f032d/combined.cpp
      handles complex import chains [✔]
[INFO] Compiling project with 2 files
[INFO] Processing file: /tmp/fluxus-circular-test--2e1e019e44e9ec5b/module_a.py
[INFO] [DRIVER] === Starting compilation pipeline for: /tmp/fluxus-circular-test--2e1e019e44e9ec5b/module_a.py ===
[INFO] [DRIVER] Debug breakpoint: processSourceFile called with file: /tmp/fluxus-circular-test--2e1e019e44e9ec5b/module_a.py
[INFO] Phase: parsing
[INFO] [DRIVER] Parse stage started for: /tmp/fluxus-circular-test--2e1e019e44e9ec5b/module_a.py
[INFO] [DRIVER] Python lexer starting for: /tmp/fluxus-circular-test--2e1e019e44e9ec5b/module_a.py
[INFO] [DRIVER] Python lexer succeeded: 36 tokens
[INFO] [DRIVER] Python parser starting
[INFO] [DRIVER] Python parser succeeded
[INFO] Phase: type-inference
[INFO] [DRIVER] Starting type inference for: /tmp/fluxus-circular-test--2e1e019e44e9ec5b/module_a.py
[INFO] Running type inference analysis
[INFO] [DRIVER] Type inference stage started
[INFO] Type inference completed successfully
[INFO] [DRIVER] Type inference completed successfully
[INFO] Phase: optimization
[INFO] [DRIVER] Starting optimization for: /tmp/fluxus-circular-test--2e1e019e44e9ec5b/module_a.py
[INFO] Running optimizations at level O2
[INFO] [DRIVER] === Pipeline completed for: /tmp/fluxus-circular-test--2e1e019e44e9ec5b/module_a.py ===
[INFO] Phase: code-generation
[INFO] [DRIVER] Main code generation stage started
[INFO] [DRIVER] Main code generation completed successfully
[INFO] Code generation completed: /tmp/fluxus-circular-test--2e1e019e44e9ec5b/module_a.cpp
[INFO] Processing file: /tmp/fluxus-circular-test--2e1e019e44e9ec5b/module_b.py
[INFO] [DRIVER] === Starting compilation pipeline for: /tmp/fluxus-circular-test--2e1e019e44e9ec5b/module_b.py ===
[INFO] [DRIVER] Debug breakpoint: processSourceFile called with file: /tmp/fluxus-circular-test--2e1e019e44e9ec5b/module_b.py
[INFO] Phase: parsing
[INFO] [DRIVER] Parse stage started for: /tmp/fluxus-circular-test--2e1e019e44e9ec5b/module_b.py
[INFO] [DRIVER] Python lexer starting for: /tmp/fluxus-circular-test--2e1e019e44e9ec5b/module_b.py
[INFO] [DRIVER] Python lexer succeeded: 36 tokens
[INFO] [DRIVER] Python parser starting
[INFO] [DRIVER] Python parser succeeded
[INFO] Phase: type-inference
[INFO] [DRIVER] Starting type inference for: /tmp/fluxus-circular-test--2e1e019e44e9ec5b/module_b.py
[INFO] Running type inference analysis
[INFO] [DRIVER] Type inference stage started
[INFO] Type inference completed successfully
[INFO] [DRIVER] Type inference completed successfully
[INFO] Phase: optimization
[INFO] [DRIVER] Starting optimization for: /tmp/fluxus-circular-test--2e1e019e44e9ec5b/module_b.py
[INFO] Running optimizations at level O2
[INFO] [DRIVER] === Pipeline completed for: /tmp/fluxus-circular-test--2e1e019e44e9ec5b/module_b.py ===
[INFO] Phase: code-generation
[INFO] [DRIVER] Code generation stage started
[INFO] [DRIVER] Code generation completed successfully
[INFO] Code generation completed: /tmp/fluxus-circular-test--2e1e019e44e9ec5b/module_b.cpp
[INFO] Wrote combined C++ file: /tmp/fluxus-circular-test--2e1e019e44e9ec5b/combined.cpp
      handles circular dependencies with fallback [✔]
[INFO] Compiling project with 1 files
[INFO] Processing file: /tmp/fluxus-external-test--8a6cd29f7ebe5c78/external.py
[INFO] [DRIVER] === Starting compilation pipeline for: /tmp/fluxus-external-test--8a6cd29f7ebe5c78/external.py ===
[INFO] [DRIVER] Debug breakpoint: processSourceFile called with file: /tmp/fluxus-external-test--8a6cd29f7ebe5c78/external.py
[INFO] Phase: parsing
[INFO] [DRIVER] Parse stage started for: /tmp/fluxus-external-test--8a6cd29f7ebe5c78/external.py
[INFO] [DRIVER] Python lexer starting for: /tmp/fluxus-external-test--8a6cd29f7ebe5c78/external.py
[INFO] [DRIVER] Python lexer succeeded: 62 tokens
[INFO] [DRIVER] Python parser starting
[ERROR] [DRIVER] Python parser failed: ParseErrorBundle {bundleErrors = TrivialError 7 (Just (Tokens (Located {locSpan = SourceSpan {spanFilename = "<input>", spanStart = SourcePos {posLine = 4, posColumn = 1}, spanEnd = SourcePos {posLine = 4, posColumn = 4}}, locValue = TokenKeyword KwDef} :| []))) (fromList [EndOfInput]) :| [], bundlePosState = PosState {pstateInput = [Located {locSpan = SourceSpan {spanFilename = "<input>", spanStart = SourcePos {posLine = 1, posColumn = 1}, spanEnd = SourcePos {posLine = 1, posColumn = 7}}, locValue = TokenKeyword KwImport},Located {locSpan = SourceSpan {spanFilename = "<input>", spanStart = SourcePos {posLine = 1, posColumn = 8}, spanEnd = SourcePos {posLine = 1, posColumn = 12}}, locValue = TokenIdent "json"},Located {locSpan = SourceSpan {spanFilename = "<input>", spanStart = SourcePos {posLine = 1, posColumn = 1}, spanEnd = SourcePos {posLine = 2, posColumn = 1}}, locValue = TokenNewline},Located {locSpan = SourceSpan {spanFilename = "<input>", spanStart = SourcePos {posLine = 2, posColumn = 1}, spanEnd = SourcePos {posLine = 2, posColumn = 7}}, locValue = TokenKeyword KwImport},Located {locSpan = SourceSpan {spanFilename = "<input>", spanStart = SourcePos {posLine = 2, posColumn = 8}, spanEnd = SourcePos {posLine = 2, posColumn = 11}}, locValue = TokenIdent "sys"},Located {locSpan = SourceSpan {spanFilename = "<input>", spanStart = SourcePos {posLine = 2, posColumn = 1}, spanEnd = SourcePos {posLine = 4, posColumn = 1}}, locValue = TokenNewline},Located {locSpan = SourceSpan {spanFilename = "<input>", spanStart = SourcePos {posLine = 2, posColumn = 1}, spanEnd = SourcePos {posLine = 4, posColumn = 1}}, locValue = TokenNewline},Located {locSpan = SourceSpan {spanFilename = "<input>", spanStart = SourcePos {posLine = 4, posColumn = 1}, spanEnd = SourcePos {posLine = 4, posColumn = 4}}, locValue = TokenKeyword KwDef},Located {locSpan = SourceSpan {spanFilename = "<input>", spanStart = SourcePos {posLine = 4, posColumn = 5}, spanEnd = SourcePos {posLine = 4, posColumn = 9}}, locValue = TokenIdent "main"},Located {locSpan = SourceSpan {spanFilename = "<input>", spanStart = SourcePos {posLine = 4, posColumn = 9}, spanEnd = SourcePos {posLine = 4, posColumn = 10}}, locValue = TokenDelimiter DelimLeftParen},Located {locSpan = SourceSpan {spanFilename = "<input>", spanStart = SourcePos {posLine = 4, posColumn = 10}, spanEnd = SourcePos {posLine = 4, posColumn = 11}}, locValue = TokenDelimiter DelimRightParen},Located {locSpan = SourceSpan {spanFilename = "<input>", spanStart = SourcePos {posLine = 4, posColumn = 11}, spanEnd = SourcePos {posLine = 4, posColumn = 12}}, locValue = TokenDelimiter DelimColon},Located {locSpan = SourceSpan {spanFilename = "<input>", spanStart = SourcePos {posLine = 4, posColumn = 1}, spanEnd = SourcePos {posLine = 5, posColumn = 1}}, locValue = TokenNewline},Located {locSpan = SourceSpan {spanFilename = "<input>", spanStart = SourcePos {posLine = 5, posColumn = 1}, spanEnd = SourcePos {posLine = 5, posColumn = 5}}, locValue = TokenIndent 4},Located {locSpan = SourceSpan {spanFilename = "<input>", spanStart = SourcePos {posLine = 5, posColumn = 5}, spanEnd = SourcePos {posLine = 5, posColumn = 9}}, locValue = TokenIdent "data"},Located {locSpan = SourceSpan {spanFilename = "<input>", spanStart = SourcePos {posLine = 5, posColumn = 10}, spanEnd = SourcePos {posLine = 5, posColumn = 11}}, locValue = TokenOperator OpAssign},Located {locSpan = SourceSpan {spanFilename = "<input>", spanStart = SourcePos {posLine = 5, posColumn = 12}, spanEnd = SourcePos {posLine = 5, posColumn = 13}}, locValue = TokenDelimiter DelimLeftBrace},Located {locSpan = SourceSpan {spanFilename = "<input>", spanStart = SourcePos {posLine = 5, posColumn = 13}, spanEnd = SourcePos {posLine = 5, posColumn = 19}}, locValue = TokenString "name"},Located {locSpan = SourceSpan {spanFilename = "<input>", spanStart = SourcePos {posLine = 5, posColumn = 19}, spanEnd = SourcePos {posLine = 5, posColumn = 20}}, locValue = TokenDelimiter DelimColon},Located {locSpan = SourceSpan {spanFilename = "<input>", spanStart = SourcePos {posLine = 5, posColumn = 21}, spanEnd = SourcePos {posLine = 5, posColumn = 29}}, locValue = TokenString "Fluxus"},Located {locSpan = SourceSpan {spanFilename = "<input>", spanStart = SourcePos {posLine = 5, posColumn = 29}, spanEnd = SourcePos {posLine = 5, posColumn = 30}}, locValue = TokenDelimiter DelimComma},Located {locSpan = SourceSpan {spanFilename = "<input>", spanStart = SourcePos {posLine = 5, posColumn = 31}, spanEnd = SourcePos {posLine = 5, posColumn = 40}}, locValue = TokenString "version"},Located {locSpan = SourceSpan {spanFilename = "<input>", spanStart = SourcePos {posLine = 5, posColumn = 40}, spanEnd = SourcePos {posLine = 5, posColumn = 41}}, locValue = TokenDelimiter DelimColon},Located {locSpan = SourceSpan {spanFilename = "<input>", spanStart = SourcePos {posLine = 5, posColumn = 42}, spanEnd = SourcePos {posLine = 5, posColumn = 47}}, locValue = TokenString "1.0"},Located {locSpan = SourceSpan {spanFilename = "<input>", spanStart = SourcePos {posLine = 5, posColumn = 47}, spanEnd = SourcePos {posLine = 5, posColumn = 48}}, locValue = TokenDelimiter DelimRightBrace},Located {locSpan = SourceSpan {spanFilename = "<input>", spanStart = SourcePos {posLine = 5, posColumn = 1}, spanEnd = SourcePos {posLine = 6, posColumn = 1}}, locValue = TokenNewline},Located {locSpan = SourceSpan {spanFilename = "<input>", spanStart = SourcePos {posLine = 6, posColumn = 5}, spanEnd = SourcePos {posLine = 6, posColumn = 13}}, locValue = TokenIdent "json_str"},Located {locSpan = SourceSpan {spanFilename = "<input>", spanStart = SourcePos {posLine = 6, posColumn = 14}, spanEnd = SourcePos {posLine = 6, posColumn = 15}}, locValue = TokenOperator OpAssign},Located {locSpan = SourceSpan {spanFilename = "<input>", spanStart = SourcePos {posLine = 6, posColumn = 16}, spanEnd = SourcePos {posLine = 6, posColumn = 20}}, locValue = TokenIdent "json"},Located {locSpan = SourceSpan {spanFilename = "<input>", spanStart = SourcePos {posLine = 6, posColumn = 20}, spanEnd = SourcePos {posLine = 6, posColumn = 21}}, locValue = TokenDelimiter DelimDot},Located {locSpan = SourceSpan {spanFilename = "<input>", spanStart = SourcePos {posLine = 6, posColumn = 21}, spanEnd = SourcePos {posLine = 6, posColumn = 26}}, locValue = TokenIdent "dumps"},Located {locSpan = SourceSpan {spanFilename = "<input>", spanStart = SourcePos {posLine = 6, posColumn = 26}, spanEnd = SourcePos {posLine = 6, posColumn = 27}}, locValue = TokenDelimiter DelimLeftParen},Located {locSpan = SourceSpan {spanFilename = "<input>", spanStart = SourcePos {posLine = 6, posColumn = 27}, spanEnd = SourcePos {posLine = 6, posColumn = 31}}, locValue = TokenIdent "data"},Located {locSpan = SourceSpan {spanFilename = "<input>", spanStart = SourcePos {posLine = 6, posColumn = 31}, spanEnd = SourcePos {posLine = 6, posColumn = 32}}, locValue = TokenDelimiter DelimRightParen},Located {locSpan = SourceSpan {spanFilename = "<input>", spanStart = SourcePos {posLine = 6, posColumn = 1}, spanEnd = SourcePos {posLine = 7, posColumn = 1}}, locValue = TokenNewline},Located {locSpan = SourceSpan {spanFilename = "<input>", spanStart = SourcePos {posLine = 7, posColumn = 5}, spanEnd = SourcePos {posLine = 7, posColumn = 10}}, locValue = TokenIdent "print"},Located {locSpan = SourceSpan {spanFilename = "<input>", spanStart = SourcePos {posLine = 7, posColumn = 10}, spanEnd = SourcePos {posLine = 7, posColumn = 11}}, locValue = TokenDelimiter DelimLeftParen},Located {locSpan = SourceSpan {spanFilename = "<input>", spanStart = SourcePos {posLine = 7, posColumn = 11}, spanEnd = SourcePos {posLine = 7, posColumn = 19}}, locValue = TokenIdent "json_str"},Located {locSpan = SourceSpan {spanFilename = "<input>", spanStart = SourcePos {posLine = 7, posColumn = 19}, spanEnd = SourcePos {posLine = 7, posColumn = 20}}, locValue = TokenDelimiter DelimRightParen},Located {locSpan = SourceSpan {spanFilename = "<input>", spanStart = SourcePos {posLine = 7, posColumn = 1}, spanEnd = SourcePos {posLine = 8, posColumn = 1}}, locValue = TokenNewline},Located {locSpan = SourceSpan {spanFilename = "<input>", spanStart = SourcePos {posLine = 8, posColumn = 5}, spanEnd = SourcePos {posLine = 8, posColumn = 11}}, locValue = TokenKeyword KwReturn},Located {locSpan = SourceSpan {spanFilename = "<input>", spanStart = SourcePos {posLine = 8, posColumn = 12}, spanEnd = SourcePos {posLine = 8, posColumn = 13}}, locValue = TokenNumber "0" False},Located {locSpan = SourceSpan {spanFilename = "<input>", spanStart = SourcePos {posLine = 8, posColumn = 1}, spanEnd = SourcePos {posLine = 10, posColumn = 1}}, locValue = TokenNewline},Located {locSpan = SourceSpan {spanFilename = "<input>", spanStart = SourcePos {posLine = 8, posColumn = 1}, spanEnd = SourcePos {posLine = 10, posColumn = 1}}, locValue = TokenNewline},Located {locSpan = SourceSpan {spanFilename = "<input>", spanStart = SourcePos {posLine = 10, posColumn = 1}, spanEnd = SourcePos {posLine = 10, posColumn = 1}}, locValue = TokenDedent 4},Located {locSpan = SourceSpan {spanFilename = "<input>", spanStart = SourcePos {posLine = 10, posColumn = 1}, spanEnd = SourcePos {posLine = 10, posColumn = 3}}, locValue = TokenKeyword KwIf},Located {locSpan = SourceSpan {spanFilename = "<input>", spanStart = SourcePos {posLine = 10, posColumn = 4}, spanEnd = SourcePos {posLine = 10, posColumn = 12}}, locValue = TokenIdent "__name__"},Located {locSpan = SourceSpan {spanFilename = "<input>", spanStart = SourcePos {posLine = 10, posColumn = 13}, spanEnd = SourcePos {posLine = 10, posColumn = 15}}, locValue = TokenOperator OpEq},Located {locSpan = SourceSpan {spanFilename = "<input>", spanStart = SourcePos {posLine = 10, posColumn = 16}, spanEnd = SourcePos {posLine = 10, posColumn = 26}}, locValue = TokenString "__main__"},Located {locSpan = SourceSpan {spanFilename = "<input>", spanStart = SourcePos {posLine = 10, posColumn = 26}, spanEnd = SourcePos {posLine = 10, posColumn = 27}}, locValue = TokenDelimiter DelimColon},Located {locSpan = SourceSpan {spanFilename = "<input>", spanStart = SourcePos {posLine = 10, posColumn = 1}, spanEnd = SourcePos {posLine = 11, posColumn = 1}}, locValue = TokenNewline},Located {locSpan = SourceSpan {spanFilename = "<input>", spanStart = SourcePos {posLine = 11, posColumn = 1}, spanEnd = SourcePos {posLine = 11, posColumn = 5}}, locValue = TokenIndent 4},Located {locSpan = SourceSpan {spanFilename = "<input>", spanStart = SourcePos {posLine = 11, posColumn = 5}, spanEnd = SourcePos {posLine = 11, posColumn = 8}}, locValue = TokenIdent "sys"},Located {locSpan = SourceSpan {spanFilename = "<input>", spanStart = SourcePos {posLine = 11, posColumn = 8}, spanEnd = SourcePos {posLine = 11, posColumn = 9}}, locValue = TokenDelimiter DelimDot},Located {locSpan = SourceSpan {spanFilename = "<input>", spanStart = SourcePos {posLine = 11, posColumn = 9}, spanEnd = SourcePos {posLine = 11, posColumn = 13}}, locValue = TokenIdent "exit"},Located {locSpan = SourceSpan {spanFilename = "<input>", spanStart = SourcePos {posLine = 11, posColumn = 13}, spanEnd = SourcePos {posLine = 11, posColumn = 14}}, locValue = TokenDelimiter DelimLeftParen},Located {locSpan = SourceSpan {spanFilename = "<input>", spanStart = SourcePos {posLine = 11, posColumn = 14}, spanEnd = SourcePos {posLine = 11, posColumn = 18}}, locValue = TokenIdent "main"},Located {locSpan = SourceSpan {spanFilename = "<input>", spanStart = SourcePos {posLine = 11, posColumn = 18}, spanEnd = SourcePos {posLine = 11, posColumn = 19}}, locValue = TokenDelimiter DelimLeftParen},Located {locSpan = SourceSpan {spanFilename = "<input>", spanStart = SourcePos {posLine = 11, posColumn = 19}, spanEnd = SourcePos {posLine = 11, posColumn = 20}}, locValue = TokenDelimiter DelimRightParen},Located {locSpan = SourceSpan {spanFilename = "<input>", spanStart = SourcePos {posLine = 11, posColumn = 20}, spanEnd = SourcePos {posLine = 11, posColumn = 21}}, locValue = TokenDelimiter DelimRightParen},Located {locSpan = SourceSpan {spanFilename = "<input>", spanStart = SourcePos {posLine = 11, posColumn = 1}, spanEnd = SourcePos {posLine = 12, posColumn = 1}}, locValue = TokenNewline},Located {locSpan = SourceSpan {spanFilename = "<input>", spanStart = SourcePos {posLine = 0, posColumn = 0}, spanEnd = SourcePos {posLine = 0, posColumn = 0}}, locValue = TokenDedent 0}], pstateOffset = 0, pstateSourcePos = SourcePos {sourceName = "/tmp/fluxus-external-test--8a6cd29f7ebe5c78/external.py", sourceLine = Pos 1, sourceColumn = Pos 1}, pstateTabWidth = Pos 8, pstateLinePrefix = ""}}
      integrates with external libraries [✘]
[INFO] Compiling project with 3 files
[INFO] Processing file: /tmp/fluxus-large-integration-test--624ee6de8a1054a6/utils.py
[INFO] [DRIVER] === Starting compilation pipeline for: /tmp/fluxus-large-integration-test--624ee6de8a1054a6/utils.py ===
[INFO] [DRIVER] Debug breakpoint: processSourceFile called with file: /tmp/fluxus-large-integration-test--624ee6de8a1054a6/utils.py
[INFO] Phase: parsing
[INFO] [DRIVER] Parse stage started for: /tmp/fluxus-large-integration-test--624ee6de8a1054a6/utils.py
[INFO] [DRIVER] Python lexer starting for: /tmp/fluxus-large-integration-test--624ee6de8a1054a6/utils.py
[INFO] [DRIVER] Python lexer succeeded: 38 tokens
[INFO] [DRIVER] Python parser starting
[INFO] [DRIVER] Python parser succeeded
[INFO] Phase: type-inference
[INFO] [DRIVER] Starting type inference for: /tmp/fluxus-large-integration-test--624ee6de8a1054a6/utils.py
[INFO] Running type inference analysis
[INFO] [DRIVER] Type inference stage started
[INFO] Type inference completed successfully
[INFO] [DRIVER] Type inference completed successfully
[INFO] Phase: optimization
[INFO] [DRIVER] Starting optimization for: /tmp/fluxus-large-integration-test--624ee6de8a1054a6/utils.py
[INFO] Running optimizations at level O2
[INFO] [DRIVER] === Pipeline completed for: /tmp/fluxus-large-integration-test--624ee6de8a1054a6/utils.py ===
[INFO] Phase: code-generation
[INFO] [DRIVER] Main code generation stage started
[INFO] [DRIVER] Main code generation completed successfully
[INFO] Code generation completed: /tmp/fluxus-large-integration-test--624ee6de8a1054a6/utils.cpp
[INFO] Processing file: /tmp/fluxus-large-integration-test--624ee6de8a1054a6/calculator.py
[INFO] [DRIVER] === Starting compilation pipeline for: /tmp/fluxus-large-integration-test--624ee6de8a1054a6/calculator.py ===
[INFO] [DRIVER] Debug breakpoint: processSourceFile called with file: /tmp/fluxus-large-integration-test--624ee6de8a1054a6/calculator.py
[INFO] Phase: parsing
[INFO] [DRIVER] Parse stage started for: /tmp/fluxus-large-integration-test--624ee6de8a1054a6/calculator.py
[INFO] [DRIVER] Python lexer starting for: /tmp/fluxus-large-integration-test--624ee6de8a1054a6/calculator.py
[INFO] [DRIVER] Python lexer succeeded: 113 tokens
[INFO] [DRIVER] Python parser starting
[ERROR] [DRIVER] Python parser failed: ParseErrorBundle {bundleErrors = TrivialError 4 (Just (Tokens (Located {locSpan = SourceSpan {spanFilename = "<input>", spanStart = SourcePos {posLine = 3, posColumn = 1}, spanEnd = SourcePos {posLine = 3, posColumn = 6}}, locValue = TokenKeyword KwClass} :| []))) (fromList [EndOfInput]) :| [], bundlePosState = PosState {pstateInput = [Located {locSpan = SourceSpan {spanFilename = "<input>", spanStart = SourcePos {posLine = 1, posColumn = 1}, spanEnd = SourcePos {posLine = 1, posColumn = 7}}, locValue = TokenKeyword KwImport},Located {locSpan = SourceSpan {spanFilename = "<input>", spanStart = SourcePos {posLine = 1, posColumn = 8}, spanEnd = SourcePos {posLine = 1, posColumn = 13}}, locValue = TokenIdent "utils"},Located {locSpan = SourceSpan {spanFilename = "<input>", spanStart = SourcePos {posLine = 1, posColumn = 1}, spanEnd = SourcePos {posLine = 3, posColumn = 1}}, locValue = TokenNewline},Located {locSpan = SourceSpan {spanFilename = "<input>", spanStart = SourcePos {posLine = 1, posColumn = 1}, spanEnd = SourcePos {posLine = 3, posColumn = 1}}, locValue = TokenNewline},Located {locSpan = SourceSpan {spanFilename = "<input>", spanStart = SourcePos {posLine = 3, posColumn = 1}, spanEnd = SourcePos {posLine = 3, posColumn = 6}}, locValue = TokenKeyword KwClass},Located {locSpan = SourceSpan {spanFilename = "<input>", spanStart = SourcePos {posLine = 3, posColumn = 7}, spanEnd = SourcePos {posLine = 3, posColumn = 17}}, locValue = TokenIdent "Calculator"},Located {locSpan = SourceSpan {spanFilename = "<input>", spanStart = SourcePos {posLine = 3, posColumn = 17}, spanEnd = SourcePos {posLine = 3, posColumn = 18}}, locValue = TokenDelimiter DelimColon},Located {locSpan = SourceSpan {spanFilename = "<input>", spanStart = SourcePos {posLine = 3, posColumn = 1}, spanEnd = SourcePos {posLine = 4, posColumn = 1}}, locValue = TokenNewline},Located {locSpan = SourceSpan {spanFilename = "<input>", spanStart = SourcePos {posLine = 4, posColumn = 1}, spanEnd = SourcePos {posLine = 4, posColumn = 5}}, locValue = TokenIndent 4},Located {locSpan = SourceSpan {spanFilename = "<input>", spanStart = SourcePos {posLine = 4, posColumn = 5}, spanEnd = SourcePos {posLine = 4, posColumn = 8}}, locValue = TokenKeyword KwDef},Located {locSpan = SourceSpan {spanFilename = "<input>", spanStart = SourcePos {posLine = 4, posColumn = 9}, spanEnd = SourcePos {posLine = 4, posColumn = 17}}, locValue = TokenIdent "__init__"},Located {locSpan = SourceSpan {spanFilename = "<input>", spanStart = SourcePos {posLine = 4, posColumn = 17}, spanEnd = SourcePos {posLine = 4, posColumn = 18}}, locValue = TokenDelimiter DelimLeftParen},Located {locSpan = SourceSpan {spanFilename = "<input>", spanStart = SourcePos {posLine = 4, posColumn = 18}, spanEnd = SourcePos {posLine = 4, posColumn = 22}}, locValue = TokenIdent "self"},Located {locSpan = SourceSpan {spanFilename = "<input>", spanStart = SourcePos {posLine = 4, posColumn = 22}, spanEnd = SourcePos {posLine = 4, posColumn = 23}}, locValue = TokenDelimiter DelimRightParen},Located {locSpan = SourceSpan {spanFilename = "<input>", spanStart = SourcePos {posLine = 4, posColumn = 23}, spanEnd = SourcePos {posLine = 4, posColumn = 24}}, locValue = TokenDelimiter DelimColon},Located {locSpan = SourceSpan {spanFilename = "<input>", spanStart = SourcePos {posLine = 4, posColumn = 1}, spanEnd = SourcePos {posLine = 5, posColumn = 1}}, locValue = TokenNewline},Located {locSpan = SourceSpan {spanFilename = "<input>", spanStart = SourcePos {posLine = 5, posColumn = 1}, spanEnd = SourcePos {posLine = 5, posColumn = 9}}, locValue = TokenIndent 8},Located {locSpan = SourceSpan {spanFilename = "<input>", spanStart = SourcePos {posLine = 5, posColumn = 9}, spanEnd = SourcePos {posLine = 5, posColumn = 13}}, locValue = TokenIdent "self"},Located {locSpan = SourceSpan {spanFilename = "<input>", spanStart = SourcePos {posLine = 5, posColumn = 13}, spanEnd = SourcePos {posLine = 5, posColumn = 14}}, locValue = TokenDelimiter DelimDot},Located {locSpan = SourceSpan {spanFilename = "<input>", spanStart = SourcePos {posLine = 5, posColumn = 14}, spanEnd = SourcePos {posLine = 5, posColumn = 20}}, locValue = TokenIdent "result"},Located {locSpan = SourceSpan {spanFilename = "<input>", spanStart = SourcePos {posLine = 5, posColumn = 21}, spanEnd = SourcePos {posLine = 5, posColumn = 22}}, locValue = TokenOperator OpAssign},Located {locSpan = SourceSpan {spanFilename = "<input>", spanStart = SourcePos {posLine = 5, posColumn = 23}, spanEnd = SourcePos {posLine = 5, posColumn = 24}}, locValue = TokenNumber "0" False},Located {locSpan = SourceSpan {spanFilename = "<input>", spanStart = SourcePos {posLine = 5, posColumn = 1}, spanEnd = SourcePos {posLine = 6, posColumn = 1}}, locValue = TokenNewline},Located {locSpan = SourceSpan {spanFilename = "<input>", spanStart = SourcePos {posLine = 6, posColumn = 1}, spanEnd = SourcePos {posLine = 6, posColumn = 5}}, locValue = TokenDedent 8},Located {locSpan = SourceSpan {spanFilename = "<input>", spanStart = SourcePos {posLine = 6, posColumn = 1}, spanEnd = SourcePos {posLine = 7, posColumn = 1}}, locValue = TokenNewline},Located {locSpan = SourceSpan {spanFilename = "<input>", spanStart = SourcePos {posLine = 7, posColumn = 5}, spanEnd = SourcePos {posLine = 7, posColumn = 8}}, locValue = TokenKeyword KwDef},Located {locSpan = SourceSpan {spanFilename = "<input>", spanStart = SourcePos {posLine = 7, posColumn = 9}, spanEnd = SourcePos {posLine = 7, posColumn = 12}}, locValue = TokenIdent "add"},Located {locSpan = SourceSpan {spanFilename = "<input>", spanStart = SourcePos {posLine = 7, posColumn = 12}, spanEnd = SourcePos {posLine = 7, posColumn = 13}}, locValue = TokenDelimiter DelimLeftParen},Located {locSpan = SourceSpan {spanFilename = "<input>", spanStart = SourcePos {posLine = 7, posColumn = 13}, spanEnd = SourcePos {posLine = 7, posColumn = 17}}, locValue = TokenIdent "self"},Located {locSpan = SourceSpan {spanFilename = "<input>", spanStart = SourcePos {posLine = 7, posColumn = 17}, spanEnd = SourcePos {posLine = 7, posColumn = 18}}, locValue = TokenDelimiter DelimComma},Located {locSpan = SourceSpan {spanFilename = "<input>", spanStart = SourcePos {posLine = 7, posColumn = 19}, spanEnd = SourcePos {posLine = 7, posColumn = 20}}, locValue = TokenIdent "x"},Located {locSpan = SourceSpan {spanFilename = "<input>", spanStart = SourcePos {posLine = 7, posColumn = 20}, spanEnd = SourcePos {posLine = 7, posColumn = 21}}, locValue = TokenDelimiter DelimRightParen},Located {locSpan = SourceSpan {spanFilename = "<input>", spanStart = SourcePos {posLine = 7, posColumn = 21}, spanEnd = SourcePos {posLine = 7, posColumn = 22}}, locValue = TokenDelimiter DelimColon},Located {locSpan = SourceSpan {spanFilename = "<input>", spanStart = SourcePos {posLine = 7, posColumn = 1}, spanEnd = SourcePos {posLine = 8, posColumn = 1}}, locValue = TokenNewline},Located {locSpan = SourceSpan {spanFilename = "<input>", spanStart = SourcePos {posLine = 8, posColumn = 1}, spanEnd = SourcePos {posLine = 8, posColumn = 9}}, locValue = TokenIndent 8},Located {locSpan = SourceSpan {spanFilename = "<input>", spanStart = SourcePos {posLine = 8, posColumn = 9}, spanEnd = SourcePos {posLine = 8, posColumn = 11}}, locValue = TokenKeyword KwIf},Located {locSpan = SourceSpan {spanFilename = "<input>", spanStart = SourcePos {posLine = 8, posColumn = 12}, spanEnd = SourcePos {posLine = 8, posColumn = 17}}, locValue = TokenIdent "utils"},Located {locSpan = SourceSpan {spanFilename = "<input>", spanStart = SourcePos {posLine = 8, posColumn = 17}, spanEnd = SourcePos {posLine = 8, posColumn = 18}}, locValue = TokenDelimiter DelimDot},Located {locSpan = SourceSpan {spanFilename = "<input>", spanStart = SourcePos {posLine = 8, posColumn = 18}, spanEnd = SourcePos {posLine = 8, posColumn = 32}}, locValue = TokenIdent "validate_input"},Located {locSpan = SourceSpan {spanFilename = "<input>", spanStart = SourcePos {posLine = 8, posColumn = 32}, spanEnd = SourcePos {posLine = 8, posColumn = 33}}, locValue = TokenDelimiter DelimLeftParen},Located {locSpan = SourceSpan {spanFilename = "<input>", spanStart = SourcePos {posLine = 8, posColumn = 33}, spanEnd = SourcePos {posLine = 8, posColumn = 34}}, locValue = TokenIdent "x"},Located {locSpan = SourceSpan {spanFilename = "<input>", spanStart = SourcePos {posLine = 8, posColumn = 34}, spanEnd = SourcePos {posLine = 8, posColumn = 35}}, locValue = TokenDelimiter DelimRightParen},Located {locSpan = SourceSpan {spanFilename = "<input>", spanStart = SourcePos {posLine = 8, posColumn = 35}, spanEnd = SourcePos {posLine = 8, posColumn = 36}}, locValue = TokenDelimiter DelimColon},Located {locSpan = SourceSpan {spanFilename = "<input>", spanStart = SourcePos {posLine = 8, posColumn = 1}, spanEnd = SourcePos {posLine = 9, posColumn = 1}}, locValue = TokenNewline},Located {locSpan = SourceSpan {spanFilename = "<input>", spanStart = SourcePos {posLine = 9, posColumn = 1}, spanEnd = SourcePos {posLine = 9, posColumn = 13}}, locValue = TokenIndent 12},Located {locSpan = SourceSpan {spanFilename = "<input>", spanStart = SourcePos {posLine = 9, posColumn = 13}, spanEnd = SourcePos {posLine = 9, posColumn = 17}}, locValue = TokenIdent "self"},Located {locSpan = SourceSpan {spanFilename = "<input>", spanStart = SourcePos {posLine = 9, posColumn = 17}, spanEnd = SourcePos {posLine = 9, posColumn = 18}}, locValue = TokenDelimiter DelimDot},Located {locSpan = SourceSpan {spanFilename = "<input>", spanStart = SourcePos {posLine = 9, posColumn = 18}, spanEnd = SourcePos {posLine = 9, posColumn = 24}}, locValue = TokenIdent "result"},Located {locSpan = SourceSpan {spanFilename = "<input>", spanStart = SourcePos {posLine = 9, posColumn = 25}, spanEnd = SourcePos {posLine = 9, posColumn = 27}}, locValue = TokenOperator OpPlusAssign},Located {locSpan = SourceSpan {spanFilename = "<input>", spanStart = SourcePos {posLine = 9, posColumn = 28}, spanEnd = SourcePos {posLine = 9, posColumn = 29}}, locValue = TokenIdent "x"},Located {locSpan = SourceSpan {spanFilename = "<input>", spanStart = SourcePos {posLine = 9, posColumn = 1}, spanEnd = SourcePos {posLine = 10, posColumn = 1}}, locValue = TokenNewline},Located {locSpan = SourceSpan {spanFilename = "<input>", spanStart = SourcePos {posLine = 10, posColumn = 1}, spanEnd = SourcePos {posLine = 10, posColumn = 9}}, locValue = TokenDedent 12},Located {locSpan = SourceSpan {spanFilename = "<input>", spanStart = SourcePos {posLine = 10, posColumn = 9}, spanEnd = SourcePos {posLine = 10, posColumn = 15}}, locValue = TokenKeyword KwReturn},Located {locSpan = SourceSpan {spanFilename = "<input>", spanStart = SourcePos {posLine = 10, posColumn = 16}, spanEnd = SourcePos {posLine = 10, posColumn = 20}}, locValue = TokenIdent "self"},Located {locSpan = SourceSpan {spanFilename = "<input>", spanStart = SourcePos {posLine = 10, posColumn = 20}, spanEnd = SourcePos {posLine = 10, posColumn = 21}}, locValue = TokenDelimiter DelimDot},Located {locSpan = SourceSpan {spanFilename = "<input>", spanStart = SourcePos {posLine = 10, posColumn = 21}, spanEnd = SourcePos {posLine = 10, posColumn = 27}}, locValue = TokenIdent "result"},Located {locSpan = SourceSpan {spanFilename = "<input>", spanStart = SourcePos {posLine = 10, posColumn = 1}, spanEnd = SourcePos {posLine = 11, posColumn = 1}}, locValue = TokenNewline},Located {locSpan = SourceSpan {spanFilename = "<input>", spanStart = SourcePos {posLine = 11, posColumn = 1}, spanEnd = SourcePos {posLine = 11, posColumn = 5}}, locValue = TokenDedent 8},Located {locSpan = SourceSpan {spanFilename = "<input>", spanStart = SourcePos {posLine = 11, posColumn = 1}, spanEnd = SourcePos {posLine = 12, posColumn = 1}}, locValue = TokenNewline},Located {locSpan = SourceSpan {spanFilename = "<input>", spanStart = SourcePos {posLine = 12, posColumn = 5}, spanEnd = SourcePos {posLine = 12, posColumn = 8}}, locValue = TokenKeyword KwDef},Located {locSpan = SourceSpan {spanFilename = "<input>", spanStart = SourcePos {posLine = 12, posColumn = 9}, spanEnd = SourcePos {posLine = 12, posColumn = 17}}, locValue = TokenIdent "multiply"},Located {locSpan = SourceSpan {spanFilename = "<input>", spanStart = SourcePos {posLine = 12, posColumn = 17}, spanEnd = SourcePos {posLine = 12, posColumn = 18}}, locValue = TokenDelimiter DelimLeftParen},Located {locSpan = SourceSpan {spanFilename = "<input>", spanStart = SourcePos {posLine = 12, posColumn = 18}, spanEnd = SourcePos {posLine = 12, posColumn = 22}}, locValue = TokenIdent "self"},Located {locSpan = SourceSpan {spanFilename = "<input>", spanStart = SourcePos {posLine = 12, posColumn = 22}, spanEnd = SourcePos {posLine = 12, posColumn = 23}}, locValue = TokenDelimiter DelimComma},Located {locSpan = SourceSpan {spanFilename = "<input>", spanStart = SourcePos {posLine = 12, posColumn = 24}, spanEnd = SourcePos {posLine = 12, posColumn = 25}}, locValue = TokenIdent "x"},Located {locSpan = SourceSpan {spanFilename = "<input>", spanStart = SourcePos {posLine = 12, posColumn = 25}, spanEnd = SourcePos {posLine = 12, posColumn = 26}}, locValue = TokenDelimiter DelimRightParen},Located {locSpan = SourceSpan {spanFilename = "<input>", spanStart = SourcePos {posLine = 12, posColumn = 26}, spanEnd = SourcePos {posLine = 12, posColumn = 27}}, locValue = TokenDelimiter DelimColon},Located {locSpan = SourceSpan {spanFilename = "<input>", spanStart = SourcePos {posLine = 12, posColumn = 1}, spanEnd = SourcePos {posLine = 13, posColumn = 1}}, locValue = TokenNewline},Located {locSpan = SourceSpan {spanFilename = "<input>", spanStart = SourcePos {posLine = 13, posColumn = 1}, spanEnd = SourcePos {posLine = 13, posColumn = 9}}, locValue = TokenIndent 8},Located {locSpan = SourceSpan {spanFilename = "<input>", spanStart = SourcePos {posLine = 13, posColumn = 9}, spanEnd = SourcePos {posLine = 13, posColumn = 11}}, locValue = TokenKeyword KwIf},Located {locSpan = SourceSpan {spanFilename = "<input>", spanStart = SourcePos {posLine = 13, posColumn = 12}, spanEnd = SourcePos {posLine = 13, posColumn = 17}}, locValue = TokenIdent "utils"},Located {locSpan = SourceSpan {spanFilename = "<input>", spanStart = SourcePos {posLine = 13, posColumn = 17}, spanEnd = SourcePos {posLine = 13, posColumn = 18}}, locValue = TokenDelimiter DelimDot},Located {locSpan = SourceSpan {spanFilename = "<input>", spanStart = SourcePos {posLine = 13, posColumn = 18}, spanEnd = SourcePos {posLine = 13, posColumn = 32}}, locValue = TokenIdent "validate_input"},Located {locSpan = SourceSpan {spanFilename = "<input>", spanStart = SourcePos {posLine = 13, posColumn = 32}, spanEnd = SourcePos {posLine = 13, posColumn = 33}}, locValue = TokenDelimiter DelimLeftParen},Located {locSpan = SourceSpan {spanFilename = "<input>", spanStart = SourcePos {posLine = 13, posColumn = 33}, spanEnd = SourcePos {posLine = 13, posColumn = 34}}, locValue = TokenIdent "x"},Located {locSpan = SourceSpan {spanFilename = "<input>", spanStart = SourcePos {posLine = 13, posColumn = 34}, spanEnd = SourcePos {posLine = 13, posColumn = 35}}, locValue = TokenDelimiter DelimRightParen},Located {locSpan = SourceSpan {spanFilename = "<input>", spanStart = SourcePos {posLine = 13, posColumn = 35}, spanEnd = SourcePos {posLine = 13, posColumn = 36}}, locValue = TokenDelimiter DelimColon},Located {locSpan = SourceSpan {spanFilename = "<input>", spanStart = SourcePos {posLine = 13, posColumn = 1}, spanEnd = SourcePos {posLine = 14, posColumn = 1}}, locValue = TokenNewline},Located {locSpan = SourceSpan {spanFilename = "<input>", spanStart = SourcePos {posLine = 14, posColumn = 1}, spanEnd = SourcePos {posLine = 14, posColumn = 13}}, locValue = TokenIndent 12},Located {locSpan = SourceSpan {spanFilename = "<input>", spanStart = SourcePos {posLine = 14, posColumn = 13}, spanEnd = SourcePos {posLine = 14, posColumn = 17}}, locValue = TokenIdent "self"},Located {locSpan = SourceSpan {spanFilename = "<input>", spanStart = SourcePos {posLine = 14, posColumn = 17}, spanEnd = SourcePos {posLine = 14, posColumn = 18}}, locValue = TokenDelimiter DelimDot},Located {locSpan = SourceSpan {spanFilename = "<input>", spanStart = SourcePos {posLine = 14, posColumn = 18}, spanEnd = SourcePos {posLine = 14, posColumn = 24}}, locValue = TokenIdent "result"},Located {locSpan = SourceSpan {spanFilename = "<input>", spanStart = SourcePos {posLine = 14, posColumn = 25}, spanEnd = SourcePos {posLine = 14, posColumn = 27}}, locValue = TokenOperator OpMultAssign},Located {locSpan = SourceSpan {spanFilename = "<input>", spanStart = SourcePos {posLine = 14, posColumn = 28}, spanEnd = SourcePos {posLine = 14, posColumn = 29}}, locValue = TokenIdent "x"},Located {locSpan = SourceSpan {spanFilename = "<input>", spanStart = SourcePos {posLine = 14, posColumn = 1}, spanEnd = SourcePos {posLine = 15, posColumn = 1}}, locValue = TokenNewline},Located {locSpan = SourceSpan {spanFilename = "<input>", spanStart = SourcePos {posLine = 15, posColumn = 1}, spanEnd = SourcePos {posLine = 15, posColumn = 9}}, locValue = TokenDedent 12},Located {locSpan = SourceSpan {spanFilename = "<input>", spanStart = SourcePos {posLine = 15, posColumn = 9}, spanEnd = SourcePos {posLine = 15, posColumn = 15}}, locValue = TokenKeyword KwReturn},Located {locSpan = SourceSpan {spanFilename = "<input>", spanStart = SourcePos {posLine = 15, posColumn = 16}, spanEnd = SourcePos {posLine = 15, posColumn = 20}}, locValue = TokenIdent "self"},Located {locSpan = SourceSpan {spanFilename = "<input>", spanStart = SourcePos {posLine = 15, posColumn = 20}, spanEnd = SourcePos {posLine = 15, posColumn = 21}}, locValue = TokenDelimiter DelimDot},Located {locSpan = SourceSpan {spanFilename = "<input>", spanStart = SourcePos {posLine = 15, posColumn = 21}, spanEnd = SourcePos {posLine = 15, posColumn = 27}}, locValue = TokenIdent "result"},Located {locSpan = SourceSpan {spanFilename = "<input>", spanStart = SourcePos {posLine = 15, posColumn = 1}, spanEnd = SourcePos {posLine = 16, posColumn = 1}}, locValue = TokenNewline},Located {locSpan = SourceSpan {spanFilename = "<input>", spanStart = SourcePos {posLine = 16, posColumn = 1}, spanEnd = SourcePos {posLine = 16, posColumn = 5}}, locValue = TokenDedent 8},Located {locSpan = SourceSpan {spanFilename = "<input>", spanStart = SourcePos {posLine = 16, posColumn = 1}, spanEnd = SourcePos {posLine = 17, posColumn = 1}}, locValue = TokenNewline},Located {locSpan = SourceSpan {spanFilename = "<input>", spanStart = SourcePos {posLine = 17, posColumn = 5}, spanEnd = SourcePos {posLine = 17, posColumn = 8}}, locValue = TokenKeyword KwDef},Located {locSpan = SourceSpan {spanFilename = "<input>", spanStart = SourcePos {posLine = 17, posColumn = 9}, spanEnd = SourcePos {posLine = 17, posColumn = 19}}, locValue = TokenIdent "get_result"},Located {locSpan = SourceSpan {spanFilename = "<input>", spanStart = SourcePos {posLine = 17, posColumn = 19}, spanEnd = SourcePos {posLine = 17, posColumn = 20}}, locValue = TokenDelimiter DelimLeftParen},Located {locSpan = SourceSpan {spanFilename = "<input>", spanStart = SourcePos {posLine = 17, posColumn = 20}, spanEnd = SourcePos {posLine = 17, posColumn = 24}}, locValue = TokenIdent "self"},Located {locSpan = SourceSpan {spanFilename = "<input>", spanStart = SourcePos {posLine = 17, posColumn = 24}, spanEnd = SourcePos {posLine = 17, posColumn = 25}}, locValue = TokenDelimiter DelimRightParen},Located {locSpan = SourceSpan {spanFilename = "<input>", spanStart = SourcePos {posLine = 17, posColumn = 25}, spanEnd = SourcePos {posLine = 17, posColumn = 26}}, locValue = TokenDelimiter DelimColon},Located {locSpan = SourceSpan {spanFilename = "<input>", spanStart = SourcePos {posLine = 17, posColumn = 1}, spanEnd = SourcePos {posLine = 18, posColumn = 1}}, locValue = TokenNewline},Located {locSpan = SourceSpan {spanFilename = "<input>", spanStart = SourcePos {posLine = 18, posColumn = 1}, spanEnd = SourcePos {posLine = 18, posColumn = 9}}, locValue = TokenIndent 8},Located {locSpan = SourceSpan {spanFilename = "<input>", spanStart = SourcePos {posLine = 18, posColumn = 9}, spanEnd = SourcePos {posLine = 18, posColumn = 15}}, locValue = TokenKeyword KwReturn},Located {locSpan = SourceSpan {spanFilename = "<input>", spanStart = SourcePos {posLine = 18, posColumn = 16}, spanEnd = SourcePos {posLine = 18, posColumn = 21}}, locValue = TokenIdent "utils"},Located {locSpan = SourceSpan {spanFilename = "<input>", spanStart = SourcePos {posLine = 18, posColumn = 21}, spanEnd = SourcePos {posLine = 18, posColumn = 22}}, locValue = TokenDelimiter DelimDot},Located {locSpan = SourceSpan {spanFilename = "<input>", spanStart = SourcePos {posLine = 18, posColumn = 22}, spanEnd = SourcePos {posLine = 18, posColumn = 35}}, locValue = TokenIdent "format_output"},Located {locSpan = SourceSpan {spanFilename = "<input>", spanStart = SourcePos {posLine = 18, posColumn = 35}, spanEnd = SourcePos {posLine = 18, posColumn = 36}}, locValue = TokenDelimiter DelimLeftParen},Located {locSpan = SourceSpan {spanFilename = "<input>", spanStart = SourcePos {posLine = 18, posColumn = 36}, spanEnd = SourcePos {posLine = 18, posColumn = 40}}, locValue = TokenIdent "self"},Located {locSpan = SourceSpan {spanFilename = "<input>", spanStart = SourcePos {posLine = 18, posColumn = 40}, spanEnd = SourcePos {posLine = 18, posColumn = 41}}, locValue = TokenDelimiter DelimDot},Located {locSpan = SourceSpan {spanFilename = "<input>", spanStart = SourcePos {posLine = 18, posColumn = 41}, spanEnd = SourcePos {posLine = 18, posColumn = 47}}, locValue = TokenIdent "result"},Located {locSpan = SourceSpan {spanFilename = "<input>", spanStart = SourcePos {posLine = 18, posColumn = 47}, spanEnd = SourcePos {posLine = 18, posColumn = 48}}, locValue = TokenDelimiter DelimRightParen},Located {locSpan = SourceSpan {spanFilename = "<input>", spanStart = SourcePos {posLine = 18, posColumn = 1}, spanEnd = SourcePos {posLine = 19, posColumn = 1}}, locValue = TokenNewline},Located {locSpan = SourceSpan {spanFilename = "<input>", spanStart = SourcePos {posLine = 0, posColumn = 0}, spanEnd = SourcePos {posLine = 0, posColumn = 0}}, locValue = TokenDedent 0},Located {locSpan = SourceSpan {spanFilename = "<input>", spanStart = SourcePos {posLine = 0, posColumn = 0}, spanEnd = SourcePos {posLine = 0, posColumn = 0}}, locValue = TokenDedent 4}], pstateOffset = 0, pstateSourcePos = SourcePos {sourceName = "/tmp/fluxus-large-integration-test--624ee6de8a1054a6/calculator.py", sourceLine = Pos 1, sourceColumn = Pos 1}, pstateTabWidth = Pos 8, pstateLinePrefix = ""}}
      handles large-scale integration [✘]
  End-to-End Production Tests
    Production Compilation Tests
[INFO] Compiling project with 1 files
[INFO] Processing file: /tmp/fluxus-e2e-test--7dc1e0b568e0e18e/app.py
[INFO] [DRIVER] === Starting compilation pipeline for: /tmp/fluxus-e2e-test--7dc1e0b568e0e18e/app.py ===
[INFO] [DRIVER] Debug breakpoint: processSourceFile called with file: /tmp/fluxus-e2e-test--7dc1e0b568e0e18e/app.py
[INFO] Phase: parsing
[INFO] [DRIVER] Parse stage started for: /tmp/fluxus-e2e-test--7dc1e0b568e0e18e/app.py
[INFO] [DRIVER] Python lexer starting for: /tmp/fluxus-e2e-test--7dc1e0b568e0e18e/app.py
[INFO] [DRIVER] Python lexer succeeded: 278 tokens
[INFO] [DRIVER] Python parser starting
[ERROR] [DRIVER] Python parser failed: ParseErrorBundle {bundleErrors = TrivialError 7 (Just (Tokens (Located {locSpan = SourceSpan {spanFilename = "<input>", spanStart = SourcePos {posLine = 4, posColumn = 1}, spanEnd = SourcePos {posLine = 4, posColumn = 6}}, locValue = TokenKeyword KwClass} :| []))) (fromList [EndOfInput]) :| [], bundlePosState = PosState {pstateInput = [Located {locSpan = SourceSpan {spanFilename = "<input>", spanStart = SourcePos {posLine = 1, posColumn = 1}, spanEnd = SourcePos {posLine = 1, posColumn = 7}}, locValue = TokenKeyword KwImport},Located {locSpan = SourceSpan {spanFilename = "<input>", spanStart = SourcePos {posLine = 1, posColumn = 8}, spanEnd = SourcePos {posLine = 1, posColumn = 11}}, locValue = TokenIdent "sys"},Located {locSpan = SourceSpan {spanFilename = "<input>", spanStart = SourcePos {posLine = 1, posColumn = 1}, spanEnd = SourcePos {posLine = 2, posColumn = 1}}, locValue = TokenNewline},Located {locSpan = SourceSpan {spanFilename = "<input>", spanStart = SourcePos {posLine = 2, posColumn = 1}, spanEnd = SourcePos {posLine = 2, posColumn = 7}}, locValue = TokenKeyword KwImport},Located {locSpan = SourceSpan {spanFilename = "<input>", spanStart = SourcePos {posLine = 2, posColumn = 8}, spanEnd = SourcePos {posLine = 2, posColumn = 10}}, locValue = TokenIdent "os"},Located {locSpan = SourceSpan {spanFilename = "<input>", spanStart = SourcePos {posLine = 2, posColumn = 1}, spanEnd = SourcePos {posLine = 4, posColumn = 1}}, locValue = TokenNewline},Located {locSpan = SourceSpan {spanFilename = "<input>", spanStart = SourcePos {posLine = 2, posColumn = 1}, spanEnd = SourcePos {posLine = 4, posColumn = 1}}, locValue = TokenNewline},Located {locSpan = SourceSpan {spanFilename = "<input>", spanStart = SourcePos {posLine = 4, posColumn = 1}, spanEnd = SourcePos {posLine = 4, posColumn = 6}}, locValue = TokenKeyword KwClass},Located {locSpan = SourceSpan {spanFilename = "<input>", spanStart = SourcePos {posLine = 4, posColumn = 7}, spanEnd = SourcePos {posLine = 4, posColumn = 20}}, locValue = TokenIdent "DataProcessor"},Located {locSpan = SourceSpan {spanFilename = "<input>", spanStart = SourcePos {posLine = 4, posColumn = 20}, spanEnd = SourcePos {posLine = 4, posColumn = 21}}, locValue = TokenDelimiter DelimColon},Located {locSpan = SourceSpan {spanFilename = "<input>", spanStart = SourcePos {posLine = 4, posColumn = 1}, spanEnd = SourcePos {posLine = 5, posColumn = 1}}, locValue = TokenNewline},Located {locSpan = SourceSpan {spanFilename = "<input>", spanStart = SourcePos {posLine = 5, posColumn = 1}, spanEnd = SourcePos {posLine = 5, posColumn = 5}}, locValue = TokenIndent 4},Located {locSpan = SourceSpan {spanFilename = "<input>", spanStart = SourcePos {posLine = 5, posColumn = 5}, spanEnd = SourcePos {posLine = 5, posColumn = 8}}, locValue = TokenKeyword KwDef},Located {locSpan = SourceSpan {spanFilename = "<input>", spanStart = SourcePos {posLine = 5, posColumn = 9}, spanEnd = SourcePos {posLine = 5, posColumn = 17}}, locValue = TokenIdent "__init__"},Located {locSpan = SourceSpan {spanFilename = "<input>", spanStart = SourcePos {posLine = 5, posColumn = 17}, spanEnd = SourcePos {posLine = 5, posColumn = 18}}, locValue = TokenDelimiter DelimLeftParen},Located {locSpan = SourceSpan {spanFilename = "<input>", spanStart = SourcePos {posLine = 5, posColumn = 18}, spanEnd = SourcePos {posLine = 5, posColumn = 22}}, locValue = TokenIdent "self"},Located {locSpan = SourceSpan {spanFilename = "<input>", spanStart = SourcePos {posLine = 5, posColumn = 22}, spanEnd = SourcePos {posLine = 5, posColumn = 23}}, locValue = TokenDelimiter DelimComma},Located {locSpan = SourceSpan {spanFilename = "<input>", spanStart = SourcePos {posLine = 5, posColumn = 24}, spanEnd = SourcePos {posLine = 5, posColumn = 28}}, locValue = TokenIdent "data"},Located {locSpan = SourceSpan {spanFilename = "<input>", spanStart = SourcePos {posLine = 5, posColumn = 28}, spanEnd = SourcePos {posLine = 5, posColumn = 29}}, locValue = TokenDelimiter DelimRightParen},Located {locSpan = SourceSpan {spanFilename = "<input>", spanStart = SourcePos {posLine = 5, posColumn = 29}, spanEnd = SourcePos {posLine = 5, posColumn = 30}}, locValue = TokenDelimiter DelimColon},Located {locSpan = SourceSpan {spanFilename = "<input>", spanStart = SourcePos {posLine = 5, posColumn = 1}, spanEnd = SourcePos {posLine = 6, posColumn = 1}}, locValue = TokenNewline},Located {locSpan = SourceSpan {spanFilename = "<input>", spanStart = SourcePos {posLine = 6, posColumn = 1}, spanEnd = SourcePos {posLine = 6, posColumn = 9}}, locValue = TokenIndent 8},Located {locSpan = SourceSpan {spanFilename = "<input>", spanStart = SourcePos {posLine = 6, posColumn = 9}, spanEnd = SourcePos {posLine = 6, posColumn = 13}}, locValue = TokenIdent "self"},Located {locSpan = SourceSpan {spanFilename = "<input>", spanStart = SourcePos {posLine = 6, posColumn = 13}, spanEnd = SourcePos {posLine = 6, posColumn = 14}}, locValue = TokenDelimiter DelimDot},Located {locSpan = SourceSpan {spanFilename = "<input>", spanStart = SourcePos {posLine = 6, posColumn = 14}, spanEnd = SourcePos {posLine = 6, posColumn = 18}}, locValue = TokenIdent "data"},Located {locSpan = SourceSpan {spanFilename = "<input>", spanStart = SourcePos {posLine = 6, posColumn = 19}, spanEnd = SourcePos {posLine = 6, posColumn = 20}}, locValue = TokenOperator OpAssign},Located {locSpan = SourceSpan {spanFilename = "<input>", spanStart = SourcePos {posLine = 6, posColumn = 21}, spanEnd = SourcePos {posLine = 6, posColumn = 25}}, locValue = TokenIdent "data"},Located {locSpan = SourceSpan {spanFilename = "<input>", spanStart = SourcePos {posLine = 6, posColumn = 1}, spanEnd = SourcePos {posLine = 7, posColumn = 1}}, locValue = TokenNewline},Located {locSpan = SourceSpan {spanFilename = "<input>", spanStart = SourcePos {posLine = 7, posColumn = 9}, spanEnd = SourcePos {posLine = 7, posColumn = 13}}, locValue = TokenIdent "self"},Located {locSpan = SourceSpan {spanFilename = "<input>", spanStart = SourcePos {posLine = 7, posColumn = 13}, spanEnd = SourcePos {posLine = 7, posColumn = 14}}, locValue = TokenDelimiter DelimDot},Located {locSpan = SourceSpan {spanFilename = "<input>", spanStart = SourcePos {posLine = 7, posColumn = 14}, spanEnd = SourcePos {posLine = 7, posColumn = 23}}, locValue = TokenIdent "processed"},Located {locSpan = SourceSpan {spanFilename = "<input>", spanStart = SourcePos {posLine = 7, posColumn = 24}, spanEnd = SourcePos {posLine = 7, posColumn = 25}}, locValue = TokenOperator OpAssign},Located {locSpan = SourceSpan {spanFilename = "<input>", spanStart = SourcePos {posLine = 7, posColumn = 26}, spanEnd = SourcePos {posLine = 7, posColumn = 31}}, locValue = TokenKeyword KwFalse},Located {locSpan = SourceSpan {spanFilename = "<input>", spanStart = SourcePos {posLine = 7, posColumn = 1}, spanEnd = SourcePos {posLine = 8, posColumn = 1}}, locValue = TokenNewline},Located {locSpan = SourceSpan {spanFilename = "<input>", spanStart = SourcePos {posLine = 8, posColumn = 1}, spanEnd = SourcePos {posLine = 8, posColumn = 5}}, locValue = TokenDedent 8},Located {locSpan = SourceSpan {spanFilename = "<input>", spanStart = SourcePos {posLine = 8, posColumn = 1}, spanEnd = SourcePos {posLine = 9, posColumn = 1}}, locValue = TokenNewline},Located {locSpan = SourceSpan {spanFilename = "<input>", spanStart = SourcePos {posLine = 9, posColumn = 5}, spanEnd = SourcePos {posLine = 9, posColumn = 8}}, locValue = TokenKeyword KwDef},Located {locSpan = SourceSpan {spanFilename = "<input>", spanStart = SourcePos {posLine = 9, posColumn = 9}, spanEnd = SourcePos {posLine = 9, posColumn = 16}}, locValue = TokenIdent "process"},Located {locSpan = SourceSpan {spanFilename = "<input>", spanStart = SourcePos {posLine = 9, posColumn = 16}, spanEnd = SourcePos {posLine = 9, posColumn = 17}}, locValue = TokenDelimiter DelimLeftParen},Located {locSpan = SourceSpan {spanFilename = "<input>", spanStart = SourcePos {posLine = 9, posColumn = 17}, spanEnd = SourcePos {posLine = 9, posColumn = 21}}, locValue = TokenIdent "self"},Located {locSpan = SourceSpan {spanFilename = "<input>", spanStart = SourcePos {posLine = 9, posColumn = 21}, spanEnd = SourcePos {posLine = 9, posColumn = 22}}, locValue = TokenDelimiter DelimRightParen},Located {locSpan = SourceSpan {spanFilename = "<input>", spanStart = SourcePos {posLine = 9, posColumn = 22}, spanEnd = SourcePos {posLine = 9, posColumn = 23}}, locValue = TokenDelimiter DelimColon},Located {locSpan = SourceSpan {spanFilename = "<input>", spanStart = SourcePos {posLine = 9, posColumn = 1}, spanEnd = SourcePos {posLine = 10, posColumn = 1}}, locValue = TokenNewline},Located {locSpan = SourceSpan {spanFilename = "<input>", spanStart = SourcePos {posLine = 10, posColumn = 1}, spanEnd = SourcePos {posLine = 10, posColumn = 9}}, locValue = TokenIndent 8},Located {locSpan = SourceSpan {spanFilename = "<input>", spanStart = SourcePos {posLine = 10, posColumn = 9}, spanEnd = SourcePos {posLine = 10, posColumn = 35}}, locValue = TokenComment "# Simulate data processing"},Located {locSpan = SourceSpan {spanFilename = "<input>", spanStart = SourcePos {posLine = 10, posColumn = 1}, spanEnd = SourcePos {posLine = 11, posColumn = 1}}, locValue = TokenNewline},Located {locSpan = SourceSpan {spanFilename = "<input>", spanStart = SourcePos {posLine = 11, posColumn = 9}, spanEnd = SourcePos {posLine = 11, posColumn = 15}}, locValue = TokenIdent "result"},Located {locSpan = SourceSpan {spanFilename = "<input>", spanStart = SourcePos {posLine = 11, posColumn = 16}, spanEnd = SourcePos {posLine = 11, posColumn = 17}}, locValue = TokenOperator OpAssign},Located {locSpan = SourceSpan {spanFilename = "<input>", spanStart = SourcePos {posLine = 11, posColumn = 18}, spanEnd = SourcePos {posLine = 11, posColumn = 19}}, locValue = TokenDelimiter DelimLeftBracket},Located {locSpan = SourceSpan {spanFilename = "<input>", spanStart = SourcePos {posLine = 11, posColumn = 19}, spanEnd = SourcePos {posLine = 11, posColumn = 20}}, locValue = TokenDelimiter DelimRightBracket},Located {locSpan = SourceSpan {spanFilename = "<input>", spanStart = SourcePos {posLine = 11, posColumn = 1}, spanEnd = SourcePos {posLine = 12, posColumn = 1}}, locValue = TokenNewline},Located {locSpan = SourceSpan {spanFilename = "<input>", spanStart = SourcePos {posLine = 12, posColumn = 9}, spanEnd = SourcePos {posLine = 12, posColumn = 12}}, locValue = TokenKeyword KwFor},Located {locSpan = SourceSpan {spanFilename = "<input>", spanStart = SourcePos {posLine = 12, posColumn = 13}, spanEnd = SourcePos {posLine = 12, posColumn = 17}}, locValue = TokenIdent "item"},Located {locSpan = SourceSpan {spanFilename = "<input>", spanStart = SourcePos {posLine = 12, posColumn = 18}, spanEnd = SourcePos {posLine = 12, posColumn = 20}}, locValue = TokenKeyword KwIn},Located {locSpan = SourceSpan {spanFilename = "<input>", spanStart = SourcePos {posLine = 12, posColumn = 21}, spanEnd = SourcePos {posLine = 12, posColumn = 25}}, locValue = TokenIdent "self"},Located {locSpan = SourceSpan {spanFilename = "<input>", spanStart = SourcePos {posLine = 12, posColumn = 25}, spanEnd = SourcePos {posLine = 12, posColumn = 26}}, locValue = TokenDelimiter DelimDot},Located {locSpan = SourceSpan {spanFilename = "<input>", spanStart = SourcePos {posLine = 12, posColumn = 26}, spanEnd = SourcePos {posLine = 12, posColumn = 30}}, locValue = TokenIdent "data"},Located {locSpan = SourceSpan {spanFilename = "<input>", spanStart = SourcePos {posLine = 12, posColumn = 30}, spanEnd = SourcePos {posLine = 12, posColumn = 31}}, locValue = TokenDelimiter DelimColon},Located {locSpan = SourceSpan {spanFilename = "<input>", spanStart = SourcePos {posLine = 12, posColumn = 1}, spanEnd = SourcePos {posLine = 13, posColumn = 1}}, locValue = TokenNewline},Located {locSpan = SourceSpan {spanFilename = "<input>", spanStart = SourcePos {posLine = 13, posColumn = 1}, spanEnd = SourcePos {posLine = 13, posColumn = 13}}, locValue = TokenIndent 12},Located {locSpan = SourceSpan {spanFilename = "<input>", spanStart = SourcePos {posLine = 13, posColumn = 13}, spanEnd = SourcePos {posLine = 13, posColumn = 15}}, locValue = TokenKeyword KwIf},Located {locSpan = SourceSpan {spanFilename = "<input>", spanStart = SourcePos {posLine = 13, posColumn = 16}, spanEnd = SourcePos {posLine = 13, posColumn = 26}}, locValue = TokenIdent "isinstance"},Located {locSpan = SourceSpan {spanFilename = "<input>", spanStart = SourcePos {posLine = 13, posColumn = 26}, spanEnd = SourcePos {posLine = 13, posColumn = 27}}, locValue = TokenDelimiter DelimLeftParen},Located {locSpan = SourceSpan {spanFilename = "<input>", spanStart = SourcePos {posLine = 13, posColumn = 27}, spanEnd = SourcePos {posLine = 13, posColumn = 31}}, locValue = TokenIdent "item"},Located {locSpan = SourceSpan {spanFilename = "<input>", spanStart = SourcePos {posLine = 13, posColumn = 31}, spanEnd = SourcePos {posLine = 13, posColumn = 32}}, locValue = TokenDelimiter DelimComma},Located {locSpan = SourceSpan {spanFilename = "<input>", spanStart = SourcePos {posLine = 13, posColumn = 33}, spanEnd = SourcePos {posLine = 13, posColumn = 36}}, locValue = TokenIdent "str"},Located {locSpan = SourceSpan {spanFilename = "<input>", spanStart = SourcePos {posLine = 13, posColumn = 36}, spanEnd = SourcePos {posLine = 13, posColumn = 37}}, locValue = TokenDelimiter DelimRightParen},Located {locSpan = SourceSpan {spanFilename = "<input>", spanStart = SourcePos {posLine = 13, posColumn = 37}, spanEnd = SourcePos {posLine = 13, posColumn = 38}}, locValue = TokenDelimiter DelimColon},Located {locSpan = SourceSpan {spanFilename = "<input>", spanStart = SourcePos {posLine = 13, posColumn = 1}, spanEnd = SourcePos {posLine = 14, posColumn = 1}}, locValue = TokenNewline},Located {locSpan = SourceSpan {spanFilename = "<input>", spanStart = SourcePos {posLine = 14, posColumn = 1}, spanEnd = SourcePos {posLine = 14, posColumn = 17}}, locValue = TokenIndent 16},Located {locSpan = SourceSpan {spanFilename = "<input>", spanStart = SourcePos {posLine = 14, posColumn = 17}, spanEnd = SourcePos {posLine = 14, posColumn = 23}}, locValue = TokenIdent "result"},Located {locSpan = SourceSpan {spanFilename = "<input>", spanStart = SourcePos {posLine = 14, posColumn = 23}, spanEnd = SourcePos {posLine = 14, posColumn = 24}}, locValue = TokenDelimiter DelimDot},Located {locSpan = SourceSpan {spanFilename = "<input>", spanStart = SourcePos {posLine = 14, posColumn = 24}, spanEnd = SourcePos {posLine = 14, posColumn = 30}}, locValue = TokenIdent "append"},Located {locSpan = SourceSpan {spanFilename = "<input>", spanStart = SourcePos {posLine = 14, posColumn = 30}, spanEnd = SourcePos {posLine = 14, posColumn = 31}}, locValue = TokenDelimiter DelimLeftParen},Located {locSpan = SourceSpan {spanFilename = "<input>", spanStart = SourcePos {posLine = 14, posColumn = 31}, spanEnd = SourcePos {posLine = 14, posColumn = 35}}, locValue = TokenIdent "item"},Located {locSpan = SourceSpan {spanFilename = "<input>", spanStart = SourcePos {posLine = 14, posColumn = 35}, spanEnd = SourcePos {posLine = 14, posColumn = 36}}, locValue = TokenDelimiter DelimDot},Located {locSpan = SourceSpan {spanFilename = "<input>", spanStart = SourcePos {posLine = 14, posColumn = 36}, spanEnd = SourcePos {posLine = 14, posColumn = 41}}, locValue = TokenIdent "upper"},Located {locSpan = SourceSpan {spanFilename = "<input>", spanStart = SourcePos {posLine = 14, posColumn = 41}, spanEnd = SourcePos {posLine = 14, posColumn = 42}}, locValue = TokenDelimiter DelimLeftParen},Located {locSpan = SourceSpan {spanFilename = "<input>", spanStart = SourcePos {posLine = 14, posColumn = 42}, spanEnd = SourcePos {posLine = 14, posColumn = 43}}, locValue = TokenDelimiter DelimRightParen},Located {locSpan = SourceSpan {spanFilename = "<input>", spanStart = SourcePos {posLine = 14, posColumn = 43}, spanEnd = SourcePos {posLine = 14, posColumn = 44}}, locValue = TokenDelimiter DelimRightParen},Located {locSpan = SourceSpan {spanFilename = "<input>", spanStart = SourcePos {posLine = 14, posColumn = 1}, spanEnd = SourcePos {posLine = 15, posColumn = 1}}, locValue = TokenNewline},Located {locSpan = SourceSpan {spanFilename = "<input>", spanStart = SourcePos {posLine = 15, posColumn = 1}, spanEnd = SourcePos {posLine = 15, posColumn = 13}}, locValue = TokenDedent 16},Located {locSpan = SourceSpan {spanFilename = "<input>", spanStart = SourcePos {posLine = 15, posColumn = 13}, spanEnd = SourcePos {posLine = 15, posColumn = 17}}, locValue = TokenKeyword KwElif},Located {locSpan = SourceSpan {spanFilename = "<input>", spanStart = SourcePos {posLine = 15, posColumn = 18}, spanEnd = SourcePos {posLine = 15, posColumn = 28}}, locValue = TokenIdent "isinstance"},Located {locSpan = SourceSpan {spanFilename = "<input>", spanStart = SourcePos {posLine = 15, posColumn = 28}, spanEnd = SourcePos {posLine = 15, posColumn = 29}}, locValue = TokenDelimiter DelimLeftParen},Located {locSpan = SourceSpan {spanFilename = "<input>", spanStart = SourcePos {posLine = 15, posColumn = 29}, spanEnd = SourcePos {posLine = 15, posColumn = 33}}, locValue = TokenIdent "item"},Located {locSpan = SourceSpan {spanFilename = "<input>", spanStart = SourcePos {posLine = 15, posColumn = 33}, spanEnd = SourcePos {posLine = 15, posColumn = 34}}, locValue = TokenDelimiter DelimComma},Located {locSpan = SourceSpan {spanFilename = "<input>", spanStart = SourcePos {posLine = 15, posColumn = 35}, spanEnd = SourcePos {posLine = 15, posColumn = 36}}, locValue = TokenDelimiter DelimLeftParen},Located {locSpan = SourceSpan {spanFilename = "<input>", spanStart = SourcePos {posLine = 15, posColumn = 36}, spanEnd = SourcePos {posLine = 15, posColumn = 39}}, locValue = TokenIdent "int"},Located {locSpan = SourceSpan {spanFilename = "<input>", spanStart = SourcePos {posLine = 15, posColumn = 39}, spanEnd = SourcePos {posLine = 15, posColumn = 40}}, locValue = TokenDelimiter DelimComma},Located {locSpan = SourceSpan {spanFilename = "<input>", spanStart = SourcePos {posLine = 15, posColumn = 41}, spanEnd = SourcePos {posLine = 15, posColumn = 46}}, locValue = TokenIdent "float"},Located {locSpan = SourceSpan {spanFilename = "<input>", spanStart = SourcePos {posLine = 15, posColumn = 46}, spanEnd = SourcePos {posLine = 15, posColumn = 47}}, locValue = TokenDelimiter DelimRightParen},Located {locSpan = SourceSpan {spanFilename = "<input>", spanStart = SourcePos {posLine = 15, posColumn = 47}, spanEnd = SourcePos {posLine = 15, posColumn = 48}}, locValue = TokenDelimiter DelimRightParen},Located {locSpan = SourceSpan {spanFilename = "<input>", spanStart = SourcePos {posLine = 15, posColumn = 48}, spanEnd = SourcePos {posLine = 15, posColumn = 49}}, locValue = TokenDelimiter DelimColon},Located {locSpan = SourceSpan {spanFilename = "<input>", spanStart = SourcePos {posLine = 15, posColumn = 1}, spanEnd = SourcePos {posLine = 16, posColumn = 1}}, locValue = TokenNewline},Located {locSpan = SourceSpan {spanFilename = "<input>", spanStart = SourcePos {posLine = 16, posColumn = 1}, spanEnd = SourcePos {posLine = 16, posColumn = 17}}, locValue = TokenIndent 16},Located {locSpan = SourceSpan {spanFilename = "<input>", spanStart = SourcePos {posLine = 16, posColumn = 17}, spanEnd = SourcePos {posLine = 16, posColumn = 23}}, locValue = TokenIdent "result"},Located {locSpan = SourceSpan {spanFilename = "<input>", spanStart = SourcePos {posLine = 16, posColumn = 23}, spanEnd = SourcePos {posLine = 16, posColumn = 24}}, locValue = TokenDelimiter DelimDot},Located {locSpan = SourceSpan {spanFilename = "<input>", spanStart = SourcePos {posLine = 16, posColumn = 24}, spanEnd = SourcePos {posLine = 16, posColumn = 30}}, locValue = TokenIdent "append"},Located {locSpan = SourceSpan {spanFilename = "<input>", spanStart = SourcePos {posLine = 16, posColumn = 30}, spanEnd = SourcePos {posLine = 16, posColumn = 31}}, locValue = TokenDelimiter DelimLeftParen},Located {locSpan = SourceSpan {spanFilename = "<input>", spanStart = SourcePos {posLine = 16, posColumn = 31}, spanEnd = SourcePos {posLine = 16, posColumn = 35}}, locValue = TokenIdent "item"},Located {locSpan = SourceSpan {spanFilename = "<input>", spanStart = SourcePos {posLine = 16, posColumn = 36}, spanEnd = SourcePos {posLine = 16, posColumn = 37}}, locValue = TokenOperator OpMult},Located {locSpan = SourceSpan {spanFilename = "<input>", spanStart = SourcePos {posLine = 16, posColumn = 38}, spanEnd = SourcePos {posLine = 16, posColumn = 39}}, locValue = TokenNumber "2" False},Located {locSpan = SourceSpan {spanFilename = "<input>", spanStart = SourcePos {posLine = 16, posColumn = 39}, spanEnd = SourcePos {posLine = 16, posColumn = 40}}, locValue = TokenDelimiter DelimRightParen},Located {locSpan = SourceSpan {spanFilename = "<input>", spanStart = SourcePos {posLine = 16, posColumn = 1}, spanEnd = SourcePos {posLine = 17, posColumn = 1}}, locValue = TokenNewline},Located {locSpan = SourceSpan {spanFilename = "<input>", spanStart = SourcePos {posLine = 17, posColumn = 1}, spanEnd = SourcePos {posLine = 17, posColumn = 13}}, locValue = TokenDedent 16},Located {locSpan = SourceSpan {spanFilename = "<input>", spanStart = SourcePos {posLine = 17, posColumn = 13}, spanEnd = SourcePos {posLine = 17, posColumn = 17}}, locValue = TokenKeyword KwElse},Located {locSpan = SourceSpan {spanFilename = "<input>", spanStart = SourcePos {posLine = 17, posColumn = 17}, spanEnd = SourcePos {posLine = 17, posColumn = 18}}, locValue = TokenDelimiter DelimColon},Located {locSpan = SourceSpan {spanFilename = "<input>", spanStart = SourcePos {posLine = 17, posColumn = 1}, spanEnd = SourcePos {posLine = 18, posColumn = 1}}, locValue = TokenNewline},Located {locSpan = SourceSpan {spanFilename = "<input>", spanStart = SourcePos {posLine = 18, posColumn = 1}, spanEnd = SourcePos {posLine = 18, posColumn = 17}}, locValue = TokenIndent 16},Located {locSpan = SourceSpan {spanFilename = "<input>", spanStart = SourcePos {posLine = 18, posColumn = 17}, spanEnd = SourcePos {posLine = 18, posColumn = 23}}, locValue = TokenIdent "result"},Located {locSpan = SourceSpan {spanFilename = "<input>", spanStart = SourcePos {posLine = 18, posColumn = 23}, spanEnd = SourcePos {posLine = 18, posColumn = 24}}, locValue = TokenDelimiter DelimDot},Located {locSpan = SourceSpan {spanFilename = "<input>", spanStart = SourcePos {posLine = 18, posColumn = 24}, spanEnd = SourcePos {posLine = 18, posColumn = 30}}, locValue = TokenIdent "append"},Located {locSpan = SourceSpan {spanFilename = "<input>", spanStart = SourcePos {posLine = 18, posColumn = 30}, spanEnd = SourcePos {posLine = 18, posColumn = 31}}, locValue = TokenDelimiter DelimLeftParen},Located {locSpan = SourceSpan {spanFilename = "<input>", spanStart = SourcePos {posLine = 18, posColumn = 31}, spanEnd = SourcePos {posLine = 18, posColumn = 34}}, locValue = TokenIdent "str"},Located {locSpan = SourceSpan {spanFilename = "<input>", spanStart = SourcePos {posLine = 18, posColumn = 34}, spanEnd = SourcePos {posLine = 18, posColumn = 35}}, locValue = TokenDelimiter DelimLeftParen},Located {locSpan = SourceSpan {spanFilename = "<input>", spanStart = SourcePos {posLine = 18, posColumn = 35}, spanEnd = SourcePos {posLine = 18, posColumn = 39}}, locValue = TokenIdent "item"},Located {locSpan = SourceSpan {spanFilename = "<input>", spanStart = SourcePos {posLine = 18, posColumn = 39}, spanEnd = SourcePos {posLine = 18, posColumn = 40}}, locValue = TokenDelimiter DelimRightParen},Located {locSpan = SourceSpan {spanFilename = "<input>", spanStart = SourcePos {posLine = 18, posColumn = 40}, spanEnd = SourcePos {posLine = 18, posColumn = 41}}, locValue = TokenDelimiter DelimRightParen},Located {locSpan = SourceSpan {spanFilename = "<input>", spanStart = SourcePos {posLine = 18, posColumn = 1}, spanEnd = SourcePos {posLine = 19, posColumn = 1}}, locValue = TokenNewline},Located {locSpan = SourceSpan {spanFilename = "<input>", spanStart = SourcePos {posLine = 19, posColumn = 1}, spanEnd = SourcePos {posLine = 19, posColumn = 9}}, locValue = TokenDedent 12},Located {locSpan = SourceSpan {spanFilename = "<input>", spanStart = SourcePos {posLine = 19, posColumn = 1}, spanEnd = SourcePos {posLine = 19, posColumn = 9}}, locValue = TokenDedent 16},Located {locSpan = SourceSpan {spanFilename = "<input>", spanStart = SourcePos {posLine = 19, posColumn = 9}, spanEnd = SourcePos {posLine = 19, posColumn = 13}}, locValue = TokenIdent "self"},Located {locSpan = SourceSpan {spanFilename = "<input>", spanStart = SourcePos {posLine = 19, posColumn = 13}, spanEnd = SourcePos {posLine = 19, posColumn = 14}}, locValue = TokenDelimiter DelimDot},Located {locSpan = SourceSpan {spanFilename = "<input>", spanStart = SourcePos {posLine = 19, posColumn = 14}, spanEnd = SourcePos {posLine = 19, posColumn = 23}}, locValue = TokenIdent "processed"},Located {locSpan = SourceSpan {spanFilename = "<input>", spanStart = SourcePos {posLine = 19, posColumn = 24}, spanEnd = SourcePos {posLine = 19, posColumn = 25}}, locValue = TokenOperator OpAssign},Located {locSpan = SourceSpan {spanFilename = "<input>", spanStart = SourcePos {posLine = 19, posColumn = 26}, spanEnd = SourcePos {posLine = 19, posColumn = 30}}, locValue = TokenKeyword KwTrue},Located {locSpan = SourceSpan {spanFilename = "<input>", spanStart = SourcePos {posLine = 19, posColumn = 1}, spanEnd = SourcePos {posLine = 20, posColumn = 1}}, locValue = TokenNewline},Located {locSpan = SourceSpan {spanFilename = "<input>", spanStart = SourcePos {posLine = 20, posColumn = 9}, spanEnd = SourcePos {posLine = 20, posColumn = 15}}, locValue = TokenKeyword KwReturn},Located {locSpan = SourceSpan {spanFilename = "<input>", spanStart = SourcePos {posLine = 20, posColumn = 16}, spanEnd = SourcePos {posLine = 20, posColumn = 22}}, locValue = TokenIdent "result"},Located {locSpan = SourceSpan {spanFilename = "<input>", spanStart = SourcePos {posLine = 20, posColumn = 1}, spanEnd = SourcePos {posLine = 21, posColumn = 1}}, locValue = TokenNewline},Located {locSpan = SourceSpan {spanFilename = "<input>", spanStart = SourcePos {posLine = 21, posColumn = 1}, spanEnd = SourcePos {posLine = 21, posColumn = 5}}, locValue = TokenDedent 8},Located {locSpan = SourceSpan {spanFilename = "<input>", spanStart = SourcePos {posLine = 21, posColumn = 1}, spanEnd = SourcePos {posLine = 22, posColumn = 1}}, locValue = TokenNewline},Located {locSpan = SourceSpan {spanFilename = "<input>", spanStart = SourcePos {posLine = 22, posColumn = 5}, spanEnd = SourcePos {posLine = 22, posColumn = 8}}, locValue = TokenKeyword KwDef},Located {locSpan = SourceSpan {spanFilename = "<input>", spanStart = SourcePos {posLine = 22, posColumn = 9}, spanEnd = SourcePos {posLine = 22, posColumn = 21}}, locValue = TokenIdent "save_to_file"},Located {locSpan = SourceSpan {spanFilename = "<input>", spanStart = SourcePos {posLine = 22, posColumn = 21}, spanEnd = SourcePos {posLine = 22, posColumn = 22}}, locValue = TokenDelimiter DelimLeftParen},Located {locSpan = SourceSpan {spanFilename = "<input>", spanStart = SourcePos {posLine = 22, posColumn = 22}, spanEnd = SourcePos {posLine = 22, posColumn = 26}}, locValue = TokenIdent "self"},Located {locSpan = SourceSpan {spanFilename = "<input>", spanStart = SourcePos {posLine = 22, posColumn = 26}, spanEnd = SourcePos {posLine = 22, posColumn = 27}}, locValue = TokenDelimiter DelimComma},Located {locSpan = SourceSpan {spanFilename = "<input>", spanStart = SourcePos {posLine = 22, posColumn = 28}, spanEnd = SourcePos {posLine = 22, posColumn = 36}}, locValue = TokenIdent "filename"},Located {locSpan = SourceSpan {spanFilename = "<input>", spanStart = SourcePos {posLine = 22, posColumn = 36}, spanEnd = SourcePos {posLine = 22, posColumn = 37}}, locValue = TokenDelimiter DelimRightParen},Located {locSpan = SourceSpan {spanFilename = "<input>", spanStart = SourcePos {posLine = 22, posColumn = 37}, spanEnd = SourcePos {posLine = 22, posColumn = 38}}, locValue = TokenDelimiter DelimColon},Located {locSpan = SourceSpan {spanFilename = "<input>", spanStart = SourcePos {posLine = 22, posColumn = 1}, spanEnd = SourcePos {posLine = 23, posColumn = 1}}, locValue = TokenNewline},Located {locSpan = SourceSpan {spanFilename = "<input>", spanStart = SourcePos {posLine = 23, posColumn = 1}, spanEnd = SourcePos {posLine = 23, posColumn = 9}}, locValue = TokenIndent 8},Located {locSpan = SourceSpan {spanFilename = "<input>", spanStart = SourcePos {posLine = 23, posColumn = 9}, spanEnd = SourcePos {posLine = 23, posColumn = 11}}, locValue = TokenKeyword KwIf},Located {locSpan = SourceSpan {spanFilename = "<input>", spanStart = SourcePos {posLine = 23, posColumn = 12}, spanEnd = SourcePos {posLine = 23, posColumn = 15}}, locValue = TokenKeyword KwNot},Located {locSpan = SourceSpan {spanFilename = "<input>", spanStart = SourcePos {posLine = 23, posColumn = 16}, spanEnd = SourcePos {posLine = 23, posColumn = 20}}, locValue = TokenIdent "self"},Located {locSpan = SourceSpan {spanFilename = "<input>", spanStart = SourcePos {posLine = 23, posColumn = 20}, spanEnd = SourcePos {posLine = 23, posColumn = 21}}, locValue = TokenDelimiter DelimDot},Located {locSpan = SourceSpan {spanFilename = "<input>", spanStart = SourcePos {posLine = 23, posColumn = 21}, spanEnd = SourcePos {posLine = 23, posColumn = 30}}, locValue = TokenIdent "processed"},Located {locSpan = SourceSpan {spanFilename = "<input>", spanStart = SourcePos {posLine = 23, posColumn = 30}, spanEnd = SourcePos {posLine = 23, posColumn = 31}}, locValue = TokenDelimiter DelimColon},Located {locSpan = SourceSpan {spanFilename = "<input>", spanStart = SourcePos {posLine = 23, posColumn = 1}, spanEnd = SourcePos {posLine = 24, posColumn = 1}}, locValue = TokenNewline},Located {locSpan = SourceSpan {spanFilename = "<input>", spanStart = SourcePos {posLine = 24, posColumn = 1}, spanEnd = SourcePos {posLine = 24, posColumn = 13}}, locValue = TokenIndent 12},Located {locSpan = SourceSpan {spanFilename = "<input>", spanStart = SourcePos {posLine = 24, posColumn = 13}, spanEnd = SourcePos {posLine = 24, posColumn = 18}}, locValue = TokenKeyword KwRaise},Located {locSpan = SourceSpan {spanFilename = "<input>", spanStart = SourcePos {posLine = 24, posColumn = 19}, spanEnd = SourcePos {posLine = 24, posColumn = 29}}, locValue = TokenIdent "ValueError"},Located {locSpan = SourceSpan {spanFilename = "<input>", spanStart = SourcePos {posLine = 24, posColumn = 29}, spanEnd = SourcePos {posLine = 24, posColumn = 30}}, locValue = TokenDelimiter DelimLeftParen},Located {locSpan = SourceSpan {spanFilename = "<input>", spanStart = SourcePos {posLine = 24, posColumn = 30}, spanEnd = SourcePos {posLine = 24, posColumn = 54}}, locValue = TokenString "Data not processed yet"},Located {locSpan = SourceSpan {spanFilename = "<input>", spanStart = SourcePos {posLine = 24, posColumn = 54}, spanEnd = SourcePos {posLine = 24, posColumn = 55}}, locValue = TokenDelimiter DelimRightParen},Located {locSpan = SourceSpan {spanFilename = "<input>", spanStart = SourcePos {posLine = 24, posColumn = 1}, spanEnd = SourcePos {posLine = 25, posColumn = 1}}, locValue = TokenNewline},Located {locSpan = SourceSpan {spanFilename = "<input>", spanStart = SourcePos {posLine = 25, posColumn = 1}, spanEnd = SourcePos {posLine = 25, posColumn = 9}}, locValue = TokenDedent 12},Located {locSpan = SourceSpan {spanFilename = "<input>", spanStart = SourcePos {posLine = 25, posColumn = 9}, spanEnd = SourcePos {posLine = 25, posColumn = 13}}, locValue = TokenKeyword KwWith},Located {locSpan = SourceSpan {spanFilename = "<input>", spanStart = SourcePos {posLine = 25, posColumn = 14}, spanEnd = SourcePos {posLine = 25, posColumn = 18}}, locValue = TokenIdent "open"},Located {locSpan = SourceSpan {spanFilename = "<input>", spanStart = SourcePos {posLine = 25, posColumn = 18}, spanEnd = SourcePos {posLine = 25, posColumn = 19}}, locValue = TokenDelimiter DelimLeftParen},Located {locSpan = SourceSpan {spanFilename = "<input>", spanStart = SourcePos {posLine = 25, posColumn = 19}, spanEnd = SourcePos {posLine = 25, posColumn = 27}}, locValue = TokenIdent "filename"},Located {locSpan = SourceSpan {spanFilename = "<input>", spanStart = SourcePos {posLine = 25, posColumn = 27}, spanEnd = SourcePos {posLine = 25, posColumn = 28}}, locValue = TokenDelimiter DelimComma},Located {locSpan = SourceSpan {spanFilename = "<input>", spanStart = SourcePos {posLine = 25, posColumn = 29}, spanEnd = SourcePos {posLine = 25, posColumn = 32}}, locValue = TokenString "w"},Located {locSpan = SourceSpan {spanFilename = "<input>", spanStart = SourcePos {posLine = 25, posColumn = 32}, spanEnd = SourcePos {posLine = 25, posColumn = 33}}, locValue = TokenDelimiter DelimRightParen},Located {locSpan = SourceSpan {spanFilename = "<input>", spanStart = SourcePos {posLine = 25, posColumn = 34}, spanEnd = SourcePos {posLine = 25, posColumn = 36}}, locValue = TokenKeyword KwAs},Located {locSpan = SourceSpan {spanFilename = "<input>", spanStart = SourcePos {posLine = 25, posColumn = 37}, spanEnd = SourcePos {posLine = 25, posColumn = 38}}, locValue = TokenIdent "f"},Located {locSpan = SourceSpan {spanFilename = "<input>", spanStart = SourcePos {posLine = 25, posColumn = 38}, spanEnd = SourcePos {posLine = 25, posColumn = 39}}, locValue = TokenDelimiter DelimColon},Located {locSpan = SourceSpan {spanFilename = "<input>", spanStart = SourcePos {posLine = 25, posColumn = 1}, spanEnd = SourcePos {posLine = 26, posColumn = 1}}, locValue = TokenNewline},Located {locSpan = SourceSpan {spanFilename = "<input>", spanStart = SourcePos {posLine = 26, posColumn = 1}, spanEnd = SourcePos {posLine = 26, posColumn = 13}}, locValue = TokenIndent 12},Located {locSpan = SourceSpan {spanFilename = "<input>", spanStart = SourcePos {posLine = 26, posColumn = 13}, spanEnd = SourcePos {posLine = 26, posColumn = 16}}, locValue = TokenKeyword KwFor},Located {locSpan = SourceSpan {spanFilename = "<input>", spanStart = SourcePos {posLine = 26, posColumn = 17}, spanEnd = SourcePos {posLine = 26, posColumn = 21}}, locValue = TokenIdent "item"},Located {locSpan = SourceSpan {spanFilename = "<input>", spanStart = SourcePos {posLine = 26, posColumn = 22}, spanEnd = SourcePos {posLine = 26, posColumn = 24}}, locValue = TokenKeyword KwIn},Located {locSpan = SourceSpan {spanFilename = "<input>", spanStart = SourcePos {posLine = 26, posColumn = 25}, spanEnd = SourcePos {posLine = 26, posColumn = 29}}, locValue = TokenIdent "self"},Located {locSpan = SourceSpan {spanFilename = "<input>", spanStart = SourcePos {posLine = 26, posColumn = 29}, spanEnd = SourcePos {posLine = 26, posColumn = 30}}, locValue = TokenDelimiter DelimDot},Located {locSpan = SourceSpan {spanFilename = "<input>", spanStart = SourcePos {posLine = 26, posColumn = 30}, spanEnd = SourcePos {posLine = 26, posColumn = 34}}, locValue = TokenIdent "data"},Located {locSpan = SourceSpan {spanFilename = "<input>", spanStart = SourcePos {posLine = 26, posColumn = 34}, spanEnd = SourcePos {posLine = 26, posColumn = 35}}, locValue = TokenDelimiter DelimColon},Located {locSpan = SourceSpan {spanFilename = "<input>", spanStart = SourcePos {posLine = 26, posColumn = 1}, spanEnd = SourcePos {posLine = 27, posColumn = 1}}, locValue = TokenNewline},Located {locSpan = SourceSpan {spanFilename = "<input>", spanStart = SourcePos {posLine = 27, posColumn = 1}, spanEnd = SourcePos {posLine = 27, posColumn = 17}}, locValue = TokenIndent 16},Located {locSpan = SourceSpan {spanFilename = "<input>", spanStart = SourcePos {posLine = 27, posColumn = 17}, spanEnd = SourcePos {posLine = 27, posColumn = 18}}, locValue = TokenIdent "f"},Located {locSpan = SourceSpan {spanFilename = "<input>", spanStart = SourcePos {posLine = 27, posColumn = 18}, spanEnd = SourcePos {posLine = 27, posColumn = 19}}, locValue = TokenDelimiter DelimDot},Located {locSpan = SourceSpan {spanFilename = "<input>", spanStart = SourcePos {posLine = 27, posColumn = 19}, spanEnd = SourcePos {posLine = 27, posColumn = 24}}, locValue = TokenIdent "write"},Located {locSpan = SourceSpan {spanFilename = "<input>", spanStart = SourcePos {posLine = 27, posColumn = 24}, spanEnd = SourcePos {posLine = 27, posColumn = 25}}, locValue = TokenDelimiter DelimLeftParen},Located {locSpan = SourceSpan {spanFilename = "<input>", spanStart = SourcePos {posLine = 27, posColumn = 25}, spanEnd = SourcePos {posLine = 27, posColumn = 28}}, locValue = TokenIdent "str"},Located {locSpan = SourceSpan {spanFilename = "<input>", spanStart = SourcePos {posLine = 27, posColumn = 28}, spanEnd = SourcePos {posLine = 27, posColumn = 29}}, locValue = TokenDelimiter DelimLeftParen},Located {locSpan = SourceSpan {spanFilename = "<input>", spanStart = SourcePos {posLine = 27, posColumn = 29}, spanEnd = SourcePos {posLine = 27, posColumn = 33}}, locValue = TokenIdent "item"},Located {locSpan = SourceSpan {spanFilename = "<input>", spanStart = SourcePos {posLine = 27, posColumn = 33}, spanEnd = SourcePos {posLine = 27, posColumn = 34}}, locValue = TokenDelimiter DelimRightParen},Located {locSpan = SourceSpan {spanFilename = "<input>", spanStart = SourcePos {posLine = 27, posColumn = 35}, spanEnd = SourcePos {posLine = 27, posColumn = 36}}, locValue = TokenOperator OpPlus},Located {locSpan = SourceSpan {spanFilename = "<input>", spanStart = SourcePos {posLine = 27, posColumn = 37}, spanEnd = SourcePos {posLine = 27, posColumn = 41}}, locValue = TokenString "\n"},Located {locSpan = SourceSpan {spanFilename = "<input>", spanStart = SourcePos {posLine = 27, posColumn = 41}, spanEnd = SourcePos {posLine = 27, posColumn = 42}}, locValue = TokenDelimiter DelimRightParen},Located {locSpan = SourceSpan {spanFilename = "<input>", spanStart = SourcePos {posLine = 27, posColumn = 1}, spanEnd = SourcePos {posLine = 29, posColumn = 1}}, locValue = TokenNewline},Located {locSpan = SourceSpan {spanFilename = "<input>", spanStart = SourcePos {posLine = 27, posColumn = 1}, spanEnd = SourcePos {posLine = 29, posColumn = 1}}, locValue = TokenNewline},Located {locSpan = SourceSpan {spanFilename = "<input>", spanStart = SourcePos {posLine = 29, posColumn = 1}, spanEnd = SourcePos {posLine = 29, posColumn = 1}}, locValue = TokenDedent 4},Located {locSpan = SourceSpan {spanFilename = "<input>", spanStart = SourcePos {posLine = 29, posColumn = 1}, spanEnd = SourcePos {posLine = 29, posColumn = 1}}, locValue = TokenDedent 8},Located {locSpan = SourceSpan {spanFilename = "<input>", spanStart = SourcePos {posLine = 29, posColumn = 1}, spanEnd = SourcePos {posLine = 29, posColumn = 1}}, locValue = TokenDedent 12},Located {locSpan = SourceSpan {spanFilename = "<input>", spanStart = SourcePos {posLine = 29, posColumn = 1}, spanEnd = SourcePos {posLine = 29, posColumn = 1}}, locValue = TokenDedent 16},Located {locSpan = SourceSpan {spanFilename = "<input>", spanStart = SourcePos {posLine = 29, posColumn = 1}, spanEnd = SourcePos {posLine = 29, posColumn = 4}}, locValue = TokenKeyword KwDef},Located {locSpan = SourceSpan {spanFilename = "<input>", spanStart = SourcePos {posLine = 29, posColumn = 5}, spanEnd = SourcePos {posLine = 29, posColumn = 9}}, locValue = TokenIdent "main"},Located {locSpan = SourceSpan {spanFilename = "<input>", spanStart = SourcePos {posLine = 29, posColumn = 9}, spanEnd = SourcePos {posLine = 29, posColumn = 10}}, locValue = TokenDelimiter DelimLeftParen},Located {locSpan = SourceSpan {spanFilename = "<input>", spanStart = SourcePos {posLine = 29, posColumn = 10}, spanEnd = SourcePos {posLine = 29, posColumn = 11}}, locValue = TokenDelimiter DelimRightParen},Located {locSpan = SourceSpan {spanFilename = "<input>", spanStart = SourcePos {posLine = 29, posColumn = 11}, spanEnd = SourcePos {posLine = 29, posColumn = 12}}, locValue = TokenDelimiter DelimColon},Located {locSpan = SourceSpan {spanFilename = "<input>", spanStart = SourcePos {posLine = 29, posColumn = 1}, spanEnd = SourcePos {posLine = 30, posColumn = 1}}, locValue = TokenNewline},Located {locSpan = SourceSpan {spanFilename = "<input>", spanStart = SourcePos {posLine = 30, posColumn = 1}, spanEnd = SourcePos {posLine = 30, posColumn = 5}}, locValue = TokenIndent 4},Located {locSpan = SourceSpan {spanFilename = "<input>", spanStart = SourcePos {posLine = 30, posColumn = 5}, spanEnd = SourcePos {posLine = 30, posColumn = 18}}, locValue = TokenComment "# Sample data"},Located {locSpan = SourceSpan {spanFilename = "<input>", spanStart = SourcePos {posLine = 30, posColumn = 1}, spanEnd = SourcePos {posLine = 31, posColumn = 1}}, locValue = TokenNewline},Located {locSpan = SourceSpan {spanFilename = "<input>", spanStart = SourcePos {posLine = 31, posColumn = 5}, spanEnd = SourcePos {posLine = 31, posColumn = 16}}, locValue = TokenIdent "sample_data"},Located {locSpan = SourceSpan {spanFilename = "<input>", spanStart = SourcePos {posLine = 31, posColumn = 17}, spanEnd = SourcePos {posLine = 31, posColumn = 18}}, locValue = TokenOperator OpAssign},Located {locSpan = SourceSpan {spanFilename = "<input>", spanStart = SourcePos {posLine = 31, posColumn = 19}, spanEnd = SourcePos {posLine = 31, posColumn = 20}}, locValue = TokenDelimiter DelimLeftBracket},Located {locSpan = SourceSpan {spanFilename = "<input>", spanStart = SourcePos {posLine = 31, posColumn = 20}, spanEnd = SourcePos {posLine = 31, posColumn = 27}}, locValue = TokenString "hello"},Located {locSpan = SourceSpan {spanFilename = "<input>", spanStart = SourcePos {posLine = 31, posColumn = 27}, spanEnd = SourcePos {posLine = 31, posColumn = 28}}, locValue = TokenDelimiter DelimComma},Located {locSpan = SourceSpan {spanFilename = "<input>", spanStart = SourcePos {posLine = 31, posColumn = 29}, spanEnd = SourcePos {posLine = 31, posColumn = 31}}, locValue = TokenNumber "42" False},Located {locSpan = SourceSpan {spanFilename = "<input>", spanStart = SourcePos {posLine = 31, posColumn = 31}, spanEnd = SourcePos {posLine = 31, posColumn = 32}}, locValue = TokenDelimiter DelimComma},Located {locSpan = SourceSpan {spanFilename = "<input>", spanStart = SourcePos {posLine = 31, posColumn = 33}, spanEnd = SourcePos {posLine = 31, posColumn = 37}}, locValue = TokenNumber "3.14" True},Located {locSpan = SourceSpan {spanFilename = "<input>", spanStart = SourcePos {posLine = 31, posColumn = 37}, spanEnd = SourcePos {posLine = 31, posColumn = 38}}, locValue = TokenDelimiter DelimComma},Located {locSpan = SourceSpan {spanFilename = "<input>", spanStart = SourcePos {posLine = 31, posColumn = 39}, spanEnd = SourcePos {posLine = 31, posColumn = 46}}, locValue = TokenString "world"},Located {locSpan = SourceSpan {spanFilename = "<input>", spanStart = SourcePos {posLine = 31, posColumn = 46}, spanEnd = SourcePos {posLine = 31, posColumn = 47}}, locValue = TokenDelimiter DelimComma},Located {locSpan = SourceSpan {spanFilename = "<input>", spanStart = SourcePos {posLine = 31, posColumn = 48}, spanEnd = SourcePos {posLine = 31, posColumn = 51}}, locValue = TokenNumber "100" False},Located {locSpan = SourceSpan {spanFilename = "<input>", spanStart = SourcePos {posLine = 31, posColumn = 51}, spanEnd = SourcePos {posLine = 31, posColumn = 52}}, locValue = TokenDelimiter DelimRightBracket},Located {locSpan = SourceSpan {spanFilename = "<input>", spanStart = SourcePos {posLine = 31, posColumn = 1}, spanEnd = SourcePos {posLine = 32, posColumn = 1}}, locValue = TokenNewline},Located {locSpan = SourceSpan {spanFilename = "<input>", spanStart = SourcePos {posLine = 32, posColumn = 1}, spanEnd = SourcePos {posLine = 33, posColumn = 1}}, locValue = TokenNewline},Located {locSpan = SourceSpan {spanFilename = "<input>", spanStart = SourcePos {posLine = 33, posColumn = 5}, spanEnd = SourcePos {posLine = 33, posColumn = 23}}, locValue = TokenComment "# Create processor"},Located {locSpan = SourceSpan {spanFilename = "<input>", spanStart = SourcePos {posLine = 33, posColumn = 1}, spanEnd = SourcePos {posLine = 34, posColumn = 1}}, locValue = TokenNewline},Located {locSpan = SourceSpan {spanFilename = "<input>", spanStart = SourcePos {posLine = 34, posColumn = 5}, spanEnd = SourcePos {posLine = 34, posColumn = 14}}, locValue = TokenIdent "processor"},Located {locSpan = SourceSpan {spanFilename = "<input>", spanStart = SourcePos {posLine = 34, posColumn = 15}, spanEnd = SourcePos {posLine = 34, posColumn = 16}}, locValue = TokenOperator OpAssign},Located {locSpan = SourceSpan {spanFilename = "<input>", spanStart = SourcePos {posLine = 34, posColumn = 17}, spanEnd = SourcePos {posLine = 34, posColumn = 30}}, locValue = TokenIdent "DataProcessor"},Located {locSpan = SourceSpan {spanFilename = "<input>", spanStart = SourcePos {posLine = 34, posColumn = 30}, spanEnd = SourcePos {posLine = 34, posColumn = 31}}, locValue = TokenDelimiter DelimLeftParen},Located {locSpan = SourceSpan {spanFilename = "<input>", spanStart = SourcePos {posLine = 34, posColumn = 31}, spanEnd = SourcePos {posLine = 34, posColumn = 42}}, locValue = TokenIdent "sample_data"},Located {locSpan = SourceSpan {spanFilename = "<input>", spanStart = SourcePos {posLine = 34, posColumn = 42}, spanEnd = SourcePos {posLine = 34, posColumn = 43}}, locValue = TokenDelimiter DelimRightParen},Located {locSpan = SourceSpan {spanFilename = "<input>", spanStart = SourcePos {posLine = 34, posColumn = 1}, spanEnd = SourcePos {posLine = 35, posColumn = 1}}, locValue = TokenNewline},Located {locSpan = SourceSpan {spanFilename = "<input>", spanStart = SourcePos {posLine = 35, posColumn = 1}, spanEnd = SourcePos {posLine = 36, posColumn = 1}}, locValue = TokenNewline},Located {locSpan = SourceSpan {spanFilename = "<input>", spanStart = SourcePos {posLine = 36, posColumn = 5}, spanEnd = SourcePos {posLine = 36, posColumn = 19}}, locValue = TokenComment "# Process data"},Located {locSpan = SourceSpan {spanFilename = "<input>", spanStart = SourcePos {posLine = 36, posColumn = 1}, spanEnd = SourcePos {posLine = 37, posColumn = 1}}, locValue = TokenNewline},Located {locSpan = SourceSpan {spanFilename = "<input>", spanStart = SourcePos {posLine = 37, posColumn = 5}, spanEnd = SourcePos {posLine = 37, posColumn = 14}}, locValue = TokenIdent "processed"},Located {locSpan = SourceSpan {spanFilename = "<input>", spanStart = SourcePos {posLine = 37, posColumn = 15}, spanEnd = SourcePos {posLine = 37, posColumn = 16}}, locValue = TokenOperator OpAssign},Located {locSpan = SourceSpan {spanFilename = "<input>", spanStart = SourcePos {posLine = 37, posColumn = 17}, spanEnd = SourcePos {posLine = 37, posColumn = 26}}, locValue = TokenIdent "processor"},Located {locSpan = SourceSpan {spanFilename = "<input>", spanStart = SourcePos {posLine = 37, posColumn = 26}, spanEnd = SourcePos {posLine = 37, posColumn = 27}}, locValue = TokenDelimiter DelimDot},Located {locSpan = SourceSpan {spanFilename = "<input>", spanStart = SourcePos {posLine = 37, posColumn = 27}, spanEnd = SourcePos {posLine = 37, posColumn = 34}}, locValue = TokenIdent "process"},Located {locSpan = SourceSpan {spanFilename = "<input>", spanStart = SourcePos {posLine = 37, posColumn = 34}, spanEnd = SourcePos {posLine = 37, posColumn = 35}}, locValue = TokenDelimiter DelimLeftParen},Located {locSpan = SourceSpan {spanFilename = "<input>", spanStart = SourcePos {posLine = 37, posColumn = 35}, spanEnd = SourcePos {posLine = 37, posColumn = 36}}, locValue = TokenDelimiter DelimRightParen},Located {locSpan = SourceSpan {spanFilename = "<input>", spanStart = SourcePos {posLine = 37, posColumn = 1}, spanEnd = SourcePos {posLine = 38, posColumn = 1}}, locValue = TokenNewline},Located {locSpan = SourceSpan {spanFilename = "<input>", spanStart = SourcePos {posLine = 38, posColumn = 5}, spanEnd = SourcePos {posLine = 38, posColumn = 10}}, locValue = TokenIdent "print"},Located {locSpan = SourceSpan {spanFilename = "<input>", spanStart = SourcePos {posLine = 38, posColumn = 10}, spanEnd = SourcePos {posLine = 38, posColumn = 11}}, locValue = TokenDelimiter DelimLeftParen},Located {locSpan = SourceSpan {spanFilename = "<input>", spanStart = SourcePos {posLine = 38, posColumn = 11}, spanEnd = SourcePos {posLine = 38, posColumn = 46}}, locValue = TokenFString "Processed {len(processed)} items" ["len(processed)"]},Located {locSpan = SourceSpan {spanFilename = "<input>", spanStart = SourcePos {posLine = 38, posColumn = 46}, spanEnd = SourcePos {posLine = 38, posColumn = 47}}, locValue = TokenDelimiter DelimRightParen},Located {locSpan = SourceSpan {spanFilename = "<input>", spanStart = SourcePos {posLine = 38, posColumn = 1}, spanEnd = SourcePos {posLine = 39, posColumn = 1}}, locValue = TokenNewline},Located {locSpan = SourceSpan {spanFilename = "<input>", spanStart = SourcePos {posLine = 39, posColumn = 1}, spanEnd = SourcePos {posLine = 40, posColumn = 1}}, locValue = TokenNewline},Located {locSpan = SourceSpan {spanFilename = "<input>", spanStart = SourcePos {posLine = 40, posColumn = 5}, spanEnd = SourcePos {posLine = 40, posColumn = 19}}, locValue = TokenComment "# Save to file"},Located {locSpan = SourceSpan {spanFilename = "<input>", spanStart = SourcePos {posLine = 40, posColumn = 1}, spanEnd = SourcePos {posLine = 41, posColumn = 1}}, locValue = TokenNewline},Located {locSpan = SourceSpan {spanFilename = "<input>", spanStart = SourcePos {posLine = 41, posColumn = 5}, spanEnd = SourcePos {posLine = 41, posColumn = 14}}, locValue = TokenIdent "processor"},Located {locSpan = SourceSpan {spanFilename = "<input>", spanStart = SourcePos {posLine = 41, posColumn = 14}, spanEnd = SourcePos {posLine = 41, posColumn = 15}}, locValue = TokenDelimiter DelimDot},Located {locSpan = SourceSpan {spanFilename = "<input>", spanStart = SourcePos {posLine = 41, posColumn = 15}, spanEnd = SourcePos {posLine = 41, posColumn = 27}}, locValue = TokenIdent "save_to_file"},Located {locSpan = SourceSpan {spanFilename = "<input>", spanStart = SourcePos {posLine = 41, posColumn = 27}, spanEnd = SourcePos {posLine = 41, posColumn = 28}}, locValue = TokenDelimiter DelimLeftParen},Located {locSpan = SourceSpan {spanFilename = "<input>", spanStart = SourcePos {posLine = 41, posColumn = 28}, spanEnd = SourcePos {posLine = 41, posColumn = 40}}, locValue = TokenString "output.txt"},Located {locSpan = SourceSpan {spanFilename = "<input>", spanStart = SourcePos {posLine = 41, posColumn = 40}, spanEnd = SourcePos {posLine = 41, posColumn = 41}}, locValue = TokenDelimiter DelimRightParen},Located {locSpan = SourceSpan {spanFilename = "<input>", spanStart = SourcePos {posLine = 41, posColumn = 1}, spanEnd = SourcePos {posLine = 42, posColumn = 1}}, locValue = TokenNewline},Located {locSpan = SourceSpan {spanFilename = "<input>", spanStart = SourcePos {posLine = 42, posColumn = 1}, spanEnd = SourcePos {posLine = 43, posColumn = 1}}, locValue = TokenNewline},Located {locSpan = SourceSpan {spanFilename = "<input>", spanStart = SourcePos {posLine = 43, posColumn = 5}, spanEnd = SourcePos {posLine = 43, posColumn = 11}}, locValue = TokenKeyword KwReturn},Located {locSpan = SourceSpan {spanFilename = "<input>", spanStart = SourcePos {posLine = 43, posColumn = 12}, spanEnd = SourcePos {posLine = 43, posColumn = 13}}, locValue = TokenNumber "0" False},Located {locSpan = SourceSpan {spanFilename = "<input>", spanStart = SourcePos {posLine = 43, posColumn = 1}, spanEnd = SourcePos {posLine = 45, posColumn = 1}}, locValue = TokenNewline},Located {locSpan = SourceSpan {spanFilename = "<input>", spanStart = SourcePos {posLine = 43, posColumn = 1}, spanEnd = SourcePos {posLine = 45, posColumn = 1}}, locValue = TokenNewline},Located {locSpan = SourceSpan {spanFilename = "<input>", spanStart = SourcePos {posLine = 45, posColumn = 1}, spanEnd = SourcePos {posLine = 45, posColumn = 1}}, locValue = TokenDedent 4},Located {locSpan = SourceSpan {spanFilename = "<input>", spanStart = SourcePos {posLine = 45, posColumn = 1}, spanEnd = SourcePos {posLine = 45, posColumn = 3}}, locValue = TokenKeyword KwIf},Located {locSpan = SourceSpan {spanFilename = "<input>", spanStart = SourcePos {posLine = 45, posColumn = 4}, spanEnd = SourcePos {posLine = 45, posColumn = 12}}, locValue = TokenIdent "__name__"},Located {locSpan = SourceSpan {spanFilename = "<input>", spanStart = SourcePos {posLine = 45, posColumn = 13}, spanEnd = SourcePos {posLine = 45, posColumn = 15}}, locValue = TokenOperator OpEq},Located {locSpan = SourceSpan {spanFilename = "<input>", spanStart = SourcePos {posLine = 45, posColumn = 16}, spanEnd = SourcePos {posLine = 45, posColumn = 26}}, locValue = TokenString "__main__"},Located {locSpan = SourceSpan {spanFilename = "<input>", spanStart = SourcePos {posLine = 45, posColumn = 26}, spanEnd = SourcePos {posLine = 45, posColumn = 27}}, locValue = TokenDelimiter DelimColon},Located {locSpan = SourceSpan {spanFilename = "<input>", spanStart = SourcePos {posLine = 45, posColumn = 1}, spanEnd = SourcePos {posLine = 46, posColumn = 1}}, locValue = TokenNewline},Located {locSpan = SourceSpan {spanFilename = "<input>", spanStart = SourcePos {posLine = 46, posColumn = 1}, spanEnd = SourcePos {posLine = 46, posColumn = 5}}, locValue = TokenIndent 4},Located {locSpan = SourceSpan {spanFilename = "<input>", spanStart = SourcePos {posLine = 46, posColumn = 5}, spanEnd = SourcePos {posLine = 46, posColumn = 8}}, locValue = TokenIdent "sys"},Located {locSpan = SourceSpan {spanFilename = "<input>", spanStart = SourcePos {posLine = 46, posColumn = 8}, spanEnd = SourcePos {posLine = 46, posColumn = 9}}, locValue = TokenDelimiter DelimDot},Located {locSpan = SourceSpan {spanFilename = "<input>", spanStart = SourcePos {posLine = 46, posColumn = 9}, spanEnd = SourcePos {posLine = 46, posColumn = 13}}, locValue = TokenIdent "exit"},Located {locSpan = SourceSpan {spanFilename = "<input>", spanStart = SourcePos {posLine = 46, posColumn = 13}, spanEnd = SourcePos {posLine = 46, posColumn = 14}}, locValue = TokenDelimiter DelimLeftParen},Located {locSpan = SourceSpan {spanFilename = "<input>", spanStart = SourcePos {posLine = 46, posColumn = 14}, spanEnd = SourcePos {posLine = 46, posColumn = 18}}, locValue = TokenIdent "main"},Located {locSpan = SourceSpan {spanFilename = "<input>", spanStart = SourcePos {posLine = 46, posColumn = 18}, spanEnd = SourcePos {posLine = 46, posColumn = 19}}, locValue = TokenDelimiter DelimLeftParen},Located {locSpan = SourceSpan {spanFilename = "<input>", spanStart = SourcePos {posLine = 46, posColumn = 19}, spanEnd = SourcePos {posLine = 46, posColumn = 20}}, locValue = TokenDelimiter DelimRightParen},Located {locSpan = SourceSpan {spanFilename = "<input>", spanStart = SourcePos {posLine = 46, posColumn = 20}, spanEnd = SourcePos {posLine = 46, posColumn = 21}}, locValue = TokenDelimiter DelimRightParen},Located {locSpan = SourceSpan {spanFilename = "<input>", spanStart = SourcePos {posLine = 46, posColumn = 1}, spanEnd = SourcePos {posLine = 47, posColumn = 1}}, locValue = TokenNewline},Located {locSpan = SourceSpan {spanFilename = "<input>", spanStart = SourcePos {posLine = 0, posColumn = 0}, spanEnd = SourcePos {posLine = 0, posColumn = 0}}, locValue = TokenDedent 0}], pstateOffset = 0, pstateSourcePos = SourcePos {sourceName = "/tmp/fluxus-e2e-test--7dc1e0b568e0e18e/app.py", sourceLine = Pos 1, sourceColumn = Pos 1}, pstateTabWidth = Pos 8, pstateLinePrefix = ""}}
      compiles real-world Python application to C++ [✘]
[INFO] Compiling project with 2 files
[INFO] Processing file: /tmp/fluxus-e2e-go-test--3e0678956dd0f145/main.go
[INFO] [DRIVER] === Starting compilation pipeline for: /tmp/fluxus-e2e-go-test--3e0678956dd0f145/main.go ===
[INFO] [DRIVER] Debug breakpoint: processSourceFile called with file: /tmp/fluxus-e2e-go-test--3e0678956dd0f145/main.go
[INFO] Phase: parsing
[INFO] [DRIVER] Parse stage started for: /tmp/fluxus-e2e-go-test--3e0678956dd0f145/main.go
[INFO] [DRIVER] Go lexer starting for: /tmp/fluxus-e2e-go-test--3e0678956dd0f145/main.go
[INFO] [DRIVER] Go lexer succeeded: 78 tokens
[INFO] [DRIVER] Go parser starting
[INFO] [DRIVER] Go parser succeeded
[INFO] Phase: type-inference
[INFO] [DRIVER] Starting type inference for: /tmp/fluxus-e2e-go-test--3e0678956dd0f145/main.go
[INFO] Running type inference analysis
[INFO] [DRIVER] Type inference stage started
[INFO] Type inference completed successfully
[INFO] [DRIVER] Type inference completed successfully
[INFO] Phase: optimization
[INFO] [DRIVER] Starting optimization for: /tmp/fluxus-e2e-go-test--3e0678956dd0f145/main.go
[INFO] Running optimizations at level O3
[INFO] [DRIVER] === Pipeline completed for: /tmp/fluxus-e2e-go-test--3e0678956dd0f145/main.go ===
[INFO] Phase: code-generation
[INFO] [DRIVER] Main code generation stage started
[INFO] [DRIVER] Main code generation completed successfully
[INFO] Code generation completed: /tmp/fluxus-e2e-go-test--3e0678956dd0f145/main.cpp
[INFO] Processing file: /tmp/fluxus-e2e-go-test--3e0678956dd0f145/utils.go
[INFO] [DRIVER] === Starting compilation pipeline for: /tmp/fluxus-e2e-go-test--3e0678956dd0f145/utils.go ===
[INFO] [DRIVER] Debug breakpoint: processSourceFile called with file: /tmp/fluxus-e2e-go-test--3e0678956dd0f145/utils.go
[INFO] Phase: parsing
[INFO] [DRIVER] Parse stage started for: /tmp/fluxus-e2e-go-test--3e0678956dd0f145/utils.go
[INFO] [DRIVER] Go lexer starting for: /tmp/fluxus-e2e-go-test--3e0678956dd0f145/utils.go
[INFO] [DRIVER] Go lexer succeeded: 132 tokens
[INFO] [DRIVER] Go parser starting
[INFO] [DRIVER] Go parser succeeded
[INFO] Phase: type-inference
[INFO] [DRIVER] Starting type inference for: /tmp/fluxus-e2e-go-test--3e0678956dd0f145/utils.go
[INFO] Running type inference analysis
[INFO] [DRIVER] Type inference stage started
[INFO] Type inference completed successfully
[INFO] [DRIVER] Type inference completed successfully
[INFO] Phase: optimization
[INFO] [DRIVER] Starting optimization for: /tmp/fluxus-e2e-go-test--3e0678956dd0f145/utils.go
[INFO] Running optimizations at level O3
[INFO] [DRIVER] === Pipeline completed for: /tmp/fluxus-e2e-go-test--3e0678956dd0f145/utils.go ===
[INFO] Phase: code-generation
[INFO] [DRIVER] Code generation stage started
[INFO] [DRIVER] Code generation completed successfully
[INFO] Code generation completed: /tmp/fluxus-e2e-go-test--3e0678956dd0f145/utils.cpp
[INFO] Wrote combined C++ file: /tmp/fluxus-e2e-go-test--3e0678956dd0f145/combined.cpp
      compiles multi-file Go project to C++ [✔]
    Runtime Behavior Tests
[INFO] Compiling project with 1 files
[INFO] Processing file: /tmp/fluxus-memory-test--ffa42e255ef020d7/memory.py
[INFO] [DRIVER] === Starting compilation pipeline for: /tmp/fluxus-memory-test--ffa42e255ef020d7/memory.py ===
[INFO] [DRIVER] Debug breakpoint: processSourceFile called with file: /tmp/fluxus-memory-test--ffa42e255ef020d7/memory.py
[INFO] Phase: parsing
[INFO] [DRIVER] Parse stage started for: /tmp/fluxus-memory-test--ffa42e255ef020d7/memory.py
[INFO] [DRIVER] Python lexer starting for: /tmp/fluxus-memory-test--ffa42e255ef020d7/memory.py
[INFO] [DRIVER] Python lexer succeeded: 152 tokens
[INFO] [DRIVER] Python parser starting
[ERROR] [DRIVER] Python parser failed: ParseErrorBundle {bundleErrors = TrivialError 4 (Just (Tokens (Located {locSpan = SourceSpan {spanFilename = "<input>", spanStart = SourcePos {posLine = 3, posColumn = 1}, spanEnd = SourcePos {posLine = 3, posColumn = 6}}, locValue = TokenKeyword KwClass} :| []))) (fromList [EndOfInput]) :| [], bundlePosState = PosState {pstateInput = [Located {locSpan = SourceSpan {spanFilename = "<input>", spanStart = SourcePos {posLine = 1, posColumn = 1}, spanEnd = SourcePos {posLine = 1, posColumn = 7}}, locValue = TokenKeyword KwImport},Located {locSpan = SourceSpan {spanFilename = "<input>", spanStart = SourcePos {posLine = 1, posColumn = 8}, spanEnd = SourcePos {posLine = 1, posColumn = 11}}, locValue = TokenIdent "sys"},Located {locSpan = SourceSpan {spanFilename = "<input>", spanStart = SourcePos {posLine = 1, posColumn = 1}, spanEnd = SourcePos {posLine = 3, posColumn = 1}}, locValue = TokenNewline},Located {locSpan = SourceSpan {spanFilename = "<input>", spanStart = SourcePos {posLine = 1, posColumn = 1}, spanEnd = SourcePos {posLine = 3, posColumn = 1}}, locValue = TokenNewline},Located {locSpan = SourceSpan {spanFilename = "<input>", spanStart = SourcePos {posLine = 3, posColumn = 1}, spanEnd = SourcePos {posLine = 3, posColumn = 6}}, locValue = TokenKeyword KwClass},Located {locSpan = SourceSpan {spanFilename = "<input>", spanStart = SourcePos {posLine = 3, posColumn = 7}, spanEnd = SourcePos {posLine = 3, posColumn = 22}}, locValue = TokenIdent "MemoryIntensive"},Located {locSpan = SourceSpan {spanFilename = "<input>", spanStart = SourcePos {posLine = 3, posColumn = 22}, spanEnd = SourcePos {posLine = 3, posColumn = 23}}, locValue = TokenDelimiter DelimColon},Located {locSpan = SourceSpan {spanFilename = "<input>", spanStart = SourcePos {posLine = 3, posColumn = 1}, spanEnd = SourcePos {posLine = 4, posColumn = 1}}, locValue = TokenNewline},Located {locSpan = SourceSpan {spanFilename = "<input>", spanStart = SourcePos {posLine = 4, posColumn = 1}, spanEnd = SourcePos {posLine = 4, posColumn = 5}}, locValue = TokenIndent 4},Located {locSpan = SourceSpan {spanFilename = "<input>", spanStart = SourcePos {posLine = 4, posColumn = 5}, spanEnd = SourcePos {posLine = 4, posColumn = 8}}, locValue = TokenKeyword KwDef},Located {locSpan = SourceSpan {spanFilename = "<input>", spanStart = SourcePos {posLine = 4, posColumn = 9}, spanEnd = SourcePos {posLine = 4, posColumn = 17}}, locValue = TokenIdent "__init__"},Located {locSpan = SourceSpan {spanFilename = "<input>", spanStart = SourcePos {posLine = 4, posColumn = 17}, spanEnd = SourcePos {posLine = 4, posColumn = 18}}, locValue = TokenDelimiter DelimLeftParen},Located {locSpan = SourceSpan {spanFilename = "<input>", spanStart = SourcePos {posLine = 4, posColumn = 18}, spanEnd = SourcePos {posLine = 4, posColumn = 22}}, locValue = TokenIdent "self"},Located {locSpan = SourceSpan {spanFilename = "<input>", spanStart = SourcePos {posLine = 4, posColumn = 22}, spanEnd = SourcePos {posLine = 4, posColumn = 23}}, locValue = TokenDelimiter DelimComma},Located {locSpan = SourceSpan {spanFilename = "<input>", spanStart = SourcePos {posLine = 4, posColumn = 24}, spanEnd = SourcePos {posLine = 4, posColumn = 28}}, locValue = TokenIdent "size"},Located {locSpan = SourceSpan {spanFilename = "<input>", spanStart = SourcePos {posLine = 4, posColumn = 28}, spanEnd = SourcePos {posLine = 4, posColumn = 29}}, locValue = TokenDelimiter DelimRightParen},Located {locSpan = SourceSpan {spanFilename = "<input>", spanStart = SourcePos {posLine = 4, posColumn = 29}, spanEnd = SourcePos {posLine = 4, posColumn = 30}}, locValue = TokenDelimiter DelimColon},Located {locSpan = SourceSpan {spanFilename = "<input>", spanStart = SourcePos {posLine = 4, posColumn = 1}, spanEnd = SourcePos {posLine = 5, posColumn = 1}}, locValue = TokenNewline},Located {locSpan = SourceSpan {spanFilename = "<input>", spanStart = SourcePos {posLine = 5, posColumn = 1}, spanEnd = SourcePos {posLine = 5, posColumn = 9}}, locValue = TokenIndent 8},Located {locSpan = SourceSpan {spanFilename = "<input>", spanStart = SourcePos {posLine = 5, posColumn = 9}, spanEnd = SourcePos {posLine = 5, posColumn = 13}}, locValue = TokenIdent "self"},Located {locSpan = SourceSpan {spanFilename = "<input>", spanStart = SourcePos {posLine = 5, posColumn = 13}, spanEnd = SourcePos {posLine = 5, posColumn = 14}}, locValue = TokenDelimiter DelimDot},Located {locSpan = SourceSpan {spanFilename = "<input>", spanStart = SourcePos {posLine = 5, posColumn = 14}, spanEnd = SourcePos {posLine = 5, posColumn = 18}}, locValue = TokenIdent "size"},Located {locSpan = SourceSpan {spanFilename = "<input>", spanStart = SourcePos {posLine = 5, posColumn = 19}, spanEnd = SourcePos {posLine = 5, posColumn = 20}}, locValue = TokenOperator OpAssign},Located {locSpan = SourceSpan {spanFilename = "<input>", spanStart = SourcePos {posLine = 5, posColumn = 21}, spanEnd = SourcePos {posLine = 5, posColumn = 25}}, locValue = TokenIdent "size"},Located {locSpan = SourceSpan {spanFilename = "<input>", spanStart = SourcePos {posLine = 5, posColumn = 1}, spanEnd = SourcePos {posLine = 6, posColumn = 1}}, locValue = TokenNewline},Located {locSpan = SourceSpan {spanFilename = "<input>", spanStart = SourcePos {posLine = 6, posColumn = 9}, spanEnd = SourcePos {posLine = 6, posColumn = 13}}, locValue = TokenIdent "self"},Located {locSpan = SourceSpan {spanFilename = "<input>", spanStart = SourcePos {posLine = 6, posColumn = 13}, spanEnd = SourcePos {posLine = 6, posColumn = 14}}, locValue = TokenDelimiter DelimDot},Located {locSpan = SourceSpan {spanFilename = "<input>", spanStart = SourcePos {posLine = 6, posColumn = 14}, spanEnd = SourcePos {posLine = 6, posColumn = 18}}, locValue = TokenIdent "data"},Located {locSpan = SourceSpan {spanFilename = "<input>", spanStart = SourcePos {posLine = 6, posColumn = 19}, spanEnd = SourcePos {posLine = 6, posColumn = 20}}, locValue = TokenOperator OpAssign},Located {locSpan = SourceSpan {spanFilename = "<input>", spanStart = SourcePos {posLine = 6, posColumn = 21}, spanEnd = SourcePos {posLine = 6, posColumn = 22}}, locValue = TokenDelimiter DelimLeftBracket},Located {locSpan = SourceSpan {spanFilename = "<input>", spanStart = SourcePos {posLine = 6, posColumn = 22}, spanEnd = SourcePos {posLine = 6, posColumn = 23}}, locValue = TokenNumber "0" False},Located {locSpan = SourceSpan {spanFilename = "<input>", spanStart = SourcePos {posLine = 6, posColumn = 23}, spanEnd = SourcePos {posLine = 6, posColumn = 24}}, locValue = TokenDelimiter DelimRightBracket},Located {locSpan = SourceSpan {spanFilename = "<input>", spanStart = SourcePos {posLine = 6, posColumn = 25}, spanEnd = SourcePos {posLine = 6, posColumn = 26}}, locValue = TokenOperator OpMult},Located {locSpan = SourceSpan {spanFilename = "<input>", spanStart = SourcePos {posLine = 6, posColumn = 27}, spanEnd = SourcePos {posLine = 6, posColumn = 31}}, locValue = TokenIdent "size"},Located {locSpan = SourceSpan {spanFilename = "<input>", spanStart = SourcePos {posLine = 6, posColumn = 1}, spanEnd = SourcePos {posLine = 7, posColumn = 1}}, locValue = TokenNewline},Located {locSpan = SourceSpan {spanFilename = "<input>", spanStart = SourcePos {posLine = 7, posColumn = 1}, spanEnd = SourcePos {posLine = 7, posColumn = 5}}, locValue = TokenDedent 8},Located {locSpan = SourceSpan {spanFilename = "<input>", spanStart = SourcePos {posLine = 7, posColumn = 1}, spanEnd = SourcePos {posLine = 8, posColumn = 1}}, locValue = TokenNewline},Located {locSpan = SourceSpan {spanFilename = "<input>", spanStart = SourcePos {posLine = 8, posColumn = 5}, spanEnd = SourcePos {posLine = 8, posColumn = 8}}, locValue = TokenKeyword KwDef},Located {locSpan = SourceSpan {spanFilename = "<input>", spanStart = SourcePos {posLine = 8, posColumn = 9}, spanEnd = SourcePos {posLine = 8, posColumn = 16}}, locValue = TokenIdent "process"},Located {locSpan = SourceSpan {spanFilename = "<input>", spanStart = SourcePos {posLine = 8, posColumn = 16}, spanEnd = SourcePos {posLine = 8, posColumn = 17}}, locValue = TokenDelimiter DelimLeftParen},Located {locSpan = SourceSpan {spanFilename = "<input>", spanStart = SourcePos {posLine = 8, posColumn = 17}, spanEnd = SourcePos {posLine = 8, posColumn = 21}}, locValue = TokenIdent "self"},Located {locSpan = SourceSpan {spanFilename = "<input>", spanStart = SourcePos {posLine = 8, posColumn = 21}, spanEnd = SourcePos {posLine = 8, posColumn = 22}}, locValue = TokenDelimiter DelimRightParen},Located {locSpan = SourceSpan {spanFilename = "<input>", spanStart = SourcePos {posLine = 8, posColumn = 22}, spanEnd = SourcePos {posLine = 8, posColumn = 23}}, locValue = TokenDelimiter DelimColon},Located {locSpan = SourceSpan {spanFilename = "<input>", spanStart = SourcePos {posLine = 8, posColumn = 1}, spanEnd = SourcePos {posLine = 9, posColumn = 1}}, locValue = TokenNewline},Located {locSpan = SourceSpan {spanFilename = "<input>", spanStart = SourcePos {posLine = 9, posColumn = 1}, spanEnd = SourcePos {posLine = 9, posColumn = 9}}, locValue = TokenIndent 8},Located {locSpan = SourceSpan {spanFilename = "<input>", spanStart = SourcePos {posLine = 9, posColumn = 9}, spanEnd = SourcePos {posLine = 9, posColumn = 47}}, locValue = TokenComment "# Simulate memory-intensive processing"},Located {locSpan = SourceSpan {spanFilename = "<input>", spanStart = SourcePos {posLine = 9, posColumn = 1}, spanEnd = SourcePos {posLine = 10, posColumn = 1}}, locValue = TokenNewline},Located {locSpan = SourceSpan {spanFilename = "<input>", spanStart = SourcePos {posLine = 10, posColumn = 9}, spanEnd = SourcePos {posLine = 10, posColumn = 12}}, locValue = TokenKeyword KwFor},Located {locSpan = SourceSpan {spanFilename = "<input>", spanStart = SourcePos {posLine = 10, posColumn = 13}, spanEnd = SourcePos {posLine = 10, posColumn = 14}}, locValue = TokenIdent "i"},Located {locSpan = SourceSpan {spanFilename = "<input>", spanStart = SourcePos {posLine = 10, posColumn = 15}, spanEnd = SourcePos {posLine = 10, posColumn = 17}}, locValue = TokenKeyword KwIn},Located {locSpan = SourceSpan {spanFilename = "<input>", spanStart = SourcePos {posLine = 10, posColumn = 18}, spanEnd = SourcePos {posLine = 10, posColumn = 23}}, locValue = TokenIdent "range"},Located {locSpan = SourceSpan {spanFilename = "<input>", spanStart = SourcePos {posLine = 10, posColumn = 23}, spanEnd = SourcePos {posLine = 10, posColumn = 24}}, locValue = TokenDelimiter DelimLeftParen},Located {locSpan = SourceSpan {spanFilename = "<input>", spanStart = SourcePos {posLine = 10, posColumn = 24}, spanEnd = SourcePos {posLine = 10, posColumn = 28}}, locValue = TokenIdent "self"},Located {locSpan = SourceSpan {spanFilename = "<input>", spanStart = SourcePos {posLine = 10, posColumn = 28}, spanEnd = SourcePos {posLine = 10, posColumn = 29}}, locValue = TokenDelimiter DelimDot},Located {locSpan = SourceSpan {spanFilename = "<input>", spanStart = SourcePos {posLine = 10, posColumn = 29}, spanEnd = SourcePos {posLine = 10, posColumn = 33}}, locValue = TokenIdent "size"},Located {locSpan = SourceSpan {spanFilename = "<input>", spanStart = SourcePos {posLine = 10, posColumn = 33}, spanEnd = SourcePos {posLine = 10, posColumn = 34}}, locValue = TokenDelimiter DelimRightParen},Located {locSpan = SourceSpan {spanFilename = "<input>", spanStart = SourcePos {posLine = 10, posColumn = 34}, spanEnd = SourcePos {posLine = 10, posColumn = 35}}, locValue = TokenDelimiter DelimColon},Located {locSpan = SourceSpan {spanFilename = "<input>", spanStart = SourcePos {posLine = 10, posColumn = 1}, spanEnd = SourcePos {posLine = 11, posColumn = 1}}, locValue = TokenNewline},Located {locSpan = SourceSpan {spanFilename = "<input>", spanStart = SourcePos {posLine = 11, posColumn = 1}, spanEnd = SourcePos {posLine = 11, posColumn = 13}}, locValue = TokenIndent 12},Located {locSpan = SourceSpan {spanFilename = "<input>", spanStart = SourcePos {posLine = 11, posColumn = 13}, spanEnd = SourcePos {posLine = 11, posColumn = 17}}, locValue = TokenIdent "self"},Located {locSpan = SourceSpan {spanFilename = "<input>", spanStart = SourcePos {posLine = 11, posColumn = 17}, spanEnd = SourcePos {posLine = 11, posColumn = 18}}, locValue = TokenDelimiter DelimDot},Located {locSpan = SourceSpan {spanFilename = "<input>", spanStart = SourcePos {posLine = 11, posColumn = 18}, spanEnd = SourcePos {posLine = 11, posColumn = 22}}, locValue = TokenIdent "data"},Located {locSpan = SourceSpan {spanFilename = "<input>", spanStart = SourcePos {posLine = 11, posColumn = 22}, spanEnd = SourcePos {posLine = 11, posColumn = 23}}, locValue = TokenDelimiter DelimLeftBracket},Located {locSpan = SourceSpan {spanFilename = "<input>", spanStart = SourcePos {posLine = 11, posColumn = 23}, spanEnd = SourcePos {posLine = 11, posColumn = 24}}, locValue = TokenIdent "i"},Located {locSpan = SourceSpan {spanFilename = "<input>", spanStart = SourcePos {posLine = 11, posColumn = 24}, spanEnd = SourcePos {posLine = 11, posColumn = 25}}, locValue = TokenDelimiter DelimRightBracket},Located {locSpan = SourceSpan {spanFilename = "<input>", spanStart = SourcePos {posLine = 11, posColumn = 26}, spanEnd = SourcePos {posLine = 11, posColumn = 27}}, locValue = TokenOperator OpAssign},Located {locSpan = SourceSpan {spanFilename = "<input>", spanStart = SourcePos {posLine = 11, posColumn = 28}, spanEnd = SourcePos {posLine = 11, posColumn = 29}}, locValue = TokenIdent "i"},Located {locSpan = SourceSpan {spanFilename = "<input>", spanStart = SourcePos {posLine = 11, posColumn = 30}, spanEnd = SourcePos {posLine = 11, posColumn = 31}}, locValue = TokenOperator OpMult},Located {locSpan = SourceSpan {spanFilename = "<input>", spanStart = SourcePos {posLine = 11, posColumn = 32}, spanEnd = SourcePos {posLine = 11, posColumn = 33}}, locValue = TokenIdent "i"},Located {locSpan = SourceSpan {spanFilename = "<input>", spanStart = SourcePos {posLine = 11, posColumn = 1}, spanEnd = SourcePos {posLine = 12, posColumn = 1}}, locValue = TokenNewline},Located {locSpan = SourceSpan {spanFilename = "<input>", spanStart = SourcePos {posLine = 12, posColumn = 1}, spanEnd = SourcePos {posLine = 12, posColumn = 9}}, locValue = TokenDedent 12},Located {locSpan = SourceSpan {spanFilename = "<input>", spanStart = SourcePos {posLine = 12, posColumn = 9}, spanEnd = SourcePos {posLine = 12, posColumn = 15}}, locValue = TokenKeyword KwReturn},Located {locSpan = SourceSpan {spanFilename = "<input>", spanStart = SourcePos {posLine = 12, posColumn = 16}, spanEnd = SourcePos {posLine = 12, posColumn = 19}}, locValue = TokenIdent "sum"},Located {locSpan = SourceSpan {spanFilename = "<input>", spanStart = SourcePos {posLine = 12, posColumn = 19}, spanEnd = SourcePos {posLine = 12, posColumn = 20}}, locValue = TokenDelimiter DelimLeftParen},Located {locSpan = SourceSpan {spanFilename = "<input>", spanStart = SourcePos {posLine = 12, posColumn = 20}, spanEnd = SourcePos {posLine = 12, posColumn = 24}}, locValue = TokenIdent "self"},Located {locSpan = SourceSpan {spanFilename = "<input>", spanStart = SourcePos {posLine = 12, posColumn = 24}, spanEnd = SourcePos {posLine = 12, posColumn = 25}}, locValue = TokenDelimiter DelimDot},Located {locSpan = SourceSpan {spanFilename = "<input>", spanStart = SourcePos {posLine = 12, posColumn = 25}, spanEnd = SourcePos {posLine = 12, posColumn = 29}}, locValue = TokenIdent "data"},Located {locSpan = SourceSpan {spanFilename = "<input>", spanStart = SourcePos {posLine = 12, posColumn = 29}, spanEnd = SourcePos {posLine = 12, posColumn = 30}}, locValue = TokenDelimiter DelimRightParen},Located {locSpan = SourceSpan {spanFilename = "<input>", spanStart = SourcePos {posLine = 12, posColumn = 1}, spanEnd = SourcePos {posLine = 14, posColumn = 1}}, locValue = TokenNewline},Located {locSpan = SourceSpan {spanFilename = "<input>", spanStart = SourcePos {posLine = 12, posColumn = 1}, spanEnd = SourcePos {posLine = 14, posColumn = 1}}, locValue = TokenNewline},Located {locSpan = SourceSpan {spanFilename = "<input>", spanStart = SourcePos {posLine = 14, posColumn = 1}, spanEnd = SourcePos {posLine = 14, posColumn = 1}}, locValue = TokenDedent 4},Located {locSpan = SourceSpan {spanFilename = "<input>", spanStart = SourcePos {posLine = 14, posColumn = 1}, spanEnd = SourcePos {posLine = 14, posColumn = 1}}, locValue = TokenDedent 8},Located {locSpan = SourceSpan {spanFilename = "<input>", spanStart = SourcePos {posLine = 14, posColumn = 1}, spanEnd = SourcePos {posLine = 14, posColumn = 4}}, locValue = TokenKeyword KwDef},Located {locSpan = SourceSpan {spanFilename = "<input>", spanStart = SourcePos {posLine = 14, posColumn = 5}, spanEnd = SourcePos {posLine = 14, posColumn = 9}}, locValue = TokenIdent "main"},Located {locSpan = SourceSpan {spanFilename = "<input>", spanStart = SourcePos {posLine = 14, posColumn = 9}, spanEnd = SourcePos {posLine = 14, posColumn = 10}}, locValue = TokenDelimiter DelimLeftParen},Located {locSpan = SourceSpan {spanFilename = "<input>", spanStart = SourcePos {posLine = 14, posColumn = 10}, spanEnd = SourcePos {posLine = 14, posColumn = 11}}, locValue = TokenDelimiter DelimRightParen},Located {locSpan = SourceSpan {spanFilename = "<input>", spanStart = SourcePos {posLine = 14, posColumn = 11}, spanEnd = SourcePos {posLine = 14, posColumn = 12}}, locValue = TokenDelimiter DelimColon},Located {locSpan = SourceSpan {spanFilename = "<input>", spanStart = SourcePos {posLine = 14, posColumn = 1}, spanEnd = SourcePos {posLine = 15, posColumn = 1}}, locValue = TokenNewline},Located {locSpan = SourceSpan {spanFilename = "<input>", spanStart = SourcePos {posLine = 15, posColumn = 1}, spanEnd = SourcePos {posLine = 15, posColumn = 5}}, locValue = TokenIndent 4},Located {locSpan = SourceSpan {spanFilename = "<input>", spanStart = SourcePos {posLine = 15, posColumn = 5}, spanEnd = SourcePos {posLine = 15, posColumn = 32}}, locValue = TokenComment "# Test with different sizes"},Located {locSpan = SourceSpan {spanFilename = "<input>", spanStart = SourcePos {posLine = 15, posColumn = 1}, spanEnd = SourcePos {posLine = 16, posColumn = 1}}, locValue = TokenNewline},Located {locSpan = SourceSpan {spanFilename = "<input>", spanStart = SourcePos {posLine = 16, posColumn = 5}, spanEnd = SourcePos {posLine = 16, posColumn = 10}}, locValue = TokenIdent "sizes"},Located {locSpan = SourceSpan {spanFilename = "<input>", spanStart = SourcePos {posLine = 16, posColumn = 11}, spanEnd = SourcePos {posLine = 16, posColumn = 12}}, locValue = TokenOperator OpAssign},Located {locSpan = SourceSpan {spanFilename = "<input>", spanStart = SourcePos {posLine = 16, posColumn = 13}, spanEnd = SourcePos {posLine = 16, posColumn = 14}}, locValue = TokenDelimiter DelimLeftBracket},Located {locSpan = SourceSpan {spanFilename = "<input>", spanStart = SourcePos {posLine = 16, posColumn = 14}, spanEnd = SourcePos {posLine = 16, posColumn = 18}}, locValue = TokenNumber "1000" False},Located {locSpan = SourceSpan {spanFilename = "<input>", spanStart = SourcePos {posLine = 16, posColumn = 18}, spanEnd = SourcePos {posLine = 16, posColumn = 19}}, locValue = TokenDelimiter DelimComma},Located {locSpan = SourceSpan {spanFilename = "<input>", spanStart = SourcePos {posLine = 16, posColumn = 20}, spanEnd = SourcePos {posLine = 16, posColumn = 25}}, locValue = TokenNumber "10000" False},Located {locSpan = SourceSpan {spanFilename = "<input>", spanStart = SourcePos {posLine = 16, posColumn = 25}, spanEnd = SourcePos {posLine = 16, posColumn = 26}}, locValue = TokenDelimiter DelimComma},Located {locSpan = SourceSpan {spanFilename = "<input>", spanStart = SourcePos {posLine = 16, posColumn = 27}, spanEnd = SourcePos {posLine = 16, posColumn = 33}}, locValue = TokenNumber "100000" False},Located {locSpan = SourceSpan {spanFilename = "<input>", spanStart = SourcePos {posLine = 16, posColumn = 33}, spanEnd = SourcePos {posLine = 16, posColumn = 34}}, locValue = TokenDelimiter DelimRightBracket},Located {locSpan = SourceSpan {spanFilename = "<input>", spanStart = SourcePos {posLine = 16, posColumn = 1}, spanEnd = SourcePos {posLine = 17, posColumn = 1}}, locValue = TokenNewline},Located {locSpan = SourceSpan {spanFilename = "<input>", spanStart = SourcePos {posLine = 17, posColumn = 5}, spanEnd = SourcePos {posLine = 17, posColumn = 8}}, locValue = TokenKeyword KwFor},Located {locSpan = SourceSpan {spanFilename = "<input>", spanStart = SourcePos {posLine = 17, posColumn = 9}, spanEnd = SourcePos {posLine = 17, posColumn = 13}}, locValue = TokenIdent "size"},Located {locSpan = SourceSpan {spanFilename = "<input>", spanStart = SourcePos {posLine = 17, posColumn = 14}, spanEnd = SourcePos {posLine = 17, posColumn = 16}}, locValue = TokenKeyword KwIn},Located {locSpan = SourceSpan {spanFilename = "<input>", spanStart = SourcePos {posLine = 17, posColumn = 17}, spanEnd = SourcePos {posLine = 17, posColumn = 22}}, locValue = TokenIdent "sizes"},Located {locSpan = SourceSpan {spanFilename = "<input>", spanStart = SourcePos {posLine = 17, posColumn = 22}, spanEnd = SourcePos {posLine = 17, posColumn = 23}}, locValue = TokenDelimiter DelimColon},Located {locSpan = SourceSpan {spanFilename = "<input>", spanStart = SourcePos {posLine = 17, posColumn = 1}, spanEnd = SourcePos {posLine = 18, posColumn = 1}}, locValue = TokenNewline},Located {locSpan = SourceSpan {spanFilename = "<input>", spanStart = SourcePos {posLine = 18, posColumn = 1}, spanEnd = SourcePos {posLine = 18, posColumn = 9}}, locValue = TokenIndent 8},Located {locSpan = SourceSpan {spanFilename = "<input>", spanStart = SourcePos {posLine = 18, posColumn = 9}, spanEnd = SourcePos {posLine = 18, posColumn = 18}}, locValue = TokenIdent "processor"},Located {locSpan = SourceSpan {spanFilename = "<input>", spanStart = SourcePos {posLine = 18, posColumn = 19}, spanEnd = SourcePos {posLine = 18, posColumn = 20}}, locValue = TokenOperator OpAssign},Located {locSpan = SourceSpan {spanFilename = "<input>", spanStart = SourcePos {posLine = 18, posColumn = 21}, spanEnd = SourcePos {posLine = 18, posColumn = 36}}, locValue = TokenIdent "MemoryIntensive"},Located {locSpan = SourceSpan {spanFilename = "<input>", spanStart = SourcePos {posLine = 18, posColumn = 36}, spanEnd = SourcePos {posLine = 18, posColumn = 37}}, locValue = TokenDelimiter DelimLeftParen},Located {locSpan = SourceSpan {spanFilename = "<input>", spanStart = SourcePos {posLine = 18, posColumn = 37}, spanEnd = SourcePos {posLine = 18, posColumn = 41}}, locValue = TokenIdent "size"},Located {locSpan = SourceSpan {spanFilename = "<input>", spanStart = SourcePos {posLine = 18, posColumn = 41}, spanEnd = SourcePos {posLine = 18, posColumn = 42}}, locValue = TokenDelimiter DelimRightParen},Located {locSpan = SourceSpan {spanFilename = "<input>", spanStart = SourcePos {posLine = 18, posColumn = 1}, spanEnd = SourcePos {posLine = 19, posColumn = 1}}, locValue = TokenNewline},Located {locSpan = SourceSpan {spanFilename = "<input>", spanStart = SourcePos {posLine = 19, posColumn = 9}, spanEnd = SourcePos {posLine = 19, posColumn = 15}}, locValue = TokenIdent "result"},Located {locSpan = SourceSpan {spanFilename = "<input>", spanStart = SourcePos {posLine = 19, posColumn = 16}, spanEnd = SourcePos {posLine = 19, posColumn = 17}}, locValue = TokenOperator OpAssign},Located {locSpan = SourceSpan {spanFilename = "<input>", spanStart = SourcePos {posLine = 19, posColumn = 18}, spanEnd = SourcePos {posLine = 19, posColumn = 27}}, locValue = TokenIdent "processor"},Located {locSpan = SourceSpan {spanFilename = "<input>", spanStart = SourcePos {posLine = 19, posColumn = 27}, spanEnd = SourcePos {posLine = 19, posColumn = 28}}, locValue = TokenDelimiter DelimDot},Located {locSpan = SourceSpan {spanFilename = "<input>", spanStart = SourcePos {posLine = 19, posColumn = 28}, spanEnd = SourcePos {posLine = 19, posColumn = 35}}, locValue = TokenIdent "process"},Located {locSpan = SourceSpan {spanFilename = "<input>", spanStart = SourcePos {posLine = 19, posColumn = 35}, spanEnd = SourcePos {posLine = 19, posColumn = 36}}, locValue = TokenDelimiter DelimLeftParen},Located {locSpan = SourceSpan {spanFilename = "<input>", spanStart = SourcePos {posLine = 19, posColumn = 36}, spanEnd = SourcePos {posLine = 19, posColumn = 37}}, locValue = TokenDelimiter DelimRightParen},Located {locSpan = SourceSpan {spanFilename = "<input>", spanStart = SourcePos {posLine = 19, posColumn = 1}, spanEnd = SourcePos {posLine = 20, posColumn = 1}}, locValue = TokenNewline},Located {locSpan = SourceSpan {spanFilename = "<input>", spanStart = SourcePos {posLine = 20, posColumn = 9}, spanEnd = SourcePos {posLine = 20, posColumn = 14}}, locValue = TokenIdent "print"},Located {locSpan = SourceSpan {spanFilename = "<input>", spanStart = SourcePos {posLine = 20, posColumn = 14}, spanEnd = SourcePos {posLine = 20, posColumn = 15}}, locValue = TokenDelimiter DelimLeftParen},Located {locSpan = SourceSpan {spanFilename = "<input>", spanStart = SourcePos {posLine = 20, posColumn = 15}, spanEnd = SourcePos {posLine = 20, posColumn = 56}}, locValue = TokenFString "Size {size}: sum of squares = {result}" ["size","result"]},Located {locSpan = SourceSpan {spanFilename = "<input>", spanStart = SourcePos {posLine = 20, posColumn = 56}, spanEnd = SourcePos {posLine = 20, posColumn = 57}}, locValue = TokenDelimiter DelimRightParen},Located {locSpan = SourceSpan {spanFilename = "<input>", spanStart = SourcePos {posLine = 20, posColumn = 1}, spanEnd = SourcePos {posLine = 21, posColumn = 1}}, locValue = TokenNewline},Located {locSpan = SourceSpan {spanFilename = "<input>", spanStart = SourcePos {posLine = 21, posColumn = 1}, spanEnd = SourcePos {posLine = 21, posColumn = 5}}, locValue = TokenDedent 8},Located {locSpan = SourceSpan {spanFilename = "<input>", spanStart = SourcePos {posLine = 21, posColumn = 1}, spanEnd = SourcePos {posLine = 22, posColumn = 1}}, locValue = TokenNewline},Located {locSpan = SourceSpan {spanFilename = "<input>", spanStart = SourcePos {posLine = 22, posColumn = 5}, spanEnd = SourcePos {posLine = 22, posColumn = 11}}, locValue = TokenKeyword KwReturn},Located {locSpan = SourceSpan {spanFilename = "<input>", spanStart = SourcePos {posLine = 22, posColumn = 12}, spanEnd = SourcePos {posLine = 22, posColumn = 13}}, locValue = TokenNumber "0" False},Located {locSpan = SourceSpan {spanFilename = "<input>", spanStart = SourcePos {posLine = 22, posColumn = 1}, spanEnd = SourcePos {posLine = 24, posColumn = 1}}, locValue = TokenNewline},Located {locSpan = SourceSpan {spanFilename = "<input>", spanStart = SourcePos {posLine = 22, posColumn = 1}, spanEnd = SourcePos {posLine = 24, posColumn = 1}}, locValue = TokenNewline},Located {locSpan = SourceSpan {spanFilename = "<input>", spanStart = SourcePos {posLine = 24, posColumn = 1}, spanEnd = SourcePos {posLine = 24, posColumn = 1}}, locValue = TokenDedent 4},Located {locSpan = SourceSpan {spanFilename = "<input>", spanStart = SourcePos {posLine = 24, posColumn = 1}, spanEnd = SourcePos {posLine = 24, posColumn = 3}}, locValue = TokenKeyword KwIf},Located {locSpan = SourceSpan {spanFilename = "<input>", spanStart = SourcePos {posLine = 24, posColumn = 4}, spanEnd = SourcePos {posLine = 24, posColumn = 12}}, locValue = TokenIdent "__name__"},Located {locSpan = SourceSpan {spanFilename = "<input>", spanStart = SourcePos {posLine = 24, posColumn = 13}, spanEnd = SourcePos {posLine = 24, posColumn = 15}}, locValue = TokenOperator OpEq},Located {locSpan = SourceSpan {spanFilename = "<input>", spanStart = SourcePos {posLine = 24, posColumn = 16}, spanEnd = SourcePos {posLine = 24, posColumn = 26}}, locValue = TokenString "__main__"},Located {locSpan = SourceSpan {spanFilename = "<input>", spanStart = SourcePos {posLine = 24, posColumn = 26}, spanEnd = SourcePos {posLine = 24, posColumn = 27}}, locValue = TokenDelimiter DelimColon},Located {locSpan = SourceSpan {spanFilename = "<input>", spanStart = SourcePos {posLine = 24, posColumn = 1}, spanEnd = SourcePos {posLine = 25, posColumn = 1}}, locValue = TokenNewline},Located {locSpan = SourceSpan {spanFilename = "<input>", spanStart = SourcePos {posLine = 25, posColumn = 1}, spanEnd = SourcePos {posLine = 25, posColumn = 5}}, locValue = TokenIndent 4},Located {locSpan = SourceSpan {spanFilename = "<input>", spanStart = SourcePos {posLine = 25, posColumn = 5}, spanEnd = SourcePos {posLine = 25, posColumn = 8}}, locValue = TokenIdent "sys"},Located {locSpan = SourceSpan {spanFilename = "<input>", spanStart = SourcePos {posLine = 25, posColumn = 8}, spanEnd = SourcePos {posLine = 25, posColumn = 9}}, locValue = TokenDelimiter DelimDot},Located {locSpan = SourceSpan {spanFilename = "<input>", spanStart = SourcePos {posLine = 25, posColumn = 9}, spanEnd = SourcePos {posLine = 25, posColumn = 13}}, locValue = TokenIdent "exit"},Located {locSpan = SourceSpan {spanFilename = "<input>", spanStart = SourcePos {posLine = 25, posColumn = 13}, spanEnd = SourcePos {posLine = 25, posColumn = 14}}, locValue = TokenDelimiter DelimLeftParen},Located {locSpan = SourceSpan {spanFilename = "<input>", spanStart = SourcePos {posLine = 25, posColumn = 14}, spanEnd = SourcePos {posLine = 25, posColumn = 18}}, locValue = TokenIdent "main"},Located {locSpan = SourceSpan {spanFilename = "<input>", spanStart = SourcePos {posLine = 25, posColumn = 18}, spanEnd = SourcePos {posLine = 25, posColumn = 19}}, locValue = TokenDelimiter DelimLeftParen},Located {locSpan = SourceSpan {spanFilename = "<input>", spanStart = SourcePos {posLine = 25, posColumn = 19}, spanEnd = SourcePos {posLine = 25, posColumn = 20}}, locValue = TokenDelimiter DelimRightParen},Located {locSpan = SourceSpan {spanFilename = "<input>", spanStart = SourcePos {posLine = 25, posColumn = 20}, spanEnd = SourcePos {posLine = 25, posColumn = 21}}, locValue = TokenDelimiter DelimRightParen},Located {locSpan = SourceSpan {spanFilename = "<input>", spanStart = SourcePos {posLine = 25, posColumn = 1}, spanEnd = SourcePos {posLine = 26, posColumn = 1}}, locValue = TokenNewline},Located {locSpan = SourceSpan {spanFilename = "<input>", spanStart = SourcePos {posLine = 0, posColumn = 0}, spanEnd = SourcePos {posLine = 0, posColumn = 0}}, locValue = TokenDedent 0}], pstateOffset = 0, pstateSourcePos = SourcePos {sourceName = "/tmp/fluxus-memory-test--ffa42e255ef020d7/memory.py", sourceLine = Pos 1, sourceColumn = Pos 1}, pstateTabWidth = Pos 8, pstateLinePrefix = ""}}
      handles memory allocation correctly [✘]
[INFO] Compiling project with 1 files
[INFO] Processing file: /tmp/fluxus-concurrency-test--a168bec0e93f5c47/concurrent.py
[INFO] [DRIVER] === Starting compilation pipeline for: /tmp/fluxus-concurrency-test--a168bec0e93f5c47/concurrent.py ===
[INFO] [DRIVER] Debug breakpoint: processSourceFile called with file: /tmp/fluxus-concurrency-test--a168bec0e93f5c47/concurrent.py
[INFO] Phase: parsing
[INFO] [DRIVER] Parse stage started for: /tmp/fluxus-concurrency-test--a168bec0e93f5c47/concurrent.py
[INFO] [DRIVER] Python lexer starting for: /tmp/fluxus-concurrency-test--a168bec0e93f5c47/concurrent.py
[INFO] [DRIVER] Python lexer succeeded: 327 tokens
[INFO] [DRIVER] Python parser starting
[ERROR] [DRIVER] Python parser failed: ParseErrorBundle {bundleErrors = TrivialError 10 (Just (Tokens (Located {locSpan = SourceSpan {spanFilename = "<input>", spanStart = SourcePos {posLine = 5, posColumn = 1}, spanEnd = SourcePos {posLine = 5, posColumn = 6}}, locValue = TokenKeyword KwClass} :| []))) (fromList [EndOfInput]) :| [], bundlePosState = PosState {pstateInput = [Located {locSpan = SourceSpan {spanFilename = "<input>", spanStart = SourcePos {posLine = 1, posColumn = 1}, spanEnd = SourcePos {posLine = 1, posColumn = 7}}, locValue = TokenKeyword KwImport},Located {locSpan = SourceSpan {spanFilename = "<input>", spanStart = SourcePos {posLine = 1, posColumn = 8}, spanEnd = SourcePos {posLine = 1, posColumn = 17}}, locValue = TokenIdent "threading"},Located {locSpan = SourceSpan {spanFilename = "<input>", spanStart = SourcePos {posLine = 1, posColumn = 1}, spanEnd = SourcePos {posLine = 2, posColumn = 1}}, locValue = TokenNewline},Located {locSpan = SourceSpan {spanFilename = "<input>", spanStart = SourcePos {posLine = 2, posColumn = 1}, spanEnd = SourcePos {posLine = 2, posColumn = 7}}, locValue = TokenKeyword KwImport},Located {locSpan = SourceSpan {spanFilename = "<input>", spanStart = SourcePos {posLine = 2, posColumn = 8}, spanEnd = SourcePos {posLine = 2, posColumn = 12}}, locValue = TokenIdent "time"},Located {locSpan = SourceSpan {spanFilename = "<input>", spanStart = SourcePos {posLine = 2, posColumn = 1}, spanEnd = SourcePos {posLine = 3, posColumn = 1}}, locValue = TokenNewline},Located {locSpan = SourceSpan {spanFilename = "<input>", spanStart = SourcePos {posLine = 3, posColumn = 1}, spanEnd = SourcePos {posLine = 3, posColumn = 7}}, locValue = TokenKeyword KwImport},Located {locSpan = SourceSpan {spanFilename = "<input>", spanStart = SourcePos {posLine = 3, posColumn = 8}, spanEnd = SourcePos {posLine = 3, posColumn = 13}}, locValue = TokenIdent "queue"},Located {locSpan = SourceSpan {spanFilename = "<input>", spanStart = SourcePos {posLine = 3, posColumn = 1}, spanEnd = SourcePos {posLine = 5, posColumn = 1}}, locValue = TokenNewline},Located {locSpan = SourceSpan {spanFilename = "<input>", spanStart = SourcePos {posLine = 3, posColumn = 1}, spanEnd = SourcePos {posLine = 5, posColumn = 1}}, locValue = TokenNewline},Located {locSpan = SourceSpan {spanFilename = "<input>", spanStart = SourcePos {posLine = 5, posColumn = 1}, spanEnd = SourcePos {posLine = 5, posColumn = 6}}, locValue = TokenKeyword KwClass},Located {locSpan = SourceSpan {spanFilename = "<input>", spanStart = SourcePos {posLine = 5, posColumn = 7}, spanEnd = SourcePos {posLine = 5, posColumn = 13}}, locValue = TokenIdent "Worker"},Located {locSpan = SourceSpan {spanFilename = "<input>", spanStart = SourcePos {posLine = 5, posColumn = 13}, spanEnd = SourcePos {posLine = 5, posColumn = 14}}, locValue = TokenDelimiter DelimColon},Located {locSpan = SourceSpan {spanFilename = "<input>", spanStart = SourcePos {posLine = 5, posColumn = 1}, spanEnd = SourcePos {posLine = 6, posColumn = 1}}, locValue = TokenNewline},Located {locSpan = SourceSpan {spanFilename = "<input>", spanStart = SourcePos {posLine = 6, posColumn = 1}, spanEnd = SourcePos {posLine = 6, posColumn = 5}}, locValue = TokenIndent 4},Located {locSpan = SourceSpan {spanFilename = "<input>", spanStart = SourcePos {posLine = 6, posColumn = 5}, spanEnd = SourcePos {posLine = 6, posColumn = 8}}, locValue = TokenKeyword KwDef},Located {locSpan = SourceSpan {spanFilename = "<input>", spanStart = SourcePos {posLine = 6, posColumn = 9}, spanEnd = SourcePos {posLine = 6, posColumn = 17}}, locValue = TokenIdent "__init__"},Located {locSpan = SourceSpan {spanFilename = "<input>", spanStart = SourcePos {posLine = 6, posColumn = 17}, spanEnd = SourcePos {posLine = 6, posColumn = 18}}, locValue = TokenDelimiter DelimLeftParen},Located {locSpan = SourceSpan {spanFilename = "<input>", spanStart = SourcePos {posLine = 6, posColumn = 18}, spanEnd = SourcePos {posLine = 6, posColumn = 22}}, locValue = TokenIdent "self"},Located {locSpan = SourceSpan {spanFilename = "<input>", spanStart = SourcePos {posLine = 6, posColumn = 22}, spanEnd = SourcePos {posLine = 6, posColumn = 23}}, locValue = TokenDelimiter DelimComma},Located {locSpan = SourceSpan {spanFilename = "<input>", spanStart = SourcePos {posLine = 6, posColumn = 24}, spanEnd = SourcePos {posLine = 6, posColumn = 33}}, locValue = TokenIdent "worker_id"},Located {locSpan = SourceSpan {spanFilename = "<input>", spanStart = SourcePos {posLine = 6, posColumn = 33}, spanEnd = SourcePos {posLine = 6, posColumn = 34}}, locValue = TokenDelimiter DelimComma},Located {locSpan = SourceSpan {spanFilename = "<input>", spanStart = SourcePos {posLine = 6, posColumn = 35}, spanEnd = SourcePos {posLine = 6, posColumn = 45}}, locValue = TokenIdent "task_queue"},Located {locSpan = SourceSpan {spanFilename = "<input>", spanStart = SourcePos {posLine = 6, posColumn = 45}, spanEnd = SourcePos {posLine = 6, posColumn = 46}}, locValue = TokenDelimiter DelimComma},Located {locSpan = SourceSpan {spanFilename = "<input>", spanStart = SourcePos {posLine = 6, posColumn = 47}, spanEnd = SourcePos {posLine = 6, posColumn = 59}}, locValue = TokenIdent "result_queue"},Located {locSpan = SourceSpan {spanFilename = "<input>", spanStart = SourcePos {posLine = 6, posColumn = 59}, spanEnd = SourcePos {posLine = 6, posColumn = 60}}, locValue = TokenDelimiter DelimRightParen},Located {locSpan = SourceSpan {spanFilename = "<input>", spanStart = SourcePos {posLine = 6, posColumn = 60}, spanEnd = SourcePos {posLine = 6, posColumn = 61}}, locValue = TokenDelimiter DelimColon},Located {locSpan = SourceSpan {spanFilename = "<input>", spanStart = SourcePos {posLine = 6, posColumn = 1}, spanEnd = SourcePos {posLine = 7, posColumn = 1}}, locValue = TokenNewline},Located {locSpan = SourceSpan {spanFilename = "<input>", spanStart = SourcePos {posLine = 7, posColumn = 1}, spanEnd = SourcePos {posLine = 7, posColumn = 9}}, locValue = TokenIndent 8},Located {locSpan = SourceSpan {spanFilename = "<input>", spanStart = SourcePos {posLine = 7, posColumn = 9}, spanEnd = SourcePos {posLine = 7, posColumn = 13}}, locValue = TokenIdent "self"},Located {locSpan = SourceSpan {spanFilename = "<input>", spanStart = SourcePos {posLine = 7, posColumn = 13}, spanEnd = SourcePos {posLine = 7, posColumn = 14}}, locValue = TokenDelimiter DelimDot},Located {locSpan = SourceSpan {spanFilename = "<input>", spanStart = SourcePos {posLine = 7, posColumn = 14}, spanEnd = SourcePos {posLine = 7, posColumn = 23}}, locValue = TokenIdent "worker_id"},Located {locSpan = SourceSpan {spanFilename = "<input>", spanStart = SourcePos {posLine = 7, posColumn = 24}, spanEnd = SourcePos {posLine = 7, posColumn = 25}}, locValue = TokenOperator OpAssign},Located {locSpan = SourceSpan {spanFilename = "<input>", spanStart = SourcePos {posLine = 7, posColumn = 26}, spanEnd = SourcePos {posLine = 7, posColumn = 35}}, locValue = TokenIdent "worker_id"},Located {locSpan = SourceSpan {spanFilename = "<input>", spanStart = SourcePos {posLine = 7, posColumn = 1}, spanEnd = SourcePos {posLine = 8, posColumn = 1}}, locValue = TokenNewline},Located {locSpan = SourceSpan {spanFilename = "<input>", spanStart = SourcePos {posLine = 8, posColumn = 9}, spanEnd = SourcePos {posLine = 8, posColumn = 13}}, locValue = TokenIdent "self"},Located {locSpan = SourceSpan {spanFilename = "<input>", spanStart = SourcePos {posLine = 8, posColumn = 13}, spanEnd = SourcePos {posLine = 8, posColumn = 14}}, locValue = TokenDelimiter DelimDot},Located {locSpan = SourceSpan {spanFilename = "<input>", spanStart = SourcePos {posLine = 8, posColumn = 14}, spanEnd = SourcePos {posLine = 8, posColumn = 24}}, locValue = TokenIdent "task_queue"},Located {locSpan = SourceSpan {spanFilename = "<input>", spanStart = SourcePos {posLine = 8, posColumn = 25}, spanEnd = SourcePos {posLine = 8, posColumn = 26}}, locValue = TokenOperator OpAssign},Located {locSpan = SourceSpan {spanFilename = "<input>", spanStart = SourcePos {posLine = 8, posColumn = 27}, spanEnd = SourcePos {posLine = 8, posColumn = 37}}, locValue = TokenIdent "task_queue"},Located {locSpan = SourceSpan {spanFilename = "<input>", spanStart = SourcePos {posLine = 8, posColumn = 1}, spanEnd = SourcePos {posLine = 9, posColumn = 1}}, locValue = TokenNewline},Located {locSpan = SourceSpan {spanFilename = "<input>", spanStart = SourcePos {posLine = 9, posColumn = 9}, spanEnd = SourcePos {posLine = 9, posColumn = 13}}, locValue = TokenIdent "self"},Located {locSpan = SourceSpan {spanFilename = "<input>", spanStart = SourcePos {posLine = 9, posColumn = 13}, spanEnd = SourcePos {posLine = 9, posColumn = 14}}, locValue = TokenDelimiter DelimDot},Located {locSpan = SourceSpan {spanFilename = "<input>", spanStart = SourcePos {posLine = 9, posColumn = 14}, spanEnd = SourcePos {posLine = 9, posColumn = 26}}, locValue = TokenIdent "result_queue"},Located {locSpan = SourceSpan {spanFilename = "<input>", spanStart = SourcePos {posLine = 9, posColumn = 27}, spanEnd = SourcePos {posLine = 9, posColumn = 28}}, locValue = TokenOperator OpAssign},Located {locSpan = SourceSpan {spanFilename = "<input>", spanStart = SourcePos {posLine = 9, posColumn = 29}, spanEnd = SourcePos {posLine = 9, posColumn = 41}}, locValue = TokenIdent "result_queue"},Located {locSpan = SourceSpan {spanFilename = "<input>", spanStart = SourcePos {posLine = 9, posColumn = 1}, spanEnd = SourcePos {posLine = 10, posColumn = 1}}, locValue = TokenNewline},Located {locSpan = SourceSpan {spanFilename = "<input>", spanStart = SourcePos {posLine = 10, posColumn = 1}, spanEnd = SourcePos {posLine = 10, posColumn = 5}}, locValue = TokenDedent 8},Located {locSpan = SourceSpan {spanFilename = "<input>", spanStart = SourcePos {posLine = 10, posColumn = 1}, spanEnd = SourcePos {posLine = 11, posColumn = 1}}, locValue = TokenNewline},Located {locSpan = SourceSpan {spanFilename = "<input>", spanStart = SourcePos {posLine = 11, posColumn = 5}, spanEnd = SourcePos {posLine = 11, posColumn = 8}}, locValue = TokenKeyword KwDef},Located {locSpan = SourceSpan {spanFilename = "<input>", spanStart = SourcePos {posLine = 11, posColumn = 9}, spanEnd = SourcePos {posLine = 11, posColumn = 12}}, locValue = TokenIdent "run"},Located {locSpan = SourceSpan {spanFilename = "<input>", spanStart = SourcePos {posLine = 11, posColumn = 12}, spanEnd = SourcePos {posLine = 11, posColumn = 13}}, locValue = TokenDelimiter DelimLeftParen},Located {locSpan = SourceSpan {spanFilename = "<input>", spanStart = SourcePos {posLine = 11, posColumn = 13}, spanEnd = SourcePos {posLine = 11, posColumn = 17}}, locValue = TokenIdent "self"},Located {locSpan = SourceSpan {spanFilename = "<input>", spanStart = SourcePos {posLine = 11, posColumn = 17}, spanEnd = SourcePos {posLine = 11, posColumn = 18}}, locValue = TokenDelimiter DelimRightParen},Located {locSpan = SourceSpan {spanFilename = "<input>", spanStart = SourcePos {posLine = 11, posColumn = 18}, spanEnd = SourcePos {posLine = 11, posColumn = 19}}, locValue = TokenDelimiter DelimColon},Located {locSpan = SourceSpan {spanFilename = "<input>", spanStart = SourcePos {posLine = 11, posColumn = 1}, spanEnd = SourcePos {posLine = 12, posColumn = 1}}, locValue = TokenNewline},Located {locSpan = SourceSpan {spanFilename = "<input>", spanStart = SourcePos {posLine = 12, posColumn = 1}, spanEnd = SourcePos {posLine = 12, posColumn = 9}}, locValue = TokenIndent 8},Located {locSpan = SourceSpan {spanFilename = "<input>", spanStart = SourcePos {posLine = 12, posColumn = 9}, spanEnd = SourcePos {posLine = 12, posColumn = 14}}, locValue = TokenKeyword KwWhile},Located {locSpan = SourceSpan {spanFilename = "<input>", spanStart = SourcePos {posLine = 12, posColumn = 15}, spanEnd = SourcePos {posLine = 12, posColumn = 19}}, locValue = TokenKeyword KwTrue},Located {locSpan = SourceSpan {spanFilename = "<input>", spanStart = SourcePos {posLine = 12, posColumn = 19}, spanEnd = SourcePos {posLine = 12, posColumn = 20}}, locValue = TokenDelimiter DelimColon},Located {locSpan = SourceSpan {spanFilename = "<input>", spanStart = SourcePos {posLine = 12, posColumn = 1}, spanEnd = SourcePos {posLine = 13, posColumn = 1}}, locValue = TokenNewline},Located {locSpan = SourceSpan {spanFilename = "<input>", spanStart = SourcePos {posLine = 13, posColumn = 1}, spanEnd = SourcePos {posLine = 13, posColumn = 13}}, locValue = TokenIndent 12},Located {locSpan = SourceSpan {spanFilename = "<input>", spanStart = SourcePos {posLine = 13, posColumn = 13}, spanEnd = SourcePos {posLine = 13, posColumn = 16}}, locValue = TokenKeyword KwTry},Located {locSpan = SourceSpan {spanFilename = "<input>", spanStart = SourcePos {posLine = 13, posColumn = 16}, spanEnd = SourcePos {posLine = 13, posColumn = 17}}, locValue = TokenDelimiter DelimColon},Located {locSpan = SourceSpan {spanFilename = "<input>", spanStart = SourcePos {posLine = 13, posColumn = 1}, spanEnd = SourcePos {posLine = 14, posColumn = 1}}, locValue = TokenNewline},Located {locSpan = SourceSpan {spanFilename = "<input>", spanStart = SourcePos {posLine = 14, posColumn = 1}, spanEnd = SourcePos {posLine = 14, posColumn = 17}}, locValue = TokenIndent 16},Located {locSpan = SourceSpan {spanFilename = "<input>", spanStart = SourcePos {posLine = 14, posColumn = 17}, spanEnd = SourcePos {posLine = 14, posColumn = 21}}, locValue = TokenIdent "task"},Located {locSpan = SourceSpan {spanFilename = "<input>", spanStart = SourcePos {posLine = 14, posColumn = 22}, spanEnd = SourcePos {posLine = 14, posColumn = 23}}, locValue = TokenOperator OpAssign},Located {locSpan = SourceSpan {spanFilename = "<input>", spanStart = SourcePos {posLine = 14, posColumn = 24}, spanEnd = SourcePos {posLine = 14, posColumn = 28}}, locValue = TokenIdent "self"},Located {locSpan = SourceSpan {spanFilename = "<input>", spanStart = SourcePos {posLine = 14, posColumn = 28}, spanEnd = SourcePos {posLine = 14, posColumn = 29}}, locValue = TokenDelimiter DelimDot},Located {locSpan = SourceSpan {spanFilename = "<input>", spanStart = SourcePos {posLine = 14, posColumn = 29}, spanEnd = SourcePos {posLine = 14, posColumn = 39}}, locValue = TokenIdent "task_queue"},Located {locSpan = SourceSpan {spanFilename = "<input>", spanStart = SourcePos {posLine = 14, posColumn = 39}, spanEnd = SourcePos {posLine = 14, posColumn = 40}}, locValue = TokenDelimiter DelimDot},Located {locSpan = SourceSpan {spanFilename = "<input>", spanStart = SourcePos {posLine = 14, posColumn = 40}, spanEnd = SourcePos {posLine = 14, posColumn = 50}}, locValue = TokenIdent "get_nowait"},Located {locSpan = SourceSpan {spanFilename = "<input>", spanStart = SourcePos {posLine = 14, posColumn = 50}, spanEnd = SourcePos {posLine = 14, posColumn = 51}}, locValue = TokenDelimiter DelimLeftParen},Located {locSpan = SourceSpan {spanFilename = "<input>", spanStart = SourcePos {posLine = 14, posColumn = 51}, spanEnd = SourcePos {posLine = 14, posColumn = 52}}, locValue = TokenDelimiter DelimRightParen},Located {locSpan = SourceSpan {spanFilename = "<input>", spanStart = SourcePos {posLine = 14, posColumn = 1}, spanEnd = SourcePos {posLine = 15, posColumn = 1}}, locValue = TokenNewline},Located {locSpan = SourceSpan {spanFilename = "<input>", spanStart = SourcePos {posLine = 15, posColumn = 17}, spanEnd = SourcePos {posLine = 15, posColumn = 23}}, locValue = TokenIdent "result"},Located {locSpan = SourceSpan {spanFilename = "<input>", spanStart = SourcePos {posLine = 15, posColumn = 24}, spanEnd = SourcePos {posLine = 15, posColumn = 25}}, locValue = TokenOperator OpAssign},Located {locSpan = SourceSpan {spanFilename = "<input>", spanStart = SourcePos {posLine = 15, posColumn = 26}, spanEnd = SourcePos {posLine = 15, posColumn = 30}}, locValue = TokenIdent "task"},Located {locSpan = SourceSpan {spanFilename = "<input>", spanStart = SourcePos {posLine = 15, posColumn = 31}, spanEnd = SourcePos {posLine = 15, posColumn = 32}}, locValue = TokenOperator OpMult},Located {locSpan = SourceSpan {spanFilename = "<input>", spanStart = SourcePos {posLine = 15, posColumn = 33}, spanEnd = SourcePos {posLine = 15, posColumn = 34}}, locValue = TokenNumber "2" False},Located {locSpan = SourceSpan {spanFilename = "<input>", spanStart = SourcePos {posLine = 15, posColumn = 36}, spanEnd = SourcePos {posLine = 15, posColumn = 55}}, locValue = TokenComment "# Simple processing"},Located {locSpan = SourceSpan {spanFilename = "<input>", spanStart = SourcePos {posLine = 15, posColumn = 1}, spanEnd = SourcePos {posLine = 16, posColumn = 1}}, locValue = TokenNewline},Located {locSpan = SourceSpan {spanFilename = "<input>", spanStart = SourcePos {posLine = 16, posColumn = 17}, spanEnd = SourcePos {posLine = 16, posColumn = 21}}, locValue = TokenIdent "self"},Located {locSpan = SourceSpan {spanFilename = "<input>", spanStart = SourcePos {posLine = 16, posColumn = 21}, spanEnd = SourcePos {posLine = 16, posColumn = 22}}, locValue = TokenDelimiter DelimDot},Located {locSpan = SourceSpan {spanFilename = "<input>", spanStart = SourcePos {posLine = 16, posColumn = 22}, spanEnd = SourcePos {posLine = 16, posColumn = 34}}, locValue = TokenIdent "result_queue"},Located {locSpan = SourceSpan {spanFilename = "<input>", spanStart = SourcePos {posLine = 16, posColumn = 34}, spanEnd = SourcePos {posLine = 16, posColumn = 35}}, locValue = TokenDelimiter DelimDot},Located {locSpan = SourceSpan {spanFilename = "<input>", spanStart = SourcePos {posLine = 16, posColumn = 35}, spanEnd = SourcePos {posLine = 16, posColumn = 38}}, locValue = TokenIdent "put"},Located {locSpan = SourceSpan {spanFilename = "<input>", spanStart = SourcePos {posLine = 16, posColumn = 38}, spanEnd = SourcePos {posLine = 16, posColumn = 39}}, locValue = TokenDelimiter DelimLeftParen},Located {locSpan = SourceSpan {spanFilename = "<input>", spanStart = SourcePos {posLine = 16, posColumn = 39}, spanEnd = SourcePos {posLine = 16, posColumn = 40}}, locValue = TokenDelimiter DelimLeftParen},Located {locSpan = SourceSpan {spanFilename = "<input>", spanStart = SourcePos {posLine = 16, posColumn = 40}, spanEnd = SourcePos {posLine = 16, posColumn = 44}}, locValue = TokenIdent "self"},Located {locSpan = SourceSpan {spanFilename = "<input>", spanStart = SourcePos {posLine = 16, posColumn = 44}, spanEnd = SourcePos {posLine = 16, posColumn = 45}}, locValue = TokenDelimiter DelimDot},Located {locSpan = SourceSpan {spanFilename = "<input>", spanStart = SourcePos {posLine = 16, posColumn = 45}, spanEnd = SourcePos {posLine = 16, posColumn = 54}}, locValue = TokenIdent "worker_id"},Located {locSpan = SourceSpan {spanFilename = "<input>", spanStart = SourcePos {posLine = 16, posColumn = 54}, spanEnd = SourcePos {posLine = 16, posColumn = 55}}, locValue = TokenDelimiter DelimComma},Located {locSpan = SourceSpan {spanFilename = "<input>", spanStart = SourcePos {posLine = 16, posColumn = 56}, spanEnd = SourcePos {posLine = 16, posColumn = 62}}, locValue = TokenIdent "result"},Located {locSpan = SourceSpan {spanFilename = "<input>", spanStart = SourcePos {posLine = 16, posColumn = 62}, spanEnd = SourcePos {posLine = 16, posColumn = 63}}, locValue = TokenDelimiter DelimRightParen},Located {locSpan = SourceSpan {spanFilename = "<input>", spanStart = SourcePos {posLine = 16, posColumn = 63}, spanEnd = SourcePos {posLine = 16, posColumn = 64}}, locValue = TokenDelimiter DelimRightParen},Located {locSpan = SourceSpan {spanFilename = "<input>", spanStart = SourcePos {posLine = 16, posColumn = 1}, spanEnd = SourcePos {posLine = 17, posColumn = 1}}, locValue = TokenNewline},Located {locSpan = SourceSpan {spanFilename = "<input>", spanStart = SourcePos {posLine = 17, posColumn = 17}, spanEnd = SourcePos {posLine = 17, posColumn = 21}}, locValue = TokenIdent "self"},Located {locSpan = SourceSpan {spanFilename = "<input>", spanStart = SourcePos {posLine = 17, posColumn = 21}, spanEnd = SourcePos {posLine = 17, posColumn = 22}}, locValue = TokenDelimiter DelimDot},Located {locSpan = SourceSpan {spanFilename = "<input>", spanStart = SourcePos {posLine = 17, posColumn = 22}, spanEnd = SourcePos {posLine = 17, posColumn = 32}}, locValue = TokenIdent "task_queue"},Located {locSpan = SourceSpan {spanFilename = "<input>", spanStart = SourcePos {posLine = 17, posColumn = 32}, spanEnd = SourcePos {posLine = 17, posColumn = 33}}, locValue = TokenDelimiter DelimDot},Located {locSpan = SourceSpan {spanFilename = "<input>", spanStart = SourcePos {posLine = 17, posColumn = 33}, spanEnd = SourcePos {posLine = 17, posColumn = 42}}, locValue = TokenIdent "task_done"},Located {locSpan = SourceSpan {spanFilename = "<input>", spanStart = SourcePos {posLine = 17, posColumn = 42}, spanEnd = SourcePos {posLine = 17, posColumn = 43}}, locValue = TokenDelimiter DelimLeftParen},Located {locSpan = SourceSpan {spanFilename = "<input>", spanStart = SourcePos {posLine = 17, posColumn = 43}, spanEnd = SourcePos {posLine = 17, posColumn = 44}}, locValue = TokenDelimiter DelimRightParen},Located {locSpan = SourceSpan {spanFilename = "<input>", spanStart = SourcePos {posLine = 17, posColumn = 1}, spanEnd = SourcePos {posLine = 18, posColumn = 1}}, locValue = TokenNewline},Located {locSpan = SourceSpan {spanFilename = "<input>", spanStart = SourcePos {posLine = 18, posColumn = 1}, spanEnd = SourcePos {posLine = 18, posColumn = 13}}, locValue = TokenDedent 16},Located {locSpan = SourceSpan {spanFilename = "<input>", spanStart = SourcePos {posLine = 18, posColumn = 13}, spanEnd = SourcePos {posLine = 18, posColumn = 19}}, locValue = TokenKeyword KwExcept},Located {locSpan = SourceSpan {spanFilename = "<input>", spanStart = SourcePos {posLine = 18, posColumn = 20}, spanEnd = SourcePos {posLine = 18, posColumn = 25}}, locValue = TokenIdent "queue"},Located {locSpan = SourceSpan {spanFilename = "<input>", spanStart = SourcePos {posLine = 18, posColumn = 25}, spanEnd = SourcePos {posLine = 18, posColumn = 26}}, locValue = TokenDelimiter DelimDot},Located {locSpan = SourceSpan {spanFilename = "<input>", spanStart = SourcePos {posLine = 18, posColumn = 26}, spanEnd = SourcePos {posLine = 18, posColumn = 31}}, locValue = TokenIdent "Empty"},Located {locSpan = SourceSpan {spanFilename = "<input>", spanStart = SourcePos {posLine = 18, posColumn = 31}, spanEnd = SourcePos {posLine = 18, posColumn = 32}}, locValue = TokenDelimiter DelimColon},Located {locSpan = SourceSpan {spanFilename = "<input>", spanStart = SourcePos {posLine = 18, posColumn = 1}, spanEnd = SourcePos {posLine = 19, posColumn = 1}}, locValue = TokenNewline},Located {locSpan = SourceSpan {spanFilename = "<input>", spanStart = SourcePos {posLine = 19, posColumn = 1}, spanEnd = SourcePos {posLine = 19, posColumn = 17}}, locValue = TokenIndent 16},Located {locSpan = SourceSpan {spanFilename = "<input>", spanStart = SourcePos {posLine = 19, posColumn = 17}, spanEnd = SourcePos {posLine = 19, posColumn = 22}}, locValue = TokenKeyword KwBreak},Located {locSpan = SourceSpan {spanFilename = "<input>", spanStart = SourcePos {posLine = 19, posColumn = 1}, spanEnd = SourcePos {posLine = 21, posColumn = 1}}, locValue = TokenNewline},Located {locSpan = SourceSpan {spanFilename = "<input>", spanStart = SourcePos {posLine = 19, posColumn = 1}, spanEnd = SourcePos {posLine = 21, posColumn = 1}}, locValue = TokenNewline},Located {locSpan = SourceSpan {spanFilename = "<input>", spanStart = SourcePos {posLine = 21, posColumn = 1}, spanEnd = SourcePos {posLine = 21, posColumn = 1}}, locValue = TokenDedent 4},Located {locSpan = SourceSpan {spanFilename = "<input>", spanStart = SourcePos {posLine = 21, posColumn = 1}, spanEnd = SourcePos {posLine = 21, posColumn = 1}}, locValue = TokenDedent 8},Located {locSpan = SourceSpan {spanFilename = "<input>", spanStart = SourcePos {posLine = 21, posColumn = 1}, spanEnd = SourcePos {posLine = 21, posColumn = 1}}, locValue = TokenDedent 12},Located {locSpan = SourceSpan {spanFilename = "<input>", spanStart = SourcePos {posLine = 21, posColumn = 1}, spanEnd = SourcePos {posLine = 21, posColumn = 1}}, locValue = TokenDedent 16},Located {locSpan = SourceSpan {spanFilename = "<input>", spanStart = SourcePos {posLine = 21, posColumn = 1}, spanEnd = SourcePos {posLine = 21, posColumn = 4}}, locValue = TokenKeyword KwDef},Located {locSpan = SourceSpan {spanFilename = "<input>", spanStart = SourcePos {posLine = 21, posColumn = 5}, spanEnd = SourcePos {posLine = 21, posColumn = 9}}, locValue = TokenIdent "main"},Located {locSpan = SourceSpan {spanFilename = "<input>", spanStart = SourcePos {posLine = 21, posColumn = 9}, spanEnd = SourcePos {posLine = 21, posColumn = 10}}, locValue = TokenDelimiter DelimLeftParen},Located {locSpan = SourceSpan {spanFilename = "<input>", spanStart = SourcePos {posLine = 21, posColumn = 10}, spanEnd = SourcePos {posLine = 21, posColumn = 11}}, locValue = TokenDelimiter DelimRightParen},Located {locSpan = SourceSpan {spanFilename = "<input>", spanStart = SourcePos {posLine = 21, posColumn = 11}, spanEnd = SourcePos {posLine = 21, posColumn = 12}}, locValue = TokenDelimiter DelimColon},Located {locSpan = SourceSpan {spanFilename = "<input>", spanStart = SourcePos {posLine = 21, posColumn = 1}, spanEnd = SourcePos {posLine = 22, posColumn = 1}}, locValue = TokenNewline},Located {locSpan = SourceSpan {spanFilename = "<input>", spanStart = SourcePos {posLine = 22, posColumn = 1}, spanEnd = SourcePos {posLine = 22, posColumn = 5}}, locValue = TokenIndent 4},Located {locSpan = SourceSpan {spanFilename = "<input>", spanStart = SourcePos {posLine = 22, posColumn = 5}, spanEnd = SourcePos {posLine = 22, posColumn = 20}}, locValue = TokenComment "# Create queues"},Located {locSpan = SourceSpan {spanFilename = "<input>", spanStart = SourcePos {posLine = 22, posColumn = 1}, spanEnd = SourcePos {posLine = 23, posColumn = 1}}, locValue = TokenNewline},Located {locSpan = SourceSpan {spanFilename = "<input>", spanStart = SourcePos {posLine = 23, posColumn = 5}, spanEnd = SourcePos {posLine = 23, posColumn = 15}}, locValue = TokenIdent "task_queue"},Located {locSpan = SourceSpan {spanFilename = "<input>", spanStart = SourcePos {posLine = 23, posColumn = 16}, spanEnd = SourcePos {posLine = 23, posColumn = 17}}, locValue = TokenOperator OpAssign},Located {locSpan = SourceSpan {spanFilename = "<input>", spanStart = SourcePos {posLine = 23, posColumn = 18}, spanEnd = SourcePos {posLine = 23, posColumn = 23}}, locValue = TokenIdent "queue"},Located {locSpan = SourceSpan {spanFilename = "<input>", spanStart = SourcePos {posLine = 23, posColumn = 23}, spanEnd = SourcePos {posLine = 23, posColumn = 24}}, locValue = TokenDelimiter DelimDot},Located {locSpan = SourceSpan {spanFilename = "<input>", spanStart = SourcePos {posLine = 23, posColumn = 24}, spanEnd = SourcePos {posLine = 23, posColumn = 29}}, locValue = TokenIdent "Queue"},Located {locSpan = SourceSpan {spanFilename = "<input>", spanStart = SourcePos {posLine = 23, posColumn = 29}, spanEnd = SourcePos {posLine = 23, posColumn = 30}}, locValue = TokenDelimiter DelimLeftParen},Located {locSpan = SourceSpan {spanFilename = "<input>", spanStart = SourcePos {posLine = 23, posColumn = 30}, spanEnd = SourcePos {posLine = 23, posColumn = 31}}, locValue = TokenDelimiter DelimRightParen},Located {locSpan = SourceSpan {spanFilename = "<input>", spanStart = SourcePos {posLine = 23, posColumn = 1}, spanEnd = SourcePos {posLine = 24, posColumn = 1}}, locValue = TokenNewline},Located {locSpan = SourceSpan {spanFilename = "<input>", spanStart = SourcePos {posLine = 24, posColumn = 5}, spanEnd = SourcePos {posLine = 24, posColumn = 17}}, locValue = TokenIdent "result_queue"},Located {locSpan = SourceSpan {spanFilename = "<input>", spanStart = SourcePos {posLine = 24, posColumn = 18}, spanEnd = SourcePos {posLine = 24, posColumn = 19}}, locValue = TokenOperator OpAssign},Located {locSpan = SourceSpan {spanFilename = "<input>", spanStart = SourcePos {posLine = 24, posColumn = 20}, spanEnd = SourcePos {posLine = 24, posColumn = 25}}, locValue = TokenIdent "queue"},Located {locSpan = SourceSpan {spanFilename = "<input>", spanStart = SourcePos {posLine = 24, posColumn = 25}, spanEnd = SourcePos {posLine = 24, posColumn = 26}}, locValue = TokenDelimiter DelimDot},Located {locSpan = SourceSpan {spanFilename = "<input>", spanStart = SourcePos {posLine = 24, posColumn = 26}, spanEnd = SourcePos {posLine = 24, posColumn = 31}}, locValue = TokenIdent "Queue"},Located {locSpan = SourceSpan {spanFilename = "<input>", spanStart = SourcePos {posLine = 24, posColumn = 31}, spanEnd = SourcePos {posLine = 24, posColumn = 32}}, locValue = TokenDelimiter DelimLeftParen},Located {locSpan = SourceSpan {spanFilename = "<input>", spanStart = SourcePos {posLine = 24, posColumn = 32}, spanEnd = SourcePos {posLine = 24, posColumn = 33}}, locValue = TokenDelimiter DelimRightParen},Located {locSpan = SourceSpan {spanFilename = "<input>", spanStart = SourcePos {posLine = 24, posColumn = 1}, spanEnd = SourcePos {posLine = 25, posColumn = 1}}, locValue = TokenNewline},Located {locSpan = SourceSpan {spanFilename = "<input>", spanStart = SourcePos {posLine = 25, posColumn = 1}, spanEnd = SourcePos {posLine = 26, posColumn = 1}}, locValue = TokenNewline},Located {locSpan = SourceSpan {spanFilename = "<input>", spanStart = SourcePos {posLine = 26, posColumn = 5}, spanEnd = SourcePos {posLine = 26, posColumn = 16}}, locValue = TokenComment "# Add tasks"},Located {locSpan = SourceSpan {spanFilename = "<input>", spanStart = SourcePos {posLine = 26, posColumn = 1}, spanEnd = SourcePos {posLine = 27, posColumn = 1}}, locValue = TokenNewline},Located {locSpan = SourceSpan {spanFilename = "<input>", spanStart = SourcePos {posLine = 27, posColumn = 5}, spanEnd = SourcePos {posLine = 27, posColumn = 8}}, locValue = TokenKeyword KwFor},Located {locSpan = SourceSpan {spanFilename = "<input>", spanStart = SourcePos {posLine = 27, posColumn = 9}, spanEnd = SourcePos {posLine = 27, posColumn = 10}}, locValue = TokenIdent "i"},Located {locSpan = SourceSpan {spanFilename = "<input>", spanStart = SourcePos {posLine = 27, posColumn = 11}, spanEnd = SourcePos {posLine = 27, posColumn = 13}}, locValue = TokenKeyword KwIn},Located {locSpan = SourceSpan {spanFilename = "<input>", spanStart = SourcePos {posLine = 27, posColumn = 14}, spanEnd = SourcePos {posLine = 27, posColumn = 19}}, locValue = TokenIdent "range"},Located {locSpan = SourceSpan {spanFilename = "<input>", spanStart = SourcePos {posLine = 27, posColumn = 19}, spanEnd = SourcePos {posLine = 27, posColumn = 20}}, locValue = TokenDelimiter DelimLeftParen},Located {locSpan = SourceSpan {spanFilename = "<input>", spanStart = SourcePos {posLine = 27, posColumn = 20}, spanEnd = SourcePos {posLine = 27, posColumn = 22}}, locValue = TokenNumber "10" False},Located {locSpan = SourceSpan {spanFilename = "<input>", spanStart = SourcePos {posLine = 27, posColumn = 22}, spanEnd = SourcePos {posLine = 27, posColumn = 23}}, locValue = TokenDelimiter DelimRightParen},Located {locSpan = SourceSpan {spanFilename = "<input>", spanStart = SourcePos {posLine = 27, posColumn = 23}, spanEnd = SourcePos {posLine = 27, posColumn = 24}}, locValue = TokenDelimiter DelimColon},Located {locSpan = SourceSpan {spanFilename = "<input>", spanStart = SourcePos {posLine = 27, posColumn = 1}, spanEnd = SourcePos {posLine = 28, posColumn = 1}}, locValue = TokenNewline},Located {locSpan = SourceSpan {spanFilename = "<input>", spanStart = SourcePos {posLine = 28, posColumn = 1}, spanEnd = SourcePos {posLine = 28, posColumn = 9}}, locValue = TokenIndent 8},Located {locSpan = SourceSpan {spanFilename = "<input>", spanStart = SourcePos {posLine = 28, posColumn = 9}, spanEnd = SourcePos {posLine = 28, posColumn = 19}}, locValue = TokenIdent "task_queue"},Located {locSpan = SourceSpan {spanFilename = "<input>", spanStart = SourcePos {posLine = 28, posColumn = 19}, spanEnd = SourcePos {posLine = 28, posColumn = 20}}, locValue = TokenDelimiter DelimDot},Located {locSpan = SourceSpan {spanFilename = "<input>", spanStart = SourcePos {posLine = 28, posColumn = 20}, spanEnd = SourcePos {posLine = 28, posColumn = 23}}, locValue = TokenIdent "put"},Located {locSpan = SourceSpan {spanFilename = "<input>", spanStart = SourcePos {posLine = 28, posColumn = 23}, spanEnd = SourcePos {posLine = 28, posColumn = 24}}, locValue = TokenDelimiter DelimLeftParen},Located {locSpan = SourceSpan {spanFilename = "<input>", spanStart = SourcePos {posLine = 28, posColumn = 24}, spanEnd = SourcePos {posLine = 28, posColumn = 25}}, locValue = TokenIdent "i"},Located {locSpan = SourceSpan {spanFilename = "<input>", spanStart = SourcePos {posLine = 28, posColumn = 25}, spanEnd = SourcePos {posLine = 28, posColumn = 26}}, locValue = TokenDelimiter DelimRightParen},Located {locSpan = SourceSpan {spanFilename = "<input>", spanStart = SourcePos {posLine = 28, posColumn = 1}, spanEnd = SourcePos {posLine = 29, posColumn = 1}}, locValue = TokenNewline},Located {locSpan = SourceSpan {spanFilename = "<input>", spanStart = SourcePos {posLine = 29, posColumn = 1}, spanEnd = SourcePos {posLine = 29, posColumn = 5}}, locValue = TokenDedent 8},Located {locSpan = SourceSpan {spanFilename = "<input>", spanStart = SourcePos {posLine = 29, posColumn = 1}, spanEnd = SourcePos {posLine = 30, posColumn = 1}}, locValue = TokenNewline},Located {locSpan = SourceSpan {spanFilename = "<input>", spanStart = SourcePos {posLine = 30, posColumn = 5}, spanEnd = SourcePos {posLine = 30, posColumn = 31}}, locValue = TokenComment "# Create and start workers"},Located {locSpan = SourceSpan {spanFilename = "<input>", spanStart = SourcePos {posLine = 30, posColumn = 1}, spanEnd = SourcePos {posLine = 31, posColumn = 1}}, locValue = TokenNewline},Located {locSpan = SourceSpan {spanFilename = "<input>", spanStart = SourcePos {posLine = 31, posColumn = 5}, spanEnd = SourcePos {posLine = 31, posColumn = 12}}, locValue = TokenIdent "workers"},Located {locSpan = SourceSpan {spanFilename = "<input>", spanStart = SourcePos {posLine = 31, posColumn = 13}, spanEnd = SourcePos {posLine = 31, posColumn = 14}}, locValue = TokenOperator OpAssign},Located {locSpan = SourceSpan {spanFilename = "<input>", spanStart = SourcePos {posLine = 31, posColumn = 15}, spanEnd = SourcePos {posLine = 31, posColumn = 16}}, locValue = TokenDelimiter DelimLeftBracket},Located {locSpan = SourceSpan {spanFilename = "<input>", spanStart = SourcePos {posLine = 31, posColumn = 16}, spanEnd = SourcePos {posLine = 31, posColumn = 17}}, locValue = TokenDelimiter DelimRightBracket},Located {locSpan = SourceSpan {spanFilename = "<input>", spanStart = SourcePos {posLine = 31, posColumn = 1}, spanEnd = SourcePos {posLine = 32, posColumn = 1}}, locValue = TokenNewline},Located {locSpan = SourceSpan {spanFilename = "<input>", spanStart = SourcePos {posLine = 32, posColumn = 5}, spanEnd = SourcePos {posLine = 32, posColumn = 8}}, locValue = TokenKeyword KwFor},Located {locSpan = SourceSpan {spanFilename = "<input>", spanStart = SourcePos {posLine = 32, posColumn = 9}, spanEnd = SourcePos {posLine = 32, posColumn = 10}}, locValue = TokenIdent "i"},Located {locSpan = SourceSpan {spanFilename = "<input>", spanStart = SourcePos {posLine = 32, posColumn = 11}, spanEnd = SourcePos {posLine = 32, posColumn = 13}}, locValue = TokenKeyword KwIn},Located {locSpan = SourceSpan {spanFilename = "<input>", spanStart = SourcePos {posLine = 32, posColumn = 14}, spanEnd = SourcePos {posLine = 32, posColumn = 19}}, locValue = TokenIdent "range"},Located {locSpan = SourceSpan {spanFilename = "<input>", spanStart = SourcePos {posLine = 32, posColumn = 19}, spanEnd = SourcePos {posLine = 32, posColumn = 20}}, locValue = TokenDelimiter DelimLeftParen},Located {locSpan = SourceSpan {spanFilename = "<input>", spanStart = SourcePos {posLine = 32, posColumn = 20}, spanEnd = SourcePos {posLine = 32, posColumn = 21}}, locValue = TokenNumber "3" False},Located {locSpan = SourceSpan {spanFilename = "<input>", spanStart = SourcePos {posLine = 32, posColumn = 21}, spanEnd = SourcePos {posLine = 32, posColumn = 22}}, locValue = TokenDelimiter DelimRightParen},Located {locSpan = SourceSpan {spanFilename = "<input>", spanStart = SourcePos {posLine = 32, posColumn = 22}, spanEnd = SourcePos {posLine = 32, posColumn = 23}}, locValue = TokenDelimiter DelimColon},Located {locSpan = SourceSpan {spanFilename = "<input>", spanStart = SourcePos {posLine = 32, posColumn = 1}, spanEnd = SourcePos {posLine = 33, posColumn = 1}}, locValue = TokenNewline},Located {locSpan = SourceSpan {spanFilename = "<input>", spanStart = SourcePos {posLine = 33, posColumn = 1}, spanEnd = SourcePos {posLine = 33, posColumn = 9}}, locValue = TokenIndent 8},Located {locSpan = SourceSpan {spanFilename = "<input>", spanStart = SourcePos {posLine = 33, posColumn = 9}, spanEnd = SourcePos {posLine = 33, posColumn = 15}}, locValue = TokenIdent "worker"},Located {locSpan = SourceSpan {spanFilename = "<input>", spanStart = SourcePos {posLine = 33, posColumn = 16}, spanEnd = SourcePos {posLine = 33, posColumn = 17}}, locValue = TokenOperator OpAssign},Located {locSpan = SourceSpan {spanFilename = "<input>", spanStart = SourcePos {posLine = 33, posColumn = 18}, spanEnd = SourcePos {posLine = 33, posColumn = 24}}, locValue = TokenIdent "Worker"},Located {locSpan = SourceSpan {spanFilename = "<input>", spanStart = SourcePos {posLine = 33, posColumn = 24}, spanEnd = SourcePos {posLine = 33, posColumn = 25}}, locValue = TokenDelimiter DelimLeftParen},Located {locSpan = SourceSpan {spanFilename = "<input>", spanStart = SourcePos {posLine = 33, posColumn = 25}, spanEnd = SourcePos {posLine = 33, posColumn = 26}}, locValue = TokenIdent "i"},Located {locSpan = SourceSpan {spanFilename = "<input>", spanStart = SourcePos {posLine = 33, posColumn = 26}, spanEnd = SourcePos {posLine = 33, posColumn = 27}}, locValue = TokenDelimiter DelimComma},Located {locSpan = SourceSpan {spanFilename = "<input>", spanStart = SourcePos {posLine = 33, posColumn = 28}, spanEnd = SourcePos {posLine = 33, posColumn = 38}}, locValue = TokenIdent "task_queue"},Located {locSpan = SourceSpan {spanFilename = "<input>", spanStart = SourcePos {posLine = 33, posColumn = 38}, spanEnd = SourcePos {posLine = 33, posColumn = 39}}, locValue = TokenDelimiter DelimComma},Located {locSpan = SourceSpan {spanFilename = "<input>", spanStart = SourcePos {posLine = 33, posColumn = 40}, spanEnd = SourcePos {posLine = 33, posColumn = 52}}, locValue = TokenIdent "result_queue"},Located {locSpan = SourceSpan {spanFilename = "<input>", spanStart = SourcePos {posLine = 33, posColumn = 52}, spanEnd = SourcePos {posLine = 33, posColumn = 53}}, locValue = TokenDelimiter DelimRightParen},Located {locSpan = SourceSpan {spanFilename = "<input>", spanStart = SourcePos {posLine = 33, posColumn = 1}, spanEnd = SourcePos {posLine = 34, posColumn = 1}}, locValue = TokenNewline},Located {locSpan = SourceSpan {spanFilename = "<input>", spanStart = SourcePos {posLine = 34, posColumn = 9}, spanEnd = SourcePos {posLine = 34, posColumn = 15}}, locValue = TokenIdent "thread"},Located {locSpan = SourceSpan {spanFilename = "<input>", spanStart = SourcePos {posLine = 34, posColumn = 16}, spanEnd = SourcePos {posLine = 34, posColumn = 17}}, locValue = TokenOperator OpAssign},Located {locSpan = SourceSpan {spanFilename = "<input>", spanStart = SourcePos {posLine = 34, posColumn = 18}, spanEnd = SourcePos {posLine = 34, posColumn = 27}}, locValue = TokenIdent "threading"},Located {locSpan = SourceSpan {spanFilename = "<input>", spanStart = SourcePos {posLine = 34, posColumn = 27}, spanEnd = SourcePos {posLine = 34, posColumn = 28}}, locValue = TokenDelimiter DelimDot},Located {locSpan = SourceSpan {spanFilename = "<input>", spanStart = SourcePos {posLine = 34, posColumn = 28}, spanEnd = SourcePos {posLine = 34, posColumn = 34}}, locValue = TokenIdent "Thread"},Located {locSpan = SourceSpan {spanFilename = "<input>", spanStart = SourcePos {posLine = 34, posColumn = 34}, spanEnd = SourcePos {posLine = 34, posColumn = 35}}, locValue = TokenDelimiter DelimLeftParen},Located {locSpan = SourceSpan {spanFilename = "<input>", spanStart = SourcePos {posLine = 34, posColumn = 35}, spanEnd = SourcePos {posLine = 34, posColumn = 41}}, locValue = TokenIdent "target"},Located {locSpan = SourceSpan {spanFilename = "<input>", spanStart = SourcePos {posLine = 34, posColumn = 41}, spanEnd = SourcePos {posLine = 34, posColumn = 42}}, locValue = TokenOperator OpAssign},Located {locSpan = SourceSpan {spanFilename = "<input>", spanStart = SourcePos {posLine = 34, posColumn = 42}, spanEnd = SourcePos {posLine = 34, posColumn = 48}}, locValue = TokenIdent "worker"},Located {locSpan = SourceSpan {spanFilename = "<input>", spanStart = SourcePos {posLine = 34, posColumn = 48}, spanEnd = SourcePos {posLine = 34, posColumn = 49}}, locValue = TokenDelimiter DelimDot},Located {locSpan = SourceSpan {spanFilename = "<input>", spanStart = SourcePos {posLine = 34, posColumn = 49}, spanEnd = SourcePos {posLine = 34, posColumn = 52}}, locValue = TokenIdent "run"},Located {locSpan = SourceSpan {spanFilename = "<input>", spanStart = SourcePos {posLine = 34, posColumn = 52}, spanEnd = SourcePos {posLine = 34, posColumn = 53}}, locValue = TokenDelimiter DelimRightParen},Located {locSpan = SourceSpan {spanFilename = "<input>", spanStart = SourcePos {posLine = 34, posColumn = 1}, spanEnd = SourcePos {posLine = 35, posColumn = 1}}, locValue = TokenNewline},Located {locSpan = SourceSpan {spanFilename = "<input>", spanStart = SourcePos {posLine = 35, posColumn = 9}, spanEnd = SourcePos {posLine = 35, posColumn = 16}}, locValue = TokenIdent "workers"},Located {locSpan = SourceSpan {spanFilename = "<input>", spanStart = SourcePos {posLine = 35, posColumn = 16}, spanEnd = SourcePos {posLine = 35, posColumn = 17}}, locValue = TokenDelimiter DelimDot},Located {locSpan = SourceSpan {spanFilename = "<input>", spanStart = SourcePos {posLine = 35, posColumn = 17}, spanEnd = SourcePos {posLine = 35, posColumn = 23}}, locValue = TokenIdent "append"},Located {locSpan = SourceSpan {spanFilename = "<input>", spanStart = SourcePos {posLine = 35, posColumn = 23}, spanEnd = SourcePos {posLine = 35, posColumn = 24}}, locValue = TokenDelimiter DelimLeftParen},Located {locSpan = SourceSpan {spanFilename = "<input>", spanStart = SourcePos {posLine = 35, posColumn = 24}, spanEnd = SourcePos {posLine = 35, posColumn = 30}}, locValue = TokenIdent "thread"},Located {locSpan = SourceSpan {spanFilename = "<input>", spanStart = SourcePos {posLine = 35, posColumn = 30}, spanEnd = SourcePos {posLine = 35, posColumn = 31}}, locValue = TokenDelimiter DelimRightParen},Located {locSpan = SourceSpan {spanFilename = "<input>", spanStart = SourcePos {posLine = 35, posColumn = 1}, spanEnd = SourcePos {posLine = 36, posColumn = 1}}, locValue = TokenNewline},Located {locSpan = SourceSpan {spanFilename = "<input>", spanStart = SourcePos {posLine = 36, posColumn = 9}, spanEnd = SourcePos {posLine = 36, posColumn = 15}}, locValue = TokenIdent "thread"},Located {locSpan = SourceSpan {spanFilename = "<input>", spanStart = SourcePos {posLine = 36, posColumn = 15}, spanEnd = SourcePos {posLine = 36, posColumn = 16}}, locValue = TokenDelimiter DelimDot},Located {locSpan = SourceSpan {spanFilename = "<input>", spanStart = SourcePos {posLine = 36, posColumn = 16}, spanEnd = SourcePos {posLine = 36, posColumn = 21}}, locValue = TokenIdent "start"},Located {locSpan = SourceSpan {spanFilename = "<input>", spanStart = SourcePos {posLine = 36, posColumn = 21}, spanEnd = SourcePos {posLine = 36, posColumn = 22}}, locValue = TokenDelimiter DelimLeftParen},Located {locSpan = SourceSpan {spanFilename = "<input>", spanStart = SourcePos {posLine = 36, posColumn = 22}, spanEnd = SourcePos {posLine = 36, posColumn = 23}}, locValue = TokenDelimiter DelimRightParen},Located {locSpan = SourceSpan {spanFilename = "<input>", spanStart = SourcePos {posLine = 36, posColumn = 1}, spanEnd = SourcePos {posLine = 37, posColumn = 1}}, locValue = TokenNewline},Located {locSpan = SourceSpan {spanFilename = "<input>", spanStart = SourcePos {posLine = 37, posColumn = 1}, spanEnd = SourcePos {posLine = 37, posColumn = 5}}, locValue = TokenDedent 8},Located {locSpan = SourceSpan {spanFilename = "<input>", spanStart = SourcePos {posLine = 37, posColumn = 1}, spanEnd = SourcePos {posLine = 38, posColumn = 1}}, locValue = TokenNewline},Located {locSpan = SourceSpan {spanFilename = "<input>", spanStart = SourcePos {posLine = 38, posColumn = 5}, spanEnd = SourcePos {posLine = 38, posColumn = 36}}, locValue = TokenComment "# Wait for all tasks to be done"},Located {locSpan = SourceSpan {spanFilename = "<input>", spanStart = SourcePos {posLine = 38, posColumn = 1}, spanEnd = SourcePos {posLine = 39, posColumn = 1}}, locValue = TokenNewline},Located {locSpan = SourceSpan {spanFilename = "<input>", spanStart = SourcePos {posLine = 39, posColumn = 5}, spanEnd = SourcePos {posLine = 39, posColumn = 15}}, locValue = TokenIdent "task_queue"},Located {locSpan = SourceSpan {spanFilename = "<input>", spanStart = SourcePos {posLine = 39, posColumn = 15}, spanEnd = SourcePos {posLine = 39, posColumn = 16}}, locValue = TokenDelimiter DelimDot},Located {locSpan = SourceSpan {spanFilename = "<input>", spanStart = SourcePos {posLine = 39, posColumn = 16}, spanEnd = SourcePos {posLine = 39, posColumn = 20}}, locValue = TokenIdent "join"},Located {locSpan = SourceSpan {spanFilename = "<input>", spanStart = SourcePos {posLine = 39, posColumn = 20}, spanEnd = SourcePos {posLine = 39, posColumn = 21}}, locValue = TokenDelimiter DelimLeftParen},Located {locSpan = SourceSpan {spanFilename = "<input>", spanStart = SourcePos {posLine = 39, posColumn = 21}, spanEnd = SourcePos {posLine = 39, posColumn = 22}}, locValue = TokenDelimiter DelimRightParen},Located {locSpan = SourceSpan {spanFilename = "<input>", spanStart = SourcePos {posLine = 39, posColumn = 1}, spanEnd = SourcePos {posLine = 40, posColumn = 1}}, locValue = TokenNewline},Located {locSpan = SourceSpan {spanFilename = "<input>", spanStart = SourcePos {posLine = 40, posColumn = 1}, spanEnd = SourcePos {posLine = 41, posColumn = 1}}, locValue = TokenNewline},Located {locSpan = SourceSpan {spanFilename = "<input>", spanStart = SourcePos {posLine = 41, posColumn = 5}, spanEnd = SourcePos {posLine = 41, posColumn = 33}}, locValue = TokenComment "# Wait for workers to finish"},Located {locSpan = SourceSpan {spanFilename = "<input>", spanStart = SourcePos {posLine = 41, posColumn = 1}, spanEnd = SourcePos {posLine = 42, posColumn = 1}}, locValue = TokenNewline},Located {locSpan = SourceSpan {spanFilename = "<input>", spanStart = SourcePos {posLine = 42, posColumn = 5}, spanEnd = SourcePos {posLine = 42, posColumn = 8}}, locValue = TokenKeyword KwFor},Located {locSpan = SourceSpan {spanFilename = "<input>", spanStart = SourcePos {posLine = 42, posColumn = 9}, spanEnd = SourcePos {posLine = 42, posColumn = 15}}, locValue = TokenIdent "thread"},Located {locSpan = SourceSpan {spanFilename = "<input>", spanStart = SourcePos {posLine = 42, posColumn = 16}, spanEnd = SourcePos {posLine = 42, posColumn = 18}}, locValue = TokenKeyword KwIn},Located {locSpan = SourceSpan {spanFilename = "<input>", spanStart = SourcePos {posLine = 42, posColumn = 19}, spanEnd = SourcePos {posLine = 42, posColumn = 26}}, locValue = TokenIdent "workers"},Located {locSpan = SourceSpan {spanFilename = "<input>", spanStart = SourcePos {posLine = 42, posColumn = 26}, spanEnd = SourcePos {posLine = 42, posColumn = 27}}, locValue = TokenDelimiter DelimColon},Located {locSpan = SourceSpan {spanFilename = "<input>", spanStart = SourcePos {posLine = 42, posColumn = 1}, spanEnd = SourcePos {posLine = 43, posColumn = 1}}, locValue = TokenNewline},Located {locSpan = SourceSpan {spanFilename = "<input>", spanStart = SourcePos {posLine = 43, posColumn = 1}, spanEnd = SourcePos {posLine = 43, posColumn = 9}}, locValue = TokenIndent 8},Located {locSpan = SourceSpan {spanFilename = "<input>", spanStart = SourcePos {posLine = 43, posColumn = 9}, spanEnd = SourcePos {posLine = 43, posColumn = 15}}, locValue = TokenIdent "thread"},Located {locSpan = SourceSpan {spanFilename = "<input>", spanStart = SourcePos {posLine = 43, posColumn = 15}, spanEnd = SourcePos {posLine = 43, posColumn = 16}}, locValue = TokenDelimiter DelimDot},Located {locSpan = SourceSpan {spanFilename = "<input>", spanStart = SourcePos {posLine = 43, posColumn = 16}, spanEnd = SourcePos {posLine = 43, posColumn = 20}}, locValue = TokenIdent "join"},Located {locSpan = SourceSpan {spanFilename = "<input>", spanStart = SourcePos {posLine = 43, posColumn = 20}, spanEnd = SourcePos {posLine = 43, posColumn = 21}}, locValue = TokenDelimiter DelimLeftParen},Located {locSpan = SourceSpan {spanFilename = "<input>", spanStart = SourcePos {posLine = 43, posColumn = 21}, spanEnd = SourcePos {posLine = 43, posColumn = 22}}, locValue = TokenDelimiter DelimRightParen},Located {locSpan = SourceSpan {spanFilename = "<input>", spanStart = SourcePos {posLine = 43, posColumn = 1}, spanEnd = SourcePos {posLine = 44, posColumn = 1}}, locValue = TokenNewline},Located {locSpan = SourceSpan {spanFilename = "<input>", spanStart = SourcePos {posLine = 44, posColumn = 1}, spanEnd = SourcePos {posLine = 44, posColumn = 5}}, locValue = TokenDedent 8},Located {locSpan = SourceSpan {spanFilename = "<input>", spanStart = SourcePos {posLine = 44, posColumn = 1}, spanEnd = SourcePos {posLine = 45, posColumn = 1}}, locValue = TokenNewline},Located {locSpan = SourceSpan {spanFilename = "<input>", spanStart = SourcePos {posLine = 45, posColumn = 5}, spanEnd = SourcePos {posLine = 45, posColumn = 22}}, locValue = TokenComment "# Collect results"},Located {locSpan = SourceSpan {spanFilename = "<input>", spanStart = SourcePos {posLine = 45, posColumn = 1}, spanEnd = SourcePos {posLine = 46, posColumn = 1}}, locValue = TokenNewline},Located {locSpan = SourceSpan {spanFilename = "<input>", spanStart = SourcePos {posLine = 46, posColumn = 5}, spanEnd = SourcePos {posLine = 46, posColumn = 12}}, locValue = TokenIdent "results"},Located {locSpan = SourceSpan {spanFilename = "<input>", spanStart = SourcePos {posLine = 46, posColumn = 13}, spanEnd = SourcePos {posLine = 46, posColumn = 14}}, locValue = TokenOperator OpAssign},Located {locSpan = SourceSpan {spanFilename = "<input>", spanStart = SourcePos {posLine = 46, posColumn = 15}, spanEnd = SourcePos {posLine = 46, posColumn = 16}}, locValue = TokenDelimiter DelimLeftBracket},Located {locSpan = SourceSpan {spanFilename = "<input>", spanStart = SourcePos {posLine = 46, posColumn = 16}, spanEnd = SourcePos {posLine = 46, posColumn = 17}}, locValue = TokenDelimiter DelimRightBracket},Located {locSpan = SourceSpan {spanFilename = "<input>", spanStart = SourcePos {posLine = 46, posColumn = 1}, spanEnd = SourcePos {posLine = 47, posColumn = 1}}, locValue = TokenNewline},Located {locSpan = SourceSpan {spanFilename = "<input>", spanStart = SourcePos {posLine = 47, posColumn = 5}, spanEnd = SourcePos {posLine = 47, posColumn = 10}}, locValue = TokenKeyword KwWhile},Located {locSpan = SourceSpan {spanFilename = "<input>", spanStart = SourcePos {posLine = 47, posColumn = 11}, spanEnd = SourcePos {posLine = 47, posColumn = 14}}, locValue = TokenKeyword KwNot},Located {locSpan = SourceSpan {spanFilename = "<input>", spanStart = SourcePos {posLine = 47, posColumn = 15}, spanEnd = SourcePos {posLine = 47, posColumn = 27}}, locValue = TokenIdent "result_queue"},Located {locSpan = SourceSpan {spanFilename = "<input>", spanStart = SourcePos {posLine = 47, posColumn = 27}, spanEnd = SourcePos {posLine = 47, posColumn = 28}}, locValue = TokenDelimiter DelimDot},Located {locSpan = SourceSpan {spanFilename = "<input>", spanStart = SourcePos {posLine = 47, posColumn = 28}, spanEnd = SourcePos {posLine = 47, posColumn = 33}}, locValue = TokenIdent "empty"},Located {locSpan = SourceSpan {spanFilename = "<input>", spanStart = SourcePos {posLine = 47, posColumn = 33}, spanEnd = SourcePos {posLine = 47, posColumn = 34}}, locValue = TokenDelimiter DelimLeftParen},Located {locSpan = SourceSpan {spanFilename = "<input>", spanStart = SourcePos {posLine = 47, posColumn = 34}, spanEnd = SourcePos {posLine = 47, posColumn = 35}}, locValue = TokenDelimiter DelimRightParen},Located {locSpan = SourceSpan {spanFilename = "<input>", spanStart = SourcePos {posLine = 47, posColumn = 35}, spanEnd = SourcePos {posLine = 47, posColumn = 36}}, locValue = TokenDelimiter DelimColon},Located {locSpan = SourceSpan {spanFilename = "<input>", spanStart = SourcePos {posLine = 47, posColumn = 1}, spanEnd = SourcePos {posLine = 48, posColumn = 1}}, locValue = TokenNewline},Located {locSpan = SourceSpan {spanFilename = "<input>", spanStart = SourcePos {posLine = 48, posColumn = 1}, spanEnd = SourcePos {posLine = 48, posColumn = 9}}, locValue = TokenIndent 8},Located {locSpan = SourceSpan {spanFilename = "<input>", spanStart = SourcePos {posLine = 48, posColumn = 9}, spanEnd = SourcePos {posLine = 48, posColumn = 16}}, locValue = TokenIdent "results"},Located {locSpan = SourceSpan {spanFilename = "<input>", spanStart = SourcePos {posLine = 48, posColumn = 16}, spanEnd = SourcePos {posLine = 48, posColumn = 17}}, locValue = TokenDelimiter DelimDot},Located {locSpan = SourceSpan {spanFilename = "<input>", spanStart = SourcePos {posLine = 48, posColumn = 17}, spanEnd = SourcePos {posLine = 48, posColumn = 23}}, locValue = TokenIdent "append"},Located {locSpan = SourceSpan {spanFilename = "<input>", spanStart = SourcePos {posLine = 48, posColumn = 23}, spanEnd = SourcePos {posLine = 48, posColumn = 24}}, locValue = TokenDelimiter DelimLeftParen},Located {locSpan = SourceSpan {spanFilename = "<input>", spanStart = SourcePos {posLine = 48, posColumn = 24}, spanEnd = SourcePos {posLine = 48, posColumn = 36}}, locValue = TokenIdent "result_queue"},Located {locSpan = SourceSpan {spanFilename = "<input>", spanStart = SourcePos {posLine = 48, posColumn = 36}, spanEnd = SourcePos {posLine = 48, posColumn = 37}}, locValue = TokenDelimiter DelimDot},Located {locSpan = SourceSpan {spanFilename = "<input>", spanStart = SourcePos {posLine = 48, posColumn = 37}, spanEnd = SourcePos {posLine = 48, posColumn = 40}}, locValue = TokenIdent "get"},Located {locSpan = SourceSpan {spanFilename = "<input>", spanStart = SourcePos {posLine = 48, posColumn = 40}, spanEnd = SourcePos {posLine = 48, posColumn = 41}}, locValue = TokenDelimiter DelimLeftParen},Located {locSpan = SourceSpan {spanFilename = "<input>", spanStart = SourcePos {posLine = 48, posColumn = 41}, spanEnd = SourcePos {posLine = 48, posColumn = 42}}, locValue = TokenDelimiter DelimRightParen},Located {locSpan = SourceSpan {spanFilename = "<input>", spanStart = SourcePos {posLine = 48, posColumn = 42}, spanEnd = SourcePos {posLine = 48, posColumn = 43}}, locValue = TokenDelimiter DelimRightParen},Located {locSpan = SourceSpan {spanFilename = "<input>", spanStart = SourcePos {posLine = 48, posColumn = 1}, spanEnd = SourcePos {posLine = 49, posColumn = 1}}, locValue = TokenNewline},Located {locSpan = SourceSpan {spanFilename = "<input>", spanStart = SourcePos {posLine = 49, posColumn = 1}, spanEnd = SourcePos {posLine = 49, posColumn = 5}}, locValue = TokenDedent 8},Located {locSpan = SourceSpan {spanFilename = "<input>", spanStart = SourcePos {posLine = 49, posColumn = 1}, spanEnd = SourcePos {posLine = 50, posColumn = 1}}, locValue = TokenNewline},Located {locSpan = SourceSpan {spanFilename = "<input>", spanStart = SourcePos {posLine = 50, posColumn = 5}, spanEnd = SourcePos {posLine = 50, posColumn = 32}}, locValue = TokenComment "# Sort results by worker ID"},Located {locSpan = SourceSpan {spanFilename = "<input>", spanStart = SourcePos {posLine = 50, posColumn = 1}, spanEnd = SourcePos {posLine = 51, posColumn = 1}}, locValue = TokenNewline},Located {locSpan = SourceSpan {spanFilename = "<input>", spanStart = SourcePos {posLine = 51, posColumn = 5}, spanEnd = SourcePos {posLine = 51, posColumn = 12}}, locValue = TokenIdent "results"},Located {locSpan = SourceSpan {spanFilename = "<input>", spanStart = SourcePos {posLine = 51, posColumn = 12}, spanEnd = SourcePos {posLine = 51, posColumn = 13}}, locValue = TokenDelimiter DelimDot},Located {locSpan = SourceSpan {spanFilename = "<input>", spanStart = SourcePos {posLine = 51, posColumn = 13}, spanEnd = SourcePos {posLine = 51, posColumn = 17}}, locValue = TokenIdent "sort"},Located {locSpan = SourceSpan {spanFilename = "<input>", spanStart = SourcePos {posLine = 51, posColumn = 17}, spanEnd = SourcePos {posLine = 51, posColumn = 18}}, locValue = TokenDelimiter DelimLeftParen},Located {locSpan = SourceSpan {spanFilename = "<input>", spanStart = SourcePos {posLine = 51, posColumn = 18}, spanEnd = SourcePos {posLine = 51, posColumn = 19}}, locValue = TokenDelimiter DelimRightParen},Located {locSpan = SourceSpan {spanFilename = "<input>", spanStart = SourcePos {posLine = 51, posColumn = 1}, spanEnd = SourcePos {posLine = 52, posColumn = 1}}, locValue = TokenNewline},Located {locSpan = SourceSpan {spanFilename = "<input>", spanStart = SourcePos {posLine = 52, posColumn = 1}, spanEnd = SourcePos {posLine = 53, posColumn = 1}}, locValue = TokenNewline},Located {locSpan = SourceSpan {spanFilename = "<input>", spanStart = SourcePos {posLine = 53, posColumn = 5}, spanEnd = SourcePos {posLine = 53, posColumn = 10}}, locValue = TokenIdent "print"},Located {locSpan = SourceSpan {spanFilename = "<input>", spanStart = SourcePos {posLine = 53, posColumn = 10}, spanEnd = SourcePos {posLine = 53, posColumn = 11}}, locValue = TokenDelimiter DelimLeftParen},Located {locSpan = SourceSpan {spanFilename = "<input>", spanStart = SourcePos {posLine = 53, posColumn = 11}, spanEnd = SourcePos {posLine = 53, posColumn = 44}}, locValue = TokenFString "Processed {len(results)} tasks" ["len(results)"]},Located {locSpan = SourceSpan {spanFilename = "<input>", spanStart = SourcePos {posLine = 53, posColumn = 44}, spanEnd = SourcePos {posLine = 53, posColumn = 45}}, locValue = TokenDelimiter DelimRightParen},Located {locSpan = SourceSpan {spanFilename = "<input>", spanStart = SourcePos {posLine = 53, posColumn = 1}, spanEnd = SourcePos {posLine = 54, posColumn = 1}}, locValue = TokenNewline},Located {locSpan = SourceSpan {spanFilename = "<input>", spanStart = SourcePos {posLine = 54, posColumn = 5}, spanEnd = SourcePos {posLine = 54, posColumn = 8}}, locValue = TokenKeyword KwFor},Located {locSpan = SourceSpan {spanFilename = "<input>", spanStart = SourcePos {posLine = 54, posColumn = 9}, spanEnd = SourcePos {posLine = 54, posColumn = 18}}, locValue = TokenIdent "worker_id"},Located {locSpan = SourceSpan {spanFilename = "<input>", spanStart = SourcePos {posLine = 54, posColumn = 18}, spanEnd = SourcePos {posLine = 54, posColumn = 19}}, locValue = TokenDelimiter DelimComma},Located {locSpan = SourceSpan {spanFilename = "<input>", spanStart = SourcePos {posLine = 54, posColumn = 20}, spanEnd = SourcePos {posLine = 54, posColumn = 26}}, locValue = TokenIdent "result"},Located {locSpan = SourceSpan {spanFilename = "<input>", spanStart = SourcePos {posLine = 54, posColumn = 27}, spanEnd = SourcePos {posLine = 54, posColumn = 29}}, locValue = TokenKeyword KwIn},Located {locSpan = SourceSpan {spanFilename = "<input>", spanStart = SourcePos {posLine = 54, posColumn = 30}, spanEnd = SourcePos {posLine = 54, posColumn = 37}}, locValue = TokenIdent "results"},Located {locSpan = SourceSpan {spanFilename = "<input>", spanStart = SourcePos {posLine = 54, posColumn = 37}, spanEnd = SourcePos {posLine = 54, posColumn = 38}}, locValue = TokenDelimiter DelimColon},Located {locSpan = SourceSpan {spanFilename = "<input>", spanStart = SourcePos {posLine = 54, posColumn = 1}, spanEnd = SourcePos {posLine = 55, posColumn = 1}}, locValue = TokenNewline},Located {locSpan = SourceSpan {spanFilename = "<input>", spanStart = SourcePos {posLine = 55, posColumn = 1}, spanEnd = SourcePos {posLine = 55, posColumn = 9}}, locValue = TokenIndent 8},Located {locSpan = SourceSpan {spanFilename = "<input>", spanStart = SourcePos {posLine = 55, posColumn = 9}, spanEnd = SourcePos {posLine = 55, posColumn = 14}}, locValue = TokenIdent "print"},Located {locSpan = SourceSpan {spanFilename = "<input>", spanStart = SourcePos {posLine = 55, posColumn = 14}, spanEnd = SourcePos {posLine = 55, posColumn = 15}}, locValue = TokenDelimiter DelimLeftParen},Located {locSpan = SourceSpan {spanFilename = "<input>", spanStart = SourcePos {posLine = 55, posColumn = 15}, spanEnd = SourcePos {posLine = 55, posColumn = 46}}, locValue = TokenFString "Worker {worker_id}: {result}" ["worker_id","result"]},Located {locSpan = SourceSpan {spanFilename = "<input>", spanStart = SourcePos {posLine = 55, posColumn = 46}, spanEnd = SourcePos {posLine = 55, posColumn = 47}}, locValue = TokenDelimiter DelimRightParen},Located {locSpan = SourceSpan {spanFilename = "<input>", spanStart = SourcePos {posLine = 55, posColumn = 1}, spanEnd = SourcePos {posLine = 56, posColumn = 1}}, locValue = TokenNewline},Located {locSpan = SourceSpan {spanFilename = "<input>", spanStart = SourcePos {posLine = 56, posColumn = 1}, spanEnd = SourcePos {posLine = 56, posColumn = 5}}, locValue = TokenDedent 8},Located {locSpan = SourceSpan {spanFilename = "<input>", spanStart = SourcePos {posLine = 56, posColumn = 1}, spanEnd = SourcePos {posLine = 57, posColumn = 1}}, locValue = TokenNewline},Located {locSpan = SourceSpan {spanFilename = "<input>", spanStart = SourcePos {posLine = 57, posColumn = 5}, spanEnd = SourcePos {posLine = 57, posColumn = 11}}, locValue = TokenKeyword KwReturn},Located {locSpan = SourceSpan {spanFilename = "<input>", spanStart = SourcePos {posLine = 57, posColumn = 12}, spanEnd = SourcePos {posLine = 57, posColumn = 13}}, locValue = TokenNumber "0" False},Located {locSpan = SourceSpan {spanFilename = "<input>", spanStart = SourcePos {posLine = 57, posColumn = 1}, spanEnd = SourcePos {posLine = 59, posColumn = 1}}, locValue = TokenNewline},Located {locSpan = SourceSpan {spanFilename = "<input>", spanStart = SourcePos {posLine = 57, posColumn = 1}, spanEnd = SourcePos {posLine = 59, posColumn = 1}}, locValue = TokenNewline},Located {locSpan = SourceSpan {spanFilename = "<input>", spanStart = SourcePos {posLine = 59, posColumn = 1}, spanEnd = SourcePos {posLine = 59, posColumn = 1}}, locValue = TokenDedent 4},Located {locSpan = SourceSpan {spanFilename = "<input>", spanStart = SourcePos {posLine = 59, posColumn = 1}, spanEnd = SourcePos {posLine = 59, posColumn = 3}}, locValue = TokenKeyword KwIf},Located {locSpan = SourceSpan {spanFilename = "<input>", spanStart = SourcePos {posLine = 59, posColumn = 4}, spanEnd = SourcePos {posLine = 59, posColumn = 12}}, locValue = TokenIdent "__name__"},Located {locSpan = SourceSpan {spanFilename = "<input>", spanStart = SourcePos {posLine = 59, posColumn = 13}, spanEnd = SourcePos {posLine = 59, posColumn = 15}}, locValue = TokenOperator OpEq},Located {locSpan = SourceSpan {spanFilename = "<input>", spanStart = SourcePos {posLine = 59, posColumn = 16}, spanEnd = SourcePos {posLine = 59, posColumn = 26}}, locValue = TokenString "__main__"},Located {locSpan = SourceSpan {spanFilename = "<input>", spanStart = SourcePos {posLine = 59, posColumn = 26}, spanEnd = SourcePos {posLine = 59, posColumn = 27}}, locValue = TokenDelimiter DelimColon},Located {locSpan = SourceSpan {spanFilename = "<input>", spanStart = SourcePos {posLine = 59, posColumn = 1}, spanEnd = SourcePos {posLine = 60, posColumn = 1}}, locValue = TokenNewline},Located {locSpan = SourceSpan {spanFilename = "<input>", spanStart = SourcePos {posLine = 60, posColumn = 1}, spanEnd = SourcePos {posLine = 60, posColumn = 5}}, locValue = TokenIndent 4},Located {locSpan = SourceSpan {spanFilename = "<input>", spanStart = SourcePos {posLine = 60, posColumn = 5}, spanEnd = SourcePos {posLine = 60, posColumn = 9}}, locValue = TokenIdent "main"},Located {locSpan = SourceSpan {spanFilename = "<input>", spanStart = SourcePos {posLine = 60, posColumn = 9}, spanEnd = SourcePos {posLine = 60, posColumn = 10}}, locValue = TokenDelimiter DelimLeftParen},Located {locSpan = SourceSpan {spanFilename = "<input>", spanStart = SourcePos {posLine = 60, posColumn = 10}, spanEnd = SourcePos {posLine = 60, posColumn = 11}}, locValue = TokenDelimiter DelimRightParen},Located {locSpan = SourceSpan {spanFilename = "<input>", spanStart = SourcePos {posLine = 60, posColumn = 1}, spanEnd = SourcePos {posLine = 61, posColumn = 1}}, locValue = TokenNewline},Located {locSpan = SourceSpan {spanFilename = "<input>", spanStart = SourcePos {posLine = 0, posColumn = 0}, spanEnd = SourcePos {posLine = 0, posColumn = 0}}, locValue = TokenDedent 0}], pstateOffset = 0, pstateSourcePos = SourcePos {sourceName = "/tmp/fluxus-concurrency-test--a168bec0e93f5c47/concurrent.py", sourceLine = Pos 1, sourceColumn = Pos 1}, pstateTabWidth = Pos 8, pstateLinePrefix = ""}}
      manages concurrency correctly [✘]
    Error Handling Tests
[INFO] Compiling project with 1 files
[INFO] Processing file: /tmp/fluxus-error-test--90694d9e92acb00a/invalid.py
[INFO] [DRIVER] === Starting compilation pipeline for: /tmp/fluxus-error-test--90694d9e92acb00a/invalid.py ===
[INFO] [DRIVER] Debug breakpoint: processSourceFile called with file: /tmp/fluxus-error-test--90694d9e92acb00a/invalid.py
[INFO] Phase: parsing
[INFO] [DRIVER] Parse stage started for: /tmp/fluxus-error-test--90694d9e92acb00a/invalid.py
[INFO] [DRIVER] Python lexer starting for: /tmp/fluxus-error-test--90694d9e92acb00a/invalid.py
[INFO] [DRIVER] Python lexer succeeded: 16 tokens
[INFO] [DRIVER] Python parser starting
[ERROR] [DRIVER] Python parser failed: ParseErrorBundle {bundleErrors = TrivialError 0 (Just (Tokens (Located {locSpan = SourceSpan {spanFilename = "<input>", spanStart = SourcePos {posLine = 1, posColumn = 1}, spanEnd = SourcePos {posLine = 1, posColumn = 4}}, locValue = TokenKeyword KwDef} :| []))) (fromList [EndOfInput]) :| [], bundlePosState = PosState {pstateInput = [Located {locSpan = SourceSpan {spanFilename = "<input>", spanStart = SourcePos {posLine = 1, posColumn = 1}, spanEnd = SourcePos {posLine = 1, posColumn = 4}}, locValue = TokenKeyword KwDef},Located {locSpan = SourceSpan {spanFilename = "<input>", spanStart = SourcePos {posLine = 1, posColumn = 5}, spanEnd = SourcePos {posLine = 1, posColumn = 21}}, locValue = TokenIdent "invalid_function"},Located {locSpan = SourceSpan {spanFilename = "<input>", spanStart = SourcePos {posLine = 1, posColumn = 21}, spanEnd = SourcePos {posLine = 1, posColumn = 22}}, locValue = TokenDelimiter DelimLeftParen},Located {locSpan = SourceSpan {spanFilename = "<input>", spanStart = SourcePos {posLine = 1, posColumn = 22}, spanEnd = SourcePos {posLine = 1, posColumn = 23}}, locValue = TokenIdent "x"},Located {locSpan = SourceSpan {spanFilename = "<input>", spanStart = SourcePos {posLine = 1, posColumn = 23}, spanEnd = SourcePos {posLine = 1, posColumn = 24}}, locValue = TokenDelimiter DelimComma},Located {locSpan = SourceSpan {spanFilename = "<input>", spanStart = SourcePos {posLine = 1, posColumn = 25}, spanEnd = SourcePos {posLine = 1, posColumn = 26}}, locValue = TokenIdent "y"},Located {locSpan = SourceSpan {spanFilename = "<input>", spanStart = SourcePos {posLine = 1, posColumn = 1}, spanEnd = SourcePos {posLine = 2, posColumn = 1}}, locValue = TokenNewline},Located {locSpan = SourceSpan {spanFilename = "<input>", spanStart = SourcePos {posLine = 2, posColumn = 1}, spanEnd = SourcePos {posLine = 2, posColumn = 5}}, locValue = TokenIndent 4},Located {locSpan = SourceSpan {spanFilename = "<input>", spanStart = SourcePos {posLine = 2, posColumn = 5}, spanEnd = SourcePos {posLine = 2, posColumn = 34}}, locValue = TokenComment "# Missing closing parenthesis"},Located {locSpan = SourceSpan {spanFilename = "<input>", spanStart = SourcePos {posLine = 2, posColumn = 1}, spanEnd = SourcePos {posLine = 3, posColumn = 1}}, locValue = TokenNewline},Located {locSpan = SourceSpan {spanFilename = "<input>", spanStart = SourcePos {posLine = 3, posColumn = 5}, spanEnd = SourcePos {posLine = 3, posColumn = 11}}, locValue = TokenKeyword KwReturn},Located {locSpan = SourceSpan {spanFilename = "<input>", spanStart = SourcePos {posLine = 3, posColumn = 12}, spanEnd = SourcePos {posLine = 3, posColumn = 13}}, locValue = TokenIdent "x"},Located {locSpan = SourceSpan {spanFilename = "<input>", spanStart = SourcePos {posLine = 3, posColumn = 14}, spanEnd = SourcePos {posLine = 3, posColumn = 15}}, locValue = TokenOperator OpPlus},Located {locSpan = SourceSpan {spanFilename = "<input>", spanStart = SourcePos {posLine = 3, posColumn = 16}, spanEnd = SourcePos {posLine = 3, posColumn = 17}}, locValue = TokenIdent "y"},Located {locSpan = SourceSpan {spanFilename = "<input>", spanStart = SourcePos {posLine = 3, posColumn = 1}, spanEnd = SourcePos {posLine = 4, posColumn = 1}}, locValue = TokenNewline},Located {locSpan = SourceSpan {spanFilename = "<input>", spanStart = SourcePos {posLine = 0, posColumn = 0}, spanEnd = SourcePos {posLine = 0, posColumn = 0}}, locValue = TokenDedent 0}], pstateOffset = 0, pstateSourcePos = SourcePos {sourceName = "/tmp/fluxus-error-test--90694d9e92acb00a/invalid.py", sourceLine = Pos 1, sourceColumn = Pos 1}, pstateTabWidth = Pos 8, pstateLinePrefix = ""}}
      handles compilation errors gracefully [✔]
[INFO] Compiling project with 1 files
[INFO] Processing file: /tmp/fluxus-error-msg-test--d5e195fa1c642570/undefined.py
[INFO] [DRIVER] === Starting compilation pipeline for: /tmp/fluxus-error-msg-test--d5e195fa1c642570/undefined.py ===
[INFO] [DRIVER] Debug breakpoint: processSourceFile called with file: /tmp/fluxus-error-msg-test--d5e195fa1c642570/undefined.py
[INFO] Phase: parsing
[INFO] [DRIVER] Parse stage started for: /tmp/fluxus-error-msg-test--d5e195fa1c642570/undefined.py
[INFO] [DRIVER] Python lexer starting for: /tmp/fluxus-error-msg-test--d5e195fa1c642570/undefined.py
[INFO] [DRIVER] Python lexer succeeded: 16 tokens
[INFO] [DRIVER] Python parser starting
[INFO] [DRIVER] Python parser succeeded
[INFO] Phase: type-inference
[INFO] [DRIVER] Starting type inference for: /tmp/fluxus-error-msg-test--d5e195fa1c642570/undefined.py
[INFO] Running type inference analysis
[INFO] [DRIVER] Type inference stage started
[ERROR] [DRIVER] Type inference failed: Undefined variable: Identifier "undefined_variable" at SourceSpan {spanFilename = "<no-file>", spanStart = SourcePos {posLine = 0, posColumn = 0}, spanEnd = SourcePos {posLine = 0, posColumn = 0}}
      produces helpful error messages [✔]
    Performance Tests
[INFO] Compiling project with 1 files
[INFO] Processing file: /tmp/fluxus-large-test--31a3ffe56f5c57e2/large.py
[INFO] [DRIVER] === Starting compilation pipeline for: /tmp/fluxus-large-test--31a3ffe56f5c57e2/large.py ===
[INFO] [DRIVER] Debug breakpoint: processSourceFile called with file: /tmp/fluxus-large-test--31a3ffe56f5c57e2/large.py
[INFO] Phase: parsing
[INFO] [DRIVER] Parse stage started for: /tmp/fluxus-large-test--31a3ffe56f5c57e2/large.py
[INFO] [DRIVER] Python lexer starting for: /tmp/fluxus-large-test--31a3ffe56f5c57e2/large.py
[INFO] [DRIVER] Python lexer succeeded: 3459 tokens
[INFO] [DRIVER] Python parser starting
[ERROR] [DRIVER] Python parser failed: ParseErrorBundle {bundleErrors = TrivialError 2708 (Just (Tokens (Located {locSpan = SourceSpan {spanFilename = "<input>", spanStart = SourcePos {posLine = 405, posColumn = 1}, spanEnd = SourcePos {posLine = 405, posColumn = 4}}, locValue = TokenKeyword KwDef} :| []))) (fromList [EndOfInput]) :| [], bundlePosState = PosState {pstateInput = [Located {locSpan = SourceSpan {spanFilename = "<input>", spanStart = SourcePos {posLine = 1, posColumn = 1}, spanEnd = SourcePos {posLine = 1, posColumn = 7}}, locValue = TokenKeyword KwImport},Located {locSpan = SourceSpan {spanFilename = "<input>", spanStart = SourcePos {posLine = 1, posColumn = 8}, spanEnd = SourcePos {posLine = 1, posColumn = 11}}, locValue = TokenIdent "sys"},Located {locSpan = SourceSpan {spanFilename = "<input>", spanStart = SourcePos {posLine = 1, posColumn = 1}, spanEnd = SourcePos {posLine = 2, posColumn = 1}}, locValue = TokenNewline},Located {locSpan = SourceSpan {spanFilename = "<input>", spanStart = SourcePos {posLine = 2, posColumn = 1}, spanEnd = SourcePos {posLine = 2, posColumn = 7}}, locValue = TokenKeyword KwImport},Located {locSpan = SourceSpan {spanFilename = "<input>", spanStart = SourcePos {posLine = 2, posColumn = 8}, spanEnd = SourcePos {posLine = 2, posColumn = 12}}, locValue = TokenIdent "math"},Located {locSpan = SourceSpan {spanFilename = "<input>", spanStart = SourcePos {posLine = 2, posColumn = 1}, spanEnd = SourcePos {posLine = 4, posColumn = 1}}, locValue = TokenNewline},Located {locSpan = SourceSpan {spanFilename = "<input>", spanStart = SourcePos {posLine = 2, posColumn = 1}, spanEnd = SourcePos {posLine = 4, posColumn = 1}}, locValue = TokenNewline},Located {locSpan = SourceSpan {spanFilename = "<input>", spanStart = SourcePos {posLine = 4, posColumn = 1}, spanEnd = SourcePos {posLine = 4, posColumn = 4}}, locValue = TokenKeyword KwDef},Located {locSpan = SourceSpan {spanFilename = "<input>", spanStart = SourcePos {posLine = 4, posColumn = 5}, spanEnd = SourcePos {posLine = 4, posColumn = 15}}, locValue = TokenIdent "function_1"},Located {locSpan = SourceSpan {spanFilename = "<input>", spanStart = SourcePos {posLine = 4, posColumn = 15}, spanEnd = SourcePos {posLine = 4, posColumn = 16}}, locValue = TokenDelimiter DelimLeftParen},Located {locSpan = SourceSpan {spanFilename = "<input>", spanStart = SourcePos {posLine = 4, posColumn = 16}, spanEnd = SourcePos {posLine = 4, posColumn = 17}}, locValue = TokenIdent "x"},Located {locSpan = SourceSpan {spanFilename = "<input>", spanStart = SourcePos {posLine = 4, posColumn = 17}, spanEnd = SourcePos {posLine = 4, posColumn = 18}}, locValue = TokenDelimiter DelimRightParen},Located {locSpan = SourceSpan {spanFilename = "<input>", spanStart = SourcePos {posLine = 4, posColumn = 18}, spanEnd = SourcePos {posLine = 4, posColumn = 19}}, locValue = TokenDelimiter DelimColon},Located {locSpan = SourceSpan {spanFilename = "<input>", spanStart = SourcePos {posLine = 4, posColumn = 1}, spanEnd = SourcePos {posLine = 5, posColumn = 1}}, locValue = TokenNewline},Located {locSpan = SourceSpan {spanFilename = "<input>", spanStart = SourcePos {posLine = 5, posColumn = 1}, spanEnd = SourcePos {posLine = 5, posColumn = 5}}, locValue = TokenIndent 4},Located {locSpan = SourceSpan {spanFilename = "<input>", spanStart = SourcePos {posLine = 5, posColumn = 5}, spanEnd = SourcePos {posLine = 5, posColumn = 32}}, locValue = TokenComment "# Function 1 implementation"},Located {locSpan = SourceSpan {spanFilename = "<input>", spanStart = SourcePos {posLine = 5, posColumn = 1}, spanEnd = SourcePos {posLine = 6, posColumn = 1}}, locValue = TokenNewline},Located {locSpan = SourceSpan {spanFilename = "<input>", spanStart = SourcePos {posLine = 6, posColumn = 5}, spanEnd = SourcePos {posLine = 6, posColumn = 11}}, locValue = TokenIdent "result"},Located {locSpan = SourceSpan {spanFilename = "<input>", spanStart = SourcePos {posLine = 6, posColumn = 12}, spanEnd = SourcePos {posLine = 6, posColumn = 13}}, locValue = TokenOperator OpAssign},Located {locSpan = SourceSpan {spanFilename = "<input>", spanStart = SourcePos {posLine = 6, posColumn = 14}, spanEnd = SourcePos {posLine = 6, posColumn = 15}}, locValue = TokenIdent "x"},Located {locSpan = SourceSpan {spanFilename = "<input>", spanStart = SourcePos {posLine = 6, posColumn = 16}, spanEnd = SourcePos {posLine = 6, posColumn = 17}}, locValue = TokenOperator OpMult},Located {locSpan = SourceSpan {spanFilename = "<input>", spanStart = SourcePos {posLine = 6, posColumn = 18}, spanEnd = SourcePos {posLine = 6, posColumn = 19}}, locValue = TokenNumber "1" False},Located {locSpan = SourceSpan {spanFilename = "<input>", spanStart = SourcePos {posLine = 6, posColumn = 20}, spanEnd = SourcePos {posLine = 6, posColumn = 21}}, locValue = TokenOperator OpPlus},Located {locSpan = SourceSpan {spanFilename = "<input>", spanStart = SourcePos {posLine = 6, posColumn = 22}, spanEnd = SourcePos {posLine = 6, posColumn = 26}}, locValue = TokenIdent "math"},Located {locSpan = SourceSpan {spanFilename = "<input>", spanStart = SourcePos {posLine = 6, posColumn = 26}, spanEnd = SourcePos {posLine = 6, posColumn = 27}}, locValue = TokenDelimiter DelimDot},Located {locSpan = SourceSpan {spanFilename = "<input>", spanStart = SourcePos {posLine = 6, posColumn = 27}, spanEnd = SourcePos {posLine = 6, posColumn = 31}}, locValue = TokenIdent "sqrt"},Located {locSpan = SourceSpan {spanFilename = "<input>", spanStart = SourcePos {posLine = 6, posColumn = 31}, spanEnd = SourcePos {posLine = 6, posColumn = 32}}, locValue = TokenDelimiter DelimLeftParen},Located {locSpan = SourceSpan {spanFilename = "<input>", spanStart = SourcePos {posLine = 6, posColumn = 32}, spanEnd = SourcePos {posLine = 6, posColumn = 33}}, locValue = TokenNumber "1" False},Located {locSpan = SourceSpan {spanFilename = "<input>", spanStart = SourcePos {posLine = 6, posColumn = 33}, spanEnd = SourcePos {posLine = 6, posColumn = 34}}, locValue = TokenDelimiter DelimRightParen},Located {locSpan = SourceSpan {spanFilename = "<input>", spanStart = SourcePos {posLine = 6, posColumn = 1}, spanEnd = SourcePos {posLine = 7, posColumn = 1}}, locValue = TokenNewline},Located {locSpan = SourceSpan {spanFilename = "<input>", spanStart = SourcePos {posLine = 7, posColumn = 5}, spanEnd = SourcePos {posLine = 7, posColumn = 11}}, locValue = TokenKeyword KwReturn},Located {locSpan = SourceSpan {spanFilename = "<input>", spanStart = SourcePos {posLine = 7, posColumn = 12}, spanEnd = SourcePos {posLine = 7, posColumn = 18}}, locValue = TokenIdent "result"},Located {locSpan = SourceSpan {spanFilename = "<input>", spanStart = SourcePos {posLine = 7, posColumn = 1}, spanEnd = SourcePos {posLine = 8, posColumn = 1}}, locValue = TokenNewline},Located {locSpan = SourceSpan {spanFilename = "<input>", spanStart = SourcePos {posLine = 8, posColumn = 1}, spanEnd = SourcePos {posLine = 8, posColumn = 1}}, locValue = TokenDedent 4},Located {locSpan = SourceSpan {spanFilename = "<input>", spanStart = SourcePos {posLine = 8, posColumn = 1}, spanEnd = SourcePos {posLine = 8, posColumn = 4}}, locValue = TokenKeyword KwDef},Located {locSpan = SourceSpan {spanFilename = "<input>", spanStart = SourcePos {posLine = 8, posColumn = 5}, spanEnd = SourcePos {posLine = 8, posColumn = 15}}, locValue = TokenIdent "function_2"},Located {locSpan = SourceSpan {spanFilename = "<input>", spanStart = SourcePos {posLine = 8, posColumn = 15}, spanEnd = SourcePos {posLine = 8, posColumn = 16}}, locValue = TokenDelimiter DelimLeftParen},Located {locSpan = SourceSpan {spanFilename = "<input>", spanStart = SourcePos {posLine = 8, posColumn = 16}, spanEnd = SourcePos {posLine = 8, posColumn = 17}}, locValue = TokenIdent "x"},Located {locSpan = SourceSpan {spanFilename = "<input>", spanStart = SourcePos {posLine = 8, posColumn = 17}, spanEnd = SourcePos {posLine = 8, posColumn = 18}}, locValue = TokenDelimiter DelimRightParen},Located {locSpan = SourceSpan {spanFilename = "<input>", spanStart = SourcePos {posLine = 8, posColumn = 18}, spanEnd = SourcePos {posLine = 8, posColumn = 19}}, locValue = TokenDelimiter DelimColon},Located {locSpan = SourceSpan {spanFilename = "<input>", spanStart = SourcePos {posLine = 8, posColumn = 1}, spanEnd = SourcePos {posLine = 9, posColumn = 1}}, locValue = TokenNewline},Located {locSpan = SourceSpan {spanFilename = "<input>", spanStart = SourcePos {posLine = 9, posColumn = 1}, spanEnd = SourcePos {posLine = 9, posColumn = 5}}, locValue = TokenIndent 4},Located {locSpan = SourceSpan {spanFilename = "<input>", spanStart = SourcePos {posLine = 9, posColumn = 5}, spanEnd = SourcePos {posLine = 9, posColumn = 32}}, locValue = TokenComment "# Function 2 implementation"},Located {locSpan = SourceSpan {spanFilename = "<input>", spanStart = SourcePos {posLine = 9, posColumn = 1}, spanEnd = SourcePos {posLine = 10, posColumn = 1}}, locValue = TokenNewline},Located {locSpan = SourceSpan {spanFilename = "<input>", spanStart = SourcePos {posLine = 10, posColumn = 5}, spanEnd = SourcePos {posLine = 10, posColumn = 11}}, locValue = TokenIdent "result"},Located {locSpan = SourceSpan {spanFilename = "<input>", spanStart = SourcePos {posLine = 10, posColumn = 12}, spanEnd = SourcePos {posLine = 10, posColumn = 13}}, locValue = TokenOperator OpAssign},Located {locSpan = SourceSpan {spanFilename = "<input>", spanStart = SourcePos {posLine = 10, posColumn = 14}, spanEnd = SourcePos {posLine = 10, posColumn = 15}}, locValue = TokenIdent "x"},Located {locSpan = SourceSpan {spanFilename = "<input>", spanStart = SourcePos {posLine = 10, posColumn = 16}, spanEnd = SourcePos {posLine = 10, posColumn = 17}}, locValue = TokenOperator OpMult},Located {locSpan = SourceSpan {spanFilename = "<input>", spanStart = SourcePos {posLine = 10, posColumn = 18}, spanEnd = SourcePos {posLine = 10, posColumn = 19}}, locValue = TokenNumber "2" False},Located {locSpan = SourceSpan {spanFilename = "<input>", spanStart = SourcePos {posLine = 10, posColumn = 20}, spanEnd = SourcePos {posLine = 10, posColumn = 21}}, locValue = TokenOperator OpPlus},Located {locSpan = SourceSpan {spanFilename = "<input>", spanStart = SourcePos {posLine = 10, posColumn = 22}, spanEnd = SourcePos {posLine = 10, posColumn = 26}}, locValue = TokenIdent "math"},Located {locSpan = SourceSpan {spanFilename = "<input>", spanStart = SourcePos {posLine = 10, posColumn = 26}, spanEnd = SourcePos {posLine = 10, posColumn = 27}}, locValue = TokenDelimiter DelimDot},Located {locSpan = SourceSpan {spanFilename = "<input>", spanStart = SourcePos {posLine = 10, posColumn = 27}, spanEnd = SourcePos {posLine = 10, posColumn = 31}}, locValue = TokenIdent "sqrt"},Located {locSpan = SourceSpan {spanFilename = "<input>", spanStart = SourcePos {posLine = 10, posColumn = 31}, spanEnd = SourcePos {posLine = 10, posColumn = 32}}, locValue = TokenDelimiter DelimLeftParen},Located {locSpan = SourceSpan {spanFilename = "<input>", spanStart = SourcePos {posLine = 10, posColumn = 32}, spanEnd = SourcePos {posLine = 10, posColumn = 33}}, locValue = TokenNumber "2" False},Located {locSpan = SourceSpan {spanFilename = "<input>", spanStart = SourcePos {posLine = 10, posColumn = 33}, spanEnd = SourcePos {posLine = 10, posColumn = 34}}, locValue = TokenDelimiter DelimRightParen},Located {locSpan = SourceSpan {spanFilename = "<input>", spanStart = SourcePos {posLine = 10, posColumn = 1}, spanEnd = SourcePos {posLine = 11, posColumn = 1}}, locValue = TokenNewline},Located {locSpan = SourceSpan {spanFilename = "<input>", spanStart = SourcePos {posLine = 11, posColumn = 5}, spanEnd = SourcePos {posLine = 11, posColumn = 11}}, locValue = TokenKeyword KwReturn},Located {locSpan = SourceSpan {spanFilename = "<input>", spanStart = SourcePos {posLine = 11, posColumn = 12}, spanEnd = SourcePos {posLine = 11, posColumn = 18}}, locValue = TokenIdent "result"},Located {locSpan = SourceSpan {spanFilename = "<input>", spanStart = SourcePos {posLine = 11, posColumn = 1}, spanEnd = SourcePos {posLine = 12, posColumn = 1}}, locValue = TokenNewline},Located {locSpan = SourceSpan {spanFilename = "<input>", spanStart = SourcePos {posLine = 12, posColumn = 1}, spanEnd = SourcePos {posLine = 12, posColumn = 1}}, locValue = TokenDedent 4},Located {locSpan = SourceSpan {spanFilename = "<input>", spanStart = SourcePos {posLine = 12, posColumn = 1}, spanEnd = SourcePos {posLine = 12, posColumn = 4}}, locValue = TokenKeyword KwDef},Located {locSpan = SourceSpan {spanFilename = "<input>", spanStart = SourcePos {posLine = 12, posColumn = 5}, spanEnd = SourcePos {posLine = 12, posColumn = 15}}, locValue = TokenIdent "function_3"},Located {locSpan = SourceSpan {spanFilename = "<input>", spanStart = SourcePos {posLine = 12, posColumn = 15}, spanEnd = SourcePos {posLine = 12, posColumn = 16}}, locValue = TokenDelimiter DelimLeftParen},Located {locSpan = SourceSpan {spanFilename = "<input>", spanStart = SourcePos {posLine = 12, posColumn = 16}, spanEnd = SourcePos {posLine = 12, posColumn = 17}}, locValue = TokenIdent "x"},Located {locSpan = SourceSpan {spanFilename = "<input>", spanStart = SourcePos {posLine = 12, posColumn = 17}, spanEnd = SourcePos {posLine = 12, posColumn = 18}}, locValue = TokenDelimiter DelimRightParen},Located {locSpan = SourceSpan {spanFilename = "<input>", spanStart = SourcePos {posLine = 12, posColumn = 18}, spanEnd = SourcePos {posLine = 12, posColumn = 19}}, locValue = TokenDelimiter DelimColon},Located {locSpan = SourceSpan {spanFilename = "<input>", spanStart = SourcePos {posLine = 12, posColumn = 1}, spanEnd = SourcePos {posLine = 13, posColumn = 1}}, locValue = TokenNewline},Located {locSpan = SourceSpan {spanFilename = "<input>", spanStart = SourcePos {posLine = 13, posColumn = 1}, spanEnd = SourcePos {posLine = 13, posColumn = 5}}, locValue = TokenIndent 4},Located {locSpan = SourceSpan {spanFilename = "<input>", spanStart = SourcePos {posLine = 13, posColumn = 5}, spanEnd = SourcePos {posLine = 13, posColumn = 32}}, locValue = TokenComment "# Function 3 implementation"},Located {locSpan = SourceSpan {spanFilename = "<input>", spanStart = SourcePos {posLine = 13, posColumn = 1}, spanEnd = SourcePos {posLine = 14, posColumn = 1}}, locValue = TokenNewline},Located {locSpan = SourceSpan {spanFilename = "<input>", spanStart = SourcePos {posLine = 14, posColumn = 5}, spanEnd = SourcePos {posLine = 14, posColumn = 11}}, locValue = TokenIdent "result"},Located {locSpan = SourceSpan {spanFilename = "<input>", spanStart = SourcePos {posLine = 14, posColumn = 12}, spanEnd = SourcePos {posLine = 14, posColumn = 13}}, locValue = TokenOperator OpAssign},Located {locSpan = SourceSpan {spanFilename = "<input>", spanStart = SourcePos {posLine = 14, posColumn = 14}, spanEnd = SourcePos {posLine = 14, posColumn = 15}}, locValue = TokenIdent "x"},Located {locSpan = SourceSpan {spanFilename = "<input>", spanStart = SourcePos {posLine = 14, posColumn = 16}, spanEnd = SourcePos {posLine = 14, posColumn = 17}}, locValue = TokenOperator OpMult},Located {locSpan = SourceSpan {spanFilename = "<input>", spanStart = SourcePos {posLine = 14, posColumn = 18}, spanEnd = SourcePos {posLine = 14, posColumn = 19}}, locValue = TokenNumber "3" False},Located {locSpan = SourceSpan {spanFilename = "<input>", spanStart = SourcePos {posLine = 14, posColumn = 20}, spanEnd = SourcePos {posLine = 14, posColumn = 21}}, locValue = TokenOperator OpPlus},Located {locSpan = SourceSpan {spanFilename = "<input>", spanStart = SourcePos {posLine = 14, posColumn = 22}, spanEnd = SourcePos {posLine = 14, posColumn = 26}}, locValue = TokenIdent "math"},Located {locSpan = SourceSpan {spanFilename = "<input>", spanStart = SourcePos {posLine = 14, posColumn = 26}, spanEnd = SourcePos {posLine = 14, posColumn = 27}}, locValue = TokenDelimiter DelimDot},Located {locSpan = SourceSpan {spanFilename = "<input>", spanStart = SourcePos {posLine = 14, posColumn = 27}, spanEnd = SourcePos {posLine = 14, posColumn = 31}}, locValue = TokenIdent "sqrt"},Located {locSpan = SourceSpan {spanFilename = "<input>", spanStart = SourcePos {posLine = 14, posColumn = 31}, spanEnd = SourcePos {posLine = 14, posColumn = 32}}, locValue = TokenDelimiter DelimLeftParen},Located {locSpan = SourceSpan {spanFilename = "<input>", spanStart = SourcePos {posLine = 14, posColumn = 32}, spanEnd = SourcePos {posLine = 14, posColumn = 33}}, locValue = TokenNumber "3" False},Located {locSpan = SourceSpan {spanFilename = "<input>", spanStart = SourcePos {posLine = 14, posColumn = 33}, spanEnd = SourcePos {posLine = 14, posColumn = 34}}, locValue = TokenDelimiter DelimRightParen},Located {locSpan = SourceSpan {spanFilename = "<input>", spanStart = SourcePos {posLine = 14, posColumn = 1}, spanEnd = SourcePos {posLine = 15, posColumn = 1}}, locValue = TokenNewline},Located {locSpan = SourceSpan {spanFilename = "<input>", spanStart = SourcePos {posLine = 15, posColumn = 5}, spanEnd = SourcePos {posLine = 15, posColumn = 11}}, locValue = TokenKeyword KwReturn},Located {locSpan = SourceSpan {spanFilename = "<input>", spanStart = SourcePos {posLine = 15, posColumn = 12}, spanEnd = SourcePos {posLine = 15, posColumn = 18}}, locValue = TokenIdent "result"},Located {locSpan = SourceSpan {spanFilename = "<input>", spanStart = SourcePos {posLine = 15, posColumn = 1}, spanEnd = SourcePos {posLine = 16, posColumn = 1}}, locValue = TokenNewline},Located {locSpan = SourceSpan {spanFilename = "<input>", spanStart = SourcePos {posLine = 16, posColumn = 1}, spanEnd = SourcePos {posLine = 16, posColumn = 1}}, locValue = TokenDedent 4},Located {locSpan = SourceSpan {spanFilename = "<input>", spanStart = SourcePos {posLine = 16, posColumn = 1}, spanEnd = SourcePos {posLine = 16, posColumn = 4}}, locValue = TokenKeyword KwDef},Located {locSpan = SourceSpan {spanFilename = "<input>", spanStart = SourcePos {posLine = 16, posColumn = 5}, spanEnd = SourcePos {posLine = 16, posColumn = 15}}, locValue = TokenIdent "function_4"},Located {locSpan = SourceSpan {spanFilename = "<input>", spanStart = SourcePos {posLine = 16, posColumn = 15}, spanEnd = SourcePos {posLine = 16, posColumn = 16}}, locValue = TokenDelimiter DelimLeftParen},Located {locSpan = SourceSpan {spanFilename = "<input>", spanStart = SourcePos {posLine = 16, posColumn = 16}, spanEnd = SourcePos {posLine = 16, posColumn = 17}}, locValue = TokenIdent "x"},Located {locSpan = SourceSpan {spanFilename = "<input>", spanStart = SourcePos {posLine = 16, posColumn = 17}, spanEnd = SourcePos {posLine = 16, posColumn = 18}}, locValue = TokenDelimiter DelimRightParen},Located {locSpan = SourceSpan {spanFilename = "<input>", spanStart = SourcePos {posLine = 16, posColumn = 18}, spanEnd = SourcePos {posLine = 16, posColumn = 19}}, locValue = TokenDelimiter DelimColon},Located {locSpan = SourceSpan {spanFilename = "<input>", spanStart = SourcePos {posLine = 16, posColumn = 1}, spanEnd = SourcePos {posLine = 17, posColumn = 1}}, locValue = TokenNewline},Located {locSpan = SourceSpan {spanFilename = "<input>", spanStart = SourcePos {posLine = 17, posColumn = 1}, spanEnd = SourcePos {posLine = 17, posColumn = 5}}, locValue = TokenIndent 4},Located {locSpan = SourceSpan {spanFilename = "<input>", spanStart = SourcePos {posLine = 17, posColumn = 5}, spanEnd = SourcePos {posLine = 17, posColumn = 32}}, locValue = TokenComment "# Function 4 implementation"},Located {locSpan = SourceSpan {spanFilename = "<input>", spanStart = SourcePos {posLine = 17, posColumn = 1}, spanEnd = SourcePos {posLine = 18, posColumn = 1}}, locValue = TokenNewline},Located {locSpan = SourceSpan {spanFilename = "<input>", spanStart = SourcePos {posLine = 18, posColumn = 5}, spanEnd = SourcePos {posLine = 18, posColumn = 11}}, locValue = TokenIdent "result"},Located {locSpan = SourceSpan {spanFilename = "<input>", spanStart = SourcePos {posLine = 18, posColumn = 12}, spanEnd = SourcePos {posLine = 18, posColumn = 13}}, locValue = TokenOperator OpAssign},Located {locSpan = SourceSpan {spanFilename = "<input>", spanStart = SourcePos {posLine = 18, posColumn = 14}, spanEnd = SourcePos {posLine = 18, posColumn = 15}}, locValue = TokenIdent "x"},Located {locSpan = SourceSpan {spanFilename = "<input>", spanStart = SourcePos {posLine = 18, posColumn = 16}, spanEnd = SourcePos {posLine = 18, posColumn = 17}}, locValue = TokenOperator OpMult},Located {locSpan = SourceSpan {spanFilename = "<input>", spanStart = SourcePos {posLine = 18, posColumn = 18}, spanEnd = SourcePos {posLine = 18, posColumn = 19}}, locValue = TokenNumber "4" False},Located {locSpan = SourceSpan {spanFilename = "<input>", spanStart = SourcePos {posLine = 18, posColumn = 20}, spanEnd = SourcePos {posLine = 18, posColumn = 21}}, locValue = TokenOperator OpPlus},Located {locSpan = SourceSpan {spanFilename = "<input>", spanStart = SourcePos {posLine = 18, posColumn = 22}, spanEnd = SourcePos {posLine = 18, posColumn = 26}}, locValue = TokenIdent "math"},Located {locSpan = SourceSpan {spanFilename = "<input>", spanStart = SourcePos {posLine = 18, posColumn = 26}, spanEnd = SourcePos {posLine = 18, posColumn = 27}}, locValue = TokenDelimiter DelimDot},Located {locSpan = SourceSpan {spanFilename = "<input>", spanStart = SourcePos {posLine = 18, posColumn = 27}, spanEnd = SourcePos {posLine = 18, posColumn = 31}}, locValue = TokenIdent "sqrt"},Located {locSpan = SourceSpan {spanFilename = "<input>", spanStart = SourcePos {posLine = 18, posColumn = 31}, spanEnd = SourcePos {posLine = 18, posColumn = 32}}, locValue = TokenDelimiter DelimLeftParen},Located {locSpan = SourceSpan {spanFilename = "<input>", spanStart = SourcePos {posLine = 18, posColumn = 32}, spanEnd = SourcePos {posLine = 18, posColumn = 33}}, locValue = TokenNumber "4" False},Located {locSpan = SourceSpan {spanFilename = "<input>", spanStart = SourcePos {posLine = 18, posColumn = 33}, spanEnd = SourcePos {posLine = 18, posColumn = 34}}, locValue = TokenDelimiter DelimRightParen},Located {locSpan = SourceSpan {spanFilename = "<input>", spanStart = SourcePos {posLine = 18, posColumn = 1}, spanEnd = SourcePos {posLine = 19, posColumn = 1}}, locValue = TokenNewline},Located {locSpan = SourceSpan {spanFilename = "<input>", spanStart = SourcePos {posLine = 19, posColumn = 5}, spanEnd = SourcePos {posLine = 19, posColumn = 11}}, locValue = TokenKeyword KwReturn},Located {locSpan = SourceSpan {spanFilename = "<input>", spanStart = SourcePos {posLine = 19, posColumn = 12}, spanEnd = SourcePos {posLine = 19, posColumn = 18}}, locValue = TokenIdent "result"},Located {locSpan = SourceSpan {spanFilename = "<input>", spanStart = SourcePos {posLine = 19, posColumn = 1}, spanEnd = SourcePos {posLine = 20, posColumn = 1}}, locValue = TokenNewline},Located {locSpan = SourceSpan {spanFilename = "<input>", spanStart = SourcePos {posLine = 20, posColumn = 1}, spanEnd = SourcePos {posLine = 20, posColumn = 1}}, locValue = TokenDedent 4},Located {locSpan = SourceSpan {spanFilename = "<input>", spanStart = SourcePos {posLine = 20, posColumn = 1}, spanEnd = SourcePos {posLine = 20, posColumn = 4}}, locValue = TokenKeyword KwDef},Located {locSpan = SourceSpan {spanFilename = "<input>", spanStart = SourcePos {posLine = 20, posColumn = 5}, spanEnd = SourcePos {posLine = 20, posColumn = 15}}, locValue = TokenIdent "function_5"},Located {locSpan = SourceSpan {spanFilename = "<input>", spanStart = SourcePos {posLine = 20, posColumn = 15}, spanEnd = SourcePos {posLine = 20, posColumn = 16}}, locValue = TokenDelimiter DelimLeftParen},Located {locSpan = SourceSpan {spanFilename = "<input>", spanStart = SourcePos {posLine = 20, posColumn = 16}, spanEnd = SourcePos {posLine = 20, posColumn = 17}}, locValue = TokenIdent "x"},Located {locSpan = SourceSpan {spanFilename = "<input>", spanStart = SourcePos {posLine = 20, posColumn = 17}, spanEnd = SourcePos {posLine = 20, posColumn = 18}}, locValue = TokenDelimiter DelimRightParen},Located {locSpan = SourceSpan {spanFilename = "<input>", spanStart = SourcePos {posLine = 20, posColumn = 18}, spanEnd = SourcePos {posLine = 20, posColumn = 19}}, locValue = TokenDelimiter DelimColon},Located {locSpan = SourceSpan {spanFilename = "<input>", spanStart = SourcePos {posLine = 20, posColumn = 1}, spanEnd = SourcePos {posLine = 21, posColumn = 1}}, locValue = TokenNewline},Located {locSpan = SourceSpan {spanFilename = "<input>", spanStart = SourcePos {posLine = 21, posColumn = 1}, spanEnd = SourcePos {posLine = 21, posColumn = 5}}, locValue = TokenIndent 4},Located {locSpan = SourceSpan {spanFilename = "<input>", spanStart = SourcePos {posLine = 21, posColumn = 5}, spanEnd = SourcePos {posLine = 21, posColumn = 32}}, locValue = TokenComment "# Function 5 implementation"},Located {locSpan = SourceSpan {spanFilename = "<input>", spanStart = SourcePos {posLine = 21, posColumn = 1}, spanEnd = SourcePos {posLine = 22, posColumn = 1}}, locValue = TokenNewline},Located {locSpan = SourceSpan {spanFilename = "<input>", spanStart = SourcePos {posLine = 22, posColumn = 5}, spanEnd = SourcePos {posLine = 22, posColumn = 11}}, locValue = TokenIdent "result"},Located {locSpan = SourceSpan {spanFilename = "<input>", spanStart = SourcePos {posLine = 22, posColumn = 12}, spanEnd = SourcePos {posLine = 22, posColumn = 13}}, locValue = TokenOperator OpAssign},Located {locSpan = SourceSpan {spanFilename = "<input>", spanStart = SourcePos {posLine = 22, posColumn = 14}, spanEnd = SourcePos {posLine = 22, posColumn = 15}}, locValue = TokenIdent "x"},Located {locSpan = SourceSpan {spanFilename = "<input>", spanStart = SourcePos {posLine = 22, posColumn = 16}, spanEnd = SourcePos {posLine = 22, posColumn = 17}}, locValue = TokenOperator OpMult},Located {locSpan = SourceSpan {spanFilename = "<input>", spanStart = SourcePos {posLine = 22, posColumn = 18}, spanEnd = SourcePos {posLine = 22, posColumn = 19}}, locValue = TokenNumber "5" False},Located {locSpan = SourceSpan {spanFilename = "<input>", spanStart = SourcePos {posLine = 22, posColumn = 20}, spanEnd = SourcePos {posLine = 22, posColumn = 21}}, locValue = TokenOperator OpPlus},Located {locSpan = SourceSpan {spanFilename = "<input>", spanStart = SourcePos {posLine = 22, posColumn = 22}, spanEnd = SourcePos {posLine = 22, posColumn = 26}}, locValue = TokenIdent "math"},Located {locSpan = SourceSpan {spanFilename = "<input>", spanStart = SourcePos {posLine = 22, posColumn = 26}, spanEnd = SourcePos {posLine = 22, posColumn = 27}}, locValue = TokenDelimiter DelimDot},Located {locSpan = SourceSpan {spanFilename = "<input>", spanStart = SourcePos {posLine = 22, posColumn = 27}, spanEnd = SourcePos {posLine = 22, posColumn = 31}}, locValue = TokenIdent "sqrt"},Located {locSpan = SourceSpan {spanFilename = "<input>", spanStart = SourcePos {posLine = 22, posColumn = 31}, spanEnd = SourcePos {posLine = 22, posColumn = 32}}, locValue = TokenDelimiter DelimLeftParen},Located {locSpan = SourceSpan {spanFilename = "<input>", spanStart = SourcePos {posLine = 22, posColumn = 32}, spanEnd = SourcePos {posLine = 22, posColumn = 33}}, locValue = TokenNumber "5" False},Located {locSpan = SourceSpan {spanFilename = "<input>", spanStart = SourcePos {posLine = 22, posColumn = 33}, spanEnd = SourcePos {posLine = 22, posColumn = 34}}, locValue = TokenDelimiter DelimRightParen},Located {locSpan = SourceSpan {spanFilename = "<input>", spanStart = SourcePos {posLine = 22, posColumn = 1}, spanEnd = SourcePos {posLine = 23, posColumn = 1}}, locValue = TokenNewline},Located {locSpan = SourceSpan {spanFilename = "<input>", spanStart = SourcePos {posLine = 23, posColumn = 5}, spanEnd = SourcePos {posLine = 23, posColumn = 11}}, locValue = TokenKeyword KwReturn},Located {locSpan = SourceSpan {spanFilename = "<input>", spanStart = SourcePos {posLine = 23, posColumn = 12}, spanEnd = SourcePos {posLine = 23, posColumn = 18}}, locValue = TokenIdent "result"},Located {locSpan = SourceSpan {spanFilename = "<input>", spanStart = SourcePos {posLine = 23, posColumn = 1}, spanEnd = SourcePos {posLine = 24, posColumn = 1}}, locValue = TokenNewline},Located {locSpan = SourceSpan {spanFilename = "<input>", spanStart = SourcePos {posLine = 24, posColumn = 1}, spanEnd = SourcePos {posLine = 24, posColumn = 1}}, locValue = TokenDedent 4},Located {locSpan = SourceSpan {spanFilename = "<input>", spanStart = SourcePos {posLine = 24, posColumn = 1}, spanEnd = SourcePos {posLine = 24, posColumn = 4}}, locValue = TokenKeyword KwDef},Located {locSpan = SourceSpan {spanFilename = "<input>", spanStart = SourcePos {posLine = 24, posColumn = 5}, spanEnd = SourcePos {posLine = 24, posColumn = 15}}, locValue = TokenIdent "function_6"},Located {locSpan = SourceSpan {spanFilename = "<input>", spanStart = SourcePos {posLine = 24, posColumn = 15}, spanEnd = SourcePos {posLine = 24, posColumn = 16}}, locValue = TokenDelimiter DelimLeftParen},Located {locSpan = SourceSpan {spanFilename = "<input>", spanStart = SourcePos {posLine = 24, posColumn = 16}, spanEnd = SourcePos {posLine = 24, posColumn = 17}}, locValue = TokenIdent "x"},Located {locSpan = SourceSpan {spanFilename = "<input>", spanStart = SourcePos {posLine = 24, posColumn = 17}, spanEnd = SourcePos {posLine = 24, posColumn = 18}}, locValue = TokenDelimiter DelimRightParen},Located {locSpan = SourceSpan {spanFilename = "<input>", spanStart = SourcePos {posLine = 24, posColumn = 18}, spanEnd = SourcePos {posLine = 24, posColumn = 19}}, locValue = TokenDelimiter DelimColon},Located {locSpan = SourceSpan {spanFilename = "<input>", spanStart = SourcePos {posLine = 24, posColumn = 1}, spanEnd = SourcePos {posLine = 25, posColumn = 1}}, locValue = TokenNewline},Located {locSpan = SourceSpan {spanFilename = "<input>", spanStart = SourcePos {posLine = 25, posColumn = 1}, spanEnd = SourcePos {posLine = 25, posColumn = 5}}, locValue = TokenIndent 4},Located {locSpan = SourceSpan {spanFilename = "<input>", spanStart = SourcePos {posLine = 25, posColumn = 5}, spanEnd = SourcePos {posLine = 25, posColumn = 32}}, locValue = TokenComment "# Function 6 implementation"},Located {locSpan = SourceSpan {spanFilename = "<input>", spanStart = SourcePos {posLine = 25, posColumn = 1}, spanEnd = SourcePos {posLine = 26, posColumn = 1}}, locValue = TokenNewline},Located {locSpan = SourceSpan {spanFilename = "<input>", spanStart = SourcePos {posLine = 26, posColumn = 5}, spanEnd = SourcePos {posLine = 26, posColumn = 11}}, locValue = TokenIdent "result"},Located {locSpan = SourceSpan {spanFilename = "<input>", spanStart = SourcePos {posLine = 26, posColumn = 12}, spanEnd = SourcePos {posLine = 26, posColumn = 13}}, locValue = TokenOperator OpAssign},Located {locSpan = SourceSpan {spanFilename = "<input>", spanStart = SourcePos {posLine = 26, posColumn = 14}, spanEnd = SourcePos {posLine = 26, posColumn = 15}}, locValue = TokenIdent "x"},Located {locSpan = SourceSpan {spanFilename = "<input>", spanStart = SourcePos {posLine = 26, posColumn = 16}, spanEnd = SourcePos {posLine = 26, posColumn = 17}}, locValue = TokenOperator OpMult},Located {locSpan = SourceSpan {spanFilename = "<input>", spanStart = SourcePos {posLine = 26, posColumn = 18}, spanEnd = SourcePos {posLine = 26, posColumn = 19}}, locValue = TokenNumber "6" False},Located {locSpan = SourceSpan {spanFilename = "<input>", spanStart = SourcePos {posLine = 26, posColumn = 20}, spanEnd = SourcePos {posLine = 26, posColumn = 21}}, locValue = TokenOperator OpPlus},Located {locSpan = SourceSpan {spanFilename = "<input>", spanStart = SourcePos {posLine = 26, posColumn = 22}, spanEnd = SourcePos {posLine = 26, posColumn = 26}}, locValue = TokenIdent "math"},Located {locSpan = SourceSpan {spanFilename = "<input>", spanStart = SourcePos {posLine = 26, posColumn = 26}, spanEnd = SourcePos {posLine = 26, posColumn = 27}}, locValue = TokenDelimiter DelimDot},Located {locSpan = SourceSpan {spanFilename = "<input>", spanStart = SourcePos {posLine = 26, posColumn = 27}, spanEnd = SourcePos {posLine = 26, posColumn = 31}}, locValue = TokenIdent "sqrt"},Located {locSpan = SourceSpan {spanFilename = "<input>", spanStart = SourcePos {posLine = 26, posColumn = 31}, spanEnd = SourcePos {posLine = 26, posColumn = 32}}, locValue = TokenDelimiter DelimLeftParen},Located {locSpan = SourceSpan {spanFilename = "<input>", spanStart = SourcePos {posLine = 26, posColumn = 32}, spanEnd = SourcePos {posLine = 26, posColumn = 33}}, locValue = TokenNumber "6" False},Located {locSpan = SourceSpan {spanFilename = "<input>", spanStart = SourcePos {posLine = 26, posColumn = 33}, spanEnd = SourcePos {posLine = 26, posColumn = 34}}, locValue = TokenDelimiter DelimRightParen},Located {locSpan = SourceSpan {spanFilename = "<input>", spanStart = SourcePos {posLine = 26, posColumn = 1}, spanEnd = SourcePos {posLine = 27, posColumn = 1}}, locValue = TokenNewline},Located {locSpan = SourceSpan {spanFilename = "<input>", spanStart = SourcePos {posLine = 27, posColumn = 5}, spanEnd = SourcePos {posLine = 27, posColumn = 11}}, locValue = TokenKeyword KwReturn},Located {locSpan = SourceSpan {spanFilename = "<input>", spanStart = SourcePos {posLine = 27, posColumn = 12}, spanEnd = SourcePos {posLine = 27, posColumn = 18}}, locValue = TokenIdent "result"},Located {locSpan = SourceSpan {spanFilename = "<input>", spanStart = SourcePos {posLine = 27, posColumn = 1}, spanEnd = SourcePos {posLine = 28, posColumn = 1}}, locValue = TokenNewline},Located {locSpan = SourceSpan {spanFilename = "<input>", spanStart = SourcePos {posLine = 28, posColumn = 1}, spanEnd = SourcePos {posLine = 28, posColumn = 1}}, locValue = TokenDedent 4},Located {locSpan = SourceSpan {spanFilename = "<input>", spanStart = SourcePos {posLine = 28, posColumn = 1}, spanEnd = SourcePos {posLine = 28, posColumn = 4}}, locValue = TokenKeyword KwDef},Located {locSpan = SourceSpan {spanFilename = "<input>", spanStart = SourcePos {posLine = 28, posColumn = 5}, spanEnd = SourcePos {posLine = 28, posColumn = 15}}, locValue = TokenIdent "function_7"},Located {locSpan = SourceSpan {spanFilename = "<input>", spanStart = SourcePos {posLine = 28, posColumn = 15}, spanEnd = SourcePos {posLine = 28, posColumn = 16}}, locValue = TokenDelimiter DelimLeftParen},Located {locSpan = SourceSpan {spanFilename = "<input>", spanStart = SourcePos {posLine = 28, posColumn = 16}, spanEnd = SourcePos {posLine = 28, posColumn = 17}}, locValue = TokenIdent "x"},Located {locSpan = SourceSpan {spanFilename = "<input>", spanStart = SourcePos {posLine = 28, posColumn = 17}, spanEnd = SourcePos {posLine = 28, posColumn = 18}}, locValue = TokenDelimiter DelimRightParen},Located {locSpan = SourceSpan {spanFilename = "<input>", spanStart = SourcePos {posLine = 28, posColumn = 18}, spanEnd = SourcePos {posLine = 28, posColumn = 19}}, locValue = TokenDelimiter DelimColon},Located {locSpan = SourceSpan {spanFilename = "<input>", spanStart = SourcePos {posLine = 28, posColumn = 1}, spanEnd = SourcePos {posLine = 29, posColumn = 1}}, locValue = TokenNewline},Located {locSpan = SourceSpan {spanFilename = "<input>", spanStart = SourcePos {posLine = 29, posColumn = 1}, spanEnd = SourcePos {posLine = 29, posColumn = 5}}, locValue = TokenIndent 4},Located {locSpan = SourceSpan {spanFilename = "<input>", spanStart = SourcePos {posLine = 29, posColumn = 5}, spanEnd = SourcePos {posLine = 29, posColumn = 32}}, locValue = TokenComment "# Function 7 implementation"},Located {locSpan = SourceSpan {spanFilename = "<input>", spanStart = SourcePos {posLine = 29, posColumn = 1}, spanEnd = SourcePos {posLine = 30, posColumn = 1}}, locValue = TokenNewline},Located {locSpan = SourceSpan {spanFilename = "<input>", spanStart = SourcePos {posLine = 30, posColumn = 5}, spanEnd = SourcePos {posLine = 30, posColumn = 11}}, locValue = TokenIdent "result"},Located {locSpan = SourceSpan {spanFilename = "<input>", spanStart = SourcePos {posLine = 30, posColumn = 12}, spanEnd = SourcePos {posLine = 30, posColumn = 13}}, locValue = TokenOperator OpAssign},Located {locSpan = SourceSpan {spanFilename = "<input>", spanStart = SourcePos {posLine = 30, posColumn = 14}, spanEnd = SourcePos {posLine = 30, posColumn = 15}}, locValue = TokenIdent "x"},Located {locSpan = SourceSpan {spanFilename = "<input>", spanStart = SourcePos {posLine = 30, posColumn = 16}, spanEnd = SourcePos {posLine = 30, posColumn = 17}}, locValue = TokenOperator OpMult},Located {locSpan = SourceSpan {spanFilename = "<input>", spanStart = SourcePos {posLine = 30, posColumn = 18}, spanEnd = SourcePos {posLine = 30, posColumn = 19}}, locValue = TokenNumber "7" False},Located {locSpan = SourceSpan {spanFilename = "<input>", spanStart = SourcePos {posLine = 30, posColumn = 20}, spanEnd = SourcePos {posLine = 30, posColumn = 21}}, locValue = TokenOperator OpPlus},Located {locSpan = SourceSpan {spanFilename = "<input>", spanStart = SourcePos {posLine = 30, posColumn = 22}, spanEnd = SourcePos {posLine = 30, posColumn = 26}}, locValue = TokenIdent "math"},Located {locSpan = SourceSpan {spanFilename = "<input>", spanStart = SourcePos {posLine = 30, posColumn = 26}, spanEnd = SourcePos {posLine = 30, posColumn = 27}}, locValue = TokenDelimiter DelimDot},Located {locSpan = SourceSpan {spanFilename = "<input>", spanStart = SourcePos {posLine = 30, posColumn = 27}, spanEnd = SourcePos {posLine = 30, posColumn = 31}}, locValue = TokenIdent "sqrt"},Located {locSpan = SourceSpan {spanFilename = "<input>", spanStart = SourcePos {posLine = 30, posColumn = 31}, spanEnd = SourcePos {posLine = 30, posColumn = 32}}, locValue = TokenDelimiter DelimLeftParen},Located {locSpan = SourceSpan {spanFilename = "<input>", spanStart = SourcePos {posLine = 30, posColumn = 32}, spanEnd = SourcePos {posLine = 30, posColumn = 33}}, locValue = TokenNumber "7" False},Located {locSpan = SourceSpan {spanFilename = "<input>", spanStart = SourcePos {posLine = 30, posColumn = 33}, spanEnd = SourcePos {posLine = 30, posColumn = 34}}, locValue = TokenDelimiter DelimRightParen},Located {locSpan = SourceSpan {spanFilename = "<input>", spanStart = SourcePos {posLine = 30, posColumn = 1}, spanEnd = SourcePos {posLine = 31, posColumn = 1}}, locValue = TokenNewline},Located {locSpan = SourceSpan {spanFilename = "<input>", spanStart = SourcePos {posLine = 31, posColumn = 5}, spanEnd = SourcePos {posLine = 31, posColumn = 11}}, locValue = TokenKeyword KwReturn},Located {locSpan = SourceSpan {spanFilename = "<input>", spanStart = SourcePos {posLine = 31, posColumn = 12}, spanEnd = SourcePos {posLine = 31, posColumn = 18}}, locValue = TokenIdent "result"},Located {locSpan = SourceSpan {spanFilename = "<input>", spanStart = SourcePos {posLine = 31, posColumn = 1}, spanEnd = SourcePos {posLine = 32, posColumn = 1}}, locValue = TokenNewline},Located {locSpan = SourceSpan {spanFilename = "<input>", spanStart = SourcePos {posLine = 32, posColumn = 1}, spanEnd = SourcePos {posLine = 32, posColumn = 1}}, locValue = TokenDedent 4},Located {locSpan = SourceSpan {spanFilename = "<input>", spanStart = SourcePos {posLine = 32, posColumn = 1}, spanEnd = SourcePos {posLine = 32, posColumn = 4}}, locValue = TokenKeyword KwDef},Located {locSpan = SourceSpan {spanFilename = "<input>", spanStart = SourcePos {posLine = 32, posColumn = 5}, spanEnd = SourcePos {posLine = 32, posColumn = 15}}, locValue = TokenIdent "function_8"},Located {locSpan = SourceSpan {spanFilename = "<input>", spanStart = SourcePos {posLine = 32, posColumn = 15}, spanEnd = SourcePos {posLine = 32, posColumn = 16}}, locValue = TokenDelimiter DelimLeftParen},Located {locSpan = SourceSpan {spanFilename = "<input>", spanStart = SourcePos {posLine = 32, posColumn = 16}, spanEnd = SourcePos {posLine = 32, posColumn = 17}}, locValue = TokenIdent "x"},Located {locSpan = SourceSpan {spanFilename = "<input>", spanStart = SourcePos {posLine = 32, posColumn = 17}, spanEnd = SourcePos {posLine = 32, posColumn = 18}}, locValue = TokenDelimiter DelimRightParen},Located {locSpan = SourceSpan {spanFilename = "<input>", spanStart = SourcePos {posLine = 32, posColumn = 18}, spanEnd = SourcePos {posLine = 32, posColumn = 19}}, locValue = TokenDelimiter DelimColon},Located {locSpan = SourceSpan {spanFilename = "<input>", spanStart = SourcePos {posLine = 32, posColumn = 1}, spanEnd = SourcePos {posLine = 33, posColumn = 1}}, locValue = TokenNewline},Located {locSpan = SourceSpan {spanFilename = "<input>", spanStart = SourcePos {posLine = 33, posColumn = 1}, spanEnd = SourcePos {posLine = 33, posColumn = 5}}, locValue = TokenIndent 4},Located {locSpan = SourceSpan {spanFilename = "<input>", spanStart = SourcePos {posLine = 33, posColumn = 5}, spanEnd = SourcePos {posLine = 33, posColumn = 32}}, locValue = TokenComment "# Function 8 implementation"},Located {locSpan = SourceSpan {spanFilename = "<input>", spanStart = SourcePos {posLine = 33, posColumn = 1}, spanEnd = SourcePos {posLine = 34, posColumn = 1}}, locValue = TokenNewline},Located {locSpan = SourceSpan {spanFilename = "<input>", spanStart = SourcePos {posLine = 34, posColumn = 5}, spanEnd = SourcePos {posLine = 34, posColumn = 11}}, locValue = TokenIdent "result"},Located {locSpan = SourceSpan {spanFilename = "<input>", spanStart = SourcePos {posLine = 34, posColumn = 12}, spanEnd = SourcePos {posLine = 34, posColumn = 13}}, locValue = TokenOperator OpAssign},Located {locSpan = SourceSpan {spanFilename = "<input>", spanStart = SourcePos {posLine = 34, posColumn = 14}, spanEnd = SourcePos {posLine = 34, posColumn = 15}}, locValue = TokenIdent "x"},Located {locSpan = SourceSpan {spanFilename = "<input>", spanStart = SourcePos {posLine = 34, posColumn = 16}, spanEnd = SourcePos {posLine = 34, posColumn = 17}}, locValue = TokenOperator OpMult},Located {locSpan = SourceSpan {spanFilename = "<input>", spanStart = SourcePos {posLine = 34, posColumn = 18}, spanEnd = SourcePos {posLine = 34, posColumn = 19}}, locValue = TokenNumber "8" False},Located {locSpan = SourceSpan {spanFilename = "<input>", spanStart = SourcePos {posLine = 34, posColumn = 20}, spanEnd = SourcePos {posLine = 34, posColumn = 21}}, locValue = TokenOperator OpPlus},Located {locSpan = SourceSpan {spanFilename = "<input>", spanStart = SourcePos {posLine = 34, posColumn = 22}, spanEnd = SourcePos {posLine = 34, posColumn = 26}}, locValue = TokenIdent "math"},Located {locSpan = SourceSpan {spanFilename = "<input>", spanStart = SourcePos {posLine = 34, posColumn = 26}, spanEnd = SourcePos {posLine = 34, posColumn = 27}}, locValue = TokenDelimiter DelimDot},Located {locSpan = SourceSpan {spanFilename = "<input>", spanStart = SourcePos {posLine = 34, posColumn = 27}, spanEnd = SourcePos {posLine = 34, posColumn = 31}}, locValue = TokenIdent "sqrt"},Located {locSpan = SourceSpan {spanFilename = "<input>", spanStart = SourcePos {posLine = 34, posColumn = 31}, spanEnd = SourcePos {posLine = 34, posColumn = 32}}, locValue = TokenDelimiter DelimLeftParen},Located {locSpan = SourceSpan {spanFilename = "<input>", spanStart = SourcePos {posLine = 34, posColumn = 32}, spanEnd = SourcePos {posLine = 34, posColumn = 33}}, locValue = TokenNumber "8" False},Located {locSpan = SourceSpan {spanFilename = "<input>", spanStart = SourcePos {posLine = 34, posColumn = 33}, spanEnd = SourcePos {posLine = 34, posColumn = 34}}, locValue = TokenDelimiter DelimRightParen},Located {locSpan = SourceSpan {spanFilename = "<input>", spanStart = SourcePos {posLine = 34, posColumn = 1}, spanEnd = SourcePos {posLine = 35, posColumn = 1}}, locValue = TokenNewline},Located {locSpan = SourceSpan {spanFilename = "<input>", spanStart = SourcePos {posLine = 35, posColumn = 5}, spanEnd = SourcePos {posLine = 35, posColumn = 11}}, locValue = TokenKeyword KwReturn},Located {locSpan = SourceSpan {spanFilename = "<input>", spanStart = SourcePos {posLine = 35, posColumn = 12}, spanEnd = SourcePos {posLine = 35, posColumn = 18}}, locValue = TokenIdent "result"},Located {locSpan = SourceSpan {spanFilename = "<input>", spanStart = SourcePos {posLine = 35, posColumn = 1}, spanEnd = SourcePos {posLine = 36, posColumn = 1}}, locValue = TokenNewline},Located {locSpan = SourceSpan {spanFilename = "<input>", spanStart = SourcePos {posLine = 36, posColumn = 1}, spanEnd = SourcePos {posLine = 36, posColumn = 1}}, locValue = TokenDedent 4},Located {locSpan = SourceSpan {spanFilename = "<input>", spanStart = SourcePos {posLine = 36, posColumn = 1}, spanEnd = SourcePos {posLine = 36, posColumn = 4}}, locValue = TokenKeyword KwDef},Located {locSpan = SourceSpan {spanFilename = "<input>", spanStart = SourcePos {posLine = 36, posColumn = 5}, spanEnd = SourcePos {posLine = 36, posColumn = 15}}, locValue = TokenIdent "function_9"},Located {locSpan = SourceSpan {spanFilename = "<input>", spanStart = SourcePos {posLine = 36, posColumn = 15}, spanEnd = SourcePos {posLine = 36, posColumn = 16}}, locValue = TokenDelimiter DelimLeftParen},Located {locSpan = SourceSpan {spanFilename = "<input>", spanStart = SourcePos {posLine = 36, posColumn = 16}, spanEnd = SourcePos {posLine = 36, posColumn = 17}}, locValue = TokenIdent "x"},Located {locSpan = SourceSpan {spanFilename = "<input>", spanStart = SourcePos {posLine = 36, posColumn = 17}, spanEnd = SourcePos {posLine = 36, posColumn = 18}}, locValue = TokenDelimiter DelimRightParen},Located {locSpan = SourceSpan {spanFilename = "<input>", spanStart = SourcePos {posLine = 36, posColumn = 18}, spanEnd = SourcePos {posLine = 36, posColumn = 19}}, locValue = TokenDelimiter DelimColon},Located {locSpan = SourceSpan {spanFilename = "<input>", spanStart = SourcePos {posLine = 36, posColumn = 1}, spanEnd = SourcePos {posLine = 37, posColumn = 1}}, locValue = TokenNewline},Located {locSpan = SourceSpan {spanFilename = "<input>", spanStart = SourcePos {posLine = 37, posColumn = 1}, spanEnd = SourcePos {posLine = 37, posColumn = 5}}, locValue = TokenIndent 4},Located {locSpan = SourceSpan {spanFilename = "<input>", spanStart = SourcePos {posLine = 37, posColumn = 5}, spanEnd = SourcePos {posLine = 37, posColumn = 32}}, locValue = TokenComment "# Function 9 implementation"},Located {locSpan = SourceSpan {spanFilename = "<input>", spanStart = SourcePos {posLine = 37, posColumn = 1}, spanEnd = SourcePos {posLine = 38, posColumn = 1}}, locValue = TokenNewline},Located {locSpan = SourceSpan {spanFilename = "<input>", spanStart = SourcePos {posLine = 38, posColumn = 5}, spanEnd = SourcePos {posLine = 38, posColumn = 11}}, locValue = TokenIdent "result"},Located {locSpan = SourceSpan {spanFilename = "<input>", spanStart = SourcePos {posLine = 38, posColumn = 12}, spanEnd = SourcePos {posLine = 38, posColumn = 13}}, locValue = TokenOperator OpAssign},Located {locSpan = SourceSpan {spanFilename = "<input>", spanStart = SourcePos {posLine = 38, posColumn = 14}, spanEnd = SourcePos {posLine = 38, posColumn = 15}}, locValue = TokenIdent "x"},Located {locSpan = SourceSpan {spanFilename = "<input>", spanStart = SourcePos {posLine = 38, posColumn = 16}, spanEnd = SourcePos {posLine = 38, posColumn = 17}}, locValue = TokenOperator OpMult},Located {locSpan = SourceSpan {spanFilename = "<input>", spanStart = SourcePos {posLine = 38, posColumn = 18}, spanEnd = SourcePos {posLine = 38, posColumn = 19}}, locValue = TokenNumber "9" False},Located {locSpan = SourceSpan {spanFilename = "<input>", spanStart = SourcePos {posLine = 38, posColumn = 20}, spanEnd = SourcePos {posLine = 38, posColumn = 21}}, locValue = TokenOperator OpPlus},Located {locSpan = SourceSpan {spanFilename = "<input>", spanStart = SourcePos {posLine = 38, posColumn = 22}, spanEnd = SourcePos {posLine = 38, posColumn = 26}}, locValue = TokenIdent "math"},Located {locSpan = SourceSpan {spanFilename = "<input>", spanStart = SourcePos {posLine = 38, posColumn = 26}, spanEnd = SourcePos {posLine = 38, posColumn = 27}}, locValue = TokenDelimiter DelimDot},Located {locSpan = SourceSpan {spanFilename = "<input>", spanStart = SourcePos {posLine = 38, posColumn = 27}, spanEnd = SourcePos {posLine = 38, posColumn = 31}}, locValue = TokenIdent "sqrt"},Located {locSpan = SourceSpan {spanFilename = "<input>", spanStart = SourcePos {posLine = 38, posColumn = 31}, spanEnd = SourcePos {posLine = 38, posColumn = 32}}, locValue = TokenDelimiter DelimLeftParen},Located {locSpan = SourceSpan {spanFilename = "<input>", spanStart = SourcePos {posLine = 38, posColumn = 32}, spanEnd = SourcePos {posLine = 38, posColumn = 33}}, locValue = TokenNumber "9" False},Located {locSpan = SourceSpan {spanFilename = "<input>", spanStart = SourcePos {posLine = 38, posColumn = 33}, spanEnd = SourcePos {posLine = 38, posColumn = 34}}, locValue = TokenDelimiter DelimRightParen},Located {locSpan = SourceSpan {spanFilename = "<input>", spanStart = SourcePos {posLine = 38, posColumn = 1}, spanEnd = SourcePos {posLine = 39, posColumn = 1}}, locValue = TokenNewline},Located {locSpan = SourceSpan {spanFilename = "<input>", spanStart = SourcePos {posLine = 39, posColumn = 5}, spanEnd = SourcePos {posLine = 39, posColumn = 11}}, locValue = TokenKeyword KwReturn},Located {locSpan = SourceSpan {spanFilename = "<input>", spanStart = SourcePos {posLine = 39, posColumn = 12}, spanEnd = SourcePos {posLine = 39, posColumn = 18}}, locValue = TokenIdent "result"},Located {locSpan = SourceSpan {spanFilename = "<input>", spanStart = SourcePos {posLine = 39, posColumn = 1}, spanEnd = SourcePos {posLine = 40, posColumn = 1}}, locValue = TokenNewline},Located {locSpan = SourceSpan {spanFilename = "<input>", spanStart = SourcePos {posLine = 40, posColumn = 1}, spanEnd = SourcePos {posLine = 40, posColumn = 1}}, locValue = TokenDedent 4},Located {locSpan = SourceSpan {spanFilename = "<input>", spanStart = SourcePos {posLine = 40, posColumn = 1}, spanEnd = SourcePos {posLine = 40, posColumn = 4}}, locValue = TokenKeyword KwDef},Located {locSpan = SourceSpan {spanFilename = "<input>", spanStart = SourcePos {posLine = 40, posColumn = 5}, spanEnd = SourcePos {posLine = 40, posColumn = 16}}, locValue = TokenIdent "function_10"},Located {locSpan = SourceSpan {spanFilename = "<input>", spanStart = SourcePos {posLine = 40, posColumn = 16}, spanEnd = SourcePos {posLine = 40, posColumn = 17}}, locValue = TokenDelimiter DelimLeftParen},Located {locSpan = SourceSpan {spanFilename = "<input>", spanStart = SourcePos {posLine = 40, posColumn = 17}, spanEnd = SourcePos {posLine = 40, posColumn = 18}}, locValue = TokenIdent "x"},Located {locSpan = SourceSpan {spanFilename = "<input>", spanStart = SourcePos {posLine = 40, posColumn = 18}, spanEnd = SourcePos {posLine = 40, posColumn = 19}}, locValue = TokenDelimiter DelimRightParen},Located {locSpan = SourceSpan {spanFilename = "<input>", spanStart = SourcePos {posLine = 40, posColumn = 19}, spanEnd = SourcePos {posLine = 40, posColumn = 20}}, locValue = TokenDelimiter DelimColon},Located {locSpan = SourceSpan {spanFilename = "<input>", spanStart = SourcePos {posLine = 40, posColumn = 1}, spanEnd = SourcePos {posLine = 41, posColumn = 1}}, locValue = TokenNewline},Located {locSpan = SourceSpan {spanFilename = "<input>", spanStart = SourcePos {posLine = 41, posColumn = 1}, spanEnd = SourcePos {posLine = 41, posColumn = 5}}, locValue = TokenIndent 4},Located {locSpan = SourceSpan {spanFilename = "<input>", spanStart = SourcePos {posLine = 41, posColumn = 5}, spanEnd = SourcePos {posLine = 41, posColumn = 33}}, locValue = TokenComment "# Function 10 implementation"},Located {locSpan = SourceSpan {spanFilename = "<input>", spanStart = SourcePos {posLine = 41, posColumn = 1}, spanEnd = SourcePos {posLine = 42, posColumn = 1}}, locValue = TokenNewline},Located {locSpan = SourceSpan {spanFilename = "<input>", spanStart = SourcePos {posLine = 42, posColumn = 5}, spanEnd = SourcePos {posLine = 42, posColumn = 11}}, locValue = TokenIdent "result"},Located {locSpan = SourceSpan {spanFilename = "<input>", spanStart = SourcePos {posLine = 42, posColumn = 12}, spanEnd = SourcePos {posLine = 42, posColumn = 13}}, locValue = TokenOperator OpAssign},Located {locSpan = SourceSpan {spanFilename = "<input>", spanStart = SourcePos {posLine = 42, posColumn = 14}, spanEnd = SourcePos {posLine = 42, posColumn = 15}}, locValue = TokenIdent "x"},Located {locSpan = SourceSpan {spanFilename = "<input>", spanStart = SourcePos {posLine = 42, posColumn = 16}, spanEnd = SourcePos {posLine = 42, posColumn = 17}}, locValue = TokenOperator OpMult},Located {locSpan = SourceSpan {spanFilename = "<input>", spanStart = SourcePos {posLine = 42, posColumn = 18}, spanEnd = SourcePos {posLine = 42, posColumn = 20}}, locValue = TokenNumber "10" False},Located {locSpan = SourceSpan {spanFilename = "<input>", spanStart = SourcePos {posLine = 42, posColumn = 21}, spanEnd = SourcePos {posLine = 42, posColumn = 22}}, locValue = TokenOperator OpPlus},Located {locSpan = SourceSpan {spanFilename = "<input>", spanStart = SourcePos {posLine = 42, posColumn = 23}, spanEnd = SourcePos {posLine = 42, posColumn = 27}}, locValue = TokenIdent "math"},Located {locSpan = SourceSpan {spanFilename = "<input>", spanStart = SourcePos {posLine = 42, posColumn = 27}, spanEnd = SourcePos {posLine = 42, posColumn = 28}}, locValue = TokenDelimiter DelimDot},Located {locSpan = SourceSpan {spanFilename = "<input>", spanStart = SourcePos {posLine = 42, posColumn = 28}, spanEnd = SourcePos {posLine = 42, posColumn = 32}}, locValue = TokenIdent "sqrt"},Located {locSpan = SourceSpan {spanFilename = "<input>", spanStart = SourcePos {posLine = 42, posColumn = 32}, spanEnd = SourcePos {posLine = 42, posColumn = 33}}, locValue = TokenDelimiter DelimLeftParen},Located {locSpan = SourceSpan {spanFilename = "<input>", spanStart = SourcePos {posLine = 42, posColumn = 33}, spanEnd = SourcePos {posLine = 42, posColumn = 35}}, locValue = TokenNumber "10" False},Located {locSpan = SourceSpan {spanFilename = "<input>", spanStart = SourcePos {posLine = 42, posColumn = 35}, spanEnd = SourcePos {posLine = 42, posColumn = 36}}, locValue = TokenDelimiter DelimRightParen},Located {locSpan = SourceSpan {spanFilename = "<input>", spanStart = SourcePos {posLine = 42, posColumn = 1}, spanEnd = SourcePos {posLine = 43, posColumn = 1}}, locValue = TokenNewline},Located {locSpan = SourceSpan {spanFilename = "<input>", spanStart = SourcePos {posLine = 43, posColumn = 5}, spanEnd = SourcePos {posLine = 43, posColumn = 11}}, locValue = TokenKeyword KwReturn},Located {locSpan = SourceSpan {spanFilename = "<input>", spanStart = SourcePos {posLine = 43, posColumn = 12}, spanEnd = SourcePos {posLine = 43, posColumn = 18}}, locValue = TokenIdent "result"},Located {locSpan = SourceSpan {spanFilename = "<input>", spanStart = SourcePos {posLine = 43, posColumn = 1}, spanEnd = SourcePos {posLine = 44, posColumn = 1}}, locValue = TokenNewline},Located {locSpan = SourceSpan {spanFilename = "<input>", spanStart = SourcePos {posLine = 44, posColumn = 1}, spanEnd = SourcePos {posLine = 44, posColumn = 1}}, locValue = TokenDedent 4},Located {locSpan = SourceSpan {spanFilename = "<input>", spanStart = SourcePos {posLine = 44, posColumn = 1}, spanEnd = SourcePos {posLine = 44, posColumn = 4}}, locValue = TokenKeyword KwDef},Located {locSpan = SourceSpan {spanFilename = "<input>", spanStart = SourcePos {posLine = 44, posColumn = 5}, spanEnd = SourcePos {posLine = 44, posColumn = 16}}, locValue = TokenIdent "function_11"},Located {locSpan = SourceSpan {spanFilename = "<input>", spanStart = SourcePos {posLine = 44, posColumn = 16}, spanEnd = SourcePos {posLine = 44, posColumn = 17}}, locValue = TokenDelimiter DelimLeftParen},Located {locSpan = SourceSpan {spanFilename = "<input>", spanStart = SourcePos {posLine = 44, posColumn = 17}, spanEnd = SourcePos {posLine = 44, posColumn = 18}}, locValue = TokenIdent "x"},Located {locSpan = SourceSpan {spanFilename = "<input>", spanStart = SourcePos {posLine = 44, posColumn = 18}, spanEnd = SourcePos {posLine = 44, posColumn = 19}}, locValue = TokenDelimiter DelimRightParen},Located {locSpan = SourceSpan {spanFilename = "<input>", spanStart = SourcePos {posLine = 44, posColumn = 19}, spanEnd = SourcePos {posLine = 44, posColumn = 20}}, locValue = TokenDelimiter DelimColon},Located {locSpan = SourceSpan {spanFilename = "<input>", spanStart = SourcePos {posLine = 44, posColumn = 1}, spanEnd = SourcePos {posLine = 45, posColumn = 1}}, locValue = TokenNewline},Located {locSpan = SourceSpan {spanFilename = "<input>", spanStart = SourcePos {posLine = 45, posColumn = 1}, spanEnd = SourcePos {posLine = 45, posColumn = 5}}, locValue = TokenIndent 4},Located {locSpan = SourceSpan {spanFilename = "<input>", spanStart = SourcePos {posLine = 45, posColumn = 5}, spanEnd = SourcePos {posLine = 45, posColumn = 33}}, locValue = TokenComment "# Function 11 implementation"},Located {locSpan = SourceSpan {spanFilename = "<input>", spanStart = SourcePos {posLine = 45, posColumn = 1}, spanEnd = SourcePos {posLine = 46, posColumn = 1}}, locValue = TokenNewline},Located {locSpan = SourceSpan {spanFilename = "<input>", spanStart = SourcePos {posLine = 46, posColumn = 5}, spanEnd = SourcePos {posLine = 46, posColumn = 11}}, locValue = TokenIdent "result"},Located {locSpan = SourceSpan {spanFilename = "<input>", spanStart = SourcePos {posLine = 46, posColumn = 12}, spanEnd = SourcePos {posLine = 46, posColumn = 13}}, locValue = TokenOperator OpAssign},Located {locSpan = SourceSpan {spanFilename = "<input>", spanStart = SourcePos {posLine = 46, posColumn = 14}, spanEnd = SourcePos {posLine = 46, posColumn = 15}}, locValue = TokenIdent "x"},Located {locSpan = SourceSpan {spanFilename = "<input>", spanStart = SourcePos {posLine = 46, posColumn = 16}, spanEnd = SourcePos {posLine = 46, posColumn = 17}}, locValue = TokenOperator OpMult},Located {locSpan = SourceSpan {spanFilename = "<input>", spanStart = SourcePos {posLine = 46, posColumn = 18}, spanEnd = SourcePos {posLine = 46, posColumn = 20}}, locValue = TokenNumber "11" False},Located {locSpan = SourceSpan {spanFilename = "<input>", spanStart = SourcePos {posLine = 46, posColumn = 21}, spanEnd = SourcePos {posLine = 46, posColumn = 22}}, locValue = TokenOperator OpPlus},Located {locSpan = SourceSpan {spanFilename = "<input>", spanStart = SourcePos {posLine = 46, posColumn = 23}, spanEnd = SourcePos {posLine = 46, posColumn = 27}}, locValue = TokenIdent "math"},Located {locSpan = SourceSpan {spanFilename = "<input>", spanStart = SourcePos {posLine = 46, posColumn = 27}, spanEnd = SourcePos {posLine = 46, posColumn = 28}}, locValue = TokenDelimiter DelimDot},Located {locSpan = SourceSpan {spanFilename = "<input>", spanStart = SourcePos {posLine = 46, posColumn = 28}, spanEnd = SourcePos {posLine = 46, posColumn = 32}}, locValue = TokenIdent "sqrt"},Located {locSpan = SourceSpan {spanFilename = "<input>", spanStart = SourcePos {posLine = 46, posColumn = 32}, spanEnd = SourcePos {posLine = 46, posColumn = 33}}, locValue = TokenDelimiter DelimLeftParen},Located {locSpan = SourceSpan {spanFilename = "<input>", spanStart = SourcePos {posLine = 46, posColumn = 33}, spanEnd = SourcePos {posLine = 46, posColumn = 35}}, locValue = TokenNumber "11" False},Located {locSpan = SourceSpan {spanFilename = "<input>", spanStart = SourcePos {posLine = 46, posColumn = 35}, spanEnd = SourcePos {posLine = 46, posColumn = 36}}, locValue = TokenDelimiter DelimRightParen},Located {locSpan = SourceSpan {spanFilename = "<input>", spanStart = SourcePos {posLine = 46, posColumn = 1}, spanEnd = SourcePos {posLine = 47, posColumn = 1}}, locValue = TokenNewline},Located {locSpan = SourceSpan {spanFilename = "<input>", spanStart = SourcePos {posLine = 47, posColumn = 5}, spanEnd = SourcePos {posLine = 47, posColumn = 11}}, locValue = TokenKeyword KwReturn},Located {locSpan = SourceSpan {spanFilename = "<input>", spanStart = SourcePos {posLine = 47, posColumn = 12}, spanEnd = SourcePos {posLine = 47, posColumn = 18}}, locValue = TokenIdent "result"},Located {locSpan = SourceSpan {spanFilename = "<input>", spanStart = SourcePos {posLine = 47, posColumn = 1}, spanEnd = SourcePos {posLine = 48, posColumn = 1}}, locValue = TokenNewline},Located {locSpan = SourceSpan {spanFilename = "<input>", spanStart = SourcePos {posLine = 48, posColumn = 1}, spanEnd = SourcePos {posLine = 48, posColumn = 1}}, locValue = TokenDedent 4},Located {locSpan = SourceSpan {spanFilename = "<input>", spanStart = SourcePos {posLine = 48, posColumn = 1}, spanEnd = SourcePos {posLine = 48, posColumn = 4}}, locValue = TokenKeyword KwDef},Located {locSpan = SourceSpan {spanFilename = "<input>", spanStart = SourcePos {posLine = 48, posColumn = 5}, spanEnd = SourcePos {posLine = 48, posColumn = 16}}, locValue = TokenIdent "function_12"},Located {locSpan = SourceSpan {spanFilename = "<input>", spanStart = SourcePos {posLine = 48, posColumn = 16}, spanEnd = SourcePos {posLine = 48, posColumn = 17}}, locValue = TokenDelimiter DelimLeftParen},Located {locSpan = SourceSpan {spanFilename = "<input>", spanStart = SourcePos {posLine = 48, posColumn = 17}, spanEnd = SourcePos {posLine = 48, posColumn = 18}}, locValue = TokenIdent "x"},Located {locSpan = SourceSpan {spanFilename = "<input>", spanStart = SourcePos {posLine = 48, posColumn = 18}, spanEnd = SourcePos {posLine = 48, posColumn = 19}}, locValue = TokenDelimiter DelimRightParen},Located {locSpan = SourceSpan {spanFilename = "<input>", spanStart = SourcePos {posLine = 48, posColumn = 19}, spanEnd = SourcePos {posLine = 48, posColumn = 20}}, locValue = TokenDelimiter DelimColon},Located {locSpan = SourceSpan {spanFilename = "<input>", spanStart = SourcePos {posLine = 48, posColumn = 1}, spanEnd = SourcePos {posLine = 49, posColumn = 1}}, locValue = TokenNewline},Located {locSpan = SourceSpan {spanFilename = "<input>", spanStart = SourcePos {posLine = 49, posColumn = 1}, spanEnd = SourcePos {posLine = 49, posColumn = 5}}, locValue = TokenIndent 4},Located {locSpan = SourceSpan {spanFilename = "<input>", spanStart = SourcePos {posLine = 49, posColumn = 5}, spanEnd = SourcePos {posLine = 49, posColumn = 33}}, locValue = TokenComment "# Function 12 implementation"},Located {locSpan = SourceSpan {spanFilename = "<input>", spanStart = SourcePos {posLine = 49, posColumn = 1}, spanEnd = SourcePos {posLine = 50, posColumn = 1}}, locValue = TokenNewline},Located {locSpan = SourceSpan {spanFilename = "<input>", spanStart = SourcePos {posLine = 50, posColumn = 5}, spanEnd = SourcePos {posLine = 50, posColumn = 11}}, locValue = TokenIdent "result"},Located {locSpan = SourceSpan {spanFilename = "<input>", spanStart = SourcePos {posLine = 50, posColumn = 12}, spanEnd = SourcePos {posLine = 50, posColumn = 13}}, locValue = TokenOperator OpAssign},Located {locSpan = SourceSpan {spanFilename = "<input>", spanStart = SourcePos {posLine = 50, posColumn = 14}, spanEnd = SourcePos {posLine = 50, posColumn = 15}}, locValue = TokenIdent "x"},Located {locSpan = SourceSpan {spanFilename = "<input>", spanStart = SourcePos {posLine = 50, posColumn = 16}, spanEnd = SourcePos {posLine = 50, posColumn = 17}}, locValue = TokenOperator OpMult},Located {locSpan = SourceSpan {spanFilename = "<input>", spanStart = SourcePos {posLine = 50, posColumn = 18}, spanEnd = SourcePos {posLine = 50, posColumn = 20}}, locValue = TokenNumber "12" False},Located {locSpan = SourceSpan {spanFilename = "<input>", spanStart = SourcePos {posLine = 50, posColumn = 21}, spanEnd = SourcePos {posLine = 50, posColumn = 22}}, locValue = TokenOperator OpPlus},Located {locSpan = SourceSpan {spanFilename = "<input>", spanStart = SourcePos {posLine = 50, posColumn = 23}, spanEnd = SourcePos {posLine = 50, posColumn = 27}}, locValue = TokenIdent "math"},Located {locSpan = SourceSpan {spanFilename = "<input>", spanStart = SourcePos {posLine = 50, posColumn = 27}, spanEnd = SourcePos {posLine = 50, posColumn = 28}}, locValue = TokenDelimiter DelimDot},Located {locSpan = SourceSpan {spanFilename = "<input>", spanStart = SourcePos {posLine = 50, posColumn = 28}, spanEnd = SourcePos {posLine = 50, posColumn = 32}}, locValue = TokenIdent "sqrt"},Located {locSpan = SourceSpan {spanFilename = "<input>", spanStart = SourcePos {posLine = 50, posColumn = 32}, spanEnd = SourcePos {posLine = 50, posColumn = 33}}, locValue = TokenDelimiter DelimLeftParen},Located {locSpan = SourceSpan {spanFilename = "<input>", spanStart = SourcePos {posLine = 50, posColumn = 33}, spanEnd = SourcePos {posLine = 50, posColumn = 35}}, locValue = TokenNumber "12" False},Located {locSpan = SourceSpan {spanFilename = "<input>", spanStart = SourcePos {posLine = 50, posColumn = 35}, spanEnd = SourcePos {posLine = 50, posColumn = 36}}, locValue = TokenDelimiter DelimRightParen},Located {locSpan = SourceSpan {spanFilename = "<input>", spanStart = SourcePos {posLine = 50, posColumn = 1}, spanEnd = SourcePos {posLine = 51, posColumn = 1}}, locValue = TokenNewline},Located {locSpan = SourceSpan {spanFilename = "<input>", spanStart = SourcePos {posLine = 51, posColumn = 5}, spanEnd = SourcePos {posLine = 51, posColumn = 11}}, locValue = TokenKeyword KwReturn},Located {locSpan = SourceSpan {spanFilename = "<input>", spanStart = SourcePos {posLine = 51, posColumn = 12}, spanEnd = SourcePos {posLine = 51, posColumn = 18}}, locValue = TokenIdent "result"},Located {locSpan = SourceSpan {spanFilename = "<input>", spanStart = SourcePos {posLine = 51, posColumn = 1}, spanEnd = SourcePos {posLine = 52, posColumn = 1}}, locValue = TokenNewline},Located {locSpan = SourceSpan {spanFilename = "<input>", spanStart = SourcePos {posLine = 52, posColumn = 1}, spanEnd = SourcePos {posLine = 52, posColumn = 1}}, locValue = TokenDedent 4},Located {locSpan = SourceSpan {spanFilename = "<input>", spanStart = SourcePos {posLine = 52, posColumn = 1}, spanEnd = SourcePos {posLine = 52, posColumn = 4}}, locValue = TokenKeyword KwDef},Located {locSpan = SourceSpan {spanFilename = "<input>", spanStart = SourcePos {posLine = 52, posColumn = 5}, spanEnd = SourcePos {posLine = 52, posColumn = 16}}, locValue = TokenIdent "function_13"},Located {locSpan = SourceSpan {spanFilename = "<input>", spanStart = SourcePos {posLine = 52, posColumn = 16}, spanEnd = SourcePos {posLine = 52, posColumn = 17}}, locValue = TokenDelimiter DelimLeftParen},Located {locSpan = SourceSpan {spanFilename = "<input>", spanStart = SourcePos {posLine = 52, posColumn = 17}, spanEnd = SourcePos {posLine = 52, posColumn = 18}}, locValue = TokenIdent "x"},Located {locSpan = SourceSpan {spanFilename = "<input>", spanStart = SourcePos {posLine = 52, posColumn = 18}, spanEnd = SourcePos {posLine = 52, posColumn = 19}}, locValue = TokenDelimiter DelimRightParen},Located {locSpan = SourceSpan {spanFilename = "<input>", spanStart = SourcePos {posLine = 52, posColumn = 19}, spanEnd = SourcePos {posLine = 52, posColumn = 20}}, locValue = TokenDelimiter DelimColon},Located {locSpan = SourceSpan {spanFilename = "<input>", spanStart = SourcePos {posLine = 52, posColumn = 1}, spanEnd = SourcePos {posLine = 53, posColumn = 1}}, locValue = TokenNewline},Located {locSpan = SourceSpan {spanFilename = "<input>", spanStart = SourcePos {posLine = 53, posColumn = 1}, spanEnd = SourcePos {posLine = 53, posColumn = 5}}, locValue = TokenIndent 4},Located {locSpan = SourceSpan {spanFilename = "<input>", spanStart = SourcePos {posLine = 53, posColumn = 5}, spanEnd = SourcePos {posLine = 53, posColumn = 33}}, locValue = TokenComment "# Function 13 implementation"},Located {locSpan = SourceSpan {spanFilename = "<input>", spanStart = SourcePos {posLine = 53, posColumn = 1}, spanEnd = SourcePos {posLine = 54, posColumn = 1}}, locValue = TokenNewline},Located {locSpan = SourceSpan {spanFilename = "<input>", spanStart = SourcePos {posLine = 54, posColumn = 5}, spanEnd = SourcePos {posLine = 54, posColumn = 11}}, locValue = TokenIdent "result"},Located {locSpan = SourceSpan {spanFilename = "<input>", spanStart = SourcePos {posLine = 54, posColumn = 12}, spanEnd = SourcePos {posLine = 54, posColumn = 13}}, locValue = TokenOperator OpAssign},Located {locSpan = SourceSpan {spanFilename = "<input>", spanStart = SourcePos {posLine = 54, posColumn = 14}, spanEnd = SourcePos {posLine = 54, posColumn = 15}}, locValue = TokenIdent "x"},Located {locSpan = SourceSpan {spanFilename = "<input>", spanStart = SourcePos {posLine = 54, posColumn = 16}, spanEnd = SourcePos {posLine = 54, posColumn = 17}}, locValue = TokenOperator OpMult},Located {locSpan = SourceSpan {spanFilename = "<input>", spanStart = SourcePos {posLine = 54, posColumn = 18}, spanEnd = SourcePos {posLine = 54, posColumn = 20}}, locValue = TokenNumber "13" False},Located {locSpan = SourceSpan {spanFilename = "<input>", spanStart = SourcePos {posLine = 54, posColumn = 21}, spanEnd = SourcePos {posLine = 54, posColumn = 22}}, locValue = TokenOperator OpPlus},Located {locSpan = SourceSpan {spanFilename = "<input>", spanStart = SourcePos {posLine = 54, posColumn = 23}, spanEnd = SourcePos {posLine = 54, posColumn = 27}}, locValue = TokenIdent "math"},Located {locSpan = SourceSpan {spanFilename = "<input>", spanStart = SourcePos {posLine = 54, posColumn = 27}, spanEnd = SourcePos {posLine = 54, posColumn = 28}}, locValue = TokenDelimiter DelimDot},Located {locSpan = SourceSpan {spanFilename = "<input>", spanStart = SourcePos {posLine = 54, posColumn = 28}, spanEnd = SourcePos {posLine = 54, posColumn = 32}}, locValue = TokenIdent "sqrt"},Located {locSpan = SourceSpan {spanFilename = "<input>", spanStart = SourcePos {posLine = 54, posColumn = 32}, spanEnd = SourcePos {posLine = 54, posColumn = 33}}, locValue = TokenDelimiter DelimLeftParen},Located {locSpan = SourceSpan {spanFilename = "<input>", spanStart = SourcePos {posLine = 54, posColumn = 33}, spanEnd = SourcePos {posLine = 54, posColumn = 35}}, locValue = TokenNumber "13" False},Located {locSpan = SourceSpan {spanFilename = "<input>", spanStart = SourcePos {posLine = 54, posColumn = 35}, spanEnd = SourcePos {posLine = 54, posColumn = 36}}, locValue = TokenDelimiter DelimRightParen},Located {locSpan = SourceSpan {spanFilename = "<input>", spanStart = SourcePos {posLine = 54, posColumn = 1}, spanEnd = SourcePos {posLine = 55, posColumn = 1}}, locValue = TokenNewline},Located {locSpan = SourceSpan {spanFilename = "<input>", spanStart = SourcePos {posLine = 55, posColumn = 5}, spanEnd = SourcePos {posLine = 55, posColumn = 11}}, locValue = TokenKeyword KwReturn},Located {locSpan = SourceSpan {spanFilename = "<input>", spanStart = SourcePos {posLine = 55, posColumn = 12}, spanEnd = SourcePos {posLine = 55, posColumn = 18}}, locValue = TokenIdent "result"},Located {locSpan = SourceSpan {spanFilename = "<input>", spanStart = SourcePos {posLine = 55, posColumn = 1}, spanEnd = SourcePos {posLine = 56, posColumn = 1}}, locValue = TokenNewline},Located {locSpan = SourceSpan {spanFilename = "<input>", spanStart = SourcePos {posLine = 56, posColumn = 1}, spanEnd = SourcePos {posLine = 56, posColumn = 1}}, locValue = TokenDedent 4},Located {locSpan = SourceSpan {spanFilename = "<input>", spanStart = SourcePos {posLine = 56, posColumn = 1}, spanEnd = SourcePos {posLine = 56, posColumn = 4}}, locValue = TokenKeyword KwDef},Located {locSpan = SourceSpan {spanFilename = "<input>", spanStart = SourcePos {posLine = 56, posColumn = 5}, spanEnd = SourcePos {posLine = 56, posColumn = 16}}, locValue = TokenIdent "function_14"},Located {locSpan = SourceSpan {spanFilename = "<input>", spanStart = SourcePos {posLine = 56, posColumn = 16}, spanEnd = SourcePos {posLine = 56, posColumn = 17}}, locValue = TokenDelimiter DelimLeftParen},Located {locSpan = SourceSpan {spanFilename = "<input>", spanStart = SourcePos {posLine = 56, posColumn = 17}, spanEnd = SourcePos {posLine = 56, posColumn = 18}}, locValue = TokenIdent "x"},Located {locSpan = SourceSpan {spanFilename = "<input>", spanStart = SourcePos {posLine = 56, posColumn = 18}, spanEnd = SourcePos {posLine = 56, posColumn = 19}}, locValue = TokenDelimiter DelimRightParen},Located {locSpan = SourceSpan {spanFilename = "<input>", spanStart = SourcePos {posLine = 56, posColumn = 19}, spanEnd = SourcePos {posLine = 56, posColumn = 20}}, locValue = TokenDelimiter DelimColon},Located {locSpan = SourceSpan {spanFilename = "<input>", spanStart = SourcePos {posLine = 56, posColumn = 1}, spanEnd = SourcePos {posLine = 57, posColumn = 1}}, locValue = TokenNewline},Located {locSpan = SourceSpan {spanFilename = "<input>", spanStart = SourcePos {posLine = 57, posColumn = 1}, spanEnd = SourcePos {posLine = 57, posColumn = 5}}, locValue = TokenIndent 4},Located {locSpan = SourceSpan {spanFilename = "<input>", spanStart = SourcePos {posLine = 57, posColumn = 5}, spanEnd = SourcePos {posLine = 57, posColumn = 33}}, locValue = TokenComment "# Function 14 implementation"},Located {locSpan = SourceSpan {spanFilename = "<input>", spanStart = SourcePos {posLine = 57, posColumn = 1}, spanEnd = SourcePos {posLine = 58, posColumn = 1}}, locValue = TokenNewline},Located {locSpan = SourceSpan {spanFilename = "<input>", spanStart = SourcePos {posLine = 58, posColumn = 5}, spanEnd = SourcePos {posLine = 58, posColumn = 11}}, locValue = TokenIdent "result"},Located {locSpan = SourceSpan {spanFilename = "<input>", spanStart = SourcePos {posLine = 58, posColumn = 12}, spanEnd = SourcePos {posLine = 58, posColumn = 13}}, locValue = TokenOperator OpAssign},Located {locSpan = SourceSpan {spanFilename = "<input>", spanStart = SourcePos {posLine = 58, posColumn = 14}, spanEnd = SourcePos {posLine = 58, posColumn = 15}}, locValue = TokenIdent "x"},Located {locSpan = SourceSpan {spanFilename = "<input>", spanStart = SourcePos {posLine = 58, posColumn = 16}, spanEnd = SourcePos {posLine = 58, posColumn = 17}}, locValue = TokenOperator OpMult},Located {locSpan = SourceSpan {spanFilename = "<input>", spanStart = SourcePos {posLine = 58, posColumn = 18}, spanEnd = SourcePos {posLine = 58, posColumn = 20}}, locValue = TokenNumber "14" False},Located {locSpan = SourceSpan {spanFilename = "<input>", spanStart = SourcePos {posLine = 58, posColumn = 21}, spanEnd = SourcePos {posLine = 58, posColumn = 22}}, locValue = TokenOperator OpPlus},Located {locSpan = SourceSpan {spanFilename = "<input>", spanStart = SourcePos {posLine = 58, posColumn = 23}, spanEnd = SourcePos {posLine = 58, posColumn = 27}}, locValue = TokenIdent "math"},Located {locSpan = SourceSpan {spanFilename = "<input>", spanStart = SourcePos {posLine = 58, posColumn = 27}, spanEnd = SourcePos {posLine = 58, posColumn = 28}}, locValue = TokenDelimiter DelimDot},Located {locSpan = SourceSpan {spanFilename = "<input>", spanStart = SourcePos {posLine = 58, posColumn = 28}, spanEnd = SourcePos {posLine = 58, posColumn = 32}}, locValue = TokenIdent "sqrt"},Located {locSpan = SourceSpan {spanFilename = "<input>", spanStart = SourcePos {posLine = 58, posColumn = 32}, spanEnd = SourcePos {posLine = 58, posColumn = 33}}, locValue = TokenDelimiter DelimLeftParen},Located {locSpan = SourceSpan {spanFilename = "<input>", spanStart = SourcePos {posLine = 58, posColumn = 33}, spanEnd = SourcePos {posLine = 58, posColumn = 35}}, locValue = TokenNumber "14" False},Located {locSpan = SourceSpan {spanFilename = "<input>", spanStart = SourcePos {posLine = 58, posColumn = 35}, spanEnd = SourcePos {posLine = 58, posColumn = 36}}, locValue = TokenDelimiter DelimRightParen},Located {locSpan = SourceSpan {spanFilename = "<input>", spanStart = SourcePos {posLine = 58, posColumn = 1}, spanEnd = SourcePos {posLine = 59, posColumn = 1}}, locValue = TokenNewline},Located {locSpan = SourceSpan {spanFilename = "<input>", spanStart = SourcePos {posLine = 59, posColumn = 5}, spanEnd = SourcePos {posLine = 59, posColumn = 11}}, locValue = TokenKeyword KwReturn},Located {locSpan = SourceSpan {spanFilename = "<input>", spanStart = SourcePos {posLine = 59, posColumn = 12}, spanEnd = SourcePos {posLine = 59, posColumn = 18}}, locValue = TokenIdent "result"},Located {locSpan = SourceSpan {spanFilename = "<input>", spanStart = SourcePos {posLine = 59, posColumn = 1}, spanEnd = SourcePos {posLine = 60, posColumn = 1}}, locValue = TokenNewline},Located {locSpan = SourceSpan {spanFilename = "<input>", spanStart = SourcePos {posLine = 60, posColumn = 1}, spanEnd = SourcePos {posLine = 60, posColumn = 1}}, locValue = TokenDedent 4},Located {locSpan = SourceSpan {spanFilename = "<input>", spanStart = SourcePos {posLine = 60, posColumn = 1}, spanEnd = SourcePos {posLine = 60, posColumn = 4}}, locValue = TokenKeyword KwDef},Located {locSpan = SourceSpan {spanFilename = "<input>", spanStart = SourcePos {posLine = 60, posColumn = 5}, spanEnd = SourcePos {posLine = 60, posColumn = 16}}, locValue = TokenIdent "function_15"},Located {locSpan = SourceSpan {spanFilename = "<input>", spanStart = SourcePos {posLine = 60, posColumn = 16}, spanEnd = SourcePos {posLine = 60, posColumn = 17}}, locValue = TokenDelimiter DelimLeftParen},Located {locSpan = SourceSpan {spanFilename = "<input>", spanStart = SourcePos {posLine = 60, posColumn = 17}, spanEnd = SourcePos {posLine = 60, posColumn = 18}}, locValue = TokenIdent "x"},Located {locSpan = SourceSpan {spanFilename = "<input>", spanStart = SourcePos {posLine = 60, posColumn = 18}, spanEnd = SourcePos {posLine = 60, posColumn = 19}}, locValue = TokenDelimiter DelimRightParen},Located {locSpan = SourceSpan {spanFilename = "<input>", spanStart = SourcePos {posLine = 60, posColumn = 19}, spanEnd = SourcePos {posLine = 60, posColumn = 20}}, locValue = TokenDelimiter DelimColon},Located {locSpan = SourceSpan {spanFilename = "<input>", spanStart = SourcePos {posLine = 60, posColumn = 1}, spanEnd = SourcePos {posLine = 61, posColumn = 1}}, locValue = TokenNewline},Located {locSpan = SourceSpan {spanFilename = "<input>", spanStart = SourcePos {posLine = 61, posColumn = 1}, spanEnd = SourcePos {posLine = 61, posColumn = 5}}, locValue = TokenIndent 4},Located {locSpan = SourceSpan {spanFilename = "<input>", spanStart = SourcePos {posLine = 61, posColumn = 5}, spanEnd = SourcePos {posLine = 61, posColumn = 33}}, locValue = TokenComment "# Function 15 implementation"},Located {locSpan = SourceSpan {spanFilename = "<input>", spanStart = SourcePos {posLine = 61, posColumn = 1}, spanEnd = SourcePos {posLine = 62, posColumn = 1}}, locValue = TokenNewline},Located {locSpan = SourceSpan {spanFilename = "<input>", spanStart = SourcePos {posLine = 62, posColumn = 5}, spanEnd = SourcePos {posLine = 62, posColumn = 11}}, locValue = TokenIdent "result"},Located {locSpan = SourceSpan {spanFilename = "<input>", spanStart = SourcePos {posLine = 62, posColumn = 12}, spanEnd = SourcePos {posLine = 62, posColumn = 13}}, locValue = TokenOperator OpAssign},Located {locSpan = SourceSpan {spanFilename = "<input>", spanStart = SourcePos {posLine = 62, posColumn = 14}, spanEnd = SourcePos {posLine = 62, posColumn = 15}}, locValue = TokenIdent "x"},Located {locSpan = SourceSpan {spanFilename = "<input>", spanStart = SourcePos {posLine = 62, posColumn = 16}, spanEnd = SourcePos {posLine = 62, posColumn = 17}}, locValue = TokenOperator OpMult},Located {locSpan = SourceSpan {spanFilename = "<input>", spanStart = SourcePos {posLine = 62, posColumn = 18}, spanEnd = SourcePos {posLine = 62, posColumn = 20}}, locValue = TokenNumber "15" False},Located {locSpan = SourceSpan {spanFilename = "<input>", spanStart = SourcePos {posLine = 62, posColumn = 21}, spanEnd = SourcePos {posLine = 62, posColumn = 22}}, locValue = TokenOperator OpPlus},Located {locSpan = SourceSpan {spanFilename = "<input>", spanStart = SourcePos {posLine = 62, posColumn = 23}, spanEnd = SourcePos {posLine = 62, posColumn = 27}}, locValue = TokenIdent "math"},Located {locSpan = SourceSpan {spanFilename = "<input>", spanStart = SourcePos {posLine = 62, posColumn = 27}, spanEnd = SourcePos {posLine = 62, posColumn = 28}}, locValue = TokenDelimiter DelimDot},Located {locSpan = SourceSpan {spanFilename = "<input>", spanStart = SourcePos {posLine = 62, posColumn = 28}, spanEnd = SourcePos {posLine = 62, posColumn = 32}}, locValue = TokenIdent "sqrt"},Located {locSpan = SourceSpan {spanFilename = "<input>", spanStart = SourcePos {posLine = 62, posColumn = 32}, spanEnd = SourcePos {posLine = 62, posColumn = 33}}, locValue = TokenDelimiter DelimLeftParen},Located {locSpan = SourceSpan {spanFilename = "<input>", spanStart = SourcePos {posLine = 62, posColumn = 33}, spanEnd = SourcePos {posLine = 62, posColumn = 35}}, locValue = TokenNumber "15" False},Located {locSpan = SourceSpan {spanFilename = "<input>", spanStart = SourcePos {posLine = 62, posColumn = 35}, spanEnd = SourcePos {posLine = 62, posColumn = 36}}, locValue = TokenDelimiter DelimRightParen},Located {locSpan = SourceSpan {spanFilename = "<input>", spanStart = SourcePos {posLine = 62, posColumn = 1}, spanEnd = SourcePos {posLine = 63, posColumn = 1}}, locValue = TokenNewline},Located {locSpan = SourceSpan {spanFilename = "<input>", spanStart = SourcePos {posLine = 63, posColumn = 5}, spanEnd = SourcePos {posLine = 63, posColumn = 11}}, locValue = TokenKeyword KwReturn},Located {locSpan = SourceSpan {spanFilename = "<input>", spanStart = SourcePos {posLine = 63, posColumn = 12}, spanEnd = SourcePos {posLine = 63, posColumn = 18}}, locValue = TokenIdent "result"},Located {locSpan = SourceSpan {spanFilename = "<input>", spanStart = SourcePos {posLine = 63, posColumn = 1}, spanEnd = SourcePos {posLine = 64, posColumn = 1}}, locValue = TokenNewline},Located {locSpan = SourceSpan {spanFilename = "<input>", spanStart = SourcePos {posLine = 64, posColumn = 1}, spanEnd = SourcePos {posLine = 64, posColumn = 1}}, locValue = TokenDedent 4},Located {locSpan = SourceSpan {spanFilename = "<input>", spanStart = SourcePos {posLine = 64, posColumn = 1}, spanEnd = SourcePos {posLine = 64, posColumn = 4}}, locValue = TokenKeyword KwDef},Located {locSpan = SourceSpan {spanFilename = "<input>", spanStart = SourcePos {posLine = 64, posColumn = 5}, spanEnd = SourcePos {posLine = 64, posColumn = 16}}, locValue = TokenIdent "function_16"},Located {locSpan = SourceSpan {spanFilename = "<input>", spanStart = SourcePos {posLine = 64, posColumn = 16}, spanEnd = SourcePos {posLine = 64, posColumn = 17}}, locValue = TokenDelimiter DelimLeftParen},Located {locSpan = SourceSpan {spanFilename = "<input>", spanStart = SourcePos {posLine = 64, posColumn = 17}, spanEnd = SourcePos {posLine = 64, posColumn = 18}}, locValue = TokenIdent "x"},Located {locSpan = SourceSpan {spanFilename = "<input>", spanStart = SourcePos {posLine = 64, posColumn = 18}, spanEnd = SourcePos {posLine = 64, posColumn = 19}}, locValue = TokenDelimiter DelimRightParen},Located {locSpan = SourceSpan {spanFilename = "<input>", spanStart = SourcePos {posLine = 64, posColumn = 19}, spanEnd = SourcePos {posLine = 64, posColumn = 20}}, locValue = TokenDelimiter DelimColon},Located {locSpan = SourceSpan {spanFilename = "<input>", spanStart = SourcePos {posLine = 64, posColumn = 1}, spanEnd = SourcePos {posLine = 65, posColumn = 1}}, locValue = TokenNewline},Located {locSpan = SourceSpan {spanFilename = "<input>", spanStart = SourcePos {posLine = 65, posColumn = 1}, spanEnd = SourcePos {posLine = 65, posColumn = 5}}, locValue = TokenIndent 4},Located {locSpan = SourceSpan {spanFilename = "<input>", spanStart = SourcePos {posLine = 65, posColumn = 5}, spanEnd = SourcePos {posLine = 65, posColumn = 33}}, locValue = TokenComment "# Function 16 implementation"},Located {locSpan = SourceSpan {spanFilename = "<input>", spanStart = SourcePos {posLine = 65, posColumn = 1}, spanEnd = SourcePos {posLine = 66, posColumn = 1}}, locValue = TokenNewline},Located {locSpan = SourceSpan {spanFilename = "<input>", spanStart = SourcePos {posLine = 66, posColumn = 5}, spanEnd = SourcePos {posLine = 66, posColumn = 11}}, locValue = TokenIdent "result"},Located {locSpan = SourceSpan {spanFilename = "<input>", spanStart = SourcePos {posLine = 66, posColumn = 12}, spanEnd = SourcePos {posLine = 66, posColumn = 13}}, locValue = TokenOperator OpAssign},Located {locSpan = SourceSpan {spanFilename = "<input>", spanStart = SourcePos {posLine = 66, posColumn = 14}, spanEnd = SourcePos {posLine = 66, posColumn = 15}}, locValue = TokenIdent "x"},Located {locSpan = SourceSpan {spanFilename = "<input>", spanStart = SourcePos {posLine = 66, posColumn = 16}, spanEnd = SourcePos {posLine = 66, posColumn = 17}}, locValue = TokenOperator OpMult},Located {locSpan = SourceSpan {spanFilename = "<input>", spanStart = SourcePos {posLine = 66, posColumn = 18}, spanEnd = SourcePos {posLine = 66, posColumn = 20}}, locValue = TokenNumber "16" False},Located {locSpan = SourceSpan {spanFilename = "<input>", spanStart = SourcePos {posLine = 66, posColumn = 21}, spanEnd = SourcePos {posLine = 66, posColumn = 22}}, locValue = TokenOperator OpPlus},Located {locSpan = SourceSpan {spanFilename = "<input>", spanStart = SourcePos {posLine = 66, posColumn = 23}, spanEnd = SourcePos {posLine = 66, posColumn = 27}}, locValue = TokenIdent "math"},Located {locSpan = SourceSpan {spanFilename = "<input>", spanStart = SourcePos {posLine = 66, posColumn = 27}, spanEnd = SourcePos {posLine = 66, posColumn = 28}}, locValue = TokenDelimiter DelimDot},Located {locSpan = SourceSpan {spanFilename = "<input>", spanStart = SourcePos {posLine = 66, posColumn = 28}, spanEnd = SourcePos {posLine = 66, posColumn = 32}}, locValue = TokenIdent "sqrt"},Located {locSpan = SourceSpan {spanFilename = "<input>", spanStart = SourcePos {posLine = 66, posColumn = 32}, spanEnd = SourcePos {posLine = 66, posColumn = 33}}, locValue = TokenDelimiter DelimLeftParen},Located {locSpan = SourceSpan {spanFilename = "<input>", spanStart = SourcePos {posLine = 66, posColumn = 33}, spanEnd = SourcePos {posLine = 66, posColumn = 35}}, locValue = TokenNumber "16" False},Located {locSpan = SourceSpan {spanFilename = "<input>", spanStart = SourcePos {posLine = 66, posColumn = 35}, spanEnd = SourcePos {posLine = 66, posColumn = 36}}, locValue = TokenDelimiter DelimRightParen},Located {locSpan = SourceSpan {spanFilename = "<input>", spanStart = SourcePos {posLine = 66, posColumn = 1}, spanEnd = SourcePos {posLine = 67, posColumn = 1}}, locValue = TokenNewline},Located {locSpan = SourceSpan {spanFilename = "<input>", spanStart = SourcePos {posLine = 67, posColumn = 5}, spanEnd = SourcePos {posLine = 67, posColumn = 11}}, locValue = TokenKeyword KwReturn},Located {locSpan = SourceSpan {spanFilename = "<input>", spanStart = SourcePos {posLine = 67, posColumn = 12}, spanEnd = SourcePos {posLine = 67, posColumn = 18}}, locValue = TokenIdent "result"},Located {locSpan = SourceSpan {spanFilename = "<input>", spanStart = SourcePos {posLine = 67, posColumn = 1}, spanEnd = SourcePos {posLine = 68, posColumn = 1}}, locValue = TokenNewline},Located {locSpan = SourceSpan {spanFilename = "<input>", spanStart = SourcePos {posLine = 68, posColumn = 1}, spanEnd = SourcePos {posLine = 68, posColumn = 1}}, locValue = TokenDedent 4},Located {locSpan = SourceSpan {spanFilename = "<input>", spanStart = SourcePos {posLine = 68, posColumn = 1}, spanEnd = SourcePos {posLine = 68, posColumn = 4}}, locValue = TokenKeyword KwDef},Located {locSpan = SourceSpan {spanFilename = "<input>", spanStart = SourcePos {posLine = 68, posColumn = 5}, spanEnd = SourcePos {posLine = 68, posColumn = 16}}, locValue = TokenIdent "function_17"},Located {locSpan = SourceSpan {spanFilename = "<input>", spanStart = SourcePos {posLine = 68, posColumn = 16}, spanEnd = SourcePos {posLine = 68, posColumn = 17}}, locValue = TokenDelimiter DelimLeftParen},Located {locSpan = SourceSpan {spanFilename = "<input>", spanStart = SourcePos {posLine = 68, posColumn = 17}, spanEnd = SourcePos {posLine = 68, posColumn = 18}}, locValue = TokenIdent "x"},Located {locSpan = SourceSpan {spanFilename = "<input>", spanStart = SourcePos {posLine = 68, posColumn = 18}, spanEnd = SourcePos {posLine = 68, posColumn = 19}}, locValue = TokenDelimiter DelimRightParen},Located {locSpan = SourceSpan {spanFilename = "<input>", spanStart = SourcePos {posLine = 68, posColumn = 19}, spanEnd = SourcePos {posLine = 68, posColumn = 20}}, locValue = TokenDelimiter DelimColon},Located {locSpan = SourceSpan {spanFilename = "<input>", spanStart = SourcePos {posLine = 68, posColumn = 1}, spanEnd = SourcePos {posLine = 69, posColumn = 1}}, locValue = TokenNewline},Located {locSpan = SourceSpan {spanFilename = "<input>", spanStart = SourcePos {posLine = 69, posColumn = 1}, spanEnd = SourcePos {posLine = 69, posColumn = 5}}, locValue = TokenIndent 4},Located {locSpan = SourceSpan {spanFilename = "<input>", spanStart = SourcePos {posLine = 69, posColumn = 5}, spanEnd = SourcePos {posLine = 69, posColumn = 33}}, locValue = TokenComment "# Function 17 implementation"},Located {locSpan = SourceSpan {spanFilename = "<input>", spanStart = SourcePos {posLine = 69, posColumn = 1}, spanEnd = SourcePos {posLine = 70, posColumn = 1}}, locValue = TokenNewline},Located {locSpan = SourceSpan {spanFilename = "<input>", spanStart = SourcePos {posLine = 70, posColumn = 5}, spanEnd = SourcePos {posLine = 70, posColumn = 11}}, locValue = TokenIdent "result"},Located {locSpan = SourceSpan {spanFilename = "<input>", spanStart = SourcePos {posLine = 70, posColumn = 12}, spanEnd = SourcePos {posLine = 70, posColumn = 13}}, locValue = TokenOperator OpAssign},Located {locSpan = SourceSpan {spanFilename = "<input>", spanStart = SourcePos {posLine = 70, posColumn = 14}, spanEnd = SourcePos {posLine = 70, posColumn = 15}}, locValue = TokenIdent "x"},Located {locSpan = SourceSpan {spanFilename = "<input>", spanStart = SourcePos {posLine = 70, posColumn = 16}, spanEnd = SourcePos {posLine = 70, posColumn = 17}}, locValue = TokenOperator OpMult},Located {locSpan = SourceSpan {spanFilename = "<input>", spanStart = SourcePos {posLine = 70, posColumn = 18}, spanEnd = SourcePos {posLine = 70, posColumn = 20}}, locValue = TokenNumber "17" False},Located {locSpan = SourceSpan {spanFilename = "<input>", spanStart = SourcePos {posLine = 70, posColumn = 21}, spanEnd = SourcePos {posLine = 70, posColumn = 22}}, locValue = TokenOperator OpPlus},Located {locSpan = SourceSpan {spanFilename = "<input>", spanStart = SourcePos {posLine = 70, posColumn = 23}, spanEnd = SourcePos {posLine = 70, posColumn = 27}}, locValue = TokenIdent "math"},Located {locSpan = SourceSpan {spanFilename = "<input>", spanStart = SourcePos {posLine = 70, posColumn = 27}, spanEnd = SourcePos {posLine = 70, posColumn = 28}}, locValue = TokenDelimiter DelimDot},Located {locSpan = SourceSpan {spanFilename = "<input>", spanStart = SourcePos {posLine = 70, posColumn = 28}, spanEnd = SourcePos {posLine = 70, posColumn = 32}}, locValue = TokenIdent "sqrt"},Located {locSpan = SourceSpan {spanFilename = "<input>", spanStart = SourcePos {posLine = 70, posColumn = 32}, spanEnd = SourcePos {posLine = 70, posColumn = 33}}, locValue = TokenDelimiter DelimLeftParen},Located {locSpan = SourceSpan {spanFilename = "<input>", spanStart = SourcePos {posLine = 70, posColumn = 33}, spanEnd = SourcePos {posLine = 70, posColumn = 35}}, locValue = TokenNumber "17" False},Located {locSpan = SourceSpan {spanFilename = "<input>", spanStart = SourcePos {posLine = 70, posColumn = 35}, spanEnd = SourcePos {posLine = 70, posColumn = 36}}, locValue = TokenDelimiter DelimRightParen},Located {locSpan = SourceSpan {spanFilename = "<input>", spanStart = SourcePos {posLine = 70, posColumn = 1}, spanEnd = SourcePos {posLine = 71, posColumn = 1}}, locValue = TokenNewline},Located {locSpan = SourceSpan {spanFilename = "<input>", spanStart = SourcePos {posLine = 71, posColumn = 5}, spanEnd = SourcePos {posLine = 71, posColumn = 11}}, locValue = TokenKeyword KwReturn},Located {locSpan = SourceSpan {spanFilename = "<input>", spanStart = SourcePos {posLine = 71, posColumn = 12}, spanEnd = SourcePos {posLine = 71, posColumn = 18}}, locValue = TokenIdent "result"},Located {locSpan = SourceSpan {spanFilename = "<input>", spanStart = SourcePos {posLine = 71, posColumn = 1}, spanEnd = SourcePos {posLine = 72, posColumn = 1}}, locValue = TokenNewline},Located {locSpan = SourceSpan {spanFilename = "<input>", spanStart = SourcePos {posLine = 72, posColumn = 1}, spanEnd = SourcePos {posLine = 72, posColumn = 1}}, locValue = TokenDedent 4},Located {locSpan = SourceSpan {spanFilename = "<input>", spanStart = SourcePos {posLine = 72, posColumn = 1}, spanEnd = SourcePos {posLine = 72, posColumn = 4}}, locValue = TokenKeyword KwDef},Located {locSpan = SourceSpan {spanFilename = "<input>", spanStart = SourcePos {posLine = 72, posColumn = 5}, spanEnd = SourcePos {posLine = 72, posColumn = 16}}, locValue = TokenIdent "function_18"},Located {locSpan = SourceSpan {spanFilename = "<input>", spanStart = SourcePos {posLine = 72, posColumn = 16}, spanEnd = SourcePos {posLine = 72, posColumn = 17}}, locValue = TokenDelimiter DelimLeftParen},Located {locSpan = SourceSpan {spanFilename = "<input>", spanStart = SourcePos {posLine = 72, posColumn = 17}, spanEnd = SourcePos {posLine = 72, posColumn = 18}}, locValue = TokenIdent "x"},Located {locSpan = SourceSpan {spanFilename = "<input>", spanStart = SourcePos {posLine = 72, posColumn = 18}, spanEnd = SourcePos {posLine = 72, posColumn = 19}}, locValue = TokenDelimiter DelimRightParen},Located {locSpan = SourceSpan {spanFilename = "<input>", spanStart = SourcePos {posLine = 72, posColumn = 19}, spanEnd = SourcePos {posLine = 72, posColumn = 20}}, locValue = TokenDelimiter DelimColon},Located {locSpan = SourceSpan {spanFilename = "<input>", spanStart = SourcePos {posLine = 72, posColumn = 1}, spanEnd = SourcePos {posLine = 73, posColumn = 1}}, locValue = TokenNewline},Located {locSpan = SourceSpan {spanFilename = "<input>", spanStart = SourcePos {posLine = 73, posColumn = 1}, spanEnd = SourcePos {posLine = 73, posColumn = 5}}, locValue = TokenIndent 4},Located {locSpan = SourceSpan {spanFilename = "<input>", spanStart = SourcePos {posLine = 73, posColumn = 5}, spanEnd = SourcePos {posLine = 73, posColumn = 33}}, locValue = TokenComment "# Function 18 implementation"},Located {locSpan = SourceSpan {spanFilename = "<input>", spanStart = SourcePos {posLine = 73, posColumn = 1}, spanEnd = SourcePos {posLine = 74, posColumn = 1}}, locValue = TokenNewline},Located {locSpan = SourceSpan {spanFilename = "<input>", spanStart = SourcePos {posLine = 74, posColumn = 5}, spanEnd = SourcePos {posLine = 74, posColumn = 11}}, locValue = TokenIdent "result"},Located {locSpan = SourceSpan {spanFilename = "<input>", spanStart = SourcePos {posLine = 74, posColumn = 12}, spanEnd = SourcePos {posLine = 74, posColumn = 13}}, locValue = TokenOperator OpAssign},Located {locSpan = SourceSpan {spanFilename = "<input>", spanStart = SourcePos {posLine = 74, posColumn = 14}, spanEnd = SourcePos {posLine = 74, posColumn = 15}}, locValue = TokenIdent "x"},Located {locSpan = SourceSpan {spanFilename = "<input>", spanStart = SourcePos {posLine = 74, posColumn = 16}, spanEnd = SourcePos {posLine = 74, posColumn = 17}}, locValue = TokenOperator OpMult},Located {locSpan = SourceSpan {spanFilename = "<input>", spanStart = SourcePos {posLine = 74, posColumn = 18}, spanEnd = SourcePos {posLine = 74, posColumn = 20}}, locValue = TokenNumber "18" False},Located {locSpan = SourceSpan {spanFilename = "<input>", spanStart = SourcePos {posLine = 74, posColumn = 21}, spanEnd = SourcePos {posLine = 74, posColumn = 22}}, locValue = TokenOperator OpPlus},Located {locSpan = SourceSpan {spanFilename = "<input>", spanStart = SourcePos {posLine = 74, posColumn = 23}, spanEnd = SourcePos {posLine = 74, posColumn = 27}}, locValue = TokenIdent "math"},Located {locSpan = SourceSpan {spanFilename = "<input>", spanStart = SourcePos {posLine = 74, posColumn = 27}, spanEnd = SourcePos {posLine = 74, posColumn = 28}}, locValue = TokenDelimiter DelimDot},Located {locSpan = SourceSpan {spanFilename = "<input>", spanStart = SourcePos {posLine = 74, posColumn = 28}, spanEnd = SourcePos {posLine = 74, posColumn = 32}}, locValue = TokenIdent "sqrt"},Located {locSpan = SourceSpan {spanFilename = "<input>", spanStart = SourcePos {posLine = 74, posColumn = 32}, spanEnd = SourcePos {posLine = 74, posColumn = 33}}, locValue = TokenDelimiter DelimLeftParen},Located {locSpan = SourceSpan {spanFilename = "<input>", spanStart = SourcePos {posLine = 74, posColumn = 33}, spanEnd = SourcePos {posLine = 74, posColumn = 35}}, locValue = TokenNumber "18" False},Located {locSpan = SourceSpan {spanFilename = "<input>", spanStart = SourcePos {posLine = 74, posColumn = 35}, spanEnd = SourcePos {posLine = 74, posColumn = 36}}, locValue = TokenDelimiter DelimRightParen},Located {locSpan = SourceSpan {spanFilename = "<input>", spanStart = SourcePos {posLine = 74, posColumn = 1}, spanEnd = SourcePos {posLine = 75, posColumn = 1}}, locValue = TokenNewline},Located {locSpan = SourceSpan {spanFilename = "<input>", spanStart = SourcePos {posLine = 75, posColumn = 5}, spanEnd = SourcePos {posLine = 75, posColumn = 11}}, locValue = TokenKeyword KwReturn},Located {locSpan = SourceSpan {spanFilename = "<input>", spanStart = SourcePos {posLine = 75, posColumn = 12}, spanEnd = SourcePos {posLine = 75, posColumn = 18}}, locValue = TokenIdent "result"},Located {locSpan = SourceSpan {spanFilename = "<input>", spanStart = SourcePos {posLine = 75, posColumn = 1}, spanEnd = SourcePos {posLine = 76, posColumn = 1}}, locValue = TokenNewline},Located {locSpan = SourceSpan {spanFilename = "<input>", spanStart = SourcePos {posLine = 76, posColumn = 1}, spanEnd = SourcePos {posLine = 76, posColumn = 1}}, locValue = TokenDedent 4},Located {locSpan = SourceSpan {spanFilename = "<input>", spanStart = SourcePos {posLine = 76, posColumn = 1}, spanEnd = SourcePos {posLine = 76, posColumn = 4}}, locValue = TokenKeyword KwDef},Located {locSpan = SourceSpan {spanFilename = "<input>", spanStart = SourcePos {posLine = 76, posColumn = 5}, spanEnd = SourcePos {posLine = 76, posColumn = 16}}, locValue = TokenIdent "function_19"},Located {locSpan = SourceSpan {spanFilename = "<input>", spanStart = SourcePos {posLine = 76, posColumn = 16}, spanEnd = SourcePos {posLine = 76, posColumn = 17}}, locValue = TokenDelimiter DelimLeftParen},Located {locSpan = SourceSpan {spanFilename = "<input>", spanStart = SourcePos {posLine = 76, posColumn = 17}, spanEnd = SourcePos {posLine = 76, posColumn = 18}}, locValue = TokenIdent "x"},Located {locSpan = SourceSpan {spanFilename = "<input>", spanStart = SourcePos {posLine = 76, posColumn = 18}, spanEnd = SourcePos {posLine = 76, posColumn = 19}}, locValue = TokenDelimiter DelimRightParen},Located {locSpan = SourceSpan {spanFilename = "<input>", spanStart = SourcePos {posLine = 76, posColumn = 19}, spanEnd = SourcePos {posLine = 76, posColumn = 20}}, locValue = TokenDelimiter DelimColon},Located {locSpan = SourceSpan {spanFilename = "<input>", spanStart = SourcePos {posLine = 76, posColumn = 1}, spanEnd = SourcePos {posLine = 77, posColumn = 1}}, locValue = TokenNewline},Located {locSpan = SourceSpan {spanFilename = "<input>", spanStart = SourcePos {posLine = 77, posColumn = 1}, spanEnd = SourcePos {posLine = 77, posColumn = 5}}, locValue = TokenIndent 4},Located {locSpan = SourceSpan {spanFilename = "<input>", spanStart = SourcePos {posLine = 77, posColumn = 5}, spanEnd = SourcePos {posLine = 77, posColumn = 33}}, locValue = TokenComment "# Function 19 implementation"},Located {locSpan = SourceSpan {spanFilename = "<input>", spanStart = SourcePos {posLine = 77, posColumn = 1}, spanEnd = SourcePos {posLine = 78, posColumn = 1}}, locValue = TokenNewline},Located {locSpan = SourceSpan {spanFilename = "<input>", spanStart = SourcePos {posLine = 78, posColumn = 5}, spanEnd = SourcePos {posLine = 78, posColumn = 11}}, locValue = TokenIdent "result"},Located {locSpan = SourceSpan {spanFilename = "<input>", spanStart = SourcePos {posLine = 78, posColumn = 12}, spanEnd = SourcePos {posLine = 78, posColumn = 13}}, locValue = TokenOperator OpAssign},Located {locSpan = SourceSpan {spanFilename = "<input>", spanStart = SourcePos {posLine = 78, posColumn = 14}, spanEnd = SourcePos {posLine = 78, posColumn = 15}}, locValue = TokenIdent "x"},Located {locSpan = SourceSpan {spanFilename = "<input>", spanStart = SourcePos {posLine = 78, posColumn = 16}, spanEnd = SourcePos {posLine = 78, posColumn = 17}}, locValue = TokenOperator OpMult},Located {locSpan = SourceSpan {spanFilename = "<input>", spanStart = SourcePos {posLine = 78, posColumn = 18}, spanEnd = SourcePos {posLine = 78, posColumn = 20}}, locValue = TokenNumber "19" False},Located {locSpan = SourceSpan {spanFilename = "<input>", spanStart = SourcePos {posLine = 78, posColumn = 21}, spanEnd = SourcePos {posLine = 78, posColumn = 22}}, locValue = TokenOperator OpPlus},Located {locSpan = SourceSpan {spanFilename = "<input>", spanStart = SourcePos {posLine = 78, posColumn = 23}, spanEnd = SourcePos {posLine = 78, posColumn = 27}}, locValue = TokenIdent "math"},Located {locSpan = SourceSpan {spanFilename = "<input>", spanStart = SourcePos {posLine = 78, posColumn = 27}, spanEnd = SourcePos {posLine = 78, posColumn = 28}}, locValue = TokenDelimiter DelimDot},Located {locSpan = SourceSpan {spanFilename = "<input>", spanStart = SourcePos {posLine = 78, posColumn = 28}, spanEnd = SourcePos {posLine = 78, posColumn = 32}}, locValue = TokenIdent "sqrt"},Located {locSpan = SourceSpan {spanFilename = "<input>", spanStart = SourcePos {posLine = 78, posColumn = 32}, spanEnd = SourcePos {posLine = 78, posColumn = 33}}, locValue = TokenDelimiter DelimLeftParen},Located {locSpan = SourceSpan {spanFilename = "<input>", spanStart = SourcePos {posLine = 78, posColumn = 33}, spanEnd = SourcePos {posLine = 78, posColumn = 35}}, locValue = TokenNumber "19" False},Located {locSpan = SourceSpan {spanFilename = "<input>", spanStart = SourcePos {posLine = 78, posColumn = 35}, spanEnd = SourcePos {posLine = 78, posColumn = 36}}, locValue = TokenDelimiter DelimRightParen},Located {locSpan = SourceSpan {spanFilename = "<input>", spanStart = SourcePos {posLine = 78, posColumn = 1}, spanEnd = SourcePos {posLine = 79, posColumn = 1}}, locValue = TokenNewline},Located {locSpan = SourceSpan {spanFilename = "<input>", spanStart = SourcePos {posLine = 79, posColumn = 5}, spanEnd = SourcePos {posLine = 79, posColumn = 11}}, locValue = TokenKeyword KwReturn},Located {locSpan = SourceSpan {spanFilename = "<input>", spanStart = SourcePos {posLine = 79, posColumn = 12}, spanEnd = SourcePos {posLine = 79, posColumn = 18}}, locValue = TokenIdent "result"},Located {locSpan = SourceSpan {spanFilename = "<input>", spanStart = SourcePos {posLine = 79, posColumn = 1}, spanEnd = SourcePos {posLine = 80, posColumn = 1}}, locValue = TokenNewline},Located {locSpan = SourceSpan {spanFilename = "<input>", spanStart = SourcePos {posLine = 80, posColumn = 1}, spanEnd = SourcePos {posLine = 80, posColumn = 1}}, locValue = TokenDedent 4},Located {locSpan = SourceSpan {spanFilename = "<input>", spanStart = SourcePos {posLine = 80, posColumn = 1}, spanEnd = SourcePos {posLine = 80, posColumn = 4}}, locValue = TokenKeyword KwDef},Located {locSpan = SourceSpan {spanFilename = "<input>", spanStart = SourcePos {posLine = 80, posColumn = 5}, spanEnd = SourcePos {posLine = 80, posColumn = 16}}, locValue = TokenIdent "function_20"},Located {locSpan = SourceSpan {spanFilename = "<input>", spanStart = SourcePos {posLine = 80, posColumn = 16}, spanEnd = SourcePos {posLine = 80, posColumn = 17}}, locValue = TokenDelimiter DelimLeftParen},Located {locSpan = SourceSpan {spanFilename = "<input>", spanStart = SourcePos {posLine = 80, posColumn = 17}, spanEnd = SourcePos {posLine = 80, posColumn = 18}}, locValue = TokenIdent "x"},Located {locSpan = SourceSpan {spanFilename = "<input>", spanStart = SourcePos {posLine = 80, posColumn = 18}, spanEnd = SourcePos {posLine = 80, posColumn = 19}}, locValue = TokenDelimiter DelimRightParen},Located {locSpan = SourceSpan {spanFilename = "<input>", spanStart = SourcePos {posLine = 80, posColumn = 19}, spanEnd = SourcePos {posLine = 80, posColumn = 20}}, locValue = TokenDelimiter DelimColon},Located {locSpan = SourceSpan {spanFilename = "<input>", spanStart = SourcePos {posLine = 80, posColumn = 1}, spanEnd = SourcePos {posLine = 81, posColumn = 1}}, locValue = TokenNewline},Located {locSpan = SourceSpan {spanFilename = "<input>", spanStart = SourcePos {posLine = 81, posColumn = 1}, spanEnd = SourcePos {posLine = 81, posColumn = 5}}, locValue = TokenIndent 4},Located {locSpan = SourceSpan {spanFilename = "<input>", spanStart = SourcePos {posLine = 81, posColumn = 5}, spanEnd = SourcePos {posLine = 81, posColumn = 33}}, locValue = TokenComment "# Function 20 implementation"},Located {locSpan = SourceSpan {spanFilename = "<input>", spanStart = SourcePos {posLine = 81, posColumn = 1}, spanEnd = SourcePos {posLine = 82, posColumn = 1}}, locValue = TokenNewline},Located {locSpan = SourceSpan {spanFilename = "<input>", spanStart = SourcePos {posLine = 82, posColumn = 5}, spanEnd = SourcePos {posLine = 82, posColumn = 11}}, locValue = TokenIdent "result"},Located {locSpan = SourceSpan {spanFilename = "<input>", spanStart = SourcePos {posLine = 82, posColumn = 12}, spanEnd = SourcePos {posLine = 82, posColumn = 13}}, locValue = TokenOperator OpAssign},Located {locSpan = SourceSpan {spanFilename = "<input>", spanStart = SourcePos {posLine = 82, posColumn = 14}, spanEnd = SourcePos {posLine = 82, posColumn = 15}}, locValue = TokenIdent "x"},Located {locSpan = SourceSpan {spanFilename = "<input>", spanStart = SourcePos {posLine = 82, posColumn = 16}, spanEnd = SourcePos {posLine = 82, posColumn = 17}}, locValue = TokenOperator OpMult},Located {locSpan = SourceSpan {spanFilename = "<input>", spanStart = SourcePos {posLine = 82, posColumn = 18}, spanEnd = SourcePos {posLine = 82, posColumn = 20}}, locValue = TokenNumber "20" False},Located {locSpan = SourceSpan {spanFilename = "<input>", spanStart = SourcePos {posLine = 82, posColumn = 21}, spanEnd = SourcePos {posLine = 82, posColumn = 22}}, locValue = TokenOperator OpPlus},Located {locSpan = SourceSpan {spanFilename = "<input>", spanStart = SourcePos {posLine = 82, posColumn = 23}, spanEnd = SourcePos {posLine = 82, posColumn = 27}}, locValue = TokenIdent "math"},Located {locSpan = SourceSpan {spanFilename = "<input>", spanStart = SourcePos {posLine = 82, posColumn = 27}, spanEnd = SourcePos {posLine = 82, posColumn = 28}}, locValue = TokenDelimiter DelimDot},Located {locSpan = SourceSpan {spanFilename = "<input>", spanStart = SourcePos {posLine = 82, posColumn = 28}, spanEnd = SourcePos {posLine = 82, posColumn = 32}}, locValue = TokenIdent "sqrt"},Located {locSpan = SourceSpan {spanFilename = "<input>", spanStart = SourcePos {posLine = 82, posColumn = 32}, spanEnd = SourcePos {posLine = 82, posColumn = 33}}, locValue = TokenDelimiter DelimLeftParen},Located {locSpan = SourceSpan {spanFilename = "<input>", spanStart = SourcePos {posLine = 82, posColumn = 33}, spanEnd = SourcePos {posLine = 82, posColumn = 35}}, locValue = TokenNumber "20" False},Located {locSpan = SourceSpan {spanFilename = "<input>", spanStart = SourcePos {posLine = 82, posColumn = 35}, spanEnd = SourcePos {posLine = 82, posColumn = 36}}, locValue = TokenDelimiter DelimRightParen},Located {locSpan = SourceSpan {spanFilename = "<input>", spanStart = SourcePos {posLine = 82, posColumn = 1}, spanEnd = SourcePos {posLine = 83, posColumn = 1}}, locValue = TokenNewline},Located {locSpan = SourceSpan {spanFilename = "<input>", spanStart = SourcePos {posLine = 83, posColumn = 5}, spanEnd = SourcePos {posLine = 83, posColumn = 11}}, locValue = TokenKeyword KwReturn},Located {locSpan = SourceSpan {spanFilename = "<input>", spanStart = SourcePos {posLine = 83, posColumn = 12}, spanEnd = SourcePos {posLine = 83, posColumn = 18}}, locValue = TokenIdent "result"},Located {locSpan = SourceSpan {spanFilename = "<input>", spanStart = SourcePos {posLine = 83, posColumn = 1}, spanEnd = SourcePos {posLine = 84, posColumn = 1}}, locValue = TokenNewline},Located {locSpan = SourceSpan {spanFilename = "<input>", spanStart = SourcePos {posLine = 84, posColumn = 1}, spanEnd = SourcePos {posLine = 84, posColumn = 1}}, locValue = TokenDedent 4},Located {locSpan = SourceSpan {spanFilename = "<input>", spanStart = SourcePos {posLine = 84, posColumn = 1}, spanEnd = SourcePos {posLine = 84, posColumn = 4}}, locValue = TokenKeyword KwDef},Located {locSpan = SourceSpan {spanFilename = "<input>", spanStart = SourcePos {posLine = 84, posColumn = 5}, spanEnd = SourcePos {posLine = 84, posColumn = 16}}, locValue = TokenIdent "function_21"},Located {locSpan = SourceSpan {spanFilename = "<input>", spanStart = SourcePos {posLine = 84, posColumn = 16}, spanEnd = SourcePos {posLine = 84, posColumn = 17}}, locValue = TokenDelimiter DelimLeftParen},Located {locSpan = SourceSpan {spanFilename = "<input>", spanStart = SourcePos {posLine = 84, posColumn = 17}, spanEnd = SourcePos {posLine = 84, posColumn = 18}}, locValue = TokenIdent "x"},Located {locSpan = SourceSpan {spanFilename = "<input>", spanStart = SourcePos {posLine = 84, posColumn = 18}, spanEnd = SourcePos {posLine = 84, posColumn = 19}}, locValue = TokenDelimiter DelimRightParen},Located {locSpan = SourceSpan {spanFilename = "<input>", spanStart = SourcePos {posLine = 84, posColumn = 19}, spanEnd = SourcePos {posLine = 84, posColumn = 20}}, locValue = TokenDelimiter DelimColon},Located {locSpan = SourceSpan {spanFilename = "<input>", spanStart = SourcePos {posLine = 84, posColumn = 1}, spanEnd = SourcePos {posLine = 85, posColumn = 1}}, locValue = TokenNewline},Located {locSpan = SourceSpan {spanFilename = "<input>", spanStart = SourcePos {posLine = 85, posColumn = 1}, spanEnd = SourcePos {posLine = 85, posColumn = 5}}, locValue = TokenIndent 4},Located {locSpan = SourceSpan {spanFilename = "<input>", spanStart = SourcePos {posLine = 85, posColumn = 5}, spanEnd = SourcePos {posLine = 85, posColumn = 33}}, locValue = TokenComment "# Function 21 implementation"},Located {locSpan = SourceSpan {spanFilename = "<input>", spanStart = SourcePos {posLine = 85, posColumn = 1}, spanEnd = SourcePos {posLine = 86, posColumn = 1}}, locValue = TokenNewline},Located {locSpan = SourceSpan {spanFilename = "<input>", spanStart = SourcePos {posLine = 86, posColumn = 5}, spanEnd = SourcePos {posLine = 86, posColumn = 11}}, locValue = TokenIdent "result"},Located {locSpan = SourceSpan {spanFilename = "<input>", spanStart = SourcePos {posLine = 86, posColumn = 12}, spanEnd = SourcePos {posLine = 86, posColumn = 13}}, locValue = TokenOperator OpAssign},Located {locSpan = SourceSpan {spanFilename = "<input>", spanStart = SourcePos {posLine = 86, posColumn = 14}, spanEnd = SourcePos {posLine = 86, posColumn = 15}}, locValue = TokenIdent "x"},Located {locSpan = SourceSpan {spanFilename = "<input>", spanStart = SourcePos {posLine = 86, posColumn = 16}, spanEnd = SourcePos {posLine = 86, posColumn = 17}}, locValue = TokenOperator OpMult},Located {locSpan = SourceSpan {spanFilename = "<input>", spanStart = SourcePos {posLine = 86, posColumn = 18}, spanEnd = SourcePos {posLine = 86, posColumn = 20}}, locValue = TokenNumber "21" False},Located {locSpan = SourceSpan {spanFilename = "<input>", spanStart = SourcePos {posLine = 86, posColumn = 21}, spanEnd = SourcePos {posLine = 86, posColumn = 22}}, locValue = TokenOperator OpPlus},Located {locSpan = SourceSpan {spanFilename = "<input>", spanStart = SourcePos {posLine = 86, posColumn = 23}, spanEnd = SourcePos {posLine = 86, posColumn = 27}}, locValue = TokenIdent "math"},Located {locSpan = SourceSpan {spanFilename = "<input>", spanStart = SourcePos {posLine = 86, posColumn = 27}, spanEnd = SourcePos {posLine = 86, posColumn = 28}}, locValue = TokenDelimiter DelimDot},Located {locSpan = SourceSpan {spanFilename = "<input>", spanStart = SourcePos {posLine = 86, posColumn = 28}, spanEnd = SourcePos {posLine = 86, posColumn = 32}}, locValue = TokenIdent "sqrt"},Located {locSpan = SourceSpan {spanFilename = "<input>", spanStart = SourcePos {posLine = 86, posColumn = 32}, spanEnd = SourcePos {posLine = 86, posColumn = 33}}, locValue = TokenDelimiter DelimLeftParen},Located {locSpan = SourceSpan {spanFilename = "<input>", spanStart = SourcePos {posLine = 86, posColumn = 33}, spanEnd = SourcePos {posLine = 86, posColumn = 35}}, locValue = TokenNumber "21" False},Located {locSpan = SourceSpan {spanFilename = "<input>", spanStart = SourcePos {posLine = 86, posColumn = 35}, spanEnd = SourcePos {posLine = 86, posColumn = 36}}, locValue = TokenDelimiter DelimRightParen},Located {locSpan = SourceSpan {spanFilename = "<input>", spanStart = SourcePos {posLine = 86, posColumn = 1}, spanEnd = SourcePos {posLine = 87, posColumn = 1}}, locValue = TokenNewline},Located {locSpan = SourceSpan {spanFilename = "<input>", spanStart = SourcePos {posLine = 87, posColumn = 5}, spanEnd = SourcePos {posLine = 87, posColumn = 11}}, locValue = TokenKeyword KwReturn},Located {locSpan = SourceSpan {spanFilename = "<input>", spanStart = SourcePos {posLine = 87, posColumn = 12}, spanEnd = SourcePos {posLine = 87, posColumn = 18}}, locValue = TokenIdent "result"},Located {locSpan = SourceSpan {spanFilename = "<input>", spanStart = SourcePos {posLine = 87, posColumn = 1}, spanEnd = SourcePos {posLine = 88, posColumn = 1}}, locValue = TokenNewline},Located {locSpan = SourceSpan {spanFilename = "<input>", spanStart = SourcePos {posLine = 88, posColumn = 1}, spanEnd = SourcePos {posLine = 88, posColumn = 1}}, locValue = TokenDedent 4},Located {locSpan = SourceSpan {spanFilename = "<input>", spanStart = SourcePos {posLine = 88, posColumn = 1}, spanEnd = SourcePos {posLine = 88, posColumn = 4}}, locValue = TokenKeyword KwDef},Located {locSpan = SourceSpan {spanFilename = "<input>", spanStart = SourcePos {posLine = 88, posColumn = 5}, spanEnd = SourcePos {posLine = 88, posColumn = 16}}, locValue = TokenIdent "function_22"},Located {locSpan = SourceSpan {spanFilename = "<input>", spanStart = SourcePos {posLine = 88, posColumn = 16}, spanEnd = SourcePos {posLine = 88, posColumn = 17}}, locValue = TokenDelimiter DelimLeftParen},Located {locSpan = SourceSpan {spanFilename = "<input>", spanStart = SourcePos {posLine = 88, posColumn = 17}, spanEnd = SourcePos {posLine = 88, posColumn = 18}}, locValue = TokenIdent "x"},Located {locSpan = SourceSpan {spanFilename = "<input>", spanStart = SourcePos {posLine = 88, posColumn = 18}, spanEnd = SourcePos {posLine = 88, posColumn = 19}}, locValue = TokenDelimiter DelimRightParen},Located {locSpan = SourceSpan {spanFilename = "<input>", spanStart = SourcePos {posLine = 88, posColumn = 19}, spanEnd = SourcePos {posLine = 88, posColumn = 20}}, locValue = TokenDelimiter DelimColon},Located {locSpan = SourceSpan {spanFilename = "<input>", spanStart = SourcePos {posLine = 88, posColumn = 1}, spanEnd = SourcePos {posLine = 89, posColumn = 1}}, locValue = TokenNewline},Located {locSpan = SourceSpan {spanFilename = "<input>", spanStart = SourcePos {posLine = 89, posColumn = 1}, spanEnd = SourcePos {posLine = 89, posColumn = 5}}, locValue = TokenIndent 4},Located {locSpan = SourceSpan {spanFilename = "<input>", spanStart = SourcePos {posLine = 89, posColumn = 5}, spanEnd = SourcePos {posLine = 89, posColumn = 33}}, locValue = TokenComment "# Function 22 implementation"},Located {locSpan = SourceSpan {spanFilename = "<input>", spanStart = SourcePos {posLine = 89, posColumn = 1}, spanEnd = SourcePos {posLine = 90, posColumn = 1}}, locValue = TokenNewline},Located {locSpan = SourceSpan {spanFilename = "<input>", spanStart = SourcePos {posLine = 90, posColumn = 5}, spanEnd = SourcePos {posLine = 90, posColumn = 11}}, locValue = TokenIdent "result"},Located {locSpan = SourceSpan {spanFilename = "<input>", spanStart = SourcePos {posLine = 90, posColumn = 12}, spanEnd = SourcePos {posLine = 90, posColumn = 13}}, locValue = TokenOperator OpAssign},Located {locSpan = SourceSpan {spanFilename = "<input>", spanStart = SourcePos {posLine = 90, posColumn = 14}, spanEnd = SourcePos {posLine = 90, posColumn = 15}}, locValue = TokenIdent "x"},Located {locSpan = SourceSpan {spanFilename = "<input>", spanStart = SourcePos {posLine = 90, posColumn = 16}, spanEnd = SourcePos {posLine = 90, posColumn = 17}}, locValue = TokenOperator OpMult},Located {locSpan = SourceSpan {spanFilename = "<input>", spanStart = SourcePos {posLine = 90, posColumn = 18}, spanEnd = SourcePos {posLine = 90, posColumn = 20}}, locValue = TokenNumber "22" False},Located {locSpan = SourceSpan {spanFilename = "<input>", spanStart = SourcePos {posLine = 90, posColumn = 21}, spanEnd = SourcePos {posLine = 90, posColumn = 22}}, locValue = TokenOperator OpPlus},Located {locSpan = SourceSpan {spanFilename = "<input>", spanStart = SourcePos {posLine = 90, posColumn = 23}, spanEnd = SourcePos {posLine = 90, posColumn = 27}}, locValue = TokenIdent "math"},Located {locSpan = SourceSpan {spanFilename = "<input>", spanStart = SourcePos {posLine = 90, posColumn = 27}, spanEnd = SourcePos {posLine = 90, posColumn = 28}}, locValue = TokenDelimiter DelimDot},Located {locSpan = SourceSpan {spanFilename = "<input>", spanStart = SourcePos {posLine = 90, posColumn = 28}, spanEnd = SourcePos {posLine = 90, posColumn = 32}}, locValue = TokenIdent "sqrt"},Located {locSpan = SourceSpan {spanFilename = "<input>", spanStart = SourcePos {posLine = 90, posColumn = 32}, spanEnd = SourcePos {posLine = 90, posColumn = 33}}, locValue = TokenDelimiter DelimLeftParen},Located {locSpan = SourceSpan {spanFilename = "<input>", spanStart = SourcePos {posLine = 90, posColumn = 33}, spanEnd = SourcePos {posLine = 90, posColumn = 35}}, locValue = TokenNumber "22" False},Located {locSpan = SourceSpan {spanFilename = "<input>", spanStart = SourcePos {posLine = 90, posColumn = 35}, spanEnd = SourcePos {posLine = 90, posColumn = 36}}, locValue = TokenDelimiter DelimRightParen},Located {locSpan = SourceSpan {spanFilename = "<input>", spanStart = SourcePos {posLine = 90, posColumn = 1}, spanEnd = SourcePos {posLine = 91, posColumn = 1}}, locValue = TokenNewline},Located {locSpan = SourceSpan {spanFilename = "<input>", spanStart = SourcePos {posLine = 91, posColumn = 5}, spanEnd = SourcePos {posLine = 91, posColumn = 11}}, locValue = TokenKeyword KwReturn},Located {locSpan = SourceSpan {spanFilename = "<input>", spanStart = SourcePos {posLine = 91, posColumn = 12}, spanEnd = SourcePos {posLine = 91, posColumn = 18}}, locValue = TokenIdent "result"},Located {locSpan = SourceSpan {spanFilename = "<input>", spanStart = SourcePos {posLine = 91, posColumn = 1}, spanEnd = SourcePos {posLine = 92, posColumn = 1}}, locValue = TokenNewline},Located {locSpan = SourceSpan {spanFilename = "<input>", spanStart = SourcePos {posLine = 92, posColumn = 1}, spanEnd = SourcePos {posLine = 92, posColumn = 1}}, locValue = TokenDedent 4},Located {locSpan = SourceSpan {spanFilename = "<input>", spanStart = SourcePos {posLine = 92, posColumn = 1}, spanEnd = SourcePos {posLine = 92, posColumn = 4}}, locValue = TokenKeyword KwDef},Located {locSpan = SourceSpan {spanFilename = "<input>", spanStart = SourcePos {posLine = 92, posColumn = 5}, spanEnd = SourcePos {posLine = 92, posColumn = 16}}, locValue = TokenIdent "function_23"},Located {locSpan = SourceSpan {spanFilename = "<input>", spanStart = SourcePos {posLine = 92, posColumn = 16}, spanEnd = SourcePos {posLine = 92, posColumn = 17}}, locValue = TokenDelimiter DelimLeftParen},Located {locSpan = SourceSpan {spanFilename = "<input>", spanStart = SourcePos {posLine = 92, posColumn = 17}, spanEnd = SourcePos {posLine = 92, posColumn = 18}}, locValue = TokenIdent "x"},Located {locSpan = SourceSpan {spanFilename = "<input>", spanStart = SourcePos {posLine = 92, posColumn = 18}, spanEnd = SourcePos {posLine = 92, posColumn = 19}}, locValue = TokenDelimiter DelimRightParen},Located {locSpan = SourceSpan {spanFilename = "<input>", spanStart = SourcePos {posLine = 92, posColumn = 19}, spanEnd = SourcePos {posLine = 92, posColumn = 20}}, locValue = TokenDelimiter DelimColon},Located {locSpan = SourceSpan {spanFilename = "<input>", spanStart = SourcePos {posLine = 92, posColumn = 1}, spanEnd = SourcePos {posLine = 93, posColumn = 1}}, locValue = TokenNewline},Located {locSpan = SourceSpan {spanFilename = "<input>", spanStart = SourcePos {posLine = 93, posColumn = 1}, spanEnd = SourcePos {posLine = 93, posColumn = 5}}, locValue = TokenIndent 4},Located {locSpan = SourceSpan {spanFilename = "<input>", spanStart = SourcePos {posLine = 93, posColumn = 5}, spanEnd = SourcePos {posLine = 93, posColumn = 33}}, locValue = TokenComment "# Function 23 implementation"},Located {locSpan = SourceSpan {spanFilename = "<input>", spanStart = SourcePos {posLine = 93, posColumn = 1}, spanEnd = SourcePos {posLine = 94, posColumn = 1}}, locValue = TokenNewline},Located {locSpan = SourceSpan {spanFilename = "<input>", spanStart = SourcePos {posLine = 94, posColumn = 5}, spanEnd = SourcePos {posLine = 94, posColumn = 11}}, locValue = TokenIdent "result"},Located {locSpan = SourceSpan {spanFilename = "<input>", spanStart = SourcePos {posLine = 94, posColumn = 12}, spanEnd = SourcePos {posLine = 94, posColumn = 13}}, locValue = TokenOperator OpAssign},Located {locSpan = SourceSpan {spanFilename = "<input>", spanStart = SourcePos {posLine = 94, posColumn = 14}, spanEnd = SourcePos {posLine = 94, posColumn = 15}}, locValue = TokenIdent "x"},Located {locSpan = SourceSpan {spanFilename = "<input>", spanStart = SourcePos {posLine = 94, posColumn = 16}, spanEnd = SourcePos {posLine = 94, posColumn = 17}}, locValue = TokenOperator OpMult},Located {locSpan = SourceSpan {spanFilename = "<input>", spanStart = SourcePos {posLine = 94, posColumn = 18}, spanEnd = SourcePos {posLine = 94, posColumn = 20}}, locValue = TokenNumber "23" False},Located {locSpan = SourceSpan {spanFilename = "<input>", spanStart = SourcePos {posLine = 94, posColumn = 21}, spanEnd = SourcePos {posLine = 94, posColumn = 22}}, locValue = TokenOperator OpPlus},Located {locSpan = SourceSpan {spanFilename = "<input>", spanStart = SourcePos {posLine = 94, posColumn = 23}, spanEnd = SourcePos {posLine = 94, posColumn = 27}}, locValue = TokenIdent "math"},Located {locSpan = SourceSpan {spanFilename = "<input>", spanStart = SourcePos {posLine = 94, posColumn = 27}, spanEnd = SourcePos {posLine = 94, posColumn = 28}}, locValue = TokenDelimiter DelimDot},Located {locSpan = SourceSpan {spanFilename = "<input>", spanStart = SourcePos {posLine = 94, posColumn = 28}, spanEnd = SourcePos {posLine = 94, posColumn = 32}}, locValue = TokenIdent "sqrt"},Located {locSpan = SourceSpan {spanFilename = "<input>", spanStart = SourcePos {posLine = 94, posColumn = 32}, spanEnd = SourcePos {posLine = 94, posColumn = 33}}, locValue = TokenDelimiter DelimLeftParen},Located {locSpan = SourceSpan {spanFilename = "<input>", spanStart = SourcePos {posLine = 94, posColumn = 33}, spanEnd = SourcePos {posLine = 94, posColumn = 35}}, locValue = TokenNumber "23" False},Located {locSpan = SourceSpan {spanFilename = "<input>", spanStart = SourcePos {posLine = 94, posColumn = 35}, spanEnd = SourcePos {posLine = 94, posColumn = 36}}, locValue = TokenDelimiter DelimRightParen},Located {locSpan = SourceSpan {spanFilename = "<input>", spanStart = SourcePos {posLine = 94, posColumn = 1}, spanEnd = SourcePos {posLine = 95, posColumn = 1}}, locValue = TokenNewline},Located {locSpan = SourceSpan {spanFilename = "<input>", spanStart = SourcePos {posLine = 95, posColumn = 5}, spanEnd = SourcePos {posLine = 95, posColumn = 11}}, locValue = TokenKeyword KwReturn},Located {locSpan = SourceSpan {spanFilename = "<input>", spanStart = SourcePos {posLine = 95, posColumn = 12}, spanEnd = SourcePos {posLine = 95, posColumn = 18}}, locValue = TokenIdent "result"},Located {locSpan = SourceSpan {spanFilename = "<input>", spanStart = SourcePos {posLine = 95, posColumn = 1}, spanEnd = SourcePos {posLine = 96, posColumn = 1}}, locValue = TokenNewline},Located {locSpan = SourceSpan {spanFilename = "<input>", spanStart = SourcePos {posLine = 96, posColumn = 1}, spanEnd = SourcePos {posLine = 96, posColumn = 1}}, locValue = TokenDedent 4},Located {locSpan = SourceSpan {spanFilename = "<input>", spanStart = SourcePos {posLine = 96, posColumn = 1}, spanEnd = SourcePos {posLine = 96, posColumn = 4}}, locValue = TokenKeyword KwDef},Located {locSpan = SourceSpan {spanFilename = "<input>", spanStart = SourcePos {posLine = 96, posColumn = 5}, spanEnd = SourcePos {posLine = 96, posColumn = 16}}, locValue = TokenIdent "function_24"},Located {locSpan = SourceSpan {spanFilename = "<input>", spanStart = SourcePos {posLine = 96, posColumn = 16}, spanEnd = SourcePos {posLine = 96, posColumn = 17}}, locValue = TokenDelimiter DelimLeftParen},Located {locSpan = SourceSpan {spanFilename = "<input>", spanStart = SourcePos {posLine = 96, posColumn = 17}, spanEnd = SourcePos {posLine = 96, posColumn = 18}}, locValue = TokenIdent "x"},Located {locSpan = SourceSpan {spanFilename = "<input>", spanStart = SourcePos {posLine = 96, posColumn = 18}, spanEnd = SourcePos {posLine = 96, posColumn = 19}}, locValue = TokenDelimiter DelimRightParen},Located {locSpan = SourceSpan {spanFilename = "<input>", spanStart = SourcePos {posLine = 96, posColumn = 19}, spanEnd = SourcePos {posLine = 96, posColumn = 20}}, locValue = TokenDelimiter DelimColon},Located {locSpan = SourceSpan {spanFilename = "<input>", spanStart = SourcePos {posLine = 96, posColumn = 1}, spanEnd = SourcePos {posLine = 97, posColumn = 1}}, locValue = TokenNewline},Located {locSpan = SourceSpan {spanFilename = "<input>", spanStart = SourcePos {posLine = 97, posColumn = 1}, spanEnd = SourcePos {posLine = 97, posColumn = 5}}, locValue = TokenIndent 4},Located {locSpan = SourceSpan {spanFilename = "<input>", spanStart = SourcePos {posLine = 97, posColumn = 5}, spanEnd = SourcePos {posLine = 97, posColumn = 33}}, locValue = TokenComment "# Function 24 implementation"},Located {locSpan = SourceSpan {spanFilename = "<input>", spanStart = SourcePos {posLine = 97, posColumn = 1}, spanEnd = SourcePos {posLine = 98, posColumn = 1}}, locValue = TokenNewline},Located {locSpan = SourceSpan {spanFilename = "<input>", spanStart = SourcePos {posLine = 98, posColumn = 5}, spanEnd = SourcePos {posLine = 98, posColumn = 11}}, locValue = TokenIdent "result"},Located {locSpan = SourceSpan {spanFilename = "<input>", spanStart = SourcePos {posLine = 98, posColumn = 12}, spanEnd = SourcePos {posLine = 98, posColumn = 13}}, locValue = TokenOperator OpAssign},Located {locSpan = SourceSpan {spanFilename = "<input>", spanStart = SourcePos {posLine = 98, posColumn = 14}, spanEnd = SourcePos {posLine = 98, posColumn = 15}}, locValue = TokenIdent "x"},Located {locSpan = SourceSpan {spanFilename = "<input>", spanStart = SourcePos {posLine = 98, posColumn = 16}, spanEnd = SourcePos {posLine = 98, posColumn = 17}}, locValue = TokenOperator OpMult},Located {locSpan = SourceSpan {spanFilename = "<input>", spanStart = SourcePos {posLine = 98, posColumn = 18}, spanEnd = SourcePos {posLine = 98, posColumn = 20}}, locValue = TokenNumber "24" False},Located {locSpan = SourceSpan {spanFilename = "<input>", spanStart = SourcePos {posLine = 98, posColumn = 21}, spanEnd = SourcePos {posLine = 98, posColumn = 22}}, locValue = TokenOperator OpPlus},Located {locSpan = SourceSpan {spanFilename = "<input>", spanStart = SourcePos {posLine = 98, posColumn = 23}, spanEnd = SourcePos {posLine = 98, posColumn = 27}}, locValue = TokenIdent "math"},Located {locSpan = SourceSpan {spanFilename = "<input>", spanStart = SourcePos {posLine = 98, posColumn = 27}, spanEnd = SourcePos {posLine = 98, posColumn = 28}}, locValue = TokenDelimiter DelimDot},Located {locSpan = SourceSpan {spanFilename = "<input>", spanStart = SourcePos {posLine = 98, posColumn = 28}, spanEnd = SourcePos {posLine = 98, posColumn = 32}}, locValue = TokenIdent "sqrt"},Located {locSpan = SourceSpan {spanFilename = "<input>", spanStart = SourcePos {posLine = 98, posColumn = 32}, spanEnd = SourcePos {posLine = 98, posColumn = 33}}, locValue = TokenDelimiter DelimLeftParen},Located {locSpan = SourceSpan {spanFilename = "<input>", spanStart = SourcePos {posLine = 98, posColumn = 33}, spanEnd = SourcePos {posLine = 98, posColumn = 35}}, locValue = TokenNumber "24" False},Located {locSpan = SourceSpan {spanFilename = "<input>", spanStart = SourcePos {posLine = 98, posColumn = 35}, spanEnd = SourcePos {posLine = 98, posColumn = 36}}, locValue = TokenDelimiter DelimRightParen},Located {locSpan = SourceSpan {spanFilename = "<input>", spanStart = SourcePos {posLine = 98, posColumn = 1}, spanEnd = SourcePos {posLine = 99, posColumn = 1}}, locValue = TokenNewline},Located {locSpan = SourceSpan {spanFilename = "<input>", spanStart = SourcePos {posLine = 99, posColumn = 5}, spanEnd = SourcePos {posLine = 99, posColumn = 11}}, locValue = TokenKeyword KwReturn},Located {locSpan = SourceSpan {spanFilename = "<input>", spanStart = SourcePos {posLine = 99, posColumn = 12}, spanEnd = SourcePos {posLine = 99, posColumn = 18}}, locValue = TokenIdent "result"},Located {locSpan = SourceSpan {spanFilename = "<input>", spanStart = SourcePos {posLine = 99, posColumn = 1}, spanEnd = SourcePos {posLine = 100, posColumn = 1}}, locValue = TokenNewline},Located {locSpan = SourceSpan {spanFilename = "<input>", spanStart = SourcePos {posLine = 100, posColumn = 1}, spanEnd = SourcePos {posLine = 100, posColumn = 1}}, locValue = TokenDedent 4},Located {locSpan = SourceSpan {spanFilename = "<input>", spanStart = SourcePos {posLine = 100, posColumn = 1}, spanEnd = SourcePos {posLine = 100, posColumn = 4}}, locValue = TokenKeyword KwDef},Located {locSpan = SourceSpan {spanFilename = "<input>", spanStart = SourcePos {posLine = 100, posColumn = 5}, spanEnd = SourcePos {posLine = 100, posColumn = 16}}, locValue = TokenIdent "function_25"},Located {locSpan = SourceSpan {spanFilename = "<input>", spanStart = SourcePos {posLine = 100, posColumn = 16}, spanEnd = SourcePos {posLine = 100, posColumn = 17}}, locValue = TokenDelimiter DelimLeftParen},Located {locSpan = SourceSpan {spanFilename = "<input>", spanStart = SourcePos {posLine = 100, posColumn = 17}, spanEnd = SourcePos {posLine = 100, posColumn = 18}}, locValue = TokenIdent "x"},Located {locSpan = SourceSpan {spanFilename = "<input>", spanStart = SourcePos {posLine = 100, posColumn = 18}, spanEnd = SourcePos {posLine = 100, posColumn = 19}}, locValue = TokenDelimiter DelimRightParen},Located {locSpan = SourceSpan {spanFilename = "<input>", spanStart = SourcePos {posLine = 100, posColumn = 19}, spanEnd = SourcePos {posLine = 100, posColumn = 20}}, locValue = TokenDelimiter DelimColon},Located {locSpan = SourceSpan {spanFilename = "<input>", spanStart = SourcePos {posLine = 100, posColumn = 1}, spanEnd = SourcePos {posLine = 101, posColumn = 1}}, locValue = TokenNewline},Located {locSpan = SourceSpan {spanFilename = "<input>", spanStart = SourcePos {posLine = 101, posColumn = 1}, spanEnd = SourcePos {posLine = 101, posColumn = 5}}, locValue = TokenIndent 4},Located {locSpan = SourceSpan {spanFilename = "<input>", spanStart = SourcePos {posLine = 101, posColumn = 5}, spanEnd = SourcePos {posLine = 101, posColumn = 33}}, locValue = TokenComment "# Function 25 implementation"},Located {locSpan = SourceSpan {spanFilename = "<input>", spanStart = SourcePos {posLine = 101, posColumn = 1}, spanEnd = SourcePos {posLine = 102, posColumn = 1}}, locValue = TokenNewline},Located {locSpan = SourceSpan {spanFilename = "<input>", spanStart = SourcePos {posLine = 102, posColumn = 5}, spanEnd = SourcePos {posLine = 102, posColumn = 11}}, locValue = TokenIdent "result"},Located {locSpan = SourceSpan {spanFilename = "<input>", spanStart = SourcePos {posLine = 102, posColumn = 12}, spanEnd = SourcePos {posLine = 102, posColumn = 13}}, locValue = TokenOperator OpAssign},Located {locSpan = SourceSpan {spanFilename = "<input>", spanStart = SourcePos {posLine = 102, posColumn = 14}, spanEnd = SourcePos {posLine = 102, posColumn = 15}}, locValue = TokenIdent "x"},Located {locSpan = SourceSpan {spanFilename = "<input>", spanStart = SourcePos {posLine = 102, posColumn = 16}, spanEnd = SourcePos {posLine = 102, posColumn = 17}}, locValue = TokenOperator OpMult},Located {locSpan = SourceSpan {spanFilename = "<input>", spanStart = SourcePos {posLine = 102, posColumn = 18}, spanEnd = SourcePos {posLine = 102, posColumn = 20}}, locValue = TokenNumber "25" False},Located {locSpan = SourceSpan {spanFilename = "<input>", spanStart = SourcePos {posLine = 102, posColumn = 21}, spanEnd = SourcePos {posLine = 102, posColumn = 22}}, locValue = TokenOperator OpPlus},Located {locSpan = SourceSpan {spanFilename = "<input>", spanStart = SourcePos {posLine = 102, posColumn = 23}, spanEnd = SourcePos {posLine = 102, posColumn = 27}}, locValue = TokenIdent "math"},Located {locSpan = SourceSpan {spanFilename = "<input>", spanStart = SourcePos {posLine = 102, posColumn = 27}, spanEnd = SourcePos {posLine = 102, posColumn = 28}}, locValue = TokenDelimiter DelimDot},Located {locSpan = SourceSpan {spanFilename = "<input>", spanStart = SourcePos {posLine = 102, posColumn = 28}, spanEnd = SourcePos {posLine = 102, posColumn = 32}}, locValue = TokenIdent "sqrt"},Located {locSpan = SourceSpan {spanFilename = "<input>", spanStart = SourcePos {posLine = 102, posColumn = 32}, spanEnd = SourcePos {posLine = 102, posColumn = 33}}, locValue = TokenDelimiter DelimLeftParen},Located {locSpan = SourceSpan {spanFilename = "<input>", spanStart = SourcePos {posLine = 102, posColumn = 33}, spanEnd = SourcePos {posLine = 102, posColumn = 35}}, locValue = TokenNumber "25" False},Located {locSpan = SourceSpan {spanFilename = "<input>", spanStart = SourcePos {posLine = 102, posColumn = 35}, spanEnd = SourcePos {posLine = 102, posColumn = 36}}, locValue = TokenDelimiter DelimRightParen},Located {locSpan = SourceSpan {spanFilename = "<input>", spanStart = SourcePos {posLine = 102, posColumn = 1}, spanEnd = SourcePos {posLine = 103, posColumn = 1}}, locValue = TokenNewline},Located {locSpan = SourceSpan {spanFilename = "<input>", spanStart = SourcePos {posLine = 103, posColumn = 5}, spanEnd = SourcePos {posLine = 103, posColumn = 11}}, locValue = TokenKeyword KwReturn},Located {locSpan = SourceSpan {spanFilename = "<input>", spanStart = SourcePos {posLine = 103, posColumn = 12}, spanEnd = SourcePos {posLine = 103, posColumn = 18}}, locValue = TokenIdent "result"},Located {locSpan = SourceSpan {spanFilename = "<input>", spanStart = SourcePos {posLine = 103, posColumn = 1}, spanEnd = SourcePos {posLine = 104, posColumn = 1}}, locValue = TokenNewline},Located {locSpan = SourceSpan {spanFilename = "<input>", spanStart = SourcePos {posLine = 104, posColumn = 1}, spanEnd = SourcePos {posLine = 104, posColumn = 1}}, locValue = TokenDedent 4},Located {locSpan = SourceSpan {spanFilename = "<input>", spanStart = SourcePos {posLine = 104, posColumn = 1}, spanEnd = SourcePos {posLine = 104, posColumn = 4}}, locValue = TokenKeyword KwDef},Located {locSpan = SourceSpan {spanFilename = "<input>", spanStart = SourcePos {posLine = 104, posColumn = 5}, spanEnd = SourcePos {posLine = 104, posColumn = 16}}, locValue = TokenIdent "function_26"},Located {locSpan = SourceSpan {spanFilename = "<input>", spanStart = SourcePos {posLine = 104, posColumn = 16}, spanEnd = SourcePos {posLine = 104, posColumn = 17}}, locValue = TokenDelimiter DelimLeftParen},Located {locSpan = SourceSpan {spanFilename = "<input>", spanStart = SourcePos {posLine = 104, posColumn = 17}, spanEnd = SourcePos {posLine = 104, posColumn = 18}}, locValue = TokenIdent "x"},Located {locSpan = SourceSpan {spanFilename = "<input>", spanStart = SourcePos {posLine = 104, posColumn = 18}, spanEnd = SourcePos {posLine = 104, posColumn = 19}}, locValue = TokenDelimiter DelimRightParen},Located {locSpan = SourceSpan {spanFilename = "<input>", spanStart = SourcePos {posLine = 104, posColumn = 19}, spanEnd = SourcePos {posLine = 104, posColumn = 20}}, locValue = TokenDelimiter DelimColon},Located {locSpan = SourceSpan {spanFilename = "<input>", spanStart = SourcePos {posLine = 104, posColumn = 1}, spanEnd = SourcePos {posLine = 105, posColumn = 1}}, locValue = TokenNewline},Located {locSpan = SourceSpan {spanFilename = "<input>", spanStart = SourcePos {posLine = 105, posColumn = 1}, spanEnd = SourcePos {posLine = 105, posColumn = 5}}, locValue = TokenIndent 4},Located {locSpan = SourceSpan {spanFilename = "<input>", spanStart = SourcePos {posLine = 105, posColumn = 5}, spanEnd = SourcePos {posLine = 105, posColumn = 33}}, locValue = TokenComment "# Function 26 implementation"},Located {locSpan = SourceSpan {spanFilename = "<input>", spanStart = SourcePos {posLine = 105, posColumn = 1}, spanEnd = SourcePos {posLine = 106, posColumn = 1}}, locValue = TokenNewline},Located {locSpan = SourceSpan {spanFilename = "<input>", spanStart = SourcePos {posLine = 106, posColumn = 5}, spanEnd = SourcePos {posLine = 106, posColumn = 11}}, locValue = TokenIdent "result"},Located {locSpan = SourceSpan {spanFilename = "<input>", spanStart = SourcePos {posLine = 106, posColumn = 12}, spanEnd = SourcePos {posLine = 106, posColumn = 13}}, locValue = TokenOperator OpAssign},Located {locSpan = SourceSpan {spanFilename = "<input>", spanStart = SourcePos {posLine = 106, posColumn = 14}, spanEnd = SourcePos {posLine = 106, posColumn = 15}}, locValue = TokenIdent "x"},Located {locSpan = SourceSpan {spanFilename = "<input>", spanStart = SourcePos {posLine = 106, posColumn = 16}, spanEnd = SourcePos {posLine = 106, posColumn = 17}}, locValue = TokenOperator OpMult},Located {locSpan = SourceSpan {spanFilename = "<input>", spanStart = SourcePos {posLine = 106, posColumn = 18}, spanEnd = SourcePos {posLine = 106, posColumn = 20}}, locValue = TokenNumber "26" False},Located {locSpan = SourceSpan {spanFilename = "<input>", spanStart = SourcePos {posLine = 106, posColumn = 21}, spanEnd = SourcePos {posLine = 106, posColumn = 22}}, locValue = TokenOperator OpPlus},Located {locSpan = SourceSpan {spanFilename = "<input>", spanStart = SourcePos {posLine = 106, posColumn = 23}, spanEnd = SourcePos {posLine = 106, posColumn = 27}}, locValue = TokenIdent "math"},Located {locSpan = SourceSpan {spanFilename = "<input>", spanStart = SourcePos {posLine = 106, posColumn = 27}, spanEnd = SourcePos {posLine = 106, posColumn = 28}}, locValue = TokenDelimiter DelimDot},Located {locSpan = SourceSpan {spanFilename = "<input>", spanStart = SourcePos {posLine = 106, posColumn = 28}, spanEnd = SourcePos {posLine = 106, posColumn = 32}}, locValue = TokenIdent "sqrt"},Located {locSpan = SourceSpan {spanFilename = "<input>", spanStart = SourcePos {posLine = 106, posColumn = 32}, spanEnd = SourcePos {posLine = 106, posColumn = 33}}, locValue = TokenDelimiter DelimLeftParen},Located {locSpan = SourceSpan {spanFilename = "<input>", spanStart = SourcePos {posLine = 106, posColumn = 33}, spanEnd = SourcePos {posLine = 106, posColumn = 35}}, locValue = TokenNumber "26" False},Located {locSpan = SourceSpan {spanFilename = "<input>", spanStart = SourcePos {posLine = 106, posColumn = 35}, spanEnd = SourcePos {posLine = 106, posColumn = 36}}, locValue = TokenDelimiter DelimRightParen},Located {locSpan = SourceSpan {spanFilename = "<input>", spanStart = SourcePos {posLine = 106, posColumn = 1}, spanEnd = SourcePos {posLine = 107, posColumn = 1}}, locValue = TokenNewline},Located {locSpan = SourceSpan {spanFilename = "<input>", spanStart = SourcePos {posLine = 107, posColumn = 5}, spanEnd = SourcePos {posLine = 107, posColumn = 11}}, locValue = TokenKeyword KwReturn},Located {locSpan = SourceSpan {spanFilename = "<input>", spanStart = SourcePos {posLine = 107, posColumn = 12}, spanEnd = SourcePos {posLine = 107, posColumn = 18}}, locValue = TokenIdent "result"},Located {locSpan = SourceSpan {spanFilename = "<input>", spanStart = SourcePos {posLine = 107, posColumn = 1}, spanEnd = SourcePos {posLine = 108, posColumn = 1}}, locValue = TokenNewline},Located {locSpan = SourceSpan {spanFilename = "<input>", spanStart = SourcePos {posLine = 108, posColumn = 1}, spanEnd = SourcePos {posLine = 108, posColumn = 1}}, locValue = TokenDedent 4},Located {locSpan = SourceSpan {spanFilename = "<input>", spanStart = SourcePos {posLine = 108, posColumn = 1}, spanEnd = SourcePos {posLine = 108, posColumn = 4}}, locValue = TokenKeyword KwDef},Located {locSpan = SourceSpan {spanFilename = "<input>", spanStart = SourcePos {posLine = 108, posColumn = 5}, spanEnd = SourcePos {posLine = 108, posColumn = 16}}, locValue = TokenIdent "function_27"},Located {locSpan = SourceSpan {spanFilename = "<input>", spanStart = SourcePos {posLine = 108, posColumn = 16}, spanEnd = SourcePos {posLine = 108, posColumn = 17}}, locValue = TokenDelimiter DelimLeftParen},Located {locSpan = SourceSpan {spanFilename = "<input>", spanStart = SourcePos {posLine = 108, posColumn = 17}, spanEnd = SourcePos {posLine = 108, posColumn = 18}}, locValue = TokenIdent "x"},Located {locSpan = SourceSpan {spanFilename = "<input>", spanStart = SourcePos {posLine = 108, posColumn = 18}, spanEnd = SourcePos {posLine = 108, posColumn = 19}}, locValue = TokenDelimiter DelimRightParen},Located {locSpan = SourceSpan {spanFilename = "<input>", spanStart = SourcePos {posLine = 108, posColumn = 19}, spanEnd = SourcePos {posLine = 108, posColumn = 20}}, locValue = TokenDelimiter DelimColon},Located {locSpan = SourceSpan {spanFilename = "<input>", spanStart = SourcePos {posLine = 108, posColumn = 1}, spanEnd = SourcePos {posLine = 109, posColumn = 1}}, locValue = TokenNewline},Located {locSpan = SourceSpan {spanFilename = "<input>", spanStart = SourcePos {posLine = 109, posColumn = 1}, spanEnd = SourcePos {posLine = 109, posColumn = 5}}, locValue = TokenIndent 4},Located {locSpan = SourceSpan {spanFilename = "<input>", spanStart = SourcePos {posLine = 109, posColumn = 5}, spanEnd = SourcePos {posLine = 109, posColumn = 33}}, locValue = TokenComment "# Function 27 implementation"},Located {locSpan = SourceSpan {spanFilename = "<input>", spanStart = SourcePos {posLine = 109, posColumn = 1}, spanEnd = SourcePos {posLine = 110, posColumn = 1}}, locValue = TokenNewline},Located {locSpan = SourceSpan {spanFilename = "<input>", spanStart = SourcePos {posLine = 110, posColumn = 5}, spanEnd = SourcePos {posLine = 110, posColumn = 11}}, locValue = TokenIdent "result"},Located {locSpan = SourceSpan {spanFilename = "<input>", spanStart = SourcePos {posLine = 110, posColumn = 12}, spanEnd = SourcePos {posLine = 110, posColumn = 13}}, locValue = TokenOperator OpAssign},Located {locSpan = SourceSpan {spanFilename = "<input>", spanStart = SourcePos {posLine = 110, posColumn = 14}, spanEnd = SourcePos {posLine = 110, posColumn = 15}}, locValue = TokenIdent "x"},Located {locSpan = SourceSpan {spanFilename = "<input>", spanStart = SourcePos {posLine = 110, posColumn = 16}, spanEnd = SourcePos {posLine = 110, posColumn = 17}}, locValue = TokenOperator OpMult},Located {locSpan = SourceSpan {spanFilename = "<input>", spanStart = SourcePos {posLine = 110, posColumn = 18}, spanEnd = SourcePos {posLine = 110, posColumn = 20}}, locValue = TokenNumber "27" False},Located {locSpan = SourceSpan {spanFilename = "<input>", spanStart = SourcePos {posLine = 110, posColumn = 21}, spanEnd = SourcePos {posLine = 110, posColumn = 22}}, locValue = TokenOperator OpPlus},Located {locSpan = SourceSpan {spanFilename = "<input>", spanStart = SourcePos {posLine = 110, posColumn = 23}, spanEnd = SourcePos {posLine = 110, posColumn = 27}}, locValue = TokenIdent "math"},Located {locSpan = SourceSpan {spanFilename = "<input>", spanStart = SourcePos {posLine = 110, posColumn = 27}, spanEnd = SourcePos {posLine = 110, posColumn = 28}}, locValue = TokenDelimiter DelimDot},Located {locSpan = SourceSpan {spanFilename = "<input>", spanStart = SourcePos {posLine = 110, posColumn = 28}, spanEnd = SourcePos {posLine = 110, posColumn = 32}}, locValue = TokenIdent "sqrt"},Located {locSpan = SourceSpan {spanFilename = "<input>", spanStart = SourcePos {posLine = 110, posColumn = 32}, spanEnd = SourcePos {posLine = 110, posColumn = 33}}, locValue = TokenDelimiter DelimLeftParen},Located {locSpan = SourceSpan {spanFilename = "<input>", spanStart = SourcePos {posLine = 110, posColumn = 33}, spanEnd = SourcePos {posLine = 110, posColumn = 35}}, locValue = TokenNumber "27" False},Located {locSpan = SourceSpan {spanFilename = "<input>", spanStart = SourcePos {posLine = 110, posColumn = 35}, spanEnd = SourcePos {posLine = 110, posColumn = 36}}, locValue = TokenDelimiter DelimRightParen},Located {locSpan = SourceSpan {spanFilename = "<input>", spanStart = SourcePos {posLine = 110, posColumn = 1}, spanEnd = SourcePos {posLine = 111, posColumn = 1}}, locValue = TokenNewline},Located {locSpan = SourceSpan {spanFilename = "<input>", spanStart = SourcePos {posLine = 111, posColumn = 5}, spanEnd = SourcePos {posLine = 111, posColumn = 11}}, locValue = TokenKeyword KwReturn},Located {locSpan = SourceSpan {spanFilename = "<input>", spanStart = SourcePos {posLine = 111, posColumn = 12}, spanEnd = SourcePos {posLine = 111, posColumn = 18}}, locValue = TokenIdent "result"},Located {locSpan = SourceSpan {spanFilename = "<input>", spanStart = SourcePos {posLine = 111, posColumn = 1}, spanEnd = SourcePos {posLine = 112, posColumn = 1}}, locValue = TokenNewline},Located {locSpan = SourceSpan {spanFilename = "<input>", spanStart = SourcePos {posLine = 112, posColumn = 1}, spanEnd = SourcePos {posLine = 112, posColumn = 1}}, locValue = TokenDedent 4},Located {locSpan = SourceSpan {spanFilename = "<input>", spanStart = SourcePos {posLine = 112, posColumn = 1}, spanEnd = SourcePos {posLine = 112, posColumn = 4}}, locValue = TokenKeyword KwDef},Located {locSpan = SourceSpan {spanFilename = "<input>", spanStart = SourcePos {posLine = 112, posColumn = 5}, spanEnd = SourcePos {posLine = 112, posColumn = 16}}, locValue = TokenIdent "function_28"},Located {locSpan = SourceSpan {spanFilename = "<input>", spanStart = SourcePos {posLine = 112, posColumn = 16}, spanEnd = SourcePos {posLine = 112, posColumn = 17}}, locValue = TokenDelimiter DelimLeftParen},Located {locSpan = SourceSpan {spanFilename = "<input>", spanStart = SourcePos {posLine = 112, posColumn = 17}, spanEnd = SourcePos {posLine = 112, posColumn = 18}}, locValue = TokenIdent "x"},Located {locSpan = SourceSpan {spanFilename = "<input>", spanStart = SourcePos {posLine = 112, posColumn = 18}, spanEnd = SourcePos {posLine = 112, posColumn = 19}}, locValue = TokenDelimiter DelimRightParen},Located {locSpan = SourceSpan {spanFilename = "<input>", spanStart = SourcePos {posLine = 112, posColumn = 19}, spanEnd = SourcePos {posLine = 112, posColumn = 20}}, locValue = TokenDelimiter DelimColon},Located {locSpan = SourceSpan {spanFilename = "<input>", spanStart = SourcePos {posLine = 112, posColumn = 1}, spanEnd = SourcePos {posLine = 113, posColumn = 1}}, locValue = TokenNewline},Located {locSpan = SourceSpan {spanFilename = "<input>", spanStart = SourcePos {posLine = 113, posColumn = 1}, spanEnd = SourcePos {posLine = 113, posColumn = 5}}, locValue = TokenIndent 4},Located {locSpan = SourceSpan {spanFilename = "<input>", spanStart = SourcePos {posLine = 113, posColumn = 5}, spanEnd = SourcePos {posLine = 113, posColumn = 33}}, locValue = TokenComment "# Function 28 implementation"},Located {locSpan = SourceSpan {spanFilename = "<input>", spanStart = SourcePos {posLine = 113, posColumn = 1}, spanEnd = SourcePos {posLine = 114, posColumn = 1}}, locValue = TokenNewline},Located {locSpan = SourceSpan {spanFilename = "<input>", spanStart = SourcePos {posLine = 114, posColumn = 5}, spanEnd = SourcePos {posLine = 114, posColumn = 11}}, locValue = TokenIdent "result"},Located {locSpan = SourceSpan {spanFilename = "<input>", spanStart = SourcePos {posLine = 114, posColumn = 12}, spanEnd = SourcePos {posLine = 114, posColumn = 13}}, locValue = TokenOperator OpAssign},Located {locSpan = SourceSpan {spanFilename = "<input>", spanStart = SourcePos {posLine = 114, posColumn = 14}, spanEnd = SourcePos {posLine = 114, posColumn = 15}}, locValue = TokenIdent "x"},Located {locSpan = SourceSpan {spanFilename = "<input>", spanStart = SourcePos {posLine = 114, posColumn = 16}, spanEnd = SourcePos {posLine = 114, posColumn = 17}}, locValue = TokenOperator OpMult},Located {locSpan = SourceSpan {spanFilename = "<input>", spanStart = SourcePos {posLine = 114, posColumn = 18}, spanEnd = SourcePos {posLine = 114, posColumn = 20}}, locValue = TokenNumber "28" False},Located {locSpan = SourceSpan {spanFilename = "<input>", spanStart = SourcePos {posLine = 114, posColumn = 21}, spanEnd = SourcePos {posLine = 114, posColumn = 22}}, locValue = TokenOperator OpPlus},Located {locSpan = SourceSpan {spanFilename = "<input>", spanStart = SourcePos {posLine = 114, posColumn = 23}, spanEnd = SourcePos {posLine = 114, posColumn = 27}}, locValue = TokenIdent "math"},Located {locSpan = SourceSpan {spanFilename = "<input>", spanStart = SourcePos {posLine = 114, posColumn = 27}, spanEnd = SourcePos {posLine = 114, posColumn = 28}}, locValue = TokenDelimiter DelimDot},Located {locSpan = SourceSpan {spanFilename = "<input>", spanStart = SourcePos {posLine = 114, posColumn = 28}, spanEnd = SourcePos {posLine = 114, posColumn = 32}}, locValue = TokenIdent "sqrt"},Located {locSpan = SourceSpan {spanFilename = "<input>", spanStart = SourcePos {posLine = 114, posColumn = 32}, spanEnd = SourcePos {posLine = 114, posColumn = 33}}, locValue = TokenDelimiter DelimLeftParen},Located {locSpan = SourceSpan {spanFilename = "<input>", spanStart = SourcePos {posLine = 114, posColumn = 33}, spanEnd = SourcePos {posLine = 114, posColumn = 35}}, locValue = TokenNumber "28" False},Located {locSpan = SourceSpan {spanFilename = "<input>", spanStart = SourcePos {posLine = 114, posColumn = 35}, spanEnd = SourcePos {posLine = 114, posColumn = 36}}, locValue = TokenDelimiter DelimRightParen},Located {locSpan = SourceSpan {spanFilename = "<input>", spanStart = SourcePos {posLine = 114, posColumn = 1}, spanEnd = SourcePos {posLine = 115, posColumn = 1}}, locValue = TokenNewline},Located {locSpan = SourceSpan {spanFilename = "<input>", spanStart = SourcePos {posLine = 115, posColumn = 5}, spanEnd = SourcePos {posLine = 115, posColumn = 11}}, locValue = TokenKeyword KwReturn},Located {locSpan = SourceSpan {spanFilename = "<input>", spanStart = SourcePos {posLine = 115, posColumn = 12}, spanEnd = SourcePos {posLine = 115, posColumn = 18}}, locValue = TokenIdent "result"},Located {locSpan = SourceSpan {spanFilename = "<input>", spanStart = SourcePos {posLine = 115, posColumn = 1}, spanEnd = SourcePos {posLine = 116, posColumn = 1}}, locValue = TokenNewline},Located {locSpan = SourceSpan {spanFilename = "<input>", spanStart = SourcePos {posLine = 116, posColumn = 1}, spanEnd = SourcePos {posLine = 116, posColumn = 1}}, locValue = TokenDedent 4},Located {locSpan = SourceSpan {spanFilename = "<input>", spanStart = SourcePos {posLine = 116, posColumn = 1}, spanEnd = SourcePos {posLine = 116, posColumn = 4}}, locValue = TokenKeyword KwDef},Located {locSpan = SourceSpan {spanFilename = "<input>", spanStart = SourcePos {posLine = 116, posColumn = 5}, spanEnd = SourcePos {posLine = 116, posColumn = 16}}, locValue = TokenIdent "function_29"},Located {locSpan = SourceSpan {spanFilename = "<input>", spanStart = SourcePos {posLine = 116, posColumn = 16}, spanEnd = SourcePos {posLine = 116, posColumn = 17}}, locValue = TokenDelimiter DelimLeftParen},Located {locSpan = SourceSpan {spanFilename = "<input>", spanStart = SourcePos {posLine = 116, posColumn = 17}, spanEnd = SourcePos {posLine = 116, posColumn = 18}}, locValue = TokenIdent "x"},Located {locSpan = SourceSpan {spanFilename = "<input>", spanStart = SourcePos {posLine = 116, posColumn = 18}, spanEnd = SourcePos {posLine = 116, posColumn = 19}}, locValue = TokenDelimiter DelimRightParen},Located {locSpan = SourceSpan {spanFilename = "<input>", spanStart = SourcePos {posLine = 116, posColumn = 19}, spanEnd = SourcePos {posLine = 116, posColumn = 20}}, locValue = TokenDelimiter DelimColon},Located {locSpan = SourceSpan {spanFilename = "<input>", spanStart = SourcePos {posLine = 116, posColumn = 1}, spanEnd = SourcePos {posLine = 117, posColumn = 1}}, locValue = TokenNewline},Located {locSpan = SourceSpan {spanFilename = "<input>", spanStart = SourcePos {posLine = 117, posColumn = 1}, spanEnd = SourcePos {posLine = 117, posColumn = 5}}, locValue = TokenIndent 4},Located {locSpan = SourceSpan {spanFilename = "<input>", spanStart = SourcePos {posLine = 117, posColumn = 5}, spanEnd = SourcePos {posLine = 117, posColumn = 33}}, locValue = TokenComment "# Function 29 implementation"},Located {locSpan = SourceSpan {spanFilename = "<input>", spanStart = SourcePos {posLine = 117, posColumn = 1}, spanEnd = SourcePos {posLine = 118, posColumn = 1}}, locValue = TokenNewline},Located {locSpan = SourceSpan {spanFilename = "<input>", spanStart = SourcePos {posLine = 118, posColumn = 5}, spanEnd = SourcePos {posLine = 118, posColumn = 11}}, locValue = TokenIdent "result"},Located {locSpan = SourceSpan {spanFilename = "<input>", spanStart = SourcePos {posLine = 118, posColumn = 12}, spanEnd = SourcePos {posLine = 118, posColumn = 13}}, locValue = TokenOperator OpAssign},Located {locSpan = SourceSpan {spanFilename = "<input>", spanStart = SourcePos {posLine = 118, posColumn = 14}, spanEnd = SourcePos {posLine = 118, posColumn = 15}}, locValue = TokenIdent "x"},Located {locSpan = SourceSpan {spanFilename = "<input>", spanStart = SourcePos {posLine = 118, posColumn = 16}, spanEnd = SourcePos {posLine = 118, posColumn = 17}}, locValue = TokenOperator OpMult},Located {locSpan = SourceSpan {spanFilename = "<input>", spanStart = SourcePos {posLine = 118, posColumn = 18}, spanEnd = SourcePos {posLine = 118, posColumn = 20}}, locValue = TokenNumber "29" False},Located {locSpan = SourceSpan {spanFilename = "<input>", spanStart = SourcePos {posLine = 118, posColumn = 21}, spanEnd = SourcePos {posLine = 118, posColumn = 22}}, locValue = TokenOperator OpPlus},Located {locSpan = SourceSpan {spanFilename = "<input>", spanStart = SourcePos {posLine = 118, posColumn = 23}, spanEnd = SourcePos {posLine = 118, posColumn = 27}}, locValue = TokenIdent "math"},Located {locSpan = SourceSpan {spanFilename = "<input>", spanStart = SourcePos {posLine = 118, posColumn = 27}, spanEnd = SourcePos {posLine = 118, posColumn = 28}}, locValue = TokenDelimiter DelimDot},Located {locSpan = SourceSpan {spanFilename = "<input>", spanStart = SourcePos {posLine = 118, posColumn = 28}, spanEnd = SourcePos {posLine = 118, posColumn = 32}}, locValue = TokenIdent "sqrt"},Located {locSpan = SourceSpan {spanFilename = "<input>", spanStart = SourcePos {posLine = 118, posColumn = 32}, spanEnd = SourcePos {posLine = 118, posColumn = 33}}, locValue = TokenDelimiter DelimLeftParen},Located {locSpan = SourceSpan {spanFilename = "<input>", spanStart = SourcePos {posLine = 118, posColumn = 33}, spanEnd = SourcePos {posLine = 118, posColumn = 35}}, locValue = TokenNumber "29" False},Located {locSpan = SourceSpan {spanFilename = "<input>", spanStart = SourcePos {posLine = 118, posColumn = 35}, spanEnd = SourcePos {posLine = 118, posColumn = 36}}, locValue = TokenDelimiter DelimRightParen},Located {locSpan = SourceSpan {spanFilename = "<input>", spanStart = SourcePos {posLine = 118, posColumn = 1}, spanEnd = SourcePos {posLine = 119, posColumn = 1}}, locValue = TokenNewline},Located {locSpan = SourceSpan {spanFilename = "<input>", spanStart = SourcePos {posLine = 119, posColumn = 5}, spanEnd = SourcePos {posLine = 119, posColumn = 11}}, locValue = TokenKeyword KwReturn},Located {locSpan = SourceSpan {spanFilename = "<input>", spanStart = SourcePos {posLine = 119, posColumn = 12}, spanEnd = SourcePos {posLine = 119, posColumn = 18}}, locValue = TokenIdent "result"},Located {locSpan = SourceSpan {spanFilename = "<input>", spanStart = SourcePos {posLine = 119, posColumn = 1}, spanEnd = SourcePos {posLine = 120, posColumn = 1}}, locValue = TokenNewline},Located {locSpan = SourceSpan {spanFilename = "<input>", spanStart = SourcePos {posLine = 120, posColumn = 1}, spanEnd = SourcePos {posLine = 120, posColumn = 1}}, locValue = TokenDedent 4},Located {locSpan = SourceSpan {spanFilename = "<input>", spanStart = SourcePos {posLine = 120, posColumn = 1}, spanEnd = SourcePos {posLine = 120, posColumn = 4}}, locValue = TokenKeyword KwDef},Located {locSpan = SourceSpan {spanFilename = "<input>", spanStart = SourcePos {posLine = 120, posColumn = 5}, spanEnd = SourcePos {posLine = 120, posColumn = 16}}, locValue = TokenIdent "function_30"},Located {locSpan = SourceSpan {spanFilename = "<input>", spanStart = SourcePos {posLine = 120, posColumn = 16}, spanEnd = SourcePos {posLine = 120, posColumn = 17}}, locValue = TokenDelimiter DelimLeftParen},Located {locSpan = SourceSpan {spanFilename = "<input>", spanStart = SourcePos {posLine = 120, posColumn = 17}, spanEnd = SourcePos {posLine = 120, posColumn = 18}}, locValue = TokenIdent "x"},Located {locSpan = SourceSpan {spanFilename = "<input>", spanStart = SourcePos {posLine = 120, posColumn = 18}, spanEnd = SourcePos {posLine = 120, posColumn = 19}}, locValue = TokenDelimiter DelimRightParen},Located {locSpan = SourceSpan {spanFilename = "<input>", spanStart = SourcePos {posLine = 120, posColumn = 19}, spanEnd = SourcePos {posLine = 120, posColumn = 20}}, locValue = TokenDelimiter DelimColon},Located {locSpan = SourceSpan {spanFilename = "<input>", spanStart = SourcePos {posLine = 120, posColumn = 1}, spanEnd = SourcePos {posLine = 121, posColumn = 1}}, locValue = TokenNewline},Located {locSpan = SourceSpan {spanFilename = "<input>", spanStart = SourcePos {posLine = 121, posColumn = 1}, spanEnd = SourcePos {posLine = 121, posColumn = 5}}, locValue = TokenIndent 4},Located {locSpan = SourceSpan {spanFilename = "<input>", spanStart = SourcePos {posLine = 121, posColumn = 5}, spanEnd = SourcePos {posLine = 121, posColumn = 33}}, locValue = TokenComment "# Function 30 implementation"},Located {locSpan = SourceSpan {spanFilename = "<input>", spanStart = SourcePos {posLine = 121, posColumn = 1}, spanEnd = SourcePos {posLine = 122, posColumn = 1}}, locValue = TokenNewline},Located {locSpan = SourceSpan {spanFilename = "<input>", spanStart = SourcePos {posLine = 122, posColumn = 5}, spanEnd = SourcePos {posLine = 122, posColumn = 11}}, locValue = TokenIdent "result"},Located {locSpan = SourceSpan {spanFilename = "<input>", spanStart = SourcePos {posLine = 122, posColumn = 12}, spanEnd = SourcePos {posLine = 122, posColumn = 13}}, locValue = TokenOperator OpAssign},Located {locSpan = SourceSpan {spanFilename = "<input>", spanStart = SourcePos {posLine = 122, posColumn = 14}, spanEnd = SourcePos {posLine = 122, posColumn = 15}}, locValue = TokenIdent "x"},Located {locSpan = SourceSpan {spanFilename = "<input>", spanStart = SourcePos {posLine = 122, posColumn = 16}, spanEnd = SourcePos {posLine = 122, posColumn = 17}}, locValue = TokenOperator OpMult},Located {locSpan = SourceSpan {spanFilename = "<input>", spanStart = SourcePos {posLine = 122, posColumn = 18}, spanEnd = SourcePos {posLine = 122, posColumn = 20}}, locValue = TokenNumber "30" False},Located {locSpan = SourceSpan {spanFilename = "<input>", spanStart = SourcePos {posLine = 122, posColumn = 21}, spanEnd = SourcePos {posLine = 122, posColumn = 22}}, locValue = TokenOperator OpPlus},Located {locSpan = SourceSpan {spanFilename = "<input>", spanStart = SourcePos {posLine = 122, posColumn = 23}, spanEnd = SourcePos {posLine = 122, posColumn = 27}}, locValue = TokenIdent "math"},Located {locSpan = SourceSpan {spanFilename = "<input>", spanStart = SourcePos {posLine = 122, posColumn = 27}, spanEnd = SourcePos {posLine = 122, posColumn = 28}}, locValue = TokenDelimiter DelimDot},Located {locSpan = SourceSpan {spanFilename = "<input>", spanStart = SourcePos {posLine = 122, posColumn = 28}, spanEnd = SourcePos {posLine = 122, posColumn = 32}}, locValue = TokenIdent "sqrt"},Located {locSpan = SourceSpan {spanFilename = "<input>", spanStart = SourcePos {posLine = 122, posColumn = 32}, spanEnd = SourcePos {posLine = 122, posColumn = 33}}, locValue = TokenDelimiter DelimLeftParen},Located {locSpan = SourceSpan {spanFilename = "<input>", spanStart = SourcePos {posLine = 122, posColumn = 33}, spanEnd = SourcePos {posLine = 122, posColumn = 35}}, locValue = TokenNumber "30" False},Located {locSpan = SourceSpan {spanFilename = "<input>", spanStart = SourcePos {posLine = 122, posColumn = 35}, spanEnd = SourcePos {posLine = 122, posColumn = 36}}, locValue = TokenDelimiter DelimRightParen},Located {locSpan = SourceSpan {spanFilename = "<input>", spanStart = SourcePos {posLine = 122, posColumn = 1}, spanEnd = SourcePos {posLine = 123, posColumn = 1}}, locValue = TokenNewline},Located {locSpan = SourceSpan {spanFilename = "<input>", spanStart = SourcePos {posLine = 123, posColumn = 5}, spanEnd = SourcePos {posLine = 123, posColumn = 11}}, locValue = TokenKeyword KwReturn},Located {locSpan = SourceSpan {spanFilename = "<input>", spanStart = SourcePos {posLine = 123, posColumn = 12}, spanEnd = SourcePos {posLine = 123, posColumn = 18}}, locValue = TokenIdent "result"},Located {locSpan = SourceSpan {spanFilename = "<input>", spanStart = SourcePos {posLine = 123, posColumn = 1}, spanEnd = SourcePos {posLine = 124, posColumn = 1}}, locValue = TokenNewline},Located {locSpan = SourceSpan {spanFilename = "<input>", spanStart = SourcePos {posLine = 124, posColumn = 1}, spanEnd = SourcePos {posLine = 124, posColumn = 1}}, locValue = TokenDedent 4},Located {locSpan = SourceSpan {spanFilename = "<input>", spanStart = SourcePos {posLine = 124, posColumn = 1}, spanEnd = SourcePos {posLine = 124, posColumn = 4}}, locValue = TokenKeyword KwDef},Located {locSpan = SourceSpan {spanFilename = "<input>", spanStart = SourcePos {posLine = 124, posColumn = 5}, spanEnd = SourcePos {posLine = 124, posColumn = 16}}, locValue = TokenIdent "function_31"},Located {locSpan = SourceSpan {spanFilename = "<input>", spanStart = SourcePos {posLine = 124, posColumn = 16}, spanEnd = SourcePos {posLine = 124, posColumn = 17}}, locValue = TokenDelimiter DelimLeftParen},Located {locSpan = SourceSpan {spanFilename = "<input>", spanStart = SourcePos {posLine = 124, posColumn = 17}, spanEnd = SourcePos {posLine = 124, posColumn = 18}}, locValue = TokenIdent "x"},Located {locSpan = SourceSpan {spanFilename = "<input>", spanStart = SourcePos {posLine = 124, posColumn = 18}, spanEnd = SourcePos {posLine = 124, posColumn = 19}}, locValue = TokenDelimiter DelimRightParen},Located {locSpan = SourceSpan {spanFilename = "<input>", spanStart = SourcePos {posLine = 124, posColumn = 19}, spanEnd = SourcePos {posLine = 124, posColumn = 20}}, locValue = TokenDelimiter DelimColon},Located {locSpan = SourceSpan {spanFilename = "<input>", spanStart = SourcePos {posLine = 124, posColumn = 1}, spanEnd = SourcePos {posLine = 125, posColumn = 1}}, locValue = TokenNewline},Located {locSpan = SourceSpan {spanFilename = "<input>", spanStart = SourcePos {posLine = 125, posColumn = 1}, spanEnd = SourcePos {posLine = 125, posColumn = 5}}, locValue = TokenIndent 4},Located {locSpan = SourceSpan {spanFilename = "<input>", spanStart = SourcePos {posLine = 125, posColumn = 5}, spanEnd = SourcePos {posLine = 125, posColumn = 33}}, locValue = TokenComment "# Function 31 implementation"},Located {locSpan = SourceSpan {spanFilename = "<input>", spanStart = SourcePos {posLine = 125, posColumn = 1}, spanEnd = SourcePos {posLine = 126, posColumn = 1}}, locValue = TokenNewline},Located {locSpan = SourceSpan {spanFilename = "<input>", spanStart = SourcePos {posLine = 126, posColumn = 5}, spanEnd = SourcePos {posLine = 126, posColumn = 11}}, locValue = TokenIdent "result"},Located {locSpan = SourceSpan {spanFilename = "<input>", spanStart = SourcePos {posLine = 126, posColumn = 12}, spanEnd = SourcePos {posLine = 126, posColumn = 13}}, locValue = TokenOperator OpAssign},Located {locSpan = SourceSpan {spanFilename = "<input>", spanStart = SourcePos {posLine = 126, posColumn = 14}, spanEnd = SourcePos {posLine = 126, posColumn = 15}}, locValue = TokenIdent "x"},Located {locSpan = SourceSpan {spanFilename = "<input>", spanStart = SourcePos {posLine = 126, posColumn = 16}, spanEnd = SourcePos {posLine = 126, posColumn = 17}}, locValue = TokenOperator OpMult},Located {locSpan = SourceSpan {spanFilename = "<input>", spanStart = SourcePos {posLine = 126, posColumn = 18}, spanEnd = SourcePos {posLine = 126, posColumn = 20}}, locValue = TokenNumber "31" False},Located {locSpan = SourceSpan {spanFilename = "<input>", spanStart = SourcePos {posLine = 126, posColumn = 21}, spanEnd = SourcePos {posLine = 126, posColumn = 22}}, locValue = TokenOperator OpPlus},Located {locSpan = SourceSpan {spanFilename = "<input>", spanStart = SourcePos {posLine = 126, posColumn = 23}, spanEnd = SourcePos {posLine = 126, posColumn = 27}}, locValue = TokenIdent "math"},Located {locSpan = SourceSpan {spanFilename = "<input>", spanStart = SourcePos {posLine = 126, posColumn = 27}, spanEnd = SourcePos {posLine = 126, posColumn = 28}}, locValue = TokenDelimiter DelimDot},Located {locSpan = SourceSpan {spanFilename = "<input>", spanStart = SourcePos {posLine = 126, posColumn = 28}, spanEnd = SourcePos {posLine = 126, posColumn = 32}}, locValue = TokenIdent "sqrt"},Located {locSpan = SourceSpan {spanFilename = "<input>", spanStart = SourcePos {posLine = 126, posColumn = 32}, spanEnd = SourcePos {posLine = 126, posColumn = 33}}, locValue = TokenDelimiter DelimLeftParen},Located {locSpan = SourceSpan {spanFilename = "<input>", spanStart = SourcePos {posLine = 126, posColumn = 33}, spanEnd = SourcePos {posLine = 126, posColumn = 35}}, locValue = TokenNumber "31" False},Located {locSpan = SourceSpan {spanFilename = "<input>", spanStart = SourcePos {posLine = 126, posColumn = 35}, spanEnd = SourcePos {posLine = 126, posColumn = 36}}, locValue = TokenDelimiter DelimRightParen},Located {locSpan = SourceSpan {spanFilename = "<input>", spanStart = SourcePos {posLine = 126, posColumn = 1}, spanEnd = SourcePos {posLine = 127, posColumn = 1}}, locValue = TokenNewline},Located {locSpan = SourceSpan {spanFilename = "<input>", spanStart = SourcePos {posLine = 127, posColumn = 5}, spanEnd = SourcePos {posLine = 127, posColumn = 11}}, locValue = TokenKeyword KwReturn},Located {locSpan = SourceSpan {spanFilename = "<input>", spanStart = SourcePos {posLine = 127, posColumn = 12}, spanEnd = SourcePos {posLine = 127, posColumn = 18}}, locValue = TokenIdent "result"},Located {locSpan = SourceSpan {spanFilename = "<input>", spanStart = SourcePos {posLine = 127, posColumn = 1}, spanEnd = SourcePos {posLine = 128, posColumn = 1}}, locValue = TokenNewline},Located {locSpan = SourceSpan {spanFilename = "<input>", spanStart = SourcePos {posLine = 128, posColumn = 1}, spanEnd = SourcePos {posLine = 128, posColumn = 1}}, locValue = TokenDedent 4},Located {locSpan = SourceSpan {spanFilename = "<input>", spanStart = SourcePos {posLine = 128, posColumn = 1}, spanEnd = SourcePos {posLine = 128, posColumn = 4}}, locValue = TokenKeyword KwDef},Located {locSpan = SourceSpan {spanFilename = "<input>", spanStart = SourcePos {posLine = 128, posColumn = 5}, spanEnd = SourcePos {posLine = 128, posColumn = 16}}, locValue = TokenIdent "function_32"},Located {locSpan = SourceSpan {spanFilename = "<input>", spanStart = SourcePos {posLine = 128, posColumn = 16}, spanEnd = SourcePos {posLine = 128, posColumn = 17}}, locValue = TokenDelimiter DelimLeftParen},Located {locSpan = SourceSpan {spanFilename = "<input>", spanStart = SourcePos {posLine = 128, posColumn = 17}, spanEnd = SourcePos {posLine = 128, posColumn = 18}}, locValue = TokenIdent "x"},Located {locSpan = SourceSpan {spanFilename = "<input>", spanStart = SourcePos {posLine = 128, posColumn = 18}, spanEnd = SourcePos {posLine = 128, posColumn = 19}}, locValue = TokenDelimiter DelimRightParen},Located {locSpan = SourceSpan {spanFilename = "<input>", spanStart = SourcePos {posLine = 128, posColumn = 19}, spanEnd = SourcePos {posLine = 128, posColumn = 20}}, locValue = TokenDelimiter DelimColon},Located {locSpan = SourceSpan {spanFilename = "<input>", spanStart = SourcePos {posLine = 128, posColumn = 1}, spanEnd = SourcePos {posLine = 129, posColumn = 1}}, locValue = TokenNewline},Located {locSpan = SourceSpan {spanFilename = "<input>", spanStart = SourcePos {posLine = 129, posColumn = 1}, spanEnd = SourcePos {posLine = 129, posColumn = 5}}, locValue = TokenIndent 4},Located {locSpan = SourceSpan {spanFilename = "<input>", spanStart = SourcePos {posLine = 129, posColumn = 5}, spanEnd = SourcePos {posLine = 129, posColumn = 33}}, locValue = TokenComment "# Function 32 implementation"},Located {locSpan = SourceSpan {spanFilename = "<input>", spanStart = SourcePos {posLine = 129, posColumn = 1}, spanEnd = SourcePos {posLine = 130, posColumn = 1}}, locValue = TokenNewline},Located {locSpan = SourceSpan {spanFilename = "<input>", spanStart = SourcePos {posLine = 130, posColumn = 5}, spanEnd = SourcePos {posLine = 130, posColumn = 11}}, locValue = TokenIdent "result"},Located {locSpan = SourceSpan {spanFilename = "<input>", spanStart = SourcePos {posLine = 130, posColumn = 12}, spanEnd = SourcePos {posLine = 130, posColumn = 13}}, locValue = TokenOperator OpAssign},Located {locSpan = SourceSpan {spanFilename = "<input>", spanStart = SourcePos {posLine = 130, posColumn = 14}, spanEnd = SourcePos {posLine = 130, posColumn = 15}}, locValue = TokenIdent "x"},Located {locSpan = SourceSpan {spanFilename = "<input>", spanStart = SourcePos {posLine = 130, posColumn = 16}, spanEnd = SourcePos {posLine = 130, posColumn = 17}}, locValue = TokenOperator OpMult},Located {locSpan = SourceSpan {spanFilename = "<input>", spanStart = SourcePos {posLine = 130, posColumn = 18}, spanEnd = SourcePos {posLine = 130, posColumn = 20}}, locValue = TokenNumber "32" False},Located {locSpan = SourceSpan {spanFilename = "<input>", spanStart = SourcePos {posLine = 130, posColumn = 21}, spanEnd = SourcePos {posLine = 130, posColumn = 22}}, locValue = TokenOperator OpPlus},Located {locSpan = SourceSpan {spanFilename = "<input>", spanStart = SourcePos {posLine = 130, posColumn = 23}, spanEnd = SourcePos {posLine = 130, posColumn = 27}}, locValue = TokenIdent "math"},Located {locSpan = SourceSpan {spanFilename = "<input>", spanStart = SourcePos {posLine = 130, posColumn = 27}, spanEnd = SourcePos {posLine = 130, posColumn = 28}}, locValue = TokenDelimiter DelimDot},Located {locSpan = SourceSpan {spanFilename = "<input>", spanStart = SourcePos {posLine = 130, posColumn = 28}, spanEnd = SourcePos {posLine = 130, posColumn = 32}}, locValue = TokenIdent "sqrt"},Located {locSpan = SourceSpan {spanFilename = "<input>", spanStart = SourcePos {posLine = 130, posColumn = 32}, spanEnd = SourcePos {posLine = 130, posColumn = 33}}, locValue = TokenDelimiter DelimLeftParen},Located {locSpan = SourceSpan {spanFilename = "<input>", spanStart = SourcePos {posLine = 130, posColumn = 33}, spanEnd = SourcePos {posLine = 130, posColumn = 35}}, locValue = TokenNumber "32" False},Located {locSpan = SourceSpan {spanFilename = "<input>", spanStart = SourcePos {posLine = 130, posColumn = 35}, spanEnd = SourcePos {posLine = 130, posColumn = 36}}, locValue = TokenDelimiter DelimRightParen},Located {locSpan = SourceSpan {spanFilename = "<input>", spanStart = SourcePos {posLine = 130, posColumn = 1}, spanEnd = SourcePos {posLine = 131, posColumn = 1}}, locValue = TokenNewline},Located {locSpan = SourceSpan {spanFilename = "<input>", spanStart = SourcePos {posLine = 131, posColumn = 5}, spanEnd = SourcePos {posLine = 131, posColumn = 11}}, locValue = TokenKeyword KwReturn},Located {locSpan = SourceSpan {spanFilename = "<input>", spanStart = SourcePos {posLine = 131, posColumn = 12}, spanEnd = SourcePos {posLine = 131, posColumn = 18}}, locValue = TokenIdent "result"},Located {locSpan = SourceSpan {spanFilename = "<input>", spanStart = SourcePos {posLine = 131, posColumn = 1}, spanEnd = SourcePos {posLine = 132, posColumn = 1}}, locValue = TokenNewline},Located {locSpan = SourceSpan {spanFilename = "<input>", spanStart = SourcePos {posLine = 132, posColumn = 1}, spanEnd = SourcePos {posLine = 132, posColumn = 1}}, locValue = TokenDedent 4},Located {locSpan = SourceSpan {spanFilename = "<input>", spanStart = SourcePos {posLine = 132, posColumn = 1}, spanEnd = SourcePos {posLine = 132, posColumn = 4}}, locValue = TokenKeyword KwDef},Located {locSpan = SourceSpan {spanFilename = "<input>", spanStart = SourcePos {posLine = 132, posColumn = 5}, spanEnd = SourcePos {posLine = 132, posColumn = 16}}, locValue = TokenIdent "function_33"},Located {locSpan = SourceSpan {spanFilename = "<input>", spanStart = SourcePos {posLine = 132, posColumn = 16}, spanEnd = SourcePos {posLine = 132, posColumn = 17}}, locValue = TokenDelimiter DelimLeftParen},Located {locSpan = SourceSpan {spanFilename = "<input>", spanStart = SourcePos {posLine = 132, posColumn = 17}, spanEnd = SourcePos {posLine = 132, posColumn = 18}}, locValue = TokenIdent "x"},Located {locSpan = SourceSpan {spanFilename = "<input>", spanStart = SourcePos {posLine = 132, posColumn = 18}, spanEnd = SourcePos {posLine = 132, posColumn = 19}}, locValue = TokenDelimiter DelimRightParen},Located {locSpan = SourceSpan {spanFilename = "<input>", spanStart = SourcePos {posLine = 132, posColumn = 19}, spanEnd = SourcePos {posLine = 132, posColumn = 20}}, locValue = TokenDelimiter DelimColon},Located {locSpan = SourceSpan {spanFilename = "<input>", spanStart = SourcePos {posLine = 132, posColumn = 1}, spanEnd = SourcePos {posLine = 133, posColumn = 1}}, locValue = TokenNewline},Located {locSpan = SourceSpan {spanFilename = "<input>", spanStart = SourcePos {posLine = 133, posColumn = 1}, spanEnd = SourcePos {posLine = 133, posColumn = 5}}, locValue = TokenIndent 4},Located {locSpan = SourceSpan {spanFilename = "<input>", spanStart = SourcePos {posLine = 133, posColumn = 5}, spanEnd = SourcePos {posLine = 133, posColumn = 33}}, locValue = TokenComment "# Function 33 implementation"},Located {locSpan = SourceSpan {spanFilename = "<input>", spanStart = SourcePos {posLine = 133, posColumn = 1}, spanEnd = SourcePos {posLine = 134, posColumn = 1}}, locValue = TokenNewline},Located {locSpan = SourceSpan {spanFilename = "<input>", spanStart = SourcePos {posLine = 134, posColumn = 5}, spanEnd = SourcePos {posLine = 134, posColumn = 11}}, locValue = TokenIdent "result"},Located {locSpan = SourceSpan {spanFilename = "<input>", spanStart = SourcePos {posLine = 134, posColumn = 12}, spanEnd = SourcePos {posLine = 134, posColumn = 13}}, locValue = TokenOperator OpAssign},Located {locSpan = SourceSpan {spanFilename = "<input>", spanStart = SourcePos {posLine = 134, posColumn = 14}, spanEnd = SourcePos {posLine = 134, posColumn = 15}}, locValue = TokenIdent "x"},Located {locSpan = SourceSpan {spanFilename = "<input>", spanStart = SourcePos {posLine = 134, posColumn = 16}, spanEnd = SourcePos {posLine = 134, posColumn = 17}}, locValue = TokenOperator OpMult},Located {locSpan = SourceSpan {spanFilename = "<input>", spanStart = SourcePos {posLine = 134, posColumn = 18}, spanEnd = SourcePos {posLine = 134, posColumn = 20}}, locValue = TokenNumber "33" False},Located {locSpan = SourceSpan {spanFilename = "<input>", spanStart = SourcePos {posLine = 134, posColumn = 21}, spanEnd = SourcePos {posLine = 134, posColumn = 22}}, locValue = TokenOperator OpPlus},Located {locSpan = SourceSpan {spanFilename = "<input>", spanStart = SourcePos {posLine = 134, posColumn = 23}, spanEnd = SourcePos {posLine = 134, posColumn = 27}}, locValue = TokenIdent "math"},Located {locSpan = SourceSpan {spanFilename = "<input>", spanStart = SourcePos {posLine = 134, posColumn = 27}, spanEnd = SourcePos {posLine = 134, posColumn = 28}}, locValue = TokenDelimiter DelimDot},Located {locSpan = SourceSpan {spanFilename = "<input>", spanStart = SourcePos {posLine = 134, posColumn = 28}, spanEnd = SourcePos {posLine = 134, posColumn = 32}}, locValue = TokenIdent "sqrt"},Located {locSpan = SourceSpan {spanFilename = "<input>", spanStart = SourcePos {posLine = 134, posColumn = 32}, spanEnd = SourcePos {posLine = 134, posColumn = 33}}, locValue = TokenDelimiter DelimLeftParen},Located {locSpan = SourceSpan {spanFilename = "<input>", spanStart = SourcePos {posLine = 134, posColumn = 33}, spanEnd = SourcePos {posLine = 134, posColumn = 35}}, locValue = TokenNumber "33" False},Located {locSpan = SourceSpan {spanFilename = "<input>", spanStart = SourcePos {posLine = 134, posColumn = 35}, spanEnd = SourcePos {posLine = 134, posColumn = 36}}, locValue = TokenDelimiter DelimRightParen},Located {locSpan = SourceSpan {spanFilename = "<input>", spanStart = SourcePos {posLine = 134, posColumn = 1}, spanEnd = SourcePos {posLine = 135, posColumn = 1}}, locValue = TokenNewline},Located {locSpan = SourceSpan {spanFilename = "<input>", spanStart = SourcePos {posLine = 135, posColumn = 5}, spanEnd = SourcePos {posLine = 135, posColumn = 11}}, locValue = TokenKeyword KwReturn},Located {locSpan = SourceSpan {spanFilename = "<input>", spanStart = SourcePos {posLine = 135, posColumn = 12}, spanEnd = SourcePos {posLine = 135, posColumn = 18}}, locValue = TokenIdent "result"},Located {locSpan = SourceSpan {spanFilename = "<input>", spanStart = SourcePos {posLine = 135, posColumn = 1}, spanEnd = SourcePos {posLine = 136, posColumn = 1}}, locValue = TokenNewline},Located {locSpan = SourceSpan {spanFilename = "<input>", spanStart = SourcePos {posLine = 136, posColumn = 1}, spanEnd = SourcePos {posLine = 136, posColumn = 1}}, locValue = TokenDedent 4},Located {locSpan = SourceSpan {spanFilename = "<input>", spanStart = SourcePos {posLine = 136, posColumn = 1}, spanEnd = SourcePos {posLine = 136, posColumn = 4}}, locValue = TokenKeyword KwDef},Located {locSpan = SourceSpan {spanFilename = "<input>", spanStart = SourcePos {posLine = 136, posColumn = 5}, spanEnd = SourcePos {posLine = 136, posColumn = 16}}, locValue = TokenIdent "function_34"},Located {locSpan = SourceSpan {spanFilename = "<input>", spanStart = SourcePos {posLine = 136, posColumn = 16}, spanEnd = SourcePos {posLine = 136, posColumn = 17}}, locValue = TokenDelimiter DelimLeftParen},Located {locSpan = SourceSpan {spanFilename = "<input>", spanStart = SourcePos {posLine = 136, posColumn = 17}, spanEnd = SourcePos {posLine = 136, posColumn = 18}}, locValue = TokenIdent "x"},Located {locSpan = SourceSpan {spanFilename = "<input>", spanStart = SourcePos {posLine = 136, posColumn = 18}, spanEnd = SourcePos {posLine = 136, posColumn = 19}}, locValue = TokenDelimiter DelimRightParen},Located {locSpan = SourceSpan {spanFilename = "<input>", spanStart = SourcePos {posLine = 136, posColumn = 19}, spanEnd = SourcePos {posLine = 136, posColumn = 20}}, locValue = TokenDelimiter DelimColon},Located {locSpan = SourceSpan {spanFilename = "<input>", spanStart = SourcePos {posLine = 136, posColumn = 1}, spanEnd = SourcePos {posLine = 137, posColumn = 1}}, locValue = TokenNewline},Located {locSpan = SourceSpan {spanFilename = "<input>", spanStart = SourcePos {posLine = 137, posColumn = 1}, spanEnd = SourcePos {posLine = 137, posColumn = 5}}, locValue = TokenIndent 4},Located {locSpan = SourceSpan {spanFilename = "<input>", spanStart = SourcePos {posLine = 137, posColumn = 5}, spanEnd = SourcePos {posLine = 137, posColumn = 33}}, locValue = TokenComment "# Function 34 implementation"},Located {locSpan = SourceSpan {spanFilename = "<input>", spanStart = SourcePos {posLine = 137, posColumn = 1}, spanEnd = SourcePos {posLine = 138, posColumn = 1}}, locValue = TokenNewline},Located {locSpan = SourceSpan {spanFilename = "<input>", spanStart = SourcePos {posLine = 138, posColumn = 5}, spanEnd = SourcePos {posLine = 138, posColumn = 11}}, locValue = TokenIdent "result"},Located {locSpan = SourceSpan {spanFilename = "<input>", spanStart = SourcePos {posLine = 138, posColumn = 12}, spanEnd = SourcePos {posLine = 138, posColumn = 13}}, locValue = TokenOperator OpAssign},Located {locSpan = SourceSpan {spanFilename = "<input>", spanStart = SourcePos {posLine = 138, posColumn = 14}, spanEnd = SourcePos {posLine = 138, posColumn = 15}}, locValue = TokenIdent "x"},Located {locSpan = SourceSpan {spanFilename = "<input>", spanStart = SourcePos {posLine = 138, posColumn = 16}, spanEnd = SourcePos {posLine = 138, posColumn = 17}}, locValue = TokenOperator OpMult},Located {locSpan = SourceSpan {spanFilename = "<input>", spanStart = SourcePos {posLine = 138, posColumn = 18}, spanEnd = SourcePos {posLine = 138, posColumn = 20}}, locValue = TokenNumber "34" False},Located {locSpan = SourceSpan {spanFilename = "<input>", spanStart = SourcePos {posLine = 138, posColumn = 21}, spanEnd = SourcePos {posLine = 138, posColumn = 22}}, locValue = TokenOperator OpPlus},Located {locSpan = SourceSpan {spanFilename = "<input>", spanStart = SourcePos {posLine = 138, posColumn = 23}, spanEnd = SourcePos {posLine = 138, posColumn = 27}}, locValue = TokenIdent "math"},Located {locSpan = SourceSpan {spanFilename = "<input>", spanStart = SourcePos {posLine = 138, posColumn = 27}, spanEnd = SourcePos {posLine = 138, posColumn = 28}}, locValue = TokenDelimiter DelimDot},Located {locSpan = SourceSpan {spanFilename = "<input>", spanStart = SourcePos {posLine = 138, posColumn = 28}, spanEnd = SourcePos {posLine = 138, posColumn = 32}}, locValue = TokenIdent "sqrt"},Located {locSpan = SourceSpan {spanFilename = "<input>", spanStart = SourcePos {posLine = 138, posColumn = 32}, spanEnd = SourcePos {posLine = 138, posColumn = 33}}, locValue = TokenDelimiter DelimLeftParen},Located {locSpan = SourceSpan {spanFilename = "<input>", spanStart = SourcePos {posLine = 138, posColumn = 33}, spanEnd = SourcePos {posLine = 138, posColumn = 35}}, locValue = TokenNumber "34" False},Located {locSpan = SourceSpan {spanFilename = "<input>", spanStart = SourcePos {posLine = 138, posColumn = 35}, spanEnd = SourcePos {posLine = 138, posColumn = 36}}, locValue = TokenDelimiter DelimRightParen},Located {locSpan = SourceSpan {spanFilename = "<input>", spanStart = SourcePos {posLine = 138, posColumn = 1}, spanEnd = SourcePos {posLine = 139, posColumn = 1}}, locValue = TokenNewline},Located {locSpan = SourceSpan {spanFilename = "<input>", spanStart = SourcePos {posLine = 139, posColumn = 5}, spanEnd = SourcePos {posLine = 139, posColumn = 11}}, locValue = TokenKeyword KwReturn},Located {locSpan = SourceSpan {spanFilename = "<input>", spanStart = SourcePos {posLine = 139, posColumn = 12}, spanEnd = SourcePos {posLine = 139, posColumn = 18}}, locValue = TokenIdent "result"},Located {locSpan = SourceSpan {spanFilename = "<input>", spanStart = SourcePos {posLine = 139, posColumn = 1}, spanEnd = SourcePos {posLine = 140, posColumn = 1}}, locValue = TokenNewline},Located {locSpan = SourceSpan {spanFilename = "<input>", spanStart = SourcePos {posLine = 140, posColumn = 1}, spanEnd = SourcePos {posLine = 140, posColumn = 1}}, locValue = TokenDedent 4},Located {locSpan = SourceSpan {spanFilename = "<input>", spanStart = SourcePos {posLine = 140, posColumn = 1}, spanEnd = SourcePos {posLine = 140, posColumn = 4}}, locValue = TokenKeyword KwDef},Located {locSpan = SourceSpan {spanFilename = "<input>", spanStart = SourcePos {posLine = 140, posColumn = 5}, spanEnd = SourcePos {posLine = 140, posColumn = 16}}, locValue = TokenIdent "function_35"},Located {locSpan = SourceSpan {spanFilename = "<input>", spanStart = SourcePos {posLine = 140, posColumn = 16}, spanEnd = SourcePos {posLine = 140, posColumn = 17}}, locValue = TokenDelimiter DelimLeftParen},Located {locSpan = SourceSpan {spanFilename = "<input>", spanStart = SourcePos {posLine = 140, posColumn = 17}, spanEnd = SourcePos {posLine = 140, posColumn = 18}}, locValue = TokenIdent "x"},Located {locSpan = SourceSpan {spanFilename = "<input>", spanStart = SourcePos {posLine = 140, posColumn = 18}, spanEnd = SourcePos {posLine = 140, posColumn = 19}}, locValue = TokenDelimiter DelimRightParen},Located {locSpan = SourceSpan {spanFilename = "<input>", spanStart = SourcePos {posLine = 140, posColumn = 19}, spanEnd = SourcePos {posLine = 140, posColumn = 20}}, locValue = TokenDelimiter DelimColon},Located {locSpan = SourceSpan {spanFilename = "<input>", spanStart = SourcePos {posLine = 140, posColumn = 1}, spanEnd = SourcePos {posLine = 141, posColumn = 1}}, locValue = TokenNewline},Located {locSpan = SourceSpan {spanFilename = "<input>", spanStart = SourcePos {posLine = 141, posColumn = 1}, spanEnd = SourcePos {posLine = 141, posColumn = 5}}, locValue = TokenIndent 4},Located {locSpan = SourceSpan {spanFilename = "<input>", spanStart = SourcePos {posLine = 141, posColumn = 5}, spanEnd = SourcePos {posLine = 141, posColumn = 33}}, locValue = TokenComment "# Function 35 implementation"},Located {locSpan = SourceSpan {spanFilename = "<input>", spanStart = SourcePos {posLine = 141, posColumn = 1}, spanEnd = SourcePos {posLine = 142, posColumn = 1}}, locValue = TokenNewline},Located {locSpan = SourceSpan {spanFilename = "<input>", spanStart = SourcePos {posLine = 142, posColumn = 5}, spanEnd = SourcePos {posLine = 142, posColumn = 11}}, locValue = TokenIdent "result"},Located {locSpan = SourceSpan {spanFilename = "<input>", spanStart = SourcePos {posLine = 142, posColumn = 12}, spanEnd = SourcePos {posLine = 142, posColumn = 13}}, locValue = TokenOperator OpAssign},Located {locSpan = SourceSpan {spanFilename = "<input>", spanStart = SourcePos {posLine = 142, posColumn = 14}, spanEnd = SourcePos {posLine = 142, posColumn = 15}}, locValue = TokenIdent "x"},Located {locSpan = SourceSpan {spanFilename = "<input>", spanStart = SourcePos {posLine = 142, posColumn = 16}, spanEnd = SourcePos {posLine = 142, posColumn = 17}}, locValue = TokenOperator OpMult},Located {locSpan = SourceSpan {spanFilename = "<input>", spanStart = SourcePos {posLine = 142, posColumn = 18}, spanEnd = SourcePos {posLine = 142, posColumn = 20}}, locValue = TokenNumber "35" False},Located {locSpan = SourceSpan {spanFilename = "<input>", spanStart = SourcePos {posLine = 142, posColumn = 21}, spanEnd = SourcePos {posLine = 142, posColumn = 22}}, locValue = TokenOperator OpPlus},Located {locSpan = SourceSpan {spanFilename = "<input>", spanStart = SourcePos {posLine = 142, posColumn = 23}, spanEnd = SourcePos {posLine = 142, posColumn = 27}}, locValue = TokenIdent "math"},Located {locSpan = SourceSpan {spanFilename = "<input>", spanStart = SourcePos {posLine = 142, posColumn = 27}, spanEnd = SourcePos {posLine = 142, posColumn = 28}}, locValue = TokenDelimiter DelimDot},Located {locSpan = SourceSpan {spanFilename = "<input>", spanStart = SourcePos {posLine = 142, posColumn = 28}, spanEnd = SourcePos {posLine = 142, posColumn = 32}}, locValue = TokenIdent "sqrt"},Located {locSpan = SourceSpan {spanFilename = "<input>", spanStart = SourcePos {posLine = 142, posColumn = 32}, spanEnd = SourcePos {posLine = 142, posColumn = 33}}, locValue = TokenDelimiter DelimLeftParen},Located {locSpan = SourceSpan {spanFilename = "<input>", spanStart = SourcePos {posLine = 142, posColumn = 33}, spanEnd = SourcePos {posLine = 142, posColumn = 35}}, locValue = TokenNumber "35" False},Located {locSpan = SourceSpan {spanFilename = "<input>", spanStart = SourcePos {posLine = 142, posColumn = 35}, spanEnd = SourcePos {posLine = 142, posColumn = 36}}, locValue = TokenDelimiter DelimRightParen},Located {locSpan = SourceSpan {spanFilename = "<input>", spanStart = SourcePos {posLine = 142, posColumn = 1}, spanEnd = SourcePos {posLine = 143, posColumn = 1}}, locValue = TokenNewline},Located {locSpan = SourceSpan {spanFilename = "<input>", spanStart = SourcePos {posLine = 143, posColumn = 5}, spanEnd = SourcePos {posLine = 143, posColumn = 11}}, locValue = TokenKeyword KwReturn},Located {locSpan = SourceSpan {spanFilename = "<input>", spanStart = SourcePos {posLine = 143, posColumn = 12}, spanEnd = SourcePos {posLine = 143, posColumn = 18}}, locValue = TokenIdent "result"},Located {locSpan = SourceSpan {spanFilename = "<input>", spanStart = SourcePos {posLine = 143, posColumn = 1}, spanEnd = SourcePos {posLine = 144, posColumn = 1}}, locValue = TokenNewline},Located {locSpan = SourceSpan {spanFilename = "<input>", spanStart = SourcePos {posLine = 144, posColumn = 1}, spanEnd = SourcePos {posLine = 144, posColumn = 1}}, locValue = TokenDedent 4},Located {locSpan = SourceSpan {spanFilename = "<input>", spanStart = SourcePos {posLine = 144, posColumn = 1}, spanEnd = SourcePos {posLine = 144, posColumn = 4}}, locValue = TokenKeyword KwDef},Located {locSpan = SourceSpan {spanFilename = "<input>", spanStart = SourcePos {posLine = 144, posColumn = 5}, spanEnd = SourcePos {posLine = 144, posColumn = 16}}, locValue = TokenIdent "function_36"},Located {locSpan = SourceSpan {spanFilename = "<input>", spanStart = SourcePos {posLine = 144, posColumn = 16}, spanEnd = SourcePos {posLine = 144, posColumn = 17}}, locValue = TokenDelimiter DelimLeftParen},Located {locSpan = SourceSpan {spanFilename = "<input>", spanStart = SourcePos {posLine = 144, posColumn = 17}, spanEnd = SourcePos {posLine = 144, posColumn = 18}}, locValue = TokenIdent "x"},Located {locSpan = SourceSpan {spanFilename = "<input>", spanStart = SourcePos {posLine = 144, posColumn = 18}, spanEnd = SourcePos {posLine = 144, posColumn = 19}}, locValue = TokenDelimiter DelimRightParen},Located {locSpan = SourceSpan {spanFilename = "<input>", spanStart = SourcePos {posLine = 144, posColumn = 19}, spanEnd = SourcePos {posLine = 144, posColumn = 20}}, locValue = TokenDelimiter DelimColon},Located {locSpan = SourceSpan {spanFilename = "<input>", spanStart = SourcePos {posLine = 144, posColumn = 1}, spanEnd = SourcePos {posLine = 145, posColumn = 1}}, locValue = TokenNewline},Located {locSpan = SourceSpan {spanFilename = "<input>", spanStart = SourcePos {posLine = 145, posColumn = 1}, spanEnd = SourcePos {posLine = 145, posColumn = 5}}, locValue = TokenIndent 4},Located {locSpan = SourceSpan {spanFilename = "<input>", spanStart = SourcePos {posLine = 145, posColumn = 5}, spanEnd = SourcePos {posLine = 145, posColumn = 33}}, locValue = TokenComment "# Function 36 implementation"},Located {locSpan = SourceSpan {spanFilename = "<input>", spanStart = SourcePos {posLine = 145, posColumn = 1}, spanEnd = SourcePos {posLine = 146, posColumn = 1}}, locValue = TokenNewline},Located {locSpan = SourceSpan {spanFilename = "<input>", spanStart = SourcePos {posLine = 146, posColumn = 5}, spanEnd = SourcePos {posLine = 146, posColumn = 11}}, locValue = TokenIdent "result"},Located {locSpan = SourceSpan {spanFilename = "<input>", spanStart = SourcePos {posLine = 146, posColumn = 12}, spanEnd = SourcePos {posLine = 146, posColumn = 13}}, locValue = TokenOperator OpAssign},Located {locSpan = SourceSpan {spanFilename = "<input>", spanStart = SourcePos {posLine = 146, posColumn = 14}, spanEnd = SourcePos {posLine = 146, posColumn = 15}}, locValue = TokenIdent "x"},Located {locSpan = SourceSpan {spanFilename = "<input>", spanStart = SourcePos {posLine = 146, posColumn = 16}, spanEnd = SourcePos {posLine = 146, posColumn = 17}}, locValue = TokenOperator OpMult},Located {locSpan = SourceSpan {spanFilename = "<input>", spanStart = SourcePos {posLine = 146, posColumn = 18}, spanEnd = SourcePos {posLine = 146, posColumn = 20}}, locValue = TokenNumber "36" False},Located {locSpan = SourceSpan {spanFilename = "<input>", spanStart = SourcePos {posLine = 146, posColumn = 21}, spanEnd = SourcePos {posLine = 146, posColumn = 22}}, locValue = TokenOperator OpPlus},Located {locSpan = SourceSpan {spanFilename = "<input>", spanStart = SourcePos {posLine = 146, posColumn = 23}, spanEnd = SourcePos {posLine = 146, posColumn = 27}}, locValue = TokenIdent "math"},Located {locSpan = SourceSpan {spanFilename = "<input>", spanStart = SourcePos {posLine = 146, posColumn = 27}, spanEnd = SourcePos {posLine = 146, posColumn = 28}}, locValue = TokenDelimiter DelimDot},Located {locSpan = SourceSpan {spanFilename = "<input>", spanStart = SourcePos {posLine = 146, posColumn = 28}, spanEnd = SourcePos {posLine = 146, posColumn = 32}}, locValue = TokenIdent "sqrt"},Located {locSpan = SourceSpan {spanFilename = "<input>", spanStart = SourcePos {posLine = 146, posColumn = 32}, spanEnd = SourcePos {posLine = 146, posColumn = 33}}, locValue = TokenDelimiter DelimLeftParen},Located {locSpan = SourceSpan {spanFilename = "<input>", spanStart = SourcePos {posLine = 146, posColumn = 33}, spanEnd = SourcePos {posLine = 146, posColumn = 35}}, locValue = TokenNumber "36" False},Located {locSpan = SourceSpan {spanFilename = "<input>", spanStart = SourcePos {posLine = 146, posColumn = 35}, spanEnd = SourcePos {posLine = 146, posColumn = 36}}, locValue = TokenDelimiter DelimRightParen},Located {locSpan = SourceSpan {spanFilename = "<input>", spanStart = SourcePos {posLine = 146, posColumn = 1}, spanEnd = SourcePos {posLine = 147, posColumn = 1}}, locValue = TokenNewline},Located {locSpan = SourceSpan {spanFilename = "<input>", spanStart = SourcePos {posLine = 147, posColumn = 5}, spanEnd = SourcePos {posLine = 147, posColumn = 11}}, locValue = TokenKeyword KwReturn},Located {locSpan = SourceSpan {spanFilename = "<input>", spanStart = SourcePos {posLine = 147, posColumn = 12}, spanEnd = SourcePos {posLine = 147, posColumn = 18}}, locValue = TokenIdent "result"},Located {locSpan = SourceSpan {spanFilename = "<input>", spanStart = SourcePos {posLine = 147, posColumn = 1}, spanEnd = SourcePos {posLine = 148, posColumn = 1}}, locValue = TokenNewline},Located {locSpan = SourceSpan {spanFilename = "<input>", spanStart = SourcePos {posLine = 148, posColumn = 1}, spanEnd = SourcePos {posLine = 148, posColumn = 1}}, locValue = TokenDedent 4},Located {locSpan = SourceSpan {spanFilename = "<input>", spanStart = SourcePos {posLine = 148, posColumn = 1}, spanEnd = SourcePos {posLine = 148, posColumn = 4}}, locValue = TokenKeyword KwDef},Located {locSpan = SourceSpan {spanFilename = "<input>", spanStart = SourcePos {posLine = 148, posColumn = 5}, spanEnd = SourcePos {posLine = 148, posColumn = 16}}, locValue = TokenIdent "function_37"},Located {locSpan = SourceSpan {spanFilename = "<input>", spanStart = SourcePos {posLine = 148, posColumn = 16}, spanEnd = SourcePos {posLine = 148, posColumn = 17}}, locValue = TokenDelimiter DelimLeftParen},Located {locSpan = SourceSpan {spanFilename = "<input>", spanStart = SourcePos {posLine = 148, posColumn = 17}, spanEnd = SourcePos {posLine = 148, posColumn = 18}}, locValue = TokenIdent "x"},Located {locSpan = SourceSpan {spanFilename = "<input>", spanStart = SourcePos {posLine = 148, posColumn = 18}, spanEnd = SourcePos {posLine = 148, posColumn = 19}}, locValue = TokenDelimiter DelimRightParen},Located {locSpan = SourceSpan {spanFilename = "<input>", spanStart = SourcePos {posLine = 148, posColumn = 19}, spanEnd = SourcePos {posLine = 148, posColumn = 20}}, locValue = TokenDelimiter DelimColon},Located {locSpan = SourceSpan {spanFilename = "<input>", spanStart = SourcePos {posLine = 148, posColumn = 1}, spanEnd = SourcePos {posLine = 149, posColumn = 1}}, locValue = TokenNewline},Located {locSpan = SourceSpan {spanFilename = "<input>", spanStart = SourcePos {posLine = 149, posColumn = 1}, spanEnd = SourcePos {posLine = 149, posColumn = 5}}, locValue = TokenIndent 4},Located {locSpan = SourceSpan {spanFilename = "<input>", spanStart = SourcePos {posLine = 149, posColumn = 5}, spanEnd = SourcePos {posLine = 149, posColumn = 33}}, locValue = TokenComment "# Function 37 implementation"},Located {locSpan = SourceSpan {spanFilename = "<input>", spanStart = SourcePos {posLine = 149, posColumn = 1}, spanEnd = SourcePos {posLine = 150, posColumn = 1}}, locValue = TokenNewline},Located {locSpan = SourceSpan {spanFilename = "<input>", spanStart = SourcePos {posLine = 150, posColumn = 5}, spanEnd = SourcePos {posLine = 150, posColumn = 11}}, locValue = TokenIdent "result"},Located {locSpan = SourceSpan {spanFilename = "<input>", spanStart = SourcePos {posLine = 150, posColumn = 12}, spanEnd = SourcePos {posLine = 150, posColumn = 13}}, locValue = TokenOperator OpAssign},Located {locSpan = SourceSpan {spanFilename = "<input>", spanStart = SourcePos {posLine = 150, posColumn = 14}, spanEnd = SourcePos {posLine = 150, posColumn = 15}}, locValue = TokenIdent "x"},Located {locSpan = SourceSpan {spanFilename = "<input>", spanStart = SourcePos {posLine = 150, posColumn = 16}, spanEnd = SourcePos {posLine = 150, posColumn = 17}}, locValue = TokenOperator OpMult},Located {locSpan = SourceSpan {spanFilename = "<input>", spanStart = SourcePos {posLine = 150, posColumn = 18}, spanEnd = SourcePos {posLine = 150, posColumn = 20}}, locValue = TokenNumber "37" False},Located {locSpan = SourceSpan {spanFilename = "<input>", spanStart = SourcePos {posLine = 150, posColumn = 21}, spanEnd = SourcePos {posLine = 150, posColumn = 22}}, locValue = TokenOperator OpPlus},Located {locSpan = SourceSpan {spanFilename = "<input>", spanStart = SourcePos {posLine = 150, posColumn = 23}, spanEnd = SourcePos {posLine = 150, posColumn = 27}}, locValue = TokenIdent "math"},Located {locSpan = SourceSpan {spanFilename = "<input>", spanStart = SourcePos {posLine = 150, posColumn = 27}, spanEnd = SourcePos {posLine = 150, posColumn = 28}}, locValue = TokenDelimiter DelimDot},Located {locSpan = SourceSpan {spanFilename = "<input>", spanStart = SourcePos {posLine = 150, posColumn = 28}, spanEnd = SourcePos {posLine = 150, posColumn = 32}}, locValue = TokenIdent "sqrt"},Located {locSpan = SourceSpan {spanFilename = "<input>", spanStart = SourcePos {posLine = 150, posColumn = 32}, spanEnd = SourcePos {posLine = 150, posColumn = 33}}, locValue = TokenDelimiter DelimLeftParen},Located {locSpan = SourceSpan {spanFilename = "<input>", spanStart = SourcePos {posLine = 150, posColumn = 33}, spanEnd = SourcePos {posLine = 150, posColumn = 35}}, locValue = TokenNumber "37" False},Located {locSpan = SourceSpan {spanFilename = "<input>", spanStart = SourcePos {posLine = 150, posColumn = 35}, spanEnd = SourcePos {posLine = 150, posColumn = 36}}, locValue = TokenDelimiter DelimRightParen},Located {locSpan = SourceSpan {spanFilename = "<input>", spanStart = SourcePos {posLine = 150, posColumn = 1}, spanEnd = SourcePos {posLine = 151, posColumn = 1}}, locValue = TokenNewline},Located {locSpan = SourceSpan {spanFilename = "<input>", spanStart = SourcePos {posLine = 151, posColumn = 5}, spanEnd = SourcePos {posLine = 151, posColumn = 11}}, locValue = TokenKeyword KwReturn},Located {locSpan = SourceSpan {spanFilename = "<input>", spanStart = SourcePos {posLine = 151, posColumn = 12}, spanEnd = SourcePos {posLine = 151, posColumn = 18}}, locValue = TokenIdent "result"},Located {locSpan = SourceSpan {spanFilename = "<input>", spanStart = SourcePos {posLine = 151, posColumn = 1}, spanEnd = SourcePos {posLine = 152, posColumn = 1}}, locValue = TokenNewline},Located {locSpan = SourceSpan {spanFilename = "<input>", spanStart = SourcePos {posLine = 152, posColumn = 1}, spanEnd = SourcePos {posLine = 152, posColumn = 1}}, locValue = TokenDedent 4},Located {locSpan = SourceSpan {spanFilename = "<input>", spanStart = SourcePos {posLine = 152, posColumn = 1}, spanEnd = SourcePos {posLine = 152, posColumn = 4}}, locValue = TokenKeyword KwDef},Located {locSpan = SourceSpan {spanFilename = "<input>", spanStart = SourcePos {posLine = 152, posColumn = 5}, spanEnd = SourcePos {posLine = 152, posColumn = 16}}, locValue = TokenIdent "function_38"},Located {locSpan = SourceSpan {spanFilename = "<input>", spanStart = SourcePos {posLine = 152, posColumn = 16}, spanEnd = SourcePos {posLine = 152, posColumn = 17}}, locValue = TokenDelimiter DelimLeftParen},Located {locSpan = SourceSpan {spanFilename = "<input>", spanStart = SourcePos {posLine = 152, posColumn = 17}, spanEnd = SourcePos {posLine = 152, posColumn = 18}}, locValue = TokenIdent "x"},Located {locSpan = SourceSpan {spanFilename = "<input>", spanStart = SourcePos {posLine = 152, posColumn = 18}, spanEnd = SourcePos {posLine = 152, posColumn = 19}}, locValue = TokenDelimiter DelimRightParen},Located {locSpan = SourceSpan {spanFilename = "<input>", spanStart = SourcePos {posLine = 152, posColumn = 19}, spanEnd = SourcePos {posLine = 152, posColumn = 20}}, locValue = TokenDelimiter DelimColon},Located {locSpan = SourceSpan {spanFilename = "<input>", spanStart = SourcePos {posLine = 152, posColumn = 1}, spanEnd = SourcePos {posLine = 153, posColumn = 1}}, locValue = TokenNewline},Located {locSpan = SourceSpan {spanFilename = "<input>", spanStart = SourcePos {posLine = 153, posColumn = 1}, spanEnd = SourcePos {posLine = 153, posColumn = 5}}, locValue = TokenIndent 4},Located {locSpan = SourceSpan {spanFilename = "<input>", spanStart = SourcePos {posLine = 153, posColumn = 5}, spanEnd = SourcePos {posLine = 153, posColumn = 33}}, locValue = TokenComment "# Function 38 implementation"},Located {locSpan = SourceSpan {spanFilename = "<input>", spanStart = SourcePos {posLine = 153, posColumn = 1}, spanEnd = SourcePos {posLine = 154, posColumn = 1}}, locValue = TokenNewline},Located {locSpan = SourceSpan {spanFilename = "<input>", spanStart = SourcePos {posLine = 154, posColumn = 5}, spanEnd = SourcePos {posLine = 154, posColumn = 11}}, locValue = TokenIdent "result"},Located {locSpan = SourceSpan {spanFilename = "<input>", spanStart = SourcePos {posLine = 154, posColumn = 12}, spanEnd = SourcePos {posLine = 154, posColumn = 13}}, locValue = TokenOperator OpAssign},Located {locSpan = SourceSpan {spanFilename = "<input>", spanStart = SourcePos {posLine = 154, posColumn = 14}, spanEnd = SourcePos {posLine = 154, posColumn = 15}}, locValue = TokenIdent "x"},Located {locSpan = SourceSpan {spanFilename = "<input>", spanStart = SourcePos {posLine = 154, posColumn = 16}, spanEnd = SourcePos {posLine = 154, posColumn = 17}}, locValue = TokenOperator OpMult},Located {locSpan = SourceSpan {spanFilename = "<input>", spanStart = SourcePos {posLine = 154, posColumn = 18}, spanEnd = SourcePos {posLine = 154, posColumn = 20}}, locValue = TokenNumber "38" False},Located {locSpan = SourceSpan {spanFilename = "<input>", spanStart = SourcePos {posLine = 154, posColumn = 21}, spanEnd = SourcePos {posLine = 154, posColumn = 22}}, locValue = TokenOperator OpPlus},Located {locSpan = SourceSpan {spanFilename = "<input>", spanStart = SourcePos {posLine = 154, posColumn = 23}, spanEnd = SourcePos {posLine = 154, posColumn = 27}}, locValue = TokenIdent "math"},Located {locSpan = SourceSpan {spanFilename = "<input>", spanStart = SourcePos {posLine = 154, posColumn = 27}, spanEnd = SourcePos {posLine = 154, posColumn = 28}}, locValue = TokenDelimiter DelimDot},Located {locSpan = SourceSpan {spanFilename = "<input>", spanStart = SourcePos {posLine = 154, posColumn = 28}, spanEnd = SourcePos {posLine = 154, posColumn = 32}}, locValue = TokenIdent "sqrt"},Located {locSpan = SourceSpan {spanFilename = "<input>", spanStart = SourcePos {posLine = 154, posColumn = 32}, spanEnd = SourcePos {posLine = 154, posColumn = 33}}, locValue = TokenDelimiter DelimLeftParen},Located {locSpan = SourceSpan {spanFilename = "<input>", spanStart = SourcePos {posLine = 154, posColumn = 33}, spanEnd = SourcePos {posLine = 154, posColumn = 35}}, locValue = TokenNumber "38" False},Located {locSpan = SourceSpan {spanFilename = "<input>", spanStart = SourcePos {posLine = 154, posColumn = 35}, spanEnd = SourcePos {posLine = 154, posColumn = 36}}, locValue = TokenDelimiter DelimRightParen},Located {locSpan = SourceSpan {spanFilename = "<input>", spanStart = SourcePos {posLine = 154, posColumn = 1}, spanEnd = SourcePos {posLine = 155, posColumn = 1}}, locValue = TokenNewline},Located {locSpan = SourceSpan {spanFilename = "<input>", spanStart = SourcePos {posLine = 155, posColumn = 5}, spanEnd = SourcePos {posLine = 155, posColumn = 11}}, locValue = TokenKeyword KwReturn},Located {locSpan = SourceSpan {spanFilename = "<input>", spanStart = SourcePos {posLine = 155, posColumn = 12}, spanEnd = SourcePos {posLine = 155, posColumn = 18}}, locValue = TokenIdent "result"},Located {locSpan = SourceSpan {spanFilename = "<input>", spanStart = SourcePos {posLine = 155, posColumn = 1}, spanEnd = SourcePos {posLine = 156, posColumn = 1}}, locValue = TokenNewline},Located {locSpan = SourceSpan {spanFilename = "<input>", spanStart = SourcePos {posLine = 156, posColumn = 1}, spanEnd = SourcePos {posLine = 156, posColumn = 1}}, locValue = TokenDedent 4},Located {locSpan = SourceSpan {spanFilename = "<input>", spanStart = SourcePos {posLine = 156, posColumn = 1}, spanEnd = SourcePos {posLine = 156, posColumn = 4}}, locValue = TokenKeyword KwDef},Located {locSpan = SourceSpan {spanFilename = "<input>", spanStart = SourcePos {posLine = 156, posColumn = 5}, spanEnd = SourcePos {posLine = 156, posColumn = 16}}, locValue = TokenIdent "function_39"},Located {locSpan = SourceSpan {spanFilename = "<input>", spanStart = SourcePos {posLine = 156, posColumn = 16}, spanEnd = SourcePos {posLine = 156, posColumn = 17}}, locValue = TokenDelimiter DelimLeftParen},Located {locSpan = SourceSpan {spanFilename = "<input>", spanStart = SourcePos {posLine = 156, posColumn = 17}, spanEnd = SourcePos {posLine = 156, posColumn = 18}}, locValue = TokenIdent "x"},Located {locSpan = SourceSpan {spanFilename = "<input>", spanStart = SourcePos {posLine = 156, posColumn = 18}, spanEnd = SourcePos {posLine = 156, posColumn = 19}}, locValue = TokenDelimiter DelimRightParen},Located {locSpan = SourceSpan {spanFilename = "<input>", spanStart = SourcePos {posLine = 156, posColumn = 19}, spanEnd = SourcePos {posLine = 156, posColumn = 20}}, locValue = TokenDelimiter DelimColon},Located {locSpan = SourceSpan {spanFilename = "<input>", spanStart = SourcePos {posLine = 156, posColumn = 1}, spanEnd = SourcePos {posLine = 157, posColumn = 1}}, locValue = TokenNewline},Located {locSpan = SourceSpan {spanFilename = "<input>", spanStart = SourcePos {posLine = 157, posColumn = 1}, spanEnd = SourcePos {posLine = 157, posColumn = 5}}, locValue = TokenIndent 4},Located {locSpan = SourceSpan {spanFilename = "<input>", spanStart = SourcePos {posLine = 157, posColumn = 5}, spanEnd = SourcePos {posLine = 157, posColumn = 33}}, locValue = TokenComment "# Function 39 implementation"},Located {locSpan = SourceSpan {spanFilename = "<input>", spanStart = SourcePos {posLine = 157, posColumn = 1}, spanEnd = SourcePos {posLine = 158, posColumn = 1}}, locValue = TokenNewline},Located {locSpan = SourceSpan {spanFilename = "<input>", spanStart = SourcePos {posLine = 158, posColumn = 5}, spanEnd = SourcePos {posLine = 158, posColumn = 11}}, locValue = TokenIdent "result"},Located {locSpan = SourceSpan {spanFilename = "<input>", spanStart = SourcePos {posLine = 158, posColumn = 12}, spanEnd = SourcePos {posLine = 158, posColumn = 13}}, locValue = TokenOperator OpAssign},Located {locSpan = SourceSpan {spanFilename = "<input>", spanStart = SourcePos {posLine = 158, posColumn = 14}, spanEnd = SourcePos {posLine = 158, posColumn = 15}}, locValue = TokenIdent "x"},Located {locSpan = SourceSpan {spanFilename = "<input>", spanStart = SourcePos {posLine = 158, posColumn = 16}, spanEnd = SourcePos {posLine = 158, posColumn = 17}}, locValue = TokenOperator OpMult},Located {locSpan = SourceSpan {spanFilename = "<input>", spanStart = SourcePos {posLine = 158, posColumn = 18}, spanEnd = SourcePos {posLine = 158, posColumn = 20}}, locValue = TokenNumber "39" False},Located {locSpan = SourceSpan {spanFilename = "<input>", spanStart = SourcePos {posLine = 158, posColumn = 21}, spanEnd = SourcePos {posLine = 158, posColumn = 22}}, locValue = TokenOperator OpPlus},Located {locSpan = SourceSpan {spanFilename = "<input>", spanStart = SourcePos {posLine = 158, posColumn = 23}, spanEnd = SourcePos {posLine = 158, posColumn = 27}}, locValue = TokenIdent "math"},Located {locSpan = SourceSpan {spanFilename = "<input>", spanStart = SourcePos {posLine = 158, posColumn = 27}, spanEnd = SourcePos {posLine = 158, posColumn = 28}}, locValue = TokenDelimiter DelimDot},Located {locSpan = SourceSpan {spanFilename = "<input>", spanStart = SourcePos {posLine = 158, posColumn = 28}, spanEnd = SourcePos {posLine = 158, posColumn = 32}}, locValue = TokenIdent "sqrt"},Located {locSpan = SourceSpan {spanFilename = "<input>", spanStart = SourcePos {posLine = 158, posColumn = 32}, spanEnd = SourcePos {posLine = 158, posColumn = 33}}, locValue = TokenDelimiter DelimLeftParen},Located {locSpan = SourceSpan {spanFilename = "<input>", spanStart = SourcePos {posLine = 158, posColumn = 33}, spanEnd = SourcePos {posLine = 158, posColumn = 35}}, locValue = TokenNumber "39" False},Located {locSpan = SourceSpan {spanFilename = "<input>", spanStart = SourcePos {posLine = 158, posColumn = 35}, spanEnd = SourcePos {posLine = 158, posColumn = 36}}, locValue = TokenDelimiter DelimRightParen},Located {locSpan = SourceSpan {spanFilename = "<input>", spanStart = SourcePos {posLine = 158, posColumn = 1}, spanEnd = SourcePos {posLine = 159, posColumn = 1}}, locValue = TokenNewline},Located {locSpan = SourceSpan {spanFilename = "<input>", spanStart = SourcePos {posLine = 159, posColumn = 5}, spanEnd = SourcePos {posLine = 159, posColumn = 11}}, locValue = TokenKeyword KwReturn},Located {locSpan = SourceSpan {spanFilename = "<input>", spanStart = SourcePos {posLine = 159, posColumn = 12}, spanEnd = SourcePos {posLine = 159, posColumn = 18}}, locValue = TokenIdent "result"},Located {locSpan = SourceSpan {spanFilename = "<input>", spanStart = SourcePos {posLine = 159, posColumn = 1}, spanEnd = SourcePos {posLine = 160, posColumn = 1}}, locValue = TokenNewline},Located {locSpan = SourceSpan {spanFilename = "<input>", spanStart = SourcePos {posLine = 160, posColumn = 1}, spanEnd = SourcePos {posLine = 160, posColumn = 1}}, locValue = TokenDedent 4},Located {locSpan = SourceSpan {spanFilename = "<input>", spanStart = SourcePos {posLine = 160, posColumn = 1}, spanEnd = SourcePos {posLine = 160, posColumn = 4}}, locValue = TokenKeyword KwDef},Located {locSpan = SourceSpan {spanFilename = "<input>", spanStart = SourcePos {posLine = 160, posColumn = 5}, spanEnd = SourcePos {posLine = 160, posColumn = 16}}, locValue = TokenIdent "function_40"},Located {locSpan = SourceSpan {spanFilename = "<input>", spanStart = SourcePos {posLine = 160, posColumn = 16}, spanEnd = SourcePos {posLine = 160, posColumn = 17}}, locValue = TokenDelimiter DelimLeftParen},Located {locSpan = SourceSpan {spanFilename = "<input>", spanStart = SourcePos {posLine = 160, posColumn = 17}, spanEnd = SourcePos {posLine = 160, posColumn = 18}}, locValue = TokenIdent "x"},Located {locSpan = SourceSpan {spanFilename = "<input>", spanStart = SourcePos {posLine = 160, posColumn = 18}, spanEnd = SourcePos {posLine = 160, posColumn = 19}}, locValue = TokenDelimiter DelimRightParen},Located {locSpan = SourceSpan {spanFilename = "<input>", spanStart = SourcePos {posLine = 160, posColumn = 19}, spanEnd = SourcePos {posLine = 160, posColumn = 20}}, locValue = TokenDelimiter DelimColon},Located {locSpan = SourceSpan {spanFilename = "<input>", spanStart = SourcePos {posLine = 160, posColumn = 1}, spanEnd = SourcePos {posLine = 161, posColumn = 1}}, locValue = TokenNewline},Located {locSpan = SourceSpan {spanFilename = "<input>", spanStart = SourcePos {posLine = 161, posColumn = 1}, spanEnd = SourcePos {posLine = 161, posColumn = 5}}, locValue = TokenIndent 4},Located {locSpan = SourceSpan {spanFilename = "<input>", spanStart = SourcePos {posLine = 161, posColumn = 5}, spanEnd = SourcePos {posLine = 161, posColumn = 33}}, locValue = TokenComment "# Function 40 implementation"},Located {locSpan = SourceSpan {spanFilename = "<input>", spanStart = SourcePos {posLine = 161, posColumn = 1}, spanEnd = SourcePos {posLine = 162, posColumn = 1}}, locValue = TokenNewline},Located {locSpan = SourceSpan {spanFilename = "<input>", spanStart = SourcePos {posLine = 162, posColumn = 5}, spanEnd = SourcePos {posLine = 162, posColumn = 11}}, locValue = TokenIdent "result"},Located {locSpan = SourceSpan {spanFilename = "<input>", spanStart = SourcePos {posLine = 162, posColumn = 12}, spanEnd = SourcePos {posLine = 162, posColumn = 13}}, locValue = TokenOperator OpAssign},Located {locSpan = SourceSpan {spanFilename = "<input>", spanStart = SourcePos {posLine = 162, posColumn = 14}, spanEnd = SourcePos {posLine = 162, posColumn = 15}}, locValue = TokenIdent "x"},Located {locSpan = SourceSpan {spanFilename = "<input>", spanStart = SourcePos {posLine = 162, posColumn = 16}, spanEnd = SourcePos {posLine = 162, posColumn = 17}}, locValue = TokenOperator OpMult},Located {locSpan = SourceSpan {spanFilename = "<input>", spanStart = SourcePos {posLine = 162, posColumn = 18}, spanEnd = SourcePos {posLine = 162, posColumn = 20}}, locValue = TokenNumber "40" False},Located {locSpan = SourceSpan {spanFilename = "<input>", spanStart = SourcePos {posLine = 162, posColumn = 21}, spanEnd = SourcePos {posLine = 162, posColumn = 22}}, locValue = TokenOperator OpPlus},Located {locSpan = SourceSpan {spanFilename = "<input>", spanStart = SourcePos {posLine = 162, posColumn = 23}, spanEnd = SourcePos {posLine = 162, posColumn = 27}}, locValue = TokenIdent "math"},Located {locSpan = SourceSpan {spanFilename = "<input>", spanStart = SourcePos {posLine = 162, posColumn = 27}, spanEnd = SourcePos {posLine = 162, posColumn = 28}}, locValue = TokenDelimiter DelimDot},Located {locSpan = SourceSpan {spanFilename = "<input>", spanStart = SourcePos {posLine = 162, posColumn = 28}, spanEnd = SourcePos {posLine = 162, posColumn = 32}}, locValue = TokenIdent "sqrt"},Located {locSpan = SourceSpan {spanFilename = "<input>", spanStart = SourcePos {posLine = 162, posColumn = 32}, spanEnd = SourcePos {posLine = 162, posColumn = 33}}, locValue = TokenDelimiter DelimLeftParen},Located {locSpan = SourceSpan {spanFilename = "<input>", spanStart = SourcePos {posLine = 162, posColumn = 33}, spanEnd = SourcePos {posLine = 162, posColumn = 35}}, locValue = TokenNumber "40" False},Located {locSpan = SourceSpan {spanFilename = "<input>", spanStart = SourcePos {posLine = 162, posColumn = 35}, spanEnd = SourcePos {posLine = 162, posColumn = 36}}, locValue = TokenDelimiter DelimRightParen},Located {locSpan = SourceSpan {spanFilename = "<input>", spanStart = SourcePos {posLine = 162, posColumn = 1}, spanEnd = SourcePos {posLine = 163, posColumn = 1}}, locValue = TokenNewline},Located {locSpan = SourceSpan {spanFilename = "<input>", spanStart = SourcePos {posLine = 163, posColumn = 5}, spanEnd = SourcePos {posLine = 163, posColumn = 11}}, locValue = TokenKeyword KwReturn},Located {locSpan = SourceSpan {spanFilename = "<input>", spanStart = SourcePos {posLine = 163, posColumn = 12}, spanEnd = SourcePos {posLine = 163, posColumn = 18}}, locValue = TokenIdent "result"},Located {locSpan = SourceSpan {spanFilename = "<input>", spanStart = SourcePos {posLine = 163, posColumn = 1}, spanEnd = SourcePos {posLine = 164, posColumn = 1}}, locValue = TokenNewline},Located {locSpan = SourceSpan {spanFilename = "<input>", spanStart = SourcePos {posLine = 164, posColumn = 1}, spanEnd = SourcePos {posLine = 164, posColumn = 1}}, locValue = TokenDedent 4},Located {locSpan = SourceSpan {spanFilename = "<input>", spanStart = SourcePos {posLine = 164, posColumn = 1}, spanEnd = SourcePos {posLine = 164, posColumn = 4}}, locValue = TokenKeyword KwDef},Located {locSpan = SourceSpan {spanFilename = "<input>", spanStart = SourcePos {posLine = 164, posColumn = 5}, spanEnd = SourcePos {posLine = 164, posColumn = 16}}, locValue = TokenIdent "function_41"},Located {locSpan = SourceSpan {spanFilename = "<input>", spanStart = SourcePos {posLine = 164, posColumn = 16}, spanEnd = SourcePos {posLine = 164, posColumn = 17}}, locValue = TokenDelimiter DelimLeftParen},Located {locSpan = SourceSpan {spanFilename = "<input>", spanStart = SourcePos {posLine = 164, posColumn = 17}, spanEnd = SourcePos {posLine = 164, posColumn = 18}}, locValue = TokenIdent "x"},Located {locSpan = SourceSpan {spanFilename = "<input>", spanStart = SourcePos {posLine = 164, posColumn = 18}, spanEnd = SourcePos {posLine = 164, posColumn = 19}}, locValue = TokenDelimiter DelimRightParen},Located {locSpan = SourceSpan {spanFilename = "<input>", spanStart = SourcePos {posLine = 164, posColumn = 19}, spanEnd = SourcePos {posLine = 164, posColumn = 20}}, locValue = TokenDelimiter DelimColon},Located {locSpan = SourceSpan {spanFilename = "<input>", spanStart = SourcePos {posLine = 164, posColumn = 1}, spanEnd = SourcePos {posLine = 165, posColumn = 1}}, locValue = TokenNewline},Located {locSpan = SourceSpan {spanFilename = "<input>", spanStart = SourcePos {posLine = 165, posColumn = 1}, spanEnd = SourcePos {posLine = 165, posColumn = 5}}, locValue = TokenIndent 4},Located {locSpan = SourceSpan {spanFilename = "<input>", spanStart = SourcePos {posLine = 165, posColumn = 5}, spanEnd = SourcePos {posLine = 165, posColumn = 33}}, locValue = TokenComment "# Function 41 implementation"},Located {locSpan = SourceSpan {spanFilename = "<input>", spanStart = SourcePos {posLine = 165, posColumn = 1}, spanEnd = SourcePos {posLine = 166, posColumn = 1}}, locValue = TokenNewline},Located {locSpan = SourceSpan {spanFilename = "<input>", spanStart = SourcePos {posLine = 166, posColumn = 5}, spanEnd = SourcePos {posLine = 166, posColumn = 11}}, locValue = TokenIdent "result"},Located {locSpan = SourceSpan {spanFilename = "<input>", spanStart = SourcePos {posLine = 166, posColumn = 12}, spanEnd = SourcePos {posLine = 166, posColumn = 13}}, locValue = TokenOperator OpAssign},Located {locSpan = SourceSpan {spanFilename = "<input>", spanStart = SourcePos {posLine = 166, posColumn = 14}, spanEnd = SourcePos {posLine = 166, posColumn = 15}}, locValue = TokenIdent "x"},Located {locSpan = SourceSpan {spanFilename = "<input>", spanStart = SourcePos {posLine = 166, posColumn = 16}, spanEnd = SourcePos {posLine = 166, posColumn = 17}}, locValue = TokenOperator OpMult},Located {locSpan = SourceSpan {spanFilename = "<input>", spanStart = SourcePos {posLine = 166, posColumn = 18}, spanEnd = SourcePos {posLine = 166, posColumn = 20}}, locValue = TokenNumber "41" False},Located {locSpan = SourceSpan {spanFilename = "<input>", spanStart = SourcePos {posLine = 166, posColumn = 21}, spanEnd = SourcePos {posLine = 166, posColumn = 22}}, locValue = TokenOperator OpPlus},Located {locSpan = SourceSpan {spanFilename = "<input>", spanStart = SourcePos {posLine = 166, posColumn = 23}, spanEnd = SourcePos {posLine = 166, posColumn = 27}}, locValue = TokenIdent "math"},Located {locSpan = SourceSpan {spanFilename = "<input>", spanStart = SourcePos {posLine = 166, posColumn = 27}, spanEnd = SourcePos {posLine = 166, posColumn = 28}}, locValue = TokenDelimiter DelimDot},Located {locSpan = SourceSpan {spanFilename = "<input>", spanStart = SourcePos {posLine = 166, posColumn = 28}, spanEnd = SourcePos {posLine = 166, posColumn = 32}}, locValue = TokenIdent "sqrt"},Located {locSpan = SourceSpan {spanFilename = "<input>", spanStart = SourcePos {posLine = 166, posColumn = 32}, spanEnd = SourcePos {posLine = 166, posColumn = 33}}, locValue = TokenDelimiter DelimLeftParen},Located {locSpan = SourceSpan {spanFilename = "<input>", spanStart = SourcePos {posLine = 166, posColumn = 33}, spanEnd = SourcePos {posLine = 166, posColumn = 35}}, locValue = TokenNumber "41" False},Located {locSpan = SourceSpan {spanFilename = "<input>", spanStart = SourcePos {posLine = 166, posColumn = 35}, spanEnd = SourcePos {posLine = 166, posColumn = 36}}, locValue = TokenDelimiter DelimRightParen},Located {locSpan = SourceSpan {spanFilename = "<input>", spanStart = SourcePos {posLine = 166, posColumn = 1}, spanEnd = SourcePos {posLine = 167, posColumn = 1}}, locValue = TokenNewline},Located {locSpan = SourceSpan {spanFilename = "<input>", spanStart = SourcePos {posLine = 167, posColumn = 5}, spanEnd = SourcePos {posLine = 167, posColumn = 11}}, locValue = TokenKeyword KwReturn},Located {locSpan = SourceSpan {spanFilename = "<input>", spanStart = SourcePos {posLine = 167, posColumn = 12}, spanEnd = SourcePos {posLine = 167, posColumn = 18}}, locValue = TokenIdent "result"},Located {locSpan = SourceSpan {spanFilename = "<input>", spanStart = SourcePos {posLine = 167, posColumn = 1}, spanEnd = SourcePos {posLine = 168, posColumn = 1}}, locValue = TokenNewline},Located {locSpan = SourceSpan {spanFilename = "<input>", spanStart = SourcePos {posLine = 168, posColumn = 1}, spanEnd = SourcePos {posLine = 168, posColumn = 1}}, locValue = TokenDedent 4},Located {locSpan = SourceSpan {spanFilename = "<input>", spanStart = SourcePos {posLine = 168, posColumn = 1}, spanEnd = SourcePos {posLine = 168, posColumn = 4}}, locValue = TokenKeyword KwDef},Located {locSpan = SourceSpan {spanFilename = "<input>", spanStart = SourcePos {posLine = 168, posColumn = 5}, spanEnd = SourcePos {posLine = 168, posColumn = 16}}, locValue = TokenIdent "function_42"},Located {locSpan = SourceSpan {spanFilename = "<input>", spanStart = SourcePos {posLine = 168, posColumn = 16}, spanEnd = SourcePos {posLine = 168, posColumn = 17}}, locValue = TokenDelimiter DelimLeftParen},Located {locSpan = SourceSpan {spanFilename = "<input>", spanStart = SourcePos {posLine = 168, posColumn = 17}, spanEnd = SourcePos {posLine = 168, posColumn = 18}}, locValue = TokenIdent "x"},Located {locSpan = SourceSpan {spanFilename = "<input>", spanStart = SourcePos {posLine = 168, posColumn = 18}, spanEnd = SourcePos {posLine = 168, posColumn = 19}}, locValue = TokenDelimiter DelimRightParen},Located {locSpan = SourceSpan {spanFilename = "<input>", spanStart = SourcePos {posLine = 168, posColumn = 19}, spanEnd = SourcePos {posLine = 168, posColumn = 20}}, locValue = TokenDelimiter DelimColon},Located {locSpan = SourceSpan {spanFilename = "<input>", spanStart = SourcePos {posLine = 168, posColumn = 1}, spanEnd = SourcePos {posLine = 169, posColumn = 1}}, locValue = TokenNewline},Located {locSpan = SourceSpan {spanFilename = "<input>", spanStart = SourcePos {posLine = 169, posColumn = 1}, spanEnd = SourcePos {posLine = 169, posColumn = 5}}, locValue = TokenIndent 4},Located {locSpan = SourceSpan {spanFilename = "<input>", spanStart = SourcePos {posLine = 169, posColumn = 5}, spanEnd = SourcePos {posLine = 169, posColumn = 33}}, locValue = TokenComment "# Function 42 implementation"},Located {locSpan = SourceSpan {spanFilename = "<input>", spanStart = SourcePos {posLine = 169, posColumn = 1}, spanEnd = SourcePos {posLine = 170, posColumn = 1}}, locValue = TokenNewline},Located {locSpan = SourceSpan {spanFilename = "<input>", spanStart = SourcePos {posLine = 170, posColumn = 5}, spanEnd = SourcePos {posLine = 170, posColumn = 11}}, locValue = TokenIdent "result"},Located {locSpan = SourceSpan {spanFilename = "<input>", spanStart = SourcePos {posLine = 170, posColumn = 12}, spanEnd = SourcePos {posLine = 170, posColumn = 13}}, locValue = TokenOperator OpAssign},Located {locSpan = SourceSpan {spanFilename = "<input>", spanStart = SourcePos {posLine = 170, posColumn = 14}, spanEnd = SourcePos {posLine = 170, posColumn = 15}}, locValue = TokenIdent "x"},Located {locSpan = SourceSpan {spanFilename = "<input>", spanStart = SourcePos {posLine = 170, posColumn = 16}, spanEnd = SourcePos {posLine = 170, posColumn = 17}}, locValue = TokenOperator OpMult},Located {locSpan = SourceSpan {spanFilename = "<input>", spanStart = SourcePos {posLine = 170, posColumn = 18}, spanEnd = SourcePos {posLine = 170, posColumn = 20}}, locValue = TokenNumber "42" False},Located {locSpan = SourceSpan {spanFilename = "<input>", spanStart = SourcePos {posLine = 170, posColumn = 21}, spanEnd = SourcePos {posLine = 170, posColumn = 22}}, locValue = TokenOperator OpPlus},Located {locSpan = SourceSpan {spanFilename = "<input>", spanStart = SourcePos {posLine = 170, posColumn = 23}, spanEnd = SourcePos {posLine = 170, posColumn = 27}}, locValue = TokenIdent "math"},Located {locSpan = SourceSpan {spanFilename = "<input>", spanStart = SourcePos {posLine = 170, posColumn = 27}, spanEnd = SourcePos {posLine = 170, posColumn = 28}}, locValue = TokenDelimiter DelimDot},Located {locSpan = SourceSpan {spanFilename = "<input>", spanStart = SourcePos {posLine = 170, posColumn = 28}, spanEnd = SourcePos {posLine = 170, posColumn = 32}}, locValue = TokenIdent "sqrt"},Located {locSpan = SourceSpan {spanFilename = "<input>", spanStart = SourcePos {posLine = 170, posColumn = 32}, spanEnd = SourcePos {posLine = 170, posColumn = 33}}, locValue = TokenDelimiter DelimLeftParen},Located {locSpan = SourceSpan {spanFilename = "<input>", spanStart = SourcePos {posLine = 170, posColumn = 33}, spanEnd = SourcePos {posLine = 170, posColumn = 35}}, locValue = TokenNumber "42" False},Located {locSpan = SourceSpan {spanFilename = "<input>", spanStart = SourcePos {posLine = 170, posColumn = 35}, spanEnd = SourcePos {posLine = 170, posColumn = 36}}, locValue = TokenDelimiter DelimRightParen},Located {locSpan = SourceSpan {spanFilename = "<input>", spanStart = SourcePos {posLine = 170, posColumn = 1}, spanEnd = SourcePos {posLine = 171, posColumn = 1}}, locValue = TokenNewline},Located {locSpan = SourceSpan {spanFilename = "<input>", spanStart = SourcePos {posLine = 171, posColumn = 5}, spanEnd = SourcePos {posLine = 171, posColumn = 11}}, locValue = TokenKeyword KwReturn},Located {locSpan = SourceSpan {spanFilename = "<input>", spanStart = SourcePos {posLine = 171, posColumn = 12}, spanEnd = SourcePos {posLine = 171, posColumn = 18}}, locValue = TokenIdent "result"},Located {locSpan = SourceSpan {spanFilename = "<input>", spanStart = SourcePos {posLine = 171, posColumn = 1}, spanEnd = SourcePos {posLine = 172, posColumn = 1}}, locValue = TokenNewline},Located {locSpan = SourceSpan {spanFilename = "<input>", spanStart = SourcePos {posLine = 172, posColumn = 1}, spanEnd = SourcePos {posLine = 172, posColumn = 1}}, locValue = TokenDedent 4},Located {locSpan = SourceSpan {spanFilename = "<input>", spanStart = SourcePos {posLine = 172, posColumn = 1}, spanEnd = SourcePos {posLine = 172, posColumn = 4}}, locValue = TokenKeyword KwDef},Located {locSpan = SourceSpan {spanFilename = "<input>", spanStart = SourcePos {posLine = 172, posColumn = 5}, spanEnd = SourcePos {posLine = 172, posColumn = 16}}, locValue = TokenIdent "function_43"},Located {locSpan = SourceSpan {spanFilename = "<input>", spanStart = SourcePos {posLine = 172, posColumn = 16}, spanEnd = SourcePos {posLine = 172, posColumn = 17}}, locValue = TokenDelimiter DelimLeftParen},Located {locSpan = SourceSpan {spanFilename = "<input>", spanStart = SourcePos {posLine = 172, posColumn = 17}, spanEnd = SourcePos {posLine = 172, posColumn = 18}}, locValue = TokenIdent "x"},Located {locSpan = SourceSpan {spanFilename = "<input>", spanStart = SourcePos {posLine = 172, posColumn = 18}, spanEnd = SourcePos {posLine = 172, posColumn = 19}}, locValue = TokenDelimiter DelimRightParen},Located {locSpan = SourceSpan {spanFilename = "<input>", spanStart = SourcePos {posLine = 172, posColumn = 19}, spanEnd = SourcePos {posLine = 172, posColumn = 20}}, locValue = TokenDelimiter DelimColon},Located {locSpan = SourceSpan {spanFilename = "<input>", spanStart = SourcePos {posLine = 172, posColumn = 1}, spanEnd = SourcePos {posLine = 173, posColumn = 1}}, locValue = TokenNewline},Located {locSpan = SourceSpan {spanFilename = "<input>", spanStart = SourcePos {posLine = 173, posColumn = 1}, spanEnd = SourcePos {posLine = 173, posColumn = 5}}, locValue = TokenIndent 4},Located {locSpan = SourceSpan {spanFilename = "<input>", spanStart = SourcePos {posLine = 173, posColumn = 5}, spanEnd = SourcePos {posLine = 173, posColumn = 33}}, locValue = TokenComment "# Function 43 implementation"},Located {locSpan = SourceSpan {spanFilename = "<input>", spanStart = SourcePos {posLine = 173, posColumn = 1}, spanEnd = SourcePos {posLine = 174, posColumn = 1}}, locValue = TokenNewline},Located {locSpan = SourceSpan {spanFilename = "<input>", spanStart = SourcePos {posLine = 174, posColumn = 5}, spanEnd = SourcePos {posLine = 174, posColumn = 11}}, locValue = TokenIdent "result"},Located {locSpan = SourceSpan {spanFilename = "<input>", spanStart = SourcePos {posLine = 174, posColumn = 12}, spanEnd = SourcePos {posLine = 174, posColumn = 13}}, locValue = TokenOperator OpAssign},Located {locSpan = SourceSpan {spanFilename = "<input>", spanStart = SourcePos {posLine = 174, posColumn = 14}, spanEnd = SourcePos {posLine = 174, posColumn = 15}}, locValue = TokenIdent "x"},Located {locSpan = SourceSpan {spanFilename = "<input>", spanStart = SourcePos {posLine = 174, posColumn = 16}, spanEnd = SourcePos {posLine = 174, posColumn = 17}}, locValue = TokenOperator OpMult},Located {locSpan = SourceSpan {spanFilename = "<input>", spanStart = SourcePos {posLine = 174, posColumn = 18}, spanEnd = SourcePos {posLine = 174, posColumn = 20}}, locValue = TokenNumber "43" False},Located {locSpan = SourceSpan {spanFilename = "<input>", spanStart = SourcePos {posLine = 174, posColumn = 21}, spanEnd = SourcePos {posLine = 174, posColumn = 22}}, locValue = TokenOperator OpPlus},Located {locSpan = SourceSpan {spanFilename = "<input>", spanStart = SourcePos {posLine = 174, posColumn = 23}, spanEnd = SourcePos {posLine = 174, posColumn = 27}}, locValue = TokenIdent "math"},Located {locSpan = SourceSpan {spanFilename = "<input>", spanStart = SourcePos {posLine = 174, posColumn = 27}, spanEnd = SourcePos {posLine = 174, posColumn = 28}}, locValue = TokenDelimiter DelimDot},Located {locSpan = SourceSpan {spanFilename = "<input>", spanStart = SourcePos {posLine = 174, posColumn = 28}, spanEnd = SourcePos {posLine = 174, posColumn = 32}}, locValue = TokenIdent "sqrt"},Located {locSpan = SourceSpan {spanFilename = "<input>", spanStart = SourcePos {posLine = 174, posColumn = 32}, spanEnd = SourcePos {posLine = 174, posColumn = 33}}, locValue = TokenDelimiter DelimLeftParen},Located {locSpan = SourceSpan {spanFilename = "<input>", spanStart = SourcePos {posLine = 174, posColumn = 33}, spanEnd = SourcePos {posLine = 174, posColumn = 35}}, locValue = TokenNumber "43" False},Located {locSpan = SourceSpan {spanFilename = "<input>", spanStart = SourcePos {posLine = 174, posColumn = 35}, spanEnd = SourcePos {posLine = 174, posColumn = 36}}, locValue = TokenDelimiter DelimRightParen},Located {locSpan = SourceSpan {spanFilename = "<input>", spanStart = SourcePos {posLine = 174, posColumn = 1}, spanEnd = SourcePos {posLine = 175, posColumn = 1}}, locValue = TokenNewline},Located {locSpan = SourceSpan {spanFilename = "<input>", spanStart = SourcePos {posLine = 175, posColumn = 5}, spanEnd = SourcePos {posLine = 175, posColumn = 11}}, locValue = TokenKeyword KwReturn},Located {locSpan = SourceSpan {spanFilename = "<input>", spanStart = SourcePos {posLine = 175, posColumn = 12}, spanEnd = SourcePos {posLine = 175, posColumn = 18}}, locValue = TokenIdent "result"},Located {locSpan = SourceSpan {spanFilename = "<input>", spanStart = SourcePos {posLine = 175, posColumn = 1}, spanEnd = SourcePos {posLine = 176, posColumn = 1}}, locValue = TokenNewline},Located {locSpan = SourceSpan {spanFilename = "<input>", spanStart = SourcePos {posLine = 176, posColumn = 1}, spanEnd = SourcePos {posLine = 176, posColumn = 1}}, locValue = TokenDedent 4},Located {locSpan = SourceSpan {spanFilename = "<input>", spanStart = SourcePos {posLine = 176, posColumn = 1}, spanEnd = SourcePos {posLine = 176, posColumn = 4}}, locValue = TokenKeyword KwDef},Located {locSpan = SourceSpan {spanFilename = "<input>", spanStart = SourcePos {posLine = 176, posColumn = 5}, spanEnd = SourcePos {posLine = 176, posColumn = 16}}, locValue = TokenIdent "function_44"},Located {locSpan = SourceSpan {spanFilename = "<input>", spanStart = SourcePos {posLine = 176, posColumn = 16}, spanEnd = SourcePos {posLine = 176, posColumn = 17}}, locValue = TokenDelimiter DelimLeftParen},Located {locSpan = SourceSpan {spanFilename = "<input>", spanStart = SourcePos {posLine = 176, posColumn = 17}, spanEnd = SourcePos {posLine = 176, posColumn = 18}}, locValue = TokenIdent "x"},Located {locSpan = SourceSpan {spanFilename = "<input>", spanStart = SourcePos {posLine = 176, posColumn = 18}, spanEnd = SourcePos {posLine = 176, posColumn = 19}}, locValue = TokenDelimiter DelimRightParen},Located {locSpan = SourceSpan {spanFilename = "<input>", spanStart = SourcePos {posLine = 176, posColumn = 19}, spanEnd = SourcePos {posLine = 176, posColumn = 20}}, locValue = TokenDelimiter DelimColon},Located {locSpan = SourceSpan {spanFilename = "<input>", spanStart = SourcePos {posLine = 176, posColumn = 1}, spanEnd = SourcePos {posLine = 177, posColumn = 1}}, locValue = TokenNewline},Located {locSpan = SourceSpan {spanFilename = "<input>", spanStart = SourcePos {posLine = 177, posColumn = 1}, spanEnd = SourcePos {posLine = 177, posColumn = 5}}, locValue = TokenIndent 4},Located {locSpan = SourceSpan {spanFilename = "<input>", spanStart = SourcePos {posLine = 177, posColumn = 5}, spanEnd = SourcePos {posLine = 177, posColumn = 33}}, locValue = TokenComment "# Function 44 implementation"},Located {locSpan = SourceSpan {spanFilename = "<input>", spanStart = SourcePos {posLine = 177, posColumn = 1}, spanEnd = SourcePos {posLine = 178, posColumn = 1}}, locValue = TokenNewline},Located {locSpan = SourceSpan {spanFilename = "<input>", spanStart = SourcePos {posLine = 178, posColumn = 5}, spanEnd = SourcePos {posLine = 178, posColumn = 11}}, locValue = TokenIdent "result"},Located {locSpan = SourceSpan {spanFilename = "<input>", spanStart = SourcePos {posLine = 178, posColumn = 12}, spanEnd = SourcePos {posLine = 178, posColumn = 13}}, locValue = TokenOperator OpAssign},Located {locSpan = SourceSpan {spanFilename = "<input>", spanStart = SourcePos {posLine = 178, posColumn = 14}, spanEnd = SourcePos {posLine = 178, posColumn = 15}}, locValue = TokenIdent "x"},Located {locSpan = SourceSpan {spanFilename = "<input>", spanStart = SourcePos {posLine = 178, posColumn = 16}, spanEnd = SourcePos {posLine = 178, posColumn = 17}}, locValue = TokenOperator OpMult},Located {locSpan = SourceSpan {spanFilename = "<input>", spanStart = SourcePos {posLine = 178, posColumn = 18}, spanEnd = SourcePos {posLine = 178, posColumn = 20}}, locValue = TokenNumber "44" False},Located {locSpan = SourceSpan {spanFilename = "<input>", spanStart = SourcePos {posLine = 178, posColumn = 21}, spanEnd = SourcePos {posLine = 178, posColumn = 22}}, locValue = TokenOperator OpPlus},Located {locSpan = SourceSpan {spanFilename = "<input>", spanStart = SourcePos {posLine = 178, posColumn = 23}, spanEnd = SourcePos {posLine = 178, posColumn = 27}}, locValue = TokenIdent "math"},Located {locSpan = SourceSpan {spanFilename = "<input>", spanStart = SourcePos {posLine = 178, posColumn = 27}, spanEnd = SourcePos {posLine = 178, posColumn = 28}}, locValue = TokenDelimiter DelimDot},Located {locSpan = SourceSpan {spanFilename = "<input>", spanStart = SourcePos {posLine = 178, posColumn = 28}, spanEnd = SourcePos {posLine = 178, posColumn = 32}}, locValue = TokenIdent "sqrt"},Located {locSpan = SourceSpan {spanFilename = "<input>", spanStart = SourcePos {posLine = 178, posColumn = 32}, spanEnd = SourcePos {posLine = 178, posColumn = 33}}, locValue = TokenDelimiter DelimLeftParen},Located {locSpan = SourceSpan {spanFilename = "<input>", spanStart = SourcePos {posLine = 178, posColumn = 33}, spanEnd = SourcePos {posLine = 178, posColumn = 35}}, locValue = TokenNumber "44" False},Located {locSpan = SourceSpan {spanFilename = "<input>", spanStart = SourcePos {posLine = 178, posColumn = 35}, spanEnd = SourcePos {posLine = 178, posColumn = 36}}, locValue = TokenDelimiter DelimRightParen},Located {locSpan = SourceSpan {spanFilename = "<input>", spanStart = SourcePos {posLine = 178, posColumn = 1}, spanEnd = SourcePos {posLine = 179, posColumn = 1}}, locValue = TokenNewline},Located {locSpan = SourceSpan {spanFilename = "<input>", spanStart = SourcePos {posLine = 179, posColumn = 5}, spanEnd = SourcePos {posLine = 179, posColumn = 11}}, locValue = TokenKeyword KwReturn},Located {locSpan = SourceSpan {spanFilename = "<input>", spanStart = SourcePos {posLine = 179, posColumn = 12}, spanEnd = SourcePos {posLine = 179, posColumn = 18}}, locValue = TokenIdent "result"},Located {locSpan = SourceSpan {spanFilename = "<input>", spanStart = SourcePos {posLine = 179, posColumn = 1}, spanEnd = SourcePos {posLine = 180, posColumn = 1}}, locValue = TokenNewline},Located {locSpan = SourceSpan {spanFilename = "<input>", spanStart = SourcePos {posLine = 180, posColumn = 1}, spanEnd = SourcePos {posLine = 180, posColumn = 1}}, locValue = TokenDedent 4},Located {locSpan = SourceSpan {spanFilename = "<input>", spanStart = SourcePos {posLine = 180, posColumn = 1}, spanEnd = SourcePos {posLine = 180, posColumn = 4}}, locValue = TokenKeyword KwDef},Located {locSpan = SourceSpan {spanFilename = "<input>", spanStart = SourcePos {posLine = 180, posColumn = 5}, spanEnd = SourcePos {posLine = 180, posColumn = 16}}, locValue = TokenIdent "function_45"},Located {locSpan = SourceSpan {spanFilename = "<input>", spanStart = SourcePos {posLine = 180, posColumn = 16}, spanEnd = SourcePos {posLine = 180, posColumn = 17}}, locValue = TokenDelimiter DelimLeftParen},Located {locSpan = SourceSpan {spanFilename = "<input>", spanStart = SourcePos {posLine = 180, posColumn = 17}, spanEnd = SourcePos {posLine = 180, posColumn = 18}}, locValue = TokenIdent "x"},Located {locSpan = SourceSpan {spanFilename = "<input>", spanStart = SourcePos {posLine = 180, posColumn = 18}, spanEnd = SourcePos {posLine = 180, posColumn = 19}}, locValue = TokenDelimiter DelimRightParen},Located {locSpan = SourceSpan {spanFilename = "<input>", spanStart = SourcePos {posLine = 180, posColumn = 19}, spanEnd = SourcePos {posLine = 180, posColumn = 20}}, locValue = TokenDelimiter DelimColon},Located {locSpan = SourceSpan {spanFilename = "<input>", spanStart = SourcePos {posLine = 180, posColumn = 1}, spanEnd = SourcePos {posLine = 181, posColumn = 1}}, locValue = TokenNewline},Located {locSpan = SourceSpan {spanFilename = "<input>", spanStart = SourcePos {posLine = 181, posColumn = 1}, spanEnd = SourcePos {posLine = 181, posColumn = 5}}, locValue = TokenIndent 4},Located {locSpan = SourceSpan {spanFilename = "<input>", spanStart = SourcePos {posLine = 181, posColumn = 5}, spanEnd = SourcePos {posLine = 181, posColumn = 33}}, locValue = TokenComment "# Function 45 implementation"},Located {locSpan = SourceSpan {spanFilename = "<input>", spanStart = SourcePos {posLine = 181, posColumn = 1}, spanEnd = SourcePos {posLine = 182, posColumn = 1}}, locValue = TokenNewline},Located {locSpan = SourceSpan {spanFilename = "<input>", spanStart = SourcePos {posLine = 182, posColumn = 5}, spanEnd = SourcePos {posLine = 182, posColumn = 11}}, locValue = TokenIdent "result"},Located {locSpan = SourceSpan {spanFilename = "<input>", spanStart = SourcePos {posLine = 182, posColumn = 12}, spanEnd = SourcePos {posLine = 182, posColumn = 13}}, locValue = TokenOperator OpAssign},Located {locSpan = SourceSpan {spanFilename = "<input>", spanStart = SourcePos {posLine = 182, posColumn = 14}, spanEnd = SourcePos {posLine = 182, posColumn = 15}}, locValue = TokenIdent "x"},Located {locSpan = SourceSpan {spanFilename = "<input>", spanStart = SourcePos {posLine = 182, posColumn = 16}, spanEnd = SourcePos {posLine = 182, posColumn = 17}}, locValue = TokenOperator OpMult},Located {locSpan = SourceSpan {spanFilename = "<input>", spanStart = SourcePos {posLine = 182, posColumn = 18}, spanEnd = SourcePos {posLine = 182, posColumn = 20}}, locValue = TokenNumber "45" False},Located {locSpan = SourceSpan {spanFilename = "<input>", spanStart = SourcePos {posLine = 182, posColumn = 21}, spanEnd = SourcePos {posLine = 182, posColumn = 22}}, locValue = TokenOperator OpPlus},Located {locSpan = SourceSpan {spanFilename = "<input>", spanStart = SourcePos {posLine = 182, posColumn = 23}, spanEnd = SourcePos {posLine = 182, posColumn = 27}}, locValue = TokenIdent "math"},Located {locSpan = SourceSpan {spanFilename = "<input>", spanStart = SourcePos {posLine = 182, posColumn = 27}, spanEnd = SourcePos {posLine = 182, posColumn = 28}}, locValue = TokenDelimiter DelimDot},Located {locSpan = SourceSpan {spanFilename = "<input>", spanStart = SourcePos {posLine = 182, posColumn = 28}, spanEnd = SourcePos {posLine = 182, posColumn = 32}}, locValue = TokenIdent "sqrt"},Located {locSpan = SourceSpan {spanFilename = "<input>", spanStart = SourcePos {posLine = 182, posColumn = 32}, spanEnd = SourcePos {posLine = 182, posColumn = 33}}, locValue = TokenDelimiter DelimLeftParen},Located {locSpan = SourceSpan {spanFilename = "<input>", spanStart = SourcePos {posLine = 182, posColumn = 33}, spanEnd = SourcePos {posLine = 182, posColumn = 35}}, locValue = TokenNumber "45" False},Located {locSpan = SourceSpan {spanFilename = "<input>", spanStart = SourcePos {posLine = 182, posColumn = 35}, spanEnd = SourcePos {posLine = 182, posColumn = 36}}, locValue = TokenDelimiter DelimRightParen},Located {locSpan = SourceSpan {spanFilename = "<input>", spanStart = SourcePos {posLine = 182, posColumn = 1}, spanEnd = SourcePos {posLine = 183, posColumn = 1}}, locValue = TokenNewline},Located {locSpan = SourceSpan {spanFilename = "<input>", spanStart = SourcePos {posLine = 183, posColumn = 5}, spanEnd = SourcePos {posLine = 183, posColumn = 11}}, locValue = TokenKeyword KwReturn},Located {locSpan = SourceSpan {spanFilename = "<input>", spanStart = SourcePos {posLine = 183, posColumn = 12}, spanEnd = SourcePos {posLine = 183, posColumn = 18}}, locValue = TokenIdent "result"},Located {locSpan = SourceSpan {spanFilename = "<input>", spanStart = SourcePos {posLine = 183, posColumn = 1}, spanEnd = SourcePos {posLine = 184, posColumn = 1}}, locValue = TokenNewline},Located {locSpan = SourceSpan {spanFilename = "<input>", spanStart = SourcePos {posLine = 184, posColumn = 1}, spanEnd = SourcePos {posLine = 184, posColumn = 1}}, locValue = TokenDedent 4},Located {locSpan = SourceSpan {spanFilename = "<input>", spanStart = SourcePos {posLine = 184, posColumn = 1}, spanEnd = SourcePos {posLine = 184, posColumn = 4}}, locValue = TokenKeyword KwDef},Located {locSpan = SourceSpan {spanFilename = "<input>", spanStart = SourcePos {posLine = 184, posColumn = 5}, spanEnd = SourcePos {posLine = 184, posColumn = 16}}, locValue = TokenIdent "function_46"},Located {locSpan = SourceSpan {spanFilename = "<input>", spanStart = SourcePos {posLine = 184, posColumn = 16}, spanEnd = SourcePos {posLine = 184, posColumn = 17}}, locValue = TokenDelimiter DelimLeftParen},Located {locSpan = SourceSpan {spanFilename = "<input>", spanStart = SourcePos {posLine = 184, posColumn = 17}, spanEnd = SourcePos {posLine = 184, posColumn = 18}}, locValue = TokenIdent "x"},Located {locSpan = SourceSpan {spanFilename = "<input>", spanStart = SourcePos {posLine = 184, posColumn = 18}, spanEnd = SourcePos {posLine = 184, posColumn = 19}}, locValue = TokenDelimiter DelimRightParen},Located {locSpan = SourceSpan {spanFilename = "<input>", spanStart = SourcePos {posLine = 184, posColumn = 19}, spanEnd = SourcePos {posLine = 184, posColumn = 20}}, locValue = TokenDelimiter DelimColon},Located {locSpan = SourceSpan {spanFilename = "<input>", spanStart = SourcePos {posLine = 184, posColumn = 1}, spanEnd = SourcePos {posLine = 185, posColumn = 1}}, locValue = TokenNewline},Located {locSpan = SourceSpan {spanFilename = "<input>", spanStart = SourcePos {posLine = 185, posColumn = 1}, spanEnd = SourcePos {posLine = 185, posColumn = 5}}, locValue = TokenIndent 4},Located {locSpan = SourceSpan {spanFilename = "<input>", spanStart = SourcePos {posLine = 185, posColumn = 5}, spanEnd = SourcePos {posLine = 185, posColumn = 33}}, locValue = TokenComment "# Function 46 implementation"},Located {locSpan = SourceSpan {spanFilename = "<input>", spanStart = SourcePos {posLine = 185, posColumn = 1}, spanEnd = SourcePos {posLine = 186, posColumn = 1}}, locValue = TokenNewline},Located {locSpan = SourceSpan {spanFilename = "<input>", spanStart = SourcePos {posLine = 186, posColumn = 5}, spanEnd = SourcePos {posLine = 186, posColumn = 11}}, locValue = TokenIdent "result"},Located {locSpan = SourceSpan {spanFilename = "<input>", spanStart = SourcePos {posLine = 186, posColumn = 12}, spanEnd = SourcePos {posLine = 186, posColumn = 13}}, locValue = TokenOperator OpAssign},Located {locSpan = SourceSpan {spanFilename = "<input>", spanStart = SourcePos {posLine = 186, posColumn = 14}, spanEnd = SourcePos {posLine = 186, posColumn = 15}}, locValue = TokenIdent "x"},Located {locSpan = SourceSpan {spanFilename = "<input>", spanStart = SourcePos {posLine = 186, posColumn = 16}, spanEnd = SourcePos {posLine = 186, posColumn = 17}}, locValue = TokenOperator OpMult},Located {locSpan = SourceSpan {spanFilename = "<input>", spanStart = SourcePos {posLine = 186, posColumn = 18}, spanEnd = SourcePos {posLine = 186, posColumn = 20}}, locValue = TokenNumber "46" False},Located {locSpan = SourceSpan {spanFilename = "<input>", spanStart = SourcePos {posLine = 186, posColumn = 21}, spanEnd = SourcePos {posLine = 186, posColumn = 22}}, locValue = TokenOperator OpPlus},Located {locSpan = SourceSpan {spanFilename = "<input>", spanStart = SourcePos {posLine = 186, posColumn = 23}, spanEnd = SourcePos {posLine = 186, posColumn = 27}}, locValue = TokenIdent "math"},Located {locSpan = SourceSpan {spanFilename = "<input>", spanStart = SourcePos {posLine = 186, posColumn = 27}, spanEnd = SourcePos {posLine = 186, posColumn = 28}}, locValue = TokenDelimiter DelimDot},Located {locSpan = SourceSpan {spanFilename = "<input>", spanStart = SourcePos {posLine = 186, posColumn = 28}, spanEnd = SourcePos {posLine = 186, posColumn = 32}}, locValue = TokenIdent "sqrt"},Located {locSpan = SourceSpan {spanFilename = "<input>", spanStart = SourcePos {posLine = 186, posColumn = 32}, spanEnd = SourcePos {posLine = 186, posColumn = 33}}, locValue = TokenDelimiter DelimLeftParen},Located {locSpan = SourceSpan {spanFilename = "<input>", spanStart = SourcePos {posLine = 186, posColumn = 33}, spanEnd = SourcePos {posLine = 186, posColumn = 35}}, locValue = TokenNumber "46" False},Located {locSpan = SourceSpan {spanFilename = "<input>", spanStart = SourcePos {posLine = 186, posColumn = 35}, spanEnd = SourcePos {posLine = 186, posColumn = 36}}, locValue = TokenDelimiter DelimRightParen},Located {locSpan = SourceSpan {spanFilename = "<input>", spanStart = SourcePos {posLine = 186, posColumn = 1}, spanEnd = SourcePos {posLine = 187, posColumn = 1}}, locValue = TokenNewline},Located {locSpan = SourceSpan {spanFilename = "<input>", spanStart = SourcePos {posLine = 187, posColumn = 5}, spanEnd = SourcePos {posLine = 187, posColumn = 11}}, locValue = TokenKeyword KwReturn},Located {locSpan = SourceSpan {spanFilename = "<input>", spanStart = SourcePos {posLine = 187, posColumn = 12}, spanEnd = SourcePos {posLine = 187, posColumn = 18}}, locValue = TokenIdent "result"},Located {locSpan = SourceSpan {spanFilename = "<input>", spanStart = SourcePos {posLine = 187, posColumn = 1}, spanEnd = SourcePos {posLine = 188, posColumn = 1}}, locValue = TokenNewline},Located {locSpan = SourceSpan {spanFilename = "<input>", spanStart = SourcePos {posLine = 188, posColumn = 1}, spanEnd = SourcePos {posLine = 188, posColumn = 1}}, locValue = TokenDedent 4},Located {locSpan = SourceSpan {spanFilename = "<input>", spanStart = SourcePos {posLine = 188, posColumn = 1}, spanEnd = SourcePos {posLine = 188, posColumn = 4}}, locValue = TokenKeyword KwDef},Located {locSpan = SourceSpan {spanFilename = "<input>", spanStart = SourcePos {posLine = 188, posColumn = 5}, spanEnd = SourcePos {posLine = 188, posColumn = 16}}, locValue = TokenIdent "function_47"},Located {locSpan = SourceSpan {spanFilename = "<input>", spanStart = SourcePos {posLine = 188, posColumn = 16}, spanEnd = SourcePos {posLine = 188, posColumn = 17}}, locValue = TokenDelimiter DelimLeftParen},Located {locSpan = SourceSpan {spanFilename = "<input>", spanStart = SourcePos {posLine = 188, posColumn = 17}, spanEnd = SourcePos {posLine = 188, posColumn = 18}}, locValue = TokenIdent "x"},Located {locSpan = SourceSpan {spanFilename = "<input>", spanStart = SourcePos {posLine = 188, posColumn = 18}, spanEnd = SourcePos {posLine = 188, posColumn = 19}}, locValue = TokenDelimiter DelimRightParen},Located {locSpan = SourceSpan {spanFilename = "<input>", spanStart = SourcePos {posLine = 188, posColumn = 19}, spanEnd = SourcePos {posLine = 188, posColumn = 20}}, locValue = TokenDelimiter DelimColon},Located {locSpan = SourceSpan {spanFilename = "<input>", spanStart = SourcePos {posLine = 188, posColumn = 1}, spanEnd = SourcePos {posLine = 189, posColumn = 1}}, locValue = TokenNewline},Located {locSpan = SourceSpan {spanFilename = "<input>", spanStart = SourcePos {posLine = 189, posColumn = 1}, spanEnd = SourcePos {posLine = 189, posColumn = 5}}, locValue = TokenIndent 4},Located {locSpan = SourceSpan {spanFilename = "<input>", spanStart = SourcePos {posLine = 189, posColumn = 5}, spanEnd = SourcePos {posLine = 189, posColumn = 33}}, locValue = TokenComment "# Function 47 implementation"},Located {locSpan = SourceSpan {spanFilename = "<input>", spanStart = SourcePos {posLine = 189, posColumn = 1}, spanEnd = SourcePos {posLine = 190, posColumn = 1}}, locValue = TokenNewline},Located {locSpan = SourceSpan {spanFilename = "<input>", spanStart = SourcePos {posLine = 190, posColumn = 5}, spanEnd = SourcePos {posLine = 190, posColumn = 11}}, locValue = TokenIdent "result"},Located {locSpan = SourceSpan {spanFilename = "<input>", spanStart = SourcePos {posLine = 190, posColumn = 12}, spanEnd = SourcePos {posLine = 190, posColumn = 13}}, locValue = TokenOperator OpAssign},Located {locSpan = SourceSpan {spanFilename = "<input>", spanStart = SourcePos {posLine = 190, posColumn = 14}, spanEnd = SourcePos {posLine = 190, posColumn = 15}}, locValue = TokenIdent "x"},Located {locSpan = SourceSpan {spanFilename = "<input>", spanStart = SourcePos {posLine = 190, posColumn = 16}, spanEnd = SourcePos {posLine = 190, posColumn = 17}}, locValue = TokenOperator OpMult},Located {locSpan = SourceSpan {spanFilename = "<input>", spanStart = SourcePos {posLine = 190, posColumn = 18}, spanEnd = SourcePos {posLine = 190, posColumn = 20}}, locValue = TokenNumber "47" False},Located {locSpan = SourceSpan {spanFilename = "<input>", spanStart = SourcePos {posLine = 190, posColumn = 21}, spanEnd = SourcePos {posLine = 190, posColumn = 22}}, locValue = TokenOperator OpPlus},Located {locSpan = SourceSpan {spanFilename = "<input>", spanStart = SourcePos {posLine = 190, posColumn = 23}, spanEnd = SourcePos {posLine = 190, posColumn = 27}}, locValue = TokenIdent "math"},Located {locSpan = SourceSpan {spanFilename = "<input>", spanStart = SourcePos {posLine = 190, posColumn = 27}, spanEnd = SourcePos {posLine = 190, posColumn = 28}}, locValue = TokenDelimiter DelimDot},Located {locSpan = SourceSpan {spanFilename = "<input>", spanStart = SourcePos {posLine = 190, posColumn = 28}, spanEnd = SourcePos {posLine = 190, posColumn = 32}}, locValue = TokenIdent "sqrt"},Located {locSpan = SourceSpan {spanFilename = "<input>", spanStart = SourcePos {posLine = 190, posColumn = 32}, spanEnd = SourcePos {posLine = 190, posColumn = 33}}, locValue = TokenDelimiter DelimLeftParen},Located {locSpan = SourceSpan {spanFilename = "<input>", spanStart = SourcePos {posLine = 190, posColumn = 33}, spanEnd = SourcePos {posLine = 190, posColumn = 35}}, locValue = TokenNumber "47" False},Located {locSpan = SourceSpan {spanFilename = "<input>", spanStart = SourcePos {posLine = 190, posColumn = 35}, spanEnd = SourcePos {posLine = 190, posColumn = 36}}, locValue = TokenDelimiter DelimRightParen},Located {locSpan = SourceSpan {spanFilename = "<input>", spanStart = SourcePos {posLine = 190, posColumn = 1}, spanEnd = SourcePos {posLine = 191, posColumn = 1}}, locValue = TokenNewline},Located {locSpan = SourceSpan {spanFilename = "<input>", spanStart = SourcePos {posLine = 191, posColumn = 5}, spanEnd = SourcePos {posLine = 191, posColumn = 11}}, locValue = TokenKeyword KwReturn},Located {locSpan = SourceSpan {spanFilename = "<input>", spanStart = SourcePos {posLine = 191, posColumn = 12}, spanEnd = SourcePos {posLine = 191, posColumn = 18}}, locValue = TokenIdent "result"},Located {locSpan = SourceSpan {spanFilename = "<input>", spanStart = SourcePos {posLine = 191, posColumn = 1}, spanEnd = SourcePos {posLine = 192, posColumn = 1}}, locValue = TokenNewline},Located {locSpan = SourceSpan {spanFilename = "<input>", spanStart = SourcePos {posLine = 192, posColumn = 1}, spanEnd = SourcePos {posLine = 192, posColumn = 1}}, locValue = TokenDedent 4},Located {locSpan = SourceSpan {spanFilename = "<input>", spanStart = SourcePos {posLine = 192, posColumn = 1}, spanEnd = SourcePos {posLine = 192, posColumn = 4}}, locValue = TokenKeyword KwDef},Located {locSpan = SourceSpan {spanFilename = "<input>", spanStart = SourcePos {posLine = 192, posColumn = 5}, spanEnd = SourcePos {posLine = 192, posColumn = 16}}, locValue = TokenIdent "function_48"},Located {locSpan = SourceSpan {spanFilename = "<input>", spanStart = SourcePos {posLine = 192, posColumn = 16}, spanEnd = SourcePos {posLine = 192, posColumn = 17}}, locValue = TokenDelimiter DelimLeftParen},Located {locSpan = SourceSpan {spanFilename = "<input>", spanStart = SourcePos {posLine = 192, posColumn = 17}, spanEnd = SourcePos {posLine = 192, posColumn = 18}}, locValue = TokenIdent "x"},Located {locSpan = SourceSpan {spanFilename = "<input>", spanStart = SourcePos {posLine = 192, posColumn = 18}, spanEnd = SourcePos {posLine = 192, posColumn = 19}}, locValue = TokenDelimiter DelimRightParen},Located {locSpan = SourceSpan {spanFilename = "<input>", spanStart = SourcePos {posLine = 192, posColumn = 19}, spanEnd = SourcePos {posLine = 192, posColumn = 20}}, locValue = TokenDelimiter DelimColon},Located {locSpan = SourceSpan {spanFilename = "<input>", spanStart = SourcePos {posLine = 192, posColumn = 1}, spanEnd = SourcePos {posLine = 193, posColumn = 1}}, locValue = TokenNewline},Located {locSpan = SourceSpan {spanFilename = "<input>", spanStart = SourcePos {posLine = 193, posColumn = 1}, spanEnd = SourcePos {posLine = 193, posColumn = 5}}, locValue = TokenIndent 4},Located {locSpan = SourceSpan {spanFilename = "<input>", spanStart = SourcePos {posLine = 193, posColumn = 5}, spanEnd = SourcePos {posLine = 193, posColumn = 33}}, locValue = TokenComment "# Function 48 implementation"},Located {locSpan = SourceSpan {spanFilename = "<input>", spanStart = SourcePos {posLine = 193, posColumn = 1}, spanEnd = SourcePos {posLine = 194, posColumn = 1}}, locValue = TokenNewline},Located {locSpan = SourceSpan {spanFilename = "<input>", spanStart = SourcePos {posLine = 194, posColumn = 5}, spanEnd = SourcePos {posLine = 194, posColumn = 11}}, locValue = TokenIdent "result"},Located {locSpan = SourceSpan {spanFilename = "<input>", spanStart = SourcePos {posLine = 194, posColumn = 12}, spanEnd = SourcePos {posLine = 194, posColumn = 13}}, locValue = TokenOperator OpAssign},Located {locSpan = SourceSpan {spanFilename = "<input>", spanStart = SourcePos {posLine = 194, posColumn = 14}, spanEnd = SourcePos {posLine = 194, posColumn = 15}}, locValue = TokenIdent "x"},Located {locSpan = SourceSpan {spanFilename = "<input>", spanStart = SourcePos {posLine = 194, posColumn = 16}, spanEnd = SourcePos {posLine = 194, posColumn = 17}}, locValue = TokenOperator OpMult},Located {locSpan = SourceSpan {spanFilename = "<input>", spanStart = SourcePos {posLine = 194, posColumn = 18}, spanEnd = SourcePos {posLine = 194, posColumn = 20}}, locValue = TokenNumber "48" False},Located {locSpan = SourceSpan {spanFilename = "<input>", spanStart = SourcePos {posLine = 194, posColumn = 21}, spanEnd = SourcePos {posLine = 194, posColumn = 22}}, locValue = TokenOperator OpPlus},Located {locSpan = SourceSpan {spanFilename = "<input>", spanStart = SourcePos {posLine = 194, posColumn = 23}, spanEnd = SourcePos {posLine = 194, posColumn = 27}}, locValue = TokenIdent "math"},Located {locSpan = SourceSpan {spanFilename = "<input>", spanStart = SourcePos {posLine = 194, posColumn = 27}, spanEnd = SourcePos {posLine = 194, posColumn = 28}}, locValue = TokenDelimiter DelimDot},Located {locSpan = SourceSpan {spanFilename = "<input>", spanStart = SourcePos {posLine = 194, posColumn = 28}, spanEnd = SourcePos {posLine = 194, posColumn = 32}}, locValue = TokenIdent "sqrt"},Located {locSpan = SourceSpan {spanFilename = "<input>", spanStart = SourcePos {posLine = 194, posColumn = 32}, spanEnd = SourcePos {posLine = 194, posColumn = 33}}, locValue = TokenDelimiter DelimLeftParen},Located {locSpan = SourceSpan {spanFilename = "<input>", spanStart = SourcePos {posLine = 194, posColumn = 33}, spanEnd = SourcePos {posLine = 194, posColumn = 35}}, locValue = TokenNumber "48" False},Located {locSpan = SourceSpan {spanFilename = "<input>", spanStart = SourcePos {posLine = 194, posColumn = 35}, spanEnd = SourcePos {posLine = 194, posColumn = 36}}, locValue = TokenDelimiter DelimRightParen},Located {locSpan = SourceSpan {spanFilename = "<input>", spanStart = SourcePos {posLine = 194, posColumn = 1}, spanEnd = SourcePos {posLine = 195, posColumn = 1}}, locValue = TokenNewline},Located {locSpan = SourceSpan {spanFilename = "<input>", spanStart = SourcePos {posLine = 195, posColumn = 5}, spanEnd = SourcePos {posLine = 195, posColumn = 11}}, locValue = TokenKeyword KwReturn},Located {locSpan = SourceSpan {spanFilename = "<input>", spanStart = SourcePos {posLine = 195, posColumn = 12}, spanEnd = SourcePos {posLine = 195, posColumn = 18}}, locValue = TokenIdent "result"},Located {locSpan = SourceSpan {spanFilename = "<input>", spanStart = SourcePos {posLine = 195, posColumn = 1}, spanEnd = SourcePos {posLine = 196, posColumn = 1}}, locValue = TokenNewline},Located {locSpan = SourceSpan {spanFilename = "<input>", spanStart = SourcePos {posLine = 196, posColumn = 1}, spanEnd = SourcePos {posLine = 196, posColumn = 1}}, locValue = TokenDedent 4},Located {locSpan = SourceSpan {spanFilename = "<input>", spanStart = SourcePos {posLine = 196, posColumn = 1}, spanEnd = SourcePos {posLine = 196, posColumn = 4}}, locValue = TokenKeyword KwDef},Located {locSpan = SourceSpan {spanFilename = "<input>", spanStart = SourcePos {posLine = 196, posColumn = 5}, spanEnd = SourcePos {posLine = 196, posColumn = 16}}, locValue = TokenIdent "function_49"},Located {locSpan = SourceSpan {spanFilename = "<input>", spanStart = SourcePos {posLine = 196, posColumn = 16}, spanEnd = SourcePos {posLine = 196, posColumn = 17}}, locValue = TokenDelimiter DelimLeftParen},Located {locSpan = SourceSpan {spanFilename = "<input>", spanStart = SourcePos {posLine = 196, posColumn = 17}, spanEnd = SourcePos {posLine = 196, posColumn = 18}}, locValue = TokenIdent "x"},Located {locSpan = SourceSpan {spanFilename = "<input>", spanStart = SourcePos {posLine = 196, posColumn = 18}, spanEnd = SourcePos {posLine = 196, posColumn = 19}}, locValue = TokenDelimiter DelimRightParen},Located {locSpan = SourceSpan {spanFilename = "<input>", spanStart = SourcePos {posLine = 196, posColumn = 19}, spanEnd = SourcePos {posLine = 196, posColumn = 20}}, locValue = TokenDelimiter DelimColon},Located {locSpan = SourceSpan {spanFilename = "<input>", spanStart = SourcePos {posLine = 196, posColumn = 1}, spanEnd = SourcePos {posLine = 197, posColumn = 1}}, locValue = TokenNewline},Located {locSpan = SourceSpan {spanFilename = "<input>", spanStart = SourcePos {posLine = 197, posColumn = 1}, spanEnd = SourcePos {posLine = 197, posColumn = 5}}, locValue = TokenIndent 4},Located {locSpan = SourceSpan {spanFilename = "<input>", spanStart = SourcePos {posLine = 197, posColumn = 5}, spanEnd = SourcePos {posLine = 197, posColumn = 33}}, locValue = TokenComment "# Function 49 implementation"},Located {locSpan = SourceSpan {spanFilename = "<input>", spanStart = SourcePos {posLine = 197, posColumn = 1}, spanEnd = SourcePos {posLine = 198, posColumn = 1}}, locValue = TokenNewline},Located {locSpan = SourceSpan {spanFilename = "<input>", spanStart = SourcePos {posLine = 198, posColumn = 5}, spanEnd = SourcePos {posLine = 198, posColumn = 11}}, locValue = TokenIdent "result"},Located {locSpan = SourceSpan {spanFilename = "<input>", spanStart = SourcePos {posLine = 198, posColumn = 12}, spanEnd = SourcePos {posLine = 198, posColumn = 13}}, locValue = TokenOperator OpAssign},Located {locSpan = SourceSpan {spanFilename = "<input>", spanStart = SourcePos {posLine = 198, posColumn = 14}, spanEnd = SourcePos {posLine = 198, posColumn = 15}}, locValue = TokenIdent "x"},Located {locSpan = SourceSpan {spanFilename = "<input>", spanStart = SourcePos {posLine = 198, posColumn = 16}, spanEnd = SourcePos {posLine = 198, posColumn = 17}}, locValue = TokenOperator OpMult},Located {locSpan = SourceSpan {spanFilename = "<input>", spanStart = SourcePos {posLine = 198, posColumn = 18}, spanEnd = SourcePos {posLine = 198, posColumn = 20}}, locValue = TokenNumber "49" False},Located {locSpan = SourceSpan {spanFilename = "<input>", spanStart = SourcePos {posLine = 198, posColumn = 21}, spanEnd = SourcePos {posLine = 198, posColumn = 22}}, locValue = TokenOperator OpPlus},Located {locSpan = SourceSpan {spanFilename = "<input>", spanStart = SourcePos {posLine = 198, posColumn = 23}, spanEnd = SourcePos {posLine = 198, posColumn = 27}}, locValue = TokenIdent "math"},Located {locSpan = SourceSpan {spanFilename = "<input>", spanStart = SourcePos {posLine = 198, posColumn = 27}, spanEnd = SourcePos {posLine = 198, posColumn = 28}}, locValue = TokenDelimiter DelimDot},Located {locSpan = SourceSpan {spanFilename = "<input>", spanStart = SourcePos {posLine = 198, posColumn = 28}, spanEnd = SourcePos {posLine = 198, posColumn = 32}}, locValue = TokenIdent "sqrt"},Located {locSpan = SourceSpan {spanFilename = "<input>", spanStart = SourcePos {posLine = 198, posColumn = 32}, spanEnd = SourcePos {posLine = 198, posColumn = 33}}, locValue = TokenDelimiter DelimLeftParen},Located {locSpan = SourceSpan {spanFilename = "<input>", spanStart = SourcePos {posLine = 198, posColumn = 33}, spanEnd = SourcePos {posLine = 198, posColumn = 35}}, locValue = TokenNumber "49" False},Located {locSpan = SourceSpan {spanFilename = "<input>", spanStart = SourcePos {posLine = 198, posColumn = 35}, spanEnd = SourcePos {posLine = 198, posColumn = 36}}, locValue = TokenDelimiter DelimRightParen},Located {locSpan = SourceSpan {spanFilename = "<input>", spanStart = SourcePos {posLine = 198, posColumn = 1}, spanEnd = SourcePos {posLine = 199, posColumn = 1}}, locValue = TokenNewline},Located {locSpan = SourceSpan {spanFilename = "<input>", spanStart = SourcePos {posLine = 199, posColumn = 5}, spanEnd = SourcePos {posLine = 199, posColumn = 11}}, locValue = TokenKeyword KwReturn},Located {locSpan = SourceSpan {spanFilename = "<input>", spanStart = SourcePos {posLine = 199, posColumn = 12}, spanEnd = SourcePos {posLine = 199, posColumn = 18}}, locValue = TokenIdent "result"},Located {locSpan = SourceSpan {spanFilename = "<input>", spanStart = SourcePos {posLine = 199, posColumn = 1}, spanEnd = SourcePos {posLine = 200, posColumn = 1}}, locValue = TokenNewline},Located {locSpan = SourceSpan {spanFilename = "<input>", spanStart = SourcePos {posLine = 200, posColumn = 1}, spanEnd = SourcePos {posLine = 200, posColumn = 1}}, locValue = TokenDedent 4},Located {locSpan = SourceSpan {spanFilename = "<input>", spanStart = SourcePos {posLine = 200, posColumn = 1}, spanEnd = SourcePos {posLine = 200, posColumn = 4}}, locValue = TokenKeyword KwDef},Located {locSpan = SourceSpan {spanFilename = "<input>", spanStart = SourcePos {posLine = 200, posColumn = 5}, spanEnd = SourcePos {posLine = 200, posColumn = 16}}, locValue = TokenIdent "function_50"},Located {locSpan = SourceSpan {spanFilename = "<input>", spanStart = SourcePos {posLine = 200, posColumn = 16}, spanEnd = SourcePos {posLine = 200, posColumn = 17}}, locValue = TokenDelimiter DelimLeftParen},Located {locSpan = SourceSpan {spanFilename = "<input>", spanStart = SourcePos {posLine = 200, posColumn = 17}, spanEnd = SourcePos {posLine = 200, posColumn = 18}}, locValue = TokenIdent "x"},Located {locSpan = SourceSpan {spanFilename = "<input>", spanStart = SourcePos {posLine = 200, posColumn = 18}, spanEnd = SourcePos {posLine = 200, posColumn = 19}}, locValue = TokenDelimiter DelimRightParen},Located {locSpan = SourceSpan {spanFilename = "<input>", spanStart = SourcePos {posLine = 200, posColumn = 19}, spanEnd = SourcePos {posLine = 200, posColumn = 20}}, locValue = TokenDelimiter DelimColon},Located {locSpan = SourceSpan {spanFilename = "<input>", spanStart = SourcePos {posLine = 200, posColumn = 1}, spanEnd = SourcePos {posLine = 201, posColumn = 1}}, locValue = TokenNewline},Located {locSpan = SourceSpan {spanFilename = "<input>", spanStart = SourcePos {posLine = 201, posColumn = 1}, spanEnd = SourcePos {posLine = 201, posColumn = 5}}, locValue = TokenIndent 4},Located {locSpan = SourceSpan {spanFilename = "<input>", spanStart = SourcePos {posLine = 201, posColumn = 5}, spanEnd = SourcePos {posLine = 201, posColumn = 33}}, locValue = TokenComment "# Function 50 implementation"},Located {locSpan = SourceSpan {spanFilename = "<input>", spanStart = SourcePos {posLine = 201, posColumn = 1}, spanEnd = SourcePos {posLine = 202, posColumn = 1}}, locValue = TokenNewline},Located {locSpan = SourceSpan {spanFilename = "<input>", spanStart = SourcePos {posLine = 202, posColumn = 5}, spanEnd = SourcePos {posLine = 202, posColumn = 11}}, locValue = TokenIdent "result"},Located {locSpan = SourceSpan {spanFilename = "<input>", spanStart = SourcePos {posLine = 202, posColumn = 12}, spanEnd = SourcePos {posLine = 202, posColumn = 13}}, locValue = TokenOperator OpAssign},Located {locSpan = SourceSpan {spanFilename = "<input>", spanStart = SourcePos {posLine = 202, posColumn = 14}, spanEnd = SourcePos {posLine = 202, posColumn = 15}}, locValue = TokenIdent "x"},Located {locSpan = SourceSpan {spanFilename = "<input>", spanStart = SourcePos {posLine = 202, posColumn = 16}, spanEnd = SourcePos {posLine = 202, posColumn = 17}}, locValue = TokenOperator OpMult},Located {locSpan = SourceSpan {spanFilename = "<input>", spanStart = SourcePos {posLine = 202, posColumn = 18}, spanEnd = SourcePos {posLine = 202, posColumn = 20}}, locValue = TokenNumber "50" False},Located {locSpan = SourceSpan {spanFilename = "<input>", spanStart = SourcePos {posLine = 202, posColumn = 21}, spanEnd = SourcePos {posLine = 202, posColumn = 22}}, locValue = TokenOperator OpPlus},Located {locSpan = SourceSpan {spanFilename = "<input>", spanStart = SourcePos {posLine = 202, posColumn = 23}, spanEnd = SourcePos {posLine = 202, posColumn = 27}}, locValue = TokenIdent "math"},Located {locSpan = SourceSpan {spanFilename = "<input>", spanStart = SourcePos {posLine = 202, posColumn = 27}, spanEnd = SourcePos {posLine = 202, posColumn = 28}}, locValue = TokenDelimiter DelimDot},Located {locSpan = SourceSpan {spanFilename = "<input>", spanStart = SourcePos {posLine = 202, posColumn = 28}, spanEnd = SourcePos {posLine = 202, posColumn = 32}}, locValue = TokenIdent "sqrt"},Located {locSpan = SourceSpan {spanFilename = "<input>", spanStart = SourcePos {posLine = 202, posColumn = 32}, spanEnd = SourcePos {posLine = 202, posColumn = 33}}, locValue = TokenDelimiter DelimLeftParen},Located {locSpan = SourceSpan {spanFilename = "<input>", spanStart = SourcePos {posLine = 202, posColumn = 33}, spanEnd = SourcePos {posLine = 202, posColumn = 35}}, locValue = TokenNumber "50" False},Located {locSpan = SourceSpan {spanFilename = "<input>", spanStart = SourcePos {posLine = 202, posColumn = 35}, spanEnd = SourcePos {posLine = 202, posColumn = 36}}, locValue = TokenDelimiter DelimRightParen},Located {locSpan = SourceSpan {spanFilename = "<input>", spanStart = SourcePos {posLine = 202, posColumn = 1}, spanEnd = SourcePos {posLine = 203, posColumn = 1}}, locValue = TokenNewline},Located {locSpan = SourceSpan {spanFilename = "<input>", spanStart = SourcePos {posLine = 203, posColumn = 5}, spanEnd = SourcePos {posLine = 203, posColumn = 11}}, locValue = TokenKeyword KwReturn},Located {locSpan = SourceSpan {spanFilename = "<input>", spanStart = SourcePos {posLine = 203, posColumn = 12}, spanEnd = SourcePos {posLine = 203, posColumn = 18}}, locValue = TokenIdent "result"},Located {locSpan = SourceSpan {spanFilename = "<input>", spanStart = SourcePos {posLine = 203, posColumn = 1}, spanEnd = SourcePos {posLine = 204, posColumn = 1}}, locValue = TokenNewline},Located {locSpan = SourceSpan {spanFilename = "<input>", spanStart = SourcePos {posLine = 204, posColumn = 1}, spanEnd = SourcePos {posLine = 204, posColumn = 1}}, locValue = TokenDedent 4},Located {locSpan = SourceSpan {spanFilename = "<input>", spanStart = SourcePos {posLine = 204, posColumn = 1}, spanEnd = SourcePos {posLine = 204, posColumn = 4}}, locValue = TokenKeyword KwDef},Located {locSpan = SourceSpan {spanFilename = "<input>", spanStart = SourcePos {posLine = 204, posColumn = 5}, spanEnd = SourcePos {posLine = 204, posColumn = 16}}, locValue = TokenIdent "function_51"},Located {locSpan = SourceSpan {spanFilename = "<input>", spanStart = SourcePos {posLine = 204, posColumn = 16}, spanEnd = SourcePos {posLine = 204, posColumn = 17}}, locValue = TokenDelimiter DelimLeftParen},Located {locSpan = SourceSpan {spanFilename = "<input>", spanStart = SourcePos {posLine = 204, posColumn = 17}, spanEnd = SourcePos {posLine = 204, posColumn = 18}}, locValue = TokenIdent "x"},Located {locSpan = SourceSpan {spanFilename = "<input>", spanStart = SourcePos {posLine = 204, posColumn = 18}, spanEnd = SourcePos {posLine = 204, posColumn = 19}}, locValue = TokenDelimiter DelimRightParen},Located {locSpan = SourceSpan {spanFilename = "<input>", spanStart = SourcePos {posLine = 204, posColumn = 19}, spanEnd = SourcePos {posLine = 204, posColumn = 20}}, locValue = TokenDelimiter DelimColon},Located {locSpan = SourceSpan {spanFilename = "<input>", spanStart = SourcePos {posLine = 204, posColumn = 1}, spanEnd = SourcePos {posLine = 205, posColumn = 1}}, locValue = TokenNewline},Located {locSpan = SourceSpan {spanFilename = "<input>", spanStart = SourcePos {posLine = 205, posColumn = 1}, spanEnd = SourcePos {posLine = 205, posColumn = 5}}, locValue = TokenIndent 4},Located {locSpan = SourceSpan {spanFilename = "<input>", spanStart = SourcePos {posLine = 205, posColumn = 5}, spanEnd = SourcePos {posLine = 205, posColumn = 33}}, locValue = TokenComment "# Function 51 implementation"},Located {locSpan = SourceSpan {spanFilename = "<input>", spanStart = SourcePos {posLine = 205, posColumn = 1}, spanEnd = SourcePos {posLine = 206, posColumn = 1}}, locValue = TokenNewline},Located {locSpan = SourceSpan {spanFilename = "<input>", spanStart = SourcePos {posLine = 206, posColumn = 5}, spanEnd = SourcePos {posLine = 206, posColumn = 11}}, locValue = TokenIdent "result"},Located {locSpan = SourceSpan {spanFilename = "<input>", spanStart = SourcePos {posLine = 206, posColumn = 12}, spanEnd = SourcePos {posLine = 206, posColumn = 13}}, locValue = TokenOperator OpAssign},Located {locSpan = SourceSpan {spanFilename = "<input>", spanStart = SourcePos {posLine = 206, posColumn = 14}, spanEnd = SourcePos {posLine = 206, posColumn = 15}}, locValue = TokenIdent "x"},Located {locSpan = SourceSpan {spanFilename = "<input>", spanStart = SourcePos {posLine = 206, posColumn = 16}, spanEnd = SourcePos {posLine = 206, posColumn = 17}}, locValue = TokenOperator OpMult},Located {locSpan = SourceSpan {spanFilename = "<input>", spanStart = SourcePos {posLine = 206, posColumn = 18}, spanEnd = SourcePos {posLine = 206, posColumn = 20}}, locValue = TokenNumber "51" False},Located {locSpan = SourceSpan {spanFilename = "<input>", spanStart = SourcePos {posLine = 206, posColumn = 21}, spanEnd = SourcePos {posLine = 206, posColumn = 22}}, locValue = TokenOperator OpPlus},Located {locSpan = SourceSpan {spanFilename = "<input>", spanStart = SourcePos {posLine = 206, posColumn = 23}, spanEnd = SourcePos {posLine = 206, posColumn = 27}}, locValue = TokenIdent "math"},Located {locSpan = SourceSpan {spanFilename = "<input>", spanStart = SourcePos {posLine = 206, posColumn = 27}, spanEnd = SourcePos {posLine = 206, posColumn = 28}}, locValue = TokenDelimiter DelimDot},Located {locSpan = SourceSpan {spanFilename = "<input>", spanStart = SourcePos {posLine = 206, posColumn = 28}, spanEnd = SourcePos {posLine = 206, posColumn = 32}}, locValue = TokenIdent "sqrt"},Located {locSpan = SourceSpan {spanFilename = "<input>", spanStart = SourcePos {posLine = 206, posColumn = 32}, spanEnd = SourcePos {posLine = 206, posColumn = 33}}, locValue = TokenDelimiter DelimLeftParen},Located {locSpan = SourceSpan {spanFilename = "<input>", spanStart = SourcePos {posLine = 206, posColumn = 33}, spanEnd = SourcePos {posLine = 206, posColumn = 35}}, locValue = TokenNumber "51" False},Located {locSpan = SourceSpan {spanFilename = "<input>", spanStart = SourcePos {posLine = 206, posColumn = 35}, spanEnd = SourcePos {posLine = 206, posColumn = 36}}, locValue = TokenDelimiter DelimRightParen},Located {locSpan = SourceSpan {spanFilename = "<input>", spanStart = SourcePos {posLine = 206, posColumn = 1}, spanEnd = SourcePos {posLine = 207, posColumn = 1}}, locValue = TokenNewline},Located {locSpan = SourceSpan {spanFilename = "<input>", spanStart = SourcePos {posLine = 207, posColumn = 5}, spanEnd = SourcePos {posLine = 207, posColumn = 11}}, locValue = TokenKeyword KwReturn},Located {locSpan = SourceSpan {spanFilename = "<input>", spanStart = SourcePos {posLine = 207, posColumn = 12}, spanEnd = SourcePos {posLine = 207, posColumn = 18}}, locValue = TokenIdent "result"},Located {locSpan = SourceSpan {spanFilename = "<input>", spanStart = SourcePos {posLine = 207, posColumn = 1}, spanEnd = SourcePos {posLine = 208, posColumn = 1}}, locValue = TokenNewline},Located {locSpan = SourceSpan {spanFilename = "<input>", spanStart = SourcePos {posLine = 208, posColumn = 1}, spanEnd = SourcePos {posLine = 208, posColumn = 1}}, locValue = TokenDedent 4},Located {locSpan = SourceSpan {spanFilename = "<input>", spanStart = SourcePos {posLine = 208, posColumn = 1}, spanEnd = SourcePos {posLine = 208, posColumn = 4}}, locValue = TokenKeyword KwDef},Located {locSpan = SourceSpan {spanFilename = "<input>", spanStart = SourcePos {posLine = 208, posColumn = 5}, spanEnd = SourcePos {posLine = 208, posColumn = 16}}, locValue = TokenIdent "function_52"},Located {locSpan = SourceSpan {spanFilename = "<input>", spanStart = SourcePos {posLine = 208, posColumn = 16}, spanEnd = SourcePos {posLine = 208, posColumn = 17}}, locValue = TokenDelimiter DelimLeftParen},Located {locSpan = SourceSpan {spanFilename = "<input>", spanStart = SourcePos {posLine = 208, posColumn = 17}, spanEnd = SourcePos {posLine = 208, posColumn = 18}}, locValue = TokenIdent "x"},Located {locSpan = SourceSpan {spanFilename = "<input>", spanStart = SourcePos {posLine = 208, posColumn = 18}, spanEnd = SourcePos {posLine = 208, posColumn = 19}}, locValue = TokenDelimiter DelimRightParen},Located {locSpan = SourceSpan {spanFilename = "<input>", spanStart = SourcePos {posLine = 208, posColumn = 19}, spanEnd = SourcePos {posLine = 208, posColumn = 20}}, locValue = TokenDelimiter DelimColon},Located {locSpan = SourceSpan {spanFilename = "<input>", spanStart = SourcePos {posLine = 208, posColumn = 1}, spanEnd = SourcePos {posLine = 209, posColumn = 1}}, locValue = TokenNewline},Located {locSpan = SourceSpan {spanFilename = "<input>", spanStart = SourcePos {posLine = 209, posColumn = 1}, spanEnd = SourcePos {posLine = 209, posColumn = 5}}, locValue = TokenIndent 4},Located {locSpan = SourceSpan {spanFilename = "<input>", spanStart = SourcePos {posLine = 209, posColumn = 5}, spanEnd = SourcePos {posLine = 209, posColumn = 33}}, locValue = TokenComment "# Function 52 implementation"},Located {locSpan = SourceSpan {spanFilename = "<input>", spanStart = SourcePos {posLine = 209, posColumn = 1}, spanEnd = SourcePos {posLine = 210, posColumn = 1}}, locValue = TokenNewline},Located {locSpan = SourceSpan {spanFilename = "<input>", spanStart = SourcePos {posLine = 210, posColumn = 5}, spanEnd = SourcePos {posLine = 210, posColumn = 11}}, locValue = TokenIdent "result"},Located {locSpan = SourceSpan {spanFilename = "<input>", spanStart = SourcePos {posLine = 210, posColumn = 12}, spanEnd = SourcePos {posLine = 210, posColumn = 13}}, locValue = TokenOperator OpAssign},Located {locSpan = SourceSpan {spanFilename = "<input>", spanStart = SourcePos {posLine = 210, posColumn = 14}, spanEnd = SourcePos {posLine = 210, posColumn = 15}}, locValue = TokenIdent "x"},Located {locSpan = SourceSpan {spanFilename = "<input>", spanStart = SourcePos {posLine = 210, posColumn = 16}, spanEnd = SourcePos {posLine = 210, posColumn = 17}}, locValue = TokenOperator OpMult},Located {locSpan = SourceSpan {spanFilename = "<input>", spanStart = SourcePos {posLine = 210, posColumn = 18}, spanEnd = SourcePos {posLine = 210, posColumn = 20}}, locValue = TokenNumber "52" False},Located {locSpan = SourceSpan {spanFilename = "<input>", spanStart = SourcePos {posLine = 210, posColumn = 21}, spanEnd = SourcePos {posLine = 210, posColumn = 22}}, locValue = TokenOperator OpPlus},Located {locSpan = SourceSpan {spanFilename = "<input>", spanStart = SourcePos {posLine = 210, posColumn = 23}, spanEnd = SourcePos {posLine = 210, posColumn = 27}}, locValue = TokenIdent "math"},Located {locSpan = SourceSpan {spanFilename = "<input>", spanStart = SourcePos {posLine = 210, posColumn = 27}, spanEnd = SourcePos {posLine = 210, posColumn = 28}}, locValue = TokenDelimiter DelimDot},Located {locSpan = SourceSpan {spanFilename = "<input>", spanStart = SourcePos {posLine = 210, posColumn = 28}, spanEnd = SourcePos {posLine = 210, posColumn = 32}}, locValue = TokenIdent "sqrt"},Located {locSpan = SourceSpan {spanFilename = "<input>", spanStart = SourcePos {posLine = 210, posColumn = 32}, spanEnd = SourcePos {posLine = 210, posColumn = 33}}, locValue = TokenDelimiter DelimLeftParen},Located {locSpan = SourceSpan {spanFilename = "<input>", spanStart = SourcePos {posLine = 210, posColumn = 33}, spanEnd = SourcePos {posLine = 210, posColumn = 35}}, locValue = TokenNumber "52" False},Located {locSpan = SourceSpan {spanFilename = "<input>", spanStart = SourcePos {posLine = 210, posColumn = 35}, spanEnd = SourcePos {posLine = 210, posColumn = 36}}, locValue = TokenDelimiter DelimRightParen},Located {locSpan = SourceSpan {spanFilename = "<input>", spanStart = SourcePos {posLine = 210, posColumn = 1}, spanEnd = SourcePos {posLine = 211, posColumn = 1}}, locValue = TokenNewline},Located {locSpan = SourceSpan {spanFilename = "<input>", spanStart = SourcePos {posLine = 211, posColumn = 5}, spanEnd = SourcePos {posLine = 211, posColumn = 11}}, locValue = TokenKeyword KwReturn},Located {locSpan = SourceSpan {spanFilename = "<input>", spanStart = SourcePos {posLine = 211, posColumn = 12}, spanEnd = SourcePos {posLine = 211, posColumn = 18}}, locValue = TokenIdent "result"},Located {locSpan = SourceSpan {spanFilename = "<input>", spanStart = SourcePos {posLine = 211, posColumn = 1}, spanEnd = SourcePos {posLine = 212, posColumn = 1}}, locValue = TokenNewline},Located {locSpan = SourceSpan {spanFilename = "<input>", spanStart = SourcePos {posLine = 212, posColumn = 1}, spanEnd = SourcePos {posLine = 212, posColumn = 1}}, locValue = TokenDedent 4},Located {locSpan = SourceSpan {spanFilename = "<input>", spanStart = SourcePos {posLine = 212, posColumn = 1}, spanEnd = SourcePos {posLine = 212, posColumn = 4}}, locValue = TokenKeyword KwDef},Located {locSpan = SourceSpan {spanFilename = "<input>", spanStart = SourcePos {posLine = 212, posColumn = 5}, spanEnd = SourcePos {posLine = 212, posColumn = 16}}, locValue = TokenIdent "function_53"},Located {locSpan = SourceSpan {spanFilename = "<input>", spanStart = SourcePos {posLine = 212, posColumn = 16}, spanEnd = SourcePos {posLine = 212, posColumn = 17}}, locValue = TokenDelimiter DelimLeftParen},Located {locSpan = SourceSpan {spanFilename = "<input>", spanStart = SourcePos {posLine = 212, posColumn = 17}, spanEnd = SourcePos {posLine = 212, posColumn = 18}}, locValue = TokenIdent "x"},Located {locSpan = SourceSpan {spanFilename = "<input>", spanStart = SourcePos {posLine = 212, posColumn = 18}, spanEnd = SourcePos {posLine = 212, posColumn = 19}}, locValue = TokenDelimiter DelimRightParen},Located {locSpan = SourceSpan {spanFilename = "<input>", spanStart = SourcePos {posLine = 212, posColumn = 19}, spanEnd = SourcePos {posLine = 212, posColumn = 20}}, locValue = TokenDelimiter DelimColon},Located {locSpan = SourceSpan {spanFilename = "<input>", spanStart = SourcePos {posLine = 212, posColumn = 1}, spanEnd = SourcePos {posLine = 213, posColumn = 1}}, locValue = TokenNewline},Located {locSpan = SourceSpan {spanFilename = "<input>", spanStart = SourcePos {posLine = 213, posColumn = 1}, spanEnd = SourcePos {posLine = 213, posColumn = 5}}, locValue = TokenIndent 4},Located {locSpan = SourceSpan {spanFilename = "<input>", spanStart = SourcePos {posLine = 213, posColumn = 5}, spanEnd = SourcePos {posLine = 213, posColumn = 33}}, locValue = TokenComment "# Function 53 implementation"},Located {locSpan = SourceSpan {spanFilename = "<input>", spanStart = SourcePos {posLine = 213, posColumn = 1}, spanEnd = SourcePos {posLine = 214, posColumn = 1}}, locValue = TokenNewline},Located {locSpan = SourceSpan {spanFilename = "<input>", spanStart = SourcePos {posLine = 214, posColumn = 5}, spanEnd = SourcePos {posLine = 214, posColumn = 11}}, locValue = TokenIdent "result"},Located {locSpan = SourceSpan {spanFilename = "<input>", spanStart = SourcePos {posLine = 214, posColumn = 12}, spanEnd = SourcePos {posLine = 214, posColumn = 13}}, locValue = TokenOperator OpAssign},Located {locSpan = SourceSpan {spanFilename = "<input>", spanStart = SourcePos {posLine = 214, posColumn = 14}, spanEnd = SourcePos {posLine = 214, posColumn = 15}}, locValue = TokenIdent "x"},Located {locSpan = SourceSpan {spanFilename = "<input>", spanStart = SourcePos {posLine = 214, posColumn = 16}, spanEnd = SourcePos {posLine = 214, posColumn = 17}}, locValue = TokenOperator OpMult},Located {locSpan = SourceSpan {spanFilename = "<input>", spanStart = SourcePos {posLine = 214, posColumn = 18}, spanEnd = SourcePos {posLine = 214, posColumn = 20}}, locValue = TokenNumber "53" False},Located {locSpan = SourceSpan {spanFilename = "<input>", spanStart = SourcePos {posLine = 214, posColumn = 21}, spanEnd = SourcePos {posLine = 214, posColumn = 22}}, locValue = TokenOperator OpPlus},Located {locSpan = SourceSpan {spanFilename = "<input>", spanStart = SourcePos {posLine = 214, posColumn = 23}, spanEnd = SourcePos {posLine = 214, posColumn = 27}}, locValue = TokenIdent "math"},Located {locSpan = SourceSpan {spanFilename = "<input>", spanStart = SourcePos {posLine = 214, posColumn = 27}, spanEnd = SourcePos {posLine = 214, posColumn = 28}}, locValue = TokenDelimiter DelimDot},Located {locSpan = SourceSpan {spanFilename = "<input>", spanStart = SourcePos {posLine = 214, posColumn = 28}, spanEnd = SourcePos {posLine = 214, posColumn = 32}}, locValue = TokenIdent "sqrt"},Located {locSpan = SourceSpan {spanFilename = "<input>", spanStart = SourcePos {posLine = 214, posColumn = 32}, spanEnd = SourcePos {posLine = 214, posColumn = 33}}, locValue = TokenDelimiter DelimLeftParen},Located {locSpan = SourceSpan {spanFilename = "<input>", spanStart = SourcePos {posLine = 214, posColumn = 33}, spanEnd = SourcePos {posLine = 214, posColumn = 35}}, locValue = TokenNumber "53" False},Located {locSpan = SourceSpan {spanFilename = "<input>", spanStart = SourcePos {posLine = 214, posColumn = 35}, spanEnd = SourcePos {posLine = 214, posColumn = 36}}, locValue = TokenDelimiter DelimRightParen},Located {locSpan = SourceSpan {spanFilename = "<input>", spanStart = SourcePos {posLine = 214, posColumn = 1}, spanEnd = SourcePos {posLine = 215, posColumn = 1}}, locValue = TokenNewline},Located {locSpan = SourceSpan {spanFilename = "<input>", spanStart = SourcePos {posLine = 215, posColumn = 5}, spanEnd = SourcePos {posLine = 215, posColumn = 11}}, locValue = TokenKeyword KwReturn},Located {locSpan = SourceSpan {spanFilename = "<input>", spanStart = SourcePos {posLine = 215, posColumn = 12}, spanEnd = SourcePos {posLine = 215, posColumn = 18}}, locValue = TokenIdent "result"},Located {locSpan = SourceSpan {spanFilename = "<input>", spanStart = SourcePos {posLine = 215, posColumn = 1}, spanEnd = SourcePos {posLine = 216, posColumn = 1}}, locValue = TokenNewline},Located {locSpan = SourceSpan {spanFilename = "<input>", spanStart = SourcePos {posLine = 216, posColumn = 1}, spanEnd = SourcePos {posLine = 216, posColumn = 1}}, locValue = TokenDedent 4},Located {locSpan = SourceSpan {spanFilename = "<input>", spanStart = SourcePos {posLine = 216, posColumn = 1}, spanEnd = SourcePos {posLine = 216, posColumn = 4}}, locValue = TokenKeyword KwDef},Located {locSpan = SourceSpan {spanFilename = "<input>", spanStart = SourcePos {posLine = 216, posColumn = 5}, spanEnd = SourcePos {posLine = 216, posColumn = 16}}, locValue = TokenIdent "function_54"},Located {locSpan = SourceSpan {spanFilename = "<input>", spanStart = SourcePos {posLine = 216, posColumn = 16}, spanEnd = SourcePos {posLine = 216, posColumn = 17}}, locValue = TokenDelimiter DelimLeftParen},Located {locSpan = SourceSpan {spanFilename = "<input>", spanStart = SourcePos {posLine = 216, posColumn = 17}, spanEnd = SourcePos {posLine = 216, posColumn = 18}}, locValue = TokenIdent "x"},Located {locSpan = SourceSpan {spanFilename = "<input>", spanStart = SourcePos {posLine = 216, posColumn = 18}, spanEnd = SourcePos {posLine = 216, posColumn = 19}}, locValue = TokenDelimiter DelimRightParen},Located {locSpan = SourceSpan {spanFilename = "<input>", spanStart = SourcePos {posLine = 216, posColumn = 19}, spanEnd = SourcePos {posLine = 216, posColumn = 20}}, locValue = TokenDelimiter DelimColon},Located {locSpan = SourceSpan {spanFilename = "<input>", spanStart = SourcePos {posLine = 216, posColumn = 1}, spanEnd = SourcePos {posLine = 217, posColumn = 1}}, locValue = TokenNewline},Located {locSpan = SourceSpan {spanFilename = "<input>", spanStart = SourcePos {posLine = 217, posColumn = 1}, spanEnd = SourcePos {posLine = 217, posColumn = 5}}, locValue = TokenIndent 4},Located {locSpan = SourceSpan {spanFilename = "<input>", spanStart = SourcePos {posLine = 217, posColumn = 5}, spanEnd = SourcePos {posLine = 217, posColumn = 33}}, locValue = TokenComment "# Function 54 implementation"},Located {locSpan = SourceSpan {spanFilename = "<input>", spanStart = SourcePos {posLine = 217, posColumn = 1}, spanEnd = SourcePos {posLine = 218, posColumn = 1}}, locValue = TokenNewline},Located {locSpan = SourceSpan {spanFilename = "<input>", spanStart = SourcePos {posLine = 218, posColumn = 5}, spanEnd = SourcePos {posLine = 218, posColumn = 11}}, locValue = TokenIdent "result"},Located {locSpan = SourceSpan {spanFilename = "<input>", spanStart = SourcePos {posLine = 218, posColumn = 12}, spanEnd = SourcePos {posLine = 218, posColumn = 13}}, locValue = TokenOperator OpAssign},Located {locSpan = SourceSpan {spanFilename = "<input>", spanStart = SourcePos {posLine = 218, posColumn = 14}, spanEnd = SourcePos {posLine = 218, posColumn = 15}}, locValue = TokenIdent "x"},Located {locSpan = SourceSpan {spanFilename = "<input>", spanStart = SourcePos {posLine = 218, posColumn = 16}, spanEnd = SourcePos {posLine = 218, posColumn = 17}}, locValue = TokenOperator OpMult},Located {locSpan = SourceSpan {spanFilename = "<input>", spanStart = SourcePos {posLine = 218, posColumn = 18}, spanEnd = SourcePos {posLine = 218, posColumn = 20}}, locValue = TokenNumber "54" False},Located {locSpan = SourceSpan {spanFilename = "<input>", spanStart = SourcePos {posLine = 218, posColumn = 21}, spanEnd = SourcePos {posLine = 218, posColumn = 22}}, locValue = TokenOperator OpPlus},Located {locSpan = SourceSpan {spanFilename = "<input>", spanStart = SourcePos {posLine = 218, posColumn = 23}, spanEnd = SourcePos {posLine = 218, posColumn = 27}}, locValue = TokenIdent "math"},Located {locSpan = SourceSpan {spanFilename = "<input>", spanStart = SourcePos {posLine = 218, posColumn = 27}, spanEnd = SourcePos {posLine = 218, posColumn = 28}}, locValue = TokenDelimiter DelimDot},Located {locSpan = SourceSpan {spanFilename = "<input>", spanStart = SourcePos {posLine = 218, posColumn = 28}, spanEnd = SourcePos {posLine = 218, posColumn = 32}}, locValue = TokenIdent "sqrt"},Located {locSpan = SourceSpan {spanFilename = "<input>", spanStart = SourcePos {posLine = 218, posColumn = 32}, spanEnd = SourcePos {posLine = 218, posColumn = 33}}, locValue = TokenDelimiter DelimLeftParen},Located {locSpan = SourceSpan {spanFilename = "<input>", spanStart = SourcePos {posLine = 218, posColumn = 33}, spanEnd = SourcePos {posLine = 218, posColumn = 35}}, locValue = TokenNumber "54" False},Located {locSpan = SourceSpan {spanFilename = "<input>", spanStart = SourcePos {posLine = 218, posColumn = 35}, spanEnd = SourcePos {posLine = 218, posColumn = 36}}, locValue = TokenDelimiter DelimRightParen},Located {locSpan = SourceSpan {spanFilename = "<input>", spanStart = SourcePos {posLine = 218, posColumn = 1}, spanEnd = SourcePos {posLine = 219, posColumn = 1}}, locValue = TokenNewline},Located {locSpan = SourceSpan {spanFilename = "<input>", spanStart = SourcePos {posLine = 219, posColumn = 5}, spanEnd = SourcePos {posLine = 219, posColumn = 11}}, locValue = TokenKeyword KwReturn},Located {locSpan = SourceSpan {spanFilename = "<input>", spanStart = SourcePos {posLine = 219, posColumn = 12}, spanEnd = SourcePos {posLine = 219, posColumn = 18}}, locValue = TokenIdent "result"},Located {locSpan = SourceSpan {spanFilename = "<input>", spanStart = SourcePos {posLine = 219, posColumn = 1}, spanEnd = SourcePos {posLine = 220, posColumn = 1}}, locValue = TokenNewline},Located {locSpan = SourceSpan {spanFilename = "<input>", spanStart = SourcePos {posLine = 220, posColumn = 1}, spanEnd = SourcePos {posLine = 220, posColumn = 1}}, locValue = TokenDedent 4},Located {locSpan = SourceSpan {spanFilename = "<input>", spanStart = SourcePos {posLine = 220, posColumn = 1}, spanEnd = SourcePos {posLine = 220, posColumn = 4}}, locValue = TokenKeyword KwDef},Located {locSpan = SourceSpan {spanFilename = "<input>", spanStart = SourcePos {posLine = 220, posColumn = 5}, spanEnd = SourcePos {posLine = 220, posColumn = 16}}, locValue = TokenIdent "function_55"},Located {locSpan = SourceSpan {spanFilename = "<input>", spanStart = SourcePos {posLine = 220, posColumn = 16}, spanEnd = SourcePos {posLine = 220, posColumn = 17}}, locValue = TokenDelimiter DelimLeftParen},Located {locSpan = SourceSpan {spanFilename = "<input>", spanStart = SourcePos {posLine = 220, posColumn = 17}, spanEnd = SourcePos {posLine = 220, posColumn = 18}}, locValue = TokenIdent "x"},Located {locSpan = SourceSpan {spanFilename = "<input>", spanStart = SourcePos {posLine = 220, posColumn = 18}, spanEnd = SourcePos {posLine = 220, posColumn = 19}}, locValue = TokenDelimiter DelimRightParen},Located {locSpan = SourceSpan {spanFilename = "<input>", spanStart = SourcePos {posLine = 220, posColumn = 19}, spanEnd = SourcePos {posLine = 220, posColumn = 20}}, locValue = TokenDelimiter DelimColon},Located {locSpan = SourceSpan {spanFilename = "<input>", spanStart = SourcePos {posLine = 220, posColumn = 1}, spanEnd = SourcePos {posLine = 221, posColumn = 1}}, locValue = TokenNewline},Located {locSpan = SourceSpan {spanFilename = "<input>", spanStart = SourcePos {posLine = 221, posColumn = 1}, spanEnd = SourcePos {posLine = 221, posColumn = 5}}, locValue = TokenIndent 4},Located {locSpan = SourceSpan {spanFilename = "<input>", spanStart = SourcePos {posLine = 221, posColumn = 5}, spanEnd = SourcePos {posLine = 221, posColumn = 33}}, locValue = TokenComment "# Function 55 implementation"},Located {locSpan = SourceSpan {spanFilename = "<input>", spanStart = SourcePos {posLine = 221, posColumn = 1}, spanEnd = SourcePos {posLine = 222, posColumn = 1}}, locValue = TokenNewline},Located {locSpan = SourceSpan {spanFilename = "<input>", spanStart = SourcePos {posLine = 222, posColumn = 5}, spanEnd = SourcePos {posLine = 222, posColumn = 11}}, locValue = TokenIdent "result"},Located {locSpan = SourceSpan {spanFilename = "<input>", spanStart = SourcePos {posLine = 222, posColumn = 12}, spanEnd = SourcePos {posLine = 222, posColumn = 13}}, locValue = TokenOperator OpAssign},Located {locSpan = SourceSpan {spanFilename = "<input>", spanStart = SourcePos {posLine = 222, posColumn = 14}, spanEnd = SourcePos {posLine = 222, posColumn = 15}}, locValue = TokenIdent "x"},Located {locSpan = SourceSpan {spanFilename = "<input>", spanStart = SourcePos {posLine = 222, posColumn = 16}, spanEnd = SourcePos {posLine = 222, posColumn = 17}}, locValue = TokenOperator OpMult},Located {locSpan = SourceSpan {spanFilename = "<input>", spanStart = SourcePos {posLine = 222, posColumn = 18}, spanEnd = SourcePos {posLine = 222, posColumn = 20}}, locValue = TokenNumber "55" False},Located {locSpan = SourceSpan {spanFilename = "<input>", spanStart = SourcePos {posLine = 222, posColumn = 21}, spanEnd = SourcePos {posLine = 222, posColumn = 22}}, locValue = TokenOperator OpPlus},Located {locSpan = SourceSpan {spanFilename = "<input>", spanStart = SourcePos {posLine = 222, posColumn = 23}, spanEnd = SourcePos {posLine = 222, posColumn = 27}}, locValue = TokenIdent "math"},Located {locSpan = SourceSpan {spanFilename = "<input>", spanStart = SourcePos {posLine = 222, posColumn = 27}, spanEnd = SourcePos {posLine = 222, posColumn = 28}}, locValue = TokenDelimiter DelimDot},Located {locSpan = SourceSpan {spanFilename = "<input>", spanStart = SourcePos {posLine = 222, posColumn = 28}, spanEnd = SourcePos {posLine = 222, posColumn = 32}}, locValue = TokenIdent "sqrt"},Located {locSpan = SourceSpan {spanFilename = "<input>", spanStart = SourcePos {posLine = 222, posColumn = 32}, spanEnd = SourcePos {posLine = 222, posColumn = 33}}, locValue = TokenDelimiter DelimLeftParen},Located {locSpan = SourceSpan {spanFilename = "<input>", spanStart = SourcePos {posLine = 222, posColumn = 33}, spanEnd = SourcePos {posLine = 222, posColumn = 35}}, locValue = TokenNumber "55" False},Located {locSpan = SourceSpan {spanFilename = "<input>", spanStart = SourcePos {posLine = 222, posColumn = 35}, spanEnd = SourcePos {posLine = 222, posColumn = 36}}, locValue = TokenDelimiter DelimRightParen},Located {locSpan = SourceSpan {spanFilename = "<input>", spanStart = SourcePos {posLine = 222, posColumn = 1}, spanEnd = SourcePos {posLine = 223, posColumn = 1}}, locValue = TokenNewline},Located {locSpan = SourceSpan {spanFilename = "<input>", spanStart = SourcePos {posLine = 223, posColumn = 5}, spanEnd = SourcePos {posLine = 223, posColumn = 11}}, locValue = TokenKeyword KwReturn},Located {locSpan = SourceSpan {spanFilename = "<input>", spanStart = SourcePos {posLine = 223, posColumn = 12}, spanEnd = SourcePos {posLine = 223, posColumn = 18}}, locValue = TokenIdent "result"},Located {locSpan = SourceSpan {spanFilename = "<input>", spanStart = SourcePos {posLine = 223, posColumn = 1}, spanEnd = SourcePos {posLine = 224, posColumn = 1}}, locValue = TokenNewline},Located {locSpan = SourceSpan {spanFilename = "<input>", spanStart = SourcePos {posLine = 224, posColumn = 1}, spanEnd = SourcePos {posLine = 224, posColumn = 1}}, locValue = TokenDedent 4},Located {locSpan = SourceSpan {spanFilename = "<input>", spanStart = SourcePos {posLine = 224, posColumn = 1}, spanEnd = SourcePos {posLine = 224, posColumn = 4}}, locValue = TokenKeyword KwDef},Located {locSpan = SourceSpan {spanFilename = "<input>", spanStart = SourcePos {posLine = 224, posColumn = 5}, spanEnd = SourcePos {posLine = 224, posColumn = 16}}, locValue = TokenIdent "function_56"},Located {locSpan = SourceSpan {spanFilename = "<input>", spanStart = SourcePos {posLine = 224, posColumn = 16}, spanEnd = SourcePos {posLine = 224, posColumn = 17}}, locValue = TokenDelimiter DelimLeftParen},Located {locSpan = SourceSpan {spanFilename = "<input>", spanStart = SourcePos {posLine = 224, posColumn = 17}, spanEnd = SourcePos {posLine = 224, posColumn = 18}}, locValue = TokenIdent "x"},Located {locSpan = SourceSpan {spanFilename = "<input>", spanStart = SourcePos {posLine = 224, posColumn = 18}, spanEnd = SourcePos {posLine = 224, posColumn = 19}}, locValue = TokenDelimiter DelimRightParen},Located {locSpan = SourceSpan {spanFilename = "<input>", spanStart = SourcePos {posLine = 224, posColumn = 19}, spanEnd = SourcePos {posLine = 224, posColumn = 20}}, locValue = TokenDelimiter DelimColon},Located {locSpan = SourceSpan {spanFilename = "<input>", spanStart = SourcePos {posLine = 224, posColumn = 1}, spanEnd = SourcePos {posLine = 225, posColumn = 1}}, locValue = TokenNewline},Located {locSpan = SourceSpan {spanFilename = "<input>", spanStart = SourcePos {posLine = 225, posColumn = 1}, spanEnd = SourcePos {posLine = 225, posColumn = 5}}, locValue = TokenIndent 4},Located {locSpan = SourceSpan {spanFilename = "<input>", spanStart = SourcePos {posLine = 225, posColumn = 5}, spanEnd = SourcePos {posLine = 225, posColumn = 33}}, locValue = TokenComment "# Function 56 implementation"},Located {locSpan = SourceSpan {spanFilename = "<input>", spanStart = SourcePos {posLine = 225, posColumn = 1}, spanEnd = SourcePos {posLine = 226, posColumn = 1}}, locValue = TokenNewline},Located {locSpan = SourceSpan {spanFilename = "<input>", spanStart = SourcePos {posLine = 226, posColumn = 5}, spanEnd = SourcePos {posLine = 226, posColumn = 11}}, locValue = TokenIdent "result"},Located {locSpan = SourceSpan {spanFilename = "<input>", spanStart = SourcePos {posLine = 226, posColumn = 12}, spanEnd = SourcePos {posLine = 226, posColumn = 13}}, locValue = TokenOperator OpAssign},Located {locSpan = SourceSpan {spanFilename = "<input>", spanStart = SourcePos {posLine = 226, posColumn = 14}, spanEnd = SourcePos {posLine = 226, posColumn = 15}}, locValue = TokenIdent "x"},Located {locSpan = SourceSpan {spanFilename = "<input>", spanStart = SourcePos {posLine = 226, posColumn = 16}, spanEnd = SourcePos {posLine = 226, posColumn = 17}}, locValue = TokenOperator OpMult},Located {locSpan = SourceSpan {spanFilename = "<input>", spanStart = SourcePos {posLine = 226, posColumn = 18}, spanEnd = SourcePos {posLine = 226, posColumn = 20}}, locValue = TokenNumber "56" False},Located {locSpan = SourceSpan {spanFilename = "<input>", spanStart = SourcePos {posLine = 226, posColumn = 21}, spanEnd = SourcePos {posLine = 226, posColumn = 22}}, locValue = TokenOperator OpPlus},Located {locSpan = SourceSpan {spanFilename = "<input>", spanStart = SourcePos {posLine = 226, posColumn = 23}, spanEnd = SourcePos {posLine = 226, posColumn = 27}}, locValue = TokenIdent "math"},Located {locSpan = SourceSpan {spanFilename = "<input>", spanStart = SourcePos {posLine = 226, posColumn = 27}, spanEnd = SourcePos {posLine = 226, posColumn = 28}}, locValue = TokenDelimiter DelimDot},Located {locSpan = SourceSpan {spanFilename = "<input>", spanStart = SourcePos {posLine = 226, posColumn = 28}, spanEnd = SourcePos {posLine = 226, posColumn = 32}}, locValue = TokenIdent "sqrt"},Located {locSpan = SourceSpan {spanFilename = "<input>", spanStart = SourcePos {posLine = 226, posColumn = 32}, spanEnd = SourcePos {posLine = 226, posColumn = 33}}, locValue = TokenDelimiter DelimLeftParen},Located {locSpan = SourceSpan {spanFilename = "<input>", spanStart = SourcePos {posLine = 226, posColumn = 33}, spanEnd = SourcePos {posLine = 226, posColumn = 35}}, locValue = TokenNumber "56" False},Located {locSpan = SourceSpan {spanFilename = "<input>", spanStart = SourcePos {posLine = 226, posColumn = 35}, spanEnd = SourcePos {posLine = 226, posColumn = 36}}, locValue = TokenDelimiter DelimRightParen},Located {locSpan = SourceSpan {spanFilename = "<input>", spanStart = SourcePos {posLine = 226, posColumn = 1}, spanEnd = SourcePos {posLine = 227, posColumn = 1}}, locValue = TokenNewline},Located {locSpan = SourceSpan {spanFilename = "<input>", spanStart = SourcePos {posLine = 227, posColumn = 5}, spanEnd = SourcePos {posLine = 227, posColumn = 11}}, locValue = TokenKeyword KwReturn},Located {locSpan = SourceSpan {spanFilename = "<input>", spanStart = SourcePos {posLine = 227, posColumn = 12}, spanEnd = SourcePos {posLine = 227, posColumn = 18}}, locValue = TokenIdent "result"},Located {locSpan = SourceSpan {spanFilename = "<input>", spanStart = SourcePos {posLine = 227, posColumn = 1}, spanEnd = SourcePos {posLine = 228, posColumn = 1}}, locValue = TokenNewline},Located {locSpan = SourceSpan {spanFilename = "<input>", spanStart = SourcePos {posLine = 228, posColumn = 1}, spanEnd = SourcePos {posLine = 228, posColumn = 1}}, locValue = TokenDedent 4},Located {locSpan = SourceSpan {spanFilename = "<input>", spanStart = SourcePos {posLine = 228, posColumn = 1}, spanEnd = SourcePos {posLine = 228, posColumn = 4}}, locValue = TokenKeyword KwDef},Located {locSpan = SourceSpan {spanFilename = "<input>", spanStart = SourcePos {posLine = 228, posColumn = 5}, spanEnd = SourcePos {posLine = 228, posColumn = 16}}, locValue = TokenIdent "function_57"},Located {locSpan = SourceSpan {spanFilename = "<input>", spanStart = SourcePos {posLine = 228, posColumn = 16}, spanEnd = SourcePos {posLine = 228, posColumn = 17}}, locValue = TokenDelimiter DelimLeftParen},Located {locSpan = SourceSpan {spanFilename = "<input>", spanStart = SourcePos {posLine = 228, posColumn = 17}, spanEnd = SourcePos {posLine = 228, posColumn = 18}}, locValue = TokenIdent "x"},Located {locSpan = SourceSpan {spanFilename = "<input>", spanStart = SourcePos {posLine = 228, posColumn = 18}, spanEnd = SourcePos {posLine = 228, posColumn = 19}}, locValue = TokenDelimiter DelimRightParen},Located {locSpan = SourceSpan {spanFilename = "<input>", spanStart = SourcePos {posLine = 228, posColumn = 19}, spanEnd = SourcePos {posLine = 228, posColumn = 20}}, locValue = TokenDelimiter DelimColon},Located {locSpan = SourceSpan {spanFilename = "<input>", spanStart = SourcePos {posLine = 228, posColumn = 1}, spanEnd = SourcePos {posLine = 229, posColumn = 1}}, locValue = TokenNewline},Located {locSpan = SourceSpan {spanFilename = "<input>", spanStart = SourcePos {posLine = 229, posColumn = 1}, spanEnd = SourcePos {posLine = 229, posColumn = 5}}, locValue = TokenIndent 4},Located {locSpan = SourceSpan {spanFilename = "<input>", spanStart = SourcePos {posLine = 229, posColumn = 5}, spanEnd = SourcePos {posLine = 229, posColumn = 33}}, locValue = TokenComment "# Function 57 implementation"},Located {locSpan = SourceSpan {spanFilename = "<input>", spanStart = SourcePos {posLine = 229, posColumn = 1}, spanEnd = SourcePos {posLine = 230, posColumn = 1}}, locValue = TokenNewline},Located {locSpan = SourceSpan {spanFilename = "<input>", spanStart = SourcePos {posLine = 230, posColumn = 5}, spanEnd = SourcePos {posLine = 230, posColumn = 11}}, locValue = TokenIdent "result"},Located {locSpan = SourceSpan {spanFilename = "<input>", spanStart = SourcePos {posLine = 230, posColumn = 12}, spanEnd = SourcePos {posLine = 230, posColumn = 13}}, locValue = TokenOperator OpAssign},Located {locSpan = SourceSpan {spanFilename = "<input>", spanStart = SourcePos {posLine = 230, posColumn = 14}, spanEnd = SourcePos {posLine = 230, posColumn = 15}}, locValue = TokenIdent "x"},Located {locSpan = SourceSpan {spanFilename = "<input>", spanStart = SourcePos {posLine = 230, posColumn = 16}, spanEnd = SourcePos {posLine = 230, posColumn = 17}}, locValue = TokenOperator OpMult},Located {locSpan = SourceSpan {spanFilename = "<input>", spanStart = SourcePos {posLine = 230, posColumn = 18}, spanEnd = SourcePos {posLine = 230, posColumn = 20}}, locValue = TokenNumber "57" False},Located {locSpan = SourceSpan {spanFilename = "<input>", spanStart = SourcePos {posLine = 230, posColumn = 21}, spanEnd = SourcePos {posLine = 230, posColumn = 22}}, locValue = TokenOperator OpPlus},Located {locSpan = SourceSpan {spanFilename = "<input>", spanStart = SourcePos {posLine = 230, posColumn = 23}, spanEnd = SourcePos {posLine = 230, posColumn = 27}}, locValue = TokenIdent "math"},Located {locSpan = SourceSpan {spanFilename = "<input>", spanStart = SourcePos {posLine = 230, posColumn = 27}, spanEnd = SourcePos {posLine = 230, posColumn = 28}}, locValue = TokenDelimiter DelimDot},Located {locSpan = SourceSpan {spanFilename = "<input>", spanStart = SourcePos {posLine = 230, posColumn = 28}, spanEnd = SourcePos {posLine = 230, posColumn = 32}}, locValue = TokenIdent "sqrt"},Located {locSpan = SourceSpan {spanFilename = "<input>", spanStart = SourcePos {posLine = 230, posColumn = 32}, spanEnd = SourcePos {posLine = 230, posColumn = 33}}, locValue = TokenDelimiter DelimLeftParen},Located {locSpan = SourceSpan {spanFilename = "<input>", spanStart = SourcePos {posLine = 230, posColumn = 33}, spanEnd = SourcePos {posLine = 230, posColumn = 35}}, locValue = TokenNumber "57" False},Located {locSpan = SourceSpan {spanFilename = "<input>", spanStart = SourcePos {posLine = 230, posColumn = 35}, spanEnd = SourcePos {posLine = 230, posColumn = 36}}, locValue = TokenDelimiter DelimRightParen},Located {locSpan = SourceSpan {spanFilename = "<input>", spanStart = SourcePos {posLine = 230, posColumn = 1}, spanEnd = SourcePos {posLine = 231, posColumn = 1}}, locValue = TokenNewline},Located {locSpan = SourceSpan {spanFilename = "<input>", spanStart = SourcePos {posLine = 231, posColumn = 5}, spanEnd = SourcePos {posLine = 231, posColumn = 11}}, locValue = TokenKeyword KwReturn},Located {locSpan = SourceSpan {spanFilename = "<input>", spanStart = SourcePos {posLine = 231, posColumn = 12}, spanEnd = SourcePos {posLine = 231, posColumn = 18}}, locValue = TokenIdent "result"},Located {locSpan = SourceSpan {spanFilename = "<input>", spanStart = SourcePos {posLine = 231, posColumn = 1}, spanEnd = SourcePos {posLine = 232, posColumn = 1}}, locValue = TokenNewline},Located {locSpan = SourceSpan {spanFilename = "<input>", spanStart = SourcePos {posLine = 232, posColumn = 1}, spanEnd = SourcePos {posLine = 232, posColumn = 1}}, locValue = TokenDedent 4},Located {locSpan = SourceSpan {spanFilename = "<input>", spanStart = SourcePos {posLine = 232, posColumn = 1}, spanEnd = SourcePos {posLine = 232, posColumn = 4}}, locValue = TokenKeyword KwDef},Located {locSpan = SourceSpan {spanFilename = "<input>", spanStart = SourcePos {posLine = 232, posColumn = 5}, spanEnd = SourcePos {posLine = 232, posColumn = 16}}, locValue = TokenIdent "function_58"},Located {locSpan = SourceSpan {spanFilename = "<input>", spanStart = SourcePos {posLine = 232, posColumn = 16}, spanEnd = SourcePos {posLine = 232, posColumn = 17}}, locValue = TokenDelimiter DelimLeftParen},Located {locSpan = SourceSpan {spanFilename = "<input>", spanStart = SourcePos {posLine = 232, posColumn = 17}, spanEnd = SourcePos {posLine = 232, posColumn = 18}}, locValue = TokenIdent "x"},Located {locSpan = SourceSpan {spanFilename = "<input>", spanStart = SourcePos {posLine = 232, posColumn = 18}, spanEnd = SourcePos {posLine = 232, posColumn = 19}}, locValue = TokenDelimiter DelimRightParen},Located {locSpan = SourceSpan {spanFilename = "<input>", spanStart = SourcePos {posLine = 232, posColumn = 19}, spanEnd = SourcePos {posLine = 232, posColumn = 20}}, locValue = TokenDelimiter DelimColon},Located {locSpan = SourceSpan {spanFilename = "<input>", spanStart = SourcePos {posLine = 232, posColumn = 1}, spanEnd = SourcePos {posLine = 233, posColumn = 1}}, locValue = TokenNewline},Located {locSpan = SourceSpan {spanFilename = "<input>", spanStart = SourcePos {posLine = 233, posColumn = 1}, spanEnd = SourcePos {posLine = 233, posColumn = 5}}, locValue = TokenIndent 4},Located {locSpan = SourceSpan {spanFilename = "<input>", spanStart = SourcePos {posLine = 233, posColumn = 5}, spanEnd = SourcePos {posLine = 233, posColumn = 33}}, locValue = TokenComment "# Function 58 implementation"},Located {locSpan = SourceSpan {spanFilename = "<input>", spanStart = SourcePos {posLine = 233, posColumn = 1}, spanEnd = SourcePos {posLine = 234, posColumn = 1}}, locValue = TokenNewline},Located {locSpan = SourceSpan {spanFilename = "<input>", spanStart = SourcePos {posLine = 234, posColumn = 5}, spanEnd = SourcePos {posLine = 234, posColumn = 11}}, locValue = TokenIdent "result"},Located {locSpan = SourceSpan {spanFilename = "<input>", spanStart = SourcePos {posLine = 234, posColumn = 12}, spanEnd = SourcePos {posLine = 234, posColumn = 13}}, locValue = TokenOperator OpAssign},Located {locSpan = SourceSpan {spanFilename = "<input>", spanStart = SourcePos {posLine = 234, posColumn = 14}, spanEnd = SourcePos {posLine = 234, posColumn = 15}}, locValue = TokenIdent "x"},Located {locSpan = SourceSpan {spanFilename = "<input>", spanStart = SourcePos {posLine = 234, posColumn = 16}, spanEnd = SourcePos {posLine = 234, posColumn = 17}}, locValue = TokenOperator OpMult},Located {locSpan = SourceSpan {spanFilename = "<input>", spanStart = SourcePos {posLine = 234, posColumn = 18}, spanEnd = SourcePos {posLine = 234, posColumn = 20}}, locValue = TokenNumber "58" False},Located {locSpan = SourceSpan {spanFilename = "<input>", spanStart = SourcePos {posLine = 234, posColumn = 21}, spanEnd = SourcePos {posLine = 234, posColumn = 22}}, locValue = TokenOperator OpPlus},Located {locSpan = SourceSpan {spanFilename = "<input>", spanStart = SourcePos {posLine = 234, posColumn = 23}, spanEnd = SourcePos {posLine = 234, posColumn = 27}}, locValue = TokenIdent "math"},Located {locSpan = SourceSpan {spanFilename = "<input>", spanStart = SourcePos {posLine = 234, posColumn = 27}, spanEnd = SourcePos {posLine = 234, posColumn = 28}}, locValue = TokenDelimiter DelimDot},Located {locSpan = SourceSpan {spanFilename = "<input>", spanStart = SourcePos {posLine = 234, posColumn = 28}, spanEnd = SourcePos {posLine = 234, posColumn = 32}}, locValue = TokenIdent "sqrt"},Located {locSpan = SourceSpan {spanFilename = "<input>", spanStart = SourcePos {posLine = 234, posColumn = 32}, spanEnd = SourcePos {posLine = 234, posColumn = 33}}, locValue = TokenDelimiter DelimLeftParen},Located {locSpan = SourceSpan {spanFilename = "<input>", spanStart = SourcePos {posLine = 234, posColumn = 33}, spanEnd = SourcePos {posLine = 234, posColumn = 35}}, locValue = TokenNumber "58" False},Located {locSpan = SourceSpan {spanFilename = "<input>", spanStart = SourcePos {posLine = 234, posColumn = 35}, spanEnd = SourcePos {posLine = 234, posColumn = 36}}, locValue = TokenDelimiter DelimRightParen},Located {locSpan = SourceSpan {spanFilename = "<input>", spanStart = SourcePos {posLine = 234, posColumn = 1}, spanEnd = SourcePos {posLine = 235, posColumn = 1}}, locValue = TokenNewline},Located {locSpan = SourceSpan {spanFilename = "<input>", spanStart = SourcePos {posLine = 235, posColumn = 5}, spanEnd = SourcePos {posLine = 235, posColumn = 11}}, locValue = TokenKeyword KwReturn},Located {locSpan = SourceSpan {spanFilename = "<input>", spanStart = SourcePos {posLine = 235, posColumn = 12}, spanEnd = SourcePos {posLine = 235, posColumn = 18}}, locValue = TokenIdent "result"},Located {locSpan = SourceSpan {spanFilename = "<input>", spanStart = SourcePos {posLine = 235, posColumn = 1}, spanEnd = SourcePos {posLine = 236, posColumn = 1}}, locValue = TokenNewline},Located {locSpan = SourceSpan {spanFilename = "<input>", spanStart = SourcePos {posLine = 236, posColumn = 1}, spanEnd = SourcePos {posLine = 236, posColumn = 1}}, locValue = TokenDedent 4},Located {locSpan = SourceSpan {spanFilename = "<input>", spanStart = SourcePos {posLine = 236, posColumn = 1}, spanEnd = SourcePos {posLine = 236, posColumn = 4}}, locValue = TokenKeyword KwDef},Located {locSpan = SourceSpan {spanFilename = "<input>", spanStart = SourcePos {posLine = 236, posColumn = 5}, spanEnd = SourcePos {posLine = 236, posColumn = 16}}, locValue = TokenIdent "function_59"},Located {locSpan = SourceSpan {spanFilename = "<input>", spanStart = SourcePos {posLine = 236, posColumn = 16}, spanEnd = SourcePos {posLine = 236, posColumn = 17}}, locValue = TokenDelimiter DelimLeftParen},Located {locSpan = SourceSpan {spanFilename = "<input>", spanStart = SourcePos {posLine = 236, posColumn = 17}, spanEnd = SourcePos {posLine = 236, posColumn = 18}}, locValue = TokenIdent "x"},Located {locSpan = SourceSpan {spanFilename = "<input>", spanStart = SourcePos {posLine = 236, posColumn = 18}, spanEnd = SourcePos {posLine = 236, posColumn = 19}}, locValue = TokenDelimiter DelimRightParen},Located {locSpan = SourceSpan {spanFilename = "<input>", spanStart = SourcePos {posLine = 236, posColumn = 19}, spanEnd = SourcePos {posLine = 236, posColumn = 20}}, locValue = TokenDelimiter DelimColon},Located {locSpan = SourceSpan {spanFilename = "<input>", spanStart = SourcePos {posLine = 236, posColumn = 1}, spanEnd = SourcePos {posLine = 237, posColumn = 1}}, locValue = TokenNewline},Located {locSpan = SourceSpan {spanFilename = "<input>", spanStart = SourcePos {posLine = 237, posColumn = 1}, spanEnd = SourcePos {posLine = 237, posColumn = 5}}, locValue = TokenIndent 4},Located {locSpan = SourceSpan {spanFilename = "<input>", spanStart = SourcePos {posLine = 237, posColumn = 5}, spanEnd = SourcePos {posLine = 237, posColumn = 33}}, locValue = TokenComment "# Function 59 implementation"},Located {locSpan = SourceSpan {spanFilename = "<input>", spanStart = SourcePos {posLine = 237, posColumn = 1}, spanEnd = SourcePos {posLine = 238, posColumn = 1}}, locValue = TokenNewline},Located {locSpan = SourceSpan {spanFilename = "<input>", spanStart = SourcePos {posLine = 238, posColumn = 5}, spanEnd = SourcePos {posLine = 238, posColumn = 11}}, locValue = TokenIdent "result"},Located {locSpan = SourceSpan {spanFilename = "<input>", spanStart = SourcePos {posLine = 238, posColumn = 12}, spanEnd = SourcePos {posLine = 238, posColumn = 13}}, locValue = TokenOperator OpAssign},Located {locSpan = SourceSpan {spanFilename = "<input>", spanStart = SourcePos {posLine = 238, posColumn = 14}, spanEnd = SourcePos {posLine = 238, posColumn = 15}}, locValue = TokenIdent "x"},Located {locSpan = SourceSpan {spanFilename = "<input>", spanStart = SourcePos {posLine = 238, posColumn = 16}, spanEnd = SourcePos {posLine = 238, posColumn = 17}}, locValue = TokenOperator OpMult},Located {locSpan = SourceSpan {spanFilename = "<input>", spanStart = SourcePos {posLine = 238, posColumn = 18}, spanEnd = SourcePos {posLine = 238, posColumn = 20}}, locValue = TokenNumber "59" False},Located {locSpan = SourceSpan {spanFilename = "<input>", spanStart = SourcePos {posLine = 238, posColumn = 21}, spanEnd = SourcePos {posLine = 238, posColumn = 22}}, locValue = TokenOperator OpPlus},Located {locSpan = SourceSpan {spanFilename = "<input>", spanStart = SourcePos {posLine = 238, posColumn = 23}, spanEnd = SourcePos {posLine = 238, posColumn = 27}}, locValue = TokenIdent "math"},Located {locSpan = SourceSpan {spanFilename = "<input>", spanStart = SourcePos {posLine = 238, posColumn = 27}, spanEnd = SourcePos {posLine = 238, posColumn = 28}}, locValue = TokenDelimiter DelimDot},Located {locSpan = SourceSpan {spanFilename = "<input>", spanStart = SourcePos {posLine = 238, posColumn = 28}, spanEnd = SourcePos {posLine = 238, posColumn = 32}}, locValue = TokenIdent "sqrt"},Located {locSpan = SourceSpan {spanFilename = "<input>", spanStart = SourcePos {posLine = 238, posColumn = 32}, spanEnd = SourcePos {posLine = 238, posColumn = 33}}, locValue = TokenDelimiter DelimLeftParen},Located {locSpan = SourceSpan {spanFilename = "<input>", spanStart = SourcePos {posLine = 238, posColumn = 33}, spanEnd = SourcePos {posLine = 238, posColumn = 35}}, locValue = TokenNumber "59" False},Located {locSpan = SourceSpan {spanFilename = "<input>", spanStart = SourcePos {posLine = 238, posColumn = 35}, spanEnd = SourcePos {posLine = 238, posColumn = 36}}, locValue = TokenDelimiter DelimRightParen},Located {locSpan = SourceSpan {spanFilename = "<input>", spanStart = SourcePos {posLine = 238, posColumn = 1}, spanEnd = SourcePos {posLine = 239, posColumn = 1}}, locValue = TokenNewline},Located {locSpan = SourceSpan {spanFilename = "<input>", spanStart = SourcePos {posLine = 239, posColumn = 5}, spanEnd = SourcePos {posLine = 239, posColumn = 11}}, locValue = TokenKeyword KwReturn},Located {locSpan = SourceSpan {spanFilename = "<input>", spanStart = SourcePos {posLine = 239, posColumn = 12}, spanEnd = SourcePos {posLine = 239, posColumn = 18}}, locValue = TokenIdent "result"},Located {locSpan = SourceSpan {spanFilename = "<input>", spanStart = SourcePos {posLine = 239, posColumn = 1}, spanEnd = SourcePos {posLine = 240, posColumn = 1}}, locValue = TokenNewline},Located {locSpan = SourceSpan {spanFilename = "<input>", spanStart = SourcePos {posLine = 240, posColumn = 1}, spanEnd = SourcePos {posLine = 240, posColumn = 1}}, locValue = TokenDedent 4},Located {locSpan = SourceSpan {spanFilename = "<input>", spanStart = SourcePos {posLine = 240, posColumn = 1}, spanEnd = SourcePos {posLine = 240, posColumn = 4}}, locValue = TokenKeyword KwDef},Located {locSpan = SourceSpan {spanFilename = "<input>", spanStart = SourcePos {posLine = 240, posColumn = 5}, spanEnd = SourcePos {posLine = 240, posColumn = 16}}, locValue = TokenIdent "function_60"},Located {locSpan = SourceSpan {spanFilename = "<input>", spanStart = SourcePos {posLine = 240, posColumn = 16}, spanEnd = SourcePos {posLine = 240, posColumn = 17}}, locValue = TokenDelimiter DelimLeftParen},Located {locSpan = SourceSpan {spanFilename = "<input>", spanStart = SourcePos {posLine = 240, posColumn = 17}, spanEnd = SourcePos {posLine = 240, posColumn = 18}}, locValue = TokenIdent "x"},Located {locSpan = SourceSpan {spanFilename = "<input>", spanStart = SourcePos {posLine = 240, posColumn = 18}, spanEnd = SourcePos {posLine = 240, posColumn = 19}}, locValue = TokenDelimiter DelimRightParen},Located {locSpan = SourceSpan {spanFilename = "<input>", spanStart = SourcePos {posLine = 240, posColumn = 19}, spanEnd = SourcePos {posLine = 240, posColumn = 20}}, locValue = TokenDelimiter DelimColon},Located {locSpan = SourceSpan {spanFilename = "<input>", spanStart = SourcePos {posLine = 240, posColumn = 1}, spanEnd = SourcePos {posLine = 241, posColumn = 1}}, locValue = TokenNewline},Located {locSpan = SourceSpan {spanFilename = "<input>", spanStart = SourcePos {posLine = 241, posColumn = 1}, spanEnd = SourcePos {posLine = 241, posColumn = 5}}, locValue = TokenIndent 4},Located {locSpan = SourceSpan {spanFilename = "<input>", spanStart = SourcePos {posLine = 241, posColumn = 5}, spanEnd = SourcePos {posLine = 241, posColumn = 33}}, locValue = TokenComment "# Function 60 implementation"},Located {locSpan = SourceSpan {spanFilename = "<input>", spanStart = SourcePos {posLine = 241, posColumn = 1}, spanEnd = SourcePos {posLine = 242, posColumn = 1}}, locValue = TokenNewline},Located {locSpan = SourceSpan {spanFilename = "<input>", spanStart = SourcePos {posLine = 242, posColumn = 5}, spanEnd = SourcePos {posLine = 242, posColumn = 11}}, locValue = TokenIdent "result"},Located {locSpan = SourceSpan {spanFilename = "<input>", spanStart = SourcePos {posLine = 242, posColumn = 12}, spanEnd = SourcePos {posLine = 242, posColumn = 13}}, locValue = TokenOperator OpAssign},Located {locSpan = SourceSpan {spanFilename = "<input>", spanStart = SourcePos {posLine = 242, posColumn = 14}, spanEnd = SourcePos {posLine = 242, posColumn = 15}}, locValue = TokenIdent "x"},Located {locSpan = SourceSpan {spanFilename = "<input>", spanStart = SourcePos {posLine = 242, posColumn = 16}, spanEnd = SourcePos {posLine = 242, posColumn = 17}}, locValue = TokenOperator OpMult},Located {locSpan = SourceSpan {spanFilename = "<input>", spanStart = SourcePos {posLine = 242, posColumn = 18}, spanEnd = SourcePos {posLine = 242, posColumn = 20}}, locValue = TokenNumber "60" False},Located {locSpan = SourceSpan {spanFilename = "<input>", spanStart = SourcePos {posLine = 242, posColumn = 21}, spanEnd = SourcePos {posLine = 242, posColumn = 22}}, locValue = TokenOperator OpPlus},Located {locSpan = SourceSpan {spanFilename = "<input>", spanStart = SourcePos {posLine = 242, posColumn = 23}, spanEnd = SourcePos {posLine = 242, posColumn = 27}}, locValue = TokenIdent "math"},Located {locSpan = SourceSpan {spanFilename = "<input>", spanStart = SourcePos {posLine = 242, posColumn = 27}, spanEnd = SourcePos {posLine = 242, posColumn = 28}}, locValue = TokenDelimiter DelimDot},Located {locSpan = SourceSpan {spanFilename = "<input>", spanStart = SourcePos {posLine = 242, posColumn = 28}, spanEnd = SourcePos {posLine = 242, posColumn = 32}}, locValue = TokenIdent "sqrt"},Located {locSpan = SourceSpan {spanFilename = "<input>", spanStart = SourcePos {posLine = 242, posColumn = 32}, spanEnd = SourcePos {posLine = 242, posColumn = 33}}, locValue = TokenDelimiter DelimLeftParen},Located {locSpan = SourceSpan {spanFilename = "<input>", spanStart = SourcePos {posLine = 242, posColumn = 33}, spanEnd = SourcePos {posLine = 242, posColumn = 35}}, locValue = TokenNumber "60" False},Located {locSpan = SourceSpan {spanFilename = "<input>", spanStart = SourcePos {posLine = 242, posColumn = 35}, spanEnd = SourcePos {posLine = 242, posColumn = 36}}, locValue = TokenDelimiter DelimRightParen},Located {locSpan = SourceSpan {spanFilename = "<input>", spanStart = SourcePos {posLine = 242, posColumn = 1}, spanEnd = SourcePos {posLine = 243, posColumn = 1}}, locValue = TokenNewline},Located {locSpan = SourceSpan {spanFilename = "<input>", spanStart = SourcePos {posLine = 243, posColumn = 5}, spanEnd = SourcePos {posLine = 243, posColumn = 11}}, locValue = TokenKeyword KwReturn},Located {locSpan = SourceSpan {spanFilename = "<input>", spanStart = SourcePos {posLine = 243, posColumn = 12}, spanEnd = SourcePos {posLine = 243, posColumn = 18}}, locValue = TokenIdent "result"},Located {locSpan = SourceSpan {spanFilename = "<input>", spanStart = SourcePos {posLine = 243, posColumn = 1}, spanEnd = SourcePos {posLine = 244, posColumn = 1}}, locValue = TokenNewline},Located {locSpan = SourceSpan {spanFilename = "<input>", spanStart = SourcePos {posLine = 244, posColumn = 1}, spanEnd = SourcePos {posLine = 244, posColumn = 1}}, locValue = TokenDedent 4},Located {locSpan = SourceSpan {spanFilename = "<input>", spanStart = SourcePos {posLine = 244, posColumn = 1}, spanEnd = SourcePos {posLine = 244, posColumn = 4}}, locValue = TokenKeyword KwDef},Located {locSpan = SourceSpan {spanFilename = "<input>", spanStart = SourcePos {posLine = 244, posColumn = 5}, spanEnd = SourcePos {posLine = 244, posColumn = 16}}, locValue = TokenIdent "function_61"},Located {locSpan = SourceSpan {spanFilename = "<input>", spanStart = SourcePos {posLine = 244, posColumn = 16}, spanEnd = SourcePos {posLine = 244, posColumn = 17}}, locValue = TokenDelimiter DelimLeftParen},Located {locSpan = SourceSpan {spanFilename = "<input>", spanStart = SourcePos {posLine = 244, posColumn = 17}, spanEnd = SourcePos {posLine = 244, posColumn = 18}}, locValue = TokenIdent "x"},Located {locSpan = SourceSpan {spanFilename = "<input>", spanStart = SourcePos {posLine = 244, posColumn = 18}, spanEnd = SourcePos {posLine = 244, posColumn = 19}}, locValue = TokenDelimiter DelimRightParen},Located {locSpan = SourceSpan {spanFilename = "<input>", spanStart = SourcePos {posLine = 244, posColumn = 19}, spanEnd = SourcePos {posLine = 244, posColumn = 20}}, locValue = TokenDelimiter DelimColon},Located {locSpan = SourceSpan {spanFilename = "<input>", spanStart = SourcePos {posLine = 244, posColumn = 1}, spanEnd = SourcePos {posLine = 245, posColumn = 1}}, locValue = TokenNewline},Located {locSpan = SourceSpan {spanFilename = "<input>", spanStart = SourcePos {posLine = 245, posColumn = 1}, spanEnd = SourcePos {posLine = 245, posColumn = 5}}, locValue = TokenIndent 4},Located {locSpan = SourceSpan {spanFilename = "<input>", spanStart = SourcePos {posLine = 245, posColumn = 5}, spanEnd = SourcePos {posLine = 245, posColumn = 33}}, locValue = TokenComment "# Function 61 implementation"},Located {locSpan = SourceSpan {spanFilename = "<input>", spanStart = SourcePos {posLine = 245, posColumn = 1}, spanEnd = SourcePos {posLine = 246, posColumn = 1}}, locValue = TokenNewline},Located {locSpan = SourceSpan {spanFilename = "<input>", spanStart = SourcePos {posLine = 246, posColumn = 5}, spanEnd = SourcePos {posLine = 246, posColumn = 11}}, locValue = TokenIdent "result"},Located {locSpan = SourceSpan {spanFilename = "<input>", spanStart = SourcePos {posLine = 246, posColumn = 12}, spanEnd = SourcePos {posLine = 246, posColumn = 13}}, locValue = TokenOperator OpAssign},Located {locSpan = SourceSpan {spanFilename = "<input>", spanStart = SourcePos {posLine = 246, posColumn = 14}, spanEnd = SourcePos {posLine = 246, posColumn = 15}}, locValue = TokenIdent "x"},Located {locSpan = SourceSpan {spanFilename = "<input>", spanStart = SourcePos {posLine = 246, posColumn = 16}, spanEnd = SourcePos {posLine = 246, posColumn = 17}}, locValue = TokenOperator OpMult},Located {locSpan = SourceSpan {spanFilename = "<input>", spanStart = SourcePos {posLine = 246, posColumn = 18}, spanEnd = SourcePos {posLine = 246, posColumn = 20}}, locValue = TokenNumber "61" False},Located {locSpan = SourceSpan {spanFilename = "<input>", spanStart = SourcePos {posLine = 246, posColumn = 21}, spanEnd = SourcePos {posLine = 246, posColumn = 22}}, locValue = TokenOperator OpPlus},Located {locSpan = SourceSpan {spanFilename = "<input>", spanStart = SourcePos {posLine = 246, posColumn = 23}, spanEnd = SourcePos {posLine = 246, posColumn = 27}}, locValue = TokenIdent "math"},Located {locSpan = SourceSpan {spanFilename = "<input>", spanStart = SourcePos {posLine = 246, posColumn = 27}, spanEnd = SourcePos {posLine = 246, posColumn = 28}}, locValue = TokenDelimiter DelimDot},Located {locSpan = SourceSpan {spanFilename = "<input>", spanStart = SourcePos {posLine = 246, posColumn = 28}, spanEnd = SourcePos {posLine = 246, posColumn = 32}}, locValue = TokenIdent "sqrt"},Located {locSpan = SourceSpan {spanFilename = "<input>", spanStart = SourcePos {posLine = 246, posColumn = 32}, spanEnd = SourcePos {posLine = 246, posColumn = 33}}, locValue = TokenDelimiter DelimLeftParen},Located {locSpan = SourceSpan {spanFilename = "<input>", spanStart = SourcePos {posLine = 246, posColumn = 33}, spanEnd = SourcePos {posLine = 246, posColumn = 35}}, locValue = TokenNumber "61" False},Located {locSpan = SourceSpan {spanFilename = "<input>", spanStart = SourcePos {posLine = 246, posColumn = 35}, spanEnd = SourcePos {posLine = 246, posColumn = 36}}, locValue = TokenDelimiter DelimRightParen},Located {locSpan = SourceSpan {spanFilename = "<input>", spanStart = SourcePos {posLine = 246, posColumn = 1}, spanEnd = SourcePos {posLine = 247, posColumn = 1}}, locValue = TokenNewline},Located {locSpan = SourceSpan {spanFilename = "<input>", spanStart = SourcePos {posLine = 247, posColumn = 5}, spanEnd = SourcePos {posLine = 247, posColumn = 11}}, locValue = TokenKeyword KwReturn},Located {locSpan = SourceSpan {spanFilename = "<input>", spanStart = SourcePos {posLine = 247, posColumn = 12}, spanEnd = SourcePos {posLine = 247, posColumn = 18}}, locValue = TokenIdent "result"},Located {locSpan = SourceSpan {spanFilename = "<input>", spanStart = SourcePos {posLine = 247, posColumn = 1}, spanEnd = SourcePos {posLine = 248, posColumn = 1}}, locValue = TokenNewline},Located {locSpan = SourceSpan {spanFilename = "<input>", spanStart = SourcePos {posLine = 248, posColumn = 1}, spanEnd = SourcePos {posLine = 248, posColumn = 1}}, locValue = TokenDedent 4},Located {locSpan = SourceSpan {spanFilename = "<input>", spanStart = SourcePos {posLine = 248, posColumn = 1}, spanEnd = SourcePos {posLine = 248, posColumn = 4}}, locValue = TokenKeyword KwDef},Located {locSpan = SourceSpan {spanFilename = "<input>", spanStart = SourcePos {posLine = 248, posColumn = 5}, spanEnd = SourcePos {posLine = 248, posColumn = 16}}, locValue = TokenIdent "function_62"},Located {locSpan = SourceSpan {spanFilename = "<input>", spanStart = SourcePos {posLine = 248, posColumn = 16}, spanEnd = SourcePos {posLine = 248, posColumn = 17}}, locValue = TokenDelimiter DelimLeftParen},Located {locSpan = SourceSpan {spanFilename = "<input>", spanStart = SourcePos {posLine = 248, posColumn = 17}, spanEnd = SourcePos {posLine = 248, posColumn = 18}}, locValue = TokenIdent "x"},Located {locSpan = SourceSpan {spanFilename = "<input>", spanStart = SourcePos {posLine = 248, posColumn = 18}, spanEnd = SourcePos {posLine = 248, posColumn = 19}}, locValue = TokenDelimiter DelimRightParen},Located {locSpan = SourceSpan {spanFilename = "<input>", spanStart = SourcePos {posLine = 248, posColumn = 19}, spanEnd = SourcePos {posLine = 248, posColumn = 20}}, locValue = TokenDelimiter DelimColon},Located {locSpan = SourceSpan {spanFilename = "<input>", spanStart = SourcePos {posLine = 248, posColumn = 1}, spanEnd = SourcePos {posLine = 249, posColumn = 1}}, locValue = TokenNewline},Located {locSpan = SourceSpan {spanFilename = "<input>", spanStart = SourcePos {posLine = 249, posColumn = 1}, spanEnd = SourcePos {posLine = 249, posColumn = 5}}, locValue = TokenIndent 4},Located {locSpan = SourceSpan {spanFilename = "<input>", spanStart = SourcePos {posLine = 249, posColumn = 5}, spanEnd = SourcePos {posLine = 249, posColumn = 33}}, locValue = TokenComment "# Function 62 implementation"},Located {locSpan = SourceSpan {spanFilename = "<input>", spanStart = SourcePos {posLine = 249, posColumn = 1}, spanEnd = SourcePos {posLine = 250, posColumn = 1}}, locValue = TokenNewline},Located {locSpan = SourceSpan {spanFilename = "<input>", spanStart = SourcePos {posLine = 250, posColumn = 5}, spanEnd = SourcePos {posLine = 250, posColumn = 11}}, locValue = TokenIdent "result"},Located {locSpan = SourceSpan {spanFilename = "<input>", spanStart = SourcePos {posLine = 250, posColumn = 12}, spanEnd = SourcePos {posLine = 250, posColumn = 13}}, locValue = TokenOperator OpAssign},Located {locSpan = SourceSpan {spanFilename = "<input>", spanStart = SourcePos {posLine = 250, posColumn = 14}, spanEnd = SourcePos {posLine = 250, posColumn = 15}}, locValue = TokenIdent "x"},Located {locSpan = SourceSpan {spanFilename = "<input>", spanStart = SourcePos {posLine = 250, posColumn = 16}, spanEnd = SourcePos {posLine = 250, posColumn = 17}}, locValue = TokenOperator OpMult},Located {locSpan = SourceSpan {spanFilename = "<input>", spanStart = SourcePos {posLine = 250, posColumn = 18}, spanEnd = SourcePos {posLine = 250, posColumn = 20}}, locValue = TokenNumber "62" False},Located {locSpan = SourceSpan {spanFilename = "<input>", spanStart = SourcePos {posLine = 250, posColumn = 21}, spanEnd = SourcePos {posLine = 250, posColumn = 22}}, locValue = TokenOperator OpPlus},Located {locSpan = SourceSpan {spanFilename = "<input>", spanStart = SourcePos {posLine = 250, posColumn = 23}, spanEnd = SourcePos {posLine = 250, posColumn = 27}}, locValue = TokenIdent "math"},Located {locSpan = SourceSpan {spanFilename = "<input>", spanStart = SourcePos {posLine = 250, posColumn = 27}, spanEnd = SourcePos {posLine = 250, posColumn = 28}}, locValue = TokenDelimiter DelimDot},Located {locSpan = SourceSpan {spanFilename = "<input>", spanStart = SourcePos {posLine = 250, posColumn = 28}, spanEnd = SourcePos {posLine = 250, posColumn = 32}}, locValue = TokenIdent "sqrt"},Located {locSpan = SourceSpan {spanFilename = "<input>", spanStart = SourcePos {posLine = 250, posColumn = 32}, spanEnd = SourcePos {posLine = 250, posColumn = 33}}, locValue = TokenDelimiter DelimLeftParen},Located {locSpan = SourceSpan {spanFilename = "<input>", spanStart = SourcePos {posLine = 250, posColumn = 33}, spanEnd = SourcePos {posLine = 250, posColumn = 35}}, locValue = TokenNumber "62" False},Located {locSpan = SourceSpan {spanFilename = "<input>", spanStart = SourcePos {posLine = 250, posColumn = 35}, spanEnd = SourcePos {posLine = 250, posColumn = 36}}, locValue = TokenDelimiter DelimRightParen},Located {locSpan = SourceSpan {spanFilename = "<input>", spanStart = SourcePos {posLine = 250, posColumn = 1}, spanEnd = SourcePos {posLine = 251, posColumn = 1}}, locValue = TokenNewline},Located {locSpan = SourceSpan {spanFilename = "<input>", spanStart = SourcePos {posLine = 251, posColumn = 5}, spanEnd = SourcePos {posLine = 251, posColumn = 11}}, locValue = TokenKeyword KwReturn},Located {locSpan = SourceSpan {spanFilename = "<input>", spanStart = SourcePos {posLine = 251, posColumn = 12}, spanEnd = SourcePos {posLine = 251, posColumn = 18}}, locValue = TokenIdent "result"},Located {locSpan = SourceSpan {spanFilename = "<input>", spanStart = SourcePos {posLine = 251, posColumn = 1}, spanEnd = SourcePos {posLine = 252, posColumn = 1}}, locValue = TokenNewline},Located {locSpan = SourceSpan {spanFilename = "<input>", spanStart = SourcePos {posLine = 252, posColumn = 1}, spanEnd = SourcePos {posLine = 252, posColumn = 1}}, locValue = TokenDedent 4},Located {locSpan = SourceSpan {spanFilename = "<input>", spanStart = SourcePos {posLine = 252, posColumn = 1}, spanEnd = SourcePos {posLine = 252, posColumn = 4}}, locValue = TokenKeyword KwDef},Located {locSpan = SourceSpan {spanFilename = "<input>", spanStart = SourcePos {posLine = 252, posColumn = 5}, spanEnd = SourcePos {posLine = 252, posColumn = 16}}, locValue = TokenIdent "function_63"},Located {locSpan = SourceSpan {spanFilename = "<input>", spanStart = SourcePos {posLine = 252, posColumn = 16}, spanEnd = SourcePos {posLine = 252, posColumn = 17}}, locValue = TokenDelimiter DelimLeftParen},Located {locSpan = SourceSpan {spanFilename = "<input>", spanStart = SourcePos {posLine = 252, posColumn = 17}, spanEnd = SourcePos {posLine = 252, posColumn = 18}}, locValue = TokenIdent "x"},Located {locSpan = SourceSpan {spanFilename = "<input>", spanStart = SourcePos {posLine = 252, posColumn = 18}, spanEnd = SourcePos {posLine = 252, posColumn = 19}}, locValue = TokenDelimiter DelimRightParen},Located {locSpan = SourceSpan {spanFilename = "<input>", spanStart = SourcePos {posLine = 252, posColumn = 19}, spanEnd = SourcePos {posLine = 252, posColumn = 20}}, locValue = TokenDelimiter DelimColon},Located {locSpan = SourceSpan {spanFilename = "<input>", spanStart = SourcePos {posLine = 252, posColumn = 1}, spanEnd = SourcePos {posLine = 253, posColumn = 1}}, locValue = TokenNewline},Located {locSpan = SourceSpan {spanFilename = "<input>", spanStart = SourcePos {posLine = 253, posColumn = 1}, spanEnd = SourcePos {posLine = 253, posColumn = 5}}, locValue = TokenIndent 4},Located {locSpan = SourceSpan {spanFilename = "<input>", spanStart = SourcePos {posLine = 253, posColumn = 5}, spanEnd = SourcePos {posLine = 253, posColumn = 33}}, locValue = TokenComment "# Function 63 implementation"},Located {locSpan = SourceSpan {spanFilename = "<input>", spanStart = SourcePos {posLine = 253, posColumn = 1}, spanEnd = SourcePos {posLine = 254, posColumn = 1}}, locValue = TokenNewline},Located {locSpan = SourceSpan {spanFilename = "<input>", spanStart = SourcePos {posLine = 254, posColumn = 5}, spanEnd = SourcePos {posLine = 254, posColumn = 11}}, locValue = TokenIdent "result"},Located {locSpan = SourceSpan {spanFilename = "<input>", spanStart = SourcePos {posLine = 254, posColumn = 12}, spanEnd = SourcePos {posLine = 254, posColumn = 13}}, locValue = TokenOperator OpAssign},Located {locSpan = SourceSpan {spanFilename = "<input>", spanStart = SourcePos {posLine = 254, posColumn = 14}, spanEnd = SourcePos {posLine = 254, posColumn = 15}}, locValue = TokenIdent "x"},Located {locSpan = SourceSpan {spanFilename = "<input>", spanStart = SourcePos {posLine = 254, posColumn = 16}, spanEnd = SourcePos {posLine = 254, posColumn = 17}}, locValue = TokenOperator OpMult},Located {locSpan = SourceSpan {spanFilename = "<input>", spanStart = SourcePos {posLine = 254, posColumn = 18}, spanEnd = SourcePos {posLine = 254, posColumn = 20}}, locValue = TokenNumber "63" False},Located {locSpan = SourceSpan {spanFilename = "<input>", spanStart = SourcePos {posLine = 254, posColumn = 21}, spanEnd = SourcePos {posLine = 254, posColumn = 22}}, locValue = TokenOperator OpPlus},Located {locSpan = SourceSpan {spanFilename = "<input>", spanStart = SourcePos {posLine = 254, posColumn = 23}, spanEnd = SourcePos {posLine = 254, posColumn = 27}}, locValue = TokenIdent "math"},Located {locSpan = SourceSpan {spanFilename = "<input>", spanStart = SourcePos {posLine = 254, posColumn = 27}, spanEnd = SourcePos {posLine = 254, posColumn = 28}}, locValue = TokenDelimiter DelimDot},Located {locSpan = SourceSpan {spanFilename = "<input>", spanStart = SourcePos {posLine = 254, posColumn = 28}, spanEnd = SourcePos {posLine = 254, posColumn = 32}}, locValue = TokenIdent "sqrt"},Located {locSpan = SourceSpan {spanFilename = "<input>", spanStart = SourcePos {posLine = 254, posColumn = 32}, spanEnd = SourcePos {posLine = 254, posColumn = 33}}, locValue = TokenDelimiter DelimLeftParen},Located {locSpan = SourceSpan {spanFilename = "<input>", spanStart = SourcePos {posLine = 254, posColumn = 33}, spanEnd = SourcePos {posLine = 254, posColumn = 35}}, locValue = TokenNumber "63" False},Located {locSpan = SourceSpan {spanFilename = "<input>", spanStart = SourcePos {posLine = 254, posColumn = 35}, spanEnd = SourcePos {posLine = 254, posColumn = 36}}, locValue = TokenDelimiter DelimRightParen},Located {locSpan = SourceSpan {spanFilename = "<input>", spanStart = SourcePos {posLine = 254, posColumn = 1}, spanEnd = SourcePos {posLine = 255, posColumn = 1}}, locValue = TokenNewline},Located {locSpan = SourceSpan {spanFilename = "<input>", spanStart = SourcePos {posLine = 255, posColumn = 5}, spanEnd = SourcePos {posLine = 255, posColumn = 11}}, locValue = TokenKeyword KwReturn},Located {locSpan = SourceSpan {spanFilename = "<input>", spanStart = SourcePos {posLine = 255, posColumn = 12}, spanEnd = SourcePos {posLine = 255, posColumn = 18}}, locValue = TokenIdent "result"},Located {locSpan = SourceSpan {spanFilename = "<input>", spanStart = SourcePos {posLine = 255, posColumn = 1}, spanEnd = SourcePos {posLine = 256, posColumn = 1}}, locValue = TokenNewline},Located {locSpan = SourceSpan {spanFilename = "<input>", spanStart = SourcePos {posLine = 256, posColumn = 1}, spanEnd = SourcePos {posLine = 256, posColumn = 1}}, locValue = TokenDedent 4},Located {locSpan = SourceSpan {spanFilename = "<input>", spanStart = SourcePos {posLine = 256, posColumn = 1}, spanEnd = SourcePos {posLine = 256, posColumn = 4}}, locValue = TokenKeyword KwDef},Located {locSpan = SourceSpan {spanFilename = "<input>", spanStart = SourcePos {posLine = 256, posColumn = 5}, spanEnd = SourcePos {posLine = 256, posColumn = 16}}, locValue = TokenIdent "function_64"},Located {locSpan = SourceSpan {spanFilename = "<input>", spanStart = SourcePos {posLine = 256, posColumn = 16}, spanEnd = SourcePos {posLine = 256, posColumn = 17}}, locValue = TokenDelimiter DelimLeftParen},Located {locSpan = SourceSpan {spanFilename = "<input>", spanStart = SourcePos {posLine = 256, posColumn = 17}, spanEnd = SourcePos {posLine = 256, posColumn = 18}}, locValue = TokenIdent "x"},Located {locSpan = SourceSpan {spanFilename = "<input>", spanStart = SourcePos {posLine = 256, posColumn = 18}, spanEnd = SourcePos {posLine = 256, posColumn = 19}}, locValue = TokenDelimiter DelimRightParen},Located {locSpan = SourceSpan {spanFilename = "<input>", spanStart = SourcePos {posLine = 256, posColumn = 19}, spanEnd = SourcePos {posLine = 256, posColumn = 20}}, locValue = TokenDelimiter DelimColon},Located {locSpan = SourceSpan {spanFilename = "<input>", spanStart = SourcePos {posLine = 256, posColumn = 1}, spanEnd = SourcePos {posLine = 257, posColumn = 1}}, locValue = TokenNewline},Located {locSpan = SourceSpan {spanFilename = "<input>", spanStart = SourcePos {posLine = 257, posColumn = 1}, spanEnd = SourcePos {posLine = 257, posColumn = 5}}, locValue = TokenIndent 4},Located {locSpan = SourceSpan {spanFilename = "<input>", spanStart = SourcePos {posLine = 257, posColumn = 5}, spanEnd = SourcePos {posLine = 257, posColumn = 33}}, locValue = TokenComment "# Function 64 implementation"},Located {locSpan = SourceSpan {spanFilename = "<input>", spanStart = SourcePos {posLine = 257, posColumn = 1}, spanEnd = SourcePos {posLine = 258, posColumn = 1}}, locValue = TokenNewline},Located {locSpan = SourceSpan {spanFilename = "<input>", spanStart = SourcePos {posLine = 258, posColumn = 5}, spanEnd = SourcePos {posLine = 258, posColumn = 11}}, locValue = TokenIdent "result"},Located {locSpan = SourceSpan {spanFilename = "<input>", spanStart = SourcePos {posLine = 258, posColumn = 12}, spanEnd = SourcePos {posLine = 258, posColumn = 13}}, locValue = TokenOperator OpAssign},Located {locSpan = SourceSpan {spanFilename = "<input>", spanStart = SourcePos {posLine = 258, posColumn = 14}, spanEnd = SourcePos {posLine = 258, posColumn = 15}}, locValue = TokenIdent "x"},Located {locSpan = SourceSpan {spanFilename = "<input>", spanStart = SourcePos {posLine = 258, posColumn = 16}, spanEnd = SourcePos {posLine = 258, posColumn = 17}}, locValue = TokenOperator OpMult},Located {locSpan = SourceSpan {spanFilename = "<input>", spanStart = SourcePos {posLine = 258, posColumn = 18}, spanEnd = SourcePos {posLine = 258, posColumn = 20}}, locValue = TokenNumber "64" False},Located {locSpan = SourceSpan {spanFilename = "<input>", spanStart = SourcePos {posLine = 258, posColumn = 21}, spanEnd = SourcePos {posLine = 258, posColumn = 22}}, locValue = TokenOperator OpPlus},Located {locSpan = SourceSpan {spanFilename = "<input>", spanStart = SourcePos {posLine = 258, posColumn = 23}, spanEnd = SourcePos {posLine = 258, posColumn = 27}}, locValue = TokenIdent "math"},Located {locSpan = SourceSpan {spanFilename = "<input>", spanStart = SourcePos {posLine = 258, posColumn = 27}, spanEnd = SourcePos {posLine = 258, posColumn = 28}}, locValue = TokenDelimiter DelimDot},Located {locSpan = SourceSpan {spanFilename = "<input>", spanStart = SourcePos {posLine = 258, posColumn = 28}, spanEnd = SourcePos {posLine = 258, posColumn = 32}}, locValue = TokenIdent "sqrt"},Located {locSpan = SourceSpan {spanFilename = "<input>", spanStart = SourcePos {posLine = 258, posColumn = 32}, spanEnd = SourcePos {posLine = 258, posColumn = 33}}, locValue = TokenDelimiter DelimLeftParen},Located {locSpan = SourceSpan {spanFilename = "<input>", spanStart = SourcePos {posLine = 258, posColumn = 33}, spanEnd = SourcePos {posLine = 258, posColumn = 35}}, locValue = TokenNumber "64" False},Located {locSpan = SourceSpan {spanFilename = "<input>", spanStart = SourcePos {posLine = 258, posColumn = 35}, spanEnd = SourcePos {posLine = 258, posColumn = 36}}, locValue = TokenDelimiter DelimRightParen},Located {locSpan = SourceSpan {spanFilename = "<input>", spanStart = SourcePos {posLine = 258, posColumn = 1}, spanEnd = SourcePos {posLine = 259, posColumn = 1}}, locValue = TokenNewline},Located {locSpan = SourceSpan {spanFilename = "<input>", spanStart = SourcePos {posLine = 259, posColumn = 5}, spanEnd = SourcePos {posLine = 259, posColumn = 11}}, locValue = TokenKeyword KwReturn},Located {locSpan = SourceSpan {spanFilename = "<input>", spanStart = SourcePos {posLine = 259, posColumn = 12}, spanEnd = SourcePos {posLine = 259, posColumn = 18}}, locValue = TokenIdent "result"},Located {locSpan = SourceSpan {spanFilename = "<input>", spanStart = SourcePos {posLine = 259, posColumn = 1}, spanEnd = SourcePos {posLine = 260, posColumn = 1}}, locValue = TokenNewline},Located {locSpan = SourceSpan {spanFilename = "<input>", spanStart = SourcePos {posLine = 260, posColumn = 1}, spanEnd = SourcePos {posLine = 260, posColumn = 1}}, locValue = TokenDedent 4},Located {locSpan = SourceSpan {spanFilename = "<input>", spanStart = SourcePos {posLine = 260, posColumn = 1}, spanEnd = SourcePos {posLine = 260, posColumn = 4}}, locValue = TokenKeyword KwDef},Located {locSpan = SourceSpan {spanFilename = "<input>", spanStart = SourcePos {posLine = 260, posColumn = 5}, spanEnd = SourcePos {posLine = 260, posColumn = 16}}, locValue = TokenIdent "function_65"},Located {locSpan = SourceSpan {spanFilename = "<input>", spanStart = SourcePos {posLine = 260, posColumn = 16}, spanEnd = SourcePos {posLine = 260, posColumn = 17}}, locValue = TokenDelimiter DelimLeftParen},Located {locSpan = SourceSpan {spanFilename = "<input>", spanStart = SourcePos {posLine = 260, posColumn = 17}, spanEnd = SourcePos {posLine = 260, posColumn = 18}}, locValue = TokenIdent "x"},Located {locSpan = SourceSpan {spanFilename = "<input>", spanStart = SourcePos {posLine = 260, posColumn = 18}, spanEnd = SourcePos {posLine = 260, posColumn = 19}}, locValue = TokenDelimiter DelimRightParen},Located {locSpan = SourceSpan {spanFilename = "<input>", spanStart = SourcePos {posLine = 260, posColumn = 19}, spanEnd = SourcePos {posLine = 260, posColumn = 20}}, locValue = TokenDelimiter DelimColon},Located {locSpan = SourceSpan {spanFilename = "<input>", spanStart = SourcePos {posLine = 260, posColumn = 1}, spanEnd = SourcePos {posLine = 261, posColumn = 1}}, locValue = TokenNewline},Located {locSpan = SourceSpan {spanFilename = "<input>", spanStart = SourcePos {posLine = 261, posColumn = 1}, spanEnd = SourcePos {posLine = 261, posColumn = 5}}, locValue = TokenIndent 4},Located {locSpan = SourceSpan {spanFilename = "<input>", spanStart = SourcePos {posLine = 261, posColumn = 5}, spanEnd = SourcePos {posLine = 261, posColumn = 33}}, locValue = TokenComment "# Function 65 implementation"},Located {locSpan = SourceSpan {spanFilename = "<input>", spanStart = SourcePos {posLine = 261, posColumn = 1}, spanEnd = SourcePos {posLine = 262, posColumn = 1}}, locValue = TokenNewline},Located {locSpan = SourceSpan {spanFilename = "<input>", spanStart = SourcePos {posLine = 262, posColumn = 5}, spanEnd = SourcePos {posLine = 262, posColumn = 11}}, locValue = TokenIdent "result"},Located {locSpan = SourceSpan {spanFilename = "<input>", spanStart = SourcePos {posLine = 262, posColumn = 12}, spanEnd = SourcePos {posLine = 262, posColumn = 13}}, locValue = TokenOperator OpAssign},Located {locSpan = SourceSpan {spanFilename = "<input>", spanStart = SourcePos {posLine = 262, posColumn = 14}, spanEnd = SourcePos {posLine = 262, posColumn = 15}}, locValue = TokenIdent "x"},Located {locSpan = SourceSpan {spanFilename = "<input>", spanStart = SourcePos {posLine = 262, posColumn = 16}, spanEnd = SourcePos {posLine = 262, posColumn = 17}}, locValue = TokenOperator OpMult},Located {locSpan = SourceSpan {spanFilename = "<input>", spanStart = SourcePos {posLine = 262, posColumn = 18}, spanEnd = SourcePos {posLine = 262, posColumn = 20}}, locValue = TokenNumber "65" False},Located {locSpan = SourceSpan {spanFilename = "<input>", spanStart = SourcePos {posLine = 262, posColumn = 21}, spanEnd = SourcePos {posLine = 262, posColumn = 22}}, locValue = TokenOperator OpPlus},Located {locSpan = SourceSpan {spanFilename = "<input>", spanStart = SourcePos {posLine = 262, posColumn = 23}, spanEnd = SourcePos {posLine = 262, posColumn = 27}}, locValue = TokenIdent "math"},Located {locSpan = SourceSpan {spanFilename = "<input>", spanStart = SourcePos {posLine = 262, posColumn = 27}, spanEnd = SourcePos {posLine = 262, posColumn = 28}}, locValue = TokenDelimiter DelimDot},Located {locSpan = SourceSpan {spanFilename = "<input>", spanStart = SourcePos {posLine = 262, posColumn = 28}, spanEnd = SourcePos {posLine = 262, posColumn = 32}}, locValue = TokenIdent "sqrt"},Located {locSpan = SourceSpan {spanFilename = "<input>", spanStart = SourcePos {posLine = 262, posColumn = 32}, spanEnd = SourcePos {posLine = 262, posColumn = 33}}, locValue = TokenDelimiter DelimLeftParen},Located {locSpan = SourceSpan {spanFilename = "<input>", spanStart = SourcePos {posLine = 262, posColumn = 33}, spanEnd = SourcePos {posLine = 262, posColumn = 35}}, locValue = TokenNumber "65" False},Located {locSpan = SourceSpan {spanFilename = "<input>", spanStart = SourcePos {posLine = 262, posColumn = 35}, spanEnd = SourcePos {posLine = 262, posColumn = 36}}, locValue = TokenDelimiter DelimRightParen},Located {locSpan = SourceSpan {spanFilename = "<input>", spanStart = SourcePos {posLine = 262, posColumn = 1}, spanEnd = SourcePos {posLine = 263, posColumn = 1}}, locValue = TokenNewline},Located {locSpan = SourceSpan {spanFilename = "<input>", spanStart = SourcePos {posLine = 263, posColumn = 5}, spanEnd = SourcePos {posLine = 263, posColumn = 11}}, locValue = TokenKeyword KwReturn},Located {locSpan = SourceSpan {spanFilename = "<input>", spanStart = SourcePos {posLine = 263, posColumn = 12}, spanEnd = SourcePos {posLine = 263, posColumn = 18}}, locValue = TokenIdent "result"},Located {locSpan = SourceSpan {spanFilename = "<input>", spanStart = SourcePos {posLine = 263, posColumn = 1}, spanEnd = SourcePos {posLine = 264, posColumn = 1}}, locValue = TokenNewline},Located {locSpan = SourceSpan {spanFilename = "<input>", spanStart = SourcePos {posLine = 264, posColumn = 1}, spanEnd = SourcePos {posLine = 264, posColumn = 1}}, locValue = TokenDedent 4},Located {locSpan = SourceSpan {spanFilename = "<input>", spanStart = SourcePos {posLine = 264, posColumn = 1}, spanEnd = SourcePos {posLine = 264, posColumn = 4}}, locValue = TokenKeyword KwDef},Located {locSpan = SourceSpan {spanFilename = "<input>", spanStart = SourcePos {posLine = 264, posColumn = 5}, spanEnd = SourcePos {posLine = 264, posColumn = 16}}, locValue = TokenIdent "function_66"},Located {locSpan = SourceSpan {spanFilename = "<input>", spanStart = SourcePos {posLine = 264, posColumn = 16}, spanEnd = SourcePos {posLine = 264, posColumn = 17}}, locValue = TokenDelimiter DelimLeftParen},Located {locSpan = SourceSpan {spanFilename = "<input>", spanStart = SourcePos {posLine = 264, posColumn = 17}, spanEnd = SourcePos {posLine = 264, posColumn = 18}}, locValue = TokenIdent "x"},Located {locSpan = SourceSpan {spanFilename = "<input>", spanStart = SourcePos {posLine = 264, posColumn = 18}, spanEnd = SourcePos {posLine = 264, posColumn = 19}}, locValue = TokenDelimiter DelimRightParen},Located {locSpan = SourceSpan {spanFilename = "<input>", spanStart = SourcePos {posLine = 264, posColumn = 19}, spanEnd = SourcePos {posLine = 264, posColumn = 20}}, locValue = TokenDelimiter DelimColon},Located {locSpan = SourceSpan {spanFilename = "<input>", spanStart = SourcePos {posLine = 264, posColumn = 1}, spanEnd = SourcePos {posLine = 265, posColumn = 1}}, locValue = TokenNewline},Located {locSpan = SourceSpan {spanFilename = "<input>", spanStart = SourcePos {posLine = 265, posColumn = 1}, spanEnd = SourcePos {posLine = 265, posColumn = 5}}, locValue = TokenIndent 4},Located {locSpan = SourceSpan {spanFilename = "<input>", spanStart = SourcePos {posLine = 265, posColumn = 5}, spanEnd = SourcePos {posLine = 265, posColumn = 33}}, locValue = TokenComment "# Function 66 implementation"},Located {locSpan = SourceSpan {spanFilename = "<input>", spanStart = SourcePos {posLine = 265, posColumn = 1}, spanEnd = SourcePos {posLine = 266, posColumn = 1}}, locValue = TokenNewline},Located {locSpan = SourceSpan {spanFilename = "<input>", spanStart = SourcePos {posLine = 266, posColumn = 5}, spanEnd = SourcePos {posLine = 266, posColumn = 11}}, locValue = TokenIdent "result"},Located {locSpan = SourceSpan {spanFilename = "<input>", spanStart = SourcePos {posLine = 266, posColumn = 12}, spanEnd = SourcePos {posLine = 266, posColumn = 13}}, locValue = TokenOperator OpAssign},Located {locSpan = SourceSpan {spanFilename = "<input>", spanStart = SourcePos {posLine = 266, posColumn = 14}, spanEnd = SourcePos {posLine = 266, posColumn = 15}}, locValue = TokenIdent "x"},Located {locSpan = SourceSpan {spanFilename = "<input>", spanStart = SourcePos {posLine = 266, posColumn = 16}, spanEnd = SourcePos {posLine = 266, posColumn = 17}}, locValue = TokenOperator OpMult},Located {locSpan = SourceSpan {spanFilename = "<input>", spanStart = SourcePos {posLine = 266, posColumn = 18}, spanEnd = SourcePos {posLine = 266, posColumn = 20}}, locValue = TokenNumber "66" False},Located {locSpan = SourceSpan {spanFilename = "<input>", spanStart = SourcePos {posLine = 266, posColumn = 21}, spanEnd = SourcePos {posLine = 266, posColumn = 22}}, locValue = TokenOperator OpPlus},Located {locSpan = SourceSpan {spanFilename = "<input>", spanStart = SourcePos {posLine = 266, posColumn = 23}, spanEnd = SourcePos {posLine = 266, posColumn = 27}}, locValue = TokenIdent "math"},Located {locSpan = SourceSpan {spanFilename = "<input>", spanStart = SourcePos {posLine = 266, posColumn = 27}, spanEnd = SourcePos {posLine = 266, posColumn = 28}}, locValue = TokenDelimiter DelimDot},Located {locSpan = SourceSpan {spanFilename = "<input>", spanStart = SourcePos {posLine = 266, posColumn = 28}, spanEnd = SourcePos {posLine = 266, posColumn = 32}}, locValue = TokenIdent "sqrt"},Located {locSpan = SourceSpan {spanFilename = "<input>", spanStart = SourcePos {posLine = 266, posColumn = 32}, spanEnd = SourcePos {posLine = 266, posColumn = 33}}, locValue = TokenDelimiter DelimLeftParen},Located {locSpan = SourceSpan {spanFilename = "<input>", spanStart = SourcePos {posLine = 266, posColumn = 33}, spanEnd = SourcePos {posLine = 266, posColumn = 35}}, locValue = TokenNumber "66" False},Located {locSpan = SourceSpan {spanFilename = "<input>", spanStart = SourcePos {posLine = 266, posColumn = 35}, spanEnd = SourcePos {posLine = 266, posColumn = 36}}, locValue = TokenDelimiter DelimRightParen},Located {locSpan = SourceSpan {spanFilename = "<input>", spanStart = SourcePos {posLine = 266, posColumn = 1}, spanEnd = SourcePos {posLine = 267, posColumn = 1}}, locValue = TokenNewline},Located {locSpan = SourceSpan {spanFilename = "<input>", spanStart = SourcePos {posLine = 267, posColumn = 5}, spanEnd = SourcePos {posLine = 267, posColumn = 11}}, locValue = TokenKeyword KwReturn},Located {locSpan = SourceSpan {spanFilename = "<input>", spanStart = SourcePos {posLine = 267, posColumn = 12}, spanEnd = SourcePos {posLine = 267, posColumn = 18}}, locValue = TokenIdent "result"},Located {locSpan = SourceSpan {spanFilename = "<input>", spanStart = SourcePos {posLine = 267, posColumn = 1}, spanEnd = SourcePos {posLine = 268, posColumn = 1}}, locValue = TokenNewline},Located {locSpan = SourceSpan {spanFilename = "<input>", spanStart = SourcePos {posLine = 268, posColumn = 1}, spanEnd = SourcePos {posLine = 268, posColumn = 1}}, locValue = TokenDedent 4},Located {locSpan = SourceSpan {spanFilename = "<input>", spanStart = SourcePos {posLine = 268, posColumn = 1}, spanEnd = SourcePos {posLine = 268, posColumn = 4}}, locValue = TokenKeyword KwDef},Located {locSpan = SourceSpan {spanFilename = "<input>", spanStart = SourcePos {posLine = 268, posColumn = 5}, spanEnd = SourcePos {posLine = 268, posColumn = 16}}, locValue = TokenIdent "function_67"},Located {locSpan = SourceSpan {spanFilename = "<input>", spanStart = SourcePos {posLine = 268, posColumn = 16}, spanEnd = SourcePos {posLine = 268, posColumn = 17}}, locValue = TokenDelimiter DelimLeftParen},Located {locSpan = SourceSpan {spanFilename = "<input>", spanStart = SourcePos {posLine = 268, posColumn = 17}, spanEnd = SourcePos {posLine = 268, posColumn = 18}}, locValue = TokenIdent "x"},Located {locSpan = SourceSpan {spanFilename = "<input>", spanStart = SourcePos {posLine = 268, posColumn = 18}, spanEnd = SourcePos {posLine = 268, posColumn = 19}}, locValue = TokenDelimiter DelimRightParen},Located {locSpan = SourceSpan {spanFilename = "<input>", spanStart = SourcePos {posLine = 268, posColumn = 19}, spanEnd = SourcePos {posLine = 268, posColumn = 20}}, locValue = TokenDelimiter DelimColon},Located {locSpan = SourceSpan {spanFilename = "<input>", spanStart = SourcePos {posLine = 268, posColumn = 1}, spanEnd = SourcePos {posLine = 269, posColumn = 1}}, locValue = TokenNewline},Located {locSpan = SourceSpan {spanFilename = "<input>", spanStart = SourcePos {posLine = 269, posColumn = 1}, spanEnd = SourcePos {posLine = 269, posColumn = 5}}, locValue = TokenIndent 4},Located {locSpan = SourceSpan {spanFilename = "<input>", spanStart = SourcePos {posLine = 269, posColumn = 5}, spanEnd = SourcePos {posLine = 269, posColumn = 33}}, locValue = TokenComment "# Function 67 implementation"},Located {locSpan = SourceSpan {spanFilename = "<input>", spanStart = SourcePos {posLine = 269, posColumn = 1}, spanEnd = SourcePos {posLine = 270, posColumn = 1}}, locValue = TokenNewline},Located {locSpan = SourceSpan {spanFilename = "<input>", spanStart = SourcePos {posLine = 270, posColumn = 5}, spanEnd = SourcePos {posLine = 270, posColumn = 11}}, locValue = TokenIdent "result"},Located {locSpan = SourceSpan {spanFilename = "<input>", spanStart = SourcePos {posLine = 270, posColumn = 12}, spanEnd = SourcePos {posLine = 270, posColumn = 13}}, locValue = TokenOperator OpAssign},Located {locSpan = SourceSpan {spanFilename = "<input>", spanStart = SourcePos {posLine = 270, posColumn = 14}, spanEnd = SourcePos {posLine = 270, posColumn = 15}}, locValue = TokenIdent "x"},Located {locSpan = SourceSpan {spanFilename = "<input>", spanStart = SourcePos {posLine = 270, posColumn = 16}, spanEnd = SourcePos {posLine = 270, posColumn = 17}}, locValue = TokenOperator OpMult},Located {locSpan = SourceSpan {spanFilename = "<input>", spanStart = SourcePos {posLine = 270, posColumn = 18}, spanEnd = SourcePos {posLine = 270, posColumn = 20}}, locValue = TokenNumber "67" False},Located {locSpan = SourceSpan {spanFilename = "<input>", spanStart = SourcePos {posLine = 270, posColumn = 21}, spanEnd = SourcePos {posLine = 270, posColumn = 22}}, locValue = TokenOperator OpPlus},Located {locSpan = SourceSpan {spanFilename = "<input>", spanStart = SourcePos {posLine = 270, posColumn = 23}, spanEnd = SourcePos {posLine = 270, posColumn = 27}}, locValue = TokenIdent "math"},Located {locSpan = SourceSpan {spanFilename = "<input>", spanStart = SourcePos {posLine = 270, posColumn = 27}, spanEnd = SourcePos {posLine = 270, posColumn = 28}}, locValue = TokenDelimiter DelimDot},Located {locSpan = SourceSpan {spanFilename = "<input>", spanStart = SourcePos {posLine = 270, posColumn = 28}, spanEnd = SourcePos {posLine = 270, posColumn = 32}}, locValue = TokenIdent "sqrt"},Located {locSpan = SourceSpan {spanFilename = "<input>", spanStart = SourcePos {posLine = 270, posColumn = 32}, spanEnd = SourcePos {posLine = 270, posColumn = 33}}, locValue = TokenDelimiter DelimLeftParen},Located {locSpan = SourceSpan {spanFilename = "<input>", spanStart = SourcePos {posLine = 270, posColumn = 33}, spanEnd = SourcePos {posLine = 270, posColumn = 35}}, locValue = TokenNumber "67" False},Located {locSpan = SourceSpan {spanFilename = "<input>", spanStart = SourcePos {posLine = 270, posColumn = 35}, spanEnd = SourcePos {posLine = 270, posColumn = 36}}, locValue = TokenDelimiter DelimRightParen},Located {locSpan = SourceSpan {spanFilename = "<input>", spanStart = SourcePos {posLine = 270, posColumn = 1}, spanEnd = SourcePos {posLine = 271, posColumn = 1}}, locValue = TokenNewline},Located {locSpan = SourceSpan {spanFilename = "<input>", spanStart = SourcePos {posLine = 271, posColumn = 5}, spanEnd = SourcePos {posLine = 271, posColumn = 11}}, locValue = TokenKeyword KwReturn},Located {locSpan = SourceSpan {spanFilename = "<input>", spanStart = SourcePos {posLine = 271, posColumn = 12}, spanEnd = SourcePos {posLine = 271, posColumn = 18}}, locValue = TokenIdent "result"},Located {locSpan = SourceSpan {spanFilename = "<input>", spanStart = SourcePos {posLine = 271, posColumn = 1}, spanEnd = SourcePos {posLine = 272, posColumn = 1}}, locValue = TokenNewline},Located {locSpan = SourceSpan {spanFilename = "<input>", spanStart = SourcePos {posLine = 272, posColumn = 1}, spanEnd = SourcePos {posLine = 272, posColumn = 1}}, locValue = TokenDedent 4},Located {locSpan = SourceSpan {spanFilename = "<input>", spanStart = SourcePos {posLine = 272, posColumn = 1}, spanEnd = SourcePos {posLine = 272, posColumn = 4}}, locValue = TokenKeyword KwDef},Located {locSpan = SourceSpan {spanFilename = "<input>", spanStart = SourcePos {posLine = 272, posColumn = 5}, spanEnd = SourcePos {posLine = 272, posColumn = 16}}, locValue = TokenIdent "function_68"},Located {locSpan = SourceSpan {spanFilename = "<input>", spanStart = SourcePos {posLine = 272, posColumn = 16}, spanEnd = SourcePos {posLine = 272, posColumn = 17}}, locValue = TokenDelimiter DelimLeftParen},Located {locSpan = SourceSpan {spanFilename = "<input>", spanStart = SourcePos {posLine = 272, posColumn = 17}, spanEnd = SourcePos {posLine = 272, posColumn = 18}}, locValue = TokenIdent "x"},Located {locSpan = SourceSpan {spanFilename = "<input>", spanStart = SourcePos {posLine = 272, posColumn = 18}, spanEnd = SourcePos {posLine = 272, posColumn = 19}}, locValue = TokenDelimiter DelimRightParen},Located {locSpan = SourceSpan {spanFilename = "<input>", spanStart = SourcePos {posLine = 272, posColumn = 19}, spanEnd = SourcePos {posLine = 272, posColumn = 20}}, locValue = TokenDelimiter DelimColon},Located {locSpan = SourceSpan {spanFilename = "<input>", spanStart = SourcePos {posLine = 272, posColumn = 1}, spanEnd = SourcePos {posLine = 273, posColumn = 1}}, locValue = TokenNewline},Located {locSpan = SourceSpan {spanFilename = "<input>", spanStart = SourcePos {posLine = 273, posColumn = 1}, spanEnd = SourcePos {posLine = 273, posColumn = 5}}, locValue = TokenIndent 4},Located {locSpan = SourceSpan {spanFilename = "<input>", spanStart = SourcePos {posLine = 273, posColumn = 5}, spanEnd = SourcePos {posLine = 273, posColumn = 33}}, locValue = TokenComment "# Function 68 implementation"},Located {locSpan = SourceSpan {spanFilename = "<input>", spanStart = SourcePos {posLine = 273, posColumn = 1}, spanEnd = SourcePos {posLine = 274, posColumn = 1}}, locValue = TokenNewline},Located {locSpan = SourceSpan {spanFilename = "<input>", spanStart = SourcePos {posLine = 274, posColumn = 5}, spanEnd = SourcePos {posLine = 274, posColumn = 11}}, locValue = TokenIdent "result"},Located {locSpan = SourceSpan {spanFilename = "<input>", spanStart = SourcePos {posLine = 274, posColumn = 12}, spanEnd = SourcePos {posLine = 274, posColumn = 13}}, locValue = TokenOperator OpAssign},Located {locSpan = SourceSpan {spanFilename = "<input>", spanStart = SourcePos {posLine = 274, posColumn = 14}, spanEnd = SourcePos {posLine = 274, posColumn = 15}}, locValue = TokenIdent "x"},Located {locSpan = SourceSpan {spanFilename = "<input>", spanStart = SourcePos {posLine = 274, posColumn = 16}, spanEnd = SourcePos {posLine = 274, posColumn = 17}}, locValue = TokenOperator OpMult},Located {locSpan = SourceSpan {spanFilename = "<input>", spanStart = SourcePos {posLine = 274, posColumn = 18}, spanEnd = SourcePos {posLine = 274, posColumn = 20}}, locValue = TokenNumber "68" False},Located {locSpan = SourceSpan {spanFilename = "<input>", spanStart = SourcePos {posLine = 274, posColumn = 21}, spanEnd = SourcePos {posLine = 274, posColumn = 22}}, locValue = TokenOperator OpPlus},Located {locSpan = SourceSpan {spanFilename = "<input>", spanStart = SourcePos {posLine = 274, posColumn = 23}, spanEnd = SourcePos {posLine = 274, posColumn = 27}}, locValue = TokenIdent "math"},Located {locSpan = SourceSpan {spanFilename = "<input>", spanStart = SourcePos {posLine = 274, posColumn = 27}, spanEnd = SourcePos {posLine = 274, posColumn = 28}}, locValue = TokenDelimiter DelimDot},Located {locSpan = SourceSpan {spanFilename = "<input>", spanStart = SourcePos {posLine = 274, posColumn = 28}, spanEnd = SourcePos {posLine = 274, posColumn = 32}}, locValue = TokenIdent "sqrt"},Located {locSpan = SourceSpan {spanFilename = "<input>", spanStart = SourcePos {posLine = 274, posColumn = 32}, spanEnd = SourcePos {posLine = 274, posColumn = 33}}, locValue = TokenDelimiter DelimLeftParen},Located {locSpan = SourceSpan {spanFilename = "<input>", spanStart = SourcePos {posLine = 274, posColumn = 33}, spanEnd = SourcePos {posLine = 274, posColumn = 35}}, locValue = TokenNumber "68" False},Located {locSpan = SourceSpan {spanFilename = "<input>", spanStart = SourcePos {posLine = 274, posColumn = 35}, spanEnd = SourcePos {posLine = 274, posColumn = 36}}, locValue = TokenDelimiter DelimRightParen},Located {locSpan = SourceSpan {spanFilename = "<input>", spanStart = SourcePos {posLine = 274, posColumn = 1}, spanEnd = SourcePos {posLine = 275, posColumn = 1}}, locValue = TokenNewline},Located {locSpan = SourceSpan {spanFilename = "<input>", spanStart = SourcePos {posLine = 275, posColumn = 5}, spanEnd = SourcePos {posLine = 275, posColumn = 11}}, locValue = TokenKeyword KwReturn},Located {locSpan = SourceSpan {spanFilename = "<input>", spanStart = SourcePos {posLine = 275, posColumn = 12}, spanEnd = SourcePos {posLine = 275, posColumn = 18}}, locValue = TokenIdent "result"},Located {locSpan = SourceSpan {spanFilename = "<input>", spanStart = SourcePos {posLine = 275, posColumn = 1}, spanEnd = SourcePos {posLine = 276, posColumn = 1}}, locValue = TokenNewline},Located {locSpan = SourceSpan {spanFilename = "<input>", spanStart = SourcePos {posLine = 276, posColumn = 1}, spanEnd = SourcePos {posLine = 276, posColumn = 1}}, locValue = TokenDedent 4},Located {locSpan = SourceSpan {spanFilename = "<input>", spanStart = SourcePos {posLine = 276, posColumn = 1}, spanEnd = SourcePos {posLine = 276, posColumn = 4}}, locValue = TokenKeyword KwDef},Located {locSpan = SourceSpan {spanFilename = "<input>", spanStart = SourcePos {posLine = 276, posColumn = 5}, spanEnd = SourcePos {posLine = 276, posColumn = 16}}, locValue = TokenIdent "function_69"},Located {locSpan = SourceSpan {spanFilename = "<input>", spanStart = SourcePos {posLine = 276, posColumn = 16}, spanEnd = SourcePos {posLine = 276, posColumn = 17}}, locValue = TokenDelimiter DelimLeftParen},Located {locSpan = SourceSpan {spanFilename = "<input>", spanStart = SourcePos {posLine = 276, posColumn = 17}, spanEnd = SourcePos {posLine = 276, posColumn = 18}}, locValue = TokenIdent "x"},Located {locSpan = SourceSpan {spanFilename = "<input>", spanStart = SourcePos {posLine = 276, posColumn = 18}, spanEnd = SourcePos {posLine = 276, posColumn = 19}}, locValue = TokenDelimiter DelimRightParen},Located {locSpan = SourceSpan {spanFilename = "<input>", spanStart = SourcePos {posLine = 276, posColumn = 19}, spanEnd = SourcePos {posLine = 276, posColumn = 20}}, locValue = TokenDelimiter DelimColon},Located {locSpan = SourceSpan {spanFilename = "<input>", spanStart = SourcePos {posLine = 276, posColumn = 1}, spanEnd = SourcePos {posLine = 277, posColumn = 1}}, locValue = TokenNewline},Located {locSpan = SourceSpan {spanFilename = "<input>", spanStart = SourcePos {posLine = 277, posColumn = 1}, spanEnd = SourcePos {posLine = 277, posColumn = 5}}, locValue = TokenIndent 4},Located {locSpan = SourceSpan {spanFilename = "<input>", spanStart = SourcePos {posLine = 277, posColumn = 5}, spanEnd = SourcePos {posLine = 277, posColumn = 33}}, locValue = TokenComment "# Function 69 implementation"},Located {locSpan = SourceSpan {spanFilename = "<input>", spanStart = SourcePos {posLine = 277, posColumn = 1}, spanEnd = SourcePos {posLine = 278, posColumn = 1}}, locValue = TokenNewline},Located {locSpan = SourceSpan {spanFilename = "<input>", spanStart = SourcePos {posLine = 278, posColumn = 5}, spanEnd = SourcePos {posLine = 278, posColumn = 11}}, locValue = TokenIdent "result"},Located {locSpan = SourceSpan {spanFilename = "<input>", spanStart = SourcePos {posLine = 278, posColumn = 12}, spanEnd = SourcePos {posLine = 278, posColumn = 13}}, locValue = TokenOperator OpAssign},Located {locSpan = SourceSpan {spanFilename = "<input>", spanStart = SourcePos {posLine = 278, posColumn = 14}, spanEnd = SourcePos {posLine = 278, posColumn = 15}}, locValue = TokenIdent "x"},Located {locSpan = SourceSpan {spanFilename = "<input>", spanStart = SourcePos {posLine = 278, posColumn = 16}, spanEnd = SourcePos {posLine = 278, posColumn = 17}}, locValue = TokenOperator OpMult},Located {locSpan = SourceSpan {spanFilename = "<input>", spanStart = SourcePos {posLine = 278, posColumn = 18}, spanEnd = SourcePos {posLine = 278, posColumn = 20}}, locValue = TokenNumber "69" False},Located {locSpan = SourceSpan {spanFilename = "<input>", spanStart = SourcePos {posLine = 278, posColumn = 21}, spanEnd = SourcePos {posLine = 278, posColumn = 22}}, locValue = TokenOperator OpPlus},Located {locSpan = SourceSpan {spanFilename = "<input>", spanStart = SourcePos {posLine = 278, posColumn = 23}, spanEnd = SourcePos {posLine = 278, posColumn = 27}}, locValue = TokenIdent "math"},Located {locSpan = SourceSpan {spanFilename = "<input>", spanStart = SourcePos {posLine = 278, posColumn = 27}, spanEnd = SourcePos {posLine = 278, posColumn = 28}}, locValue = TokenDelimiter DelimDot},Located {locSpan = SourceSpan {spanFilename = "<input>", spanStart = SourcePos {posLine = 278, posColumn = 28}, spanEnd = SourcePos {posLine = 278, posColumn = 32}}, locValue = TokenIdent "sqrt"},Located {locSpan = SourceSpan {spanFilename = "<input>", spanStart = SourcePos {posLine = 278, posColumn = 32}, spanEnd = SourcePos {posLine = 278, posColumn = 33}}, locValue = TokenDelimiter DelimLeftParen},Located {locSpan = SourceSpan {spanFilename = "<input>", spanStart = SourcePos {posLine = 278, posColumn = 33}, spanEnd = SourcePos {posLine = 278, posColumn = 35}}, locValue = TokenNumber "69" False},Located {locSpan = SourceSpan {spanFilename = "<input>", spanStart = SourcePos {posLine = 278, posColumn = 35}, spanEnd = SourcePos {posLine = 278, posColumn = 36}}, locValue = TokenDelimiter DelimRightParen},Located {locSpan = SourceSpan {spanFilename = "<input>", spanStart = SourcePos {posLine = 278, posColumn = 1}, spanEnd = SourcePos {posLine = 279, posColumn = 1}}, locValue = TokenNewline},Located {locSpan = SourceSpan {spanFilename = "<input>", spanStart = SourcePos {posLine = 279, posColumn = 5}, spanEnd = SourcePos {posLine = 279, posColumn = 11}}, locValue = TokenKeyword KwReturn},Located {locSpan = SourceSpan {spanFilename = "<input>", spanStart = SourcePos {posLine = 279, posColumn = 12}, spanEnd = SourcePos {posLine = 279, posColumn = 18}}, locValue = TokenIdent "result"},Located {locSpan = SourceSpan {spanFilename = "<input>", spanStart = SourcePos {posLine = 279, posColumn = 1}, spanEnd = SourcePos {posLine = 280, posColumn = 1}}, locValue = TokenNewline},Located {locSpan = SourceSpan {spanFilename = "<input>", spanStart = SourcePos {posLine = 280, posColumn = 1}, spanEnd = SourcePos {posLine = 280, posColumn = 1}}, locValue = TokenDedent 4},Located {locSpan = SourceSpan {spanFilename = "<input>", spanStart = SourcePos {posLine = 280, posColumn = 1}, spanEnd = SourcePos {posLine = 280, posColumn = 4}}, locValue = TokenKeyword KwDef},Located {locSpan = SourceSpan {spanFilename = "<input>", spanStart = SourcePos {posLine = 280, posColumn = 5}, spanEnd = SourcePos {posLine = 280, posColumn = 16}}, locValue = TokenIdent "function_70"},Located {locSpan = SourceSpan {spanFilename = "<input>", spanStart = SourcePos {posLine = 280, posColumn = 16}, spanEnd = SourcePos {posLine = 280, posColumn = 17}}, locValue = TokenDelimiter DelimLeftParen},Located {locSpan = SourceSpan {spanFilename = "<input>", spanStart = SourcePos {posLine = 280, posColumn = 17}, spanEnd = SourcePos {posLine = 280, posColumn = 18}}, locValue = TokenIdent "x"},Located {locSpan = SourceSpan {spanFilename = "<input>", spanStart = SourcePos {posLine = 280, posColumn = 18}, spanEnd = SourcePos {posLine = 280, posColumn = 19}}, locValue = TokenDelimiter DelimRightParen},Located {locSpan = SourceSpan {spanFilename = "<input>", spanStart = SourcePos {posLine = 280, posColumn = 19}, spanEnd = SourcePos {posLine = 280, posColumn = 20}}, locValue = TokenDelimiter DelimColon},Located {locSpan = SourceSpan {spanFilename = "<input>", spanStart = SourcePos {posLine = 280, posColumn = 1}, spanEnd = SourcePos {posLine = 281, posColumn = 1}}, locValue = TokenNewline},Located {locSpan = SourceSpan {spanFilename = "<input>", spanStart = SourcePos {posLine = 281, posColumn = 1}, spanEnd = SourcePos {posLine = 281, posColumn = 5}}, locValue = TokenIndent 4},Located {locSpan = SourceSpan {spanFilename = "<input>", spanStart = SourcePos {posLine = 281, posColumn = 5}, spanEnd = SourcePos {posLine = 281, posColumn = 33}}, locValue = TokenComment "# Function 70 implementation"},Located {locSpan = SourceSpan {spanFilename = "<input>", spanStart = SourcePos {posLine = 281, posColumn = 1}, spanEnd = SourcePos {posLine = 282, posColumn = 1}}, locValue = TokenNewline},Located {locSpan = SourceSpan {spanFilename = "<input>", spanStart = SourcePos {posLine = 282, posColumn = 5}, spanEnd = SourcePos {posLine = 282, posColumn = 11}}, locValue = TokenIdent "result"},Located {locSpan = SourceSpan {spanFilename = "<input>", spanStart = SourcePos {posLine = 282, posColumn = 12}, spanEnd = SourcePos {posLine = 282, posColumn = 13}}, locValue = TokenOperator OpAssign},Located {locSpan = SourceSpan {spanFilename = "<input>", spanStart = SourcePos {posLine = 282, posColumn = 14}, spanEnd = SourcePos {posLine = 282, posColumn = 15}}, locValue = TokenIdent "x"},Located {locSpan = SourceSpan {spanFilename = "<input>", spanStart = SourcePos {posLine = 282, posColumn = 16}, spanEnd = SourcePos {posLine = 282, posColumn = 17}}, locValue = TokenOperator OpMult},Located {locSpan = SourceSpan {spanFilename = "<input>", spanStart = SourcePos {posLine = 282, posColumn = 18}, spanEnd = SourcePos {posLine = 282, posColumn = 20}}, locValue = TokenNumber "70" False},Located {locSpan = SourceSpan {spanFilename = "<input>", spanStart = SourcePos {posLine = 282, posColumn = 21}, spanEnd = SourcePos {posLine = 282, posColumn = 22}}, locValue = TokenOperator OpPlus},Located {locSpan = SourceSpan {spanFilename = "<input>", spanStart = SourcePos {posLine = 282, posColumn = 23}, spanEnd = SourcePos {posLine = 282, posColumn = 27}}, locValue = TokenIdent "math"},Located {locSpan = SourceSpan {spanFilename = "<input>", spanStart = SourcePos {posLine = 282, posColumn = 27}, spanEnd = SourcePos {posLine = 282, posColumn = 28}}, locValue = TokenDelimiter DelimDot},Located {locSpan = SourceSpan {spanFilename = "<input>", spanStart = SourcePos {posLine = 282, posColumn = 28}, spanEnd = SourcePos {posLine = 282, posColumn = 32}}, locValue = TokenIdent "sqrt"},Located {locSpan = SourceSpan {spanFilename = "<input>", spanStart = SourcePos {posLine = 282, posColumn = 32}, spanEnd = SourcePos {posLine = 282, posColumn = 33}}, locValue = TokenDelimiter DelimLeftParen},Located {locSpan = SourceSpan {spanFilename = "<input>", spanStart = SourcePos {posLine = 282, posColumn = 33}, spanEnd = SourcePos {posLine = 282, posColumn = 35}}, locValue = TokenNumber "70" False},Located {locSpan = SourceSpan {spanFilename = "<input>", spanStart = SourcePos {posLine = 282, posColumn = 35}, spanEnd = SourcePos {posLine = 282, posColumn = 36}}, locValue = TokenDelimiter DelimRightParen},Located {locSpan = SourceSpan {spanFilename = "<input>", spanStart = SourcePos {posLine = 282, posColumn = 1}, spanEnd = SourcePos {posLine = 283, posColumn = 1}}, locValue = TokenNewline},Located {locSpan = SourceSpan {spanFilename = "<input>", spanStart = SourcePos {posLine = 283, posColumn = 5}, spanEnd = SourcePos {posLine = 283, posColumn = 11}}, locValue = TokenKeyword KwReturn},Located {locSpan = SourceSpan {spanFilename = "<input>", spanStart = SourcePos {posLine = 283, posColumn = 12}, spanEnd = SourcePos {posLine = 283, posColumn = 18}}, locValue = TokenIdent "result"},Located {locSpan = SourceSpan {spanFilename = "<input>", spanStart = SourcePos {posLine = 283, posColumn = 1}, spanEnd = SourcePos {posLine = 284, posColumn = 1}}, locValue = TokenNewline},Located {locSpan = SourceSpan {spanFilename = "<input>", spanStart = SourcePos {posLine = 284, posColumn = 1}, spanEnd = SourcePos {posLine = 284, posColumn = 1}}, locValue = TokenDedent 4},Located {locSpan = SourceSpan {spanFilename = "<input>", spanStart = SourcePos {posLine = 284, posColumn = 1}, spanEnd = SourcePos {posLine = 284, posColumn = 4}}, locValue = TokenKeyword KwDef},Located {locSpan = SourceSpan {spanFilename = "<input>", spanStart = SourcePos {posLine = 284, posColumn = 5}, spanEnd = SourcePos {posLine = 284, posColumn = 16}}, locValue = TokenIdent "function_71"},Located {locSpan = SourceSpan {spanFilename = "<input>", spanStart = SourcePos {posLine = 284, posColumn = 16}, spanEnd = SourcePos {posLine = 284, posColumn = 17}}, locValue = TokenDelimiter DelimLeftParen},Located {locSpan = SourceSpan {spanFilename = "<input>", spanStart = SourcePos {posLine = 284, posColumn = 17}, spanEnd = SourcePos {posLine = 284, posColumn = 18}}, locValue = TokenIdent "x"},Located {locSpan = SourceSpan {spanFilename = "<input>", spanStart = SourcePos {posLine = 284, posColumn = 18}, spanEnd = SourcePos {posLine = 284, posColumn = 19}}, locValue = TokenDelimiter DelimRightParen},Located {locSpan = SourceSpan {spanFilename = "<input>", spanStart = SourcePos {posLine = 284, posColumn = 19}, spanEnd = SourcePos {posLine = 284, posColumn = 20}}, locValue = TokenDelimiter DelimColon},Located {locSpan = SourceSpan {spanFilename = "<input>", spanStart = SourcePos {posLine = 284, posColumn = 1}, spanEnd = SourcePos {posLine = 285, posColumn = 1}}, locValue = TokenNewline},Located {locSpan = SourceSpan {spanFilename = "<input>", spanStart = SourcePos {posLine = 285, posColumn = 1}, spanEnd = SourcePos {posLine = 285, posColumn = 5}}, locValue = TokenIndent 4},Located {locSpan = SourceSpan {spanFilename = "<input>", spanStart = SourcePos {posLine = 285, posColumn = 5}, spanEnd = SourcePos {posLine = 285, posColumn = 33}}, locValue = TokenComment "# Function 71 implementation"},Located {locSpan = SourceSpan {spanFilename = "<input>", spanStart = SourcePos {posLine = 285, posColumn = 1}, spanEnd = SourcePos {posLine = 286, posColumn = 1}}, locValue = TokenNewline},Located {locSpan = SourceSpan {spanFilename = "<input>", spanStart = SourcePos {posLine = 286, posColumn = 5}, spanEnd = SourcePos {posLine = 286, posColumn = 11}}, locValue = TokenIdent "result"},Located {locSpan = SourceSpan {spanFilename = "<input>", spanStart = SourcePos {posLine = 286, posColumn = 12}, spanEnd = SourcePos {posLine = 286, posColumn = 13}}, locValue = TokenOperator OpAssign},Located {locSpan = SourceSpan {spanFilename = "<input>", spanStart = SourcePos {posLine = 286, posColumn = 14}, spanEnd = SourcePos {posLine = 286, posColumn = 15}}, locValue = TokenIdent "x"},Located {locSpan = SourceSpan {spanFilename = "<input>", spanStart = SourcePos {posLine = 286, posColumn = 16}, spanEnd = SourcePos {posLine = 286, posColumn = 17}}, locValue = TokenOperator OpMult},Located {locSpan = SourceSpan {spanFilename = "<input>", spanStart = SourcePos {posLine = 286, posColumn = 18}, spanEnd = SourcePos {posLine = 286, posColumn = 20}}, locValue = TokenNumber "71" False},Located {locSpan = SourceSpan {spanFilename = "<input>", spanStart = SourcePos {posLine = 286, posColumn = 21}, spanEnd = SourcePos {posLine = 286, posColumn = 22}}, locValue = TokenOperator OpPlus},Located {locSpan = SourceSpan {spanFilename = "<input>", spanStart = SourcePos {posLine = 286, posColumn = 23}, spanEnd = SourcePos {posLine = 286, posColumn = 27}}, locValue = TokenIdent "math"},Located {locSpan = SourceSpan {spanFilename = "<input>", spanStart = SourcePos {posLine = 286, posColumn = 27}, spanEnd = SourcePos {posLine = 286, posColumn = 28}}, locValue = TokenDelimiter DelimDot},Located {locSpan = SourceSpan {spanFilename = "<input>", spanStart = SourcePos {posLine = 286, posColumn = 28}, spanEnd = SourcePos {posLine = 286, posColumn = 32}}, locValue = TokenIdent "sqrt"},Located {locSpan = SourceSpan {spanFilename = "<input>", spanStart = SourcePos {posLine = 286, posColumn = 32}, spanEnd = SourcePos {posLine = 286, posColumn = 33}}, locValue = TokenDelimiter DelimLeftParen},Located {locSpan = SourceSpan {spanFilename = "<input>", spanStart = SourcePos {posLine = 286, posColumn = 33}, spanEnd = SourcePos {posLine = 286, posColumn = 35}}, locValue = TokenNumber "71" False},Located {locSpan = SourceSpan {spanFilename = "<input>", spanStart = SourcePos {posLine = 286, posColumn = 35}, spanEnd = SourcePos {posLine = 286, posColumn = 36}}, locValue = TokenDelimiter DelimRightParen},Located {locSpan = SourceSpan {spanFilename = "<input>", spanStart = SourcePos {posLine = 286, posColumn = 1}, spanEnd = SourcePos {posLine = 287, posColumn = 1}}, locValue = TokenNewline},Located {locSpan = SourceSpan {spanFilename = "<input>", spanStart = SourcePos {posLine = 287, posColumn = 5}, spanEnd = SourcePos {posLine = 287, posColumn = 11}}, locValue = TokenKeyword KwReturn},Located {locSpan = SourceSpan {spanFilename = "<input>", spanStart = SourcePos {posLine = 287, posColumn = 12}, spanEnd = SourcePos {posLine = 287, posColumn = 18}}, locValue = TokenIdent "result"},Located {locSpan = SourceSpan {spanFilename = "<input>", spanStart = SourcePos {posLine = 287, posColumn = 1}, spanEnd = SourcePos {posLine = 288, posColumn = 1}}, locValue = TokenNewline},Located {locSpan = SourceSpan {spanFilename = "<input>", spanStart = SourcePos {posLine = 288, posColumn = 1}, spanEnd = SourcePos {posLine = 288, posColumn = 1}}, locValue = TokenDedent 4},Located {locSpan = SourceSpan {spanFilename = "<input>", spanStart = SourcePos {posLine = 288, posColumn = 1}, spanEnd = SourcePos {posLine = 288, posColumn = 4}}, locValue = TokenKeyword KwDef},Located {locSpan = SourceSpan {spanFilename = "<input>", spanStart = SourcePos {posLine = 288, posColumn = 5}, spanEnd = SourcePos {posLine = 288, posColumn = 16}}, locValue = TokenIdent "function_72"},Located {locSpan = SourceSpan {spanFilename = "<input>", spanStart = SourcePos {posLine = 288, posColumn = 16}, spanEnd = SourcePos {posLine = 288, posColumn = 17}}, locValue = TokenDelimiter DelimLeftParen},Located {locSpan = SourceSpan {spanFilename = "<input>", spanStart = SourcePos {posLine = 288, posColumn = 17}, spanEnd = SourcePos {posLine = 288, posColumn = 18}}, locValue = TokenIdent "x"},Located {locSpan = SourceSpan {spanFilename = "<input>", spanStart = SourcePos {posLine = 288, posColumn = 18}, spanEnd = SourcePos {posLine = 288, posColumn = 19}}, locValue = TokenDelimiter DelimRightParen},Located {locSpan = SourceSpan {spanFilename = "<input>", spanStart = SourcePos {posLine = 288, posColumn = 19}, spanEnd = SourcePos {posLine = 288, posColumn = 20}}, locValue = TokenDelimiter DelimColon},Located {locSpan = SourceSpan {spanFilename = "<input>", spanStart = SourcePos {posLine = 288, posColumn = 1}, spanEnd = SourcePos {posLine = 289, posColumn = 1}}, locValue = TokenNewline},Located {locSpan = SourceSpan {spanFilename = "<input>", spanStart = SourcePos {posLine = 289, posColumn = 1}, spanEnd = SourcePos {posLine = 289, posColumn = 5}}, locValue = TokenIndent 4},Located {locSpan = SourceSpan {spanFilename = "<input>", spanStart = SourcePos {posLine = 289, posColumn = 5}, spanEnd = SourcePos {posLine = 289, posColumn = 33}}, locValue = TokenComment "# Function 72 implementation"},Located {locSpan = SourceSpan {spanFilename = "<input>", spanStart = SourcePos {posLine = 289, posColumn = 1}, spanEnd = SourcePos {posLine = 290, posColumn = 1}}, locValue = TokenNewline},Located {locSpan = SourceSpan {spanFilename = "<input>", spanStart = SourcePos {posLine = 290, posColumn = 5}, spanEnd = SourcePos {posLine = 290, posColumn = 11}}, locValue = TokenIdent "result"},Located {locSpan = SourceSpan {spanFilename = "<input>", spanStart = SourcePos {posLine = 290, posColumn = 12}, spanEnd = SourcePos {posLine = 290, posColumn = 13}}, locValue = TokenOperator OpAssign},Located {locSpan = SourceSpan {spanFilename = "<input>", spanStart = SourcePos {posLine = 290, posColumn = 14}, spanEnd = SourcePos {posLine = 290, posColumn = 15}}, locValue = TokenIdent "x"},Located {locSpan = SourceSpan {spanFilename = "<input>", spanStart = SourcePos {posLine = 290, posColumn = 16}, spanEnd = SourcePos {posLine = 290, posColumn = 17}}, locValue = TokenOperator OpMult},Located {locSpan = SourceSpan {spanFilename = "<input>", spanStart = SourcePos {posLine = 290, posColumn = 18}, spanEnd = SourcePos {posLine = 290, posColumn = 20}}, locValue = TokenNumber "72" False},Located {locSpan = SourceSpan {spanFilename = "<input>", spanStart = SourcePos {posLine = 290, posColumn = 21}, spanEnd = SourcePos {posLine = 290, posColumn = 22}}, locValue = TokenOperator OpPlus},Located {locSpan = SourceSpan {spanFilename = "<input>", spanStart = SourcePos {posLine = 290, posColumn = 23}, spanEnd = SourcePos {posLine = 290, posColumn = 27}}, locValue = TokenIdent "math"},Located {locSpan = SourceSpan {spanFilename = "<input>", spanStart = SourcePos {posLine = 290, posColumn = 27}, spanEnd = SourcePos {posLine = 290, posColumn = 28}}, locValue = TokenDelimiter DelimDot},Located {locSpan = SourceSpan {spanFilename = "<input>", spanStart = SourcePos {posLine = 290, posColumn = 28}, spanEnd = SourcePos {posLine = 290, posColumn = 32}}, locValue = TokenIdent "sqrt"},Located {locSpan = SourceSpan {spanFilename = "<input>", spanStart = SourcePos {posLine = 290, posColumn = 32}, spanEnd = SourcePos {posLine = 290, posColumn = 33}}, locValue = TokenDelimiter DelimLeftParen},Located {locSpan = SourceSpan {spanFilename = "<input>", spanStart = SourcePos {posLine = 290, posColumn = 33}, spanEnd = SourcePos {posLine = 290, posColumn = 35}}, locValue = TokenNumber "72" False},Located {locSpan = SourceSpan {spanFilename = "<input>", spanStart = SourcePos {posLine = 290, posColumn = 35}, spanEnd = SourcePos {posLine = 290, posColumn = 36}}, locValue = TokenDelimiter DelimRightParen},Located {locSpan = SourceSpan {spanFilename = "<input>", spanStart = SourcePos {posLine = 290, posColumn = 1}, spanEnd = SourcePos {posLine = 291, posColumn = 1}}, locValue = TokenNewline},Located {locSpan = SourceSpan {spanFilename = "<input>", spanStart = SourcePos {posLine = 291, posColumn = 5}, spanEnd = SourcePos {posLine = 291, posColumn = 11}}, locValue = TokenKeyword KwReturn},Located {locSpan = SourceSpan {spanFilename = "<input>", spanStart = SourcePos {posLine = 291, posColumn = 12}, spanEnd = SourcePos {posLine = 291, posColumn = 18}}, locValue = TokenIdent "result"},Located {locSpan = SourceSpan {spanFilename = "<input>", spanStart = SourcePos {posLine = 291, posColumn = 1}, spanEnd = SourcePos {posLine = 292, posColumn = 1}}, locValue = TokenNewline},Located {locSpan = SourceSpan {spanFilename = "<input>", spanStart = SourcePos {posLine = 292, posColumn = 1}, spanEnd = SourcePos {posLine = 292, posColumn = 1}}, locValue = TokenDedent 4},Located {locSpan = SourceSpan {spanFilename = "<input>", spanStart = SourcePos {posLine = 292, posColumn = 1}, spanEnd = SourcePos {posLine = 292, posColumn = 4}}, locValue = TokenKeyword KwDef},Located {locSpan = SourceSpan {spanFilename = "<input>", spanStart = SourcePos {posLine = 292, posColumn = 5}, spanEnd = SourcePos {posLine = 292, posColumn = 16}}, locValue = TokenIdent "function_73"},Located {locSpan = SourceSpan {spanFilename = "<input>", spanStart = SourcePos {posLine = 292, posColumn = 16}, spanEnd = SourcePos {posLine = 292, posColumn = 17}}, locValue = TokenDelimiter DelimLeftParen},Located {locSpan = SourceSpan {spanFilename = "<input>", spanStart = SourcePos {posLine = 292, posColumn = 17}, spanEnd = SourcePos {posLine = 292, posColumn = 18}}, locValue = TokenIdent "x"},Located {locSpan = SourceSpan {spanFilename = "<input>", spanStart = SourcePos {posLine = 292, posColumn = 18}, spanEnd = SourcePos {posLine = 292, posColumn = 19}}, locValue = TokenDelimiter DelimRightParen},Located {locSpan = SourceSpan {spanFilename = "<input>", spanStart = SourcePos {posLine = 292, posColumn = 19}, spanEnd = SourcePos {posLine = 292, posColumn = 20}}, locValue = TokenDelimiter DelimColon},Located {locSpan = SourceSpan {spanFilename = "<input>", spanStart = SourcePos {posLine = 292, posColumn = 1}, spanEnd = SourcePos {posLine = 293, posColumn = 1}}, locValue = TokenNewline},Located {locSpan = SourceSpan {spanFilename = "<input>", spanStart = SourcePos {posLine = 293, posColumn = 1}, spanEnd = SourcePos {posLine = 293, posColumn = 5}}, locValue = TokenIndent 4},Located {locSpan = SourceSpan {spanFilename = "<input>", spanStart = SourcePos {posLine = 293, posColumn = 5}, spanEnd = SourcePos {posLine = 293, posColumn = 33}}, locValue = TokenComment "# Function 73 implementation"},Located {locSpan = SourceSpan {spanFilename = "<input>", spanStart = SourcePos {posLine = 293, posColumn = 1}, spanEnd = SourcePos {posLine = 294, posColumn = 1}}, locValue = TokenNewline},Located {locSpan = SourceSpan {spanFilename = "<input>", spanStart = SourcePos {posLine = 294, posColumn = 5}, spanEnd = SourcePos {posLine = 294, posColumn = 11}}, locValue = TokenIdent "result"},Located {locSpan = SourceSpan {spanFilename = "<input>", spanStart = SourcePos {posLine = 294, posColumn = 12}, spanEnd = SourcePos {posLine = 294, posColumn = 13}}, locValue = TokenOperator OpAssign},Located {locSpan = SourceSpan {spanFilename = "<input>", spanStart = SourcePos {posLine = 294, posColumn = 14}, spanEnd = SourcePos {posLine = 294, posColumn = 15}}, locValue = TokenIdent "x"},Located {locSpan = SourceSpan {spanFilename = "<input>", spanStart = SourcePos {posLine = 294, posColumn = 16}, spanEnd = SourcePos {posLine = 294, posColumn = 17}}, locValue = TokenOperator OpMult},Located {locSpan = SourceSpan {spanFilename = "<input>", spanStart = SourcePos {posLine = 294, posColumn = 18}, spanEnd = SourcePos {posLine = 294, posColumn = 20}}, locValue = TokenNumber "73" False},Located {locSpan = SourceSpan {spanFilename = "<input>", spanStart = SourcePos {posLine = 294, posColumn = 21}, spanEnd = SourcePos {posLine = 294, posColumn = 22}}, locValue = TokenOperator OpPlus},Located {locSpan = SourceSpan {spanFilename = "<input>", spanStart = SourcePos {posLine = 294, posColumn = 23}, spanEnd = SourcePos {posLine = 294, posColumn = 27}}, locValue = TokenIdent "math"},Located {locSpan = SourceSpan {spanFilename = "<input>", spanStart = SourcePos {posLine = 294, posColumn = 27}, spanEnd = SourcePos {posLine = 294, posColumn = 28}}, locValue = TokenDelimiter DelimDot},Located {locSpan = SourceSpan {spanFilename = "<input>", spanStart = SourcePos {posLine = 294, posColumn = 28}, spanEnd = SourcePos {posLine = 294, posColumn = 32}}, locValue = TokenIdent "sqrt"},Located {locSpan = SourceSpan {spanFilename = "<input>", spanStart = SourcePos {posLine = 294, posColumn = 32}, spanEnd = SourcePos {posLine = 294, posColumn = 33}}, locValue = TokenDelimiter DelimLeftParen},Located {locSpan = SourceSpan {spanFilename = "<input>", spanStart = SourcePos {posLine = 294, posColumn = 33}, spanEnd = SourcePos {posLine = 294, posColumn = 35}}, locValue = TokenNumber "73" False},Located {locSpan = SourceSpan {spanFilename = "<input>", spanStart = SourcePos {posLine = 294, posColumn = 35}, spanEnd = SourcePos {posLine = 294, posColumn = 36}}, locValue = TokenDelimiter DelimRightParen},Located {locSpan = SourceSpan {spanFilename = "<input>", spanStart = SourcePos {posLine = 294, posColumn = 1}, spanEnd = SourcePos {posLine = 295, posColumn = 1}}, locValue = TokenNewline},Located {locSpan = SourceSpan {spanFilename = "<input>", spanStart = SourcePos {posLine = 295, posColumn = 5}, spanEnd = SourcePos {posLine = 295, posColumn = 11}}, locValue = TokenKeyword KwReturn},Located {locSpan = SourceSpan {spanFilename = "<input>", spanStart = SourcePos {posLine = 295, posColumn = 12}, spanEnd = SourcePos {posLine = 295, posColumn = 18}}, locValue = TokenIdent "result"},Located {locSpan = SourceSpan {spanFilename = "<input>", spanStart = SourcePos {posLine = 295, posColumn = 1}, spanEnd = SourcePos {posLine = 296, posColumn = 1}}, locValue = TokenNewline},Located {locSpan = SourceSpan {spanFilename = "<input>", spanStart = SourcePos {posLine = 296, posColumn = 1}, spanEnd = SourcePos {posLine = 296, posColumn = 1}}, locValue = TokenDedent 4},Located {locSpan = SourceSpan {spanFilename = "<input>", spanStart = SourcePos {posLine = 296, posColumn = 1}, spanEnd = SourcePos {posLine = 296, posColumn = 4}}, locValue = TokenKeyword KwDef},Located {locSpan = SourceSpan {spanFilename = "<input>", spanStart = SourcePos {posLine = 296, posColumn = 5}, spanEnd = SourcePos {posLine = 296, posColumn = 16}}, locValue = TokenIdent "function_74"},Located {locSpan = SourceSpan {spanFilename = "<input>", spanStart = SourcePos {posLine = 296, posColumn = 16}, spanEnd = SourcePos {posLine = 296, posColumn = 17}}, locValue = TokenDelimiter DelimLeftParen},Located {locSpan = SourceSpan {spanFilename = "<input>", spanStart = SourcePos {posLine = 296, posColumn = 17}, spanEnd = SourcePos {posLine = 296, posColumn = 18}}, locValue = TokenIdent "x"},Located {locSpan = SourceSpan {spanFilename = "<input>", spanStart = SourcePos {posLine = 296, posColumn = 18}, spanEnd = SourcePos {posLine = 296, posColumn = 19}}, locValue = TokenDelimiter DelimRightParen},Located {locSpan = SourceSpan {spanFilename = "<input>", spanStart = SourcePos {posLine = 296, posColumn = 19}, spanEnd = SourcePos {posLine = 296, posColumn = 20}}, locValue = TokenDelimiter DelimColon},Located {locSpan = SourceSpan {spanFilename = "<input>", spanStart = SourcePos {posLine = 296, posColumn = 1}, spanEnd = SourcePos {posLine = 297, posColumn = 1}}, locValue = TokenNewline},Located {locSpan = SourceSpan {spanFilename = "<input>", spanStart = SourcePos {posLine = 297, posColumn = 1}, spanEnd = SourcePos {posLine = 297, posColumn = 5}}, locValue = TokenIndent 4},Located {locSpan = SourceSpan {spanFilename = "<input>", spanStart = SourcePos {posLine = 297, posColumn = 5}, spanEnd = SourcePos {posLine = 297, posColumn = 33}}, locValue = TokenComment "# Function 74 implementation"},Located {locSpan = SourceSpan {spanFilename = "<input>", spanStart = SourcePos {posLine = 297, posColumn = 1}, spanEnd = SourcePos {posLine = 298, posColumn = 1}}, locValue = TokenNewline},Located {locSpan = SourceSpan {spanFilename = "<input>", spanStart = SourcePos {posLine = 298, posColumn = 5}, spanEnd = SourcePos {posLine = 298, posColumn = 11}}, locValue = TokenIdent "result"},Located {locSpan = SourceSpan {spanFilename = "<input>", spanStart = SourcePos {posLine = 298, posColumn = 12}, spanEnd = SourcePos {posLine = 298, posColumn = 13}}, locValue = TokenOperator OpAssign},Located {locSpan = SourceSpan {spanFilename = "<input>", spanStart = SourcePos {posLine = 298, posColumn = 14}, spanEnd = SourcePos {posLine = 298, posColumn = 15}}, locValue = TokenIdent "x"},Located {locSpan = SourceSpan {spanFilename = "<input>", spanStart = SourcePos {posLine = 298, posColumn = 16}, spanEnd = SourcePos {posLine = 298, posColumn = 17}}, locValue = TokenOperator OpMult},Located {locSpan = SourceSpan {spanFilename = "<input>", spanStart = SourcePos {posLine = 298, posColumn = 18}, spanEnd = SourcePos {posLine = 298, posColumn = 20}}, locValue = TokenNumber "74" False},Located {locSpan = SourceSpan {spanFilename = "<input>", spanStart = SourcePos {posLine = 298, posColumn = 21}, spanEnd = SourcePos {posLine = 298, posColumn = 22}}, locValue = TokenOperator OpPlus},Located {locSpan = SourceSpan {spanFilename = "<input>", spanStart = SourcePos {posLine = 298, posColumn = 23}, spanEnd = SourcePos {posLine = 298, posColumn = 27}}, locValue = TokenIdent "math"},Located {locSpan = SourceSpan {spanFilename = "<input>", spanStart = SourcePos {posLine = 298, posColumn = 27}, spanEnd = SourcePos {posLine = 298, posColumn = 28}}, locValue = TokenDelimiter DelimDot},Located {locSpan = SourceSpan {spanFilename = "<input>", spanStart = SourcePos {posLine = 298, posColumn = 28}, spanEnd = SourcePos {posLine = 298, posColumn = 32}}, locValue = TokenIdent "sqrt"},Located {locSpan = SourceSpan {spanFilename = "<input>", spanStart = SourcePos {posLine = 298, posColumn = 32}, spanEnd = SourcePos {posLine = 298, posColumn = 33}}, locValue = TokenDelimiter DelimLeftParen},Located {locSpan = SourceSpan {spanFilename = "<input>", spanStart = SourcePos {posLine = 298, posColumn = 33}, spanEnd = SourcePos {posLine = 298, posColumn = 35}}, locValue = TokenNumber "74" False},Located {locSpan = SourceSpan {spanFilename = "<input>", spanStart = SourcePos {posLine = 298, posColumn = 35}, spanEnd = SourcePos {posLine = 298, posColumn = 36}}, locValue = TokenDelimiter DelimRightParen},Located {locSpan = SourceSpan {spanFilename = "<input>", spanStart = SourcePos {posLine = 298, posColumn = 1}, spanEnd = SourcePos {posLine = 299, posColumn = 1}}, locValue = TokenNewline},Located {locSpan = SourceSpan {spanFilename = "<input>", spanStart = SourcePos {posLine = 299, posColumn = 5}, spanEnd = SourcePos {posLine = 299, posColumn = 11}}, locValue = TokenKeyword KwReturn},Located {locSpan = SourceSpan {spanFilename = "<input>", spanStart = SourcePos {posLine = 299, posColumn = 12}, spanEnd = SourcePos {posLine = 299, posColumn = 18}}, locValue = TokenIdent "result"},Located {locSpan = SourceSpan {spanFilename = "<input>", spanStart = SourcePos {posLine = 299, posColumn = 1}, spanEnd = SourcePos {posLine = 300, posColumn = 1}}, locValue = TokenNewline},Located {locSpan = SourceSpan {spanFilename = "<input>", spanStart = SourcePos {posLine = 300, posColumn = 1}, spanEnd = SourcePos {posLine = 300, posColumn = 1}}, locValue = TokenDedent 4},Located {locSpan = SourceSpan {spanFilename = "<input>", spanStart = SourcePos {posLine = 300, posColumn = 1}, spanEnd = SourcePos {posLine = 300, posColumn = 4}}, locValue = TokenKeyword KwDef},Located {locSpan = SourceSpan {spanFilename = "<input>", spanStart = SourcePos {posLine = 300, posColumn = 5}, spanEnd = SourcePos {posLine = 300, posColumn = 16}}, locValue = TokenIdent "function_75"},Located {locSpan = SourceSpan {spanFilename = "<input>", spanStart = SourcePos {posLine = 300, posColumn = 16}, spanEnd = SourcePos {posLine = 300, posColumn = 17}}, locValue = TokenDelimiter DelimLeftParen},Located {locSpan = SourceSpan {spanFilename = "<input>", spanStart = SourcePos {posLine = 300, posColumn = 17}, spanEnd = SourcePos {posLine = 300, posColumn = 18}}, locValue = TokenIdent "x"},Located {locSpan = SourceSpan {spanFilename = "<input>", spanStart = SourcePos {posLine = 300, posColumn = 18}, spanEnd = SourcePos {posLine = 300, posColumn = 19}}, locValue = TokenDelimiter DelimRightParen},Located {locSpan = SourceSpan {spanFilename = "<input>", spanStart = SourcePos {posLine = 300, posColumn = 19}, spanEnd = SourcePos {posLine = 300, posColumn = 20}}, locValue = TokenDelimiter DelimColon},Located {locSpan = SourceSpan {spanFilename = "<input>", spanStart = SourcePos {posLine = 300, posColumn = 1}, spanEnd = SourcePos {posLine = 301, posColumn = 1}}, locValue = TokenNewline},Located {locSpan = SourceSpan {spanFilename = "<input>", spanStart = SourcePos {posLine = 301, posColumn = 1}, spanEnd = SourcePos {posLine = 301, posColumn = 5}}, locValue = TokenIndent 4},Located {locSpan = SourceSpan {spanFilename = "<input>", spanStart = SourcePos {posLine = 301, posColumn = 5}, spanEnd = SourcePos {posLine = 301, posColumn = 33}}, locValue = TokenComment "# Function 75 implementation"},Located {locSpan = SourceSpan {spanFilename = "<input>", spanStart = SourcePos {posLine = 301, posColumn = 1}, spanEnd = SourcePos {posLine = 302, posColumn = 1}}, locValue = TokenNewline},Located {locSpan = SourceSpan {spanFilename = "<input>", spanStart = SourcePos {posLine = 302, posColumn = 5}, spanEnd = SourcePos {posLine = 302, posColumn = 11}}, locValue = TokenIdent "result"},Located {locSpan = SourceSpan {spanFilename = "<input>", spanStart = SourcePos {posLine = 302, posColumn = 12}, spanEnd = SourcePos {posLine = 302, posColumn = 13}}, locValue = TokenOperator OpAssign},Located {locSpan = SourceSpan {spanFilename = "<input>", spanStart = SourcePos {posLine = 302, posColumn = 14}, spanEnd = SourcePos {posLine = 302, posColumn = 15}}, locValue = TokenIdent "x"},Located {locSpan = SourceSpan {spanFilename = "<input>", spanStart = SourcePos {posLine = 302, posColumn = 16}, spanEnd = SourcePos {posLine = 302, posColumn = 17}}, locValue = TokenOperator OpMult},Located {locSpan = SourceSpan {spanFilename = "<input>", spanStart = SourcePos {posLine = 302, posColumn = 18}, spanEnd = SourcePos {posLine = 302, posColumn = 20}}, locValue = TokenNumber "75" False},Located {locSpan = SourceSpan {spanFilename = "<input>", spanStart = SourcePos {posLine = 302, posColumn = 21}, spanEnd = SourcePos {posLine = 302, posColumn = 22}}, locValue = TokenOperator OpPlus},Located {locSpan = SourceSpan {spanFilename = "<input>", spanStart = SourcePos {posLine = 302, posColumn = 23}, spanEnd = SourcePos {posLine = 302, posColumn = 27}}, locValue = TokenIdent "math"},Located {locSpan = SourceSpan {spanFilename = "<input>", spanStart = SourcePos {posLine = 302, posColumn = 27}, spanEnd = SourcePos {posLine = 302, posColumn = 28}}, locValue = TokenDelimiter DelimDot},Located {locSpan = SourceSpan {spanFilename = "<input>", spanStart = SourcePos {posLine = 302, posColumn = 28}, spanEnd = SourcePos {posLine = 302, posColumn = 32}}, locValue = TokenIdent "sqrt"},Located {locSpan = SourceSpan {spanFilename = "<input>", spanStart = SourcePos {posLine = 302, posColumn = 32}, spanEnd = SourcePos {posLine = 302, posColumn = 33}}, locValue = TokenDelimiter DelimLeftParen},Located {locSpan = SourceSpan {spanFilename = "<input>", spanStart = SourcePos {posLine = 302, posColumn = 33}, spanEnd = SourcePos {posLine = 302, posColumn = 35}}, locValue = TokenNumber "75" False},Located {locSpan = SourceSpan {spanFilename = "<input>", spanStart = SourcePos {posLine = 302, posColumn = 35}, spanEnd = SourcePos {posLine = 302, posColumn = 36}}, locValue = TokenDelimiter DelimRightParen},Located {locSpan = SourceSpan {spanFilename = "<input>", spanStart = SourcePos {posLine = 302, posColumn = 1}, spanEnd = SourcePos {posLine = 303, posColumn = 1}}, locValue = TokenNewline},Located {locSpan = SourceSpan {spanFilename = "<input>", spanStart = SourcePos {posLine = 303, posColumn = 5}, spanEnd = SourcePos {posLine = 303, posColumn = 11}}, locValue = TokenKeyword KwReturn},Located {locSpan = SourceSpan {spanFilename = "<input>", spanStart = SourcePos {posLine = 303, posColumn = 12}, spanEnd = SourcePos {posLine = 303, posColumn = 18}}, locValue = TokenIdent "result"},Located {locSpan = SourceSpan {spanFilename = "<input>", spanStart = SourcePos {posLine = 303, posColumn = 1}, spanEnd = SourcePos {posLine = 304, posColumn = 1}}, locValue = TokenNewline},Located {locSpan = SourceSpan {spanFilename = "<input>", spanStart = SourcePos {posLine = 304, posColumn = 1}, spanEnd = SourcePos {posLine = 304, posColumn = 1}}, locValue = TokenDedent 4},Located {locSpan = SourceSpan {spanFilename = "<input>", spanStart = SourcePos {posLine = 304, posColumn = 1}, spanEnd = SourcePos {posLine = 304, posColumn = 4}}, locValue = TokenKeyword KwDef},Located {locSpan = SourceSpan {spanFilename = "<input>", spanStart = SourcePos {posLine = 304, posColumn = 5}, spanEnd = SourcePos {posLine = 304, posColumn = 16}}, locValue = TokenIdent "function_76"},Located {locSpan = SourceSpan {spanFilename = "<input>", spanStart = SourcePos {posLine = 304, posColumn = 16}, spanEnd = SourcePos {posLine = 304, posColumn = 17}}, locValue = TokenDelimiter DelimLeftParen},Located {locSpan = SourceSpan {spanFilename = "<input>", spanStart = SourcePos {posLine = 304, posColumn = 17}, spanEnd = SourcePos {posLine = 304, posColumn = 18}}, locValue = TokenIdent "x"},Located {locSpan = SourceSpan {spanFilename = "<input>", spanStart = SourcePos {posLine = 304, posColumn = 18}, spanEnd = SourcePos {posLine = 304, posColumn = 19}}, locValue = TokenDelimiter DelimRightParen},Located {locSpan = SourceSpan {spanFilename = "<input>", spanStart = SourcePos {posLine = 304, posColumn = 19}, spanEnd = SourcePos {posLine = 304, posColumn = 20}}, locValue = TokenDelimiter DelimColon},Located {locSpan = SourceSpan {spanFilename = "<input>", spanStart = SourcePos {posLine = 304, posColumn = 1}, spanEnd = SourcePos {posLine = 305, posColumn = 1}}, locValue = TokenNewline},Located {locSpan = SourceSpan {spanFilename = "<input>", spanStart = SourcePos {posLine = 305, posColumn = 1}, spanEnd = SourcePos {posLine = 305, posColumn = 5}}, locValue = TokenIndent 4},Located {locSpan = SourceSpan {spanFilename = "<input>", spanStart = SourcePos {posLine = 305, posColumn = 5}, spanEnd = SourcePos {posLine = 305, posColumn = 33}}, locValue = TokenComment "# Function 76 implementation"},Located {locSpan = SourceSpan {spanFilename = "<input>", spanStart = SourcePos {posLine = 305, posColumn = 1}, spanEnd = SourcePos {posLine = 306, posColumn = 1}}, locValue = TokenNewline},Located {locSpan = SourceSpan {spanFilename = "<input>", spanStart = SourcePos {posLine = 306, posColumn = 5}, spanEnd = SourcePos {posLine = 306, posColumn = 11}}, locValue = TokenIdent "result"},Located {locSpan = SourceSpan {spanFilename = "<input>", spanStart = SourcePos {posLine = 306, posColumn = 12}, spanEnd = SourcePos {posLine = 306, posColumn = 13}}, locValue = TokenOperator OpAssign},Located {locSpan = SourceSpan {spanFilename = "<input>", spanStart = SourcePos {posLine = 306, posColumn = 14}, spanEnd = SourcePos {posLine = 306, posColumn = 15}}, locValue = TokenIdent "x"},Located {locSpan = SourceSpan {spanFilename = "<input>", spanStart = SourcePos {posLine = 306, posColumn = 16}, spanEnd = SourcePos {posLine = 306, posColumn = 17}}, locValue = TokenOperator OpMult},Located {locSpan = SourceSpan {spanFilename = "<input>", spanStart = SourcePos {posLine = 306, posColumn = 18}, spanEnd = SourcePos {posLine = 306, posColumn = 20}}, locValue = TokenNumber "76" False},Located {locSpan = SourceSpan {spanFilename = "<input>", spanStart = SourcePos {posLine = 306, posColumn = 21}, spanEnd = SourcePos {posLine = 306, posColumn = 22}}, locValue = TokenOperator OpPlus},Located {locSpan = SourceSpan {spanFilename = "<input>", spanStart = SourcePos {posLine = 306, posColumn = 23}, spanEnd = SourcePos {posLine = 306, posColumn = 27}}, locValue = TokenIdent "math"},Located {locSpan = SourceSpan {spanFilename = "<input>", spanStart = SourcePos {posLine = 306, posColumn = 27}, spanEnd = SourcePos {posLine = 306, posColumn = 28}}, locValue = TokenDelimiter DelimDot},Located {locSpan = SourceSpan {spanFilename = "<input>", spanStart = SourcePos {posLine = 306, posColumn = 28}, spanEnd = SourcePos {posLine = 306, posColumn = 32}}, locValue = TokenIdent "sqrt"},Located {locSpan = SourceSpan {spanFilename = "<input>", spanStart = SourcePos {posLine = 306, posColumn = 32}, spanEnd = SourcePos {posLine = 306, posColumn = 33}}, locValue = TokenDelimiter DelimLeftParen},Located {locSpan = SourceSpan {spanFilename = "<input>", spanStart = SourcePos {posLine = 306, posColumn = 33}, spanEnd = SourcePos {posLine = 306, posColumn = 35}}, locValue = TokenNumber "76" False},Located {locSpan = SourceSpan {spanFilename = "<input>", spanStart = SourcePos {posLine = 306, posColumn = 35}, spanEnd = SourcePos {posLine = 306, posColumn = 36}}, locValue = TokenDelimiter DelimRightParen},Located {locSpan = SourceSpan {spanFilename = "<input>", spanStart = SourcePos {posLine = 306, posColumn = 1}, spanEnd = SourcePos {posLine = 307, posColumn = 1}}, locValue = TokenNewline},Located {locSpan = SourceSpan {spanFilename = "<input>", spanStart = SourcePos {posLine = 307, posColumn = 5}, spanEnd = SourcePos {posLine = 307, posColumn = 11}}, locValue = TokenKeyword KwReturn},Located {locSpan = SourceSpan {spanFilename = "<input>", spanStart = SourcePos {posLine = 307, posColumn = 12}, spanEnd = SourcePos {posLine = 307, posColumn = 18}}, locValue = TokenIdent "result"},Located {locSpan = SourceSpan {spanFilename = "<input>", spanStart = SourcePos {posLine = 307, posColumn = 1}, spanEnd = SourcePos {posLine = 308, posColumn = 1}}, locValue = TokenNewline},Located {locSpan = SourceSpan {spanFilename = "<input>", spanStart = SourcePos {posLine = 308, posColumn = 1}, spanEnd = SourcePos {posLine = 308, posColumn = 1}}, locValue = TokenDedent 4},Located {locSpan = SourceSpan {spanFilename = "<input>", spanStart = SourcePos {posLine = 308, posColumn = 1}, spanEnd = SourcePos {posLine = 308, posColumn = 4}}, locValue = TokenKeyword KwDef},Located {locSpan = SourceSpan {spanFilename = "<input>", spanStart = SourcePos {posLine = 308, posColumn = 5}, spanEnd = SourcePos {posLine = 308, posColumn = 16}}, locValue = TokenIdent "function_77"},Located {locSpan = SourceSpan {spanFilename = "<input>", spanStart = SourcePos {posLine = 308, posColumn = 16}, spanEnd = SourcePos {posLine = 308, posColumn = 17}}, locValue = TokenDelimiter DelimLeftParen},Located {locSpan = SourceSpan {spanFilename = "<input>", spanStart = SourcePos {posLine = 308, posColumn = 17}, spanEnd = SourcePos {posLine = 308, posColumn = 18}}, locValue = TokenIdent "x"},Located {locSpan = SourceSpan {spanFilename = "<input>", spanStart = SourcePos {posLine = 308, posColumn = 18}, spanEnd = SourcePos {posLine = 308, posColumn = 19}}, locValue = TokenDelimiter DelimRightParen},Located {locSpan = SourceSpan {spanFilename = "<input>", spanStart = SourcePos {posLine = 308, posColumn = 19}, spanEnd = SourcePos {posLine = 308, posColumn = 20}}, locValue = TokenDelimiter DelimColon},Located {locSpan = SourceSpan {spanFilename = "<input>", spanStart = SourcePos {posLine = 308, posColumn = 1}, spanEnd = SourcePos {posLine = 309, posColumn = 1}}, locValue = TokenNewline},Located {locSpan = SourceSpan {spanFilename = "<input>", spanStart = SourcePos {posLine = 309, posColumn = 1}, spanEnd = SourcePos {posLine = 309, posColumn = 5}}, locValue = TokenIndent 4},Located {locSpan = SourceSpan {spanFilename = "<input>", spanStart = SourcePos {posLine = 309, posColumn = 5}, spanEnd = SourcePos {posLine = 309, posColumn = 33}}, locValue = TokenComment "# Function 77 implementation"},Located {locSpan = SourceSpan {spanFilename = "<input>", spanStart = SourcePos {posLine = 309, posColumn = 1}, spanEnd = SourcePos {posLine = 310, posColumn = 1}}, locValue = TokenNewline},Located {locSpan = SourceSpan {spanFilename = "<input>", spanStart = SourcePos {posLine = 310, posColumn = 5}, spanEnd = SourcePos {posLine = 310, posColumn = 11}}, locValue = TokenIdent "result"},Located {locSpan = SourceSpan {spanFilename = "<input>", spanStart = SourcePos {posLine = 310, posColumn = 12}, spanEnd = SourcePos {posLine = 310, posColumn = 13}}, locValue = TokenOperator OpAssign},Located {locSpan = SourceSpan {spanFilename = "<input>", spanStart = SourcePos {posLine = 310, posColumn = 14}, spanEnd = SourcePos {posLine = 310, posColumn = 15}}, locValue = TokenIdent "x"},Located {locSpan = SourceSpan {spanFilename = "<input>", spanStart = SourcePos {posLine = 310, posColumn = 16}, spanEnd = SourcePos {posLine = 310, posColumn = 17}}, locValue = TokenOperator OpMult},Located {locSpan = SourceSpan {spanFilename = "<input>", spanStart = SourcePos {posLine = 310, posColumn = 18}, spanEnd = SourcePos {posLine = 310, posColumn = 20}}, locValue = TokenNumber "77" False},Located {locSpan = SourceSpan {spanFilename = "<input>", spanStart = SourcePos {posLine = 310, posColumn = 21}, spanEnd = SourcePos {posLine = 310, posColumn = 22}}, locValue = TokenOperator OpPlus},Located {locSpan = SourceSpan {spanFilename = "<input>", spanStart = SourcePos {posLine = 310, posColumn = 23}, spanEnd = SourcePos {posLine = 310, posColumn = 27}}, locValue = TokenIdent "math"},Located {locSpan = SourceSpan {spanFilename = "<input>", spanStart = SourcePos {posLine = 310, posColumn = 27}, spanEnd = SourcePos {posLine = 310, posColumn = 28}}, locValue = TokenDelimiter DelimDot},Located {locSpan = SourceSpan {spanFilename = "<input>", spanStart = SourcePos {posLine = 310, posColumn = 28}, spanEnd = SourcePos {posLine = 310, posColumn = 32}}, locValue = TokenIdent "sqrt"},Located {locSpan = SourceSpan {spanFilename = "<input>", spanStart = SourcePos {posLine = 310, posColumn = 32}, spanEnd = SourcePos {posLine = 310, posColumn = 33}}, locValue = TokenDelimiter DelimLeftParen},Located {locSpan = SourceSpan {spanFilename = "<input>", spanStart = SourcePos {posLine = 310, posColumn = 33}, spanEnd = SourcePos {posLine = 310, posColumn = 35}}, locValue = TokenNumber "77" False},Located {locSpan = SourceSpan {spanFilename = "<input>", spanStart = SourcePos {posLine = 310, posColumn = 35}, spanEnd = SourcePos {posLine = 310, posColumn = 36}}, locValue = TokenDelimiter DelimRightParen},Located {locSpan = SourceSpan {spanFilename = "<input>", spanStart = SourcePos {posLine = 310, posColumn = 1}, spanEnd = SourcePos {posLine = 311, posColumn = 1}}, locValue = TokenNewline},Located {locSpan = SourceSpan {spanFilename = "<input>", spanStart = SourcePos {posLine = 311, posColumn = 5}, spanEnd = SourcePos {posLine = 311, posColumn = 11}}, locValue = TokenKeyword KwReturn},Located {locSpan = SourceSpan {spanFilename = "<input>", spanStart = SourcePos {posLine = 311, posColumn = 12}, spanEnd = SourcePos {posLine = 311, posColumn = 18}}, locValue = TokenIdent "result"},Located {locSpan = SourceSpan {spanFilename = "<input>", spanStart = SourcePos {posLine = 311, posColumn = 1}, spanEnd = SourcePos {posLine = 312, posColumn = 1}}, locValue = TokenNewline},Located {locSpan = SourceSpan {spanFilename = "<input>", spanStart = SourcePos {posLine = 312, posColumn = 1}, spanEnd = SourcePos {posLine = 312, posColumn = 1}}, locValue = TokenDedent 4},Located {locSpan = SourceSpan {spanFilename = "<input>", spanStart = SourcePos {posLine = 312, posColumn = 1}, spanEnd = SourcePos {posLine = 312, posColumn = 4}}, locValue = TokenKeyword KwDef},Located {locSpan = SourceSpan {spanFilename = "<input>", spanStart = SourcePos {posLine = 312, posColumn = 5}, spanEnd = SourcePos {posLine = 312, posColumn = 16}}, locValue = TokenIdent "function_78"},Located {locSpan = SourceSpan {spanFilename = "<input>", spanStart = SourcePos {posLine = 312, posColumn = 16}, spanEnd = SourcePos {posLine = 312, posColumn = 17}}, locValue = TokenDelimiter DelimLeftParen},Located {locSpan = SourceSpan {spanFilename = "<input>", spanStart = SourcePos {posLine = 312, posColumn = 17}, spanEnd = SourcePos {posLine = 312, posColumn = 18}}, locValue = TokenIdent "x"},Located {locSpan = SourceSpan {spanFilename = "<input>", spanStart = SourcePos {posLine = 312, posColumn = 18}, spanEnd = SourcePos {posLine = 312, posColumn = 19}}, locValue = TokenDelimiter DelimRightParen},Located {locSpan = SourceSpan {spanFilename = "<input>", spanStart = SourcePos {posLine = 312, posColumn = 19}, spanEnd = SourcePos {posLine = 312, posColumn = 20}}, locValue = TokenDelimiter DelimColon},Located {locSpan = SourceSpan {spanFilename = "<input>", spanStart = SourcePos {posLine = 312, posColumn = 1}, spanEnd = SourcePos {posLine = 313, posColumn = 1}}, locValue = TokenNewline},Located {locSpan = SourceSpan {spanFilename = "<input>", spanStart = SourcePos {posLine = 313, posColumn = 1}, spanEnd = SourcePos {posLine = 313, posColumn = 5}}, locValue = TokenIndent 4},Located {locSpan = SourceSpan {spanFilename = "<input>", spanStart = SourcePos {posLine = 313, posColumn = 5}, spanEnd = SourcePos {posLine = 313, posColumn = 33}}, locValue = TokenComment "# Function 78 implementation"},Located {locSpan = SourceSpan {spanFilename = "<input>", spanStart = SourcePos {posLine = 313, posColumn = 1}, spanEnd = SourcePos {posLine = 314, posColumn = 1}}, locValue = TokenNewline},Located {locSpan = SourceSpan {spanFilename = "<input>", spanStart = SourcePos {posLine = 314, posColumn = 5}, spanEnd = SourcePos {posLine = 314, posColumn = 11}}, locValue = TokenIdent "result"},Located {locSpan = SourceSpan {spanFilename = "<input>", spanStart = SourcePos {posLine = 314, posColumn = 12}, spanEnd = SourcePos {posLine = 314, posColumn = 13}}, locValue = TokenOperator OpAssign},Located {locSpan = SourceSpan {spanFilename = "<input>", spanStart = SourcePos {posLine = 314, posColumn = 14}, spanEnd = SourcePos {posLine = 314, posColumn = 15}}, locValue = TokenIdent "x"},Located {locSpan = SourceSpan {spanFilename = "<input>", spanStart = SourcePos {posLine = 314, posColumn = 16}, spanEnd = SourcePos {posLine = 314, posColumn = 17}}, locValue = TokenOperator OpMult},Located {locSpan = SourceSpan {spanFilename = "<input>", spanStart = SourcePos {posLine = 314, posColumn = 18}, spanEnd = SourcePos {posLine = 314, posColumn = 20}}, locValue = TokenNumber "78" False},Located {locSpan = SourceSpan {spanFilename = "<input>", spanStart = SourcePos {posLine = 314, posColumn = 21}, spanEnd = SourcePos {posLine = 314, posColumn = 22}}, locValue = TokenOperator OpPlus},Located {locSpan = SourceSpan {spanFilename = "<input>", spanStart = SourcePos {posLine = 314, posColumn = 23}, spanEnd = SourcePos {posLine = 314, posColumn = 27}}, locValue = TokenIdent "math"},Located {locSpan = SourceSpan {spanFilename = "<input>", spanStart = SourcePos {posLine = 314, posColumn = 27}, spanEnd = SourcePos {posLine = 314, posColumn = 28}}, locValue = TokenDelimiter DelimDot},Located {locSpan = SourceSpan {spanFilename = "<input>", spanStart = SourcePos {posLine = 314, posColumn = 28}, spanEnd = SourcePos {posLine = 314, posColumn = 32}}, locValue = TokenIdent "sqrt"},Located {locSpan = SourceSpan {spanFilename = "<input>", spanStart = SourcePos {posLine = 314, posColumn = 32}, spanEnd = SourcePos {posLine = 314, posColumn = 33}}, locValue = TokenDelimiter DelimLeftParen},Located {locSpan = SourceSpan {spanFilename = "<input>", spanStart = SourcePos {posLine = 314, posColumn = 33}, spanEnd = SourcePos {posLine = 314, posColumn = 35}}, locValue = TokenNumber "78" False},Located {locSpan = SourceSpan {spanFilename = "<input>", spanStart = SourcePos {posLine = 314, posColumn = 35}, spanEnd = SourcePos {posLine = 314, posColumn = 36}}, locValue = TokenDelimiter DelimRightParen},Located {locSpan = SourceSpan {spanFilename = "<input>", spanStart = SourcePos {posLine = 314, posColumn = 1}, spanEnd = SourcePos {posLine = 315, posColumn = 1}}, locValue = TokenNewline},Located {locSpan = SourceSpan {spanFilename = "<input>", spanStart = SourcePos {posLine = 315, posColumn = 5}, spanEnd = SourcePos {posLine = 315, posColumn = 11}}, locValue = TokenKeyword KwReturn},Located {locSpan = SourceSpan {spanFilename = "<input>", spanStart = SourcePos {posLine = 315, posColumn = 12}, spanEnd = SourcePos {posLine = 315, posColumn = 18}}, locValue = TokenIdent "result"},Located {locSpan = SourceSpan {spanFilename = "<input>", spanStart = SourcePos {posLine = 315, posColumn = 1}, spanEnd = SourcePos {posLine = 316, posColumn = 1}}, locValue = TokenNewline},Located {locSpan = SourceSpan {spanFilename = "<input>", spanStart = SourcePos {posLine = 316, posColumn = 1}, spanEnd = SourcePos {posLine = 316, posColumn = 1}}, locValue = TokenDedent 4},Located {locSpan = SourceSpan {spanFilename = "<input>", spanStart = SourcePos {posLine = 316, posColumn = 1}, spanEnd = SourcePos {posLine = 316, posColumn = 4}}, locValue = TokenKeyword KwDef},Located {locSpan = SourceSpan {spanFilename = "<input>", spanStart = SourcePos {posLine = 316, posColumn = 5}, spanEnd = SourcePos {posLine = 316, posColumn = 16}}, locValue = TokenIdent "function_79"},Located {locSpan = SourceSpan {spanFilename = "<input>", spanStart = SourcePos {posLine = 316, posColumn = 16}, spanEnd = SourcePos {posLine = 316, posColumn = 17}}, locValue = TokenDelimiter DelimLeftParen},Located {locSpan = SourceSpan {spanFilename = "<input>", spanStart = SourcePos {posLine = 316, posColumn = 17}, spanEnd = SourcePos {posLine = 316, posColumn = 18}}, locValue = TokenIdent "x"},Located {locSpan = SourceSpan {spanFilename = "<input>", spanStart = SourcePos {posLine = 316, posColumn = 18}, spanEnd = SourcePos {posLine = 316, posColumn = 19}}, locValue = TokenDelimiter DelimRightParen},Located {locSpan = SourceSpan {spanFilename = "<input>", spanStart = SourcePos {posLine = 316, posColumn = 19}, spanEnd = SourcePos {posLine = 316, posColumn = 20}}, locValue = TokenDelimiter DelimColon},Located {locSpan = SourceSpan {spanFilename = "<input>", spanStart = SourcePos {posLine = 316, posColumn = 1}, spanEnd = SourcePos {posLine = 317, posColumn = 1}}, locValue = TokenNewline},Located {locSpan = SourceSpan {spanFilename = "<input>", spanStart = SourcePos {posLine = 317, posColumn = 1}, spanEnd = SourcePos {posLine = 317, posColumn = 5}}, locValue = TokenIndent 4},Located {locSpan = SourceSpan {spanFilename = "<input>", spanStart = SourcePos {posLine = 317, posColumn = 5}, spanEnd = SourcePos {posLine = 317, posColumn = 33}}, locValue = TokenComment "# Function 79 implementation"},Located {locSpan = SourceSpan {spanFilename = "<input>", spanStart = SourcePos {posLine = 317, posColumn = 1}, spanEnd = SourcePos {posLine = 318, posColumn = 1}}, locValue = TokenNewline},Located {locSpan = SourceSpan {spanFilename = "<input>", spanStart = SourcePos {posLine = 318, posColumn = 5}, spanEnd = SourcePos {posLine = 318, posColumn = 11}}, locValue = TokenIdent "result"},Located {locSpan = SourceSpan {spanFilename = "<input>", spanStart = SourcePos {posLine = 318, posColumn = 12}, spanEnd = SourcePos {posLine = 318, posColumn = 13}}, locValue = TokenOperator OpAssign},Located {locSpan = SourceSpan {spanFilename = "<input>", spanStart = SourcePos {posLine = 318, posColumn = 14}, spanEnd = SourcePos {posLine = 318, posColumn = 15}}, locValue = TokenIdent "x"},Located {locSpan = SourceSpan {spanFilename = "<input>", spanStart = SourcePos {posLine = 318, posColumn = 16}, spanEnd = SourcePos {posLine = 318, posColumn = 17}}, locValue = TokenOperator OpMult},Located {locSpan = SourceSpan {spanFilename = "<input>", spanStart = SourcePos {posLine = 318, posColumn = 18}, spanEnd = SourcePos {posLine = 318, posColumn = 20}}, locValue = TokenNumber "79" False},Located {locSpan = SourceSpan {spanFilename = "<input>", spanStart = SourcePos {posLine = 318, posColumn = 21}, spanEnd = SourcePos {posLine = 318, posColumn = 22}}, locValue = TokenOperator OpPlus},Located {locSpan = SourceSpan {spanFilename = "<input>", spanStart = SourcePos {posLine = 318, posColumn = 23}, spanEnd = SourcePos {posLine = 318, posColumn = 27}}, locValue = TokenIdent "math"},Located {locSpan = SourceSpan {spanFilename = "<input>", spanStart = SourcePos {posLine = 318, posColumn = 27}, spanEnd = SourcePos {posLine = 318, posColumn = 28}}, locValue = TokenDelimiter DelimDot},Located {locSpan = SourceSpan {spanFilename = "<input>", spanStart = SourcePos {posLine = 318, posColumn = 28}, spanEnd = SourcePos {posLine = 318, posColumn = 32}}, locValue = TokenIdent "sqrt"},Located {locSpan = SourceSpan {spanFilename = "<input>", spanStart = SourcePos {posLine = 318, posColumn = 32}, spanEnd = SourcePos {posLine = 318, posColumn = 33}}, locValue = TokenDelimiter DelimLeftParen},Located {locSpan = SourceSpan {spanFilename = "<input>", spanStart = SourcePos {posLine = 318, posColumn = 33}, spanEnd = SourcePos {posLine = 318, posColumn = 35}}, locValue = TokenNumber "79" False},Located {locSpan = SourceSpan {spanFilename = "<input>", spanStart = SourcePos {posLine = 318, posColumn = 35}, spanEnd = SourcePos {posLine = 318, posColumn = 36}}, locValue = TokenDelimiter DelimRightParen},Located {locSpan = SourceSpan {spanFilename = "<input>", spanStart = SourcePos {posLine = 318, posColumn = 1}, spanEnd = SourcePos {posLine = 319, posColumn = 1}}, locValue = TokenNewline},Located {locSpan = SourceSpan {spanFilename = "<input>", spanStart = SourcePos {posLine = 319, posColumn = 5}, spanEnd = SourcePos {posLine = 319, posColumn = 11}}, locValue = TokenKeyword KwReturn},Located {locSpan = SourceSpan {spanFilename = "<input>", spanStart = SourcePos {posLine = 319, posColumn = 12}, spanEnd = SourcePos {posLine = 319, posColumn = 18}}, locValue = TokenIdent "result"},Located {locSpan = SourceSpan {spanFilename = "<input>", spanStart = SourcePos {posLine = 319, posColumn = 1}, spanEnd = SourcePos {posLine = 320, posColumn = 1}}, locValue = TokenNewline},Located {locSpan = SourceSpan {spanFilename = "<input>", spanStart = SourcePos {posLine = 320, posColumn = 1}, spanEnd = SourcePos {posLine = 320, posColumn = 1}}, locValue = TokenDedent 4},Located {locSpan = SourceSpan {spanFilename = "<input>", spanStart = SourcePos {posLine = 320, posColumn = 1}, spanEnd = SourcePos {posLine = 320, posColumn = 4}}, locValue = TokenKeyword KwDef},Located {locSpan = SourceSpan {spanFilename = "<input>", spanStart = SourcePos {posLine = 320, posColumn = 5}, spanEnd = SourcePos {posLine = 320, posColumn = 16}}, locValue = TokenIdent "function_80"},Located {locSpan = SourceSpan {spanFilename = "<input>", spanStart = SourcePos {posLine = 320, posColumn = 16}, spanEnd = SourcePos {posLine = 320, posColumn = 17}}, locValue = TokenDelimiter DelimLeftParen},Located {locSpan = SourceSpan {spanFilename = "<input>", spanStart = SourcePos {posLine = 320, posColumn = 17}, spanEnd = SourcePos {posLine = 320, posColumn = 18}}, locValue = TokenIdent "x"},Located {locSpan = SourceSpan {spanFilename = "<input>", spanStart = SourcePos {posLine = 320, posColumn = 18}, spanEnd = SourcePos {posLine = 320, posColumn = 19}}, locValue = TokenDelimiter DelimRightParen},Located {locSpan = SourceSpan {spanFilename = "<input>", spanStart = SourcePos {posLine = 320, posColumn = 19}, spanEnd = SourcePos {posLine = 320, posColumn = 20}}, locValue = TokenDelimiter DelimColon},Located {locSpan = SourceSpan {spanFilename = "<input>", spanStart = SourcePos {posLine = 320, posColumn = 1}, spanEnd = SourcePos {posLine = 321, posColumn = 1}}, locValue = TokenNewline},Located {locSpan = SourceSpan {spanFilename = "<input>", spanStart = SourcePos {posLine = 321, posColumn = 1}, spanEnd = SourcePos {posLine = 321, posColumn = 5}}, locValue = TokenIndent 4},Located {locSpan = SourceSpan {spanFilename = "<input>", spanStart = SourcePos {posLine = 321, posColumn = 5}, spanEnd = SourcePos {posLine = 321, posColumn = 33}}, locValue = TokenComment "# Function 80 implementation"},Located {locSpan = SourceSpan {spanFilename = "<input>", spanStart = SourcePos {posLine = 321, posColumn = 1}, spanEnd = SourcePos {posLine = 322, posColumn = 1}}, locValue = TokenNewline},Located {locSpan = SourceSpan {spanFilename = "<input>", spanStart = SourcePos {posLine = 322, posColumn = 5}, spanEnd = SourcePos {posLine = 322, posColumn = 11}}, locValue = TokenIdent "result"},Located {locSpan = SourceSpan {spanFilename = "<input>", spanStart = SourcePos {posLine = 322, posColumn = 12}, spanEnd = SourcePos {posLine = 322, posColumn = 13}}, locValue = TokenOperator OpAssign},Located {locSpan = SourceSpan {spanFilename = "<input>", spanStart = SourcePos {posLine = 322, posColumn = 14}, spanEnd = SourcePos {posLine = 322, posColumn = 15}}, locValue = TokenIdent "x"},Located {locSpan = SourceSpan {spanFilename = "<input>", spanStart = SourcePos {posLine = 322, posColumn = 16}, spanEnd = SourcePos {posLine = 322, posColumn = 17}}, locValue = TokenOperator OpMult},Located {locSpan = SourceSpan {spanFilename = "<input>", spanStart = SourcePos {posLine = 322, posColumn = 18}, spanEnd = SourcePos {posLine = 322, posColumn = 20}}, locValue = TokenNumber "80" False},Located {locSpan = SourceSpan {spanFilename = "<input>", spanStart = SourcePos {posLine = 322, posColumn = 21}, spanEnd = SourcePos {posLine = 322, posColumn = 22}}, locValue = TokenOperator OpPlus},Located {locSpan = SourceSpan {spanFilename = "<input>", spanStart = SourcePos {posLine = 322, posColumn = 23}, spanEnd = SourcePos {posLine = 322, posColumn = 27}}, locValue = TokenIdent "math"},Located {locSpan = SourceSpan {spanFilename = "<input>", spanStart = SourcePos {posLine = 322, posColumn = 27}, spanEnd = SourcePos {posLine = 322, posColumn = 28}}, locValue = TokenDelimiter DelimDot},Located {locSpan = SourceSpan {spanFilename = "<input>", spanStart = SourcePos {posLine = 322, posColumn = 28}, spanEnd = SourcePos {posLine = 322, posColumn = 32}}, locValue = TokenIdent "sqrt"},Located {locSpan = SourceSpan {spanFilename = "<input>", spanStart = SourcePos {posLine = 322, posColumn = 32}, spanEnd = SourcePos {posLine = 322, posColumn = 33}}, locValue = TokenDelimiter DelimLeftParen},Located {locSpan = SourceSpan {spanFilename = "<input>", spanStart = SourcePos {posLine = 322, posColumn = 33}, spanEnd = SourcePos {posLine = 322, posColumn = 35}}, locValue = TokenNumber "80" False},Located {locSpan = SourceSpan {spanFilename = "<input>", spanStart = SourcePos {posLine = 322, posColumn = 35}, spanEnd = SourcePos {posLine = 322, posColumn = 36}}, locValue = TokenDelimiter DelimRightParen},Located {locSpan = SourceSpan {spanFilename = "<input>", spanStart = SourcePos {posLine = 322, posColumn = 1}, spanEnd = SourcePos {posLine = 323, posColumn = 1}}, locValue = TokenNewline},Located {locSpan = SourceSpan {spanFilename = "<input>", spanStart = SourcePos {posLine = 323, posColumn = 5}, spanEnd = SourcePos {posLine = 323, posColumn = 11}}, locValue = TokenKeyword KwReturn},Located {locSpan = SourceSpan {spanFilename = "<input>", spanStart = SourcePos {posLine = 323, posColumn = 12}, spanEnd = SourcePos {posLine = 323, posColumn = 18}}, locValue = TokenIdent "result"},Located {locSpan = SourceSpan {spanFilename = "<input>", spanStart = SourcePos {posLine = 323, posColumn = 1}, spanEnd = SourcePos {posLine = 324, posColumn = 1}}, locValue = TokenNewline},Located {locSpan = SourceSpan {spanFilename = "<input>", spanStart = SourcePos {posLine = 324, posColumn = 1}, spanEnd = SourcePos {posLine = 324, posColumn = 1}}, locValue = TokenDedent 4},Located {locSpan = SourceSpan {spanFilename = "<input>", spanStart = SourcePos {posLine = 324, posColumn = 1}, spanEnd = SourcePos {posLine = 324, posColumn = 4}}, locValue = TokenKeyword KwDef},Located {locSpan = SourceSpan {spanFilename = "<input>", spanStart = SourcePos {posLine = 324, posColumn = 5}, spanEnd = SourcePos {posLine = 324, posColumn = 16}}, locValue = TokenIdent "function_81"},Located {locSpan = SourceSpan {spanFilename = "<input>", spanStart = SourcePos {posLine = 324, posColumn = 16}, spanEnd = SourcePos {posLine = 324, posColumn = 17}}, locValue = TokenDelimiter DelimLeftParen},Located {locSpan = SourceSpan {spanFilename = "<input>", spanStart = SourcePos {posLine = 324, posColumn = 17}, spanEnd = SourcePos {posLine = 324, posColumn = 18}}, locValue = TokenIdent "x"},Located {locSpan = SourceSpan {spanFilename = "<input>", spanStart = SourcePos {posLine = 324, posColumn = 18}, spanEnd = SourcePos {posLine = 324, posColumn = 19}}, locValue = TokenDelimiter DelimRightParen},Located {locSpan = SourceSpan {spanFilename = "<input>", spanStart = SourcePos {posLine = 324, posColumn = 19}, spanEnd = SourcePos {posLine = 324, posColumn = 20}}, locValue = TokenDelimiter DelimColon},Located {locSpan = SourceSpan {spanFilename = "<input>", spanStart = SourcePos {posLine = 324, posColumn = 1}, spanEnd = SourcePos {posLine = 325, posColumn = 1}}, locValue = TokenNewline},Located {locSpan = SourceSpan {spanFilename = "<input>", spanStart = SourcePos {posLine = 325, posColumn = 1}, spanEnd = SourcePos {posLine = 325, posColumn = 5}}, locValue = TokenIndent 4},Located {locSpan = SourceSpan {spanFilename = "<input>", spanStart = SourcePos {posLine = 325, posColumn = 5}, spanEnd = SourcePos {posLine = 325, posColumn = 33}}, locValue = TokenComment "# Function 81 implementation"},Located {locSpan = SourceSpan {spanFilename = "<input>", spanStart = SourcePos {posLine = 325, posColumn = 1}, spanEnd = SourcePos {posLine = 326, posColumn = 1}}, locValue = TokenNewline},Located {locSpan = SourceSpan {spanFilename = "<input>", spanStart = SourcePos {posLine = 326, posColumn = 5}, spanEnd = SourcePos {posLine = 326, posColumn = 11}}, locValue = TokenIdent "result"},Located {locSpan = SourceSpan {spanFilename = "<input>", spanStart = SourcePos {posLine = 326, posColumn = 12}, spanEnd = SourcePos {posLine = 326, posColumn = 13}}, locValue = TokenOperator OpAssign},Located {locSpan = SourceSpan {spanFilename = "<input>", spanStart = SourcePos {posLine = 326, posColumn = 14}, spanEnd = SourcePos {posLine = 326, posColumn = 15}}, locValue = TokenIdent "x"},Located {locSpan = SourceSpan {spanFilename = "<input>", spanStart = SourcePos {posLine = 326, posColumn = 16}, spanEnd = SourcePos {posLine = 326, posColumn = 17}}, locValue = TokenOperator OpMult},Located {locSpan = SourceSpan {spanFilename = "<input>", spanStart = SourcePos {posLine = 326, posColumn = 18}, spanEnd = SourcePos {posLine = 326, posColumn = 20}}, locValue = TokenNumber "81" False},Located {locSpan = SourceSpan {spanFilename = "<input>", spanStart = SourcePos {posLine = 326, posColumn = 21}, spanEnd = SourcePos {posLine = 326, posColumn = 22}}, locValue = TokenOperator OpPlus},Located {locSpan = SourceSpan {spanFilename = "<input>", spanStart = SourcePos {posLine = 326, posColumn = 23}, spanEnd = SourcePos {posLine = 326, posColumn = 27}}, locValue = TokenIdent "math"},Located {locSpan = SourceSpan {spanFilename = "<input>", spanStart = SourcePos {posLine = 326, posColumn = 27}, spanEnd = SourcePos {posLine = 326, posColumn = 28}}, locValue = TokenDelimiter DelimDot},Located {locSpan = SourceSpan {spanFilename = "<input>", spanStart = SourcePos {posLine = 326, posColumn = 28}, spanEnd = SourcePos {posLine = 326, posColumn = 32}}, locValue = TokenIdent "sqrt"},Located {locSpan = SourceSpan {spanFilename = "<input>", spanStart = SourcePos {posLine = 326, posColumn = 32}, spanEnd = SourcePos {posLine = 326, posColumn = 33}}, locValue = TokenDelimiter DelimLeftParen},Located {locSpan = SourceSpan {spanFilename = "<input>", spanStart = SourcePos {posLine = 326, posColumn = 33}, spanEnd = SourcePos {posLine = 326, posColumn = 35}}, locValue = TokenNumber "81" False},Located {locSpan = SourceSpan {spanFilename = "<input>", spanStart = SourcePos {posLine = 326, posColumn = 35}, spanEnd = SourcePos {posLine = 326, posColumn = 36}}, locValue = TokenDelimiter DelimRightParen},Located {locSpan = SourceSpan {spanFilename = "<input>", spanStart = SourcePos {posLine = 326, posColumn = 1}, spanEnd = SourcePos {posLine = 327, posColumn = 1}}, locValue = TokenNewline},Located {locSpan = SourceSpan {spanFilename = "<input>", spanStart = SourcePos {posLine = 327, posColumn = 5}, spanEnd = SourcePos {posLine = 327, posColumn = 11}}, locValue = TokenKeyword KwReturn},Located {locSpan = SourceSpan {spanFilename = "<input>", spanStart = SourcePos {posLine = 327, posColumn = 12}, spanEnd = SourcePos {posLine = 327, posColumn = 18}}, locValue = TokenIdent "result"},Located {locSpan = SourceSpan {spanFilename = "<input>", spanStart = SourcePos {posLine = 327, posColumn = 1}, spanEnd = SourcePos {posLine = 328, posColumn = 1}}, locValue = TokenNewline},Located {locSpan = SourceSpan {spanFilename = "<input>", spanStart = SourcePos {posLine = 328, posColumn = 1}, spanEnd = SourcePos {posLine = 328, posColumn = 1}}, locValue = TokenDedent 4},Located {locSpan = SourceSpan {spanFilename = "<input>", spanStart = SourcePos {posLine = 328, posColumn = 1}, spanEnd = SourcePos {posLine = 328, posColumn = 4}}, locValue = TokenKeyword KwDef},Located {locSpan = SourceSpan {spanFilename = "<input>", spanStart = SourcePos {posLine = 328, posColumn = 5}, spanEnd = SourcePos {posLine = 328, posColumn = 16}}, locValue = TokenIdent "function_82"},Located {locSpan = SourceSpan {spanFilename = "<input>", spanStart = SourcePos {posLine = 328, posColumn = 16}, spanEnd = SourcePos {posLine = 328, posColumn = 17}}, locValue = TokenDelimiter DelimLeftParen},Located {locSpan = SourceSpan {spanFilename = "<input>", spanStart = SourcePos {posLine = 328, posColumn = 17}, spanEnd = SourcePos {posLine = 328, posColumn = 18}}, locValue = TokenIdent "x"},Located {locSpan = SourceSpan {spanFilename = "<input>", spanStart = SourcePos {posLine = 328, posColumn = 18}, spanEnd = SourcePos {posLine = 328, posColumn = 19}}, locValue = TokenDelimiter DelimRightParen},Located {locSpan = SourceSpan {spanFilename = "<input>", spanStart = SourcePos {posLine = 328, posColumn = 19}, spanEnd = SourcePos {posLine = 328, posColumn = 20}}, locValue = TokenDelimiter DelimColon},Located {locSpan = SourceSpan {spanFilename = "<input>", spanStart = SourcePos {posLine = 328, posColumn = 1}, spanEnd = SourcePos {posLine = 329, posColumn = 1}}, locValue = TokenNewline},Located {locSpan = SourceSpan {spanFilename = "<input>", spanStart = SourcePos {posLine = 329, posColumn = 1}, spanEnd = SourcePos {posLine = 329, posColumn = 5}}, locValue = TokenIndent 4},Located {locSpan = SourceSpan {spanFilename = "<input>", spanStart = SourcePos {posLine = 329, posColumn = 5}, spanEnd = SourcePos {posLine = 329, posColumn = 33}}, locValue = TokenComment "# Function 82 implementation"},Located {locSpan = SourceSpan {spanFilename = "<input>", spanStart = SourcePos {posLine = 329, posColumn = 1}, spanEnd = SourcePos {posLine = 330, posColumn = 1}}, locValue = TokenNewline},Located {locSpan = SourceSpan {spanFilename = "<input>", spanStart = SourcePos {posLine = 330, posColumn = 5}, spanEnd = SourcePos {posLine = 330, posColumn = 11}}, locValue = TokenIdent "result"},Located {locSpan = SourceSpan {spanFilename = "<input>", spanStart = SourcePos {posLine = 330, posColumn = 12}, spanEnd = SourcePos {posLine = 330, posColumn = 13}}, locValue = TokenOperator OpAssign},Located {locSpan = SourceSpan {spanFilename = "<input>", spanStart = SourcePos {posLine = 330, posColumn = 14}, spanEnd = SourcePos {posLine = 330, posColumn = 15}}, locValue = TokenIdent "x"},Located {locSpan = SourceSpan {spanFilename = "<input>", spanStart = SourcePos {posLine = 330, posColumn = 16}, spanEnd = SourcePos {posLine = 330, posColumn = 17}}, locValue = TokenOperator OpMult},Located {locSpan = SourceSpan {spanFilename = "<input>", spanStart = SourcePos {posLine = 330, posColumn = 18}, spanEnd = SourcePos {posLine = 330, posColumn = 20}}, locValue = TokenNumber "82" False},Located {locSpan = SourceSpan {spanFilename = "<input>", spanStart = SourcePos {posLine = 330, posColumn = 21}, spanEnd = SourcePos {posLine = 330, posColumn = 22}}, locValue = TokenOperator OpPlus},Located {locSpan = SourceSpan {spanFilename = "<input>", spanStart = SourcePos {posLine = 330, posColumn = 23}, spanEnd = SourcePos {posLine = 330, posColumn = 27}}, locValue = TokenIdent "math"},Located {locSpan = SourceSpan {spanFilename = "<input>", spanStart = SourcePos {posLine = 330, posColumn = 27}, spanEnd = SourcePos {posLine = 330, posColumn = 28}}, locValue = TokenDelimiter DelimDot},Located {locSpan = SourceSpan {spanFilename = "<input>", spanStart = SourcePos {posLine = 330, posColumn = 28}, spanEnd = SourcePos {posLine = 330, posColumn = 32}}, locValue = TokenIdent "sqrt"},Located {locSpan = SourceSpan {spanFilename = "<input>", spanStart = SourcePos {posLine = 330, posColumn = 32}, spanEnd = SourcePos {posLine = 330, posColumn = 33}}, locValue = TokenDelimiter DelimLeftParen},Located {locSpan = SourceSpan {spanFilename = "<input>", spanStart = SourcePos {posLine = 330, posColumn = 33}, spanEnd = SourcePos {posLine = 330, posColumn = 35}}, locValue = TokenNumber "82" False},Located {locSpan = SourceSpan {spanFilename = "<input>", spanStart = SourcePos {posLine = 330, posColumn = 35}, spanEnd = SourcePos {posLine = 330, posColumn = 36}}, locValue = TokenDelimiter DelimRightParen},Located {locSpan = SourceSpan {spanFilename = "<input>", spanStart = SourcePos {posLine = 330, posColumn = 1}, spanEnd = SourcePos {posLine = 331, posColumn = 1}}, locValue = TokenNewline},Located {locSpan = SourceSpan {spanFilename = "<input>", spanStart = SourcePos {posLine = 331, posColumn = 5}, spanEnd = SourcePos {posLine = 331, posColumn = 11}}, locValue = TokenKeyword KwReturn},Located {locSpan = SourceSpan {spanFilename = "<input>", spanStart = SourcePos {posLine = 331, posColumn = 12}, spanEnd = SourcePos {posLine = 331, posColumn = 18}}, locValue = TokenIdent "result"},Located {locSpan = SourceSpan {spanFilename = "<input>", spanStart = SourcePos {posLine = 331, posColumn = 1}, spanEnd = SourcePos {posLine = 332, posColumn = 1}}, locValue = TokenNewline},Located {locSpan = SourceSpan {spanFilename = "<input>", spanStart = SourcePos {posLine = 332, posColumn = 1}, spanEnd = SourcePos {posLine = 332, posColumn = 1}}, locValue = TokenDedent 4},Located {locSpan = SourceSpan {spanFilename = "<input>", spanStart = SourcePos {posLine = 332, posColumn = 1}, spanEnd = SourcePos {posLine = 332, posColumn = 4}}, locValue = TokenKeyword KwDef},Located {locSpan = SourceSpan {spanFilename = "<input>", spanStart = SourcePos {posLine = 332, posColumn = 5}, spanEnd = SourcePos {posLine = 332, posColumn = 16}}, locValue = TokenIdent "function_83"},Located {locSpan = SourceSpan {spanFilename = "<input>", spanStart = SourcePos {posLine = 332, posColumn = 16}, spanEnd = SourcePos {posLine = 332, posColumn = 17}}, locValue = TokenDelimiter DelimLeftParen},Located {locSpan = SourceSpan {spanFilename = "<input>", spanStart = SourcePos {posLine = 332, posColumn = 17}, spanEnd = SourcePos {posLine = 332, posColumn = 18}}, locValue = TokenIdent "x"},Located {locSpan = SourceSpan {spanFilename = "<input>", spanStart = SourcePos {posLine = 332, posColumn = 18}, spanEnd = SourcePos {posLine = 332, posColumn = 19}}, locValue = TokenDelimiter DelimRightParen},Located {locSpan = SourceSpan {spanFilename = "<input>", spanStart = SourcePos {posLine = 332, posColumn = 19}, spanEnd = SourcePos {posLine = 332, posColumn = 20}}, locValue = TokenDelimiter DelimColon},Located {locSpan = SourceSpan {spanFilename = "<input>", spanStart = SourcePos {posLine = 332, posColumn = 1}, spanEnd = SourcePos {posLine = 333, posColumn = 1}}, locValue = TokenNewline},Located {locSpan = SourceSpan {spanFilename = "<input>", spanStart = SourcePos {posLine = 333, posColumn = 1}, spanEnd = SourcePos {posLine = 333, posColumn = 5}}, locValue = TokenIndent 4},Located {locSpan = SourceSpan {spanFilename = "<input>", spanStart = SourcePos {posLine = 333, posColumn = 5}, spanEnd = SourcePos {posLine = 333, posColumn = 33}}, locValue = TokenComment "# Function 83 implementation"},Located {locSpan = SourceSpan {spanFilename = "<input>", spanStart = SourcePos {posLine = 333, posColumn = 1}, spanEnd = SourcePos {posLine = 334, posColumn = 1}}, locValue = TokenNewline},Located {locSpan = SourceSpan {spanFilename = "<input>", spanStart = SourcePos {posLine = 334, posColumn = 5}, spanEnd = SourcePos {posLine = 334, posColumn = 11}}, locValue = TokenIdent "result"},Located {locSpan = SourceSpan {spanFilename = "<input>", spanStart = SourcePos {posLine = 334, posColumn = 12}, spanEnd = SourcePos {posLine = 334, posColumn = 13}}, locValue = TokenOperator OpAssign},Located {locSpan = SourceSpan {spanFilename = "<input>", spanStart = SourcePos {posLine = 334, posColumn = 14}, spanEnd = SourcePos {posLine = 334, posColumn = 15}}, locValue = TokenIdent "x"},Located {locSpan = SourceSpan {spanFilename = "<input>", spanStart = SourcePos {posLine = 334, posColumn = 16}, spanEnd = SourcePos {posLine = 334, posColumn = 17}}, locValue = TokenOperator OpMult},Located {locSpan = SourceSpan {spanFilename = "<input>", spanStart = SourcePos {posLine = 334, posColumn = 18}, spanEnd = SourcePos {posLine = 334, posColumn = 20}}, locValue = TokenNumber "83" False},Located {locSpan = SourceSpan {spanFilename = "<input>", spanStart = SourcePos {posLine = 334, posColumn = 21}, spanEnd = SourcePos {posLine = 334, posColumn = 22}}, locValue = TokenOperator OpPlus},Located {locSpan = SourceSpan {spanFilename = "<input>", spanStart = SourcePos {posLine = 334, posColumn = 23}, spanEnd = SourcePos {posLine = 334, posColumn = 27}}, locValue = TokenIdent "math"},Located {locSpan = SourceSpan {spanFilename = "<input>", spanStart = SourcePos {posLine = 334, posColumn = 27}, spanEnd = SourcePos {posLine = 334, posColumn = 28}}, locValue = TokenDelimiter DelimDot},Located {locSpan = SourceSpan {spanFilename = "<input>", spanStart = SourcePos {posLine = 334, posColumn = 28}, spanEnd = SourcePos {posLine = 334, posColumn = 32}}, locValue = TokenIdent "sqrt"},Located {locSpan = SourceSpan {spanFilename = "<input>", spanStart = SourcePos {posLine = 334, posColumn = 32}, spanEnd = SourcePos {posLine = 334, posColumn = 33}}, locValue = TokenDelimiter DelimLeftParen},Located {locSpan = SourceSpan {spanFilename = "<input>", spanStart = SourcePos {posLine = 334, posColumn = 33}, spanEnd = SourcePos {posLine = 334, posColumn = 35}}, locValue = TokenNumber "83" False},Located {locSpan = SourceSpan {spanFilename = "<input>", spanStart = SourcePos {posLine = 334, posColumn = 35}, spanEnd = SourcePos {posLine = 334, posColumn = 36}}, locValue = TokenDelimiter DelimRightParen},Located {locSpan = SourceSpan {spanFilename = "<input>", spanStart = SourcePos {posLine = 334, posColumn = 1}, spanEnd = SourcePos {posLine = 335, posColumn = 1}}, locValue = TokenNewline},Located {locSpan = SourceSpan {spanFilename = "<input>", spanStart = SourcePos {posLine = 335, posColumn = 5}, spanEnd = SourcePos {posLine = 335, posColumn = 11}}, locValue = TokenKeyword KwReturn},Located {locSpan = SourceSpan {spanFilename = "<input>", spanStart = SourcePos {posLine = 335, posColumn = 12}, spanEnd = SourcePos {posLine = 335, posColumn = 18}}, locValue = TokenIdent "result"},Located {locSpan = SourceSpan {spanFilename = "<input>", spanStart = SourcePos {posLine = 335, posColumn = 1}, spanEnd = SourcePos {posLine = 336, posColumn = 1}}, locValue = TokenNewline},Located {locSpan = SourceSpan {spanFilename = "<input>", spanStart = SourcePos {posLine = 336, posColumn = 1}, spanEnd = SourcePos {posLine = 336, posColumn = 1}}, locValue = TokenDedent 4},Located {locSpan = SourceSpan {spanFilename = "<input>", spanStart = SourcePos {posLine = 336, posColumn = 1}, spanEnd = SourcePos {posLine = 336, posColumn = 4}}, locValue = TokenKeyword KwDef},Located {locSpan = SourceSpan {spanFilename = "<input>", spanStart = SourcePos {posLine = 336, posColumn = 5}, spanEnd = SourcePos {posLine = 336, posColumn = 16}}, locValue = TokenIdent "function_84"},Located {locSpan = SourceSpan {spanFilename = "<input>", spanStart = SourcePos {posLine = 336, posColumn = 16}, spanEnd = SourcePos {posLine = 336, posColumn = 17}}, locValue = TokenDelimiter DelimLeftParen},Located {locSpan = SourceSpan {spanFilename = "<input>", spanStart = SourcePos {posLine = 336, posColumn = 17}, spanEnd = SourcePos {posLine = 336, posColumn = 18}}, locValue = TokenIdent "x"},Located {locSpan = SourceSpan {spanFilename = "<input>", spanStart = SourcePos {posLine = 336, posColumn = 18}, spanEnd = SourcePos {posLine = 336, posColumn = 19}}, locValue = TokenDelimiter DelimRightParen},Located {locSpan = SourceSpan {spanFilename = "<input>", spanStart = SourcePos {posLine = 336, posColumn = 19}, spanEnd = SourcePos {posLine = 336, posColumn = 20}}, locValue = TokenDelimiter DelimColon},Located {locSpan = SourceSpan {spanFilename = "<input>", spanStart = SourcePos {posLine = 336, posColumn = 1}, spanEnd = SourcePos {posLine = 337, posColumn = 1}}, locValue = TokenNewline},Located {locSpan = SourceSpan {spanFilename = "<input>", spanStart = SourcePos {posLine = 337, posColumn = 1}, spanEnd = SourcePos {posLine = 337, posColumn = 5}}, locValue = TokenIndent 4},Located {locSpan = SourceSpan {spanFilename = "<input>", spanStart = SourcePos {posLine = 337, posColumn = 5}, spanEnd = SourcePos {posLine = 337, posColumn = 33}}, locValue = TokenComment "# Function 84 implementation"},Located {locSpan = SourceSpan {spanFilename = "<input>", spanStart = SourcePos {posLine = 337, posColumn = 1}, spanEnd = SourcePos {posLine = 338, posColumn = 1}}, locValue = TokenNewline},Located {locSpan = SourceSpan {spanFilename = "<input>", spanStart = SourcePos {posLine = 338, posColumn = 5}, spanEnd = SourcePos {posLine = 338, posColumn = 11}}, locValue = TokenIdent "result"},Located {locSpan = SourceSpan {spanFilename = "<input>", spanStart = SourcePos {posLine = 338, posColumn = 12}, spanEnd = SourcePos {posLine = 338, posColumn = 13}}, locValue = TokenOperator OpAssign},Located {locSpan = SourceSpan {spanFilename = "<input>", spanStart = SourcePos {posLine = 338, posColumn = 14}, spanEnd = SourcePos {posLine = 338, posColumn = 15}}, locValue = TokenIdent "x"},Located {locSpan = SourceSpan {spanFilename = "<input>", spanStart = SourcePos {posLine = 338, posColumn = 16}, spanEnd = SourcePos {posLine = 338, posColumn = 17}}, locValue = TokenOperator OpMult},Located {locSpan = SourceSpan {spanFilename = "<input>", spanStart = SourcePos {posLine = 338, posColumn = 18}, spanEnd = SourcePos {posLine = 338, posColumn = 20}}, locValue = TokenNumber "84" False},Located {locSpan = SourceSpan {spanFilename = "<input>", spanStart = SourcePos {posLine = 338, posColumn = 21}, spanEnd = SourcePos {posLine = 338, posColumn = 22}}, locValue = TokenOperator OpPlus},Located {locSpan = SourceSpan {spanFilename = "<input>", spanStart = SourcePos {posLine = 338, posColumn = 23}, spanEnd = SourcePos {posLine = 338, posColumn = 27}}, locValue = TokenIdent "math"},Located {locSpan = SourceSpan {spanFilename = "<input>", spanStart = SourcePos {posLine = 338, posColumn = 27}, spanEnd = SourcePos {posLine = 338, posColumn = 28}}, locValue = TokenDelimiter DelimDot},Located {locSpan = SourceSpan {spanFilename = "<input>", spanStart = SourcePos {posLine = 338, posColumn = 28}, spanEnd = SourcePos {posLine = 338, posColumn = 32}}, locValue = TokenIdent "sqrt"},Located {locSpan = SourceSpan {spanFilename = "<input>", spanStart = SourcePos {posLine = 338, posColumn = 32}, spanEnd = SourcePos {posLine = 338, posColumn = 33}}, locValue = TokenDelimiter DelimLeftParen},Located {locSpan = SourceSpan {spanFilename = "<input>", spanStart = SourcePos {posLine = 338, posColumn = 33}, spanEnd = SourcePos {posLine = 338, posColumn = 35}}, locValue = TokenNumber "84" False},Located {locSpan = SourceSpan {spanFilename = "<input>", spanStart = SourcePos {posLine = 338, posColumn = 35}, spanEnd = SourcePos {posLine = 338, posColumn = 36}}, locValue = TokenDelimiter DelimRightParen},Located {locSpan = SourceSpan {spanFilename = "<input>", spanStart = SourcePos {posLine = 338, posColumn = 1}, spanEnd = SourcePos {posLine = 339, posColumn = 1}}, locValue = TokenNewline},Located {locSpan = SourceSpan {spanFilename = "<input>", spanStart = SourcePos {posLine = 339, posColumn = 5}, spanEnd = SourcePos {posLine = 339, posColumn = 11}}, locValue = TokenKeyword KwReturn},Located {locSpan = SourceSpan {spanFilename = "<input>", spanStart = SourcePos {posLine = 339, posColumn = 12}, spanEnd = SourcePos {posLine = 339, posColumn = 18}}, locValue = TokenIdent "result"},Located {locSpan = SourceSpan {spanFilename = "<input>", spanStart = SourcePos {posLine = 339, posColumn = 1}, spanEnd = SourcePos {posLine = 340, posColumn = 1}}, locValue = TokenNewline},Located {locSpan = SourceSpan {spanFilename = "<input>", spanStart = SourcePos {posLine = 340, posColumn = 1}, spanEnd = SourcePos {posLine = 340, posColumn = 1}}, locValue = TokenDedent 4},Located {locSpan = SourceSpan {spanFilename = "<input>", spanStart = SourcePos {posLine = 340, posColumn = 1}, spanEnd = SourcePos {posLine = 340, posColumn = 4}}, locValue = TokenKeyword KwDef},Located {locSpan = SourceSpan {spanFilename = "<input>", spanStart = SourcePos {posLine = 340, posColumn = 5}, spanEnd = SourcePos {posLine = 340, posColumn = 16}}, locValue = TokenIdent "function_85"},Located {locSpan = SourceSpan {spanFilename = "<input>", spanStart = SourcePos {posLine = 340, posColumn = 16}, spanEnd = SourcePos {posLine = 340, posColumn = 17}}, locValue = TokenDelimiter DelimLeftParen},Located {locSpan = SourceSpan {spanFilename = "<input>", spanStart = SourcePos {posLine = 340, posColumn = 17}, spanEnd = SourcePos {posLine = 340, posColumn = 18}}, locValue = TokenIdent "x"},Located {locSpan = SourceSpan {spanFilename = "<input>", spanStart = SourcePos {posLine = 340, posColumn = 18}, spanEnd = SourcePos {posLine = 340, posColumn = 19}}, locValue = TokenDelimiter DelimRightParen},Located {locSpan = SourceSpan {spanFilename = "<input>", spanStart = SourcePos {posLine = 340, posColumn = 19}, spanEnd = SourcePos {posLine = 340, posColumn = 20}}, locValue = TokenDelimiter DelimColon},Located {locSpan = SourceSpan {spanFilename = "<input>", spanStart = SourcePos {posLine = 340, posColumn = 1}, spanEnd = SourcePos {posLine = 341, posColumn = 1}}, locValue = TokenNewline},Located {locSpan = SourceSpan {spanFilename = "<input>", spanStart = SourcePos {posLine = 341, posColumn = 1}, spanEnd = SourcePos {posLine = 341, posColumn = 5}}, locValue = TokenIndent 4},Located {locSpan = SourceSpan {spanFilename = "<input>", spanStart = SourcePos {posLine = 341, posColumn = 5}, spanEnd = SourcePos {posLine = 341, posColumn = 33}}, locValue = TokenComment "# Function 85 implementation"},Located {locSpan = SourceSpan {spanFilename = "<input>", spanStart = SourcePos {posLine = 341, posColumn = 1}, spanEnd = SourcePos {posLine = 342, posColumn = 1}}, locValue = TokenNewline},Located {locSpan = SourceSpan {spanFilename = "<input>", spanStart = SourcePos {posLine = 342, posColumn = 5}, spanEnd = SourcePos {posLine = 342, posColumn = 11}}, locValue = TokenIdent "result"},Located {locSpan = SourceSpan {spanFilename = "<input>", spanStart = SourcePos {posLine = 342, posColumn = 12}, spanEnd = SourcePos {posLine = 342, posColumn = 13}}, locValue = TokenOperator OpAssign},Located {locSpan = SourceSpan {spanFilename = "<input>", spanStart = SourcePos {posLine = 342, posColumn = 14}, spanEnd = SourcePos {posLine = 342, posColumn = 15}}, locValue = TokenIdent "x"},Located {locSpan = SourceSpan {spanFilename = "<input>", spanStart = SourcePos {posLine = 342, posColumn = 16}, spanEnd = SourcePos {posLine = 342, posColumn = 17}}, locValue = TokenOperator OpMult},Located {locSpan = SourceSpan {spanFilename = "<input>", spanStart = SourcePos {posLine = 342, posColumn = 18}, spanEnd = SourcePos {posLine = 342, posColumn = 20}}, locValue = TokenNumber "85" False},Located {locSpan = SourceSpan {spanFilename = "<input>", spanStart = SourcePos {posLine = 342, posColumn = 21}, spanEnd = SourcePos {posLine = 342, posColumn = 22}}, locValue = TokenOperator OpPlus},Located {locSpan = SourceSpan {spanFilename = "<input>", spanStart = SourcePos {posLine = 342, posColumn = 23}, spanEnd = SourcePos {posLine = 342, posColumn = 27}}, locValue = TokenIdent "math"},Located {locSpan = SourceSpan {spanFilename = "<input>", spanStart = SourcePos {posLine = 342, posColumn = 27}, spanEnd = SourcePos {posLine = 342, posColumn = 28}}, locValue = TokenDelimiter DelimDot},Located {locSpan = SourceSpan {spanFilename = "<input>", spanStart = SourcePos {posLine = 342, posColumn = 28}, spanEnd = SourcePos {posLine = 342, posColumn = 32}}, locValue = TokenIdent "sqrt"},Located {locSpan = SourceSpan {spanFilename = "<input>", spanStart = SourcePos {posLine = 342, posColumn = 32}, spanEnd = SourcePos {posLine = 342, posColumn = 33}}, locValue = TokenDelimiter DelimLeftParen},Located {locSpan = SourceSpan {spanFilename = "<input>", spanStart = SourcePos {posLine = 342, posColumn = 33}, spanEnd = SourcePos {posLine = 342, posColumn = 35}}, locValue = TokenNumber "85" False},Located {locSpan = SourceSpan {spanFilename = "<input>", spanStart = SourcePos {posLine = 342, posColumn = 35}, spanEnd = SourcePos {posLine = 342, posColumn = 36}}, locValue = TokenDelimiter DelimRightParen},Located {locSpan = SourceSpan {spanFilename = "<input>", spanStart = SourcePos {posLine = 342, posColumn = 1}, spanEnd = SourcePos {posLine = 343, posColumn = 1}}, locValue = TokenNewline},Located {locSpan = SourceSpan {spanFilename = "<input>", spanStart = SourcePos {posLine = 343, posColumn = 5}, spanEnd = SourcePos {posLine = 343, posColumn = 11}}, locValue = TokenKeyword KwReturn},Located {locSpan = SourceSpan {spanFilename = "<input>", spanStart = SourcePos {posLine = 343, posColumn = 12}, spanEnd = SourcePos {posLine = 343, posColumn = 18}}, locValue = TokenIdent "result"},Located {locSpan = SourceSpan {spanFilename = "<input>", spanStart = SourcePos {posLine = 343, posColumn = 1}, spanEnd = SourcePos {posLine = 344, posColumn = 1}}, locValue = TokenNewline},Located {locSpan = SourceSpan {spanFilename = "<input>", spanStart = SourcePos {posLine = 344, posColumn = 1}, spanEnd = SourcePos {posLine = 344, posColumn = 1}}, locValue = TokenDedent 4},Located {locSpan = SourceSpan {spanFilename = "<input>", spanStart = SourcePos {posLine = 344, posColumn = 1}, spanEnd = SourcePos {posLine = 344, posColumn = 4}}, locValue = TokenKeyword KwDef},Located {locSpan = SourceSpan {spanFilename = "<input>", spanStart = SourcePos {posLine = 344, posColumn = 5}, spanEnd = SourcePos {posLine = 344, posColumn = 16}}, locValue = TokenIdent "function_86"},Located {locSpan = SourceSpan {spanFilename = "<input>", spanStart = SourcePos {posLine = 344, posColumn = 16}, spanEnd = SourcePos {posLine = 344, posColumn = 17}}, locValue = TokenDelimiter DelimLeftParen},Located {locSpan = SourceSpan {spanFilename = "<input>", spanStart = SourcePos {posLine = 344, posColumn = 17}, spanEnd = SourcePos {posLine = 344, posColumn = 18}}, locValue = TokenIdent "x"},Located {locSpan = SourceSpan {spanFilename = "<input>", spanStart = SourcePos {posLine = 344, posColumn = 18}, spanEnd = SourcePos {posLine = 344, posColumn = 19}}, locValue = TokenDelimiter DelimRightParen},Located {locSpan = SourceSpan {spanFilename = "<input>", spanStart = SourcePos {posLine = 344, posColumn = 19}, spanEnd = SourcePos {posLine = 344, posColumn = 20}}, locValue = TokenDelimiter DelimColon},Located {locSpan = SourceSpan {spanFilename = "<input>", spanStart = SourcePos {posLine = 344, posColumn = 1}, spanEnd = SourcePos {posLine = 345, posColumn = 1}}, locValue = TokenNewline},Located {locSpan = SourceSpan {spanFilename = "<input>", spanStart = SourcePos {posLine = 345, posColumn = 1}, spanEnd = SourcePos {posLine = 345, posColumn = 5}}, locValue = TokenIndent 4},Located {locSpan = SourceSpan {spanFilename = "<input>", spanStart = SourcePos {posLine = 345, posColumn = 5}, spanEnd = SourcePos {posLine = 345, posColumn = 33}}, locValue = TokenComment "# Function 86 implementation"},Located {locSpan = SourceSpan {spanFilename = "<input>", spanStart = SourcePos {posLine = 345, posColumn = 1}, spanEnd = SourcePos {posLine = 346, posColumn = 1}}, locValue = TokenNewline},Located {locSpan = SourceSpan {spanFilename = "<input>", spanStart = SourcePos {posLine = 346, posColumn = 5}, spanEnd = SourcePos {posLine = 346, posColumn = 11}}, locValue = TokenIdent "result"},Located {locSpan = SourceSpan {spanFilename = "<input>", spanStart = SourcePos {posLine = 346, posColumn = 12}, spanEnd = SourcePos {posLine = 346, posColumn = 13}}, locValue = TokenOperator OpAssign},Located {locSpan = SourceSpan {spanFilename = "<input>", spanStart = SourcePos {posLine = 346, posColumn = 14}, spanEnd = SourcePos {posLine = 346, posColumn = 15}}, locValue = TokenIdent "x"},Located {locSpan = SourceSpan {spanFilename = "<input>", spanStart = SourcePos {posLine = 346, posColumn = 16}, spanEnd = SourcePos {posLine = 346, posColumn = 17}}, locValue = TokenOperator OpMult},Located {locSpan = SourceSpan {spanFilename = "<input>", spanStart = SourcePos {posLine = 346, posColumn = 18}, spanEnd = SourcePos {posLine = 346, posColumn = 20}}, locValue = TokenNumber "86" False},Located {locSpan = SourceSpan {spanFilename = "<input>", spanStart = SourcePos {posLine = 346, posColumn = 21}, spanEnd = SourcePos {posLine = 346, posColumn = 22}}, locValue = TokenOperator OpPlus},Located {locSpan = SourceSpan {spanFilename = "<input>", spanStart = SourcePos {posLine = 346, posColumn = 23}, spanEnd = SourcePos {posLine = 346, posColumn = 27}}, locValue = TokenIdent "math"},Located {locSpan = SourceSpan {spanFilename = "<input>", spanStart = SourcePos {posLine = 346, posColumn = 27}, spanEnd = SourcePos {posLine = 346, posColumn = 28}}, locValue = TokenDelimiter DelimDot},Located {locSpan = SourceSpan {spanFilename = "<input>", spanStart = SourcePos {posLine = 346, posColumn = 28}, spanEnd = SourcePos {posLine = 346, posColumn = 32}}, locValue = TokenIdent "sqrt"},Located {locSpan = SourceSpan {spanFilename = "<input>", spanStart = SourcePos {posLine = 346, posColumn = 32}, spanEnd = SourcePos {posLine = 346, posColumn = 33}}, locValue = TokenDelimiter DelimLeftParen},Located {locSpan = SourceSpan {spanFilename = "<input>", spanStart = SourcePos {posLine = 346, posColumn = 33}, spanEnd = SourcePos {posLine = 346, posColumn = 35}}, locValue = TokenNumber "86" False},Located {locSpan = SourceSpan {spanFilename = "<input>", spanStart = SourcePos {posLine = 346, posColumn = 35}, spanEnd = SourcePos {posLine = 346, posColumn = 36}}, locValue = TokenDelimiter DelimRightParen},Located {locSpan = SourceSpan {spanFilename = "<input>", spanStart = SourcePos {posLine = 346, posColumn = 1}, spanEnd = SourcePos {posLine = 347, posColumn = 1}}, locValue = TokenNewline},Located {locSpan = SourceSpan {spanFilename = "<input>", spanStart = SourcePos {posLine = 347, posColumn = 5}, spanEnd = SourcePos {posLine = 347, posColumn = 11}}, locValue = TokenKeyword KwReturn},Located {locSpan = SourceSpan {spanFilename = "<input>", spanStart = SourcePos {posLine = 347, posColumn = 12}, spanEnd = SourcePos {posLine = 347, posColumn = 18}}, locValue = TokenIdent "result"},Located {locSpan = SourceSpan {spanFilename = "<input>", spanStart = SourcePos {posLine = 347, posColumn = 1}, spanEnd = SourcePos {posLine = 348, posColumn = 1}}, locValue = TokenNewline},Located {locSpan = SourceSpan {spanFilename = "<input>", spanStart = SourcePos {posLine = 348, posColumn = 1}, spanEnd = SourcePos {posLine = 348, posColumn = 1}}, locValue = TokenDedent 4},Located {locSpan = SourceSpan {spanFilename = "<input>", spanStart = SourcePos {posLine = 348, posColumn = 1}, spanEnd = SourcePos {posLine = 348, posColumn = 4}}, locValue = TokenKeyword KwDef},Located {locSpan = SourceSpan {spanFilename = "<input>", spanStart = SourcePos {posLine = 348, posColumn = 5}, spanEnd = SourcePos {posLine = 348, posColumn = 16}}, locValue = TokenIdent "function_87"},Located {locSpan = SourceSpan {spanFilename = "<input>", spanStart = SourcePos {posLine = 348, posColumn = 16}, spanEnd = SourcePos {posLine = 348, posColumn = 17}}, locValue = TokenDelimiter DelimLeftParen},Located {locSpan = SourceSpan {spanFilename = "<input>", spanStart = SourcePos {posLine = 348, posColumn = 17}, spanEnd = SourcePos {posLine = 348, posColumn = 18}}, locValue = TokenIdent "x"},Located {locSpan = SourceSpan {spanFilename = "<input>", spanStart = SourcePos {posLine = 348, posColumn = 18}, spanEnd = SourcePos {posLine = 348, posColumn = 19}}, locValue = TokenDelimiter DelimRightParen},Located {locSpan = SourceSpan {spanFilename = "<input>", spanStart = SourcePos {posLine = 348, posColumn = 19}, spanEnd = SourcePos {posLine = 348, posColumn = 20}}, locValue = TokenDelimiter DelimColon},Located {locSpan = SourceSpan {spanFilename = "<input>", spanStart = SourcePos {posLine = 348, posColumn = 1}, spanEnd = SourcePos {posLine = 349, posColumn = 1}}, locValue = TokenNewline},Located {locSpan = SourceSpan {spanFilename = "<input>", spanStart = SourcePos {posLine = 349, posColumn = 1}, spanEnd = SourcePos {posLine = 349, posColumn = 5}}, locValue = TokenIndent 4},Located {locSpan = SourceSpan {spanFilename = "<input>", spanStart = SourcePos {posLine = 349, posColumn = 5}, spanEnd = SourcePos {posLine = 349, posColumn = 33}}, locValue = TokenComment "# Function 87 implementation"},Located {locSpan = SourceSpan {spanFilename = "<input>", spanStart = SourcePos {posLine = 349, posColumn = 1}, spanEnd = SourcePos {posLine = 350, posColumn = 1}}, locValue = TokenNewline},Located {locSpan = SourceSpan {spanFilename = "<input>", spanStart = SourcePos {posLine = 350, posColumn = 5}, spanEnd = SourcePos {posLine = 350, posColumn = 11}}, locValue = TokenIdent "result"},Located {locSpan = SourceSpan {spanFilename = "<input>", spanStart = SourcePos {posLine = 350, posColumn = 12}, spanEnd = SourcePos {posLine = 350, posColumn = 13}}, locValue = TokenOperator OpAssign},Located {locSpan = SourceSpan {spanFilename = "<input>", spanStart = SourcePos {posLine = 350, posColumn = 14}, spanEnd = SourcePos {posLine = 350, posColumn = 15}}, locValue = TokenIdent "x"},Located {locSpan = SourceSpan {spanFilename = "<input>", spanStart = SourcePos {posLine = 350, posColumn = 16}, spanEnd = SourcePos {posLine = 350, posColumn = 17}}, locValue = TokenOperator OpMult},Located {locSpan = SourceSpan {spanFilename = "<input>", spanStart = SourcePos {posLine = 350, posColumn = 18}, spanEnd = SourcePos {posLine = 350, posColumn = 20}}, locValue = TokenNumber "87" False},Located {locSpan = SourceSpan {spanFilename = "<input>", spanStart = SourcePos {posLine = 350, posColumn = 21}, spanEnd = SourcePos {posLine = 350, posColumn = 22}}, locValue = TokenOperator OpPlus},Located {locSpan = SourceSpan {spanFilename = "<input>", spanStart = SourcePos {posLine = 350, posColumn = 23}, spanEnd = SourcePos {posLine = 350, posColumn = 27}}, locValue = TokenIdent "math"},Located {locSpan = SourceSpan {spanFilename = "<input>", spanStart = SourcePos {posLine = 350, posColumn = 27}, spanEnd = SourcePos {posLine = 350, posColumn = 28}}, locValue = TokenDelimiter DelimDot},Located {locSpan = SourceSpan {spanFilename = "<input>", spanStart = SourcePos {posLine = 350, posColumn = 28}, spanEnd = SourcePos {posLine = 350, posColumn = 32}}, locValue = TokenIdent "sqrt"},Located {locSpan = SourceSpan {spanFilename = "<input>", spanStart = SourcePos {posLine = 350, posColumn = 32}, spanEnd = SourcePos {posLine = 350, posColumn = 33}}, locValue = TokenDelimiter DelimLeftParen},Located {locSpan = SourceSpan {spanFilename = "<input>", spanStart = SourcePos {posLine = 350, posColumn = 33}, spanEnd = SourcePos {posLine = 350, posColumn = 35}}, locValue = TokenNumber "87" False},Located {locSpan = SourceSpan {spanFilename = "<input>", spanStart = SourcePos {posLine = 350, posColumn = 35}, spanEnd = SourcePos {posLine = 350, posColumn = 36}}, locValue = TokenDelimiter DelimRightParen},Located {locSpan = SourceSpan {spanFilename = "<input>", spanStart = SourcePos {posLine = 350, posColumn = 1}, spanEnd = SourcePos {posLine = 351, posColumn = 1}}, locValue = TokenNewline},Located {locSpan = SourceSpan {spanFilename = "<input>", spanStart = SourcePos {posLine = 351, posColumn = 5}, spanEnd = SourcePos {posLine = 351, posColumn = 11}}, locValue = TokenKeyword KwReturn},Located {locSpan = SourceSpan {spanFilename = "<input>", spanStart = SourcePos {posLine = 351, posColumn = 12}, spanEnd = SourcePos {posLine = 351, posColumn = 18}}, locValue = TokenIdent "result"},Located {locSpan = SourceSpan {spanFilename = "<input>", spanStart = SourcePos {posLine = 351, posColumn = 1}, spanEnd = SourcePos {posLine = 352, posColumn = 1}}, locValue = TokenNewline},Located {locSpan = SourceSpan {spanFilename = "<input>", spanStart = SourcePos {posLine = 352, posColumn = 1}, spanEnd = SourcePos {posLine = 352, posColumn = 1}}, locValue = TokenDedent 4},Located {locSpan = SourceSpan {spanFilename = "<input>", spanStart = SourcePos {posLine = 352, posColumn = 1}, spanEnd = SourcePos {posLine = 352, posColumn = 4}}, locValue = TokenKeyword KwDef},Located {locSpan = SourceSpan {spanFilename = "<input>", spanStart = SourcePos {posLine = 352, posColumn = 5}, spanEnd = SourcePos {posLine = 352, posColumn = 16}}, locValue = TokenIdent "function_88"},Located {locSpan = SourceSpan {spanFilename = "<input>", spanStart = SourcePos {posLine = 352, posColumn = 16}, spanEnd = SourcePos {posLine = 352, posColumn = 17}}, locValue = TokenDelimiter DelimLeftParen},Located {locSpan = SourceSpan {spanFilename = "<input>", spanStart = SourcePos {posLine = 352, posColumn = 17}, spanEnd = SourcePos {posLine = 352, posColumn = 18}}, locValue = TokenIdent "x"},Located {locSpan = SourceSpan {spanFilename = "<input>", spanStart = SourcePos {posLine = 352, posColumn = 18}, spanEnd = SourcePos {posLine = 352, posColumn = 19}}, locValue = TokenDelimiter DelimRightParen},Located {locSpan = SourceSpan {spanFilename = "<input>", spanStart = SourcePos {posLine = 352, posColumn = 19}, spanEnd = SourcePos {posLine = 352, posColumn = 20}}, locValue = TokenDelimiter DelimColon},Located {locSpan = SourceSpan {spanFilename = "<input>", spanStart = SourcePos {posLine = 352, posColumn = 1}, spanEnd = SourcePos {posLine = 353, posColumn = 1}}, locValue = TokenNewline},Located {locSpan = SourceSpan {spanFilename = "<input>", spanStart = SourcePos {posLine = 353, posColumn = 1}, spanEnd = SourcePos {posLine = 353, posColumn = 5}}, locValue = TokenIndent 4},Located {locSpan = SourceSpan {spanFilename = "<input>", spanStart = SourcePos {posLine = 353, posColumn = 5}, spanEnd = SourcePos {posLine = 353, posColumn = 33}}, locValue = TokenComment "# Function 88 implementation"},Located {locSpan = SourceSpan {spanFilename = "<input>", spanStart = SourcePos {posLine = 353, posColumn = 1}, spanEnd = SourcePos {posLine = 354, posColumn = 1}}, locValue = TokenNewline},Located {locSpan = SourceSpan {spanFilename = "<input>", spanStart = SourcePos {posLine = 354, posColumn = 5}, spanEnd = SourcePos {posLine = 354, posColumn = 11}}, locValue = TokenIdent "result"},Located {locSpan = SourceSpan {spanFilename = "<input>", spanStart = SourcePos {posLine = 354, posColumn = 12}, spanEnd = SourcePos {posLine = 354, posColumn = 13}}, locValue = TokenOperator OpAssign},Located {locSpan = SourceSpan {spanFilename = "<input>", spanStart = SourcePos {posLine = 354, posColumn = 14}, spanEnd = SourcePos {posLine = 354, posColumn = 15}}, locValue = TokenIdent "x"},Located {locSpan = SourceSpan {spanFilename = "<input>", spanStart = SourcePos {posLine = 354, posColumn = 16}, spanEnd = SourcePos {posLine = 354, posColumn = 17}}, locValue = TokenOperator OpMult},Located {locSpan = SourceSpan {spanFilename = "<input>", spanStart = SourcePos {posLine = 354, posColumn = 18}, spanEnd = SourcePos {posLine = 354, posColumn = 20}}, locValue = TokenNumber "88" False},Located {locSpan = SourceSpan {spanFilename = "<input>", spanStart = SourcePos {posLine = 354, posColumn = 21}, spanEnd = SourcePos {posLine = 354, posColumn = 22}}, locValue = TokenOperator OpPlus},Located {locSpan = SourceSpan {spanFilename = "<input>", spanStart = SourcePos {posLine = 354, posColumn = 23}, spanEnd = SourcePos {posLine = 354, posColumn = 27}}, locValue = TokenIdent "math"},Located {locSpan = SourceSpan {spanFilename = "<input>", spanStart = SourcePos {posLine = 354, posColumn = 27}, spanEnd = SourcePos {posLine = 354, posColumn = 28}}, locValue = TokenDelimiter DelimDot},Located {locSpan = SourceSpan {spanFilename = "<input>", spanStart = SourcePos {posLine = 354, posColumn = 28}, spanEnd = SourcePos {posLine = 354, posColumn = 32}}, locValue = TokenIdent "sqrt"},Located {locSpan = SourceSpan {spanFilename = "<input>", spanStart = SourcePos {posLine = 354, posColumn = 32}, spanEnd = SourcePos {posLine = 354, posColumn = 33}}, locValue = TokenDelimiter DelimLeftParen},Located {locSpan = SourceSpan {spanFilename = "<input>", spanStart = SourcePos {posLine = 354, posColumn = 33}, spanEnd = SourcePos {posLine = 354, posColumn = 35}}, locValue = TokenNumber "88" False},Located {locSpan = SourceSpan {spanFilename = "<input>", spanStart = SourcePos {posLine = 354, posColumn = 35}, spanEnd = SourcePos {posLine = 354, posColumn = 36}}, locValue = TokenDelimiter DelimRightParen},Located {locSpan = SourceSpan {spanFilename = "<input>", spanStart = SourcePos {posLine = 354, posColumn = 1}, spanEnd = SourcePos {posLine = 355, posColumn = 1}}, locValue = TokenNewline},Located {locSpan = SourceSpan {spanFilename = "<input>", spanStart = SourcePos {posLine = 355, posColumn = 5}, spanEnd = SourcePos {posLine = 355, posColumn = 11}}, locValue = TokenKeyword KwReturn},Located {locSpan = SourceSpan {spanFilename = "<input>", spanStart = SourcePos {posLine = 355, posColumn = 12}, spanEnd = SourcePos {posLine = 355, posColumn = 18}}, locValue = TokenIdent "result"},Located {locSpan = SourceSpan {spanFilename = "<input>", spanStart = SourcePos {posLine = 355, posColumn = 1}, spanEnd = SourcePos {posLine = 356, posColumn = 1}}, locValue = TokenNewline},Located {locSpan = SourceSpan {spanFilename = "<input>", spanStart = SourcePos {posLine = 356, posColumn = 1}, spanEnd = SourcePos {posLine = 356, posColumn = 1}}, locValue = TokenDedent 4},Located {locSpan = SourceSpan {spanFilename = "<input>", spanStart = SourcePos {posLine = 356, posColumn = 1}, spanEnd = SourcePos {posLine = 356, posColumn = 4}}, locValue = TokenKeyword KwDef},Located {locSpan = SourceSpan {spanFilename = "<input>", spanStart = SourcePos {posLine = 356, posColumn = 5}, spanEnd = SourcePos {posLine = 356, posColumn = 16}}, locValue = TokenIdent "function_89"},Located {locSpan = SourceSpan {spanFilename = "<input>", spanStart = SourcePos {posLine = 356, posColumn = 16}, spanEnd = SourcePos {posLine = 356, posColumn = 17}}, locValue = TokenDelimiter DelimLeftParen},Located {locSpan = SourceSpan {spanFilename = "<input>", spanStart = SourcePos {posLine = 356, posColumn = 17}, spanEnd = SourcePos {posLine = 356, posColumn = 18}}, locValue = TokenIdent "x"},Located {locSpan = SourceSpan {spanFilename = "<input>", spanStart = SourcePos {posLine = 356, posColumn = 18}, spanEnd = SourcePos {posLine = 356, posColumn = 19}}, locValue = TokenDelimiter DelimRightParen},Located {locSpan = SourceSpan {spanFilename = "<input>", spanStart = SourcePos {posLine = 356, posColumn = 19}, spanEnd = SourcePos {posLine = 356, posColumn = 20}}, locValue = TokenDelimiter DelimColon},Located {locSpan = SourceSpan {spanFilename = "<input>", spanStart = SourcePos {posLine = 356, posColumn = 1}, spanEnd = SourcePos {posLine = 357, posColumn = 1}}, locValue = TokenNewline},Located {locSpan = SourceSpan {spanFilename = "<input>", spanStart = SourcePos {posLine = 357, posColumn = 1}, spanEnd = SourcePos {posLine = 357, posColumn = 5}}, locValue = TokenIndent 4},Located {locSpan = SourceSpan {spanFilename = "<input>", spanStart = SourcePos {posLine = 357, posColumn = 5}, spanEnd = SourcePos {posLine = 357, posColumn = 33}}, locValue = TokenComment "# Function 89 implementation"},Located {locSpan = SourceSpan {spanFilename = "<input>", spanStart = SourcePos {posLine = 357, posColumn = 1}, spanEnd = SourcePos {posLine = 358, posColumn = 1}}, locValue = TokenNewline},Located {locSpan = SourceSpan {spanFilename = "<input>", spanStart = SourcePos {posLine = 358, posColumn = 5}, spanEnd = SourcePos {posLine = 358, posColumn = 11}}, locValue = TokenIdent "result"},Located {locSpan = SourceSpan {spanFilename = "<input>", spanStart = SourcePos {posLine = 358, posColumn = 12}, spanEnd = SourcePos {posLine = 358, posColumn = 13}}, locValue = TokenOperator OpAssign},Located {locSpan = SourceSpan {spanFilename = "<input>", spanStart = SourcePos {posLine = 358, posColumn = 14}, spanEnd = SourcePos {posLine = 358, posColumn = 15}}, locValue = TokenIdent "x"},Located {locSpan = SourceSpan {spanFilename = "<input>", spanStart = SourcePos {posLine = 358, posColumn = 16}, spanEnd = SourcePos {posLine = 358, posColumn = 17}}, locValue = TokenOperator OpMult},Located {locSpan = SourceSpan {spanFilename = "<input>", spanStart = SourcePos {posLine = 358, posColumn = 18}, spanEnd = SourcePos {posLine = 358, posColumn = 20}}, locValue = TokenNumber "89" False},Located {locSpan = SourceSpan {spanFilename = "<input>", spanStart = SourcePos {posLine = 358, posColumn = 21}, spanEnd = SourcePos {posLine = 358, posColumn = 22}}, locValue = TokenOperator OpPlus},Located {locSpan = SourceSpan {spanFilename = "<input>", spanStart = SourcePos {posLine = 358, posColumn = 23}, spanEnd = SourcePos {posLine = 358, posColumn = 27}}, locValue = TokenIdent "math"},Located {locSpan = SourceSpan {spanFilename = "<input>", spanStart = SourcePos {posLine = 358, posColumn = 27}, spanEnd = SourcePos {posLine = 358, posColumn = 28}}, locValue = TokenDelimiter DelimDot},Located {locSpan = SourceSpan {spanFilename = "<input>", spanStart = SourcePos {posLine = 358, posColumn = 28}, spanEnd = SourcePos {posLine = 358, posColumn = 32}}, locValue = TokenIdent "sqrt"},Located {locSpan = SourceSpan {spanFilename = "<input>", spanStart = SourcePos {posLine = 358, posColumn = 32}, spanEnd = SourcePos {posLine = 358, posColumn = 33}}, locValue = TokenDelimiter DelimLeftParen},Located {locSpan = SourceSpan {spanFilename = "<input>", spanStart = SourcePos {posLine = 358, posColumn = 33}, spanEnd = SourcePos {posLine = 358, posColumn = 35}}, locValue = TokenNumber "89" False},Located {locSpan = SourceSpan {spanFilename = "<input>", spanStart = SourcePos {posLine = 358, posColumn = 35}, spanEnd = SourcePos {posLine = 358, posColumn = 36}}, locValue = TokenDelimiter DelimRightParen},Located {locSpan = SourceSpan {spanFilename = "<input>", spanStart = SourcePos {posLine = 358, posColumn = 1}, spanEnd = SourcePos {posLine = 359, posColumn = 1}}, locValue = TokenNewline},Located {locSpan = SourceSpan {spanFilename = "<input>", spanStart = SourcePos {posLine = 359, posColumn = 5}, spanEnd = SourcePos {posLine = 359, posColumn = 11}}, locValue = TokenKeyword KwReturn},Located {locSpan = SourceSpan {spanFilename = "<input>", spanStart = SourcePos {posLine = 359, posColumn = 12}, spanEnd = SourcePos {posLine = 359, posColumn = 18}}, locValue = TokenIdent "result"},Located {locSpan = SourceSpan {spanFilename = "<input>", spanStart = SourcePos {posLine = 359, posColumn = 1}, spanEnd = SourcePos {posLine = 360, posColumn = 1}}, locValue = TokenNewline},Located {locSpan = SourceSpan {spanFilename = "<input>", spanStart = SourcePos {posLine = 360, posColumn = 1}, spanEnd = SourcePos {posLine = 360, posColumn = 1}}, locValue = TokenDedent 4},Located {locSpan = SourceSpan {spanFilename = "<input>", spanStart = SourcePos {posLine = 360, posColumn = 1}, spanEnd = SourcePos {posLine = 360, posColumn = 4}}, locValue = TokenKeyword KwDef},Located {locSpan = SourceSpan {spanFilename = "<input>", spanStart = SourcePos {posLine = 360, posColumn = 5}, spanEnd = SourcePos {posLine = 360, posColumn = 16}}, locValue = TokenIdent "function_90"},Located {locSpan = SourceSpan {spanFilename = "<input>", spanStart = SourcePos {posLine = 360, posColumn = 16}, spanEnd = SourcePos {posLine = 360, posColumn = 17}}, locValue = TokenDelimiter DelimLeftParen},Located {locSpan = SourceSpan {spanFilename = "<input>", spanStart = SourcePos {posLine = 360, posColumn = 17}, spanEnd = SourcePos {posLine = 360, posColumn = 18}}, locValue = TokenIdent "x"},Located {locSpan = SourceSpan {spanFilename = "<input>", spanStart = SourcePos {posLine = 360, posColumn = 18}, spanEnd = SourcePos {posLine = 360, posColumn = 19}}, locValue = TokenDelimiter DelimRightParen},Located {locSpan = SourceSpan {spanFilename = "<input>", spanStart = SourcePos {posLine = 360, posColumn = 19}, spanEnd = SourcePos {posLine = 360, posColumn = 20}}, locValue = TokenDelimiter DelimColon},Located {locSpan = SourceSpan {spanFilename = "<input>", spanStart = SourcePos {posLine = 360, posColumn = 1}, spanEnd = SourcePos {posLine = 361, posColumn = 1}}, locValue = TokenNewline},Located {locSpan = SourceSpan {spanFilename = "<input>", spanStart = SourcePos {posLine = 361, posColumn = 1}, spanEnd = SourcePos {posLine = 361, posColumn = 5}}, locValue = TokenIndent 4},Located {locSpan = SourceSpan {spanFilename = "<input>", spanStart = SourcePos {posLine = 361, posColumn = 5}, spanEnd = SourcePos {posLine = 361, posColumn = 33}}, locValue = TokenComment "# Function 90 implementation"},Located {locSpan = SourceSpan {spanFilename = "<input>", spanStart = SourcePos {posLine = 361, posColumn = 1}, spanEnd = SourcePos {posLine = 362, posColumn = 1}}, locValue = TokenNewline},Located {locSpan = SourceSpan {spanFilename = "<input>", spanStart = SourcePos {posLine = 362, posColumn = 5}, spanEnd = SourcePos {posLine = 362, posColumn = 11}}, locValue = TokenIdent "result"},Located {locSpan = SourceSpan {spanFilename = "<input>", spanStart = SourcePos {posLine = 362, posColumn = 12}, spanEnd = SourcePos {posLine = 362, posColumn = 13}}, locValue = TokenOperator OpAssign},Located {locSpan = SourceSpan {spanFilename = "<input>", spanStart = SourcePos {posLine = 362, posColumn = 14}, spanEnd = SourcePos {posLine = 362, posColumn = 15}}, locValue = TokenIdent "x"},Located {locSpan = SourceSpan {spanFilename = "<input>", spanStart = SourcePos {posLine = 362, posColumn = 16}, spanEnd = SourcePos {posLine = 362, posColumn = 17}}, locValue = TokenOperator OpMult},Located {locSpan = SourceSpan {spanFilename = "<input>", spanStart = SourcePos {posLine = 362, posColumn = 18}, spanEnd = SourcePos {posLine = 362, posColumn = 20}}, locValue = TokenNumber "90" False},Located {locSpan = SourceSpan {spanFilename = "<input>", spanStart = SourcePos {posLine = 362, posColumn = 21}, spanEnd = SourcePos {posLine = 362, posColumn = 22}}, locValue = TokenOperator OpPlus},Located {locSpan = SourceSpan {spanFilename = "<input>", spanStart = SourcePos {posLine = 362, posColumn = 23}, spanEnd = SourcePos {posLine = 362, posColumn = 27}}, locValue = TokenIdent "math"},Located {locSpan = SourceSpan {spanFilename = "<input>", spanStart = SourcePos {posLine = 362, posColumn = 27}, spanEnd = SourcePos {posLine = 362, posColumn = 28}}, locValue = TokenDelimiter DelimDot},Located {locSpan = SourceSpan {spanFilename = "<input>", spanStart = SourcePos {posLine = 362, posColumn = 28}, spanEnd = SourcePos {posLine = 362, posColumn = 32}}, locValue = TokenIdent "sqrt"},Located {locSpan = SourceSpan {spanFilename = "<input>", spanStart = SourcePos {posLine = 362, posColumn = 32}, spanEnd = SourcePos {posLine = 362, posColumn = 33}}, locValue = TokenDelimiter DelimLeftParen},Located {locSpan = SourceSpan {spanFilename = "<input>", spanStart = SourcePos {posLine = 362, posColumn = 33}, spanEnd = SourcePos {posLine = 362, posColumn = 35}}, locValue = TokenNumber "90" False},Located {locSpan = SourceSpan {spanFilename = "<input>", spanStart = SourcePos {posLine = 362, posColumn = 35}, spanEnd = SourcePos {posLine = 362, posColumn = 36}}, locValue = TokenDelimiter DelimRightParen},Located {locSpan = SourceSpan {spanFilename = "<input>", spanStart = SourcePos {posLine = 362, posColumn = 1}, spanEnd = SourcePos {posLine = 363, posColumn = 1}}, locValue = TokenNewline},Located {locSpan = SourceSpan {spanFilename = "<input>", spanStart = SourcePos {posLine = 363, posColumn = 5}, spanEnd = SourcePos {posLine = 363, posColumn = 11}}, locValue = TokenKeyword KwReturn},Located {locSpan = SourceSpan {spanFilename = "<input>", spanStart = SourcePos {posLine = 363, posColumn = 12}, spanEnd = SourcePos {posLine = 363, posColumn = 18}}, locValue = TokenIdent "result"},Located {locSpan = SourceSpan {spanFilename = "<input>", spanStart = SourcePos {posLine = 363, posColumn = 1}, spanEnd = SourcePos {posLine = 364, posColumn = 1}}, locValue = TokenNewline},Located {locSpan = SourceSpan {spanFilename = "<input>", spanStart = SourcePos {posLine = 364, posColumn = 1}, spanEnd = SourcePos {posLine = 364, posColumn = 1}}, locValue = TokenDedent 4},Located {locSpan = SourceSpan {spanFilename = "<input>", spanStart = SourcePos {posLine = 364, posColumn = 1}, spanEnd = SourcePos {posLine = 364, posColumn = 4}}, locValue = TokenKeyword KwDef},Located {locSpan = SourceSpan {spanFilename = "<input>", spanStart = SourcePos {posLine = 364, posColumn = 5}, spanEnd = SourcePos {posLine = 364, posColumn = 16}}, locValue = TokenIdent "function_91"},Located {locSpan = SourceSpan {spanFilename = "<input>", spanStart = SourcePos {posLine = 364, posColumn = 16}, spanEnd = SourcePos {posLine = 364, posColumn = 17}}, locValue = TokenDelimiter DelimLeftParen},Located {locSpan = SourceSpan {spanFilename = "<input>", spanStart = SourcePos {posLine = 364, posColumn = 17}, spanEnd = SourcePos {posLine = 364, posColumn = 18}}, locValue = TokenIdent "x"},Located {locSpan = SourceSpan {spanFilename = "<input>", spanStart = SourcePos {posLine = 364, posColumn = 18}, spanEnd = SourcePos {posLine = 364, posColumn = 19}}, locValue = TokenDelimiter DelimRightParen},Located {locSpan = SourceSpan {spanFilename = "<input>", spanStart = SourcePos {posLine = 364, posColumn = 19}, spanEnd = SourcePos {posLine = 364, posColumn = 20}}, locValue = TokenDelimiter DelimColon},Located {locSpan = SourceSpan {spanFilename = "<input>", spanStart = SourcePos {posLine = 364, posColumn = 1}, spanEnd = SourcePos {posLine = 365, posColumn = 1}}, locValue = TokenNewline},Located {locSpan = SourceSpan {spanFilename = "<input>", spanStart = SourcePos {posLine = 365, posColumn = 1}, spanEnd = SourcePos {posLine = 365, posColumn = 5}}, locValue = TokenIndent 4},Located {locSpan = SourceSpan {spanFilename = "<input>", spanStart = SourcePos {posLine = 365, posColumn = 5}, spanEnd = SourcePos {posLine = 365, posColumn = 33}}, locValue = TokenComment "# Function 91 implementation"},Located {locSpan = SourceSpan {spanFilename = "<input>", spanStart = SourcePos {posLine = 365, posColumn = 1}, spanEnd = SourcePos {posLine = 366, posColumn = 1}}, locValue = TokenNewline},Located {locSpan = SourceSpan {spanFilename = "<input>", spanStart = SourcePos {posLine = 366, posColumn = 5}, spanEnd = SourcePos {posLine = 366, posColumn = 11}}, locValue = TokenIdent "result"},Located {locSpan = SourceSpan {spanFilename = "<input>", spanStart = SourcePos {posLine = 366, posColumn = 12}, spanEnd = SourcePos {posLine = 366, posColumn = 13}}, locValue = TokenOperator OpAssign},Located {locSpan = SourceSpan {spanFilename = "<input>", spanStart = SourcePos {posLine = 366, posColumn = 14}, spanEnd = SourcePos {posLine = 366, posColumn = 15}}, locValue = TokenIdent "x"},Located {locSpan = SourceSpan {spanFilename = "<input>", spanStart = SourcePos {posLine = 366, posColumn = 16}, spanEnd = SourcePos {posLine = 366, posColumn = 17}}, locValue = TokenOperator OpMult},Located {locSpan = SourceSpan {spanFilename = "<input>", spanStart = SourcePos {posLine = 366, posColumn = 18}, spanEnd = SourcePos {posLine = 366, posColumn = 20}}, locValue = TokenNumber "91" False},Located {locSpan = SourceSpan {spanFilename = "<input>", spanStart = SourcePos {posLine = 366, posColumn = 21}, spanEnd = SourcePos {posLine = 366, posColumn = 22}}, locValue = TokenOperator OpPlus},Located {locSpan = SourceSpan {spanFilename = "<input>", spanStart = SourcePos {posLine = 366, posColumn = 23}, spanEnd = SourcePos {posLine = 366, posColumn = 27}}, locValue = TokenIdent "math"},Located {locSpan = SourceSpan {spanFilename = "<input>", spanStart = SourcePos {posLine = 366, posColumn = 27}, spanEnd = SourcePos {posLine = 366, posColumn = 28}}, locValue = TokenDelimiter DelimDot},Located {locSpan = SourceSpan {spanFilename = "<input>", spanStart = SourcePos {posLine = 366, posColumn = 28}, spanEnd = SourcePos {posLine = 366, posColumn = 32}}, locValue = TokenIdent "sqrt"},Located {locSpan = SourceSpan {spanFilename = "<input>", spanStart = SourcePos {posLine = 366, posColumn = 32}, spanEnd = SourcePos {posLine = 366, posColumn = 33}}, locValue = TokenDelimiter DelimLeftParen},Located {locSpan = SourceSpan {spanFilename = "<input>", spanStart = SourcePos {posLine = 366, posColumn = 33}, spanEnd = SourcePos {posLine = 366, posColumn = 35}}, locValue = TokenNumber "91" False},Located {locSpan = SourceSpan {spanFilename = "<input>", spanStart = SourcePos {posLine = 366, posColumn = 35}, spanEnd = SourcePos {posLine = 366, posColumn = 36}}, locValue = TokenDelimiter DelimRightParen},Located {locSpan = SourceSpan {spanFilename = "<input>", spanStart = SourcePos {posLine = 366, posColumn = 1}, spanEnd = SourcePos {posLine = 367, posColumn = 1}}, locValue = TokenNewline},Located {locSpan = SourceSpan {spanFilename = "<input>", spanStart = SourcePos {posLine = 367, posColumn = 5}, spanEnd = SourcePos {posLine = 367, posColumn = 11}}, locValue = TokenKeyword KwReturn},Located {locSpan = SourceSpan {spanFilename = "<input>", spanStart = SourcePos {posLine = 367, posColumn = 12}, spanEnd = SourcePos {posLine = 367, posColumn = 18}}, locValue = TokenIdent "result"},Located {locSpan = SourceSpan {spanFilename = "<input>", spanStart = SourcePos {posLine = 367, posColumn = 1}, spanEnd = SourcePos {posLine = 368, posColumn = 1}}, locValue = TokenNewline},Located {locSpan = SourceSpan {spanFilename = "<input>", spanStart = SourcePos {posLine = 368, posColumn = 1}, spanEnd = SourcePos {posLine = 368, posColumn = 1}}, locValue = TokenDedent 4},Located {locSpan = SourceSpan {spanFilename = "<input>", spanStart = SourcePos {posLine = 368, posColumn = 1}, spanEnd = SourcePos {posLine = 368, posColumn = 4}}, locValue = TokenKeyword KwDef},Located {locSpan = SourceSpan {spanFilename = "<input>", spanStart = SourcePos {posLine = 368, posColumn = 5}, spanEnd = SourcePos {posLine = 368, posColumn = 16}}, locValue = TokenIdent "function_92"},Located {locSpan = SourceSpan {spanFilename = "<input>", spanStart = SourcePos {posLine = 368, posColumn = 16}, spanEnd = SourcePos {posLine = 368, posColumn = 17}}, locValue = TokenDelimiter DelimLeftParen},Located {locSpan = SourceSpan {spanFilename = "<input>", spanStart = SourcePos {posLine = 368, posColumn = 17}, spanEnd = SourcePos {posLine = 368, posColumn = 18}}, locValue = TokenIdent "x"},Located {locSpan = SourceSpan {spanFilename = "<input>", spanStart = SourcePos {posLine = 368, posColumn = 18}, spanEnd = SourcePos {posLine = 368, posColumn = 19}}, locValue = TokenDelimiter DelimRightParen},Located {locSpan = SourceSpan {spanFilename = "<input>", spanStart = SourcePos {posLine = 368, posColumn = 19}, spanEnd = SourcePos {posLine = 368, posColumn = 20}}, locValue = TokenDelimiter DelimColon},Located {locSpan = SourceSpan {spanFilename = "<input>", spanStart = SourcePos {posLine = 368, posColumn = 1}, spanEnd = SourcePos {posLine = 369, posColumn = 1}}, locValue = TokenNewline},Located {locSpan = SourceSpan {spanFilename = "<input>", spanStart = SourcePos {posLine = 369, posColumn = 1}, spanEnd = SourcePos {posLine = 369, posColumn = 5}}, locValue = TokenIndent 4},Located {locSpan = SourceSpan {spanFilename = "<input>", spanStart = SourcePos {posLine = 369, posColumn = 5}, spanEnd = SourcePos {posLine = 369, posColumn = 33}}, locValue = TokenComment "# Function 92 implementation"},Located {locSpan = SourceSpan {spanFilename = "<input>", spanStart = SourcePos {posLine = 369, posColumn = 1}, spanEnd = SourcePos {posLine = 370, posColumn = 1}}, locValue = TokenNewline},Located {locSpan = SourceSpan {spanFilename = "<input>", spanStart = SourcePos {posLine = 370, posColumn = 5}, spanEnd = SourcePos {posLine = 370, posColumn = 11}}, locValue = TokenIdent "result"},Located {locSpan = SourceSpan {spanFilename = "<input>", spanStart = SourcePos {posLine = 370, posColumn = 12}, spanEnd = SourcePos {posLine = 370, posColumn = 13}}, locValue = TokenOperator OpAssign},Located {locSpan = SourceSpan {spanFilename = "<input>", spanStart = SourcePos {posLine = 370, posColumn = 14}, spanEnd = SourcePos {posLine = 370, posColumn = 15}}, locValue = TokenIdent "x"},Located {locSpan = SourceSpan {spanFilename = "<input>", spanStart = SourcePos {posLine = 370, posColumn = 16}, spanEnd = SourcePos {posLine = 370, posColumn = 17}}, locValue = TokenOperator OpMult},Located {locSpan = SourceSpan {spanFilename = "<input>", spanStart = SourcePos {posLine = 370, posColumn = 18}, spanEnd = SourcePos {posLine = 370, posColumn = 20}}, locValue = TokenNumber "92" False},Located {locSpan = SourceSpan {spanFilename = "<input>", spanStart = SourcePos {posLine = 370, posColumn = 21}, spanEnd = SourcePos {posLine = 370, posColumn = 22}}, locValue = TokenOperator OpPlus},Located {locSpan = SourceSpan {spanFilename = "<input>", spanStart = SourcePos {posLine = 370, posColumn = 23}, spanEnd = SourcePos {posLine = 370, posColumn = 27}}, locValue = TokenIdent "math"},Located {locSpan = SourceSpan {spanFilename = "<input>", spanStart = SourcePos {posLine = 370, posColumn = 27}, spanEnd = SourcePos {posLine = 370, posColumn = 28}}, locValue = TokenDelimiter DelimDot},Located {locSpan = SourceSpan {spanFilename = "<input>", spanStart = SourcePos {posLine = 370, posColumn = 28}, spanEnd = SourcePos {posLine = 370, posColumn = 32}}, locValue = TokenIdent "sqrt"},Located {locSpan = SourceSpan {spanFilename = "<input>", spanStart = SourcePos {posLine = 370, posColumn = 32}, spanEnd = SourcePos {posLine = 370, posColumn = 33}}, locValue = TokenDelimiter DelimLeftParen},Located {locSpan = SourceSpan {spanFilename = "<input>", spanStart = SourcePos {posLine = 370, posColumn = 33}, spanEnd = SourcePos {posLine = 370, posColumn = 35}}, locValue = TokenNumber "92" False},Located {locSpan = SourceSpan {spanFilename = "<input>", spanStart = SourcePos {posLine = 370, posColumn = 35}, spanEnd = SourcePos {posLine = 370, posColumn = 36}}, locValue = TokenDelimiter DelimRightParen},Located {locSpan = SourceSpan {spanFilename = "<input>", spanStart = SourcePos {posLine = 370, posColumn = 1}, spanEnd = SourcePos {posLine = 371, posColumn = 1}}, locValue = TokenNewline},Located {locSpan = SourceSpan {spanFilename = "<input>", spanStart = SourcePos {posLine = 371, posColumn = 5}, spanEnd = SourcePos {posLine = 371, posColumn = 11}}, locValue = TokenKeyword KwReturn},Located {locSpan = SourceSpan {spanFilename = "<input>", spanStart = SourcePos {posLine = 371, posColumn = 12}, spanEnd = SourcePos {posLine = 371, posColumn = 18}}, locValue = TokenIdent "result"},Located {locSpan = SourceSpan {spanFilename = "<input>", spanStart = SourcePos {posLine = 371, posColumn = 1}, spanEnd = SourcePos {posLine = 372, posColumn = 1}}, locValue = TokenNewline},Located {locSpan = SourceSpan {spanFilename = "<input>", spanStart = SourcePos {posLine = 372, posColumn = 1}, spanEnd = SourcePos {posLine = 372, posColumn = 1}}, locValue = TokenDedent 4},Located {locSpan = SourceSpan {spanFilename = "<input>", spanStart = SourcePos {posLine = 372, posColumn = 1}, spanEnd = SourcePos {posLine = 372, posColumn = 4}}, locValue = TokenKeyword KwDef},Located {locSpan = SourceSpan {spanFilename = "<input>", spanStart = SourcePos {posLine = 372, posColumn = 5}, spanEnd = SourcePos {posLine = 372, posColumn = 16}}, locValue = TokenIdent "function_93"},Located {locSpan = SourceSpan {spanFilename = "<input>", spanStart = SourcePos {posLine = 372, posColumn = 16}, spanEnd = SourcePos {posLine = 372, posColumn = 17}}, locValue = TokenDelimiter DelimLeftParen},Located {locSpan = SourceSpan {spanFilename = "<input>", spanStart = SourcePos {posLine = 372, posColumn = 17}, spanEnd = SourcePos {posLine = 372, posColumn = 18}}, locValue = TokenIdent "x"},Located {locSpan = SourceSpan {spanFilename = "<input>", spanStart = SourcePos {posLine = 372, posColumn = 18}, spanEnd = SourcePos {posLine = 372, posColumn = 19}}, locValue = TokenDelimiter DelimRightParen},Located {locSpan = SourceSpan {spanFilename = "<input>", spanStart = SourcePos {posLine = 372, posColumn = 19}, spanEnd = SourcePos {posLine = 372, posColumn = 20}}, locValue = TokenDelimiter DelimColon},Located {locSpan = SourceSpan {spanFilename = "<input>", spanStart = SourcePos {posLine = 372, posColumn = 1}, spanEnd = SourcePos {posLine = 373, posColumn = 1}}, locValue = TokenNewline},Located {locSpan = SourceSpan {spanFilename = "<input>", spanStart = SourcePos {posLine = 373, posColumn = 1}, spanEnd = SourcePos {posLine = 373, posColumn = 5}}, locValue = TokenIndent 4},Located {locSpan = SourceSpan {spanFilename = "<input>", spanStart = SourcePos {posLine = 373, posColumn = 5}, spanEnd = SourcePos {posLine = 373, posColumn = 33}}, locValue = TokenComment "# Function 93 implementation"},Located {locSpan = SourceSpan {spanFilename = "<input>", spanStart = SourcePos {posLine = 373, posColumn = 1}, spanEnd = SourcePos {posLine = 374, posColumn = 1}}, locValue = TokenNewline},Located {locSpan = SourceSpan {spanFilename = "<input>", spanStart = SourcePos {posLine = 374, posColumn = 5}, spanEnd = SourcePos {posLine = 374, posColumn = 11}}, locValue = TokenIdent "result"},Located {locSpan = SourceSpan {spanFilename = "<input>", spanStart = SourcePos {posLine = 374, posColumn = 12}, spanEnd = SourcePos {posLine = 374, posColumn = 13}}, locValue = TokenOperator OpAssign},Located {locSpan = SourceSpan {spanFilename = "<input>", spanStart = SourcePos {posLine = 374, posColumn = 14}, spanEnd = SourcePos {posLine = 374, posColumn = 15}}, locValue = TokenIdent "x"},Located {locSpan = SourceSpan {spanFilename = "<input>", spanStart = SourcePos {posLine = 374, posColumn = 16}, spanEnd = SourcePos {posLine = 374, posColumn = 17}}, locValue = TokenOperator OpMult},Located {locSpan = SourceSpan {spanFilename = "<input>", spanStart = SourcePos {posLine = 374, posColumn = 18}, spanEnd = SourcePos {posLine = 374, posColumn = 20}}, locValue = TokenNumber "93" False},Located {locSpan = SourceSpan {spanFilename = "<input>", spanStart = SourcePos {posLine = 374, posColumn = 21}, spanEnd = SourcePos {posLine = 374, posColumn = 22}}, locValue = TokenOperator OpPlus},Located {locSpan = SourceSpan {spanFilename = "<input>", spanStart = SourcePos {posLine = 374, posColumn = 23}, spanEnd = SourcePos {posLine = 374, posColumn = 27}}, locValue = TokenIdent "math"},Located {locSpan = SourceSpan {spanFilename = "<input>", spanStart = SourcePos {posLine = 374, posColumn = 27}, spanEnd = SourcePos {posLine = 374, posColumn = 28}}, locValue = TokenDelimiter DelimDot},Located {locSpan = SourceSpan {spanFilename = "<input>", spanStart = SourcePos {posLine = 374, posColumn = 28}, spanEnd = SourcePos {posLine = 374, posColumn = 32}}, locValue = TokenIdent "sqrt"},Located {locSpan = SourceSpan {spanFilename = "<input>", spanStart = SourcePos {posLine = 374, posColumn = 32}, spanEnd = SourcePos {posLine = 374, posColumn = 33}}, locValue = TokenDelimiter DelimLeftParen},Located {locSpan = SourceSpan {spanFilename = "<input>", spanStart = SourcePos {posLine = 374, posColumn = 33}, spanEnd = SourcePos {posLine = 374, posColumn = 35}}, locValue = TokenNumber "93" False},Located {locSpan = SourceSpan {spanFilename = "<input>", spanStart = SourcePos {posLine = 374, posColumn = 35}, spanEnd = SourcePos {posLine = 374, posColumn = 36}}, locValue = TokenDelimiter DelimRightParen},Located {locSpan = SourceSpan {spanFilename = "<input>", spanStart = SourcePos {posLine = 374, posColumn = 1}, spanEnd = SourcePos {posLine = 375, posColumn = 1}}, locValue = TokenNewline},Located {locSpan = SourceSpan {spanFilename = "<input>", spanStart = SourcePos {posLine = 375, posColumn = 5}, spanEnd = SourcePos {posLine = 375, posColumn = 11}}, locValue = TokenKeyword KwReturn},Located {locSpan = SourceSpan {spanFilename = "<input>", spanStart = SourcePos {posLine = 375, posColumn = 12}, spanEnd = SourcePos {posLine = 375, posColumn = 18}}, locValue = TokenIdent "result"},Located {locSpan = SourceSpan {spanFilename = "<input>", spanStart = SourcePos {posLine = 375, posColumn = 1}, spanEnd = SourcePos {posLine = 376, posColumn = 1}}, locValue = TokenNewline},Located {locSpan = SourceSpan {spanFilename = "<input>", spanStart = SourcePos {posLine = 376, posColumn = 1}, spanEnd = SourcePos {posLine = 376, posColumn = 1}}, locValue = TokenDedent 4},Located {locSpan = SourceSpan {spanFilename = "<input>", spanStart = SourcePos {posLine = 376, posColumn = 1}, spanEnd = SourcePos {posLine = 376, posColumn = 4}}, locValue = TokenKeyword KwDef},Located {locSpan = SourceSpan {spanFilename = "<input>", spanStart = SourcePos {posLine = 376, posColumn = 5}, spanEnd = SourcePos {posLine = 376, posColumn = 16}}, locValue = TokenIdent "function_94"},Located {locSpan = SourceSpan {spanFilename = "<input>", spanStart = SourcePos {posLine = 376, posColumn = 16}, spanEnd = SourcePos {posLine = 376, posColumn = 17}}, locValue = TokenDelimiter DelimLeftParen},Located {locSpan = SourceSpan {spanFilename = "<input>", spanStart = SourcePos {posLine = 376, posColumn = 17}, spanEnd = SourcePos {posLine = 376, posColumn = 18}}, locValue = TokenIdent "x"},Located {locSpan = SourceSpan {spanFilename = "<input>", spanStart = SourcePos {posLine = 376, posColumn = 18}, spanEnd = SourcePos {posLine = 376, posColumn = 19}}, locValue = TokenDelimiter DelimRightParen},Located {locSpan = SourceSpan {spanFilename = "<input>", spanStart = SourcePos {posLine = 376, posColumn = 19}, spanEnd = SourcePos {posLine = 376, posColumn = 20}}, locValue = TokenDelimiter DelimColon},Located {locSpan = SourceSpan {spanFilename = "<input>", spanStart = SourcePos {posLine = 376, posColumn = 1}, spanEnd = SourcePos {posLine = 377, posColumn = 1}}, locValue = TokenNewline},Located {locSpan = SourceSpan {spanFilename = "<input>", spanStart = SourcePos {posLine = 377, posColumn = 1}, spanEnd = SourcePos {posLine = 377, posColumn = 5}}, locValue = TokenIndent 4},Located {locSpan = SourceSpan {spanFilename = "<input>", spanStart = SourcePos {posLine = 377, posColumn = 5}, spanEnd = SourcePos {posLine = 377, posColumn = 33}}, locValue = TokenComment "# Function 94 implementation"},Located {locSpan = SourceSpan {spanFilename = "<input>", spanStart = SourcePos {posLine = 377, posColumn = 1}, spanEnd = SourcePos {posLine = 378, posColumn = 1}}, locValue = TokenNewline},Located {locSpan = SourceSpan {spanFilename = "<input>", spanStart = SourcePos {posLine = 378, posColumn = 5}, spanEnd = SourcePos {posLine = 378, posColumn = 11}}, locValue = TokenIdent "result"},Located {locSpan = SourceSpan {spanFilename = "<input>", spanStart = SourcePos {posLine = 378, posColumn = 12}, spanEnd = SourcePos {posLine = 378, posColumn = 13}}, locValue = TokenOperator OpAssign},Located {locSpan = SourceSpan {spanFilename = "<input>", spanStart = SourcePos {posLine = 378, posColumn = 14}, spanEnd = SourcePos {posLine = 378, posColumn = 15}}, locValue = TokenIdent "x"},Located {locSpan = SourceSpan {spanFilename = "<input>", spanStart = SourcePos {posLine = 378, posColumn = 16}, spanEnd = SourcePos {posLine = 378, posColumn = 17}}, locValue = TokenOperator OpMult},Located {locSpan = SourceSpan {spanFilename = "<input>", spanStart = SourcePos {posLine = 378, posColumn = 18}, spanEnd = SourcePos {posLine = 378, posColumn = 20}}, locValue = TokenNumber "94" False},Located {locSpan = SourceSpan {spanFilename = "<input>", spanStart = SourcePos {posLine = 378, posColumn = 21}, spanEnd = SourcePos {posLine = 378, posColumn = 22}}, locValue = TokenOperator OpPlus},Located {locSpan = SourceSpan {spanFilename = "<input>", spanStart = SourcePos {posLine = 378, posColumn = 23}, spanEnd = SourcePos {posLine = 378, posColumn = 27}}, locValue = TokenIdent "math"},Located {locSpan = SourceSpan {spanFilename = "<input>", spanStart = SourcePos {posLine = 378, posColumn = 27}, spanEnd = SourcePos {posLine = 378, posColumn = 28}}, locValue = TokenDelimiter DelimDot},Located {locSpan = SourceSpan {spanFilename = "<input>", spanStart = SourcePos {posLine = 378, posColumn = 28}, spanEnd = SourcePos {posLine = 378, posColumn = 32}}, locValue = TokenIdent "sqrt"},Located {locSpan = SourceSpan {spanFilename = "<input>", spanStart = SourcePos {posLine = 378, posColumn = 32}, spanEnd = SourcePos {posLine = 378, posColumn = 33}}, locValue = TokenDelimiter DelimLeftParen},Located {locSpan = SourceSpan {spanFilename = "<input>", spanStart = SourcePos {posLine = 378, posColumn = 33}, spanEnd = SourcePos {posLine = 378, posColumn = 35}}, locValue = TokenNumber "94" False},Located {locSpan = SourceSpan {spanFilename = "<input>", spanStart = SourcePos {posLine = 378, posColumn = 35}, spanEnd = SourcePos {posLine = 378, posColumn = 36}}, locValue = TokenDelimiter DelimRightParen},Located {locSpan = SourceSpan {spanFilename = "<input>", spanStart = SourcePos {posLine = 378, posColumn = 1}, spanEnd = SourcePos {posLine = 379, posColumn = 1}}, locValue = TokenNewline},Located {locSpan = SourceSpan {spanFilename = "<input>", spanStart = SourcePos {posLine = 379, posColumn = 5}, spanEnd = SourcePos {posLine = 379, posColumn = 11}}, locValue = TokenKeyword KwReturn},Located {locSpan = SourceSpan {spanFilename = "<input>", spanStart = SourcePos {posLine = 379, posColumn = 12}, spanEnd = SourcePos {posLine = 379, posColumn = 18}}, locValue = TokenIdent "result"},Located {locSpan = SourceSpan {spanFilename = "<input>", spanStart = SourcePos {posLine = 379, posColumn = 1}, spanEnd = SourcePos {posLine = 380, posColumn = 1}}, locValue = TokenNewline},Located {locSpan = SourceSpan {spanFilename = "<input>", spanStart = SourcePos {posLine = 380, posColumn = 1}, spanEnd = SourcePos {posLine = 380, posColumn = 1}}, locValue = TokenDedent 4},Located {locSpan = SourceSpan {spanFilename = "<input>", spanStart = SourcePos {posLine = 380, posColumn = 1}, spanEnd = SourcePos {posLine = 380, posColumn = 4}}, locValue = TokenKeyword KwDef},Located {locSpan = SourceSpan {spanFilename = "<input>", spanStart = SourcePos {posLine = 380, posColumn = 5}, spanEnd = SourcePos {posLine = 380, posColumn = 16}}, locValue = TokenIdent "function_95"},Located {locSpan = SourceSpan {spanFilename = "<input>", spanStart = SourcePos {posLine = 380, posColumn = 16}, spanEnd = SourcePos {posLine = 380, posColumn = 17}}, locValue = TokenDelimiter DelimLeftParen},Located {locSpan = SourceSpan {spanFilename = "<input>", spanStart = SourcePos {posLine = 380, posColumn = 17}, spanEnd = SourcePos {posLine = 380, posColumn = 18}}, locValue = TokenIdent "x"},Located {locSpan = SourceSpan {spanFilename = "<input>", spanStart = SourcePos {posLine = 380, posColumn = 18}, spanEnd = SourcePos {posLine = 380, posColumn = 19}}, locValue = TokenDelimiter DelimRightParen},Located {locSpan = SourceSpan {spanFilename = "<input>", spanStart = SourcePos {posLine = 380, posColumn = 19}, spanEnd = SourcePos {posLine = 380, posColumn = 20}}, locValue = TokenDelimiter DelimColon},Located {locSpan = SourceSpan {spanFilename = "<input>", spanStart = SourcePos {posLine = 380, posColumn = 1}, spanEnd = SourcePos {posLine = 381, posColumn = 1}}, locValue = TokenNewline},Located {locSpan = SourceSpan {spanFilename = "<input>", spanStart = SourcePos {posLine = 381, posColumn = 1}, spanEnd = SourcePos {posLine = 381, posColumn = 5}}, locValue = TokenIndent 4},Located {locSpan = SourceSpan {spanFilename = "<input>", spanStart = SourcePos {posLine = 381, posColumn = 5}, spanEnd = SourcePos {posLine = 381, posColumn = 33}}, locValue = TokenComment "# Function 95 implementation"},Located {locSpan = SourceSpan {spanFilename = "<input>", spanStart = SourcePos {posLine = 381, posColumn = 1}, spanEnd = SourcePos {posLine = 382, posColumn = 1}}, locValue = TokenNewline},Located {locSpan = SourceSpan {spanFilename = "<input>", spanStart = SourcePos {posLine = 382, posColumn = 5}, spanEnd = SourcePos {posLine = 382, posColumn = 11}}, locValue = TokenIdent "result"},Located {locSpan = SourceSpan {spanFilename = "<input>", spanStart = SourcePos {posLine = 382, posColumn = 12}, spanEnd = SourcePos {posLine = 382, posColumn = 13}}, locValue = TokenOperator OpAssign},Located {locSpan = SourceSpan {spanFilename = "<input>", spanStart = SourcePos {posLine = 382, posColumn = 14}, spanEnd = SourcePos {posLine = 382, posColumn = 15}}, locValue = TokenIdent "x"},Located {locSpan = SourceSpan {spanFilename = "<input>", spanStart = SourcePos {posLine = 382, posColumn = 16}, spanEnd = SourcePos {posLine = 382, posColumn = 17}}, locValue = TokenOperator OpMult},Located {locSpan = SourceSpan {spanFilename = "<input>", spanStart = SourcePos {posLine = 382, posColumn = 18}, spanEnd = SourcePos {posLine = 382, posColumn = 20}}, locValue = TokenNumber "95" False},Located {locSpan = SourceSpan {spanFilename = "<input>", spanStart = SourcePos {posLine = 382, posColumn = 21}, spanEnd = SourcePos {posLine = 382, posColumn = 22}}, locValue = TokenOperator OpPlus},Located {locSpan = SourceSpan {spanFilename = "<input>", spanStart = SourcePos {posLine = 382, posColumn = 23}, spanEnd = SourcePos {posLine = 382, posColumn = 27}}, locValue = TokenIdent "math"},Located {locSpan = SourceSpan {spanFilename = "<input>", spanStart = SourcePos {posLine = 382, posColumn = 27}, spanEnd = SourcePos {posLine = 382, posColumn = 28}}, locValue = TokenDelimiter DelimDot},Located {locSpan = SourceSpan {spanFilename = "<input>", spanStart = SourcePos {posLine = 382, posColumn = 28}, spanEnd = SourcePos {posLine = 382, posColumn = 32}}, locValue = TokenIdent "sqrt"},Located {locSpan = SourceSpan {spanFilename = "<input>", spanStart = SourcePos {posLine = 382, posColumn = 32}, spanEnd = SourcePos {posLine = 382, posColumn = 33}}, locValue = TokenDelimiter DelimLeftParen},Located {locSpan = SourceSpan {spanFilename = "<input>", spanStart = SourcePos {posLine = 382, posColumn = 33}, spanEnd = SourcePos {posLine = 382, posColumn = 35}}, locValue = TokenNumber "95" False},Located {locSpan = SourceSpan {spanFilename = "<input>", spanStart = SourcePos {posLine = 382, posColumn = 35}, spanEnd = SourcePos {posLine = 382, posColumn = 36}}, locValue = TokenDelimiter DelimRightParen},Located {locSpan = SourceSpan {spanFilename = "<input>", spanStart = SourcePos {posLine = 382, posColumn = 1}, spanEnd = SourcePos {posLine = 383, posColumn = 1}}, locValue = TokenNewline},Located {locSpan = SourceSpan {spanFilename = "<input>", spanStart = SourcePos {posLine = 383, posColumn = 5}, spanEnd = SourcePos {posLine = 383, posColumn = 11}}, locValue = TokenKeyword KwReturn},Located {locSpan = SourceSpan {spanFilename = "<input>", spanStart = SourcePos {posLine = 383, posColumn = 12}, spanEnd = SourcePos {posLine = 383, posColumn = 18}}, locValue = TokenIdent "result"},Located {locSpan = SourceSpan {spanFilename = "<input>", spanStart = SourcePos {posLine = 383, posColumn = 1}, spanEnd = SourcePos {posLine = 384, posColumn = 1}}, locValue = TokenNewline},Located {locSpan = SourceSpan {spanFilename = "<input>", spanStart = SourcePos {posLine = 384, posColumn = 1}, spanEnd = SourcePos {posLine = 384, posColumn = 1}}, locValue = TokenDedent 4},Located {locSpan = SourceSpan {spanFilename = "<input>", spanStart = SourcePos {posLine = 384, posColumn = 1}, spanEnd = SourcePos {posLine = 384, posColumn = 4}}, locValue = TokenKeyword KwDef},Located {locSpan = SourceSpan {spanFilename = "<input>", spanStart = SourcePos {posLine = 384, posColumn = 5}, spanEnd = SourcePos {posLine = 384, posColumn = 16}}, locValue = TokenIdent "function_96"},Located {locSpan = SourceSpan {spanFilename = "<input>", spanStart = SourcePos {posLine = 384, posColumn = 16}, spanEnd = SourcePos {posLine = 384, posColumn = 17}}, locValue = TokenDelimiter DelimLeftParen},Located {locSpan = SourceSpan {spanFilename = "<input>", spanStart = SourcePos {posLine = 384, posColumn = 17}, spanEnd = SourcePos {posLine = 384, posColumn = 18}}, locValue = TokenIdent "x"},Located {locSpan = SourceSpan {spanFilename = "<input>", spanStart = SourcePos {posLine = 384, posColumn = 18}, spanEnd = SourcePos {posLine = 384, posColumn = 19}}, locValue = TokenDelimiter DelimRightParen},Located {locSpan = SourceSpan {spanFilename = "<input>", spanStart = SourcePos {posLine = 384, posColumn = 19}, spanEnd = SourcePos {posLine = 384, posColumn = 20}}, locValue = TokenDelimiter DelimColon},Located {locSpan = SourceSpan {spanFilename = "<input>", spanStart = SourcePos {posLine = 384, posColumn = 1}, spanEnd = SourcePos {posLine = 385, posColumn = 1}}, locValue = TokenNewline},Located {locSpan = SourceSpan {spanFilename = "<input>", spanStart = SourcePos {posLine = 385, posColumn = 1}, spanEnd = SourcePos {posLine = 385, posColumn = 5}}, locValue = TokenIndent 4},Located {locSpan = SourceSpan {spanFilename = "<input>", spanStart = SourcePos {posLine = 385, posColumn = 5}, spanEnd = SourcePos {posLine = 385, posColumn = 33}}, locValue = TokenComment "# Function 96 implementation"},Located {locSpan = SourceSpan {spanFilename = "<input>", spanStart = SourcePos {posLine = 385, posColumn = 1}, spanEnd = SourcePos {posLine = 386, posColumn = 1}}, locValue = TokenNewline},Located {locSpan = SourceSpan {spanFilename = "<input>", spanStart = SourcePos {posLine = 386, posColumn = 5}, spanEnd = SourcePos {posLine = 386, posColumn = 11}}, locValue = TokenIdent "result"},Located {locSpan = SourceSpan {spanFilename = "<input>", spanStart = SourcePos {posLine = 386, posColumn = 12}, spanEnd = SourcePos {posLine = 386, posColumn = 13}}, locValue = TokenOperator OpAssign},Located {locSpan = SourceSpan {spanFilename = "<input>", spanStart = SourcePos {posLine = 386, posColumn = 14}, spanEnd = SourcePos {posLine = 386, posColumn = 15}}, locValue = TokenIdent "x"},Located {locSpan = SourceSpan {spanFilename = "<input>", spanStart = SourcePos {posLine = 386, posColumn = 16}, spanEnd = SourcePos {posLine = 386, posColumn = 17}}, locValue = TokenOperator OpMult},Located {locSpan = SourceSpan {spanFilename = "<input>", spanStart = SourcePos {posLine = 386, posColumn = 18}, spanEnd = SourcePos {posLine = 386, posColumn = 20}}, locValue = TokenNumber "96" False},Located {locSpan = SourceSpan {spanFilename = "<input>", spanStart = SourcePos {posLine = 386, posColumn = 21}, spanEnd = SourcePos {posLine = 386, posColumn = 22}}, locValue = TokenOperator OpPlus},Located {locSpan = SourceSpan {spanFilename = "<input>", spanStart = SourcePos {posLine = 386, posColumn = 23}, spanEnd = SourcePos {posLine = 386, posColumn = 27}}, locValue = TokenIdent "math"},Located {locSpan = SourceSpan {spanFilename = "<input>", spanStart = SourcePos {posLine = 386, posColumn = 27}, spanEnd = SourcePos {posLine = 386, posColumn = 28}}, locValue = TokenDelimiter DelimDot},Located {locSpan = SourceSpan {spanFilename = "<input>", spanStart = SourcePos {posLine = 386, posColumn = 28}, spanEnd = SourcePos {posLine = 386, posColumn = 32}}, locValue = TokenIdent "sqrt"},Located {locSpan = SourceSpan {spanFilename = "<input>", spanStart = SourcePos {posLine = 386, posColumn = 32}, spanEnd = SourcePos {posLine = 386, posColumn = 33}}, locValue = TokenDelimiter DelimLeftParen},Located {locSpan = SourceSpan {spanFilename = "<input>", spanStart = SourcePos {posLine = 386, posColumn = 33}, spanEnd = SourcePos {posLine = 386, posColumn = 35}}, locValue = TokenNumber "96" False},Located {locSpan = SourceSpan {spanFilename = "<input>", spanStart = SourcePos {posLine = 386, posColumn = 35}, spanEnd = SourcePos {posLine = 386, posColumn = 36}}, locValue = TokenDelimiter DelimRightParen},Located {locSpan = SourceSpan {spanFilename = "<input>", spanStart = SourcePos {posLine = 386, posColumn = 1}, spanEnd = SourcePos {posLine = 387, posColumn = 1}}, locValue = TokenNewline},Located {locSpan = SourceSpan {spanFilename = "<input>", spanStart = SourcePos {posLine = 387, posColumn = 5}, spanEnd = SourcePos {posLine = 387, posColumn = 11}}, locValue = TokenKeyword KwReturn},Located {locSpan = SourceSpan {spanFilename = "<input>", spanStart = SourcePos {posLine = 387, posColumn = 12}, spanEnd = SourcePos {posLine = 387, posColumn = 18}}, locValue = TokenIdent "result"},Located {locSpan = SourceSpan {spanFilename = "<input>", spanStart = SourcePos {posLine = 387, posColumn = 1}, spanEnd = SourcePos {posLine = 388, posColumn = 1}}, locValue = TokenNewline},Located {locSpan = SourceSpan {spanFilename = "<input>", spanStart = SourcePos {posLine = 388, posColumn = 1}, spanEnd = SourcePos {posLine = 388, posColumn = 1}}, locValue = TokenDedent 4},Located {locSpan = SourceSpan {spanFilename = "<input>", spanStart = SourcePos {posLine = 388, posColumn = 1}, spanEnd = SourcePos {posLine = 388, posColumn = 4}}, locValue = TokenKeyword KwDef},Located {locSpan = SourceSpan {spanFilename = "<input>", spanStart = SourcePos {posLine = 388, posColumn = 5}, spanEnd = SourcePos {posLine = 388, posColumn = 16}}, locValue = TokenIdent "function_97"},Located {locSpan = SourceSpan {spanFilename = "<input>", spanStart = SourcePos {posLine = 388, posColumn = 16}, spanEnd = SourcePos {posLine = 388, posColumn = 17}}, locValue = TokenDelimiter DelimLeftParen},Located {locSpan = SourceSpan {spanFilename = "<input>", spanStart = SourcePos {posLine = 388, posColumn = 17}, spanEnd = SourcePos {posLine = 388, posColumn = 18}}, locValue = TokenIdent "x"},Located {locSpan = SourceSpan {spanFilename = "<input>", spanStart = SourcePos {posLine = 388, posColumn = 18}, spanEnd = SourcePos {posLine = 388, posColumn = 19}}, locValue = TokenDelimiter DelimRightParen},Located {locSpan = SourceSpan {spanFilename = "<input>", spanStart = SourcePos {posLine = 388, posColumn = 19}, spanEnd = SourcePos {posLine = 388, posColumn = 20}}, locValue = TokenDelimiter DelimColon},Located {locSpan = SourceSpan {spanFilename = "<input>", spanStart = SourcePos {posLine = 388, posColumn = 1}, spanEnd = SourcePos {posLine = 389, posColumn = 1}}, locValue = TokenNewline},Located {locSpan = SourceSpan {spanFilename = "<input>", spanStart = SourcePos {posLine = 389, posColumn = 1}, spanEnd = SourcePos {posLine = 389, posColumn = 5}}, locValue = TokenIndent 4},Located {locSpan = SourceSpan {spanFilename = "<input>", spanStart = SourcePos {posLine = 389, posColumn = 5}, spanEnd = SourcePos {posLine = 389, posColumn = 33}}, locValue = TokenComment "# Function 97 implementation"},Located {locSpan = SourceSpan {spanFilename = "<input>", spanStart = SourcePos {posLine = 389, posColumn = 1}, spanEnd = SourcePos {posLine = 390, posColumn = 1}}, locValue = TokenNewline},Located {locSpan = SourceSpan {spanFilename = "<input>", spanStart = SourcePos {posLine = 390, posColumn = 5}, spanEnd = SourcePos {posLine = 390, posColumn = 11}}, locValue = TokenIdent "result"},Located {locSpan = SourceSpan {spanFilename = "<input>", spanStart = SourcePos {posLine = 390, posColumn = 12}, spanEnd = SourcePos {posLine = 390, posColumn = 13}}, locValue = TokenOperator OpAssign},Located {locSpan = SourceSpan {spanFilename = "<input>", spanStart = SourcePos {posLine = 390, posColumn = 14}, spanEnd = SourcePos {posLine = 390, posColumn = 15}}, locValue = TokenIdent "x"},Located {locSpan = SourceSpan {spanFilename = "<input>", spanStart = SourcePos {posLine = 390, posColumn = 16}, spanEnd = SourcePos {posLine = 390, posColumn = 17}}, locValue = TokenOperator OpMult},Located {locSpan = SourceSpan {spanFilename = "<input>", spanStart = SourcePos {posLine = 390, posColumn = 18}, spanEnd = SourcePos {posLine = 390, posColumn = 20}}, locValue = TokenNumber "97" False},Located {locSpan = SourceSpan {spanFilename = "<input>", spanStart = SourcePos {posLine = 390, posColumn = 21}, spanEnd = SourcePos {posLine = 390, posColumn = 22}}, locValue = TokenOperator OpPlus},Located {locSpan = SourceSpan {spanFilename = "<input>", spanStart = SourcePos {posLine = 390, posColumn = 23}, spanEnd = SourcePos {posLine = 390, posColumn = 27}}, locValue = TokenIdent "math"},Located {locSpan = SourceSpan {spanFilename = "<input>", spanStart = SourcePos {posLine = 390, posColumn = 27}, spanEnd = SourcePos {posLine = 390, posColumn = 28}}, locValue = TokenDelimiter DelimDot},Located {locSpan = SourceSpan {spanFilename = "<input>", spanStart = SourcePos {posLine = 390, posColumn = 28}, spanEnd = SourcePos {posLine = 390, posColumn = 32}}, locValue = TokenIdent "sqrt"},Located {locSpan = SourceSpan {spanFilename = "<input>", spanStart = SourcePos {posLine = 390, posColumn = 32}, spanEnd = SourcePos {posLine = 390, posColumn = 33}}, locValue = TokenDelimiter DelimLeftParen},Located {locSpan = SourceSpan {spanFilename = "<input>", spanStart = SourcePos {posLine = 390, posColumn = 33}, spanEnd = SourcePos {posLine = 390, posColumn = 35}}, locValue = TokenNumber "97" False},Located {locSpan = SourceSpan {spanFilename = "<input>", spanStart = SourcePos {posLine = 390, posColumn = 35}, spanEnd = SourcePos {posLine = 390, posColumn = 36}}, locValue = TokenDelimiter DelimRightParen},Located {locSpan = SourceSpan {spanFilename = "<input>", spanStart = SourcePos {posLine = 390, posColumn = 1}, spanEnd = SourcePos {posLine = 391, posColumn = 1}}, locValue = TokenNewline},Located {locSpan = SourceSpan {spanFilename = "<input>", spanStart = SourcePos {posLine = 391, posColumn = 5}, spanEnd = SourcePos {posLine = 391, posColumn = 11}}, locValue = TokenKeyword KwReturn},Located {locSpan = SourceSpan {spanFilename = "<input>", spanStart = SourcePos {posLine = 391, posColumn = 12}, spanEnd = SourcePos {posLine = 391, posColumn = 18}}, locValue = TokenIdent "result"},Located {locSpan = SourceSpan {spanFilename = "<input>", spanStart = SourcePos {posLine = 391, posColumn = 1}, spanEnd = SourcePos {posLine = 392, posColumn = 1}}, locValue = TokenNewline},Located {locSpan = SourceSpan {spanFilename = "<input>", spanStart = SourcePos {posLine = 392, posColumn = 1}, spanEnd = SourcePos {posLine = 392, posColumn = 1}}, locValue = TokenDedent 4},Located {locSpan = SourceSpan {spanFilename = "<input>", spanStart = SourcePos {posLine = 392, posColumn = 1}, spanEnd = SourcePos {posLine = 392, posColumn = 4}}, locValue = TokenKeyword KwDef},Located {locSpan = SourceSpan {spanFilename = "<input>", spanStart = SourcePos {posLine = 392, posColumn = 5}, spanEnd = SourcePos {posLine = 392, posColumn = 16}}, locValue = TokenIdent "function_98"},Located {locSpan = SourceSpan {spanFilename = "<input>", spanStart = SourcePos {posLine = 392, posColumn = 16}, spanEnd = SourcePos {posLine = 392, posColumn = 17}}, locValue = TokenDelimiter DelimLeftParen},Located {locSpan = SourceSpan {spanFilename = "<input>", spanStart = SourcePos {posLine = 392, posColumn = 17}, spanEnd = SourcePos {posLine = 392, posColumn = 18}}, locValue = TokenIdent "x"},Located {locSpan = SourceSpan {spanFilename = "<input>", spanStart = SourcePos {posLine = 392, posColumn = 18}, spanEnd = SourcePos {posLine = 392, posColumn = 19}}, locValue = TokenDelimiter DelimRightParen},Located {locSpan = SourceSpan {spanFilename = "<input>", spanStart = SourcePos {posLine = 392, posColumn = 19}, spanEnd = SourcePos {posLine = 392, posColumn = 20}}, locValue = TokenDelimiter DelimColon},Located {locSpan = SourceSpan {spanFilename = "<input>", spanStart = SourcePos {posLine = 392, posColumn = 1}, spanEnd = SourcePos {posLine = 393, posColumn = 1}}, locValue = TokenNewline},Located {locSpan = SourceSpan {spanFilename = "<input>", spanStart = SourcePos {posLine = 393, posColumn = 1}, spanEnd = SourcePos {posLine = 393, posColumn = 5}}, locValue = TokenIndent 4},Located {locSpan = SourceSpan {spanFilename = "<input>", spanStart = SourcePos {posLine = 393, posColumn = 5}, spanEnd = SourcePos {posLine = 393, posColumn = 33}}, locValue = TokenComment "# Function 98 implementation"},Located {locSpan = SourceSpan {spanFilename = "<input>", spanStart = SourcePos {posLine = 393, posColumn = 1}, spanEnd = SourcePos {posLine = 394, posColumn = 1}}, locValue = TokenNewline},Located {locSpan = SourceSpan {spanFilename = "<input>", spanStart = SourcePos {posLine = 394, posColumn = 5}, spanEnd = SourcePos {posLine = 394, posColumn = 11}}, locValue = TokenIdent "result"},Located {locSpan = SourceSpan {spanFilename = "<input>", spanStart = SourcePos {posLine = 394, posColumn = 12}, spanEnd = SourcePos {posLine = 394, posColumn = 13}}, locValue = TokenOperator OpAssign},Located {locSpan = SourceSpan {spanFilename = "<input>", spanStart = SourcePos {posLine = 394, posColumn = 14}, spanEnd = SourcePos {posLine = 394, posColumn = 15}}, locValue = TokenIdent "x"},Located {locSpan = SourceSpan {spanFilename = "<input>", spanStart = SourcePos {posLine = 394, posColumn = 16}, spanEnd = SourcePos {posLine = 394, posColumn = 17}}, locValue = TokenOperator OpMult},Located {locSpan = SourceSpan {spanFilename = "<input>", spanStart = SourcePos {posLine = 394, posColumn = 18}, spanEnd = SourcePos {posLine = 394, posColumn = 20}}, locValue = TokenNumber "98" False},Located {locSpan = SourceSpan {spanFilename = "<input>", spanStart = SourcePos {posLine = 394, posColumn = 21}, spanEnd = SourcePos {posLine = 394, posColumn = 22}}, locValue = TokenOperator OpPlus},Located {locSpan = SourceSpan {spanFilename = "<input>", spanStart = SourcePos {posLine = 394, posColumn = 23}, spanEnd = SourcePos {posLine = 394, posColumn = 27}}, locValue = TokenIdent "math"},Located {locSpan = SourceSpan {spanFilename = "<input>", spanStart = SourcePos {posLine = 394, posColumn = 27}, spanEnd = SourcePos {posLine = 394, posColumn = 28}}, locValue = TokenDelimiter DelimDot},Located {locSpan = SourceSpan {spanFilename = "<input>", spanStart = SourcePos {posLine = 394, posColumn = 28}, spanEnd = SourcePos {posLine = 394, posColumn = 32}}, locValue = TokenIdent "sqrt"},Located {locSpan = SourceSpan {spanFilename = "<input>", spanStart = SourcePos {posLine = 394, posColumn = 32}, spanEnd = SourcePos {posLine = 394, posColumn = 33}}, locValue = TokenDelimiter DelimLeftParen},Located {locSpan = SourceSpan {spanFilename = "<input>", spanStart = SourcePos {posLine = 394, posColumn = 33}, spanEnd = SourcePos {posLine = 394, posColumn = 35}}, locValue = TokenNumber "98" False},Located {locSpan = SourceSpan {spanFilename = "<input>", spanStart = SourcePos {posLine = 394, posColumn = 35}, spanEnd = SourcePos {posLine = 394, posColumn = 36}}, locValue = TokenDelimiter DelimRightParen},Located {locSpan = SourceSpan {spanFilename = "<input>", spanStart = SourcePos {posLine = 394, posColumn = 1}, spanEnd = SourcePos {posLine = 395, posColumn = 1}}, locValue = TokenNewline},Located {locSpan = SourceSpan {spanFilename = "<input>", spanStart = SourcePos {posLine = 395, posColumn = 5}, spanEnd = SourcePos {posLine = 395, posColumn = 11}}, locValue = TokenKeyword KwReturn},Located {locSpan = SourceSpan {spanFilename = "<input>", spanStart = SourcePos {posLine = 395, posColumn = 12}, spanEnd = SourcePos {posLine = 395, posColumn = 18}}, locValue = TokenIdent "result"},Located {locSpan = SourceSpan {spanFilename = "<input>", spanStart = SourcePos {posLine = 395, posColumn = 1}, spanEnd = SourcePos {posLine = 396, posColumn = 1}}, locValue = TokenNewline},Located {locSpan = SourceSpan {spanFilename = "<input>", spanStart = SourcePos {posLine = 396, posColumn = 1}, spanEnd = SourcePos {posLine = 396, posColumn = 1}}, locValue = TokenDedent 4},Located {locSpan = SourceSpan {spanFilename = "<input>", spanStart = SourcePos {posLine = 396, posColumn = 1}, spanEnd = SourcePos {posLine = 396, posColumn = 4}}, locValue = TokenKeyword KwDef},Located {locSpan = SourceSpan {spanFilename = "<input>", spanStart = SourcePos {posLine = 396, posColumn = 5}, spanEnd = SourcePos {posLine = 396, posColumn = 16}}, locValue = TokenIdent "function_99"},Located {locSpan = SourceSpan {spanFilename = "<input>", spanStart = SourcePos {posLine = 396, posColumn = 16}, spanEnd = SourcePos {posLine = 396, posColumn = 17}}, locValue = TokenDelimiter DelimLeftParen},Located {locSpan = SourceSpan {spanFilename = "<input>", spanStart = SourcePos {posLine = 396, posColumn = 17}, spanEnd = SourcePos {posLine = 396, posColumn = 18}}, locValue = TokenIdent "x"},Located {locSpan = SourceSpan {spanFilename = "<input>", spanStart = SourcePos {posLine = 396, posColumn = 18}, spanEnd = SourcePos {posLine = 396, posColumn = 19}}, locValue = TokenDelimiter DelimRightParen},Located {locSpan = SourceSpan {spanFilename = "<input>", spanStart = SourcePos {posLine = 396, posColumn = 19}, spanEnd = SourcePos {posLine = 396, posColumn = 20}}, locValue = TokenDelimiter DelimColon},Located {locSpan = SourceSpan {spanFilename = "<input>", spanStart = SourcePos {posLine = 396, posColumn = 1}, spanEnd = SourcePos {posLine = 397, posColumn = 1}}, locValue = TokenNewline},Located {locSpan = SourceSpan {spanFilename = "<input>", spanStart = SourcePos {posLine = 397, posColumn = 1}, spanEnd = SourcePos {posLine = 397, posColumn = 5}}, locValue = TokenIndent 4},Located {locSpan = SourceSpan {spanFilename = "<input>", spanStart = SourcePos {posLine = 397, posColumn = 5}, spanEnd = SourcePos {posLine = 397, posColumn = 33}}, locValue = TokenComment "# Function 99 implementation"},Located {locSpan = SourceSpan {spanFilename = "<input>", spanStart = SourcePos {posLine = 397, posColumn = 1}, spanEnd = SourcePos {posLine = 398, posColumn = 1}}, locValue = TokenNewline},Located {locSpan = SourceSpan {spanFilename = "<input>", spanStart = SourcePos {posLine = 398, posColumn = 5}, spanEnd = SourcePos {posLine = 398, posColumn = 11}}, locValue = TokenIdent "result"},Located {locSpan = SourceSpan {spanFilename = "<input>", spanStart = SourcePos {posLine = 398, posColumn = 12}, spanEnd = SourcePos {posLine = 398, posColumn = 13}}, locValue = TokenOperator OpAssign},Located {locSpan = SourceSpan {spanFilename = "<input>", spanStart = SourcePos {posLine = 398, posColumn = 14}, spanEnd = SourcePos {posLine = 398, posColumn = 15}}, locValue = TokenIdent "x"},Located {locSpan = SourceSpan {spanFilename = "<input>", spanStart = SourcePos {posLine = 398, posColumn = 16}, spanEnd = SourcePos {posLine = 398, posColumn = 17}}, locValue = TokenOperator OpMult},Located {locSpan = SourceSpan {spanFilename = "<input>", spanStart = SourcePos {posLine = 398, posColumn = 18}, spanEnd = SourcePos {posLine = 398, posColumn = 20}}, locValue = TokenNumber "99" False},Located {locSpan = SourceSpan {spanFilename = "<input>", spanStart = SourcePos {posLine = 398, posColumn = 21}, spanEnd = SourcePos {posLine = 398, posColumn = 22}}, locValue = TokenOperator OpPlus},Located {locSpan = SourceSpan {spanFilename = "<input>", spanStart = SourcePos {posLine = 398, posColumn = 23}, spanEnd = SourcePos {posLine = 398, posColumn = 27}}, locValue = TokenIdent "math"},Located {locSpan = SourceSpan {spanFilename = "<input>", spanStart = SourcePos {posLine = 398, posColumn = 27}, spanEnd = SourcePos {posLine = 398, posColumn = 28}}, locValue = TokenDelimiter DelimDot},Located {locSpan = SourceSpan {spanFilename = "<input>", spanStart = SourcePos {posLine = 398, posColumn = 28}, spanEnd = SourcePos {posLine = 398, posColumn = 32}}, locValue = TokenIdent "sqrt"},Located {locSpan = SourceSpan {spanFilename = "<input>", spanStart = SourcePos {posLine = 398, posColumn = 32}, spanEnd = SourcePos {posLine = 398, posColumn = 33}}, locValue = TokenDelimiter DelimLeftParen},Located {locSpan = SourceSpan {spanFilename = "<input>", spanStart = SourcePos {posLine = 398, posColumn = 33}, spanEnd = SourcePos {posLine = 398, posColumn = 35}}, locValue = TokenNumber "99" False},Located {locSpan = SourceSpan {spanFilename = "<input>", spanStart = SourcePos {posLine = 398, posColumn = 35}, spanEnd = SourcePos {posLine = 398, posColumn = 36}}, locValue = TokenDelimiter DelimRightParen},Located {locSpan = SourceSpan {spanFilename = "<input>", spanStart = SourcePos {posLine = 398, posColumn = 1}, spanEnd = SourcePos {posLine = 399, posColumn = 1}}, locValue = TokenNewline},Located {locSpan = SourceSpan {spanFilename = "<input>", spanStart = SourcePos {posLine = 399, posColumn = 5}, spanEnd = SourcePos {posLine = 399, posColumn = 11}}, locValue = TokenKeyword KwReturn},Located {locSpan = SourceSpan {spanFilename = "<input>", spanStart = SourcePos {posLine = 399, posColumn = 12}, spanEnd = SourcePos {posLine = 399, posColumn = 18}}, locValue = TokenIdent "result"},Located {locSpan = SourceSpan {spanFilename = "<input>", spanStart = SourcePos {posLine = 399, posColumn = 1}, spanEnd = SourcePos {posLine = 400, posColumn = 1}}, locValue = TokenNewline},Located {locSpan = SourceSpan {spanFilename = "<input>", spanStart = SourcePos {posLine = 400, posColumn = 1}, spanEnd = SourcePos {posLine = 400, posColumn = 1}}, locValue = TokenDedent 4},Located {locSpan = SourceSpan {spanFilename = "<input>", spanStart = SourcePos {posLine = 400, posColumn = 1}, spanEnd = SourcePos {posLine = 400, posColumn = 4}}, locValue = TokenKeyword KwDef},Located {locSpan = SourceSpan {spanFilename = "<input>", spanStart = SourcePos {posLine = 400, posColumn = 5}, spanEnd = SourcePos {posLine = 400, posColumn = 17}}, locValue = TokenIdent "function_100"},Located {locSpan = SourceSpan {spanFilename = "<input>", spanStart = SourcePos {posLine = 400, posColumn = 17}, spanEnd = SourcePos {posLine = 400, posColumn = 18}}, locValue = TokenDelimiter DelimLeftParen},Located {locSpan = SourceSpan {spanFilename = "<input>", spanStart = SourcePos {posLine = 400, posColumn = 18}, spanEnd = SourcePos {posLine = 400, posColumn = 19}}, locValue = TokenIdent "x"},Located {locSpan = SourceSpan {spanFilename = "<input>", spanStart = SourcePos {posLine = 400, posColumn = 19}, spanEnd = SourcePos {posLine = 400, posColumn = 20}}, locValue = TokenDelimiter DelimRightParen},Located {locSpan = SourceSpan {spanFilename = "<input>", spanStart = SourcePos {posLine = 400, posColumn = 20}, spanEnd = SourcePos {posLine = 400, posColumn = 21}}, locValue = TokenDelimiter DelimColon},Located {locSpan = SourceSpan {spanFilename = "<input>", spanStart = SourcePos {posLine = 400, posColumn = 1}, spanEnd = SourcePos {posLine = 401, posColumn = 1}}, locValue = TokenNewline},Located {locSpan = SourceSpan {spanFilename = "<input>", spanStart = SourcePos {posLine = 401, posColumn = 1}, spanEnd = SourcePos {posLine = 401, posColumn = 5}}, locValue = TokenIndent 4},Located {locSpan = SourceSpan {spanFilename = "<input>", spanStart = SourcePos {posLine = 401, posColumn = 5}, spanEnd = SourcePos {posLine = 401, posColumn = 34}}, locValue = TokenComment "# Function 100 implementation"},Located {locSpan = SourceSpan {spanFilename = "<input>", spanStart = SourcePos {posLine = 401, posColumn = 1}, spanEnd = SourcePos {posLine = 402, posColumn = 1}}, locValue = TokenNewline},Located {locSpan = SourceSpan {spanFilename = "<input>", spanStart = SourcePos {posLine = 402, posColumn = 5}, spanEnd = SourcePos {posLine = 402, posColumn = 11}}, locValue = TokenIdent "result"},Located {locSpan = SourceSpan {spanFilename = "<input>", spanStart = SourcePos {posLine = 402, posColumn = 12}, spanEnd = SourcePos {posLine = 402, posColumn = 13}}, locValue = TokenOperator OpAssign},Located {locSpan = SourceSpan {spanFilename = "<input>", spanStart = SourcePos {posLine = 402, posColumn = 14}, spanEnd = SourcePos {posLine = 402, posColumn = 15}}, locValue = TokenIdent "x"},Located {locSpan = SourceSpan {spanFilename = "<input>", spanStart = SourcePos {posLine = 402, posColumn = 16}, spanEnd = SourcePos {posLine = 402, posColumn = 17}}, locValue = TokenOperator OpMult},Located {locSpan = SourceSpan {spanFilename = "<input>", spanStart = SourcePos {posLine = 402, posColumn = 18}, spanEnd = SourcePos {posLine = 402, posColumn = 21}}, locValue = TokenNumber "100" False},Located {locSpan = SourceSpan {spanFilename = "<input>", spanStart = SourcePos {posLine = 402, posColumn = 22}, spanEnd = SourcePos {posLine = 402, posColumn = 23}}, locValue = TokenOperator OpPlus},Located {locSpan = SourceSpan {spanFilename = "<input>", spanStart = SourcePos {posLine = 402, posColumn = 24}, spanEnd = SourcePos {posLine = 402, posColumn = 28}}, locValue = TokenIdent "math"},Located {locSpan = SourceSpan {spanFilename = "<input>", spanStart = SourcePos {posLine = 402, posColumn = 28}, spanEnd = SourcePos {posLine = 402, posColumn = 29}}, locValue = TokenDelimiter DelimDot},Located {locSpan = SourceSpan {spanFilename = "<input>", spanStart = SourcePos {posLine = 402, posColumn = 29}, spanEnd = SourcePos {posLine = 402, posColumn = 33}}, locValue = TokenIdent "sqrt"},Located {locSpan = SourceSpan {spanFilename = "<input>", spanStart = SourcePos {posLine = 402, posColumn = 33}, spanEnd = SourcePos {posLine = 402, posColumn = 34}}, locValue = TokenDelimiter DelimLeftParen},Located {locSpan = SourceSpan {spanFilename = "<input>", spanStart = SourcePos {posLine = 402, posColumn = 34}, spanEnd = SourcePos {posLine = 402, posColumn = 37}}, locValue = TokenNumber "100" False},Located {locSpan = SourceSpan {spanFilename = "<input>", spanStart = SourcePos {posLine = 402, posColumn = 37}, spanEnd = SourcePos {posLine = 402, posColumn = 38}}, locValue = TokenDelimiter DelimRightParen},Located {locSpan = SourceSpan {spanFilename = "<input>", spanStart = SourcePos {posLine = 402, posColumn = 1}, spanEnd = SourcePos {posLine = 403, posColumn = 1}}, locValue = TokenNewline},Located {locSpan = SourceSpan {spanFilename = "<input>", spanStart = SourcePos {posLine = 403, posColumn = 5}, spanEnd = SourcePos {posLine = 403, posColumn = 11}}, locValue = TokenKeyword KwReturn},Located {locSpan = SourceSpan {spanFilename = "<input>", spanStart = SourcePos {posLine = 403, posColumn = 12}, spanEnd = SourcePos {posLine = 403, posColumn = 18}}, locValue = TokenIdent "result"},Located {locSpan = SourceSpan {spanFilename = "<input>", spanStart = SourcePos {posLine = 403, posColumn = 1}, spanEnd = SourcePos {posLine = 405, posColumn = 1}}, locValue = TokenNewline},Located {locSpan = SourceSpan {spanFilename = "<input>", spanStart = SourcePos {posLine = 403, posColumn = 1}, spanEnd = SourcePos {posLine = 405, posColumn = 1}}, locValue = TokenNewline},Located {locSpan = SourceSpan {spanFilename = "<input>", spanStart = SourcePos {posLine = 405, posColumn = 1}, spanEnd = SourcePos {posLine = 405, posColumn = 1}}, locValue = TokenDedent 4},Located {locSpan = SourceSpan {spanFilename = "<input>", spanStart = SourcePos {posLine = 405, posColumn = 1}, spanEnd = SourcePos {posLine = 405, posColumn = 4}}, locValue = TokenKeyword KwDef},Located {locSpan = SourceSpan {spanFilename = "<input>", spanStart = SourcePos {posLine = 405, posColumn = 5}, spanEnd = SourcePos {posLine = 405, posColumn = 9}}, locValue = TokenIdent "main"},Located {locSpan = SourceSpan {spanFilename = "<input>", spanStart = SourcePos {posLine = 405, posColumn = 9}, spanEnd = SourcePos {posLine = 405, posColumn = 10}}, locValue = TokenDelimiter DelimLeftParen},Located {locSpan = SourceSpan {spanFilename = "<input>", spanStart = SourcePos {posLine = 405, posColumn = 10}, spanEnd = SourcePos {posLine = 405, posColumn = 11}}, locValue = TokenDelimiter DelimRightParen},Located {locSpan = SourceSpan {spanFilename = "<input>", spanStart = SourcePos {posLine = 405, posColumn = 11}, spanEnd = SourcePos {posLine = 405, posColumn = 12}}, locValue = TokenDelimiter DelimColon},Located {locSpan = SourceSpan {spanFilename = "<input>", spanStart = SourcePos {posLine = 405, posColumn = 1}, spanEnd = SourcePos {posLine = 406, posColumn = 1}}, locValue = TokenNewline},Located {locSpan = SourceSpan {spanFilename = "<input>", spanStart = SourcePos {posLine = 406, posColumn = 1}, spanEnd = SourcePos {posLine = 406, posColumn = 5}}, locValue = TokenIndent 4},Located {locSpan = SourceSpan {spanFilename = "<input>", spanStart = SourcePos {posLine = 406, posColumn = 5}, spanEnd = SourcePos {posLine = 406, posColumn = 10}}, locValue = TokenIdent "total"},Located {locSpan = SourceSpan {spanFilename = "<input>", spanStart = SourcePos {posLine = 406, posColumn = 11}, spanEnd = SourcePos {posLine = 406, posColumn = 12}}, locValue = TokenOperator OpAssign},Located {locSpan = SourceSpan {spanFilename = "<input>", spanStart = SourcePos {posLine = 406, posColumn = 13}, spanEnd = SourcePos {posLine = 406, posColumn = 14}}, locValue = TokenNumber "0" False},Located {locSpan = SourceSpan {spanFilename = "<input>", spanStart = SourcePos {posLine = 406, posColumn = 1}, spanEnd = SourcePos {posLine = 407, posColumn = 1}}, locValue = TokenNewline},Located {locSpan = SourceSpan {spanFilename = "<input>", spanStart = SourcePos {posLine = 407, posColumn = 5}, spanEnd = SourcePos {posLine = 407, posColumn = 8}}, locValue = TokenKeyword KwFor},Located {locSpan = SourceSpan {spanFilename = "<input>", spanStart = SourcePos {posLine = 407, posColumn = 9}, spanEnd = SourcePos {posLine = 407, posColumn = 10}}, locValue = TokenIdent "i"},Located {locSpan = SourceSpan {spanFilename = "<input>", spanStart = SourcePos {posLine = 407, posColumn = 11}, spanEnd = SourcePos {posLine = 407, posColumn = 13}}, locValue = TokenKeyword KwIn},Located {locSpan = SourceSpan {spanFilename = "<input>", spanStart = SourcePos {posLine = 407, posColumn = 14}, spanEnd = SourcePos {posLine = 407, posColumn = 19}}, locValue = TokenIdent "range"},Located {locSpan = SourceSpan {spanFilename = "<input>", spanStart = SourcePos {posLine = 407, posColumn = 19}, spanEnd = SourcePos {posLine = 407, posColumn = 20}}, locValue = TokenDelimiter DelimLeftParen},Located {locSpan = SourceSpan {spanFilename = "<input>", spanStart = SourcePos {posLine = 407, posColumn = 20}, spanEnd = SourcePos {posLine = 407, posColumn = 21}}, locValue = TokenNumber "1" False},Located {locSpan = SourceSpan {spanFilename = "<input>", spanStart = SourcePos {posLine = 407, posColumn = 21}, spanEnd = SourcePos {posLine = 407, posColumn = 22}}, locValue = TokenDelimiter DelimComma},Located {locSpan = SourceSpan {spanFilename = "<input>", spanStart = SourcePos {posLine = 407, posColumn = 23}, spanEnd = SourcePos {posLine = 407, posColumn = 26}}, locValue = TokenNumber "101" False},Located {locSpan = SourceSpan {spanFilename = "<input>", spanStart = SourcePos {posLine = 407, posColumn = 26}, spanEnd = SourcePos {posLine = 407, posColumn = 27}}, locValue = TokenDelimiter DelimRightParen},Located {locSpan = SourceSpan {spanFilename = "<input>", spanStart = SourcePos {posLine = 407, posColumn = 27}, spanEnd = SourcePos {posLine = 407, posColumn = 28}}, locValue = TokenDelimiter DelimColon},Located {locSpan = SourceSpan {spanFilename = "<input>", spanStart = SourcePos {posLine = 407, posColumn = 1}, spanEnd = SourcePos {posLine = 408, posColumn = 1}}, locValue = TokenNewline},Located {locSpan = SourceSpan {spanFilename = "<input>", spanStart = SourcePos {posLine = 408, posColumn = 1}, spanEnd = SourcePos {posLine = 408, posColumn = 9}}, locValue = TokenIndent 8},Located {locSpan = SourceSpan {spanFilename = "<input>", spanStart = SourcePos {posLine = 408, posColumn = 9}, spanEnd = SourcePos {posLine = 408, posColumn = 14}}, locValue = TokenIdent "total"},Located {locSpan = SourceSpan {spanFilename = "<input>", spanStart = SourcePos {posLine = 408, posColumn = 15}, spanEnd = SourcePos {posLine = 408, posColumn = 17}}, locValue = TokenOperator OpPlusAssign},Located {locSpan = SourceSpan {spanFilename = "<input>", spanStart = SourcePos {posLine = 408, posColumn = 18}, spanEnd = SourcePos {posLine = 408, posColumn = 28}}, locValue = TokenIdent "function_1"},Located {locSpan = SourceSpan {spanFilename = "<input>", spanStart = SourcePos {posLine = 408, posColumn = 28}, spanEnd = SourcePos {posLine = 408, posColumn = 29}}, locValue = TokenDelimiter DelimLeftParen},Located {locSpan = SourceSpan {spanFilename = "<input>", spanStart = SourcePos {posLine = 408, posColumn = 29}, spanEnd = SourcePos {posLine = 408, posColumn = 30}}, locValue = TokenIdent "i"},Located {locSpan = SourceSpan {spanFilename = "<input>", spanStart = SourcePos {posLine = 408, posColumn = 30}, spanEnd = SourcePos {posLine = 408, posColumn = 31}}, locValue = TokenDelimiter DelimRightParen},Located {locSpan = SourceSpan {spanFilename = "<input>", spanStart = SourcePos {posLine = 408, posColumn = 1}, spanEnd = SourcePos {posLine = 409, posColumn = 1}}, locValue = TokenNewline},Located {locSpan = SourceSpan {spanFilename = "<input>", spanStart = SourcePos {posLine = 409, posColumn = 9}, spanEnd = SourcePos {posLine = 409, posColumn = 14}}, locValue = TokenIdent "total"},Located {locSpan = SourceSpan {spanFilename = "<input>", spanStart = SourcePos {posLine = 409, posColumn = 15}, spanEnd = SourcePos {posLine = 409, posColumn = 17}}, locValue = TokenOperator OpPlusAssign},Located {locSpan = SourceSpan {spanFilename = "<input>", spanStart = SourcePos {posLine = 409, posColumn = 18}, spanEnd = SourcePos {posLine = 409, posColumn = 28}}, locValue = TokenIdent "function_2"},Located {locSpan = SourceSpan {spanFilename = "<input>", spanStart = SourcePos {posLine = 409, posColumn = 28}, spanEnd = SourcePos {posLine = 409, posColumn = 29}}, locValue = TokenDelimiter DelimLeftParen},Located {locSpan = SourceSpan {spanFilename = "<input>", spanStart = SourcePos {posLine = 409, posColumn = 29}, spanEnd = SourcePos {posLine = 409, posColumn = 30}}, locValue = TokenIdent "i"},Located {locSpan = SourceSpan {spanFilename = "<input>", spanStart = SourcePos {posLine = 409, posColumn = 30}, spanEnd = SourcePos {posLine = 409, posColumn = 31}}, locValue = TokenDelimiter DelimRightParen},Located {locSpan = SourceSpan {spanFilename = "<input>", spanStart = SourcePos {posLine = 409, posColumn = 1}, spanEnd = SourcePos {posLine = 410, posColumn = 1}}, locValue = TokenNewline},Located {locSpan = SourceSpan {spanFilename = "<input>", spanStart = SourcePos {posLine = 410, posColumn = 9}, spanEnd = SourcePos {posLine = 410, posColumn = 14}}, locValue = TokenIdent "total"},Located {locSpan = SourceSpan {spanFilename = "<input>", spanStart = SourcePos {posLine = 410, posColumn = 15}, spanEnd = SourcePos {posLine = 410, posColumn = 17}}, locValue = TokenOperator OpPlusAssign},Located {locSpan = SourceSpan {spanFilename = "<input>", spanStart = SourcePos {posLine = 410, posColumn = 18}, spanEnd = SourcePos {posLine = 410, posColumn = 28}}, locValue = TokenIdent "function_3"},Located {locSpan = SourceSpan {spanFilename = "<input>", spanStart = SourcePos {posLine = 410, posColumn = 28}, spanEnd = SourcePos {posLine = 410, posColumn = 29}}, locValue = TokenDelimiter DelimLeftParen},Located {locSpan = SourceSpan {spanFilename = "<input>", spanStart = SourcePos {posLine = 410, posColumn = 29}, spanEnd = SourcePos {posLine = 410, posColumn = 30}}, locValue = TokenIdent "i"},Located {locSpan = SourceSpan {spanFilename = "<input>", spanStart = SourcePos {posLine = 410, posColumn = 30}, spanEnd = SourcePos {posLine = 410, posColumn = 31}}, locValue = TokenDelimiter DelimRightParen},Located {locSpan = SourceSpan {spanFilename = "<input>", spanStart = SourcePos {posLine = 410, posColumn = 1}, spanEnd = SourcePos {posLine = 411, posColumn = 1}}, locValue = TokenNewline},Located {locSpan = SourceSpan {spanFilename = "<input>", spanStart = SourcePos {posLine = 411, posColumn = 9}, spanEnd = SourcePos {posLine = 411, posColumn = 14}}, locValue = TokenIdent "total"},Located {locSpan = SourceSpan {spanFilename = "<input>", spanStart = SourcePos {posLine = 411, posColumn = 15}, spanEnd = SourcePos {posLine = 411, posColumn = 17}}, locValue = TokenOperator OpPlusAssign},Located {locSpan = SourceSpan {spanFilename = "<input>", spanStart = SourcePos {posLine = 411, posColumn = 18}, spanEnd = SourcePos {posLine = 411, posColumn = 28}}, locValue = TokenIdent "function_4"},Located {locSpan = SourceSpan {spanFilename = "<input>", spanStart = SourcePos {posLine = 411, posColumn = 28}, spanEnd = SourcePos {posLine = 411, posColumn = 29}}, locValue = TokenDelimiter DelimLeftParen},Located {locSpan = SourceSpan {spanFilename = "<input>", spanStart = SourcePos {posLine = 411, posColumn = 29}, spanEnd = SourcePos {posLine = 411, posColumn = 30}}, locValue = TokenIdent "i"},Located {locSpan = SourceSpan {spanFilename = "<input>", spanStart = SourcePos {posLine = 411, posColumn = 30}, spanEnd = SourcePos {posLine = 411, posColumn = 31}}, locValue = TokenDelimiter DelimRightParen},Located {locSpan = SourceSpan {spanFilename = "<input>", spanStart = SourcePos {posLine = 411, posColumn = 1}, spanEnd = SourcePos {posLine = 412, posColumn = 1}}, locValue = TokenNewline},Located {locSpan = SourceSpan {spanFilename = "<input>", spanStart = SourcePos {posLine = 412, posColumn = 9}, spanEnd = SourcePos {posLine = 412, posColumn = 14}}, locValue = TokenIdent "total"},Located {locSpan = SourceSpan {spanFilename = "<input>", spanStart = SourcePos {posLine = 412, posColumn = 15}, spanEnd = SourcePos {posLine = 412, posColumn = 17}}, locValue = TokenOperator OpPlusAssign},Located {locSpan = SourceSpan {spanFilename = "<input>", spanStart = SourcePos {posLine = 412, posColumn = 18}, spanEnd = SourcePos {posLine = 412, posColumn = 28}}, locValue = TokenIdent "function_5"},Located {locSpan = SourceSpan {spanFilename = "<input>", spanStart = SourcePos {posLine = 412, posColumn = 28}, spanEnd = SourcePos {posLine = 412, posColumn = 29}}, locValue = TokenDelimiter DelimLeftParen},Located {locSpan = SourceSpan {spanFilename = "<input>", spanStart = SourcePos {posLine = 412, posColumn = 29}, spanEnd = SourcePos {posLine = 412, posColumn = 30}}, locValue = TokenIdent "i"},Located {locSpan = SourceSpan {spanFilename = "<input>", spanStart = SourcePos {posLine = 412, posColumn = 30}, spanEnd = SourcePos {posLine = 412, posColumn = 31}}, locValue = TokenDelimiter DelimRightParen},Located {locSpan = SourceSpan {spanFilename = "<input>", spanStart = SourcePos {posLine = 412, posColumn = 1}, spanEnd = SourcePos {posLine = 413, posColumn = 1}}, locValue = TokenNewline},Located {locSpan = SourceSpan {spanFilename = "<input>", spanStart = SourcePos {posLine = 413, posColumn = 9}, spanEnd = SourcePos {posLine = 413, posColumn = 14}}, locValue = TokenIdent "total"},Located {locSpan = SourceSpan {spanFilename = "<input>", spanStart = SourcePos {posLine = 413, posColumn = 15}, spanEnd = SourcePos {posLine = 413, posColumn = 17}}, locValue = TokenOperator OpPlusAssign},Located {locSpan = SourceSpan {spanFilename = "<input>", spanStart = SourcePos {posLine = 413, posColumn = 18}, spanEnd = SourcePos {posLine = 413, posColumn = 28}}, locValue = TokenIdent "function_6"},Located {locSpan = SourceSpan {spanFilename = "<input>", spanStart = SourcePos {posLine = 413, posColumn = 28}, spanEnd = SourcePos {posLine = 413, posColumn = 29}}, locValue = TokenDelimiter DelimLeftParen},Located {locSpan = SourceSpan {spanFilename = "<input>", spanStart = SourcePos {posLine = 413, posColumn = 29}, spanEnd = SourcePos {posLine = 413, posColumn = 30}}, locValue = TokenIdent "i"},Located {locSpan = SourceSpan {spanFilename = "<input>", spanStart = SourcePos {posLine = 413, posColumn = 30}, spanEnd = SourcePos {posLine = 413, posColumn = 31}}, locValue = TokenDelimiter DelimRightParen},Located {locSpan = SourceSpan {spanFilename = "<input>", spanStart = SourcePos {posLine = 413, posColumn = 1}, spanEnd = SourcePos {posLine = 414, posColumn = 1}}, locValue = TokenNewline},Located {locSpan = SourceSpan {spanFilename = "<input>", spanStart = SourcePos {posLine = 414, posColumn = 9}, spanEnd = SourcePos {posLine = 414, posColumn = 14}}, locValue = TokenIdent "total"},Located {locSpan = SourceSpan {spanFilename = "<input>", spanStart = SourcePos {posLine = 414, posColumn = 15}, spanEnd = SourcePos {posLine = 414, posColumn = 17}}, locValue = TokenOperator OpPlusAssign},Located {locSpan = SourceSpan {spanFilename = "<input>", spanStart = SourcePos {posLine = 414, posColumn = 18}, spanEnd = SourcePos {posLine = 414, posColumn = 28}}, locValue = TokenIdent "function_7"},Located {locSpan = SourceSpan {spanFilename = "<input>", spanStart = SourcePos {posLine = 414, posColumn = 28}, spanEnd = SourcePos {posLine = 414, posColumn = 29}}, locValue = TokenDelimiter DelimLeftParen},Located {locSpan = SourceSpan {spanFilename = "<input>", spanStart = SourcePos {posLine = 414, posColumn = 29}, spanEnd = SourcePos {posLine = 414, posColumn = 30}}, locValue = TokenIdent "i"},Located {locSpan = SourceSpan {spanFilename = "<input>", spanStart = SourcePos {posLine = 414, posColumn = 30}, spanEnd = SourcePos {posLine = 414, posColumn = 31}}, locValue = TokenDelimiter DelimRightParen},Located {locSpan = SourceSpan {spanFilename = "<input>", spanStart = SourcePos {posLine = 414, posColumn = 1}, spanEnd = SourcePos {posLine = 415, posColumn = 1}}, locValue = TokenNewline},Located {locSpan = SourceSpan {spanFilename = "<input>", spanStart = SourcePos {posLine = 415, posColumn = 9}, spanEnd = SourcePos {posLine = 415, posColumn = 14}}, locValue = TokenIdent "total"},Located {locSpan = SourceSpan {spanFilename = "<input>", spanStart = SourcePos {posLine = 415, posColumn = 15}, spanEnd = SourcePos {posLine = 415, posColumn = 17}}, locValue = TokenOperator OpPlusAssign},Located {locSpan = SourceSpan {spanFilename = "<input>", spanStart = SourcePos {posLine = 415, posColumn = 18}, spanEnd = SourcePos {posLine = 415, posColumn = 28}}, locValue = TokenIdent "function_8"},Located {locSpan = SourceSpan {spanFilename = "<input>", spanStart = SourcePos {posLine = 415, posColumn = 28}, spanEnd = SourcePos {posLine = 415, posColumn = 29}}, locValue = TokenDelimiter DelimLeftParen},Located {locSpan = SourceSpan {spanFilename = "<input>", spanStart = SourcePos {posLine = 415, posColumn = 29}, spanEnd = SourcePos {posLine = 415, posColumn = 30}}, locValue = TokenIdent "i"},Located {locSpan = SourceSpan {spanFilename = "<input>", spanStart = SourcePos {posLine = 415, posColumn = 30}, spanEnd = SourcePos {posLine = 415, posColumn = 31}}, locValue = TokenDelimiter DelimRightParen},Located {locSpan = SourceSpan {spanFilename = "<input>", spanStart = SourcePos {posLine = 415, posColumn = 1}, spanEnd = SourcePos {posLine = 416, posColumn = 1}}, locValue = TokenNewline},Located {locSpan = SourceSpan {spanFilename = "<input>", spanStart = SourcePos {posLine = 416, posColumn = 9}, spanEnd = SourcePos {posLine = 416, posColumn = 14}}, locValue = TokenIdent "total"},Located {locSpan = SourceSpan {spanFilename = "<input>", spanStart = SourcePos {posLine = 416, posColumn = 15}, spanEnd = SourcePos {posLine = 416, posColumn = 17}}, locValue = TokenOperator OpPlusAssign},Located {locSpan = SourceSpan {spanFilename = "<input>", spanStart = SourcePos {posLine = 416, posColumn = 18}, spanEnd = SourcePos {posLine = 416, posColumn = 28}}, locValue = TokenIdent "function_9"},Located {locSpan = SourceSpan {spanFilename = "<input>", spanStart = SourcePos {posLine = 416, posColumn = 28}, spanEnd = SourcePos {posLine = 416, posColumn = 29}}, locValue = TokenDelimiter DelimLeftParen},Located {locSpan = SourceSpan {spanFilename = "<input>", spanStart = SourcePos {posLine = 416, posColumn = 29}, spanEnd = SourcePos {posLine = 416, posColumn = 30}}, locValue = TokenIdent "i"},Located {locSpan = SourceSpan {spanFilename = "<input>", spanStart = SourcePos {posLine = 416, posColumn = 30}, spanEnd = SourcePos {posLine = 416, posColumn = 31}}, locValue = TokenDelimiter DelimRightParen},Located {locSpan = SourceSpan {spanFilename = "<input>", spanStart = SourcePos {posLine = 416, posColumn = 1}, spanEnd = SourcePos {posLine = 417, posColumn = 1}}, locValue = TokenNewline},Located {locSpan = SourceSpan {spanFilename = "<input>", spanStart = SourcePos {posLine = 417, posColumn = 9}, spanEnd = SourcePos {posLine = 417, posColumn = 14}}, locValue = TokenIdent "total"},Located {locSpan = SourceSpan {spanFilename = "<input>", spanStart = SourcePos {posLine = 417, posColumn = 15}, spanEnd = SourcePos {posLine = 417, posColumn = 17}}, locValue = TokenOperator OpPlusAssign},Located {locSpan = SourceSpan {spanFilename = "<input>", spanStart = SourcePos {posLine = 417, posColumn = 18}, spanEnd = SourcePos {posLine = 417, posColumn = 29}}, locValue = TokenIdent "function_10"},Located {locSpan = SourceSpan {spanFilename = "<input>", spanStart = SourcePos {posLine = 417, posColumn = 29}, spanEnd = SourcePos {posLine = 417, posColumn = 30}}, locValue = TokenDelimiter DelimLeftParen},Located {locSpan = SourceSpan {spanFilename = "<input>", spanStart = SourcePos {posLine = 417, posColumn = 30}, spanEnd = SourcePos {posLine = 417, posColumn = 31}}, locValue = TokenIdent "i"},Located {locSpan = SourceSpan {spanFilename = "<input>", spanStart = SourcePos {posLine = 417, posColumn = 31}, spanEnd = SourcePos {posLine = 417, posColumn = 32}}, locValue = TokenDelimiter DelimRightParen},Located {locSpan = SourceSpan {spanFilename = "<input>", spanStart = SourcePos {posLine = 417, posColumn = 1}, spanEnd = SourcePos {posLine = 418, posColumn = 1}}, locValue = TokenNewline},Located {locSpan = SourceSpan {spanFilename = "<input>", spanStart = SourcePos {posLine = 418, posColumn = 9}, spanEnd = SourcePos {posLine = 418, posColumn = 14}}, locValue = TokenIdent "total"},Located {locSpan = SourceSpan {spanFilename = "<input>", spanStart = SourcePos {posLine = 418, posColumn = 15}, spanEnd = SourcePos {posLine = 418, posColumn = 17}}, locValue = TokenOperator OpPlusAssign},Located {locSpan = SourceSpan {spanFilename = "<input>", spanStart = SourcePos {posLine = 418, posColumn = 18}, spanEnd = SourcePos {posLine = 418, posColumn = 29}}, locValue = TokenIdent "function_11"},Located {locSpan = SourceSpan {spanFilename = "<input>", spanStart = SourcePos {posLine = 418, posColumn = 29}, spanEnd = SourcePos {posLine = 418, posColumn = 30}}, locValue = TokenDelimiter DelimLeftParen},Located {locSpan = SourceSpan {spanFilename = "<input>", spanStart = SourcePos {posLine = 418, posColumn = 30}, spanEnd = SourcePos {posLine = 418, posColumn = 31}}, locValue = TokenIdent "i"},Located {locSpan = SourceSpan {spanFilename = "<input>", spanStart = SourcePos {posLine = 418, posColumn = 31}, spanEnd = SourcePos {posLine = 418, posColumn = 32}}, locValue = TokenDelimiter DelimRightParen},Located {locSpan = SourceSpan {spanFilename = "<input>", spanStart = SourcePos {posLine = 418, posColumn = 1}, spanEnd = SourcePos {posLine = 419, posColumn = 1}}, locValue = TokenNewline},Located {locSpan = SourceSpan {spanFilename = "<input>", spanStart = SourcePos {posLine = 419, posColumn = 9}, spanEnd = SourcePos {posLine = 419, posColumn = 14}}, locValue = TokenIdent "total"},Located {locSpan = SourceSpan {spanFilename = "<input>", spanStart = SourcePos {posLine = 419, posColumn = 15}, spanEnd = SourcePos {posLine = 419, posColumn = 17}}, locValue = TokenOperator OpPlusAssign},Located {locSpan = SourceSpan {spanFilename = "<input>", spanStart = SourcePos {posLine = 419, posColumn = 18}, spanEnd = SourcePos {posLine = 419, posColumn = 29}}, locValue = TokenIdent "function_12"},Located {locSpan = SourceSpan {spanFilename = "<input>", spanStart = SourcePos {posLine = 419, posColumn = 29}, spanEnd = SourcePos {posLine = 419, posColumn = 30}}, locValue = TokenDelimiter DelimLeftParen},Located {locSpan = SourceSpan {spanFilename = "<input>", spanStart = SourcePos {posLine = 419, posColumn = 30}, spanEnd = SourcePos {posLine = 419, posColumn = 31}}, locValue = TokenIdent "i"},Located {locSpan = SourceSpan {spanFilename = "<input>", spanStart = SourcePos {posLine = 419, posColumn = 31}, spanEnd = SourcePos {posLine = 419, posColumn = 32}}, locValue = TokenDelimiter DelimRightParen},Located {locSpan = SourceSpan {spanFilename = "<input>", spanStart = SourcePos {posLine = 419, posColumn = 1}, spanEnd = SourcePos {posLine = 420, posColumn = 1}}, locValue = TokenNewline},Located {locSpan = SourceSpan {spanFilename = "<input>", spanStart = SourcePos {posLine = 420, posColumn = 9}, spanEnd = SourcePos {posLine = 420, posColumn = 14}}, locValue = TokenIdent "total"},Located {locSpan = SourceSpan {spanFilename = "<input>", spanStart = SourcePos {posLine = 420, posColumn = 15}, spanEnd = SourcePos {posLine = 420, posColumn = 17}}, locValue = TokenOperator OpPlusAssign},Located {locSpan = SourceSpan {spanFilename = "<input>", spanStart = SourcePos {posLine = 420, posColumn = 18}, spanEnd = SourcePos {posLine = 420, posColumn = 29}}, locValue = TokenIdent "function_13"},Located {locSpan = SourceSpan {spanFilename = "<input>", spanStart = SourcePos {posLine = 420, posColumn = 29}, spanEnd = SourcePos {posLine = 420, posColumn = 30}}, locValue = TokenDelimiter DelimLeftParen},Located {locSpan = SourceSpan {spanFilename = "<input>", spanStart = SourcePos {posLine = 420, posColumn = 30}, spanEnd = SourcePos {posLine = 420, posColumn = 31}}, locValue = TokenIdent "i"},Located {locSpan = SourceSpan {spanFilename = "<input>", spanStart = SourcePos {posLine = 420, posColumn = 31}, spanEnd = SourcePos {posLine = 420, posColumn = 32}}, locValue = TokenDelimiter DelimRightParen},Located {locSpan = SourceSpan {spanFilename = "<input>", spanStart = SourcePos {posLine = 420, posColumn = 1}, spanEnd = SourcePos {posLine = 421, posColumn = 1}}, locValue = TokenNewline},Located {locSpan = SourceSpan {spanFilename = "<input>", spanStart = SourcePos {posLine = 421, posColumn = 9}, spanEnd = SourcePos {posLine = 421, posColumn = 14}}, locValue = TokenIdent "total"},Located {locSpan = SourceSpan {spanFilename = "<input>", spanStart = SourcePos {posLine = 421, posColumn = 15}, spanEnd = SourcePos {posLine = 421, posColumn = 17}}, locValue = TokenOperator OpPlusAssign},Located {locSpan = SourceSpan {spanFilename = "<input>", spanStart = SourcePos {posLine = 421, posColumn = 18}, spanEnd = SourcePos {posLine = 421, posColumn = 29}}, locValue = TokenIdent "function_14"},Located {locSpan = SourceSpan {spanFilename = "<input>", spanStart = SourcePos {posLine = 421, posColumn = 29}, spanEnd = SourcePos {posLine = 421, posColumn = 30}}, locValue = TokenDelimiter DelimLeftParen},Located {locSpan = SourceSpan {spanFilename = "<input>", spanStart = SourcePos {posLine = 421, posColumn = 30}, spanEnd = SourcePos {posLine = 421, posColumn = 31}}, locValue = TokenIdent "i"},Located {locSpan = SourceSpan {spanFilename = "<input>", spanStart = SourcePos {posLine = 421, posColumn = 31}, spanEnd = SourcePos {posLine = 421, posColumn = 32}}, locValue = TokenDelimiter DelimRightParen},Located {locSpan = SourceSpan {spanFilename = "<input>", spanStart = SourcePos {posLine = 421, posColumn = 1}, spanEnd = SourcePos {posLine = 422, posColumn = 1}}, locValue = TokenNewline},Located {locSpan = SourceSpan {spanFilename = "<input>", spanStart = SourcePos {posLine = 422, posColumn = 9}, spanEnd = SourcePos {posLine = 422, posColumn = 14}}, locValue = TokenIdent "total"},Located {locSpan = SourceSpan {spanFilename = "<input>", spanStart = SourcePos {posLine = 422, posColumn = 15}, spanEnd = SourcePos {posLine = 422, posColumn = 17}}, locValue = TokenOperator OpPlusAssign},Located {locSpan = SourceSpan {spanFilename = "<input>", spanStart = SourcePos {posLine = 422, posColumn = 18}, spanEnd = SourcePos {posLine = 422, posColumn = 29}}, locValue = TokenIdent "function_15"},Located {locSpan = SourceSpan {spanFilename = "<input>", spanStart = SourcePos {posLine = 422, posColumn = 29}, spanEnd = SourcePos {posLine = 422, posColumn = 30}}, locValue = TokenDelimiter DelimLeftParen},Located {locSpan = SourceSpan {spanFilename = "<input>", spanStart = SourcePos {posLine = 422, posColumn = 30}, spanEnd = SourcePos {posLine = 422, posColumn = 31}}, locValue = TokenIdent "i"},Located {locSpan = SourceSpan {spanFilename = "<input>", spanStart = SourcePos {posLine = 422, posColumn = 31}, spanEnd = SourcePos {posLine = 422, posColumn = 32}}, locValue = TokenDelimiter DelimRightParen},Located {locSpan = SourceSpan {spanFilename = "<input>", spanStart = SourcePos {posLine = 422, posColumn = 1}, spanEnd = SourcePos {posLine = 423, posColumn = 1}}, locValue = TokenNewline},Located {locSpan = SourceSpan {spanFilename = "<input>", spanStart = SourcePos {posLine = 423, posColumn = 9}, spanEnd = SourcePos {posLine = 423, posColumn = 14}}, locValue = TokenIdent "total"},Located {locSpan = SourceSpan {spanFilename = "<input>", spanStart = SourcePos {posLine = 423, posColumn = 15}, spanEnd = SourcePos {posLine = 423, posColumn = 17}}, locValue = TokenOperator OpPlusAssign},Located {locSpan = SourceSpan {spanFilename = "<input>", spanStart = SourcePos {posLine = 423, posColumn = 18}, spanEnd = SourcePos {posLine = 423, posColumn = 29}}, locValue = TokenIdent "function_16"},Located {locSpan = SourceSpan {spanFilename = "<input>", spanStart = SourcePos {posLine = 423, posColumn = 29}, spanEnd = SourcePos {posLine = 423, posColumn = 30}}, locValue = TokenDelimiter DelimLeftParen},Located {locSpan = SourceSpan {spanFilename = "<input>", spanStart = SourcePos {posLine = 423, posColumn = 30}, spanEnd = SourcePos {posLine = 423, posColumn = 31}}, locValue = TokenIdent "i"},Located {locSpan = SourceSpan {spanFilename = "<input>", spanStart = SourcePos {posLine = 423, posColumn = 31}, spanEnd = SourcePos {posLine = 423, posColumn = 32}}, locValue = TokenDelimiter DelimRightParen},Located {locSpan = SourceSpan {spanFilename = "<input>", spanStart = SourcePos {posLine = 423, posColumn = 1}, spanEnd = SourcePos {posLine = 424, posColumn = 1}}, locValue = TokenNewline},Located {locSpan = SourceSpan {spanFilename = "<input>", spanStart = SourcePos {posLine = 424, posColumn = 9}, spanEnd = SourcePos {posLine = 424, posColumn = 14}}, locValue = TokenIdent "total"},Located {locSpan = SourceSpan {spanFilename = "<input>", spanStart = SourcePos {posLine = 424, posColumn = 15}, spanEnd = SourcePos {posLine = 424, posColumn = 17}}, locValue = TokenOperator OpPlusAssign},Located {locSpan = SourceSpan {spanFilename = "<input>", spanStart = SourcePos {posLine = 424, posColumn = 18}, spanEnd = SourcePos {posLine = 424, posColumn = 29}}, locValue = TokenIdent "function_17"},Located {locSpan = SourceSpan {spanFilename = "<input>", spanStart = SourcePos {posLine = 424, posColumn = 29}, spanEnd = SourcePos {posLine = 424, posColumn = 30}}, locValue = TokenDelimiter DelimLeftParen},Located {locSpan = SourceSpan {spanFilename = "<input>", spanStart = SourcePos {posLine = 424, posColumn = 30}, spanEnd = SourcePos {posLine = 424, posColumn = 31}}, locValue = TokenIdent "i"},Located {locSpan = SourceSpan {spanFilename = "<input>", spanStart = SourcePos {posLine = 424, posColumn = 31}, spanEnd = SourcePos {posLine = 424, posColumn = 32}}, locValue = TokenDelimiter DelimRightParen},Located {locSpan = SourceSpan {spanFilename = "<input>", spanStart = SourcePos {posLine = 424, posColumn = 1}, spanEnd = SourcePos {posLine = 425, posColumn = 1}}, locValue = TokenNewline},Located {locSpan = SourceSpan {spanFilename = "<input>", spanStart = SourcePos {posLine = 425, posColumn = 9}, spanEnd = SourcePos {posLine = 425, posColumn = 14}}, locValue = TokenIdent "total"},Located {locSpan = SourceSpan {spanFilename = "<input>", spanStart = SourcePos {posLine = 425, posColumn = 15}, spanEnd = SourcePos {posLine = 425, posColumn = 17}}, locValue = TokenOperator OpPlusAssign},Located {locSpan = SourceSpan {spanFilename = "<input>", spanStart = SourcePos {posLine = 425, posColumn = 18}, spanEnd = SourcePos {posLine = 425, posColumn = 29}}, locValue = TokenIdent "function_18"},Located {locSpan = SourceSpan {spanFilename = "<input>", spanStart = SourcePos {posLine = 425, posColumn = 29}, spanEnd = SourcePos {posLine = 425, posColumn = 30}}, locValue = TokenDelimiter DelimLeftParen},Located {locSpan = SourceSpan {spanFilename = "<input>", spanStart = SourcePos {posLine = 425, posColumn = 30}, spanEnd = SourcePos {posLine = 425, posColumn = 31}}, locValue = TokenIdent "i"},Located {locSpan = SourceSpan {spanFilename = "<input>", spanStart = SourcePos {posLine = 425, posColumn = 31}, spanEnd = SourcePos {posLine = 425, posColumn = 32}}, locValue = TokenDelimiter DelimRightParen},Located {locSpan = SourceSpan {spanFilename = "<input>", spanStart = SourcePos {posLine = 425, posColumn = 1}, spanEnd = SourcePos {posLine = 426, posColumn = 1}}, locValue = TokenNewline},Located {locSpan = SourceSpan {spanFilename = "<input>", spanStart = SourcePos {posLine = 426, posColumn = 9}, spanEnd = SourcePos {posLine = 426, posColumn = 14}}, locValue = TokenIdent "total"},Located {locSpan = SourceSpan {spanFilename = "<input>", spanStart = SourcePos {posLine = 426, posColumn = 15}, spanEnd = SourcePos {posLine = 426, posColumn = 17}}, locValue = TokenOperator OpPlusAssign},Located {locSpan = SourceSpan {spanFilename = "<input>", spanStart = SourcePos {posLine = 426, posColumn = 18}, spanEnd = SourcePos {posLine = 426, posColumn = 29}}, locValue = TokenIdent "function_19"},Located {locSpan = SourceSpan {spanFilename = "<input>", spanStart = SourcePos {posLine = 426, posColumn = 29}, spanEnd = SourcePos {posLine = 426, posColumn = 30}}, locValue = TokenDelimiter DelimLeftParen},Located {locSpan = SourceSpan {spanFilename = "<input>", spanStart = SourcePos {posLine = 426, posColumn = 30}, spanEnd = SourcePos {posLine = 426, posColumn = 31}}, locValue = TokenIdent "i"},Located {locSpan = SourceSpan {spanFilename = "<input>", spanStart = SourcePos {posLine = 426, posColumn = 31}, spanEnd = SourcePos {posLine = 426, posColumn = 32}}, locValue = TokenDelimiter DelimRightParen},Located {locSpan = SourceSpan {spanFilename = "<input>", spanStart = SourcePos {posLine = 426, posColumn = 1}, spanEnd = SourcePos {posLine = 427, posColumn = 1}}, locValue = TokenNewline},Located {locSpan = SourceSpan {spanFilename = "<input>", spanStart = SourcePos {posLine = 427, posColumn = 9}, spanEnd = SourcePos {posLine = 427, posColumn = 14}}, locValue = TokenIdent "total"},Located {locSpan = SourceSpan {spanFilename = "<input>", spanStart = SourcePos {posLine = 427, posColumn = 15}, spanEnd = SourcePos {posLine = 427, posColumn = 17}}, locValue = TokenOperator OpPlusAssign},Located {locSpan = SourceSpan {spanFilename = "<input>", spanStart = SourcePos {posLine = 427, posColumn = 18}, spanEnd = SourcePos {posLine = 427, posColumn = 29}}, locValue = TokenIdent "function_20"},Located {locSpan = SourceSpan {spanFilename = "<input>", spanStart = SourcePos {posLine = 427, posColumn = 29}, spanEnd = SourcePos {posLine = 427, posColumn = 30}}, locValue = TokenDelimiter DelimLeftParen},Located {locSpan = SourceSpan {spanFilename = "<input>", spanStart = SourcePos {posLine = 427, posColumn = 30}, spanEnd = SourcePos {posLine = 427, posColumn = 31}}, locValue = TokenIdent "i"},Located {locSpan = SourceSpan {spanFilename = "<input>", spanStart = SourcePos {posLine = 427, posColumn = 31}, spanEnd = SourcePos {posLine = 427, posColumn = 32}}, locValue = TokenDelimiter DelimRightParen},Located {locSpan = SourceSpan {spanFilename = "<input>", spanStart = SourcePos {posLine = 427, posColumn = 1}, spanEnd = SourcePos {posLine = 428, posColumn = 1}}, locValue = TokenNewline},Located {locSpan = SourceSpan {spanFilename = "<input>", spanStart = SourcePos {posLine = 428, posColumn = 9}, spanEnd = SourcePos {posLine = 428, posColumn = 14}}, locValue = TokenIdent "total"},Located {locSpan = SourceSpan {spanFilename = "<input>", spanStart = SourcePos {posLine = 428, posColumn = 15}, spanEnd = SourcePos {posLine = 428, posColumn = 17}}, locValue = TokenOperator OpPlusAssign},Located {locSpan = SourceSpan {spanFilename = "<input>", spanStart = SourcePos {posLine = 428, posColumn = 18}, spanEnd = SourcePos {posLine = 428, posColumn = 29}}, locValue = TokenIdent "function_21"},Located {locSpan = SourceSpan {spanFilename = "<input>", spanStart = SourcePos {posLine = 428, posColumn = 29}, spanEnd = SourcePos {posLine = 428, posColumn = 30}}, locValue = TokenDelimiter DelimLeftParen},Located {locSpan = SourceSpan {spanFilename = "<input>", spanStart = SourcePos {posLine = 428, posColumn = 30}, spanEnd = SourcePos {posLine = 428, posColumn = 31}}, locValue = TokenIdent "i"},Located {locSpan = SourceSpan {spanFilename = "<input>", spanStart = SourcePos {posLine = 428, posColumn = 31}, spanEnd = SourcePos {posLine = 428, posColumn = 32}}, locValue = TokenDelimiter DelimRightParen},Located {locSpan = SourceSpan {spanFilename = "<input>", spanStart = SourcePos {posLine = 428, posColumn = 1}, spanEnd = SourcePos {posLine = 429, posColumn = 1}}, locValue = TokenNewline},Located {locSpan = SourceSpan {spanFilename = "<input>", spanStart = SourcePos {posLine = 429, posColumn = 9}, spanEnd = SourcePos {posLine = 429, posColumn = 14}}, locValue = TokenIdent "total"},Located {locSpan = SourceSpan {spanFilename = "<input>", spanStart = SourcePos {posLine = 429, posColumn = 15}, spanEnd = SourcePos {posLine = 429, posColumn = 17}}, locValue = TokenOperator OpPlusAssign},Located {locSpan = SourceSpan {spanFilename = "<input>", spanStart = SourcePos {posLine = 429, posColumn = 18}, spanEnd = SourcePos {posLine = 429, posColumn = 29}}, locValue = TokenIdent "function_22"},Located {locSpan = SourceSpan {spanFilename = "<input>", spanStart = SourcePos {posLine = 429, posColumn = 29}, spanEnd = SourcePos {posLine = 429, posColumn = 30}}, locValue = TokenDelimiter DelimLeftParen},Located {locSpan = SourceSpan {spanFilename = "<input>", spanStart = SourcePos {posLine = 429, posColumn = 30}, spanEnd = SourcePos {posLine = 429, posColumn = 31}}, locValue = TokenIdent "i"},Located {locSpan = SourceSpan {spanFilename = "<input>", spanStart = SourcePos {posLine = 429, posColumn = 31}, spanEnd = SourcePos {posLine = 429, posColumn = 32}}, locValue = TokenDelimiter DelimRightParen},Located {locSpan = SourceSpan {spanFilename = "<input>", spanStart = SourcePos {posLine = 429, posColumn = 1}, spanEnd = SourcePos {posLine = 430, posColumn = 1}}, locValue = TokenNewline},Located {locSpan = SourceSpan {spanFilename = "<input>", spanStart = SourcePos {posLine = 430, posColumn = 9}, spanEnd = SourcePos {posLine = 430, posColumn = 14}}, locValue = TokenIdent "total"},Located {locSpan = SourceSpan {spanFilename = "<input>", spanStart = SourcePos {posLine = 430, posColumn = 15}, spanEnd = SourcePos {posLine = 430, posColumn = 17}}, locValue = TokenOperator OpPlusAssign},Located {locSpan = SourceSpan {spanFilename = "<input>", spanStart = SourcePos {posLine = 430, posColumn = 18}, spanEnd = SourcePos {posLine = 430, posColumn = 29}}, locValue = TokenIdent "function_23"},Located {locSpan = SourceSpan {spanFilename = "<input>", spanStart = SourcePos {posLine = 430, posColumn = 29}, spanEnd = SourcePos {posLine = 430, posColumn = 30}}, locValue = TokenDelimiter DelimLeftParen},Located {locSpan = SourceSpan {spanFilename = "<input>", spanStart = SourcePos {posLine = 430, posColumn = 30}, spanEnd = SourcePos {posLine = 430, posColumn = 31}}, locValue = TokenIdent "i"},Located {locSpan = SourceSpan {spanFilename = "<input>", spanStart = SourcePos {posLine = 430, posColumn = 31}, spanEnd = SourcePos {posLine = 430, posColumn = 32}}, locValue = TokenDelimiter DelimRightParen},Located {locSpan = SourceSpan {spanFilename = "<input>", spanStart = SourcePos {posLine = 430, posColumn = 1}, spanEnd = SourcePos {posLine = 431, posColumn = 1}}, locValue = TokenNewline},Located {locSpan = SourceSpan {spanFilename = "<input>", spanStart = SourcePos {posLine = 431, posColumn = 9}, spanEnd = SourcePos {posLine = 431, posColumn = 14}}, locValue = TokenIdent "total"},Located {locSpan = SourceSpan {spanFilename = "<input>", spanStart = SourcePos {posLine = 431, posColumn = 15}, spanEnd = SourcePos {posLine = 431, posColumn = 17}}, locValue = TokenOperator OpPlusAssign},Located {locSpan = SourceSpan {spanFilename = "<input>", spanStart = SourcePos {posLine = 431, posColumn = 18}, spanEnd = SourcePos {posLine = 431, posColumn = 29}}, locValue = TokenIdent "function_24"},Located {locSpan = SourceSpan {spanFilename = "<input>", spanStart = SourcePos {posLine = 431, posColumn = 29}, spanEnd = SourcePos {posLine = 431, posColumn = 30}}, locValue = TokenDelimiter DelimLeftParen},Located {locSpan = SourceSpan {spanFilename = "<input>", spanStart = SourcePos {posLine = 431, posColumn = 30}, spanEnd = SourcePos {posLine = 431, posColumn = 31}}, locValue = TokenIdent "i"},Located {locSpan = SourceSpan {spanFilename = "<input>", spanStart = SourcePos {posLine = 431, posColumn = 31}, spanEnd = SourcePos {posLine = 431, posColumn = 32}}, locValue = TokenDelimiter DelimRightParen},Located {locSpan = SourceSpan {spanFilename = "<input>", spanStart = SourcePos {posLine = 431, posColumn = 1}, spanEnd = SourcePos {posLine = 432, posColumn = 1}}, locValue = TokenNewline},Located {locSpan = SourceSpan {spanFilename = "<input>", spanStart = SourcePos {posLine = 432, posColumn = 9}, spanEnd = SourcePos {posLine = 432, posColumn = 14}}, locValue = TokenIdent "total"},Located {locSpan = SourceSpan {spanFilename = "<input>", spanStart = SourcePos {posLine = 432, posColumn = 15}, spanEnd = SourcePos {posLine = 432, posColumn = 17}}, locValue = TokenOperator OpPlusAssign},Located {locSpan = SourceSpan {spanFilename = "<input>", spanStart = SourcePos {posLine = 432, posColumn = 18}, spanEnd = SourcePos {posLine = 432, posColumn = 29}}, locValue = TokenIdent "function_25"},Located {locSpan = SourceSpan {spanFilename = "<input>", spanStart = SourcePos {posLine = 432, posColumn = 29}, spanEnd = SourcePos {posLine = 432, posColumn = 30}}, locValue = TokenDelimiter DelimLeftParen},Located {locSpan = SourceSpan {spanFilename = "<input>", spanStart = SourcePos {posLine = 432, posColumn = 30}, spanEnd = SourcePos {posLine = 432, posColumn = 31}}, locValue = TokenIdent "i"},Located {locSpan = SourceSpan {spanFilename = "<input>", spanStart = SourcePos {posLine = 432, posColumn = 31}, spanEnd = SourcePos {posLine = 432, posColumn = 32}}, locValue = TokenDelimiter DelimRightParen},Located {locSpan = SourceSpan {spanFilename = "<input>", spanStart = SourcePos {posLine = 432, posColumn = 1}, spanEnd = SourcePos {posLine = 433, posColumn = 1}}, locValue = TokenNewline},Located {locSpan = SourceSpan {spanFilename = "<input>", spanStart = SourcePos {posLine = 433, posColumn = 9}, spanEnd = SourcePos {posLine = 433, posColumn = 14}}, locValue = TokenIdent "total"},Located {locSpan = SourceSpan {spanFilename = "<input>", spanStart = SourcePos {posLine = 433, posColumn = 15}, spanEnd = SourcePos {posLine = 433, posColumn = 17}}, locValue = TokenOperator OpPlusAssign},Located {locSpan = SourceSpan {spanFilename = "<input>", spanStart = SourcePos {posLine = 433, posColumn = 18}, spanEnd = SourcePos {posLine = 433, posColumn = 29}}, locValue = TokenIdent "function_26"},Located {locSpan = SourceSpan {spanFilename = "<input>", spanStart = SourcePos {posLine = 433, posColumn = 29}, spanEnd = SourcePos {posLine = 433, posColumn = 30}}, locValue = TokenDelimiter DelimLeftParen},Located {locSpan = SourceSpan {spanFilename = "<input>", spanStart = SourcePos {posLine = 433, posColumn = 30}, spanEnd = SourcePos {posLine = 433, posColumn = 31}}, locValue = TokenIdent "i"},Located {locSpan = SourceSpan {spanFilename = "<input>", spanStart = SourcePos {posLine = 433, posColumn = 31}, spanEnd = SourcePos {posLine = 433, posColumn = 32}}, locValue = TokenDelimiter DelimRightParen},Located {locSpan = SourceSpan {spanFilename = "<input>", spanStart = SourcePos {posLine = 433, posColumn = 1}, spanEnd = SourcePos {posLine = 434, posColumn = 1}}, locValue = TokenNewline},Located {locSpan = SourceSpan {spanFilename = "<input>", spanStart = SourcePos {posLine = 434, posColumn = 9}, spanEnd = SourcePos {posLine = 434, posColumn = 14}}, locValue = TokenIdent "total"},Located {locSpan = SourceSpan {spanFilename = "<input>", spanStart = SourcePos {posLine = 434, posColumn = 15}, spanEnd = SourcePos {posLine = 434, posColumn = 17}}, locValue = TokenOperator OpPlusAssign},Located {locSpan = SourceSpan {spanFilename = "<input>", spanStart = SourcePos {posLine = 434, posColumn = 18}, spanEnd = SourcePos {posLine = 434, posColumn = 29}}, locValue = TokenIdent "function_27"},Located {locSpan = SourceSpan {spanFilename = "<input>", spanStart = SourcePos {posLine = 434, posColumn = 29}, spanEnd = SourcePos {posLine = 434, posColumn = 30}}, locValue = TokenDelimiter DelimLeftParen},Located {locSpan = SourceSpan {spanFilename = "<input>", spanStart = SourcePos {posLine = 434, posColumn = 30}, spanEnd = SourcePos {posLine = 434, posColumn = 31}}, locValue = TokenIdent "i"},Located {locSpan = SourceSpan {spanFilename = "<input>", spanStart = SourcePos {posLine = 434, posColumn = 31}, spanEnd = SourcePos {posLine = 434, posColumn = 32}}, locValue = TokenDelimiter DelimRightParen},Located {locSpan = SourceSpan {spanFilename = "<input>", spanStart = SourcePos {posLine = 434, posColumn = 1}, spanEnd = SourcePos {posLine = 435, posColumn = 1}}, locValue = TokenNewline},Located {locSpan = SourceSpan {spanFilename = "<input>", spanStart = SourcePos {posLine = 435, posColumn = 9}, spanEnd = SourcePos {posLine = 435, posColumn = 14}}, locValue = TokenIdent "total"},Located {locSpan = SourceSpan {spanFilename = "<input>", spanStart = SourcePos {posLine = 435, posColumn = 15}, spanEnd = SourcePos {posLine = 435, posColumn = 17}}, locValue = TokenOperator OpPlusAssign},Located {locSpan = SourceSpan {spanFilename = "<input>", spanStart = SourcePos {posLine = 435, posColumn = 18}, spanEnd = SourcePos {posLine = 435, posColumn = 29}}, locValue = TokenIdent "function_28"},Located {locSpan = SourceSpan {spanFilename = "<input>", spanStart = SourcePos {posLine = 435, posColumn = 29}, spanEnd = SourcePos {posLine = 435, posColumn = 30}}, locValue = TokenDelimiter DelimLeftParen},Located {locSpan = SourceSpan {spanFilename = "<input>", spanStart = SourcePos {posLine = 435, posColumn = 30}, spanEnd = SourcePos {posLine = 435, posColumn = 31}}, locValue = TokenIdent "i"},Located {locSpan = SourceSpan {spanFilename = "<input>", spanStart = SourcePos {posLine = 435, posColumn = 31}, spanEnd = SourcePos {posLine = 435, posColumn = 32}}, locValue = TokenDelimiter DelimRightParen},Located {locSpan = SourceSpan {spanFilename = "<input>", spanStart = SourcePos {posLine = 435, posColumn = 1}, spanEnd = SourcePos {posLine = 436, posColumn = 1}}, locValue = TokenNewline},Located {locSpan = SourceSpan {spanFilename = "<input>", spanStart = SourcePos {posLine = 436, posColumn = 9}, spanEnd = SourcePos {posLine = 436, posColumn = 14}}, locValue = TokenIdent "total"},Located {locSpan = SourceSpan {spanFilename = "<input>", spanStart = SourcePos {posLine = 436, posColumn = 15}, spanEnd = SourcePos {posLine = 436, posColumn = 17}}, locValue = TokenOperator OpPlusAssign},Located {locSpan = SourceSpan {spanFilename = "<input>", spanStart = SourcePos {posLine = 436, posColumn = 18}, spanEnd = SourcePos {posLine = 436, posColumn = 29}}, locValue = TokenIdent "function_29"},Located {locSpan = SourceSpan {spanFilename = "<input>", spanStart = SourcePos {posLine = 436, posColumn = 29}, spanEnd = SourcePos {posLine = 436, posColumn = 30}}, locValue = TokenDelimiter DelimLeftParen},Located {locSpan = SourceSpan {spanFilename = "<input>", spanStart = SourcePos {posLine = 436, posColumn = 30}, spanEnd = SourcePos {posLine = 436, posColumn = 31}}, locValue = TokenIdent "i"},Located {locSpan = SourceSpan {spanFilename = "<input>", spanStart = SourcePos {posLine = 436, posColumn = 31}, spanEnd = SourcePos {posLine = 436, posColumn = 32}}, locValue = TokenDelimiter DelimRightParen},Located {locSpan = SourceSpan {spanFilename = "<input>", spanStart = SourcePos {posLine = 436, posColumn = 1}, spanEnd = SourcePos {posLine = 437, posColumn = 1}}, locValue = TokenNewline},Located {locSpan = SourceSpan {spanFilename = "<input>", spanStart = SourcePos {posLine = 437, posColumn = 9}, spanEnd = SourcePos {posLine = 437, posColumn = 14}}, locValue = TokenIdent "total"},Located {locSpan = SourceSpan {spanFilename = "<input>", spanStart = SourcePos {posLine = 437, posColumn = 15}, spanEnd = SourcePos {posLine = 437, posColumn = 17}}, locValue = TokenOperator OpPlusAssign},Located {locSpan = SourceSpan {spanFilename = "<input>", spanStart = SourcePos {posLine = 437, posColumn = 18}, spanEnd = SourcePos {posLine = 437, posColumn = 29}}, locValue = TokenIdent "function_30"},Located {locSpan = SourceSpan {spanFilename = "<input>", spanStart = SourcePos {posLine = 437, posColumn = 29}, spanEnd = SourcePos {posLine = 437, posColumn = 30}}, locValue = TokenDelimiter DelimLeftParen},Located {locSpan = SourceSpan {spanFilename = "<input>", spanStart = SourcePos {posLine = 437, posColumn = 30}, spanEnd = SourcePos {posLine = 437, posColumn = 31}}, locValue = TokenIdent "i"},Located {locSpan = SourceSpan {spanFilename = "<input>", spanStart = SourcePos {posLine = 437, posColumn = 31}, spanEnd = SourcePos {posLine = 437, posColumn = 32}}, locValue = TokenDelimiter DelimRightParen},Located {locSpan = SourceSpan {spanFilename = "<input>", spanStart = SourcePos {posLine = 437, posColumn = 1}, spanEnd = SourcePos {posLine = 438, posColumn = 1}}, locValue = TokenNewline},Located {locSpan = SourceSpan {spanFilename = "<input>", spanStart = SourcePos {posLine = 438, posColumn = 9}, spanEnd = SourcePos {posLine = 438, posColumn = 14}}, locValue = TokenIdent "total"},Located {locSpan = SourceSpan {spanFilename = "<input>", spanStart = SourcePos {posLine = 438, posColumn = 15}, spanEnd = SourcePos {posLine = 438, posColumn = 17}}, locValue = TokenOperator OpPlusAssign},Located {locSpan = SourceSpan {spanFilename = "<input>", spanStart = SourcePos {posLine = 438, posColumn = 18}, spanEnd = SourcePos {posLine = 438, posColumn = 29}}, locValue = TokenIdent "function_31"},Located {locSpan = SourceSpan {spanFilename = "<input>", spanStart = SourcePos {posLine = 438, posColumn = 29}, spanEnd = SourcePos {posLine = 438, posColumn = 30}}, locValue = TokenDelimiter DelimLeftParen},Located {locSpan = SourceSpan {spanFilename = "<input>", spanStart = SourcePos {posLine = 438, posColumn = 30}, spanEnd = SourcePos {posLine = 438, posColumn = 31}}, locValue = TokenIdent "i"},Located {locSpan = SourceSpan {spanFilename = "<input>", spanStart = SourcePos {posLine = 438, posColumn = 31}, spanEnd = SourcePos {posLine = 438, posColumn = 32}}, locValue = TokenDelimiter DelimRightParen},Located {locSpan = SourceSpan {spanFilename = "<input>", spanStart = SourcePos {posLine = 438, posColumn = 1}, spanEnd = SourcePos {posLine = 439, posColumn = 1}}, locValue = TokenNewline},Located {locSpan = SourceSpan {spanFilename = "<input>", spanStart = SourcePos {posLine = 439, posColumn = 9}, spanEnd = SourcePos {posLine = 439, posColumn = 14}}, locValue = TokenIdent "total"},Located {locSpan = SourceSpan {spanFilename = "<input>", spanStart = SourcePos {posLine = 439, posColumn = 15}, spanEnd = SourcePos {posLine = 439, posColumn = 17}}, locValue = TokenOperator OpPlusAssign},Located {locSpan = SourceSpan {spanFilename = "<input>", spanStart = SourcePos {posLine = 439, posColumn = 18}, spanEnd = SourcePos {posLine = 439, posColumn = 29}}, locValue = TokenIdent "function_32"},Located {locSpan = SourceSpan {spanFilename = "<input>", spanStart = SourcePos {posLine = 439, posColumn = 29}, spanEnd = SourcePos {posLine = 439, posColumn = 30}}, locValue = TokenDelimiter DelimLeftParen},Located {locSpan = SourceSpan {spanFilename = "<input>", spanStart = SourcePos {posLine = 439, posColumn = 30}, spanEnd = SourcePos {posLine = 439, posColumn = 31}}, locValue = TokenIdent "i"},Located {locSpan = SourceSpan {spanFilename = "<input>", spanStart = SourcePos {posLine = 439, posColumn = 31}, spanEnd = SourcePos {posLine = 439, posColumn = 32}}, locValue = TokenDelimiter DelimRightParen},Located {locSpan = SourceSpan {spanFilename = "<input>", spanStart = SourcePos {posLine = 439, posColumn = 1}, spanEnd = SourcePos {posLine = 440, posColumn = 1}}, locValue = TokenNewline},Located {locSpan = SourceSpan {spanFilename = "<input>", spanStart = SourcePos {posLine = 440, posColumn = 9}, spanEnd = SourcePos {posLine = 440, posColumn = 14}}, locValue = TokenIdent "total"},Located {locSpan = SourceSpan {spanFilename = "<input>", spanStart = SourcePos {posLine = 440, posColumn = 15}, spanEnd = SourcePos {posLine = 440, posColumn = 17}}, locValue = TokenOperator OpPlusAssign},Located {locSpan = SourceSpan {spanFilename = "<input>", spanStart = SourcePos {posLine = 440, posColumn = 18}, spanEnd = SourcePos {posLine = 440, posColumn = 29}}, locValue = TokenIdent "function_33"},Located {locSpan = SourceSpan {spanFilename = "<input>", spanStart = SourcePos {posLine = 440, posColumn = 29}, spanEnd = SourcePos {posLine = 440, posColumn = 30}}, locValue = TokenDelimiter DelimLeftParen},Located {locSpan = SourceSpan {spanFilename = "<input>", spanStart = SourcePos {posLine = 440, posColumn = 30}, spanEnd = SourcePos {posLine = 440, posColumn = 31}}, locValue = TokenIdent "i"},Located {locSpan = SourceSpan {spanFilename = "<input>", spanStart = SourcePos {posLine = 440, posColumn = 31}, spanEnd = SourcePos {posLine = 440, posColumn = 32}}, locValue = TokenDelimiter DelimRightParen},Located {locSpan = SourceSpan {spanFilename = "<input>", spanStart = SourcePos {posLine = 440, posColumn = 1}, spanEnd = SourcePos {posLine = 441, posColumn = 1}}, locValue = TokenNewline},Located {locSpan = SourceSpan {spanFilename = "<input>", spanStart = SourcePos {posLine = 441, posColumn = 9}, spanEnd = SourcePos {posLine = 441, posColumn = 14}}, locValue = TokenIdent "total"},Located {locSpan = SourceSpan {spanFilename = "<input>", spanStart = SourcePos {posLine = 441, posColumn = 15}, spanEnd = SourcePos {posLine = 441, posColumn = 17}}, locValue = TokenOperator OpPlusAssign},Located {locSpan = SourceSpan {spanFilename = "<input>", spanStart = SourcePos {posLine = 441, posColumn = 18}, spanEnd = SourcePos {posLine = 441, posColumn = 29}}, locValue = TokenIdent "function_34"},Located {locSpan = SourceSpan {spanFilename = "<input>", spanStart = SourcePos {posLine = 441, posColumn = 29}, spanEnd = SourcePos {posLine = 441, posColumn = 30}}, locValue = TokenDelimiter DelimLeftParen},Located {locSpan = SourceSpan {spanFilename = "<input>", spanStart = SourcePos {posLine = 441, posColumn = 30}, spanEnd = SourcePos {posLine = 441, posColumn = 31}}, locValue = TokenIdent "i"},Located {locSpan = SourceSpan {spanFilename = "<input>", spanStart = SourcePos {posLine = 441, posColumn = 31}, spanEnd = SourcePos {posLine = 441, posColumn = 32}}, locValue = TokenDelimiter DelimRightParen},Located {locSpan = SourceSpan {spanFilename = "<input>", spanStart = SourcePos {posLine = 441, posColumn = 1}, spanEnd = SourcePos {posLine = 442, posColumn = 1}}, locValue = TokenNewline},Located {locSpan = SourceSpan {spanFilename = "<input>", spanStart = SourcePos {posLine = 442, posColumn = 9}, spanEnd = SourcePos {posLine = 442, posColumn = 14}}, locValue = TokenIdent "total"},Located {locSpan = SourceSpan {spanFilename = "<input>", spanStart = SourcePos {posLine = 442, posColumn = 15}, spanEnd = SourcePos {posLine = 442, posColumn = 17}}, locValue = TokenOperator OpPlusAssign},Located {locSpan = SourceSpan {spanFilename = "<input>", spanStart = SourcePos {posLine = 442, posColumn = 18}, spanEnd = SourcePos {posLine = 442, posColumn = 29}}, locValue = TokenIdent "function_35"},Located {locSpan = SourceSpan {spanFilename = "<input>", spanStart = SourcePos {posLine = 442, posColumn = 29}, spanEnd = SourcePos {posLine = 442, posColumn = 30}}, locValue = TokenDelimiter DelimLeftParen},Located {locSpan = SourceSpan {spanFilename = "<input>", spanStart = SourcePos {posLine = 442, posColumn = 30}, spanEnd = SourcePos {posLine = 442, posColumn = 31}}, locValue = TokenIdent "i"},Located {locSpan = SourceSpan {spanFilename = "<input>", spanStart = SourcePos {posLine = 442, posColumn = 31}, spanEnd = SourcePos {posLine = 442, posColumn = 32}}, locValue = TokenDelimiter DelimRightParen},Located {locSpan = SourceSpan {spanFilename = "<input>", spanStart = SourcePos {posLine = 442, posColumn = 1}, spanEnd = SourcePos {posLine = 443, posColumn = 1}}, locValue = TokenNewline},Located {locSpan = SourceSpan {spanFilename = "<input>", spanStart = SourcePos {posLine = 443, posColumn = 9}, spanEnd = SourcePos {posLine = 443, posColumn = 14}}, locValue = TokenIdent "total"},Located {locSpan = SourceSpan {spanFilename = "<input>", spanStart = SourcePos {posLine = 443, posColumn = 15}, spanEnd = SourcePos {posLine = 443, posColumn = 17}}, locValue = TokenOperator OpPlusAssign},Located {locSpan = SourceSpan {spanFilename = "<input>", spanStart = SourcePos {posLine = 443, posColumn = 18}, spanEnd = SourcePos {posLine = 443, posColumn = 29}}, locValue = TokenIdent "function_36"},Located {locSpan = SourceSpan {spanFilename = "<input>", spanStart = SourcePos {posLine = 443, posColumn = 29}, spanEnd = SourcePos {posLine = 443, posColumn = 30}}, locValue = TokenDelimiter DelimLeftParen},Located {locSpan = SourceSpan {spanFilename = "<input>", spanStart = SourcePos {posLine = 443, posColumn = 30}, spanEnd = SourcePos {posLine = 443, posColumn = 31}}, locValue = TokenIdent "i"},Located {locSpan = SourceSpan {spanFilename = "<input>", spanStart = SourcePos {posLine = 443, posColumn = 31}, spanEnd = SourcePos {posLine = 443, posColumn = 32}}, locValue = TokenDelimiter DelimRightParen},Located {locSpan = SourceSpan {spanFilename = "<input>", spanStart = SourcePos {posLine = 443, posColumn = 1}, spanEnd = SourcePos {posLine = 444, posColumn = 1}}, locValue = TokenNewline},Located {locSpan = SourceSpan {spanFilename = "<input>", spanStart = SourcePos {posLine = 444, posColumn = 9}, spanEnd = SourcePos {posLine = 444, posColumn = 14}}, locValue = TokenIdent "total"},Located {locSpan = SourceSpan {spanFilename = "<input>", spanStart = SourcePos {posLine = 444, posColumn = 15}, spanEnd = SourcePos {posLine = 444, posColumn = 17}}, locValue = TokenOperator OpPlusAssign},Located {locSpan = SourceSpan {spanFilename = "<input>", spanStart = SourcePos {posLine = 444, posColumn = 18}, spanEnd = SourcePos {posLine = 444, posColumn = 29}}, locValue = TokenIdent "function_37"},Located {locSpan = SourceSpan {spanFilename = "<input>", spanStart = SourcePos {posLine = 444, posColumn = 29}, spanEnd = SourcePos {posLine = 444, posColumn = 30}}, locValue = TokenDelimiter DelimLeftParen},Located {locSpan = SourceSpan {spanFilename = "<input>", spanStart = SourcePos {posLine = 444, posColumn = 30}, spanEnd = SourcePos {posLine = 444, posColumn = 31}}, locValue = TokenIdent "i"},Located {locSpan = SourceSpan {spanFilename = "<input>", spanStart = SourcePos {posLine = 444, posColumn = 31}, spanEnd = SourcePos {posLine = 444, posColumn = 32}}, locValue = TokenDelimiter DelimRightParen},Located {locSpan = SourceSpan {spanFilename = "<input>", spanStart = SourcePos {posLine = 444, posColumn = 1}, spanEnd = SourcePos {posLine = 445, posColumn = 1}}, locValue = TokenNewline},Located {locSpan = SourceSpan {spanFilename = "<input>", spanStart = SourcePos {posLine = 445, posColumn = 9}, spanEnd = SourcePos {posLine = 445, posColumn = 14}}, locValue = TokenIdent "total"},Located {locSpan = SourceSpan {spanFilename = "<input>", spanStart = SourcePos {posLine = 445, posColumn = 15}, spanEnd = SourcePos {posLine = 445, posColumn = 17}}, locValue = TokenOperator OpPlusAssign},Located {locSpan = SourceSpan {spanFilename = "<input>", spanStart = SourcePos {posLine = 445, posColumn = 18}, spanEnd = SourcePos {posLine = 445, posColumn = 29}}, locValue = TokenIdent "function_38"},Located {locSpan = SourceSpan {spanFilename = "<input>", spanStart = SourcePos {posLine = 445, posColumn = 29}, spanEnd = SourcePos {posLine = 445, posColumn = 30}}, locValue = TokenDelimiter DelimLeftParen},Located {locSpan = SourceSpan {spanFilename = "<input>", spanStart = SourcePos {posLine = 445, posColumn = 30}, spanEnd = SourcePos {posLine = 445, posColumn = 31}}, locValue = TokenIdent "i"},Located {locSpan = SourceSpan {spanFilename = "<input>", spanStart = SourcePos {posLine = 445, posColumn = 31}, spanEnd = SourcePos {posLine = 445, posColumn = 32}}, locValue = TokenDelimiter DelimRightParen},Located {locSpan = SourceSpan {spanFilename = "<input>", spanStart = SourcePos {posLine = 445, posColumn = 1}, spanEnd = SourcePos {posLine = 446, posColumn = 1}}, locValue = TokenNewline},Located {locSpan = SourceSpan {spanFilename = "<input>", spanStart = SourcePos {posLine = 446, posColumn = 9}, spanEnd = SourcePos {posLine = 446, posColumn = 14}}, locValue = TokenIdent "total"},Located {locSpan = SourceSpan {spanFilename = "<input>", spanStart = SourcePos {posLine = 446, posColumn = 15}, spanEnd = SourcePos {posLine = 446, posColumn = 17}}, locValue = TokenOperator OpPlusAssign},Located {locSpan = SourceSpan {spanFilename = "<input>", spanStart = SourcePos {posLine = 446, posColumn = 18}, spanEnd = SourcePos {posLine = 446, posColumn = 29}}, locValue = TokenIdent "function_39"},Located {locSpan = SourceSpan {spanFilename = "<input>", spanStart = SourcePos {posLine = 446, posColumn = 29}, spanEnd = SourcePos {posLine = 446, posColumn = 30}}, locValue = TokenDelimiter DelimLeftParen},Located {locSpan = SourceSpan {spanFilename = "<input>", spanStart = SourcePos {posLine = 446, posColumn = 30}, spanEnd = SourcePos {posLine = 446, posColumn = 31}}, locValue = TokenIdent "i"},Located {locSpan = SourceSpan {spanFilename = "<input>", spanStart = SourcePos {posLine = 446, posColumn = 31}, spanEnd = SourcePos {posLine = 446, posColumn = 32}}, locValue = TokenDelimiter DelimRightParen},Located {locSpan = SourceSpan {spanFilename = "<input>", spanStart = SourcePos {posLine = 446, posColumn = 1}, spanEnd = SourcePos {posLine = 447, posColumn = 1}}, locValue = TokenNewline},Located {locSpan = SourceSpan {spanFilename = "<input>", spanStart = SourcePos {posLine = 447, posColumn = 9}, spanEnd = SourcePos {posLine = 447, posColumn = 14}}, locValue = TokenIdent "total"},Located {locSpan = SourceSpan {spanFilename = "<input>", spanStart = SourcePos {posLine = 447, posColumn = 15}, spanEnd = SourcePos {posLine = 447, posColumn = 17}}, locValue = TokenOperator OpPlusAssign},Located {locSpan = SourceSpan {spanFilename = "<input>", spanStart = SourcePos {posLine = 447, posColumn = 18}, spanEnd = SourcePos {posLine = 447, posColumn = 29}}, locValue = TokenIdent "function_40"},Located {locSpan = SourceSpan {spanFilename = "<input>", spanStart = SourcePos {posLine = 447, posColumn = 29}, spanEnd = SourcePos {posLine = 447, posColumn = 30}}, locValue = TokenDelimiter DelimLeftParen},Located {locSpan = SourceSpan {spanFilename = "<input>", spanStart = SourcePos {posLine = 447, posColumn = 30}, spanEnd = SourcePos {posLine = 447, posColumn = 31}}, locValue = TokenIdent "i"},Located {locSpan = SourceSpan {spanFilename = "<input>", spanStart = SourcePos {posLine = 447, posColumn = 31}, spanEnd = SourcePos {posLine = 447, posColumn = 32}}, locValue = TokenDelimiter DelimRightParen},Located {locSpan = SourceSpan {spanFilename = "<input>", spanStart = SourcePos {posLine = 447, posColumn = 1}, spanEnd = SourcePos {posLine = 448, posColumn = 1}}, locValue = TokenNewline},Located {locSpan = SourceSpan {spanFilename = "<input>", spanStart = SourcePos {posLine = 448, posColumn = 9}, spanEnd = SourcePos {posLine = 448, posColumn = 14}}, locValue = TokenIdent "total"},Located {locSpan = SourceSpan {spanFilename = "<input>", spanStart = SourcePos {posLine = 448, posColumn = 15}, spanEnd = SourcePos {posLine = 448, posColumn = 17}}, locValue = TokenOperator OpPlusAssign},Located {locSpan = SourceSpan {spanFilename = "<input>", spanStart = SourcePos {posLine = 448, posColumn = 18}, spanEnd = SourcePos {posLine = 448, posColumn = 29}}, locValue = TokenIdent "function_41"},Located {locSpan = SourceSpan {spanFilename = "<input>", spanStart = SourcePos {posLine = 448, posColumn = 29}, spanEnd = SourcePos {posLine = 448, posColumn = 30}}, locValue = TokenDelimiter DelimLeftParen},Located {locSpan = SourceSpan {spanFilename = "<input>", spanStart = SourcePos {posLine = 448, posColumn = 30}, spanEnd = SourcePos {posLine = 448, posColumn = 31}}, locValue = TokenIdent "i"},Located {locSpan = SourceSpan {spanFilename = "<input>", spanStart = SourcePos {posLine = 448, posColumn = 31}, spanEnd = SourcePos {posLine = 448, posColumn = 32}}, locValue = TokenDelimiter DelimRightParen},Located {locSpan = SourceSpan {spanFilename = "<input>", spanStart = SourcePos {posLine = 448, posColumn = 1}, spanEnd = SourcePos {posLine = 449, posColumn = 1}}, locValue = TokenNewline},Located {locSpan = SourceSpan {spanFilename = "<input>", spanStart = SourcePos {posLine = 449, posColumn = 9}, spanEnd = SourcePos {posLine = 449, posColumn = 14}}, locValue = TokenIdent "total"},Located {locSpan = SourceSpan {spanFilename = "<input>", spanStart = SourcePos {posLine = 449, posColumn = 15}, spanEnd = SourcePos {posLine = 449, posColumn = 17}}, locValue = TokenOperator OpPlusAssign},Located {locSpan = SourceSpan {spanFilename = "<input>", spanStart = SourcePos {posLine = 449, posColumn = 18}, spanEnd = SourcePos {posLine = 449, posColumn = 29}}, locValue = TokenIdent "function_42"},Located {locSpan = SourceSpan {spanFilename = "<input>", spanStart = SourcePos {posLine = 449, posColumn = 29}, spanEnd = SourcePos {posLine = 449, posColumn = 30}}, locValue = TokenDelimiter DelimLeftParen},Located {locSpan = SourceSpan {spanFilename = "<input>", spanStart = SourcePos {posLine = 449, posColumn = 30}, spanEnd = SourcePos {posLine = 449, posColumn = 31}}, locValue = TokenIdent "i"},Located {locSpan = SourceSpan {spanFilename = "<input>", spanStart = SourcePos {posLine = 449, posColumn = 31}, spanEnd = SourcePos {posLine = 449, posColumn = 32}}, locValue = TokenDelimiter DelimRightParen},Located {locSpan = SourceSpan {spanFilename = "<input>", spanStart = SourcePos {posLine = 449, posColumn = 1}, spanEnd = SourcePos {posLine = 450, posColumn = 1}}, locValue = TokenNewline},Located {locSpan = SourceSpan {spanFilename = "<input>", spanStart = SourcePos {posLine = 450, posColumn = 9}, spanEnd = SourcePos {posLine = 450, posColumn = 14}}, locValue = TokenIdent "total"},Located {locSpan = SourceSpan {spanFilename = "<input>", spanStart = SourcePos {posLine = 450, posColumn = 15}, spanEnd = SourcePos {posLine = 450, posColumn = 17}}, locValue = TokenOperator OpPlusAssign},Located {locSpan = SourceSpan {spanFilename = "<input>", spanStart = SourcePos {posLine = 450, posColumn = 18}, spanEnd = SourcePos {posLine = 450, posColumn = 29}}, locValue = TokenIdent "function_43"},Located {locSpan = SourceSpan {spanFilename = "<input>", spanStart = SourcePos {posLine = 450, posColumn = 29}, spanEnd = SourcePos {posLine = 450, posColumn = 30}}, locValue = TokenDelimiter DelimLeftParen},Located {locSpan = SourceSpan {spanFilename = "<input>", spanStart = SourcePos {posLine = 450, posColumn = 30}, spanEnd = SourcePos {posLine = 450, posColumn = 31}}, locValue = TokenIdent "i"},Located {locSpan = SourceSpan {spanFilename = "<input>", spanStart = SourcePos {posLine = 450, posColumn = 31}, spanEnd = SourcePos {posLine = 450, posColumn = 32}}, locValue = TokenDelimiter DelimRightParen},Located {locSpan = SourceSpan {spanFilename = "<input>", spanStart = SourcePos {posLine = 450, posColumn = 1}, spanEnd = SourcePos {posLine = 451, posColumn = 1}}, locValue = TokenNewline},Located {locSpan = SourceSpan {spanFilename = "<input>", spanStart = SourcePos {posLine = 451, posColumn = 9}, spanEnd = SourcePos {posLine = 451, posColumn = 14}}, locValue = TokenIdent "total"},Located {locSpan = SourceSpan {spanFilename = "<input>", spanStart = SourcePos {posLine = 451, posColumn = 15}, spanEnd = SourcePos {posLine = 451, posColumn = 17}}, locValue = TokenOperator OpPlusAssign},Located {locSpan = SourceSpan {spanFilename = "<input>", spanStart = SourcePos {posLine = 451, posColumn = 18}, spanEnd = SourcePos {posLine = 451, posColumn = 29}}, locValue = TokenIdent "function_44"},Located {locSpan = SourceSpan {spanFilename = "<input>", spanStart = SourcePos {posLine = 451, posColumn = 29}, spanEnd = SourcePos {posLine = 451, posColumn = 30}}, locValue = TokenDelimiter DelimLeftParen},Located {locSpan = SourceSpan {spanFilename = "<input>", spanStart = SourcePos {posLine = 451, posColumn = 30}, spanEnd = SourcePos {posLine = 451, posColumn = 31}}, locValue = TokenIdent "i"},Located {locSpan = SourceSpan {spanFilename = "<input>", spanStart = SourcePos {posLine = 451, posColumn = 31}, spanEnd = SourcePos {posLine = 451, posColumn = 32}}, locValue = TokenDelimiter DelimRightParen},Located {locSpan = SourceSpan {spanFilename = "<input>", spanStart = SourcePos {posLine = 451, posColumn = 1}, spanEnd = SourcePos {posLine = 452, posColumn = 1}}, locValue = TokenNewline},Located {locSpan = SourceSpan {spanFilename = "<input>", spanStart = SourcePos {posLine = 452, posColumn = 9}, spanEnd = SourcePos {posLine = 452, posColumn = 14}}, locValue = TokenIdent "total"},Located {locSpan = SourceSpan {spanFilename = "<input>", spanStart = SourcePos {posLine = 452, posColumn = 15}, spanEnd = SourcePos {posLine = 452, posColumn = 17}}, locValue = TokenOperator OpPlusAssign},Located {locSpan = SourceSpan {spanFilename = "<input>", spanStart = SourcePos {posLine = 452, posColumn = 18}, spanEnd = SourcePos {posLine = 452, posColumn = 29}}, locValue = TokenIdent "function_45"},Located {locSpan = SourceSpan {spanFilename = "<input>", spanStart = SourcePos {posLine = 452, posColumn = 29}, spanEnd = SourcePos {posLine = 452, posColumn = 30}}, locValue = TokenDelimiter DelimLeftParen},Located {locSpan = SourceSpan {spanFilename = "<input>", spanStart = SourcePos {posLine = 452, posColumn = 30}, spanEnd = SourcePos {posLine = 452, posColumn = 31}}, locValue = TokenIdent "i"},Located {locSpan = SourceSpan {spanFilename = "<input>", spanStart = SourcePos {posLine = 452, posColumn = 31}, spanEnd = SourcePos {posLine = 452, posColumn = 32}}, locValue = TokenDelimiter DelimRightParen},Located {locSpan = SourceSpan {spanFilename = "<input>", spanStart = SourcePos {posLine = 452, posColumn = 1}, spanEnd = SourcePos {posLine = 453, posColumn = 1}}, locValue = TokenNewline},Located {locSpan = SourceSpan {spanFilename = "<input>", spanStart = SourcePos {posLine = 453, posColumn = 9}, spanEnd = SourcePos {posLine = 453, posColumn = 14}}, locValue = TokenIdent "total"},Located {locSpan = SourceSpan {spanFilename = "<input>", spanStart = SourcePos {posLine = 453, posColumn = 15}, spanEnd = SourcePos {posLine = 453, posColumn = 17}}, locValue = TokenOperator OpPlusAssign},Located {locSpan = SourceSpan {spanFilename = "<input>", spanStart = SourcePos {posLine = 453, posColumn = 18}, spanEnd = SourcePos {posLine = 453, posColumn = 29}}, locValue = TokenIdent "function_46"},Located {locSpan = SourceSpan {spanFilename = "<input>", spanStart = SourcePos {posLine = 453, posColumn = 29}, spanEnd = SourcePos {posLine = 453, posColumn = 30}}, locValue = TokenDelimiter DelimLeftParen},Located {locSpan = SourceSpan {spanFilename = "<input>", spanStart = SourcePos {posLine = 453, posColumn = 30}, spanEnd = SourcePos {posLine = 453, posColumn = 31}}, locValue = TokenIdent "i"},Located {locSpan = SourceSpan {spanFilename = "<input>", spanStart = SourcePos {posLine = 453, posColumn = 31}, spanEnd = SourcePos {posLine = 453, posColumn = 32}}, locValue = TokenDelimiter DelimRightParen},Located {locSpan = SourceSpan {spanFilename = "<input>", spanStart = SourcePos {posLine = 453, posColumn = 1}, spanEnd = SourcePos {posLine = 454, posColumn = 1}}, locValue = TokenNewline},Located {locSpan = SourceSpan {spanFilename = "<input>", spanStart = SourcePos {posLine = 454, posColumn = 9}, spanEnd = SourcePos {posLine = 454, posColumn = 14}}, locValue = TokenIdent "total"},Located {locSpan = SourceSpan {spanFilename = "<input>", spanStart = SourcePos {posLine = 454, posColumn = 15}, spanEnd = SourcePos {posLine = 454, posColumn = 17}}, locValue = TokenOperator OpPlusAssign},Located {locSpan = SourceSpan {spanFilename = "<input>", spanStart = SourcePos {posLine = 454, posColumn = 18}, spanEnd = SourcePos {posLine = 454, posColumn = 29}}, locValue = TokenIdent "function_47"},Located {locSpan = SourceSpan {spanFilename = "<input>", spanStart = SourcePos {posLine = 454, posColumn = 29}, spanEnd = SourcePos {posLine = 454, posColumn = 30}}, locValue = TokenDelimiter DelimLeftParen},Located {locSpan = SourceSpan {spanFilename = "<input>", spanStart = SourcePos {posLine = 454, posColumn = 30}, spanEnd = SourcePos {posLine = 454, posColumn = 31}}, locValue = TokenIdent "i"},Located {locSpan = SourceSpan {spanFilename = "<input>", spanStart = SourcePos {posLine = 454, posColumn = 31}, spanEnd = SourcePos {posLine = 454, posColumn = 32}}, locValue = TokenDelimiter DelimRightParen},Located {locSpan = SourceSpan {spanFilename = "<input>", spanStart = SourcePos {posLine = 454, posColumn = 1}, spanEnd = SourcePos {posLine = 455, posColumn = 1}}, locValue = TokenNewline},Located {locSpan = SourceSpan {spanFilename = "<input>", spanStart = SourcePos {posLine = 455, posColumn = 9}, spanEnd = SourcePos {posLine = 455, posColumn = 14}}, locValue = TokenIdent "total"},Located {locSpan = SourceSpan {spanFilename = "<input>", spanStart = SourcePos {posLine = 455, posColumn = 15}, spanEnd = SourcePos {posLine = 455, posColumn = 17}}, locValue = TokenOperator OpPlusAssign},Located {locSpan = SourceSpan {spanFilename = "<input>", spanStart = SourcePos {posLine = 455, posColumn = 18}, spanEnd = SourcePos {posLine = 455, posColumn = 29}}, locValue = TokenIdent "function_48"},Located {locSpan = SourceSpan {spanFilename = "<input>", spanStart = SourcePos {posLine = 455, posColumn = 29}, spanEnd = SourcePos {posLine = 455, posColumn = 30}}, locValue = TokenDelimiter DelimLeftParen},Located {locSpan = SourceSpan {spanFilename = "<input>", spanStart = SourcePos {posLine = 455, posColumn = 30}, spanEnd = SourcePos {posLine = 455, posColumn = 31}}, locValue = TokenIdent "i"},Located {locSpan = SourceSpan {spanFilename = "<input>", spanStart = SourcePos {posLine = 455, posColumn = 31}, spanEnd = SourcePos {posLine = 455, posColumn = 32}}, locValue = TokenDelimiter DelimRightParen},Located {locSpan = SourceSpan {spanFilename = "<input>", spanStart = SourcePos {posLine = 455, posColumn = 1}, spanEnd = SourcePos {posLine = 456, posColumn = 1}}, locValue = TokenNewline},Located {locSpan = SourceSpan {spanFilename = "<input>", spanStart = SourcePos {posLine = 456, posColumn = 9}, spanEnd = SourcePos {posLine = 456, posColumn = 14}}, locValue = TokenIdent "total"},Located {locSpan = SourceSpan {spanFilename = "<input>", spanStart = SourcePos {posLine = 456, posColumn = 15}, spanEnd = SourcePos {posLine = 456, posColumn = 17}}, locValue = TokenOperator OpPlusAssign},Located {locSpan = SourceSpan {spanFilename = "<input>", spanStart = SourcePos {posLine = 456, posColumn = 18}, spanEnd = SourcePos {posLine = 456, posColumn = 29}}, locValue = TokenIdent "function_49"},Located {locSpan = SourceSpan {spanFilename = "<input>", spanStart = SourcePos {posLine = 456, posColumn = 29}, spanEnd = SourcePos {posLine = 456, posColumn = 30}}, locValue = TokenDelimiter DelimLeftParen},Located {locSpan = SourceSpan {spanFilename = "<input>", spanStart = SourcePos {posLine = 456, posColumn = 30}, spanEnd = SourcePos {posLine = 456, posColumn = 31}}, locValue = TokenIdent "i"},Located {locSpan = SourceSpan {spanFilename = "<input>", spanStart = SourcePos {posLine = 456, posColumn = 31}, spanEnd = SourcePos {posLine = 456, posColumn = 32}}, locValue = TokenDelimiter DelimRightParen},Located {locSpan = SourceSpan {spanFilename = "<input>", spanStart = SourcePos {posLine = 456, posColumn = 1}, spanEnd = SourcePos {posLine = 457, posColumn = 1}}, locValue = TokenNewline},Located {locSpan = SourceSpan {spanFilename = "<input>", spanStart = SourcePos {posLine = 457, posColumn = 9}, spanEnd = SourcePos {posLine = 457, posColumn = 14}}, locValue = TokenIdent "total"},Located {locSpan = SourceSpan {spanFilename = "<input>", spanStart = SourcePos {posLine = 457, posColumn = 15}, spanEnd = SourcePos {posLine = 457, posColumn = 17}}, locValue = TokenOperator OpPlusAssign},Located {locSpan = SourceSpan {spanFilename = "<input>", spanStart = SourcePos {posLine = 457, posColumn = 18}, spanEnd = SourcePos {posLine = 457, posColumn = 29}}, locValue = TokenIdent "function_50"},Located {locSpan = SourceSpan {spanFilename = "<input>", spanStart = SourcePos {posLine = 457, posColumn = 29}, spanEnd = SourcePos {posLine = 457, posColumn = 30}}, locValue = TokenDelimiter DelimLeftParen},Located {locSpan = SourceSpan {spanFilename = "<input>", spanStart = SourcePos {posLine = 457, posColumn = 30}, spanEnd = SourcePos {posLine = 457, posColumn = 31}}, locValue = TokenIdent "i"},Located {locSpan = SourceSpan {spanFilename = "<input>", spanStart = SourcePos {posLine = 457, posColumn = 31}, spanEnd = SourcePos {posLine = 457, posColumn = 32}}, locValue = TokenDelimiter DelimRightParen},Located {locSpan = SourceSpan {spanFilename = "<input>", spanStart = SourcePos {posLine = 457, posColumn = 1}, spanEnd = SourcePos {posLine = 458, posColumn = 1}}, locValue = TokenNewline},Located {locSpan = SourceSpan {spanFilename = "<input>", spanStart = SourcePos {posLine = 458, posColumn = 9}, spanEnd = SourcePos {posLine = 458, posColumn = 14}}, locValue = TokenIdent "total"},Located {locSpan = SourceSpan {spanFilename = "<input>", spanStart = SourcePos {posLine = 458, posColumn = 15}, spanEnd = SourcePos {posLine = 458, posColumn = 17}}, locValue = TokenOperator OpPlusAssign},Located {locSpan = SourceSpan {spanFilename = "<input>", spanStart = SourcePos {posLine = 458, posColumn = 18}, spanEnd = SourcePos {posLine = 458, posColumn = 29}}, locValue = TokenIdent "function_51"},Located {locSpan = SourceSpan {spanFilename = "<input>", spanStart = SourcePos {posLine = 458, posColumn = 29}, spanEnd = SourcePos {posLine = 458, posColumn = 30}}, locValue = TokenDelimiter DelimLeftParen},Located {locSpan = SourceSpan {spanFilename = "<input>", spanStart = SourcePos {posLine = 458, posColumn = 30}, spanEnd = SourcePos {posLine = 458, posColumn = 31}}, locValue = TokenIdent "i"},Located {locSpan = SourceSpan {spanFilename = "<input>", spanStart = SourcePos {posLine = 458, posColumn = 31}, spanEnd = SourcePos {posLine = 458, posColumn = 32}}, locValue = TokenDelimiter DelimRightParen},Located {locSpan = SourceSpan {spanFilename = "<input>", spanStart = SourcePos {posLine = 458, posColumn = 1}, spanEnd = SourcePos {posLine = 459, posColumn = 1}}, locValue = TokenNewline},Located {locSpan = SourceSpan {spanFilename = "<input>", spanStart = SourcePos {posLine = 459, posColumn = 9}, spanEnd = SourcePos {posLine = 459, posColumn = 14}}, locValue = TokenIdent "total"},Located {locSpan = SourceSpan {spanFilename = "<input>", spanStart = SourcePos {posLine = 459, posColumn = 15}, spanEnd = SourcePos {posLine = 459, posColumn = 17}}, locValue = TokenOperator OpPlusAssign},Located {locSpan = SourceSpan {spanFilename = "<input>", spanStart = SourcePos {posLine = 459, posColumn = 18}, spanEnd = SourcePos {posLine = 459, posColumn = 29}}, locValue = TokenIdent "function_52"},Located {locSpan = SourceSpan {spanFilename = "<input>", spanStart = SourcePos {posLine = 459, posColumn = 29}, spanEnd = SourcePos {posLine = 459, posColumn = 30}}, locValue = TokenDelimiter DelimLeftParen},Located {locSpan = SourceSpan {spanFilename = "<input>", spanStart = SourcePos {posLine = 459, posColumn = 30}, spanEnd = SourcePos {posLine = 459, posColumn = 31}}, locValue = TokenIdent "i"},Located {locSpan = SourceSpan {spanFilename = "<input>", spanStart = SourcePos {posLine = 459, posColumn = 31}, spanEnd = SourcePos {posLine = 459, posColumn = 32}}, locValue = TokenDelimiter DelimRightParen},Located {locSpan = SourceSpan {spanFilename = "<input>", spanStart = SourcePos {posLine = 459, posColumn = 1}, spanEnd = SourcePos {posLine = 460, posColumn = 1}}, locValue = TokenNewline},Located {locSpan = SourceSpan {spanFilename = "<input>", spanStart = SourcePos {posLine = 460, posColumn = 9}, spanEnd = SourcePos {posLine = 460, posColumn = 14}}, locValue = TokenIdent "total"},Located {locSpan = SourceSpan {spanFilename = "<input>", spanStart = SourcePos {posLine = 460, posColumn = 15}, spanEnd = SourcePos {posLine = 460, posColumn = 17}}, locValue = TokenOperator OpPlusAssign},Located {locSpan = SourceSpan {spanFilename = "<input>", spanStart = SourcePos {posLine = 460, posColumn = 18}, spanEnd = SourcePos {posLine = 460, posColumn = 29}}, locValue = TokenIdent "function_53"},Located {locSpan = SourceSpan {spanFilename = "<input>", spanStart = SourcePos {posLine = 460, posColumn = 29}, spanEnd = SourcePos {posLine = 460, posColumn = 30}}, locValue = TokenDelimiter DelimLeftParen},Located {locSpan = SourceSpan {spanFilename = "<input>", spanStart = SourcePos {posLine = 460, posColumn = 30}, spanEnd = SourcePos {posLine = 460, posColumn = 31}}, locValue = TokenIdent "i"},Located {locSpan = SourceSpan {spanFilename = "<input>", spanStart = SourcePos {posLine = 460, posColumn = 31}, spanEnd = SourcePos {posLine = 460, posColumn = 32}}, locValue = TokenDelimiter DelimRightParen},Located {locSpan = SourceSpan {spanFilename = "<input>", spanStart = SourcePos {posLine = 460, posColumn = 1}, spanEnd = SourcePos {posLine = 461, posColumn = 1}}, locValue = TokenNewline},Located {locSpan = SourceSpan {spanFilename = "<input>", spanStart = SourcePos {posLine = 461, posColumn = 9}, spanEnd = SourcePos {posLine = 461, posColumn = 14}}, locValue = TokenIdent "total"},Located {locSpan = SourceSpan {spanFilename = "<input>", spanStart = SourcePos {posLine = 461, posColumn = 15}, spanEnd = SourcePos {posLine = 461, posColumn = 17}}, locValue = TokenOperator OpPlusAssign},Located {locSpan = SourceSpan {spanFilename = "<input>", spanStart = SourcePos {posLine = 461, posColumn = 18}, spanEnd = SourcePos {posLine = 461, posColumn = 29}}, locValue = TokenIdent "function_54"},Located {locSpan = SourceSpan {spanFilename = "<input>", spanStart = SourcePos {posLine = 461, posColumn = 29}, spanEnd = SourcePos {posLine = 461, posColumn = 30}}, locValue = TokenDelimiter DelimLeftParen},Located {locSpan = SourceSpan {spanFilename = "<input>", spanStart = SourcePos {posLine = 461, posColumn = 30}, spanEnd = SourcePos {posLine = 461, posColumn = 31}}, locValue = TokenIdent "i"},Located {locSpan = SourceSpan {spanFilename = "<input>", spanStart = SourcePos {posLine = 461, posColumn = 31}, spanEnd = SourcePos {posLine = 461, posColumn = 32}}, locValue = TokenDelimiter DelimRightParen},Located {locSpan = SourceSpan {spanFilename = "<input>", spanStart = SourcePos {posLine = 461, posColumn = 1}, spanEnd = SourcePos {posLine = 462, posColumn = 1}}, locValue = TokenNewline},Located {locSpan = SourceSpan {spanFilename = "<input>", spanStart = SourcePos {posLine = 462, posColumn = 9}, spanEnd = SourcePos {posLine = 462, posColumn = 14}}, locValue = TokenIdent "total"},Located {locSpan = SourceSpan {spanFilename = "<input>", spanStart = SourcePos {posLine = 462, posColumn = 15}, spanEnd = SourcePos {posLine = 462, posColumn = 17}}, locValue = TokenOperator OpPlusAssign},Located {locSpan = SourceSpan {spanFilename = "<input>", spanStart = SourcePos {posLine = 462, posColumn = 18}, spanEnd = SourcePos {posLine = 462, posColumn = 29}}, locValue = TokenIdent "function_55"},Located {locSpan = SourceSpan {spanFilename = "<input>", spanStart = SourcePos {posLine = 462, posColumn = 29}, spanEnd = SourcePos {posLine = 462, posColumn = 30}}, locValue = TokenDelimiter DelimLeftParen},Located {locSpan = SourceSpan {spanFilename = "<input>", spanStart = SourcePos {posLine = 462, posColumn = 30}, spanEnd = SourcePos {posLine = 462, posColumn = 31}}, locValue = TokenIdent "i"},Located {locSpan = SourceSpan {spanFilename = "<input>", spanStart = SourcePos {posLine = 462, posColumn = 31}, spanEnd = SourcePos {posLine = 462, posColumn = 32}}, locValue = TokenDelimiter DelimRightParen},Located {locSpan = SourceSpan {spanFilename = "<input>", spanStart = SourcePos {posLine = 462, posColumn = 1}, spanEnd = SourcePos {posLine = 463, posColumn = 1}}, locValue = TokenNewline},Located {locSpan = SourceSpan {spanFilename = "<input>", spanStart = SourcePos {posLine = 463, posColumn = 9}, spanEnd = SourcePos {posLine = 463, posColumn = 14}}, locValue = TokenIdent "total"},Located {locSpan = SourceSpan {spanFilename = "<input>", spanStart = SourcePos {posLine = 463, posColumn = 15}, spanEnd = SourcePos {posLine = 463, posColumn = 17}}, locValue = TokenOperator OpPlusAssign},Located {locSpan = SourceSpan {spanFilename = "<input>", spanStart = SourcePos {posLine = 463, posColumn = 18}, spanEnd = SourcePos {posLine = 463, posColumn = 29}}, locValue = TokenIdent "function_56"},Located {locSpan = SourceSpan {spanFilename = "<input>", spanStart = SourcePos {posLine = 463, posColumn = 29}, spanEnd = SourcePos {posLine = 463, posColumn = 30}}, locValue = TokenDelimiter DelimLeftParen},Located {locSpan = SourceSpan {spanFilename = "<input>", spanStart = SourcePos {posLine = 463, posColumn = 30}, spanEnd = SourcePos {posLine = 463, posColumn = 31}}, locValue = TokenIdent "i"},Located {locSpan = SourceSpan {spanFilename = "<input>", spanStart = SourcePos {posLine = 463, posColumn = 31}, spanEnd = SourcePos {posLine = 463, posColumn = 32}}, locValue = TokenDelimiter DelimRightParen},Located {locSpan = SourceSpan {spanFilename = "<input>", spanStart = SourcePos {posLine = 463, posColumn = 1}, spanEnd = SourcePos {posLine = 464, posColumn = 1}}, locValue = TokenNewline},Located {locSpan = SourceSpan {spanFilename = "<input>", spanStart = SourcePos {posLine = 464, posColumn = 9}, spanEnd = SourcePos {posLine = 464, posColumn = 14}}, locValue = TokenIdent "total"},Located {locSpan = SourceSpan {spanFilename = "<input>", spanStart = SourcePos {posLine = 464, posColumn = 15}, spanEnd = SourcePos {posLine = 464, posColumn = 17}}, locValue = TokenOperator OpPlusAssign},Located {locSpan = SourceSpan {spanFilename = "<input>", spanStart = SourcePos {posLine = 464, posColumn = 18}, spanEnd = SourcePos {posLine = 464, posColumn = 29}}, locValue = TokenIdent "function_57"},Located {locSpan = SourceSpan {spanFilename = "<input>", spanStart = SourcePos {posLine = 464, posColumn = 29}, spanEnd = SourcePos {posLine = 464, posColumn = 30}}, locValue = TokenDelimiter DelimLeftParen},Located {locSpan = SourceSpan {spanFilename = "<input>", spanStart = SourcePos {posLine = 464, posColumn = 30}, spanEnd = SourcePos {posLine = 464, posColumn = 31}}, locValue = TokenIdent "i"},Located {locSpan = SourceSpan {spanFilename = "<input>", spanStart = SourcePos {posLine = 464, posColumn = 31}, spanEnd = SourcePos {posLine = 464, posColumn = 32}}, locValue = TokenDelimiter DelimRightParen},Located {locSpan = SourceSpan {spanFilename = "<input>", spanStart = SourcePos {posLine = 464, posColumn = 1}, spanEnd = SourcePos {posLine = 465, posColumn = 1}}, locValue = TokenNewline},Located {locSpan = SourceSpan {spanFilename = "<input>", spanStart = SourcePos {posLine = 465, posColumn = 9}, spanEnd = SourcePos {posLine = 465, posColumn = 14}}, locValue = TokenIdent "total"},Located {locSpan = SourceSpan {spanFilename = "<input>", spanStart = SourcePos {posLine = 465, posColumn = 15}, spanEnd = SourcePos {posLine = 465, posColumn = 17}}, locValue = TokenOperator OpPlusAssign},Located {locSpan = SourceSpan {spanFilename = "<input>", spanStart = SourcePos {posLine = 465, posColumn = 18}, spanEnd = SourcePos {posLine = 465, posColumn = 29}}, locValue = TokenIdent "function_58"},Located {locSpan = SourceSpan {spanFilename = "<input>", spanStart = SourcePos {posLine = 465, posColumn = 29}, spanEnd = SourcePos {posLine = 465, posColumn = 30}}, locValue = TokenDelimiter DelimLeftParen},Located {locSpan = SourceSpan {spanFilename = "<input>", spanStart = SourcePos {posLine = 465, posColumn = 30}, spanEnd = SourcePos {posLine = 465, posColumn = 31}}, locValue = TokenIdent "i"},Located {locSpan = SourceSpan {spanFilename = "<input>", spanStart = SourcePos {posLine = 465, posColumn = 31}, spanEnd = SourcePos {posLine = 465, posColumn = 32}}, locValue = TokenDelimiter DelimRightParen},Located {locSpan = SourceSpan {spanFilename = "<input>", spanStart = SourcePos {posLine = 465, posColumn = 1}, spanEnd = SourcePos {posLine = 466, posColumn = 1}}, locValue = TokenNewline},Located {locSpan = SourceSpan {spanFilename = "<input>", spanStart = SourcePos {posLine = 466, posColumn = 9}, spanEnd = SourcePos {posLine = 466, posColumn = 14}}, locValue = TokenIdent "total"},Located {locSpan = SourceSpan {spanFilename = "<input>", spanStart = SourcePos {posLine = 466, posColumn = 15}, spanEnd = SourcePos {posLine = 466, posColumn = 17}}, locValue = TokenOperator OpPlusAssign},Located {locSpan = SourceSpan {spanFilename = "<input>", spanStart = SourcePos {posLine = 466, posColumn = 18}, spanEnd = SourcePos {posLine = 466, posColumn = 29}}, locValue = TokenIdent "function_59"},Located {locSpan = SourceSpan {spanFilename = "<input>", spanStart = SourcePos {posLine = 466, posColumn = 29}, spanEnd = SourcePos {posLine = 466, posColumn = 30}}, locValue = TokenDelimiter DelimLeftParen},Located {locSpan = SourceSpan {spanFilename = "<input>", spanStart = SourcePos {posLine = 466, posColumn = 30}, spanEnd = SourcePos {posLine = 466, posColumn = 31}}, locValue = TokenIdent "i"},Located {locSpan = SourceSpan {spanFilename = "<input>", spanStart = SourcePos {posLine = 466, posColumn = 31}, spanEnd = SourcePos {posLine = 466, posColumn = 32}}, locValue = TokenDelimiter DelimRightParen},Located {locSpan = SourceSpan {spanFilename = "<input>", spanStart = SourcePos {posLine = 466, posColumn = 1}, spanEnd = SourcePos {posLine = 467, posColumn = 1}}, locValue = TokenNewline},Located {locSpan = SourceSpan {spanFilename = "<input>", spanStart = SourcePos {posLine = 467, posColumn = 9}, spanEnd = SourcePos {posLine = 467, posColumn = 14}}, locValue = TokenIdent "total"},Located {locSpan = SourceSpan {spanFilename = "<input>", spanStart = SourcePos {posLine = 467, posColumn = 15}, spanEnd = SourcePos {posLine = 467, posColumn = 17}}, locValue = TokenOperator OpPlusAssign},Located {locSpan = SourceSpan {spanFilename = "<input>", spanStart = SourcePos {posLine = 467, posColumn = 18}, spanEnd = SourcePos {posLine = 467, posColumn = 29}}, locValue = TokenIdent "function_60"},Located {locSpan = SourceSpan {spanFilename = "<input>", spanStart = SourcePos {posLine = 467, posColumn = 29}, spanEnd = SourcePos {posLine = 467, posColumn = 30}}, locValue = TokenDelimiter DelimLeftParen},Located {locSpan = SourceSpan {spanFilename = "<input>", spanStart = SourcePos {posLine = 467, posColumn = 30}, spanEnd = SourcePos {posLine = 467, posColumn = 31}}, locValue = TokenIdent "i"},Located {locSpan = SourceSpan {spanFilename = "<input>", spanStart = SourcePos {posLine = 467, posColumn = 31}, spanEnd = SourcePos {posLine = 467, posColumn = 32}}, locValue = TokenDelimiter DelimRightParen},Located {locSpan = SourceSpan {spanFilename = "<input>", spanStart = SourcePos {posLine = 467, posColumn = 1}, spanEnd = SourcePos {posLine = 468, posColumn = 1}}, locValue = TokenNewline},Located {locSpan = SourceSpan {spanFilename = "<input>", spanStart = SourcePos {posLine = 468, posColumn = 9}, spanEnd = SourcePos {posLine = 468, posColumn = 14}}, locValue = TokenIdent "total"},Located {locSpan = SourceSpan {spanFilename = "<input>", spanStart = SourcePos {posLine = 468, posColumn = 15}, spanEnd = SourcePos {posLine = 468, posColumn = 17}}, locValue = TokenOperator OpPlusAssign},Located {locSpan = SourceSpan {spanFilename = "<input>", spanStart = SourcePos {posLine = 468, posColumn = 18}, spanEnd = SourcePos {posLine = 468, posColumn = 29}}, locValue = TokenIdent "function_61"},Located {locSpan = SourceSpan {spanFilename = "<input>", spanStart = SourcePos {posLine = 468, posColumn = 29}, spanEnd = SourcePos {posLine = 468, posColumn = 30}}, locValue = TokenDelimiter DelimLeftParen},Located {locSpan = SourceSpan {spanFilename = "<input>", spanStart = SourcePos {posLine = 468, posColumn = 30}, spanEnd = SourcePos {posLine = 468, posColumn = 31}}, locValue = TokenIdent "i"},Located {locSpan = SourceSpan {spanFilename = "<input>", spanStart = SourcePos {posLine = 468, posColumn = 31}, spanEnd = SourcePos {posLine = 468, posColumn = 32}}, locValue = TokenDelimiter DelimRightParen},Located {locSpan = SourceSpan {spanFilename = "<input>", spanStart = SourcePos {posLine = 468, posColumn = 1}, spanEnd = SourcePos {posLine = 469, posColumn = 1}}, locValue = TokenNewline},Located {locSpan = SourceSpan {spanFilename = "<input>", spanStart = SourcePos {posLine = 469, posColumn = 9}, spanEnd = SourcePos {posLine = 469, posColumn = 14}}, locValue = TokenIdent "total"},Located {locSpan = SourceSpan {spanFilename = "<input>", spanStart = SourcePos {posLine = 469, posColumn = 15}, spanEnd = SourcePos {posLine = 469, posColumn = 17}}, locValue = TokenOperator OpPlusAssign},Located {locSpan = SourceSpan {spanFilename = "<input>", spanStart = SourcePos {posLine = 469, posColumn = 18}, spanEnd = SourcePos {posLine = 469, posColumn = 29}}, locValue = TokenIdent "function_62"},Located {locSpan = SourceSpan {spanFilename = "<input>", spanStart = SourcePos {posLine = 469, posColumn = 29}, spanEnd = SourcePos {posLine = 469, posColumn = 30}}, locValue = TokenDelimiter DelimLeftParen},Located {locSpan = SourceSpan {spanFilename = "<input>", spanStart = SourcePos {posLine = 469, posColumn = 30}, spanEnd = SourcePos {posLine = 469, posColumn = 31}}, locValue = TokenIdent "i"},Located {locSpan = SourceSpan {spanFilename = "<input>", spanStart = SourcePos {posLine = 469, posColumn = 31}, spanEnd = SourcePos {posLine = 469, posColumn = 32}}, locValue = TokenDelimiter DelimRightParen},Located {locSpan = SourceSpan {spanFilename = "<input>", spanStart = SourcePos {posLine = 469, posColumn = 1}, spanEnd = SourcePos {posLine = 470, posColumn = 1}}, locValue = TokenNewline},Located {locSpan = SourceSpan {spanFilename = "<input>", spanStart = SourcePos {posLine = 470, posColumn = 9}, spanEnd = SourcePos {posLine = 470, posColumn = 14}}, locValue = TokenIdent "total"},Located {locSpan = SourceSpan {spanFilename = "<input>", spanStart = SourcePos {posLine = 470, posColumn = 15}, spanEnd = SourcePos {posLine = 470, posColumn = 17}}, locValue = TokenOperator OpPlusAssign},Located {locSpan = SourceSpan {spanFilename = "<input>", spanStart = SourcePos {posLine = 470, posColumn = 18}, spanEnd = SourcePos {posLine = 470, posColumn = 29}}, locValue = TokenIdent "function_63"},Located {locSpan = SourceSpan {spanFilename = "<input>", spanStart = SourcePos {posLine = 470, posColumn = 29}, spanEnd = SourcePos {posLine = 470, posColumn = 30}}, locValue = TokenDelimiter DelimLeftParen},Located {locSpan = SourceSpan {spanFilename = "<input>", spanStart = SourcePos {posLine = 470, posColumn = 30}, spanEnd = SourcePos {posLine = 470, posColumn = 31}}, locValue = TokenIdent "i"},Located {locSpan = SourceSpan {spanFilename = "<input>", spanStart = SourcePos {posLine = 470, posColumn = 31}, spanEnd = SourcePos {posLine = 470, posColumn = 32}}, locValue = TokenDelimiter DelimRightParen},Located {locSpan = SourceSpan {spanFilename = "<input>", spanStart = SourcePos {posLine = 470, posColumn = 1}, spanEnd = SourcePos {posLine = 471, posColumn = 1}}, locValue = TokenNewline},Located {locSpan = SourceSpan {spanFilename = "<input>", spanStart = SourcePos {posLine = 471, posColumn = 9}, spanEnd = SourcePos {posLine = 471, posColumn = 14}}, locValue = TokenIdent "total"},Located {locSpan = SourceSpan {spanFilename = "<input>", spanStart = SourcePos {posLine = 471, posColumn = 15}, spanEnd = SourcePos {posLine = 471, posColumn = 17}}, locValue = TokenOperator OpPlusAssign},Located {locSpan = SourceSpan {spanFilename = "<input>", spanStart = SourcePos {posLine = 471, posColumn = 18}, spanEnd = SourcePos {posLine = 471, posColumn = 29}}, locValue = TokenIdent "function_64"},Located {locSpan = SourceSpan {spanFilename = "<input>", spanStart = SourcePos {posLine = 471, posColumn = 29}, spanEnd = SourcePos {posLine = 471, posColumn = 30}}, locValue = TokenDelimiter DelimLeftParen},Located {locSpan = SourceSpan {spanFilename = "<input>", spanStart = SourcePos {posLine = 471, posColumn = 30}, spanEnd = SourcePos {posLine = 471, posColumn = 31}}, locValue = TokenIdent "i"},Located {locSpan = SourceSpan {spanFilename = "<input>", spanStart = SourcePos {posLine = 471, posColumn = 31}, spanEnd = SourcePos {posLine = 471, posColumn = 32}}, locValue = TokenDelimiter DelimRightParen},Located {locSpan = SourceSpan {spanFilename = "<input>", spanStart = SourcePos {posLine = 471, posColumn = 1}, spanEnd = SourcePos {posLine = 472, posColumn = 1}}, locValue = TokenNewline},Located {locSpan = SourceSpan {spanFilename = "<input>", spanStart = SourcePos {posLine = 472, posColumn = 9}, spanEnd = SourcePos {posLine = 472, posColumn = 14}}, locValue = TokenIdent "total"},Located {locSpan = SourceSpan {spanFilename = "<input>", spanStart = SourcePos {posLine = 472, posColumn = 15}, spanEnd = SourcePos {posLine = 472, posColumn = 17}}, locValue = TokenOperator OpPlusAssign},Located {locSpan = SourceSpan {spanFilename = "<input>", spanStart = SourcePos {posLine = 472, posColumn = 18}, spanEnd = SourcePos {posLine = 472, posColumn = 29}}, locValue = TokenIdent "function_65"},Located {locSpan = SourceSpan {spanFilename = "<input>", spanStart = SourcePos {posLine = 472, posColumn = 29}, spanEnd = SourcePos {posLine = 472, posColumn = 30}}, locValue = TokenDelimiter DelimLeftParen},Located {locSpan = SourceSpan {spanFilename = "<input>", spanStart = SourcePos {posLine = 472, posColumn = 30}, spanEnd = SourcePos {posLine = 472, posColumn = 31}}, locValue = TokenIdent "i"},Located {locSpan = SourceSpan {spanFilename = "<input>", spanStart = SourcePos {posLine = 472, posColumn = 31}, spanEnd = SourcePos {posLine = 472, posColumn = 32}}, locValue = TokenDelimiter DelimRightParen},Located {locSpan = SourceSpan {spanFilename = "<input>", spanStart = SourcePos {posLine = 472, posColumn = 1}, spanEnd = SourcePos {posLine = 473, posColumn = 1}}, locValue = TokenNewline},Located {locSpan = SourceSpan {spanFilename = "<input>", spanStart = SourcePos {posLine = 473, posColumn = 9}, spanEnd = SourcePos {posLine = 473, posColumn = 14}}, locValue = TokenIdent "total"},Located {locSpan = SourceSpan {spanFilename = "<input>", spanStart = SourcePos {posLine = 473, posColumn = 15}, spanEnd = SourcePos {posLine = 473, posColumn = 17}}, locValue = TokenOperator OpPlusAssign},Located {locSpan = SourceSpan {spanFilename = "<input>", spanStart = SourcePos {posLine = 473, posColumn = 18}, spanEnd = SourcePos {posLine = 473, posColumn = 29}}, locValue = TokenIdent "function_66"},Located {locSpan = SourceSpan {spanFilename = "<input>", spanStart = SourcePos {posLine = 473, posColumn = 29}, spanEnd = SourcePos {posLine = 473, posColumn = 30}}, locValue = TokenDelimiter DelimLeftParen},Located {locSpan = SourceSpan {spanFilename = "<input>", spanStart = SourcePos {posLine = 473, posColumn = 30}, spanEnd = SourcePos {posLine = 473, posColumn = 31}}, locValue = TokenIdent "i"},Located {locSpan = SourceSpan {spanFilename = "<input>", spanStart = SourcePos {posLine = 473, posColumn = 31}, spanEnd = SourcePos {posLine = 473, posColumn = 32}}, locValue = TokenDelimiter DelimRightParen},Located {locSpan = SourceSpan {spanFilename = "<input>", spanStart = SourcePos {posLine = 473, posColumn = 1}, spanEnd = SourcePos {posLine = 474, posColumn = 1}}, locValue = TokenNewline},Located {locSpan = SourceSpan {spanFilename = "<input>", spanStart = SourcePos {posLine = 474, posColumn = 9}, spanEnd = SourcePos {posLine = 474, posColumn = 14}}, locValue = TokenIdent "total"},Located {locSpan = SourceSpan {spanFilename = "<input>", spanStart = SourcePos {posLine = 474, posColumn = 15}, spanEnd = SourcePos {posLine = 474, posColumn = 17}}, locValue = TokenOperator OpPlusAssign},Located {locSpan = SourceSpan {spanFilename = "<input>", spanStart = SourcePos {posLine = 474, posColumn = 18}, spanEnd = SourcePos {posLine = 474, posColumn = 29}}, locValue = TokenIdent "function_67"},Located {locSpan = SourceSpan {spanFilename = "<input>", spanStart = SourcePos {posLine = 474, posColumn = 29}, spanEnd = SourcePos {posLine = 474, posColumn = 30}}, locValue = TokenDelimiter DelimLeftParen},Located {locSpan = SourceSpan {spanFilename = "<input>", spanStart = SourcePos {posLine = 474, posColumn = 30}, spanEnd = SourcePos {posLine = 474, posColumn = 31}}, locValue = TokenIdent "i"},Located {locSpan = SourceSpan {spanFilename = "<input>", spanStart = SourcePos {posLine = 474, posColumn = 31}, spanEnd = SourcePos {posLine = 474, posColumn = 32}}, locValue = TokenDelimiter DelimRightParen},Located {locSpan = SourceSpan {spanFilename = "<input>", spanStart = SourcePos {posLine = 474, posColumn = 1}, spanEnd = SourcePos {posLine = 475, posColumn = 1}}, locValue = TokenNewline},Located {locSpan = SourceSpan {spanFilename = "<input>", spanStart = SourcePos {posLine = 475, posColumn = 9}, spanEnd = SourcePos {posLine = 475, posColumn = 14}}, locValue = TokenIdent "total"},Located {locSpan = SourceSpan {spanFilename = "<input>", spanStart = SourcePos {posLine = 475, posColumn = 15}, spanEnd = SourcePos {posLine = 475, posColumn = 17}}, locValue = TokenOperator OpPlusAssign},Located {locSpan = SourceSpan {spanFilename = "<input>", spanStart = SourcePos {posLine = 475, posColumn = 18}, spanEnd = SourcePos {posLine = 475, posColumn = 29}}, locValue = TokenIdent "function_68"},Located {locSpan = SourceSpan {spanFilename = "<input>", spanStart = SourcePos {posLine = 475, posColumn = 29}, spanEnd = SourcePos {posLine = 475, posColumn = 30}}, locValue = TokenDelimiter DelimLeftParen},Located {locSpan = SourceSpan {spanFilename = "<input>", spanStart = SourcePos {posLine = 475, posColumn = 30}, spanEnd = SourcePos {posLine = 475, posColumn = 31}}, locValue = TokenIdent "i"},Located {locSpan = SourceSpan {spanFilename = "<input>", spanStart = SourcePos {posLine = 475, posColumn = 31}, spanEnd = SourcePos {posLine = 475, posColumn = 32}}, locValue = TokenDelimiter DelimRightParen},Located {locSpan = SourceSpan {spanFilename = "<input>", spanStart = SourcePos {posLine = 475, posColumn = 1}, spanEnd = SourcePos {posLine = 476, posColumn = 1}}, locValue = TokenNewline},Located {locSpan = SourceSpan {spanFilename = "<input>", spanStart = SourcePos {posLine = 476, posColumn = 9}, spanEnd = SourcePos {posLine = 476, posColumn = 14}}, locValue = TokenIdent "total"},Located {locSpan = SourceSpan {spanFilename = "<input>", spanStart = SourcePos {posLine = 476, posColumn = 15}, spanEnd = SourcePos {posLine = 476, posColumn = 17}}, locValue = TokenOperator OpPlusAssign},Located {locSpan = SourceSpan {spanFilename = "<input>", spanStart = SourcePos {posLine = 476, posColumn = 18}, spanEnd = SourcePos {posLine = 476, posColumn = 29}}, locValue = TokenIdent "function_69"},Located {locSpan = SourceSpan {spanFilename = "<input>", spanStart = SourcePos {posLine = 476, posColumn = 29}, spanEnd = SourcePos {posLine = 476, posColumn = 30}}, locValue = TokenDelimiter DelimLeftParen},Located {locSpan = SourceSpan {spanFilename = "<input>", spanStart = SourcePos {posLine = 476, posColumn = 30}, spanEnd = SourcePos {posLine = 476, posColumn = 31}}, locValue = TokenIdent "i"},Located {locSpan = SourceSpan {spanFilename = "<input>", spanStart = SourcePos {posLine = 476, posColumn = 31}, spanEnd = SourcePos {posLine = 476, posColumn = 32}}, locValue = TokenDelimiter DelimRightParen},Located {locSpan = SourceSpan {spanFilename = "<input>", spanStart = SourcePos {posLine = 476, posColumn = 1}, spanEnd = SourcePos {posLine = 477, posColumn = 1}}, locValue = TokenNewline},Located {locSpan = SourceSpan {spanFilename = "<input>", spanStart = SourcePos {posLine = 477, posColumn = 9}, spanEnd = SourcePos {posLine = 477, posColumn = 14}}, locValue = TokenIdent "total"},Located {locSpan = SourceSpan {spanFilename = "<input>", spanStart = SourcePos {posLine = 477, posColumn = 15}, spanEnd = SourcePos {posLine = 477, posColumn = 17}}, locValue = TokenOperator OpPlusAssign},Located {locSpan = SourceSpan {spanFilename = "<input>", spanStart = SourcePos {posLine = 477, posColumn = 18}, spanEnd = SourcePos {posLine = 477, posColumn = 29}}, locValue = TokenIdent "function_70"},Located {locSpan = SourceSpan {spanFilename = "<input>", spanStart = SourcePos {posLine = 477, posColumn = 29}, spanEnd = SourcePos {posLine = 477, posColumn = 30}}, locValue = TokenDelimiter DelimLeftParen},Located {locSpan = SourceSpan {spanFilename = "<input>", spanStart = SourcePos {posLine = 477, posColumn = 30}, spanEnd = SourcePos {posLine = 477, posColumn = 31}}, locValue = TokenIdent "i"},Located {locSpan = SourceSpan {spanFilename = "<input>", spanStart = SourcePos {posLine = 477, posColumn = 31}, spanEnd = SourcePos {posLine = 477, posColumn = 32}}, locValue = TokenDelimiter DelimRightParen},Located {locSpan = SourceSpan {spanFilename = "<input>", spanStart = SourcePos {posLine = 477, posColumn = 1}, spanEnd = SourcePos {posLine = 478, posColumn = 1}}, locValue = TokenNewline},Located {locSpan = SourceSpan {spanFilename = "<input>", spanStart = SourcePos {posLine = 478, posColumn = 9}, spanEnd = SourcePos {posLine = 478, posColumn = 14}}, locValue = TokenIdent "total"},Located {locSpan = SourceSpan {spanFilename = "<input>", spanStart = SourcePos {posLine = 478, posColumn = 15}, spanEnd = SourcePos {posLine = 478, posColumn = 17}}, locValue = TokenOperator OpPlusAssign},Located {locSpan = SourceSpan {spanFilename = "<input>", spanStart = SourcePos {posLine = 478, posColumn = 18}, spanEnd = SourcePos {posLine = 478, posColumn = 29}}, locValue = TokenIdent "function_71"},Located {locSpan = SourceSpan {spanFilename = "<input>", spanStart = SourcePos {posLine = 478, posColumn = 29}, spanEnd = SourcePos {posLine = 478, posColumn = 30}}, locValue = TokenDelimiter DelimLeftParen},Located {locSpan = SourceSpan {spanFilename = "<input>", spanStart = SourcePos {posLine = 478, posColumn = 30}, spanEnd = SourcePos {posLine = 478, posColumn = 31}}, locValue = TokenIdent "i"},Located {locSpan = SourceSpan {spanFilename = "<input>", spanStart = SourcePos {posLine = 478, posColumn = 31}, spanEnd = SourcePos {posLine = 478, posColumn = 32}}, locValue = TokenDelimiter DelimRightParen},Located {locSpan = SourceSpan {spanFilename = "<input>", spanStart = SourcePos {posLine = 478, posColumn = 1}, spanEnd = SourcePos {posLine = 479, posColumn = 1}}, locValue = TokenNewline},Located {locSpan = SourceSpan {spanFilename = "<input>", spanStart = SourcePos {posLine = 479, posColumn = 9}, spanEnd = SourcePos {posLine = 479, posColumn = 14}}, locValue = TokenIdent "total"},Located {locSpan = SourceSpan {spanFilename = "<input>", spanStart = SourcePos {posLine = 479, posColumn = 15}, spanEnd = SourcePos {posLine = 479, posColumn = 17}}, locValue = TokenOperator OpPlusAssign},Located {locSpan = SourceSpan {spanFilename = "<input>", spanStart = SourcePos {posLine = 479, posColumn = 18}, spanEnd = SourcePos {posLine = 479, posColumn = 29}}, locValue = TokenIdent "function_72"},Located {locSpan = SourceSpan {spanFilename = "<input>", spanStart = SourcePos {posLine = 479, posColumn = 29}, spanEnd = SourcePos {posLine = 479, posColumn = 30}}, locValue = TokenDelimiter DelimLeftParen},Located {locSpan = SourceSpan {spanFilename = "<input>", spanStart = SourcePos {posLine = 479, posColumn = 30}, spanEnd = SourcePos {posLine = 479, posColumn = 31}}, locValue = TokenIdent "i"},Located {locSpan = SourceSpan {spanFilename = "<input>", spanStart = SourcePos {posLine = 479, posColumn = 31}, spanEnd = SourcePos {posLine = 479, posColumn = 32}}, locValue = TokenDelimiter DelimRightParen},Located {locSpan = SourceSpan {spanFilename = "<input>", spanStart = SourcePos {posLine = 479, posColumn = 1}, spanEnd = SourcePos {posLine = 480, posColumn = 1}}, locValue = TokenNewline},Located {locSpan = SourceSpan {spanFilename = "<input>", spanStart = SourcePos {posLine = 480, posColumn = 9}, spanEnd = SourcePos {posLine = 480, posColumn = 14}}, locValue = TokenIdent "total"},Located {locSpan = SourceSpan {spanFilename = "<input>", spanStart = SourcePos {posLine = 480, posColumn = 15}, spanEnd = SourcePos {posLine = 480, posColumn = 17}}, locValue = TokenOperator OpPlusAssign},Located {locSpan = SourceSpan {spanFilename = "<input>", spanStart = SourcePos {posLine = 480, posColumn = 18}, spanEnd = SourcePos {posLine = 480, posColumn = 29}}, locValue = TokenIdent "function_73"},Located {locSpan = SourceSpan {spanFilename = "<input>", spanStart = SourcePos {posLine = 480, posColumn = 29}, spanEnd = SourcePos {posLine = 480, posColumn = 30}}, locValue = TokenDelimiter DelimLeftParen},Located {locSpan = SourceSpan {spanFilename = "<input>", spanStart = SourcePos {posLine = 480, posColumn = 30}, spanEnd = SourcePos {posLine = 480, posColumn = 31}}, locValue = TokenIdent "i"},Located {locSpan = SourceSpan {spanFilename = "<input>", spanStart = SourcePos {posLine = 480, posColumn = 31}, spanEnd = SourcePos {posLine = 480, posColumn = 32}}, locValue = TokenDelimiter DelimRightParen},Located {locSpan = SourceSpan {spanFilename = "<input>", spanStart = SourcePos {posLine = 480, posColumn = 1}, spanEnd = SourcePos {posLine = 481, posColumn = 1}}, locValue = TokenNewline},Located {locSpan = SourceSpan {spanFilename = "<input>", spanStart = SourcePos {posLine = 481, posColumn = 9}, spanEnd = SourcePos {posLine = 481, posColumn = 14}}, locValue = TokenIdent "total"},Located {locSpan = SourceSpan {spanFilename = "<input>", spanStart = SourcePos {posLine = 481, posColumn = 15}, spanEnd = SourcePos {posLine = 481, posColumn = 17}}, locValue = TokenOperator OpPlusAssign},Located {locSpan = SourceSpan {spanFilename = "<input>", spanStart = SourcePos {posLine = 481, posColumn = 18}, spanEnd = SourcePos {posLine = 481, posColumn = 29}}, locValue = TokenIdent "function_74"},Located {locSpan = SourceSpan {spanFilename = "<input>", spanStart = SourcePos {posLine = 481, posColumn = 29}, spanEnd = SourcePos {posLine = 481, posColumn = 30}}, locValue = TokenDelimiter DelimLeftParen},Located {locSpan = SourceSpan {spanFilename = "<input>", spanStart = SourcePos {posLine = 481, posColumn = 30}, spanEnd = SourcePos {posLine = 481, posColumn = 31}}, locValue = TokenIdent "i"},Located {locSpan = SourceSpan {spanFilename = "<input>", spanStart = SourcePos {posLine = 481, posColumn = 31}, spanEnd = SourcePos {posLine = 481, posColumn = 32}}, locValue = TokenDelimiter DelimRightParen},Located {locSpan = SourceSpan {spanFilename = "<input>", spanStart = SourcePos {posLine = 481, posColumn = 1}, spanEnd = SourcePos {posLine = 482, posColumn = 1}}, locValue = TokenNewline},Located {locSpan = SourceSpan {spanFilename = "<input>", spanStart = SourcePos {posLine = 482, posColumn = 9}, spanEnd = SourcePos {posLine = 482, posColumn = 14}}, locValue = TokenIdent "total"},Located {locSpan = SourceSpan {spanFilename = "<input>", spanStart = SourcePos {posLine = 482, posColumn = 15}, spanEnd = SourcePos {posLine = 482, posColumn = 17}}, locValue = TokenOperator OpPlusAssign},Located {locSpan = SourceSpan {spanFilename = "<input>", spanStart = SourcePos {posLine = 482, posColumn = 18}, spanEnd = SourcePos {posLine = 482, posColumn = 29}}, locValue = TokenIdent "function_75"},Located {locSpan = SourceSpan {spanFilename = "<input>", spanStart = SourcePos {posLine = 482, posColumn = 29}, spanEnd = SourcePos {posLine = 482, posColumn = 30}}, locValue = TokenDelimiter DelimLeftParen},Located {locSpan = SourceSpan {spanFilename = "<input>", spanStart = SourcePos {posLine = 482, posColumn = 30}, spanEnd = SourcePos {posLine = 482, posColumn = 31}}, locValue = TokenIdent "i"},Located {locSpan = SourceSpan {spanFilename = "<input>", spanStart = SourcePos {posLine = 482, posColumn = 31}, spanEnd = SourcePos {posLine = 482, posColumn = 32}}, locValue = TokenDelimiter DelimRightParen},Located {locSpan = SourceSpan {spanFilename = "<input>", spanStart = SourcePos {posLine = 482, posColumn = 1}, spanEnd = SourcePos {posLine = 483, posColumn = 1}}, locValue = TokenNewline},Located {locSpan = SourceSpan {spanFilename = "<input>", spanStart = SourcePos {posLine = 483, posColumn = 9}, spanEnd = SourcePos {posLine = 483, posColumn = 14}}, locValue = TokenIdent "total"},Located {locSpan = SourceSpan {spanFilename = "<input>", spanStart = SourcePos {posLine = 483, posColumn = 15}, spanEnd = SourcePos {posLine = 483, posColumn = 17}}, locValue = TokenOperator OpPlusAssign},Located {locSpan = SourceSpan {spanFilename = "<input>", spanStart = SourcePos {posLine = 483, posColumn = 18}, spanEnd = SourcePos {posLine = 483, posColumn = 29}}, locValue = TokenIdent "function_76"},Located {locSpan = SourceSpan {spanFilename = "<input>", spanStart = SourcePos {posLine = 483, posColumn = 29}, spanEnd = SourcePos {posLine = 483, posColumn = 30}}, locValue = TokenDelimiter DelimLeftParen},Located {locSpan = SourceSpan {spanFilename = "<input>", spanStart = SourcePos {posLine = 483, posColumn = 30}, spanEnd = SourcePos {posLine = 483, posColumn = 31}}, locValue = TokenIdent "i"},Located {locSpan = SourceSpan {spanFilename = "<input>", spanStart = SourcePos {posLine = 483, posColumn = 31}, spanEnd = SourcePos {posLine = 483, posColumn = 32}}, locValue = TokenDelimiter DelimRightParen},Located {locSpan = SourceSpan {spanFilename = "<input>", spanStart = SourcePos {posLine = 483, posColumn = 1}, spanEnd = SourcePos {posLine = 484, posColumn = 1}}, locValue = TokenNewline},Located {locSpan = SourceSpan {spanFilename = "<input>", spanStart = SourcePos {posLine = 484, posColumn = 9}, spanEnd = SourcePos {posLine = 484, posColumn = 14}}, locValue = TokenIdent "total"},Located {locSpan = SourceSpan {spanFilename = "<input>", spanStart = SourcePos {posLine = 484, posColumn = 15}, spanEnd = SourcePos {posLine = 484, posColumn = 17}}, locValue = TokenOperator OpPlusAssign},Located {locSpan = SourceSpan {spanFilename = "<input>", spanStart = SourcePos {posLine = 484, posColumn = 18}, spanEnd = SourcePos {posLine = 484, posColumn = 29}}, locValue = TokenIdent "function_77"},Located {locSpan = SourceSpan {spanFilename = "<input>", spanStart = SourcePos {posLine = 484, posColumn = 29}, spanEnd = SourcePos {posLine = 484, posColumn = 30}}, locValue = TokenDelimiter DelimLeftParen},Located {locSpan = SourceSpan {spanFilename = "<input>", spanStart = SourcePos {posLine = 484, posColumn = 30}, spanEnd = SourcePos {posLine = 484, posColumn = 31}}, locValue = TokenIdent "i"},Located {locSpan = SourceSpan {spanFilename = "<input>", spanStart = SourcePos {posLine = 484, posColumn = 31}, spanEnd = SourcePos {posLine = 484, posColumn = 32}}, locValue = TokenDelimiter DelimRightParen},Located {locSpan = SourceSpan {spanFilename = "<input>", spanStart = SourcePos {posLine = 484, posColumn = 1}, spanEnd = SourcePos {posLine = 485, posColumn = 1}}, locValue = TokenNewline},Located {locSpan = SourceSpan {spanFilename = "<input>", spanStart = SourcePos {posLine = 485, posColumn = 9}, spanEnd = SourcePos {posLine = 485, posColumn = 14}}, locValue = TokenIdent "total"},Located {locSpan = SourceSpan {spanFilename = "<input>", spanStart = SourcePos {posLine = 485, posColumn = 15}, spanEnd = SourcePos {posLine = 485, posColumn = 17}}, locValue = TokenOperator OpPlusAssign},Located {locSpan = SourceSpan {spanFilename = "<input>", spanStart = SourcePos {posLine = 485, posColumn = 18}, spanEnd = SourcePos {posLine = 485, posColumn = 29}}, locValue = TokenIdent "function_78"},Located {locSpan = SourceSpan {spanFilename = "<input>", spanStart = SourcePos {posLine = 485, posColumn = 29}, spanEnd = SourcePos {posLine = 485, posColumn = 30}}, locValue = TokenDelimiter DelimLeftParen},Located {locSpan = SourceSpan {spanFilename = "<input>", spanStart = SourcePos {posLine = 485, posColumn = 30}, spanEnd = SourcePos {posLine = 485, posColumn = 31}}, locValue = TokenIdent "i"},Located {locSpan = SourceSpan {spanFilename = "<input>", spanStart = SourcePos {posLine = 485, posColumn = 31}, spanEnd = SourcePos {posLine = 485, posColumn = 32}}, locValue = TokenDelimiter DelimRightParen},Located {locSpan = SourceSpan {spanFilename = "<input>", spanStart = SourcePos {posLine = 485, posColumn = 1}, spanEnd = SourcePos {posLine = 486, posColumn = 1}}, locValue = TokenNewline},Located {locSpan = SourceSpan {spanFilename = "<input>", spanStart = SourcePos {posLine = 486, posColumn = 9}, spanEnd = SourcePos {posLine = 486, posColumn = 14}}, locValue = TokenIdent "total"},Located {locSpan = SourceSpan {spanFilename = "<input>", spanStart = SourcePos {posLine = 486, posColumn = 15}, spanEnd = SourcePos {posLine = 486, posColumn = 17}}, locValue = TokenOperator OpPlusAssign},Located {locSpan = SourceSpan {spanFilename = "<input>", spanStart = SourcePos {posLine = 486, posColumn = 18}, spanEnd = SourcePos {posLine = 486, posColumn = 29}}, locValue = TokenIdent "function_79"},Located {locSpan = SourceSpan {spanFilename = "<input>", spanStart = SourcePos {posLine = 486, posColumn = 29}, spanEnd = SourcePos {posLine = 486, posColumn = 30}}, locValue = TokenDelimiter DelimLeftParen},Located {locSpan = SourceSpan {spanFilename = "<input>", spanStart = SourcePos {posLine = 486, posColumn = 30}, spanEnd = SourcePos {posLine = 486, posColumn = 31}}, locValue = TokenIdent "i"},Located {locSpan = SourceSpan {spanFilename = "<input>", spanStart = SourcePos {posLine = 486, posColumn = 31}, spanEnd = SourcePos {posLine = 486, posColumn = 32}}, locValue = TokenDelimiter DelimRightParen},Located {locSpan = SourceSpan {spanFilename = "<input>", spanStart = SourcePos {posLine = 486, posColumn = 1}, spanEnd = SourcePos {posLine = 487, posColumn = 1}}, locValue = TokenNewline},Located {locSpan = SourceSpan {spanFilename = "<input>", spanStart = SourcePos {posLine = 487, posColumn = 9}, spanEnd = SourcePos {posLine = 487, posColumn = 14}}, locValue = TokenIdent "total"},Located {locSpan = SourceSpan {spanFilename = "<input>", spanStart = SourcePos {posLine = 487, posColumn = 15}, spanEnd = SourcePos {posLine = 487, posColumn = 17}}, locValue = TokenOperator OpPlusAssign},Located {locSpan = SourceSpan {spanFilename = "<input>", spanStart = SourcePos {posLine = 487, posColumn = 18}, spanEnd = SourcePos {posLine = 487, posColumn = 29}}, locValue = TokenIdent "function_80"},Located {locSpan = SourceSpan {spanFilename = "<input>", spanStart = SourcePos {posLine = 487, posColumn = 29}, spanEnd = SourcePos {posLine = 487, posColumn = 30}}, locValue = TokenDelimiter DelimLeftParen},Located {locSpan = SourceSpan {spanFilename = "<input>", spanStart = SourcePos {posLine = 487, posColumn = 30}, spanEnd = SourcePos {posLine = 487, posColumn = 31}}, locValue = TokenIdent "i"},Located {locSpan = SourceSpan {spanFilename = "<input>", spanStart = SourcePos {posLine = 487, posColumn = 31}, spanEnd = SourcePos {posLine = 487, posColumn = 32}}, locValue = TokenDelimiter DelimRightParen},Located {locSpan = SourceSpan {spanFilename = "<input>", spanStart = SourcePos {posLine = 487, posColumn = 1}, spanEnd = SourcePos {posLine = 488, posColumn = 1}}, locValue = TokenNewline},Located {locSpan = SourceSpan {spanFilename = "<input>", spanStart = SourcePos {posLine = 488, posColumn = 9}, spanEnd = SourcePos {posLine = 488, posColumn = 14}}, locValue = TokenIdent "total"},Located {locSpan = SourceSpan {spanFilename = "<input>", spanStart = SourcePos {posLine = 488, posColumn = 15}, spanEnd = SourcePos {posLine = 488, posColumn = 17}}, locValue = TokenOperator OpPlusAssign},Located {locSpan = SourceSpan {spanFilename = "<input>", spanStart = SourcePos {posLine = 488, posColumn = 18}, spanEnd = SourcePos {posLine = 488, posColumn = 29}}, locValue = TokenIdent "function_81"},Located {locSpan = SourceSpan {spanFilename = "<input>", spanStart = SourcePos {posLine = 488, posColumn = 29}, spanEnd = SourcePos {posLine = 488, posColumn = 30}}, locValue = TokenDelimiter DelimLeftParen},Located {locSpan = SourceSpan {spanFilename = "<input>", spanStart = SourcePos {posLine = 488, posColumn = 30}, spanEnd = SourcePos {posLine = 488, posColumn = 31}}, locValue = TokenIdent "i"},Located {locSpan = SourceSpan {spanFilename = "<input>", spanStart = SourcePos {posLine = 488, posColumn = 31}, spanEnd = SourcePos {posLine = 488, posColumn = 32}}, locValue = TokenDelimiter DelimRightParen},Located {locSpan = SourceSpan {spanFilename = "<input>", spanStart = SourcePos {posLine = 488, posColumn = 1}, spanEnd = SourcePos {posLine = 489, posColumn = 1}}, locValue = TokenNewline},Located {locSpan = SourceSpan {spanFilename = "<input>", spanStart = SourcePos {posLine = 489, posColumn = 9}, spanEnd = SourcePos {posLine = 489, posColumn = 14}}, locValue = TokenIdent "total"},Located {locSpan = SourceSpan {spanFilename = "<input>", spanStart = SourcePos {posLine = 489, posColumn = 15}, spanEnd = SourcePos {posLine = 489, posColumn = 17}}, locValue = TokenOperator OpPlusAssign},Located {locSpan = SourceSpan {spanFilename = "<input>", spanStart = SourcePos {posLine = 489, posColumn = 18}, spanEnd = SourcePos {posLine = 489, posColumn = 29}}, locValue = TokenIdent "function_82"},Located {locSpan = SourceSpan {spanFilename = "<input>", spanStart = SourcePos {posLine = 489, posColumn = 29}, spanEnd = SourcePos {posLine = 489, posColumn = 30}}, locValue = TokenDelimiter DelimLeftParen},Located {locSpan = SourceSpan {spanFilename = "<input>", spanStart = SourcePos {posLine = 489, posColumn = 30}, spanEnd = SourcePos {posLine = 489, posColumn = 31}}, locValue = TokenIdent "i"},Located {locSpan = SourceSpan {spanFilename = "<input>", spanStart = SourcePos {posLine = 489, posColumn = 31}, spanEnd = SourcePos {posLine = 489, posColumn = 32}}, locValue = TokenDelimiter DelimRightParen},Located {locSpan = SourceSpan {spanFilename = "<input>", spanStart = SourcePos {posLine = 489, posColumn = 1}, spanEnd = SourcePos {posLine = 490, posColumn = 1}}, locValue = TokenNewline},Located {locSpan = SourceSpan {spanFilename = "<input>", spanStart = SourcePos {posLine = 490, posColumn = 9}, spanEnd = SourcePos {posLine = 490, posColumn = 14}}, locValue = TokenIdent "total"},Located {locSpan = SourceSpan {spanFilename = "<input>", spanStart = SourcePos {posLine = 490, posColumn = 15}, spanEnd = SourcePos {posLine = 490, posColumn = 17}}, locValue = TokenOperator OpPlusAssign},Located {locSpan = SourceSpan {spanFilename = "<input>", spanStart = SourcePos {posLine = 490, posColumn = 18}, spanEnd = SourcePos {posLine = 490, posColumn = 29}}, locValue = TokenIdent "function_83"},Located {locSpan = SourceSpan {spanFilename = "<input>", spanStart = SourcePos {posLine = 490, posColumn = 29}, spanEnd = SourcePos {posLine = 490, posColumn = 30}}, locValue = TokenDelimiter DelimLeftParen},Located {locSpan = SourceSpan {spanFilename = "<input>", spanStart = SourcePos {posLine = 490, posColumn = 30}, spanEnd = SourcePos {posLine = 490, posColumn = 31}}, locValue = TokenIdent "i"},Located {locSpan = SourceSpan {spanFilename = "<input>", spanStart = SourcePos {posLine = 490, posColumn = 31}, spanEnd = SourcePos {posLine = 490, posColumn = 32}}, locValue = TokenDelimiter DelimRightParen},Located {locSpan = SourceSpan {spanFilename = "<input>", spanStart = SourcePos {posLine = 490, posColumn = 1}, spanEnd = SourcePos {posLine = 491, posColumn = 1}}, locValue = TokenNewline},Located {locSpan = SourceSpan {spanFilename = "<input>", spanStart = SourcePos {posLine = 491, posColumn = 9}, spanEnd = SourcePos {posLine = 491, posColumn = 14}}, locValue = TokenIdent "total"},Located {locSpan = SourceSpan {spanFilename = "<input>", spanStart = SourcePos {posLine = 491, posColumn = 15}, spanEnd = SourcePos {posLine = 491, posColumn = 17}}, locValue = TokenOperator OpPlusAssign},Located {locSpan = SourceSpan {spanFilename = "<input>", spanStart = SourcePos {posLine = 491, posColumn = 18}, spanEnd = SourcePos {posLine = 491, posColumn = 29}}, locValue = TokenIdent "function_84"},Located {locSpan = SourceSpan {spanFilename = "<input>", spanStart = SourcePos {posLine = 491, posColumn = 29}, spanEnd = SourcePos {posLine = 491, posColumn = 30}}, locValue = TokenDelimiter DelimLeftParen},Located {locSpan = SourceSpan {spanFilename = "<input>", spanStart = SourcePos {posLine = 491, posColumn = 30}, spanEnd = SourcePos {posLine = 491, posColumn = 31}}, locValue = TokenIdent "i"},Located {locSpan = SourceSpan {spanFilename = "<input>", spanStart = SourcePos {posLine = 491, posColumn = 31}, spanEnd = SourcePos {posLine = 491, posColumn = 32}}, locValue = TokenDelimiter DelimRightParen},Located {locSpan = SourceSpan {spanFilename = "<input>", spanStart = SourcePos {posLine = 491, posColumn = 1}, spanEnd = SourcePos {posLine = 492, posColumn = 1}}, locValue = TokenNewline},Located {locSpan = SourceSpan {spanFilename = "<input>", spanStart = SourcePos {posLine = 492, posColumn = 9}, spanEnd = SourcePos {posLine = 492, posColumn = 14}}, locValue = TokenIdent "total"},Located {locSpan = SourceSpan {spanFilename = "<input>", spanStart = SourcePos {posLine = 492, posColumn = 15}, spanEnd = SourcePos {posLine = 492, posColumn = 17}}, locValue = TokenOperator OpPlusAssign},Located {locSpan = SourceSpan {spanFilename = "<input>", spanStart = SourcePos {posLine = 492, posColumn = 18}, spanEnd = SourcePos {posLine = 492, posColumn = 29}}, locValue = TokenIdent "function_85"},Located {locSpan = SourceSpan {spanFilename = "<input>", spanStart = SourcePos {posLine = 492, posColumn = 29}, spanEnd = SourcePos {posLine = 492, posColumn = 30}}, locValue = TokenDelimiter DelimLeftParen},Located {locSpan = SourceSpan {spanFilename = "<input>", spanStart = SourcePos {posLine = 492, posColumn = 30}, spanEnd = SourcePos {posLine = 492, posColumn = 31}}, locValue = TokenIdent "i"},Located {locSpan = SourceSpan {spanFilename = "<input>", spanStart = SourcePos {posLine = 492, posColumn = 31}, spanEnd = SourcePos {posLine = 492, posColumn = 32}}, locValue = TokenDelimiter DelimRightParen},Located {locSpan = SourceSpan {spanFilename = "<input>", spanStart = SourcePos {posLine = 492, posColumn = 1}, spanEnd = SourcePos {posLine = 493, posColumn = 1}}, locValue = TokenNewline},Located {locSpan = SourceSpan {spanFilename = "<input>", spanStart = SourcePos {posLine = 493, posColumn = 9}, spanEnd = SourcePos {posLine = 493, posColumn = 14}}, locValue = TokenIdent "total"},Located {locSpan = SourceSpan {spanFilename = "<input>", spanStart = SourcePos {posLine = 493, posColumn = 15}, spanEnd = SourcePos {posLine = 493, posColumn = 17}}, locValue = TokenOperator OpPlusAssign},Located {locSpan = SourceSpan {spanFilename = "<input>", spanStart = SourcePos {posLine = 493, posColumn = 18}, spanEnd = SourcePos {posLine = 493, posColumn = 29}}, locValue = TokenIdent "function_86"},Located {locSpan = SourceSpan {spanFilename = "<input>", spanStart = SourcePos {posLine = 493, posColumn = 29}, spanEnd = SourcePos {posLine = 493, posColumn = 30}}, locValue = TokenDelimiter DelimLeftParen},Located {locSpan = SourceSpan {spanFilename = "<input>", spanStart = SourcePos {posLine = 493, posColumn = 30}, spanEnd = SourcePos {posLine = 493, posColumn = 31}}, locValue = TokenIdent "i"},Located {locSpan = SourceSpan {spanFilename = "<input>", spanStart = SourcePos {posLine = 493, posColumn = 31}, spanEnd = SourcePos {posLine = 493, posColumn = 32}}, locValue = TokenDelimiter DelimRightParen},Located {locSpan = SourceSpan {spanFilename = "<input>", spanStart = SourcePos {posLine = 493, posColumn = 1}, spanEnd = SourcePos {posLine = 494, posColumn = 1}}, locValue = TokenNewline},Located {locSpan = SourceSpan {spanFilename = "<input>", spanStart = SourcePos {posLine = 494, posColumn = 9}, spanEnd = SourcePos {posLine = 494, posColumn = 14}}, locValue = TokenIdent "total"},Located {locSpan = SourceSpan {spanFilename = "<input>", spanStart = SourcePos {posLine = 494, posColumn = 15}, spanEnd = SourcePos {posLine = 494, posColumn = 17}}, locValue = TokenOperator OpPlusAssign},Located {locSpan = SourceSpan {spanFilename = "<input>", spanStart = SourcePos {posLine = 494, posColumn = 18}, spanEnd = SourcePos {posLine = 494, posColumn = 29}}, locValue = TokenIdent "function_87"},Located {locSpan = SourceSpan {spanFilename = "<input>", spanStart = SourcePos {posLine = 494, posColumn = 29}, spanEnd = SourcePos {posLine = 494, posColumn = 30}}, locValue = TokenDelimiter DelimLeftParen},Located {locSpan = SourceSpan {spanFilename = "<input>", spanStart = SourcePos {posLine = 494, posColumn = 30}, spanEnd = SourcePos {posLine = 494, posColumn = 31}}, locValue = TokenIdent "i"},Located {locSpan = SourceSpan {spanFilename = "<input>", spanStart = SourcePos {posLine = 494, posColumn = 31}, spanEnd = SourcePos {posLine = 494, posColumn = 32}}, locValue = TokenDelimiter DelimRightParen},Located {locSpan = SourceSpan {spanFilename = "<input>", spanStart = SourcePos {posLine = 494, posColumn = 1}, spanEnd = SourcePos {posLine = 495, posColumn = 1}}, locValue = TokenNewline},Located {locSpan = SourceSpan {spanFilename = "<input>", spanStart = SourcePos {posLine = 495, posColumn = 9}, spanEnd = SourcePos {posLine = 495, posColumn = 14}}, locValue = TokenIdent "total"},Located {locSpan = SourceSpan {spanFilename = "<input>", spanStart = SourcePos {posLine = 495, posColumn = 15}, spanEnd = SourcePos {posLine = 495, posColumn = 17}}, locValue = TokenOperator OpPlusAssign},Located {locSpan = SourceSpan {spanFilename = "<input>", spanStart = SourcePos {posLine = 495, posColumn = 18}, spanEnd = SourcePos {posLine = 495, posColumn = 29}}, locValue = TokenIdent "function_88"},Located {locSpan = SourceSpan {spanFilename = "<input>", spanStart = SourcePos {posLine = 495, posColumn = 29}, spanEnd = SourcePos {posLine = 495, posColumn = 30}}, locValue = TokenDelimiter DelimLeftParen},Located {locSpan = SourceSpan {spanFilename = "<input>", spanStart = SourcePos {posLine = 495, posColumn = 30}, spanEnd = SourcePos {posLine = 495, posColumn = 31}}, locValue = TokenIdent "i"},Located {locSpan = SourceSpan {spanFilename = "<input>", spanStart = SourcePos {posLine = 495, posColumn = 31}, spanEnd = SourcePos {posLine = 495, posColumn = 32}}, locValue = TokenDelimiter DelimRightParen},Located {locSpan = SourceSpan {spanFilename = "<input>", spanStart = SourcePos {posLine = 495, posColumn = 1}, spanEnd = SourcePos {posLine = 496, posColumn = 1}}, locValue = TokenNewline},Located {locSpan = SourceSpan {spanFilename = "<input>", spanStart = SourcePos {posLine = 496, posColumn = 9}, spanEnd = SourcePos {posLine = 496, posColumn = 14}}, locValue = TokenIdent "total"},Located {locSpan = SourceSpan {spanFilename = "<input>", spanStart = SourcePos {posLine = 496, posColumn = 15}, spanEnd = SourcePos {posLine = 496, posColumn = 17}}, locValue = TokenOperator OpPlusAssign},Located {locSpan = SourceSpan {spanFilename = "<input>", spanStart = SourcePos {posLine = 496, posColumn = 18}, spanEnd = SourcePos {posLine = 496, posColumn = 29}}, locValue = TokenIdent "function_89"},Located {locSpan = SourceSpan {spanFilename = "<input>", spanStart = SourcePos {posLine = 496, posColumn = 29}, spanEnd = SourcePos {posLine = 496, posColumn = 30}}, locValue = TokenDelimiter DelimLeftParen},Located {locSpan = SourceSpan {spanFilename = "<input>", spanStart = SourcePos {posLine = 496, posColumn = 30}, spanEnd = SourcePos {posLine = 496, posColumn = 31}}, locValue = TokenIdent "i"},Located {locSpan = SourceSpan {spanFilename = "<input>", spanStart = SourcePos {posLine = 496, posColumn = 31}, spanEnd = SourcePos {posLine = 496, posColumn = 32}}, locValue = TokenDelimiter DelimRightParen},Located {locSpan = SourceSpan {spanFilename = "<input>", spanStart = SourcePos {posLine = 496, posColumn = 1}, spanEnd = SourcePos {posLine = 497, posColumn = 1}}, locValue = TokenNewline},Located {locSpan = SourceSpan {spanFilename = "<input>", spanStart = SourcePos {posLine = 497, posColumn = 9}, spanEnd = SourcePos {posLine = 497, posColumn = 14}}, locValue = TokenIdent "total"},Located {locSpan = SourceSpan {spanFilename = "<input>", spanStart = SourcePos {posLine = 497, posColumn = 15}, spanEnd = SourcePos {posLine = 497, posColumn = 17}}, locValue = TokenOperator OpPlusAssign},Located {locSpan = SourceSpan {spanFilename = "<input>", spanStart = SourcePos {posLine = 497, posColumn = 18}, spanEnd = SourcePos {posLine = 497, posColumn = 29}}, locValue = TokenIdent "function_90"},Located {locSpan = SourceSpan {spanFilename = "<input>", spanStart = SourcePos {posLine = 497, posColumn = 29}, spanEnd = SourcePos {posLine = 497, posColumn = 30}}, locValue = TokenDelimiter DelimLeftParen},Located {locSpan = SourceSpan {spanFilename = "<input>", spanStart = SourcePos {posLine = 497, posColumn = 30}, spanEnd = SourcePos {posLine = 497, posColumn = 31}}, locValue = TokenIdent "i"},Located {locSpan = SourceSpan {spanFilename = "<input>", spanStart = SourcePos {posLine = 497, posColumn = 31}, spanEnd = SourcePos {posLine = 497, posColumn = 32}}, locValue = TokenDelimiter DelimRightParen},Located {locSpan = SourceSpan {spanFilename = "<input>", spanStart = SourcePos {posLine = 497, posColumn = 1}, spanEnd = SourcePos {posLine = 498, posColumn = 1}}, locValue = TokenNewline},Located {locSpan = SourceSpan {spanFilename = "<input>", spanStart = SourcePos {posLine = 498, posColumn = 9}, spanEnd = SourcePos {posLine = 498, posColumn = 14}}, locValue = TokenIdent "total"},Located {locSpan = SourceSpan {spanFilename = "<input>", spanStart = SourcePos {posLine = 498, posColumn = 15}, spanEnd = SourcePos {posLine = 498, posColumn = 17}}, locValue = TokenOperator OpPlusAssign},Located {locSpan = SourceSpan {spanFilename = "<input>", spanStart = SourcePos {posLine = 498, posColumn = 18}, spanEnd = SourcePos {posLine = 498, posColumn = 29}}, locValue = TokenIdent "function_91"},Located {locSpan = SourceSpan {spanFilename = "<input>", spanStart = SourcePos {posLine = 498, posColumn = 29}, spanEnd = SourcePos {posLine = 498, posColumn = 30}}, locValue = TokenDelimiter DelimLeftParen},Located {locSpan = SourceSpan {spanFilename = "<input>", spanStart = SourcePos {posLine = 498, posColumn = 30}, spanEnd = SourcePos {posLine = 498, posColumn = 31}}, locValue = TokenIdent "i"},Located {locSpan = SourceSpan {spanFilename = "<input>", spanStart = SourcePos {posLine = 498, posColumn = 31}, spanEnd = SourcePos {posLine = 498, posColumn = 32}}, locValue = TokenDelimiter DelimRightParen},Located {locSpan = SourceSpan {spanFilename = "<input>", spanStart = SourcePos {posLine = 498, posColumn = 1}, spanEnd = SourcePos {posLine = 499, posColumn = 1}}, locValue = TokenNewline},Located {locSpan = SourceSpan {spanFilename = "<input>", spanStart = SourcePos {posLine = 499, posColumn = 9}, spanEnd = SourcePos {posLine = 499, posColumn = 14}}, locValue = TokenIdent "total"},Located {locSpan = SourceSpan {spanFilename = "<input>", spanStart = SourcePos {posLine = 499, posColumn = 15}, spanEnd = SourcePos {posLine = 499, posColumn = 17}}, locValue = TokenOperator OpPlusAssign},Located {locSpan = SourceSpan {spanFilename = "<input>", spanStart = SourcePos {posLine = 499, posColumn = 18}, spanEnd = SourcePos {posLine = 499, posColumn = 29}}, locValue = TokenIdent "function_92"},Located {locSpan = SourceSpan {spanFilename = "<input>", spanStart = SourcePos {posLine = 499, posColumn = 29}, spanEnd = SourcePos {posLine = 499, posColumn = 30}}, locValue = TokenDelimiter DelimLeftParen},Located {locSpan = SourceSpan {spanFilename = "<input>", spanStart = SourcePos {posLine = 499, posColumn = 30}, spanEnd = SourcePos {posLine = 499, posColumn = 31}}, locValue = TokenIdent "i"},Located {locSpan = SourceSpan {spanFilename = "<input>", spanStart = SourcePos {posLine = 499, posColumn = 31}, spanEnd = SourcePos {posLine = 499, posColumn = 32}}, locValue = TokenDelimiter DelimRightParen},Located {locSpan = SourceSpan {spanFilename = "<input>", spanStart = SourcePos {posLine = 499, posColumn = 1}, spanEnd = SourcePos {posLine = 500, posColumn = 1}}, locValue = TokenNewline},Located {locSpan = SourceSpan {spanFilename = "<input>", spanStart = SourcePos {posLine = 500, posColumn = 9}, spanEnd = SourcePos {posLine = 500, posColumn = 14}}, locValue = TokenIdent "total"},Located {locSpan = SourceSpan {spanFilename = "<input>", spanStart = SourcePos {posLine = 500, posColumn = 15}, spanEnd = SourcePos {posLine = 500, posColumn = 17}}, locValue = TokenOperator OpPlusAssign},Located {locSpan = SourceSpan {spanFilename = "<input>", spanStart = SourcePos {posLine = 500, posColumn = 18}, spanEnd = SourcePos {posLine = 500, posColumn = 29}}, locValue = TokenIdent "function_93"},Located {locSpan = SourceSpan {spanFilename = "<input>", spanStart = SourcePos {posLine = 500, posColumn = 29}, spanEnd = SourcePos {posLine = 500, posColumn = 30}}, locValue = TokenDelimiter DelimLeftParen},Located {locSpan = SourceSpan {spanFilename = "<input>", spanStart = SourcePos {posLine = 500, posColumn = 30}, spanEnd = SourcePos {posLine = 500, posColumn = 31}}, locValue = TokenIdent "i"},Located {locSpan = SourceSpan {spanFilename = "<input>", spanStart = SourcePos {posLine = 500, posColumn = 31}, spanEnd = SourcePos {posLine = 500, posColumn = 32}}, locValue = TokenDelimiter DelimRightParen},Located {locSpan = SourceSpan {spanFilename = "<input>", spanStart = SourcePos {posLine = 500, posColumn = 1}, spanEnd = SourcePos {posLine = 501, posColumn = 1}}, locValue = TokenNewline},Located {locSpan = SourceSpan {spanFilename = "<input>", spanStart = SourcePos {posLine = 501, posColumn = 9}, spanEnd = SourcePos {posLine = 501, posColumn = 14}}, locValue = TokenIdent "total"},Located {locSpan = SourceSpan {spanFilename = "<input>", spanStart = SourcePos {posLine = 501, posColumn = 15}, spanEnd = SourcePos {posLine = 501, posColumn = 17}}, locValue = TokenOperator OpPlusAssign},Located {locSpan = SourceSpan {spanFilename = "<input>", spanStart = SourcePos {posLine = 501, posColumn = 18}, spanEnd = SourcePos {posLine = 501, posColumn = 29}}, locValue = TokenIdent "function_94"},Located {locSpan = SourceSpan {spanFilename = "<input>", spanStart = SourcePos {posLine = 501, posColumn = 29}, spanEnd = SourcePos {posLine = 501, posColumn = 30}}, locValue = TokenDelimiter DelimLeftParen},Located {locSpan = SourceSpan {spanFilename = "<input>", spanStart = SourcePos {posLine = 501, posColumn = 30}, spanEnd = SourcePos {posLine = 501, posColumn = 31}}, locValue = TokenIdent "i"},Located {locSpan = SourceSpan {spanFilename = "<input>", spanStart = SourcePos {posLine = 501, posColumn = 31}, spanEnd = SourcePos {posLine = 501, posColumn = 32}}, locValue = TokenDelimiter DelimRightParen},Located {locSpan = SourceSpan {spanFilename = "<input>", spanStart = SourcePos {posLine = 501, posColumn = 1}, spanEnd = SourcePos {posLine = 502, posColumn = 1}}, locValue = TokenNewline},Located {locSpan = SourceSpan {spanFilename = "<input>", spanStart = SourcePos {posLine = 502, posColumn = 9}, spanEnd = SourcePos {posLine = 502, posColumn = 14}}, locValue = TokenIdent "total"},Located {locSpan = SourceSpan {spanFilename = "<input>", spanStart = SourcePos {posLine = 502, posColumn = 15}, spanEnd = SourcePos {posLine = 502, posColumn = 17}}, locValue = TokenOperator OpPlusAssign},Located {locSpan = SourceSpan {spanFilename = "<input>", spanStart = SourcePos {posLine = 502, posColumn = 18}, spanEnd = SourcePos {posLine = 502, posColumn = 29}}, locValue = TokenIdent "function_95"},Located {locSpan = SourceSpan {spanFilename = "<input>", spanStart = SourcePos {posLine = 502, posColumn = 29}, spanEnd = SourcePos {posLine = 502, posColumn = 30}}, locValue = TokenDelimiter DelimLeftParen},Located {locSpan = SourceSpan {spanFilename = "<input>", spanStart = SourcePos {posLine = 502, posColumn = 30}, spanEnd = SourcePos {posLine = 502, posColumn = 31}}, locValue = TokenIdent "i"},Located {locSpan = SourceSpan {spanFilename = "<input>", spanStart = SourcePos {posLine = 502, posColumn = 31}, spanEnd = SourcePos {posLine = 502, posColumn = 32}}, locValue = TokenDelimiter DelimRightParen},Located {locSpan = SourceSpan {spanFilename = "<input>", spanStart = SourcePos {posLine = 502, posColumn = 1}, spanEnd = SourcePos {posLine = 503, posColumn = 1}}, locValue = TokenNewline},Located {locSpan = SourceSpan {spanFilename = "<input>", spanStart = SourcePos {posLine = 503, posColumn = 9}, spanEnd = SourcePos {posLine = 503, posColumn = 14}}, locValue = TokenIdent "total"},Located {locSpan = SourceSpan {spanFilename = "<input>", spanStart = SourcePos {posLine = 503, posColumn = 15}, spanEnd = SourcePos {posLine = 503, posColumn = 17}}, locValue = TokenOperator OpPlusAssign},Located {locSpan = SourceSpan {spanFilename = "<input>", spanStart = SourcePos {posLine = 503, posColumn = 18}, spanEnd = SourcePos {posLine = 503, posColumn = 29}}, locValue = TokenIdent "function_96"},Located {locSpan = SourceSpan {spanFilename = "<input>", spanStart = SourcePos {posLine = 503, posColumn = 29}, spanEnd = SourcePos {posLine = 503, posColumn = 30}}, locValue = TokenDelimiter DelimLeftParen},Located {locSpan = SourceSpan {spanFilename = "<input>", spanStart = SourcePos {posLine = 503, posColumn = 30}, spanEnd = SourcePos {posLine = 503, posColumn = 31}}, locValue = TokenIdent "i"},Located {locSpan = SourceSpan {spanFilename = "<input>", spanStart = SourcePos {posLine = 503, posColumn = 31}, spanEnd = SourcePos {posLine = 503, posColumn = 32}}, locValue = TokenDelimiter DelimRightParen},Located {locSpan = SourceSpan {spanFilename = "<input>", spanStart = SourcePos {posLine = 503, posColumn = 1}, spanEnd = SourcePos {posLine = 504, posColumn = 1}}, locValue = TokenNewline},Located {locSpan = SourceSpan {spanFilename = "<input>", spanStart = SourcePos {posLine = 504, posColumn = 9}, spanEnd = SourcePos {posLine = 504, posColumn = 14}}, locValue = TokenIdent "total"},Located {locSpan = SourceSpan {spanFilename = "<input>", spanStart = SourcePos {posLine = 504, posColumn = 15}, spanEnd = SourcePos {posLine = 504, posColumn = 17}}, locValue = TokenOperator OpPlusAssign},Located {locSpan = SourceSpan {spanFilename = "<input>", spanStart = SourcePos {posLine = 504, posColumn = 18}, spanEnd = SourcePos {posLine = 504, posColumn = 29}}, locValue = TokenIdent "function_97"},Located {locSpan = SourceSpan {spanFilename = "<input>", spanStart = SourcePos {posLine = 504, posColumn = 29}, spanEnd = SourcePos {posLine = 504, posColumn = 30}}, locValue = TokenDelimiter DelimLeftParen},Located {locSpan = SourceSpan {spanFilename = "<input>", spanStart = SourcePos {posLine = 504, posColumn = 30}, spanEnd = SourcePos {posLine = 504, posColumn = 31}}, locValue = TokenIdent "i"},Located {locSpan = SourceSpan {spanFilename = "<input>", spanStart = SourcePos {posLine = 504, posColumn = 31}, spanEnd = SourcePos {posLine = 504, posColumn = 32}}, locValue = TokenDelimiter DelimRightParen},Located {locSpan = SourceSpan {spanFilename = "<input>", spanStart = SourcePos {posLine = 504, posColumn = 1}, spanEnd = SourcePos {posLine = 505, posColumn = 1}}, locValue = TokenNewline},Located {locSpan = SourceSpan {spanFilename = "<input>", spanStart = SourcePos {posLine = 505, posColumn = 9}, spanEnd = SourcePos {posLine = 505, posColumn = 14}}, locValue = TokenIdent "total"},Located {locSpan = SourceSpan {spanFilename = "<input>", spanStart = SourcePos {posLine = 505, posColumn = 15}, spanEnd = SourcePos {posLine = 505, posColumn = 17}}, locValue = TokenOperator OpPlusAssign},Located {locSpan = SourceSpan {spanFilename = "<input>", spanStart = SourcePos {posLine = 505, posColumn = 18}, spanEnd = SourcePos {posLine = 505, posColumn = 29}}, locValue = TokenIdent "function_98"},Located {locSpan = SourceSpan {spanFilename = "<input>", spanStart = SourcePos {posLine = 505, posColumn = 29}, spanEnd = SourcePos {posLine = 505, posColumn = 30}}, locValue = TokenDelimiter DelimLeftParen},Located {locSpan = SourceSpan {spanFilename = "<input>", spanStart = SourcePos {posLine = 505, posColumn = 30}, spanEnd = SourcePos {posLine = 505, posColumn = 31}}, locValue = TokenIdent "i"},Located {locSpan = SourceSpan {spanFilename = "<input>", spanStart = SourcePos {posLine = 505, posColumn = 31}, spanEnd = SourcePos {posLine = 505, posColumn = 32}}, locValue = TokenDelimiter DelimRightParen},Located {locSpan = SourceSpan {spanFilename = "<input>", spanStart = SourcePos {posLine = 505, posColumn = 1}, spanEnd = SourcePos {posLine = 506, posColumn = 1}}, locValue = TokenNewline},Located {locSpan = SourceSpan {spanFilename = "<input>", spanStart = SourcePos {posLine = 506, posColumn = 9}, spanEnd = SourcePos {posLine = 506, posColumn = 14}}, locValue = TokenIdent "total"},Located {locSpan = SourceSpan {spanFilename = "<input>", spanStart = SourcePos {posLine = 506, posColumn = 15}, spanEnd = SourcePos {posLine = 506, posColumn = 17}}, locValue = TokenOperator OpPlusAssign},Located {locSpan = SourceSpan {spanFilename = "<input>", spanStart = SourcePos {posLine = 506, posColumn = 18}, spanEnd = SourcePos {posLine = 506, posColumn = 29}}, locValue = TokenIdent "function_99"},Located {locSpan = SourceSpan {spanFilename = "<input>", spanStart = SourcePos {posLine = 506, posColumn = 29}, spanEnd = SourcePos {posLine = 506, posColumn = 30}}, locValue = TokenDelimiter DelimLeftParen},Located {locSpan = SourceSpan {spanFilename = "<input>", spanStart = SourcePos {posLine = 506, posColumn = 30}, spanEnd = SourcePos {posLine = 506, posColumn = 31}}, locValue = TokenIdent "i"},Located {locSpan = SourceSpan {spanFilename = "<input>", spanStart = SourcePos {posLine = 506, posColumn = 31}, spanEnd = SourcePos {posLine = 506, posColumn = 32}}, locValue = TokenDelimiter DelimRightParen},Located {locSpan = SourceSpan {spanFilename = "<input>", spanStart = SourcePos {posLine = 506, posColumn = 1}, spanEnd = SourcePos {posLine = 507, posColumn = 1}}, locValue = TokenNewline},Located {locSpan = SourceSpan {spanFilename = "<input>", spanStart = SourcePos {posLine = 507, posColumn = 9}, spanEnd = SourcePos {posLine = 507, posColumn = 14}}, locValue = TokenIdent "total"},Located {locSpan = SourceSpan {spanFilename = "<input>", spanStart = SourcePos {posLine = 507, posColumn = 15}, spanEnd = SourcePos {posLine = 507, posColumn = 17}}, locValue = TokenOperator OpPlusAssign},Located {locSpan = SourceSpan {spanFilename = "<input>", spanStart = SourcePos {posLine = 507, posColumn = 18}, spanEnd = SourcePos {posLine = 507, posColumn = 30}}, locValue = TokenIdent "function_100"},Located {locSpan = SourceSpan {spanFilename = "<input>", spanStart = SourcePos {posLine = 507, posColumn = 30}, spanEnd = SourcePos {posLine = 507, posColumn = 31}}, locValue = TokenDelimiter DelimLeftParen},Located {locSpan = SourceSpan {spanFilename = "<input>", spanStart = SourcePos {posLine = 507, posColumn = 31}, spanEnd = SourcePos {posLine = 507, posColumn = 32}}, locValue = TokenIdent "i"},Located {locSpan = SourceSpan {spanFilename = "<input>", spanStart = SourcePos {posLine = 507, posColumn = 32}, spanEnd = SourcePos {posLine = 507, posColumn = 33}}, locValue = TokenDelimiter DelimRightParen},Located {locSpan = SourceSpan {spanFilename = "<input>", spanStart = SourcePos {posLine = 507, posColumn = 1}, spanEnd = SourcePos {posLine = 508, posColumn = 1}}, locValue = TokenNewline},Located {locSpan = SourceSpan {spanFilename = "<input>", spanStart = SourcePos {posLine = 508, posColumn = 1}, spanEnd = SourcePos {posLine = 508, posColumn = 5}}, locValue = TokenDedent 8},Located {locSpan = SourceSpan {spanFilename = "<input>", spanStart = SourcePos {posLine = 508, posColumn = 5}, spanEnd = SourcePos {posLine = 508, posColumn = 10}}, locValue = TokenIdent "print"},Located {locSpan = SourceSpan {spanFilename = "<input>", spanStart = SourcePos {posLine = 508, posColumn = 10}, spanEnd = SourcePos {posLine = 508, posColumn = 11}}, locValue = TokenDelimiter DelimLeftParen},Located {locSpan = SourceSpan {spanFilename = "<input>", spanStart = SourcePos {posLine = 508, posColumn = 11}, spanEnd = SourcePos {posLine = 508, posColumn = 28}}, locValue = TokenFString "Total: {total}" ["total"]},Located {locSpan = SourceSpan {spanFilename = "<input>", spanStart = SourcePos {posLine = 508, posColumn = 28}, spanEnd = SourcePos {posLine = 508, posColumn = 29}}, locValue = TokenDelimiter DelimRightParen},Located {locSpan = SourceSpan {spanFilename = "<input>", spanStart = SourcePos {posLine = 508, posColumn = 1}, spanEnd = SourcePos {posLine = 509, posColumn = 1}}, locValue = TokenNewline},Located {locSpan = SourceSpan {spanFilename = "<input>", spanStart = SourcePos {posLine = 509, posColumn = 5}, spanEnd = SourcePos {posLine = 509, posColumn = 11}}, locValue = TokenKeyword KwReturn},Located {locSpan = SourceSpan {spanFilename = "<input>", spanStart = SourcePos {posLine = 509, posColumn = 12}, spanEnd = SourcePos {posLine = 509, posColumn = 13}}, locValue = TokenNumber "0" False},Located {locSpan = SourceSpan {spanFilename = "<input>", spanStart = SourcePos {posLine = 509, posColumn = 1}, spanEnd = SourcePos {posLine = 511, posColumn = 1}}, locValue = TokenNewline},Located {locSpan = SourceSpan {spanFilename = "<input>", spanStart = SourcePos {posLine = 509, posColumn = 1}, spanEnd = SourcePos {posLine = 511, posColumn = 1}}, locValue = TokenNewline},Located {locSpan = SourceSpan {spanFilename = "<input>", spanStart = SourcePos {posLine = 511, posColumn = 1}, spanEnd = SourcePos {posLine = 511, posColumn = 1}}, locValue = TokenDedent 4},Located {locSpan = SourceSpan {spanFilename = "<input>", spanStart = SourcePos {posLine = 511, posColumn = 1}, spanEnd = SourcePos {posLine = 511, posColumn = 3}}, locValue = TokenKeyword KwIf},Located {locSpan = SourceSpan {spanFilename = "<input>", spanStart = SourcePos {posLine = 511, posColumn = 4}, spanEnd = SourcePos {posLine = 511, posColumn = 12}}, locValue = TokenIdent "__name__"},Located {locSpan = SourceSpan {spanFilename = "<input>", spanStart = SourcePos {posLine = 511, posColumn = 13}, spanEnd = SourcePos {posLine = 511, posColumn = 15}}, locValue = TokenOperator OpEq},Located {locSpan = SourceSpan {spanFilename = "<input>", spanStart = SourcePos {posLine = 511, posColumn = 16}, spanEnd = SourcePos {posLine = 511, posColumn = 26}}, locValue = TokenString "__main__"},Located {locSpan = SourceSpan {spanFilename = "<input>", spanStart = SourcePos {posLine = 511, posColumn = 26}, spanEnd = SourcePos {posLine = 511, posColumn = 27}}, locValue = TokenDelimiter DelimColon},Located {locSpan = SourceSpan {spanFilename = "<input>", spanStart = SourcePos {posLine = 511, posColumn = 1}, spanEnd = SourcePos {posLine = 512, posColumn = 1}}, locValue = TokenNewline},Located {locSpan = SourceSpan {spanFilename = "<input>", spanStart = SourcePos {posLine = 512, posColumn = 1}, spanEnd = SourcePos {posLine = 512, posColumn = 5}}, locValue = TokenIndent 4},Located {locSpan = SourceSpan {spanFilename = "<input>", spanStart = SourcePos {posLine = 512, posColumn = 5}, spanEnd = SourcePos {posLine = 512, posColumn = 8}}, locValue = TokenIdent "sys"},Located {locSpan = SourceSpan {spanFilename = "<input>", spanStart = SourcePos {posLine = 512, posColumn = 8}, spanEnd = SourcePos {posLine = 512, posColumn = 9}}, locValue = TokenDelimiter DelimDot},Located {locSpan = SourceSpan {spanFilename = "<input>", spanStart = SourcePos {posLine = 512, posColumn = 9}, spanEnd = SourcePos {posLine = 512, posColumn = 13}}, locValue = TokenIdent "exit"},Located {locSpan = SourceSpan {spanFilename = "<input>", spanStart = SourcePos {posLine = 512, posColumn = 13}, spanEnd = SourcePos {posLine = 512, posColumn = 14}}, locValue = TokenDelimiter DelimLeftParen},Located {locSpan = SourceSpan {spanFilename = "<input>", spanStart = SourcePos {posLine = 512, posColumn = 14}, spanEnd = SourcePos {posLine = 512, posColumn = 18}}, locValue = TokenIdent "main"},Located {locSpan = SourceSpan {spanFilename = "<input>", spanStart = SourcePos {posLine = 512, posColumn = 18}, spanEnd = SourcePos {posLine = 512, posColumn = 19}}, locValue = TokenDelimiter DelimLeftParen},Located {locSpan = SourceSpan {spanFilename = "<input>", spanStart = SourcePos {posLine = 512, posColumn = 19}, spanEnd = SourcePos {posLine = 512, posColumn = 20}}, locValue = TokenDelimiter DelimRightParen},Located {locSpan = SourceSpan {spanFilename = "<input>", spanStart = SourcePos {posLine = 512, posColumn = 20}, spanEnd = SourcePos {posLine = 512, posColumn = 21}}, locValue = TokenDelimiter DelimRightParen},Located {locSpan = SourceSpan {spanFilename = "<input>", spanStart = SourcePos {posLine = 512, posColumn = 1}, spanEnd = SourcePos {posLine = 513, posColumn = 1}}, locValue = TokenNewline},Located {locSpan = SourceSpan {spanFilename = "<input>", spanStart = SourcePos {posLine = 0, posColumn = 0}, spanEnd = SourcePos {posLine = 0, posColumn = 0}}, locValue = TokenDedent 0}], pstateOffset = 0, pstateSourcePos = SourcePos {sourceName = "/tmp/fluxus-large-test--31a3ffe56f5c57e2/large.py", sourceLine = Pos 1, sourceColumn = Pos 1}, pstateTabWidth = Pos 8, pstateLinePrefix = ""}}
      compiles efficiently with large codebases [✘]
[INFO] Processing file: /tmp/fluxus-memory-test--b60e986ae14c6d76/memory.py
[INFO] [DRIVER] === Starting compilation pipeline for: /tmp/fluxus-memory-test--b60e986ae14c6d76/memory.py ===
[INFO] [DRIVER] Debug breakpoint: processSourceFile called with file: /tmp/fluxus-memory-test--b60e986ae14c6d76/memory.py
[INFO] Phase: parsing
[INFO] [DRIVER] Parse stage started for: /tmp/fluxus-memory-test--b60e986ae14c6d76/memory.py
[INFO] [DRIVER] Python lexer starting for: /tmp/fluxus-memory-test--b60e986ae14c6d76/memory.py
[INFO] [DRIVER] Python lexer succeeded: 37 tokens
[INFO] [DRIVER] Python parser starting
[INFO] [DRIVER] Python parser succeeded
[INFO] Phase: type-inference
[INFO] [DRIVER] Starting type inference for: /tmp/fluxus-memory-test--b60e986ae14c6d76/memory.py
[INFO] Running type inference analysis
[INFO] [DRIVER] Type inference stage started
[INFO] Type inference completed successfully
[INFO] [DRIVER] Type inference completed successfully
[INFO] Phase: optimization
[INFO] [DRIVER] Starting optimization for: /tmp/fluxus-memory-test--b60e986ae14c6d76/memory.py
[INFO] Running optimizations at level O3
[INFO] [DRIVER] === Pipeline completed for: /tmp/fluxus-memory-test--b60e986ae14c6d76/memory.py ===
[INFO] Phase: code-generation
[INFO] [DRIVER] Starting code generation for: /tmp/fluxus-memory-test--b60e986ae14c6d76/memory.py
[INFO] [DRIVER] Main code generation stage started
[INFO] [DRIVER] Main code generation completed successfully
[INFO] [DRIVER] Writing C++ output to: /tmp/fluxus-memory-test--b60e986ae14c6d76/memory.cpp
[INFO] [DRIVER] Successfully wrote C++ file: /tmp/fluxus-memory-test--b60e986ae14c6d76/memory.cpp
[INFO] Code generation completed: /tmp/fluxus-memory-test--b60e986ae14c6d76/memory.cpp
      handles memory-intensive compilation [✔]
[INFO] Processing file: /tmp/fluxus-speed-test--9613f1ae372cc938/speed.py
[INFO] [DRIVER] === Starting compilation pipeline for: /tmp/fluxus-speed-test--9613f1ae372cc938/speed.py ===
[INFO] [DRIVER] Debug breakpoint: processSourceFile called with file: /tmp/fluxus-speed-test--9613f1ae372cc938/speed.py
[INFO] Phase: parsing
[INFO] [DRIVER] Parse stage started for: /tmp/fluxus-speed-test--9613f1ae372cc938/speed.py
[INFO] [DRIVER] Python lexer starting for: /tmp/fluxus-speed-test--9613f1ae372cc938/speed.py
[INFO] [DRIVER] Python lexer succeeded: 69 tokens
[INFO] [DRIVER] Python parser starting
[INFO] [DRIVER] Python parser succeeded
[INFO] Phase: type-inference
[INFO] [DRIVER] Starting type inference for: /tmp/fluxus-speed-test--9613f1ae372cc938/speed.py
[INFO] Running type inference analysis
[INFO] [DRIVER] Type inference stage started
[INFO] Type inference completed successfully
[INFO] [DRIVER] Type inference completed successfully
[INFO] [DRIVER] Skipping optimization (O0)
[INFO] [DRIVER] === Pipeline completed for: /tmp/fluxus-speed-test--9613f1ae372cc938/speed.py ===
[INFO] Phase: code-generation
[INFO] [DRIVER] Main code generation stage started
[INFO] [DRIVER] Main code generation completed successfully
[INFO] Phase: c++-compilation
[INFO] Successfully compiled: /tmp/fluxus-speed-test--9613f1ae372cc938/speed.py
[INFO] Processing file: /tmp/fluxus-speed-test--9613f1ae372cc938/speed.py
[INFO] [DRIVER] === Starting compilation pipeline for: /tmp/fluxus-speed-test--9613f1ae372cc938/speed.py ===
[INFO] [DRIVER] Debug breakpoint: processSourceFile called with file: /tmp/fluxus-speed-test--9613f1ae372cc938/speed.py
[INFO] Phase: parsing
[INFO] [DRIVER] Parse stage started for: /tmp/fluxus-speed-test--9613f1ae372cc938/speed.py
[INFO] [DRIVER] Python lexer starting for: /tmp/fluxus-speed-test--9613f1ae372cc938/speed.py
[INFO] [DRIVER] Python lexer succeeded: 69 tokens
[INFO] [DRIVER] Python parser starting
[INFO] [DRIVER] Python parser succeeded
[INFO] Phase: type-inference
[INFO] [DRIVER] Starting type inference for: /tmp/fluxus-speed-test--9613f1ae372cc938/speed.py
[INFO] Running type inference analysis
[INFO] [DRIVER] Type inference stage started
[INFO] Type inference completed successfully
[INFO] [DRIVER] Type inference completed successfully
[INFO] Phase: optimization
[INFO] [DRIVER] Starting optimization for: /tmp/fluxus-speed-test--9613f1ae372cc938/speed.py
[INFO] Running optimizations at level O1
[INFO] [DRIVER] === Pipeline completed for: /tmp/fluxus-speed-test--9613f1ae372cc938/speed.py ===
[INFO] Phase: code-generation
[INFO] [DRIVER] Main code generation stage started
[INFO] [DRIVER] Main code generation completed successfully
[INFO] Phase: c++-compilation
[INFO] Successfully compiled: /tmp/fluxus-speed-test--9613f1ae372cc938/speed.py
[INFO] Processing file: /tmp/fluxus-speed-test--9613f1ae372cc938/speed.py
[INFO] [DRIVER] === Starting compilation pipeline for: /tmp/fluxus-speed-test--9613f1ae372cc938/speed.py ===
[INFO] [DRIVER] Debug breakpoint: processSourceFile called with file: /tmp/fluxus-speed-test--9613f1ae372cc938/speed.py
[INFO] Phase: parsing
[INFO] [DRIVER] Parse stage started for: /tmp/fluxus-speed-test--9613f1ae372cc938/speed.py
[INFO] [DRIVER] Python lexer starting for: /tmp/fluxus-speed-test--9613f1ae372cc938/speed.py
[INFO] [DRIVER] Python lexer succeeded: 69 tokens
[INFO] [DRIVER] Python parser starting
[INFO] [DRIVER] Python parser succeeded
[INFO] Phase: type-inference
[INFO] [DRIVER] Starting type inference for: /tmp/fluxus-speed-test--9613f1ae372cc938/speed.py
[INFO] Running type inference analysis
[INFO] [DRIVER] Type inference stage started
[INFO] Type inference completed successfully
[INFO] [DRIVER] Type inference completed successfully
[INFO] Phase: optimization
[INFO] [DRIVER] Starting optimization for: /tmp/fluxus-speed-test--9613f1ae372cc938/speed.py
[INFO] Running optimizations at level O2
[INFO] [DRIVER] === Pipeline completed for: /tmp/fluxus-speed-test--9613f1ae372cc938/speed.py ===
[INFO] Phase: code-generation
[INFO] [DRIVER] Main code generation stage started
[INFO] [DRIVER] Main code generation completed successfully
[INFO] Phase: c++-compilation
[INFO] Successfully compiled: /tmp/fluxus-speed-test--9613f1ae372cc938/speed.py
[INFO] Processing file: /tmp/fluxus-speed-test--9613f1ae372cc938/speed.py
[INFO] [DRIVER] === Starting compilation pipeline for: /tmp/fluxus-speed-test--9613f1ae372cc938/speed.py ===
[INFO] [DRIVER] Debug breakpoint: processSourceFile called with file: /tmp/fluxus-speed-test--9613f1ae372cc938/speed.py
[INFO] Phase: parsing
[INFO] [DRIVER] Parse stage started for: /tmp/fluxus-speed-test--9613f1ae372cc938/speed.py
[INFO] [DRIVER] Python lexer starting for: /tmp/fluxus-speed-test--9613f1ae372cc938/speed.py
[INFO] [DRIVER] Python lexer succeeded: 69 tokens
[INFO] [DRIVER] Python parser starting
[INFO] [DRIVER] Python parser succeeded
[INFO] Phase: type-inference
[INFO] [DRIVER] Starting type inference for: /tmp/fluxus-speed-test--9613f1ae372cc938/speed.py
[INFO] Running type inference analysis
[INFO] [DRIVER] Type inference stage started
[INFO] Type inference completed successfully
[INFO] [DRIVER] Type inference completed successfully
[INFO] Phase: optimization
[INFO] [DRIVER] Starting optimization for: /tmp/fluxus-speed-test--9613f1ae372cc938/speed.py
[INFO] Running optimizations at level O3
[INFO] [DRIVER] === Pipeline completed for: /tmp/fluxus-speed-test--9613f1ae372cc938/speed.py ===
[INFO] Phase: code-generation
[INFO] [DRIVER] Main code generation stage started
[INFO] [DRIVER] Main code generation completed successfully
[INFO] Phase: c++-compilation
[INFO] Successfully compiled: /tmp/fluxus-speed-test--9613f1ae372cc938/speed.py
      measures compilation speed across different optimization levels [✔]
[INFO] Compiling project with 1 files
[INFO] Processing file: /tmp/fluxus-concurrent-test--f61ff88d6444d150/concurrent.py
[INFO] [DRIVER] === Starting compilation pipeline for: /tmp/fluxus-concurrent-test--f61ff88d6444d150/concurrent.py ===
[INFO] [DRIVER] Debug breakpoint: processSourceFile called with file: /tmp/fluxus-concurrent-test--f61ff88d6444d150/concurrent.py
[INFO] Phase: parsing
[INFO] [DRIVER] Parse stage started for: /tmp/fluxus-concurrent-test--f61ff88d6444d150/concurrent.py
[INFO] [DRIVER] Python lexer starting for: /tmp/fluxus-concurrent-test--f61ff88d6444d150/concurrent.py
[INFO] [DRIVER] Python lexer succeeded: 14 tokens
[INFO] [DRIVER] Python parser starting
[INFO] [DRIVER] Python parser succeeded
[INFO] Phase: type-inference
[INFO] [DRIVER] Starting type inference for: /tmp/fluxus-concurrent-test--f61ff88d6444d150/concurrent.py
[INFO] Running type inference analysis
[INFO] [DRIVER] Type inference stage started
[INFO] Type inference completed successfully
[INFO] [DRIVER] Type inference completed successfully
[INFO] Phase: optimization
[INFO] [DRIVER] Starting optimization for: /tmp/fluxus-concurrent-test--f61ff88d6444d150/concurrent.py
[INFO] Running optimizations at level O2
[INFO] [DRIVER] === Pipeline completed for: /tmp/fluxus-concurrent-test--f61ff88d6444d150/concurrent.py ===
[INFO] Phase: code-generation
[INFO] [DRIVER] Main code generation stage started
[INFO] [DRIVER] Main code generation completed successfully
[INFO] Code generation completed: /tmp/fluxus-concurrent-test--f61ff88d6444d150/concurrent.cpp
[INFO] Wrote combined C++ file: /tmp/fluxus-concurrent-test--f61ff88d6444d150/concurrent.cpp
      handles concurrent compilation [✔]
  Fluxus Convert Command Tests
    runs fluxus --python -2 convert without errors [✔]
    shows help and prints usage [✔]
    supports --stop-at-codegen and generates C++ output [✔]
    accepts different optimization levels [✔]
    reports error for missing input file [✔]
    fails fast on invalid option [✔]
    respects environment overrides (FLUXUS_CPP_STD) and prints in verbose config [✔]
    can generate a combined .cpp from multiple inputs when -o points to .cpp [✔]
    executes Python files and compares outputs with compiled executables [✔]

Failures:

  test/Test/Fluxus/Integration.hs:93:21: 
  1) Fluxus Compiler Comprehensive Test Suite, Integration Tests, Python to C++ Integration, compiles Python class to C++
       Compilation failed: ParseError "ParseErrorBundle {bundleErrors = TrivialError 0 (Just (Tokens (Located {locSpan = SourceSpan {spanFilename = \"<input>\", spanStart = SourcePos {posLine = 1, posColumn = 1}, spanEnd = SourcePos {posLine = 1, posColumn = 6}}, locValue = TokenKeyword KwClass} :| []))) (fromList [EndOfInput]) :| [], bundlePosState = PosState {pstateInput = [Located {locSpan = SourceSpan {spanFilename = \"<input>\", spanStart = SourcePos {posLine = 1, posColumn = 1}, spanEnd = SourcePos {posLine = 1, posColumn = 6}}, locValue = TokenKeyword KwClass},Located {locSpan = SourceSpan {spanFilename = \"<input>\", spanStart = SourcePos {posLine = 1, posColumn = 7}, spanEnd = SourcePos {posLine = 1, posColumn = 17}}, locValue = TokenIdent \"Calculator\"},Located {locSpan = SourceSpan {spanFilename = \"<input>\", spanStart = SourcePos {posLine = 1, posColumn = 17}, spanEnd = SourcePos {posLine = 1, posColumn = 18}}, locValue = TokenDelimiter DelimColon},Located {locSpan = SourceSpan {spanFilename = \"<input>\", spanStart = SourcePos {posLine = 1, posColumn = 1}, spanEnd = SourcePos {posLine = 2, posColumn = 1}}, locValue = TokenNewline},Located {locSpan = SourceSpan {spanFilename = \"<input>\", spanStart = SourcePos {posLine = 2, posColumn = 1}, spanEnd = SourcePos {posLine = 2, posColumn = 5}}, locValue = TokenIndent 4},Located {locSpan = SourceSpan {spanFilename = \"<input>\", spanStart = SourcePos {posLine = 2, posColumn = 5}, spanEnd = SourcePos {posLine = 2, posColumn = 8}}, locValue = TokenKeyword KwDef},Located {locSpan = SourceSpan {spanFilename = \"<input>\", spanStart = SourcePos {posLine = 2, posColumn = 9}, spanEnd = SourcePos {posLine = 2, posColumn = 17}}, locValue = TokenIdent \"__init__\"},Located {locSpan = SourceSpan {spanFilename = \"<input>\", spanStart = SourcePos {posLine = 2, posColumn = 17}, spanEnd = SourcePos {posLine = 2, posColumn = 18}}, locValue = TokenDelimiter DelimLeftParen},Located {locSpan = SourceSpan {spanFilename = \"<input>\", spanStart = SourcePos {posLine = 2, posColumn = 18}, spanEnd = SourcePos {posLine = 2, posColumn = 22}}, locValue = TokenIdent \"self\"},Located {locSpan = SourceSpan {spanFilename = \"<input>\", spanStart = SourcePos {posLine = 2, posColumn = 22}, spanEnd = SourcePos {posLine = 2, posColumn = 23}}, locValue = TokenDelimiter DelimComma},Located {locSpan = SourceSpan {spanFilename = \"<input>\", spanStart = SourcePos {posLine = 2, posColumn = 24}, spanEnd = SourcePos {posLine = 2, posColumn = 29}}, locValue = TokenIdent \"value\"},Located {locSpan = SourceSpan {spanFilename = \"<input>\", spanStart = SourcePos {posLine = 2, posColumn = 29}, spanEnd = SourcePos {posLine = 2, posColumn = 30}}, locValue = TokenDelimiter DelimRightParen},Located {locSpan = SourceSpan {spanFilename = \"<input>\", spanStart = SourcePos {posLine = 2, posColumn = 30}, spanEnd = SourcePos {posLine = 2, posColumn = 31}}, locValue = TokenDelimiter DelimColon},Located {locSpan = SourceSpan {spanFilename = \"<input>\", spanStart = SourcePos {posLine = 2, posColumn = 1}, spanEnd = SourcePos {posLine = 3, posColumn = 1}}, locValue = TokenNewline},Located {locSpan = SourceSpan {spanFilename = \"<input>\", spanStart = SourcePos {posLine = 3, posColumn = 1}, spanEnd = SourcePos {posLine = 3, posColumn = 9}}, locValue = TokenIndent 8},Located {locSpan = SourceSpan {spanFilename = \"<input>\", spanStart = SourcePos {posLine = 3, posColumn = 9}, spanEnd = SourcePos {posLine = 3, posColumn = 13}}, locValue = TokenIdent \"self\"},Located {locSpan = SourceSpan {spanFilename = \"<input>\", spanStart = SourcePos {posLine = 3, posColumn = 13}, spanEnd = SourcePos {posLine = 3, posColumn = 14}}, locValue = TokenDelimiter DelimDot},Located {locSpan = SourceSpan {spanFilename = \"<input>\", spanStart = SourcePos {posLine = 3, posColumn = 14}, spanEnd = SourcePos {posLine = 3, posColumn = 19}}, locValue = TokenIdent \"value\"},Located {locSpan = SourceSpan {spanFilename = \"<input>\", spanStart = SourcePos {posLine = 3, posColumn = 20}, spanEnd = SourcePos {posLine = 3, posColumn = 21}}, locValue = TokenOperator OpAssign},Located {locSpan = SourceSpan {spanFilename = \"<input>\", spanStart = SourcePos {posLine = 3, posColumn = 22}, spanEnd = SourcePos {posLine = 3, posColumn = 27}}, locValue = TokenIdent \"value\"},Located {locSpan = SourceSpan {spanFilename = \"<input>\", spanStart = SourcePos {posLine = 3, posColumn = 1}, spanEnd = SourcePos {posLine = 4, posColumn = 1}}, locValue = TokenNewline},Located {locSpan = SourceSpan {spanFilename = \"<input>\", spanStart = SourcePos {posLine = 4, posColumn = 1}, spanEnd = SourcePos {posLine = 4, posColumn = 5}}, locValue = TokenDedent 8},Located {locSpan = SourceSpan {spanFilename = \"<input>\", spanStart = SourcePos {posLine = 4, posColumn = 1}, spanEnd = SourcePos {posLine = 5, posColumn = 1}}, locValue = TokenNewline},Located {locSpan = SourceSpan {spanFilename = \"<input>\", spanStart = SourcePos {posLine = 5, posColumn = 5}, spanEnd = SourcePos {posLine = 5, posColumn = 8}}, locValue = TokenKeyword KwDef},Located {locSpan = SourceSpan {spanFilename = \"<input>\", spanStart = SourcePos {posLine = 5, posColumn = 9}, spanEnd = SourcePos {posLine = 5, posColumn = 12}}, locValue = TokenIdent \"add\"},Located {locSpan = SourceSpan {spanFilename = \"<input>\", spanStart = SourcePos {posLine = 5, posColumn = 12}, spanEnd = SourcePos {posLine = 5, posColumn = 13}}, locValue = TokenDelimiter DelimLeftParen},Located {locSpan = SourceSpan {spanFilename = \"<input>\", spanStart = SourcePos {posLine = 5, posColumn = 13}, spanEnd = SourcePos {posLine = 5, posColumn = 17}}, locValue = TokenIdent \"self\"},Located {locSpan = SourceSpan {spanFilename = \"<input>\", spanStart = SourcePos {posLine = 5, posColumn = 17}, spanEnd = SourcePos {posLine = 5, posColumn = 18}}, locValue = TokenDelimiter DelimComma},Located {locSpan = SourceSpan {spanFilename = \"<input>\", spanStart = SourcePos {posLine = 5, posColumn = 19}, spanEnd = SourcePos {posLine = 5, posColumn = 20}}, locValue = TokenIdent \"x\"},Located {locSpan = SourceSpan {spanFilename = \"<input>\", spanStart = SourcePos {posLine = 5, posColumn = 20}, spanEnd = SourcePos {posLine = 5, posColumn = 21}}, locValue = TokenDelimiter DelimRightParen},Located {locSpan = SourceSpan {spanFilename = \"<input>\", spanStart = SourcePos {posLine = 5, posColumn = 21}, spanEnd = SourcePos {posLine = 5, posColumn = 22}}, locValue = TokenDelimiter DelimColon},Located {locSpan = SourceSpan {spanFilename = \"<input>\", spanStart = SourcePos {posLine = 5, posColumn = 1}, spanEnd = SourcePos {posLine = 6, posColumn = 1}}, locValue = TokenNewline},Located {locSpan = SourceSpan {spanFilename = \"<input>\", spanStart = SourcePos {posLine = 6, posColumn = 1}, spanEnd = SourcePos {posLine = 6, posColumn = 9}}, locValue = TokenIndent 8},Located {locSpan = SourceSpan {spanFilename = \"<input>\", spanStart = SourcePos {posLine = 6, posColumn = 9}, spanEnd = SourcePos {posLine = 6, posColumn = 15}}, locValue = TokenKeyword KwReturn},Located {locSpan = SourceSpan {spanFilename = \"<input>\", spanStart = SourcePos {posLine = 6, posColumn = 16}, spanEnd = SourcePos {posLine = 6, posColumn = 20}}, locValue = TokenIdent \"self\"},Located {locSpan = SourceSpan {spanFilename = \"<input>\", spanStart = SourcePos {posLine = 6, posColumn = 20}, spanEnd = SourcePos {posLine = 6, posColumn = 21}}, locValue = TokenDelimiter DelimDot},Located {locSpan = SourceSpan {spanFilename = \"<input>\", spanStart = SourcePos {posLine = 6, posColumn = 21}, spanEnd = SourcePos {posLine = 6, posColumn = 26}}, locValue = TokenIdent \"value\"},Located {locSpan = SourceSpan {spanFilename = \"<input>\", spanStart = SourcePos {posLine = 6, posColumn = 27}, spanEnd = SourcePos {posLine = 6, posColumn = 28}}, locValue = TokenOperator OpPlus},Located {locSpan = SourceSpan {spanFilename = \"<input>\", spanStart = SourcePos {posLine = 6, posColumn = 29}, spanEnd = SourcePos {posLine = 6, posColumn = 30}}, locValue = TokenIdent \"x\"},Located {locSpan = SourceSpan {spanFilename = \"<input>\", spanStart = SourcePos {posLine = 6, posColumn = 1}, spanEnd = SourcePos {posLine = 7, posColumn = 1}}, locValue = TokenNewline},Located {locSpan = SourceSpan {spanFilename = \"<input>\", spanStart = SourcePos {posLine = 7, posColumn = 1}, spanEnd = SourcePos {posLine = 7, posColumn = 5}}, locValue = TokenDedent 8},Located {locSpan = SourceSpan {spanFilename = \"<input>\", spanStart = SourcePos {posLine = 7, posColumn = 1}, spanEnd = SourcePos {posLine = 8, posColumn = 1}}, locValue = TokenNewline},Located {locSpan = SourceSpan {spanFilename = \"<input>\", spanStart = SourcePos {posLine = 8, posColumn = 5}, spanEnd = SourcePos {posLine = 8, posColumn = 8}}, locValue = TokenKeyword KwDef},Located {locSpan = SourceSpan {spanFilename = \"<input>\", spanStart = SourcePos {posLine = 8, posColumn = 9}, spanEnd = SourcePos {posLine = 8, posColumn = 18}}, locValue = TokenIdent \"get_value\"},Located {locSpan = SourceSpan {spanFilename = \"<input>\", spanStart = SourcePos {posLine = 8, posColumn = 18}, spanEnd = SourcePos {posLine = 8, posColumn = 19}}, locValue = TokenDelimiter DelimLeftParen},Located {locSpan = SourceSpan {spanFilename = \"<input>\", spanStart = SourcePos {posLine = 8, posColumn = 19}, spanEnd = SourcePos {posLine = 8, posColumn = 23}}, locValue = TokenIdent \"self\"},Located {locSpan = SourceSpan {spanFilename = \"<input>\", spanStart = SourcePos {posLine = 8, posColumn = 23}, spanEnd = SourcePos {posLine = 8, posColumn = 24}}, locValue = TokenDelimiter DelimRightParen},Located {locSpan = SourceSpan {spanFilename = \"<input>\", spanStart = SourcePos {posLine = 8, posColumn = 24}, spanEnd = SourcePos {posLine = 8, posColumn = 25}}, locValue = TokenDelimiter DelimColon},Located {locSpan = SourceSpan {spanFilename = \"<input>\", spanStart = SourcePos {posLine = 8, posColumn = 1}, spanEnd = SourcePos {posLine = 9, posColumn = 1}}, locValue = TokenNewline},Located {locSpan = SourceSpan {spanFilename = \"<input>\", spanStart = SourcePos {posLine = 9, posColumn = 1}, spanEnd = SourcePos {posLine = 9, posColumn = 9}}, locValue = TokenIndent 8},Located {locSpan = SourceSpan {spanFilename = \"<input>\", spanStart = SourcePos {posLine = 9, posColumn = 9}, spanEnd = SourcePos {posLine = 9, posColumn = 15}}, locValue = TokenKeyword KwReturn},Located {locSpan = SourceSpan {spanFilename = \"<input>\", spanStart = SourcePos {posLine = 9, posColumn = 16}, spanEnd = SourcePos {posLine = 9, posColumn = 20}}, locValue = TokenIdent \"self\"},Located {locSpan = SourceSpan {spanFilename = \"<input>\", spanStart = SourcePos {posLine = 9, posColumn = 20}, spanEnd = SourcePos {posLine = 9, posColumn = 21}}, locValue = TokenDelimiter DelimDot},Located {locSpan = SourceSpan {spanFilename = \"<input>\", spanStart = SourcePos {posLine = 9, posColumn = 21}, spanEnd = SourcePos {posLine = 9, posColumn = 26}}, locValue = TokenIdent \"value\"},Located {locSpan = SourceSpan {spanFilename = \"<input>\", spanStart = SourcePos {posLine = 9, posColumn = 1}, spanEnd = SourcePos {posLine = 10, posColumn = 1}}, locValue = TokenNewline},Located {locSpan = SourceSpan {spanFilename = \"<input>\", spanStart = SourcePos {posLine = 0, posColumn = 0}, spanEnd = SourcePos {posLine = 0, posColumn = 0}}, locValue = TokenDedent 0},Located {locSpan = SourceSpan {spanFilename = \"<input>\", spanStart = SourcePos {posLine = 0, posColumn = 0}, spanEnd = SourcePos {posLine = 0, posColumn = 0}}, locValue = TokenDedent 4}], pstateOffset = 0, pstateSourcePos = SourcePos {sourceName = \"/tmp/fluxus-test--17bb5898884a990e/calculator.py\", sourceLine = Pos 1, sourceColumn = Pos 1}, pstateTabWidth = Pos 8, pstateLinePrefix = \"\"}}" (SourceSpan {spanFilename = "/tmp/fluxus-test--17bb5898884a990e/calculator.py", spanStart = SourcePos {posLine = 1, posColumn = 1}, spanEnd = SourcePos {posLine = 1, posColumn = 1}})

  To rerun use: --match "/Fluxus Compiler Comprehensive Test Suite/Integration Tests/Python to C++ Integration/compiles Python class to C++/" --seed 588822564

  test/Test/Fluxus/Integration.hs:478:21: 
  2) Fluxus Compiler Comprehensive Test Suite, Integration Tests, End-to-End Tests, integrates with external libraries
       External library integration failed: ParseError "ParseErrorBundle {bundleErrors = TrivialError 7 (Just (Tokens (Located {locSpan = SourceSpan {spanFilename = \"<input>\", spanStart = SourcePos {posLine = 4, posColumn = 1}, spanEnd = SourcePos {posLine = 4, posColumn = 4}}, locValue = TokenKeyword KwDef} :| []))) (fromList [EndOfInput]) :| [], bundlePosState = PosState {pstateInput = [Located {locSpan = SourceSpan {spanFilename = \"<input>\", spanStart = SourcePos {posLine = 1, posColumn = 1}, spanEnd = SourcePos {posLine = 1, posColumn = 7}}, locValue = TokenKeyword KwImport},Located {locSpan = SourceSpan {spanFilename = \"<input>\", spanStart = SourcePos {posLine = 1, posColumn = 8}, spanEnd = SourcePos {posLine = 1, posColumn = 12}}, locValue = TokenIdent \"json\"},Located {locSpan = SourceSpan {spanFilename = \"<input>\", spanStart = SourcePos {posLine = 1, posColumn = 1}, spanEnd = SourcePos {posLine = 2, posColumn = 1}}, locValue = TokenNewline},Located {locSpan = SourceSpan {spanFilename = \"<input>\", spanStart = SourcePos {posLine = 2, posColumn = 1}, spanEnd = SourcePos {posLine = 2, posColumn = 7}}, locValue = TokenKeyword KwImport},Located {locSpan = SourceSpan {spanFilename = \"<input>\", spanStart = SourcePos {posLine = 2, posColumn = 8}, spanEnd = SourcePos {posLine = 2, posColumn = 11}}, locValue = TokenIdent \"sys\"},Located {locSpan = SourceSpan {spanFilename = \"<input>\", spanStart = SourcePos {posLine = 2, posColumn = 1}, spanEnd = SourcePos {posLine = 4, posColumn = 1}}, locValue = TokenNewline},Located {locSpan = SourceSpan {spanFilename = \"<input>\", spanStart = SourcePos {posLine = 2, posColumn = 1}, spanEnd = SourcePos {posLine = 4, posColumn = 1}}, locValue = TokenNewline},Located {locSpan = SourceSpan {spanFilename = \"<input>\", spanStart = SourcePos {posLine = 4, posColumn = 1}, spanEnd = SourcePos {posLine = 4, posColumn = 4}}, locValue = TokenKeyword KwDef},Located {locSpan = SourceSpan {spanFilename = \"<input>\", spanStart = SourcePos {posLine = 4, posColumn = 5}, spanEnd = SourcePos {posLine = 4, posColumn = 9}}, locValue = TokenIdent \"main\"},Located {locSpan = SourceSpan {spanFilename = \"<input>\", spanStart = SourcePos {posLine = 4, posColumn = 9}, spanEnd = SourcePos {posLine = 4, posColumn = 10}}, locValue = TokenDelimiter DelimLeftParen},Located {locSpan = SourceSpan {spanFilename = \"<input>\", spanStart = SourcePos {posLine = 4, posColumn = 10}, spanEnd = SourcePos {posLine = 4, posColumn = 11}}, locValue = TokenDelimiter DelimRightParen},Located {locSpan = SourceSpan {spanFilename = \"<input>\", spanStart = SourcePos {posLine = 4, posColumn = 11}, spanEnd = SourcePos {posLine = 4, posColumn = 12}}, locValue = TokenDelimiter DelimColon},Located {locSpan = SourceSpan {spanFilename = \"<input>\", spanStart = SourcePos {posLine = 4, posColumn = 1}, spanEnd = SourcePos {posLine = 5, posColumn = 1}}, locValue = TokenNewline},Located {locSpan = SourceSpan {spanFilename = \"<input>\", spanStart = SourcePos {posLine = 5, posColumn = 1}, spanEnd = SourcePos {posLine = 5, posColumn = 5}}, locValue = TokenIndent 4},Located {locSpan = SourceSpan {spanFilename = \"<input>\", spanStart = SourcePos {posLine = 5, posColumn = 5}, spanEnd = SourcePos {posLine = 5, posColumn = 9}}, locValue = TokenIdent \"data\"},Located {locSpan = SourceSpan {spanFilename = \"<input>\", spanStart = SourcePos {posLine = 5, posColumn = 10}, spanEnd = SourcePos {posLine = 5, posColumn = 11}}, locValue = TokenOperator OpAssign},Located {locSpan = SourceSpan {spanFilename = \"<input>\", spanStart = SourcePos {posLine = 5, posColumn = 12}, spanEnd = SourcePos {posLine = 5, posColumn = 13}}, locValue = TokenDelimiter DelimLeftBrace},Located {locSpan = SourceSpan {spanFilename = \"<input>\", spanStart = SourcePos {posLine = 5, posColumn = 13}, spanEnd = SourcePos {posLine = 5, posColumn = 19}}, locValue = TokenString \"name\"},Located {locSpan = SourceSpan {spanFilename = \"<input>\", spanStart = SourcePos {posLine = 5, posColumn = 19}, spanEnd = SourcePos {posLine = 5, posColumn = 20}}, locValue = TokenDelimiter DelimColon},Located {locSpan = SourceSpan {spanFilename = \"<input>\", spanStart = SourcePos {posLine = 5, posColumn = 21}, spanEnd = SourcePos {posLine = 5, posColumn = 29}}, locValue = TokenString \"Fluxus\"},Located {locSpan = SourceSpan {spanFilename = \"<input>\", spanStart = SourcePos {posLine = 5, posColumn = 29}, spanEnd = SourcePos {posLine = 5, posColumn = 30}}, locValue = TokenDelimiter DelimComma},Located {locSpan = SourceSpan {spanFilename = \"<input>\", spanStart = SourcePos {posLine = 5, posColumn = 31}, spanEnd = SourcePos {posLine = 5, posColumn = 40}}, locValue = TokenString \"version\"},Located {locSpan = SourceSpan {spanFilename = \"<input>\", spanStart = SourcePos {posLine = 5, posColumn = 40}, spanEnd = SourcePos {posLine = 5, posColumn = 41}}, locValue = TokenDelimiter DelimColon},Located {locSpan = SourceSpan {spanFilename = \"<input>\", spanStart = SourcePos {posLine = 5, posColumn = 42}, spanEnd = SourcePos {posLine = 5, posColumn = 47}}, locValue = TokenString \"1.0\"},Located {locSpan = SourceSpan {spanFilename = \"<input>\", spanStart = SourcePos {posLine = 5, posColumn = 47}, spanEnd = SourcePos {posLine = 5, posColumn = 48}}, locValue = TokenDelimiter DelimRightBrace},Located {locSpan = SourceSpan {spanFilename = \"<input>\", spanStart = SourcePos {posLine = 5, posColumn = 1}, spanEnd = SourcePos {posLine = 6, posColumn = 1}}, locValue = TokenNewline},Located {locSpan = SourceSpan {spanFilename = \"<input>\", spanStart = SourcePos {posLine = 6, posColumn = 5}, spanEnd = SourcePos {posLine = 6, posColumn = 13}}, locValue = TokenIdent \"json_str\"},Located {locSpan = SourceSpan {spanFilename = \"<input>\", spanStart = SourcePos {posLine = 6, posColumn = 14}, spanEnd = SourcePos {posLine = 6, posColumn = 15}}, locValue = TokenOperator OpAssign},Located {locSpan = SourceSpan {spanFilename = \"<input>\", spanStart = SourcePos {posLine = 6, posColumn = 16}, spanEnd = SourcePos {posLine = 6, posColumn = 20}}, locValue = TokenIdent \"json\"},Located {locSpan = SourceSpan {spanFilename = \"<input>\", spanStart = SourcePos {posLine = 6, posColumn = 20}, spanEnd = SourcePos {posLine = 6, posColumn = 21}}, locValue = TokenDelimiter DelimDot},Located {locSpan = SourceSpan {spanFilename = \"<input>\", spanStart = SourcePos {posLine = 6, posColumn = 21}, spanEnd = SourcePos {posLine = 6, posColumn = 26}}, locValue = TokenIdent \"dumps\"},Located {locSpan = SourceSpan {spanFilename = \"<input>\", spanStart = SourcePos {posLine = 6, posColumn = 26}, spanEnd = SourcePos {posLine = 6, posColumn = 27}}, locValue = TokenDelimiter DelimLeftParen},Located {locSpan = SourceSpan {spanFilename = \"<input>\", spanStart = SourcePos {posLine = 6, posColumn = 27}, spanEnd = SourcePos {posLine = 6, posColumn = 31}}, locValue = TokenIdent \"data\"},Located {locSpan = SourceSpan {spanFilename = \"<input>\", spanStart = SourcePos {posLine = 6, posColumn = 31}, spanEnd = SourcePos {posLine = 6, posColumn = 32}}, locValue = TokenDelimiter DelimRightParen},Located {locSpan = SourceSpan {spanFilename = \"<input>\", spanStart = SourcePos {posLine = 6, posColumn = 1}, spanEnd = SourcePos {posLine = 7, posColumn = 1}}, locValue = TokenNewline},Located {locSpan = SourceSpan {spanFilename = \"<input>\", spanStart = SourcePos {posLine = 7, posColumn = 5}, spanEnd = SourcePos {posLine = 7, posColumn = 10}}, locValue = TokenIdent \"print\"},Located {locSpan = SourceSpan {spanFilename = \"<input>\", spanStart = SourcePos {posLine = 7, posColumn = 10}, spanEnd = SourcePos {posLine = 7, posColumn = 11}}, locValue = TokenDelimiter DelimLeftParen},Located {locSpan = SourceSpan {spanFilename = \"<input>\", spanStart = SourcePos {posLine = 7, posColumn = 11}, spanEnd = SourcePos {posLine = 7, posColumn = 19}}, locValue = TokenIdent \"json_str\"},Located {locSpan = SourceSpan {spanFilename = \"<input>\", spanStart = SourcePos {posLine = 7, posColumn = 19}, spanEnd = SourcePos {posLine = 7, posColumn = 20}}, locValue = TokenDelimiter DelimRightParen},Located {locSpan = SourceSpan {spanFilename = \"<input>\", spanStart = SourcePos {posLine = 7, posColumn = 1}, spanEnd = SourcePos {posLine = 8, posColumn = 1}}, locValue = TokenNewline},Located {locSpan = SourceSpan {spanFilename = \"<input>\", spanStart = SourcePos {posLine = 8, posColumn = 5}, spanEnd = SourcePos {posLine = 8, posColumn = 11}}, locValue = TokenKeyword KwReturn},Located {locSpan = SourceSpan {spanFilename = \"<input>\", spanStart = SourcePos {posLine = 8, posColumn = 12}, spanEnd = SourcePos {posLine = 8, posColumn = 13}}, locValue = TokenNumber \"0\" False},Located {locSpan = SourceSpan {spanFilename = \"<input>\", spanStart = SourcePos {posLine = 8, posColumn = 1}, spanEnd = SourcePos {posLine = 10, posColumn = 1}}, locValue = TokenNewline},Located {locSpan = SourceSpan {spanFilename = \"<input>\", spanStart = SourcePos {posLine = 8, posColumn = 1}, spanEnd = SourcePos {posLine = 10, posColumn = 1}}, locValue = TokenNewline},Located {locSpan = SourceSpan {spanFilename = \"<input>\", spanStart = SourcePos {posLine = 10, posColumn = 1}, spanEnd = SourcePos {posLine = 10, posColumn = 1}}, locValue = TokenDedent 4},Located {locSpan = SourceSpan {spanFilename = \"<input>\", spanStart = SourcePos {posLine = 10, posColumn = 1}, spanEnd = SourcePos {posLine = 10, posColumn = 3}}, locValue = TokenKeyword KwIf},Located {locSpan = SourceSpan {spanFilename = \"<input>\", spanStart = SourcePos {posLine = 10, posColumn = 4}, spanEnd = SourcePos {posLine = 10, posColumn = 12}}, locValue = TokenIdent \"__name__\"},Located {locSpan = SourceSpan {spanFilename = \"<input>\", spanStart = SourcePos {posLine = 10, posColumn = 13}, spanEnd = SourcePos {posLine = 10, posColumn = 15}}, locValue = TokenOperator OpEq},Located {locSpan = SourceSpan {spanFilename = \"<input>\", spanStart = SourcePos {posLine = 10, posColumn = 16}, spanEnd = SourcePos {posLine = 10, posColumn = 26}}, locValue = TokenString \"__main__\"},Located {locSpan = SourceSpan {spanFilename = \"<input>\", spanStart = SourcePos {posLine = 10, posColumn = 26}, spanEnd = SourcePos {posLine = 10, posColumn = 27}}, locValue = TokenDelimiter DelimColon},Located {locSpan = SourceSpan {spanFilename = \"<input>\", spanStart = SourcePos {posLine = 10, posColumn = 1}, spanEnd = SourcePos {posLine = 11, posColumn = 1}}, locValue = TokenNewline},Located {locSpan = SourceSpan {spanFilename = \"<input>\", spanStart = SourcePos {posLine = 11, posColumn = 1}, spanEnd = SourcePos {posLine = 11, posColumn = 5}}, locValue = TokenIndent 4},Located {locSpan = SourceSpan {spanFilename = \"<input>\", spanStart = SourcePos {posLine = 11, posColumn = 5}, spanEnd = SourcePos {posLine = 11, posColumn = 8}}, locValue = TokenIdent \"sys\"},Located {locSpan = SourceSpan {spanFilename = \"<input>\", spanStart = SourcePos {posLine = 11, posColumn = 8}, spanEnd = SourcePos {posLine = 11, posColumn = 9}}, locValue = TokenDelimiter DelimDot},Located {locSpan = SourceSpan {spanFilename = \"<input>\", spanStart = SourcePos {posLine = 11, posColumn = 9}, spanEnd = SourcePos {posLine = 11, posColumn = 13}}, locValue = TokenIdent \"exit\"},Located {locSpan = SourceSpan {spanFilename = \"<input>\", spanStart = SourcePos {posLine = 11, posColumn = 13}, spanEnd = SourcePos {posLine = 11, posColumn = 14}}, locValue = TokenDelimiter DelimLeftParen},Located {locSpan = SourceSpan {spanFilename = \"<input>\", spanStart = SourcePos {posLine = 11, posColumn = 14}, spanEnd = SourcePos {posLine = 11, posColumn = 18}}, locValue = TokenIdent \"main\"},Located {locSpan = SourceSpan {spanFilename = \"<input>\", spanStart = SourcePos {posLine = 11, posColumn = 18}, spanEnd = SourcePos {posLine = 11, posColumn = 19}}, locValue = TokenDelimiter DelimLeftParen},Located {locSpan = SourceSpan {spanFilename = \"<input>\", spanStart = SourcePos {posLine = 11, posColumn = 19}, spanEnd = SourcePos {posLine = 11, posColumn = 20}}, locValue = TokenDelimiter DelimRightParen},Located {locSpan = SourceSpan {spanFilename = \"<input>\", spanStart = SourcePos {posLine = 11, posColumn = 20}, spanEnd = SourcePos {posLine = 11, posColumn = 21}}, locValue = TokenDelimiter DelimRightParen},Located {locSpan = SourceSpan {spanFilename = \"<input>\", spanStart = SourcePos {posLine = 11, posColumn = 1}, spanEnd = SourcePos {posLine = 12, posColumn = 1}}, locValue = TokenNewline},Located {locSpan = SourceSpan {spanFilename = \"<input>\", spanStart = SourcePos {posLine = 0, posColumn = 0}, spanEnd = SourcePos {posLine = 0, posColumn = 0}}, locValue = TokenDedent 0}], pstateOffset = 0, pstateSourcePos = SourcePos {sourceName = \"/tmp/fluxus-external-test--8a6cd29f7ebe5c78/external.py\", sourceLine = Pos 1, sourceColumn = Pos 1}, pstateTabWidth = Pos 8, pstateLinePrefix = \"\"}}" (SourceSpan {spanFilename = "/tmp/fluxus-external-test--8a6cd29f7ebe5c78/external.py", spanStart = SourcePos {posLine = 1, posColumn = 1}, spanEnd = SourcePos {posLine = 1, posColumn = 1}})

  To rerun use: --match "/Fluxus Compiler Comprehensive Test Suite/Integration Tests/End-to-End Tests/integrates with external libraries/" --seed 588822564

  test/Test/Fluxus/Integration.hs:548:21: 
  3) Fluxus Compiler Comprehensive Test Suite, Integration Tests, End-to-End Tests, handles large-scale integration
       Large-scale integration failed: ParseError "ParseErrorBundle {bundleErrors = TrivialError 4 (Just (Tokens (Located {locSpan = SourceSpan {spanFilename = \"<input>\", spanStart = SourcePos {posLine = 3, posColumn = 1}, spanEnd = SourcePos {posLine = 3, posColumn = 6}}, locValue = TokenKeyword KwClass} :| []))) (fromList [EndOfInput]) :| [], bundlePosState = PosState {pstateInput = [Located {locSpan = SourceSpan {spanFilename = \"<input>\", spanStart = SourcePos {posLine = 1, posColumn = 1}, spanEnd = SourcePos {posLine = 1, posColumn = 7}}, locValue = TokenKeyword KwImport},Located {locSpan = SourceSpan {spanFilename = \"<input>\", spanStart = SourcePos {posLine = 1, posColumn = 8}, spanEnd = SourcePos {posLine = 1, posColumn = 13}}, locValue = TokenIdent \"utils\"},Located {locSpan = SourceSpan {spanFilename = \"<input>\", spanStart = SourcePos {posLine = 1, posColumn = 1}, spanEnd = SourcePos {posLine = 3, posColumn = 1}}, locValue = TokenNewline},Located {locSpan = SourceSpan {spanFilename = \"<input>\", spanStart = SourcePos {posLine = 1, posColumn = 1}, spanEnd = SourcePos {posLine = 3, posColumn = 1}}, locValue = TokenNewline},Located {locSpan = SourceSpan {spanFilename = \"<input>\", spanStart = SourcePos {posLine = 3, posColumn = 1}, spanEnd = SourcePos {posLine = 3, posColumn = 6}}, locValue = TokenKeyword KwClass},Located {locSpan = SourceSpan {spanFilename = \"<input>\", spanStart = SourcePos {posLine = 3, posColumn = 7}, spanEnd = SourcePos {posLine = 3, posColumn = 17}}, locValue = TokenIdent \"Calculator\"},Located {locSpan = SourceSpan {spanFilename = \"<input>\", spanStart = SourcePos {posLine = 3, posColumn = 17}, spanEnd = SourcePos {posLine = 3, posColumn = 18}}, locValue = TokenDelimiter DelimColon},Located {locSpan = SourceSpan {spanFilename = \"<input>\", spanStart = SourcePos {posLine = 3, posColumn = 1}, spanEnd = SourcePos {posLine = 4, posColumn = 1}}, locValue = TokenNewline},Located {locSpan = SourceSpan {spanFilename = \"<input>\", spanStart = SourcePos {posLine = 4, posColumn = 1}, spanEnd = SourcePos {posLine = 4, posColumn = 5}}, locValue = TokenIndent 4},Located {locSpan = SourceSpan {spanFilename = \"<input>\", spanStart = SourcePos {posLine = 4, posColumn = 5}, spanEnd = SourcePos {posLine = 4, posColumn = 8}}, locValue = TokenKeyword KwDef},Located {locSpan = SourceSpan {spanFilename = \"<input>\", spanStart = SourcePos {posLine = 4, posColumn = 9}, spanEnd = SourcePos {posLine = 4, posColumn = 17}}, locValue = TokenIdent \"__init__\"},Located {locSpan = SourceSpan {spanFilename = \"<input>\", spanStart = SourcePos {posLine = 4, posColumn = 17}, spanEnd = SourcePos {posLine = 4, posColumn = 18}}, locValue = TokenDelimiter DelimLeftParen},Located {locSpan = SourceSpan {spanFilename = \"<input>\", spanStart = SourcePos {posLine = 4, posColumn = 18}, spanEnd = SourcePos {posLine = 4, posColumn = 22}}, locValue = TokenIdent \"self\"},Located {locSpan = SourceSpan {spanFilename = \"<input>\", spanStart = SourcePos {posLine = 4, posColumn = 22}, spanEnd = SourcePos {posLine = 4, posColumn = 23}}, locValue = TokenDelimiter DelimRightParen},Located {locSpan = SourceSpan {spanFilename = \"<input>\", spanStart = SourcePos {posLine = 4, posColumn = 23}, spanEnd = SourcePos {posLine = 4, posColumn = 24}}, locValue = TokenDelimiter DelimColon},Located {locSpan = SourceSpan {spanFilename = \"<input>\", spanStart = SourcePos {posLine = 4, posColumn = 1}, spanEnd = SourcePos {posLine = 5, posColumn = 1}}, locValue = TokenNewline},Located {locSpan = SourceSpan {spanFilename = \"<input>\", spanStart = SourcePos {posLine = 5, posColumn = 1}, spanEnd = SourcePos {posLine = 5, posColumn = 9}}, locValue = TokenIndent 8},Located {locSpan = SourceSpan {spanFilename = \"<input>\", spanStart = SourcePos {posLine = 5, posColumn = 9}, spanEnd = SourcePos {posLine = 5, posColumn = 13}}, locValue = TokenIdent \"self\"},Located {locSpan = SourceSpan {spanFilename = \"<input>\", spanStart = SourcePos {posLine = 5, posColumn = 13}, spanEnd = SourcePos {posLine = 5, posColumn = 14}}, locValue = TokenDelimiter DelimDot},Located {locSpan = SourceSpan {spanFilename = \"<input>\", spanStart = SourcePos {posLine = 5, posColumn = 14}, spanEnd = SourcePos {posLine = 5, posColumn = 20}}, locValue = TokenIdent \"result\"},Located {locSpan = SourceSpan {spanFilename = \"<input>\", spanStart = SourcePos {posLine = 5, posColumn = 21}, spanEnd = SourcePos {posLine = 5, posColumn = 22}}, locValue = TokenOperator OpAssign},Located {locSpan = SourceSpan {spanFilename = \"<input>\", spanStart = SourcePos {posLine = 5, posColumn = 23}, spanEnd = SourcePos {posLine = 5, posColumn = 24}}, locValue = TokenNumber \"0\" False},Located {locSpan = SourceSpan {spanFilename = \"<input>\", spanStart = SourcePos {posLine = 5, posColumn = 1}, spanEnd = SourcePos {posLine = 6, posColumn = 1}}, locValue = TokenNewline},Located {locSpan = SourceSpan {spanFilename = \"<input>\", spanStart = SourcePos {posLine = 6, posColumn = 1}, spanEnd = SourcePos {posLine = 6, posColumn = 5}}, locValue = TokenDedent 8},Located {locSpan = SourceSpan {spanFilename = \"<input>\", spanStart = SourcePos {posLine = 6, posColumn = 1}, spanEnd = SourcePos {posLine = 7, posColumn = 1}}, locValue = TokenNewline},Located {locSpan = SourceSpan {spanFilename = \"<input>\", spanStart = SourcePos {posLine = 7, posColumn = 5}, spanEnd = SourcePos {posLine = 7, posColumn = 8}}, locValue = TokenKeyword KwDef},Located {locSpan = SourceSpan {spanFilename = \"<input>\", spanStart = SourcePos {posLine = 7, posColumn = 9}, spanEnd = SourcePos {posLine = 7, posColumn = 12}}, locValue = TokenIdent \"add\"},Located {locSpan = SourceSpan {spanFilename = \"<input>\", spanStart = SourcePos {posLine = 7, posColumn = 12}, spanEnd = SourcePos {posLine = 7, posColumn = 13}}, locValue = TokenDelimiter DelimLeftParen},Located {locSpan = SourceSpan {spanFilename = \"<input>\", spanStart = SourcePos {posLine = 7, posColumn = 13}, spanEnd = SourcePos {posLine = 7, posColumn = 17}}, locValue = TokenIdent \"self\"},Located {locSpan = SourceSpan {spanFilename = \"<input>\", spanStart = SourcePos {posLine = 7, posColumn = 17}, spanEnd = SourcePos {posLine = 7, posColumn = 18}}, locValue = TokenDelimiter DelimComma},Located {locSpan = SourceSpan {spanFilename = \"<input>\", spanStart = SourcePos {posLine = 7, posColumn = 19}, spanEnd = SourcePos {posLine = 7, posColumn = 20}}, locValue = TokenIdent \"x\"},Located {locSpan = SourceSpan {spanFilename = \"<input>\", spanStart = SourcePos {posLine = 7, posColumn = 20}, spanEnd = SourcePos {posLine = 7, posColumn = 21}}, locValue = TokenDelimiter DelimRightParen},Located {locSpan = SourceSpan {spanFilename = \"<input>\", spanStart = SourcePos {posLine = 7, posColumn = 21}, spanEnd = SourcePos {posLine = 7, posColumn = 22}}, locValue = TokenDelimiter DelimColon},Located {locSpan = SourceSpan {spanFilename = \"<input>\", spanStart = SourcePos {posLine = 7, posColumn = 1}, spanEnd = SourcePos {posLine = 8, posColumn = 1}}, locValue = TokenNewline},Located {locSpan = SourceSpan {spanFilename = \"<input>\", spanStart = SourcePos {posLine = 8, posColumn = 1}, spanEnd = SourcePos {posLine = 8, posColumn = 9}}, locValue = TokenIndent 8},Located {locSpan = SourceSpan {spanFilename = \"<input>\", spanStart = SourcePos {posLine = 8, posColumn = 9}, spanEnd = SourcePos {posLine = 8, posColumn = 11}}, locValue = TokenKeyword KwIf},Located {locSpan = SourceSpan {spanFilename = \"<input>\", spanStart = SourcePos {posLine = 8, posColumn = 12}, spanEnd = SourcePos {posLine = 8, posColumn = 17}}, locValue = TokenIdent \"utils\"},Located {locSpan = SourceSpan {spanFilename = \"<input>\", spanStart = SourcePos {posLine = 8, posColumn = 17}, spanEnd = SourcePos {posLine = 8, posColumn = 18}}, locValue = TokenDelimiter DelimDot},Located {locSpan = SourceSpan {spanFilename = \"<input>\", spanStart = SourcePos {posLine = 8, posColumn = 18}, spanEnd = SourcePos {posLine = 8, posColumn = 32}}, locValue = TokenIdent \"validate_input\"},Located {locSpan = SourceSpan {spanFilename = \"<input>\", spanStart = SourcePos {posLine = 8, posColumn = 32}, spanEnd = SourcePos {posLine = 8, posColumn = 33}}, locValue = TokenDelimiter DelimLeftParen},Located {locSpan = SourceSpan {spanFilename = \"<input>\", spanStart = SourcePos {posLine = 8, posColumn = 33}, spanEnd = SourcePos {posLine = 8, posColumn = 34}}, locValue = TokenIdent \"x\"},Located {locSpan = SourceSpan {spanFilename = \"<input>\", spanStart = SourcePos {posLine = 8, posColumn = 34}, spanEnd = SourcePos {posLine = 8, posColumn = 35}}, locValue = TokenDelimiter DelimRightParen},Located {locSpan = SourceSpan {spanFilename = \"<input>\", spanStart = SourcePos {posLine = 8, posColumn = 35}, spanEnd = SourcePos {posLine = 8, posColumn = 36}}, locValue = TokenDelimiter DelimColon},Located {locSpan = SourceSpan {spanFilename = \"<input>\", spanStart = SourcePos {posLine = 8, posColumn = 1}, spanEnd = SourcePos {posLine = 9, posColumn = 1}}, locValue = TokenNewline},Located {locSpan = SourceSpan {spanFilename = \"<input>\", spanStart = SourcePos {posLine = 9, posColumn = 1}, spanEnd = SourcePos {posLine = 9, posColumn = 13}}, locValue = TokenIndent 12},Located {locSpan = SourceSpan {spanFilename = \"<input>\", spanStart = SourcePos {posLine = 9, posColumn = 13}, spanEnd = SourcePos {posLine = 9, posColumn = 17}}, locValue = TokenIdent \"self\"},Located {locSpan = SourceSpan {spanFilename = \"<input>\", spanStart = SourcePos {posLine = 9, posColumn = 17}, spanEnd = SourcePos {posLine = 9, posColumn = 18}}, locValue = TokenDelimiter DelimDot},Located {locSpan = SourceSpan {spanFilename = \"<input>\", spanStart = SourcePos {posLine = 9, posColumn = 18}, spanEnd = SourcePos {posLine = 9, posColumn = 24}}, locValue = TokenIdent \"result\"},Located {locSpan = SourceSpan {spanFilename = \"<input>\", spanStart = SourcePos {posLine = 9, posColumn = 25}, spanEnd = SourcePos {posLine = 9, posColumn = 27}}, locValue = TokenOperator OpPlusAssign},Located {locSpan = SourceSpan {spanFilename = \"<input>\", spanStart = SourcePos {posLine = 9, posColumn = 28}, spanEnd = SourcePos {posLine = 9, posColumn = 29}}, locValue = TokenIdent \"x\"},Located {locSpan = SourceSpan {spanFilename = \"<input>\", spanStart = SourcePos {posLine = 9, posColumn = 1}, spanEnd = SourcePos {posLine = 10, posColumn = 1}}, locValue = TokenNewline},Located {locSpan = SourceSpan {spanFilename = \"<input>\", spanStart = SourcePos {posLine = 10, posColumn = 1}, spanEnd = SourcePos {posLine = 10, posColumn = 9}}, locValue = TokenDedent 12},Located {locSpan = SourceSpan {spanFilename = \"<input>\", spanStart = SourcePos {posLine = 10, posColumn = 9}, spanEnd = SourcePos {posLine = 10, posColumn = 15}}, locValue = TokenKeyword KwReturn},Located {locSpan = SourceSpan {spanFilename = \"<input>\", spanStart = SourcePos {posLine = 10, posColumn = 16}, spanEnd = SourcePos {posLine = 10, posColumn = 20}}, locValue = TokenIdent \"self\"},Located {locSpan = SourceSpan {spanFilename = \"<input>\", spanStart = SourcePos {posLine = 10, posColumn = 20}, spanEnd = SourcePos {posLine = 10, posColumn = 21}}, locValue = TokenDelimiter DelimDot},Located {locSpan = SourceSpan {spanFilename = \"<input>\", spanStart = SourcePos {posLine = 10, posColumn = 21}, spanEnd = SourcePos {posLine = 10, posColumn = 27}}, locValue = TokenIdent \"result\"},Located {locSpan = SourceSpan {spanFilename = \"<input>\", spanStart = SourcePos {posLine = 10, posColumn = 1}, spanEnd = SourcePos {posLine = 11, posColumn = 1}}, locValue = TokenNewline},Located {locSpan = SourceSpan {spanFilename = \"<input>\", spanStart = SourcePos {posLine = 11, posColumn = 1}, spanEnd = SourcePos {posLine = 11, posColumn = 5}}, locValue = TokenDedent 8},Located {locSpan = SourceSpan {spanFilename = \"<input>\", spanStart = SourcePos {posLine = 11, posColumn = 1}, spanEnd = SourcePos {posLine = 12, posColumn = 1}}, locValue = TokenNewline},Located {locSpan = SourceSpan {spanFilename = \"<input>\", spanStart = SourcePos {posLine = 12, posColumn = 5}, spanEnd = SourcePos {posLine = 12, posColumn = 8}}, locValue = TokenKeyword KwDef},Located {locSpan = SourceSpan {spanFilename = \"<input>\", spanStart = SourcePos {posLine = 12, posColumn = 9}, spanEnd = SourcePos {posLine = 12, posColumn = 17}}, locValue = TokenIdent \"multiply\"},Located {locSpan = SourceSpan {spanFilename = \"<input>\", spanStart = SourcePos {posLine = 12, posColumn = 17}, spanEnd = SourcePos {posLine = 12, posColumn = 18}}, locValue = TokenDelimiter DelimLeftParen},Located {locSpan = SourceSpan {spanFilename = \"<input>\", spanStart = SourcePos {posLine = 12, posColumn = 18}, spanEnd = SourcePos {posLine = 12, posColumn = 22}}, locValue = TokenIdent \"self\"},Located {locSpan = SourceSpan {spanFilename = \"<input>\", spanStart = SourcePos {posLine = 12, posColumn = 22}, spanEnd = SourcePos {posLine = 12, posColumn = 23}}, locValue = TokenDelimiter DelimComma},Located {locSpan = SourceSpan {spanFilename = \"<input>\", spanStart = SourcePos {posLine = 12, posColumn = 24}, spanEnd = SourcePos {posLine = 12, posColumn = 25}}, locValue = TokenIdent \"x\"},Located {locSpan = SourceSpan {spanFilename = \"<input>\", spanStart = SourcePos {posLine = 12, posColumn = 25}, spanEnd = SourcePos {posLine = 12, posColumn = 26}}, locValue = TokenDelimiter DelimRightParen},Located {locSpan = SourceSpan {spanFilename = \"<input>\", spanStart = SourcePos {posLine = 12, posColumn = 26}, spanEnd = SourcePos {posLine = 12, posColumn = 27}}, locValue = TokenDelimiter DelimColon},Located {locSpan = SourceSpan {spanFilename = \"<input>\", spanStart = SourcePos {posLine = 12, posColumn = 1}, spanEnd = SourcePos {posLine = 13, posColumn = 1}}, locValue = TokenNewline},Located {locSpan = SourceSpan {spanFilename = \"<input>\", spanStart = SourcePos {posLine = 13, posColumn = 1}, spanEnd = SourcePos {posLine = 13, posColumn = 9}}, locValue = TokenIndent 8},Located {locSpan = SourceSpan {spanFilename = \"<input>\", spanStart = SourcePos {posLine = 13, posColumn = 9}, spanEnd = SourcePos {posLine = 13, posColumn = 11}}, locValue = TokenKeyword KwIf},Located {locSpan = SourceSpan {spanFilename = \"<input>\", spanStart = SourcePos {posLine = 13, posColumn = 12}, spanEnd = SourcePos {posLine = 13, posColumn = 17}}, locValue = TokenIdent \"utils\"},Located {locSpan = SourceSpan {spanFilename = \"<input>\", spanStart = SourcePos {posLine = 13, posColumn = 17}, spanEnd = SourcePos {posLine = 13, posColumn = 18}}, locValue = TokenDelimiter DelimDot},Located {locSpan = SourceSpan {spanFilename = \"<input>\", spanStart = SourcePos {posLine = 13, posColumn = 18}, spanEnd = SourcePos {posLine = 13, posColumn = 32}}, locValue = TokenIdent \"validate_input\"},Located {locSpan = SourceSpan {spanFilename = \"<input>\", spanStart = SourcePos {posLine = 13, posColumn = 32}, spanEnd = SourcePos {posLine = 13, posColumn = 33}}, locValue = TokenDelimiter DelimLeftParen},Located {locSpan = SourceSpan {spanFilename = \"<input>\", spanStart = SourcePos {posLine = 13, posColumn = 33}, spanEnd = SourcePos {posLine = 13, posColumn = 34}}, locValue = TokenIdent \"x\"},Located {locSpan = SourceSpan {spanFilename = \"<input>\", spanStart = SourcePos {posLine = 13, posColumn = 34}, spanEnd = SourcePos {posLine = 13, posColumn = 35}}, locValue = TokenDelimiter DelimRightParen},Located {locSpan = SourceSpan {spanFilename = \"<input>\", spanStart = SourcePos {posLine = 13, posColumn = 35}, spanEnd = SourcePos {posLine = 13, posColumn = 36}}, locValue = TokenDelimiter DelimColon},Located {locSpan = SourceSpan {spanFilename = \"<input>\", spanStart = SourcePos {posLine = 13, posColumn = 1}, spanEnd = SourcePos {posLine = 14, posColumn = 1}}, locValue = TokenNewline},Located {locSpan = SourceSpan {spanFilename = \"<input>\", spanStart = SourcePos {posLine = 14, posColumn = 1}, spanEnd = SourcePos {posLine = 14, posColumn = 13}}, locValue = TokenIndent 12},Located {locSpan = SourceSpan {spanFilename = \"<input>\", spanStart = SourcePos {posLine = 14, posColumn = 13}, spanEnd = SourcePos {posLine = 14, posColumn = 17}}, locValue = TokenIdent \"self\"},Located {locSpan = SourceSpan {spanFilename = \"<input>\", spanStart = SourcePos {posLine = 14, posColumn = 17}, spanEnd = SourcePos {posLine = 14, posColumn = 18}}, locValue = TokenDelimiter DelimDot},Located {locSpan = SourceSpan {spanFilename = \"<input>\", spanStart = SourcePos {posLine = 14, posColumn = 18}, spanEnd = SourcePos {posLine = 14, posColumn = 24}}, locValue = TokenIdent \"result\"},Located {locSpan = SourceSpan {spanFilename = \"<input>\", spanStart = SourcePos {posLine = 14, posColumn = 25}, spanEnd = SourcePos {posLine = 14, posColumn = 27}}, locValue = TokenOperator OpMultAssign},Located {locSpan = SourceSpan {spanFilename = \"<input>\", spanStart = SourcePos {posLine = 14, posColumn = 28}, spanEnd = SourcePos {posLine = 14, posColumn = 29}}, locValue = TokenIdent \"x\"},Located {locSpan = SourceSpan {spanFilename = \"<input>\", spanStart = SourcePos {posLine = 14, posColumn = 1}, spanEnd = SourcePos {posLine = 15, posColumn = 1}}, locValue = TokenNewline},Located {locSpan = SourceSpan {spanFilename = \"<input>\", spanStart = SourcePos {posLine = 15, posColumn = 1}, spanEnd = SourcePos {posLine = 15, posColumn = 9}}, locValue = TokenDedent 12},Located {locSpan = SourceSpan {spanFilename = \"<input>\", spanStart = SourcePos {posLine = 15, posColumn = 9}, spanEnd = SourcePos {posLine = 15, posColumn = 15}}, locValue = TokenKeyword KwReturn},Located {locSpan = SourceSpan {spanFilename = \"<input>\", spanStart = SourcePos {posLine = 15, posColumn = 16}, spanEnd = SourcePos {posLine = 15, posColumn = 20}}, locValue = TokenIdent \"self\"},Located {locSpan = SourceSpan {spanFilename = \"<input>\", spanStart = SourcePos {posLine = 15, posColumn = 20}, spanEnd = SourcePos {posLine = 15, posColumn = 21}}, locValue = TokenDelimiter DelimDot},Located {locSpan = SourceSpan {spanFilename = \"<input>\", spanStart = SourcePos {posLine = 15, posColumn = 21}, spanEnd = SourcePos {posLine = 15, posColumn = 27}}, locValue = TokenIdent \"result\"},Located {locSpan = SourceSpan {spanFilename = \"<input>\", spanStart = SourcePos {posLine = 15, posColumn = 1}, spanEnd = SourcePos {posLine = 16, posColumn = 1}}, locValue = TokenNewline},Located {locSpan = SourceSpan {spanFilename = \"<input>\", spanStart = SourcePos {posLine = 16, posColumn = 1}, spanEnd = SourcePos {posLine = 16, posColumn = 5}}, locValue = TokenDedent 8},Located {locSpan = SourceSpan {spanFilename = \"<input>\", spanStart = SourcePos {posLine = 16, posColumn = 1}, spanEnd = SourcePos {posLine = 17, posColumn = 1}}, locValue = TokenNewline},Located {locSpan = SourceSpan {spanFilename = \"<input>\", spanStart = SourcePos {posLine = 17, posColumn = 5}, spanEnd = SourcePos {posLine = 17, posColumn = 8}}, locValue = TokenKeyword KwDef},Located {locSpan = SourceSpan {spanFilename = \"<input>\", spanStart = SourcePos {posLine = 17, posColumn = 9}, spanEnd = SourcePos {posLine = 17, posColumn = 19}}, locValue = TokenIdent \"get_result\"},Located {locSpan = SourceSpan {spanFilename = \"<input>\", spanStart = SourcePos {posLine = 17, posColumn = 19}, spanEnd = SourcePos {posLine = 17, posColumn = 20}}, locValue = TokenDelimiter DelimLeftParen},Located {locSpan = SourceSpan {spanFilename = \"<input>\", spanStart = SourcePos {posLine = 17, posColumn = 20}, spanEnd = SourcePos {posLine = 17, posColumn = 24}}, locValue = TokenIdent \"self\"},Located {locSpan = SourceSpan {spanFilename = \"<input>\", spanStart = SourcePos {posLine = 17, posColumn = 24}, spanEnd = SourcePos {posLine = 17, posColumn = 25}}, locValue = TokenDelimiter DelimRightParen},Located {locSpan = SourceSpan {spanFilename = \"<input>\", spanStart = SourcePos {posLine = 17, posColumn = 25}, spanEnd = SourcePos {posLine = 17, posColumn = 26}}, locValue = TokenDelimiter DelimColon},Located {locSpan = SourceSpan {spanFilename = \"<input>\", spanStart = SourcePos {posLine = 17, posColumn = 1}, spanEnd = SourcePos {posLine = 18, posColumn = 1}}, locValue = TokenNewline},Located {locSpan = SourceSpan {spanFilename = \"<input>\", spanStart = SourcePos {posLine = 18, posColumn = 1}, spanEnd = SourcePos {posLine = 18, posColumn = 9}}, locValue = TokenIndent 8},Located {locSpan = SourceSpan {spanFilename = \"<input>\", spanStart = SourcePos {posLine = 18, posColumn = 9}, spanEnd = SourcePos {posLine = 18, posColumn = 15}}, locValue = TokenKeyword KwReturn},Located {locSpan = SourceSpan {spanFilename = \"<input>\", spanStart = SourcePos {posLine = 18, posColumn = 16}, spanEnd = SourcePos {posLine = 18, posColumn = 21}}, locValue = TokenIdent \"utils\"},Located {locSpan = SourceSpan {spanFilename = \"<input>\", spanStart = SourcePos {posLine = 18, posColumn = 21}, spanEnd = SourcePos {posLine = 18, posColumn = 22}}, locValue = TokenDelimiter DelimDot},Located {locSpan = SourceSpan {spanFilename = \"<input>\", spanStart = SourcePos {posLine = 18, posColumn = 22}, spanEnd = SourcePos {posLine = 18, posColumn = 35}}, locValue = TokenIdent \"format_output\"},Located {locSpan = SourceSpan {spanFilename = \"<input>\", spanStart = SourcePos {posLine = 18, posColumn = 35}, spanEnd = SourcePos {posLine = 18, posColumn = 36}}, locValue = TokenDelimiter DelimLeftParen},Located {locSpan = SourceSpan {spanFilename = \"<input>\", spanStart = SourcePos {posLine = 18, posColumn = 36}, spanEnd = SourcePos {posLine = 18, posColumn = 40}}, locValue = TokenIdent \"self\"},Located {locSpan = SourceSpan {spanFilename = \"<input>\", spanStart = SourcePos {posLine = 18, posColumn = 40}, spanEnd = SourcePos {posLine = 18, posColumn = 41}}, locValue = TokenDelimiter DelimDot},Located {locSpan = SourceSpan {spanFilename = \"<input>\", spanStart = SourcePos {posLine = 18, posColumn = 41}, spanEnd = SourcePos {posLine = 18, posColumn = 47}}, locValue = TokenIdent \"result\"},Located {locSpan = SourceSpan {spanFilename = \"<input>\", spanStart = SourcePos {posLine = 18, posColumn = 47}, spanEnd = SourcePos {posLine = 18, posColumn = 48}}, locValue = TokenDelimiter DelimRightParen},Located {locSpan = SourceSpan {spanFilename = \"<input>\", spanStart = SourcePos {posLine = 18, posColumn = 1}, spanEnd = SourcePos {posLine = 19, posColumn = 1}}, locValue = TokenNewline},Located {locSpan = SourceSpan {spanFilename = \"<input>\", spanStart = SourcePos {posLine = 0, posColumn = 0}, spanEnd = SourcePos {posLine = 0, posColumn = 0}}, locValue = TokenDedent 0},Located {locSpan = SourceSpan {spanFilename = \"<input>\", spanStart = SourcePos {posLine = 0, posColumn = 0}, spanEnd = SourcePos {posLine = 0, posColumn = 0}}, locValue = TokenDedent 4}], pstateOffset = 0, pstateSourcePos = SourcePos {sourceName = \"/tmp/fluxus-large-integration-test--624ee6de8a1054a6/calculator.py\", sourceLine = Pos 1, sourceColumn = Pos 1}, pstateTabWidth = Pos 8, pstateLinePrefix = \"\"}}" (SourceSpan {spanFilename = "/tmp/fluxus-large-integration-test--624ee6de8a1054a6/calculator.py", spanStart = SourcePos {posLine = 1, posColumn = 1}, spanEnd = SourcePos {posLine = 1, posColumn = 1}})

  To rerun use: --match "/Fluxus Compiler Comprehensive Test Suite/Integration Tests/End-to-End Tests/handles large-scale integration/" --seed 588822564

  test/Test/Fluxus/EndToEnd.hs:111:21: 
  4) Fluxus Compiler Comprehensive Test Suite, End-to-End Production Tests, Production Compilation Tests, compiles real-world Python application to C++
       Compilation failed: ParseError "ParseErrorBundle {bundleErrors = TrivialError 7 (Just (Tokens (Located {locSpan = SourceSpan {spanFilename = \"<input>\", spanStart = SourcePos {posLine = 4, posColumn = 1}, spanEnd = SourcePos {posLine = 4, posColumn = 6}}, locValue = TokenKeyword KwClass} :| []))) (fromList [EndOfInput]) :| [], bundlePosState = PosState {pstateInput = [Located {locSpan = SourceSpan {spanFilename = \"<input>\", spanStart = SourcePos {posLine = 1, posColumn = 1}, spanEnd = SourcePos {posLine = 1, posColumn = 7}}, locValue = TokenKeyword KwImport},Located {locSpan = SourceSpan {spanFilename = \"<input>\", spanStart = SourcePos {posLine = 1, posColumn = 8}, spanEnd = SourcePos {posLine = 1, posColumn = 11}}, locValue = TokenIdent \"sys\"},Located {locSpan = SourceSpan {spanFilename = \"<input>\", spanStart = SourcePos {posLine = 1, posColumn = 1}, spanEnd = SourcePos {posLine = 2, posColumn = 1}}, locValue = TokenNewline},Located {locSpan = SourceSpan {spanFilename = \"<input>\", spanStart = SourcePos {posLine = 2, posColumn = 1}, spanEnd = SourcePos {posLine = 2, posColumn = 7}}, locValue = TokenKeyword KwImport},Located {locSpan = SourceSpan {spanFilename = \"<input>\", spanStart = SourcePos {posLine = 2, posColumn = 8}, spanEnd = SourcePos {posLine = 2, posColumn = 10}}, locValue = TokenIdent \"os\"},Located {locSpan = SourceSpan {spanFilename = \"<input>\", spanStart = SourcePos {posLine = 2, posColumn = 1}, spanEnd = SourcePos {posLine = 4, posColumn = 1}}, locValue = TokenNewline},Located {locSpan = SourceSpan {spanFilename = \"<input>\", spanStart = SourcePos {posLine = 2, posColumn = 1}, spanEnd = SourcePos {posLine = 4, posColumn = 1}}, locValue = TokenNewline},Located {locSpan = SourceSpan {spanFilename = \"<input>\", spanStart = SourcePos {posLine = 4, posColumn = 1}, spanEnd = SourcePos {posLine = 4, posColumn = 6}}, locValue = TokenKeyword KwClass},Located {locSpan = SourceSpan {spanFilename = \"<input>\", spanStart = SourcePos {posLine = 4, posColumn = 7}, spanEnd = SourcePos {posLine = 4, posColumn = 20}}, locValue = TokenIdent \"DataProcessor\"},Located {locSpan = SourceSpan {spanFilename = \"<input>\", spanStart = SourcePos {posLine = 4, posColumn = 20}, spanEnd = SourcePos {posLine = 4, posColumn = 21}}, locValue = TokenDelimiter DelimColon},Located {locSpan = SourceSpan {spanFilename = \"<input>\", spanStart = SourcePos {posLine = 4, posColumn = 1}, spanEnd = SourcePos {posLine = 5, posColumn = 1}}, locValue = TokenNewline},Located {locSpan = SourceSpan {spanFilename = \"<input>\", spanStart = SourcePos {posLine = 5, posColumn = 1}, spanEnd = SourcePos {posLine = 5, posColumn = 5}}, locValue = TokenIndent 4},Located {locSpan = SourceSpan {spanFilename = \"<input>\", spanStart = SourcePos {posLine = 5, posColumn = 5}, spanEnd = SourcePos {posLine = 5, posColumn = 8}}, locValue = TokenKeyword KwDef},Located {locSpan = SourceSpan {spanFilename = \"<input>\", spanStart = SourcePos {posLine = 5, posColumn = 9}, spanEnd = SourcePos {posLine = 5, posColumn = 17}}, locValue = TokenIdent \"__init__\"},Located {locSpan = SourceSpan {spanFilename = \"<input>\", spanStart = SourcePos {posLine = 5, posColumn = 17}, spanEnd = SourcePos {posLine = 5, posColumn = 18}}, locValue = TokenDelimiter DelimLeftParen},Located {locSpan = SourceSpan {spanFilename = \"<input>\", spanStart = SourcePos {posLine = 5, posColumn = 18}, spanEnd = SourcePos {posLine = 5, posColumn = 22}}, locValue = TokenIdent \"self\"},Located {locSpan = SourceSpan {spanFilename = \"<input>\", spanStart = SourcePos {posLine = 5, posColumn = 22}, spanEnd = SourcePos {posLine = 5, posColumn = 23}}, locValue = TokenDelimiter DelimComma},Located {locSpan = SourceSpan {spanFilename = \"<input>\", spanStart = SourcePos {posLine = 5, posColumn = 24}, spanEnd = SourcePos {posLine = 5, posColumn = 28}}, locValue = TokenIdent \"data\"},Located {locSpan = SourceSpan {spanFilename = \"<input>\", spanStart = SourcePos {posLine = 5, posColumn = 28}, spanEnd = SourcePos {posLine = 5, posColumn = 29}}, locValue = TokenDelimiter DelimRightParen},Located {locSpan = SourceSpan {spanFilename = \"<input>\", spanStart = SourcePos {posLine = 5, posColumn = 29}, spanEnd = SourcePos {posLine = 5, posColumn = 30}}, locValue = TokenDelimiter DelimColon},Located {locSpan = SourceSpan {spanFilename = \"<input>\", spanStart = SourcePos {posLine = 5, posColumn = 1}, spanEnd = SourcePos {posLine = 6, posColumn = 1}}, locValue = TokenNewline},Located {locSpan = SourceSpan {spanFilename = \"<input>\", spanStart = SourcePos {posLine = 6, posColumn = 1}, spanEnd = SourcePos {posLine = 6, posColumn = 9}}, locValue = TokenIndent 8},Located {locSpan = SourceSpan {spanFilename = \"<input>\", spanStart = SourcePos {posLine = 6, posColumn = 9}, spanEnd = SourcePos {posLine = 6, posColumn = 13}}, locValue = TokenIdent \"self\"},Located {locSpan = SourceSpan {spanFilename = \"<input>\", spanStart = SourcePos {posLine = 6, posColumn = 13}, spanEnd = SourcePos {posLine = 6, posColumn = 14}}, locValue = TokenDelimiter DelimDot},Located {locSpan = SourceSpan {spanFilename = \"<input>\", spanStart = SourcePos {posLine = 6, posColumn = 14}, spanEnd = SourcePos {posLine = 6, posColumn = 18}}, locValue = TokenIdent \"data\"},Located {locSpan = SourceSpan {spanFilename = \"<input>\", spanStart = SourcePos {posLine = 6, posColumn = 19}, spanEnd = SourcePos {posLine = 6, posColumn = 20}}, locValue = TokenOperator OpAssign},Located {locSpan = SourceSpan {spanFilename = \"<input>\", spanStart = SourcePos {posLine = 6, posColumn = 21}, spanEnd = SourcePos {posLine = 6, posColumn = 25}}, locValue = TokenIdent \"data\"},Located {locSpan = SourceSpan {spanFilename = \"<input>\", spanStart = SourcePos {posLine = 6, posColumn = 1}, spanEnd = SourcePos {posLine = 7, posColumn = 1}}, locValue = TokenNewline},Located {locSpan = SourceSpan {spanFilename = \"<input>\", spanStart = SourcePos {posLine = 7, posColumn = 9}, spanEnd = SourcePos {posLine = 7, posColumn = 13}}, locValue = TokenIdent \"self\"},Located {locSpan = SourceSpan {spanFilename = \"<input>\", spanStart = SourcePos {posLine = 7, posColumn = 13}, spanEnd = SourcePos {posLine = 7, posColumn = 14}}, locValue = TokenDelimiter DelimDot},Located {locSpan = SourceSpan {spanFilename = \"<input>\", spanStart = SourcePos {posLine = 7, posColumn = 14}, spanEnd = SourcePos {posLine = 7, posColumn = 23}}, locValue = TokenIdent \"processed\"},Located {locSpan = SourceSpan {spanFilename = \"<input>\", spanStart = SourcePos {posLine = 7, posColumn = 24}, spanEnd = SourcePos {posLine = 7, posColumn = 25}}, locValue = TokenOperator OpAssign},Located {locSpan = SourceSpan {spanFilename = \"<input>\", spanStart = SourcePos {posLine = 7, posColumn = 26}, spanEnd = SourcePos {posLine = 7, posColumn = 31}}, locValue = TokenKeyword KwFalse},Located {locSpan = SourceSpan {spanFilename = \"<input>\", spanStart = SourcePos {posLine = 7, posColumn = 1}, spanEnd = SourcePos {posLine = 8, posColumn = 1}}, locValue = TokenNewline},Located {locSpan = SourceSpan {spanFilename = \"<input>\", spanStart = SourcePos {posLine = 8, posColumn = 1}, spanEnd = SourcePos {posLine = 8, posColumn = 5}}, locValue = TokenDedent 8},Located {locSpan = SourceSpan {spanFilename = \"<input>\", spanStart = SourcePos {posLine = 8, posColumn = 1}, spanEnd = SourcePos {posLine = 9, posColumn = 1}}, locValue = TokenNewline},Located {locSpan = SourceSpan {spanFilename = \"<input>\", spanStart = SourcePos {posLine = 9, posColumn = 5}, spanEnd = SourcePos {posLine = 9, posColumn = 8}}, locValue = TokenKeyword KwDef},Located {locSpan = SourceSpan {spanFilename = \"<input>\", spanStart = SourcePos {posLine = 9, posColumn = 9}, spanEnd = SourcePos {posLine = 9, posColumn = 16}}, locValue = TokenIdent \"process\"},Located {locSpan = SourceSpan {spanFilename = \"<input>\", spanStart = SourcePos {posLine = 9, posColumn = 16}, spanEnd = SourcePos {posLine = 9, posColumn = 17}}, locValue = TokenDelimiter DelimLeftParen},Located {locSpan = SourceSpan {spanFilename = \"<input>\", spanStart = SourcePos {posLine = 9, posColumn = 17}, spanEnd = SourcePos {posLine = 9, posColumn = 21}}, locValue = TokenIdent \"self\"},Located {locSpan = SourceSpan {spanFilename = \"<input>\", spanStart = SourcePos {posLine = 9, posColumn = 21}, spanEnd = SourcePos {posLine = 9, posColumn = 22}}, locValue = TokenDelimiter DelimRightParen},Located {locSpan = SourceSpan {spanFilename = \"<input>\", spanStart = SourcePos {posLine = 9, posColumn = 22}, spanEnd = SourcePos {posLine = 9, posColumn = 23}}, locValue = TokenDelimiter DelimColon},Located {locSpan = SourceSpan {spanFilename = \"<input>\", spanStart = SourcePos {posLine = 9, posColumn = 1}, spanEnd = SourcePos {posLine = 10, posColumn = 1}}, locValue = TokenNewline},Located {locSpan = SourceSpan {spanFilename = \"<input>\", spanStart = SourcePos {posLine = 10, posColumn = 1}, spanEnd = SourcePos {posLine = 10, posColumn = 9}}, locValue = TokenIndent 8},Located {locSpan = SourceSpan {spanFilename = \"<input>\", spanStart = SourcePos {posLine = 10, posColumn = 9}, spanEnd = SourcePos {posLine = 10, posColumn = 35}}, locValue = TokenComment \"# Simulate data processing\"},Located {locSpan = SourceSpan {spanFilename = \"<input>\", spanStart = SourcePos {posLine = 10, posColumn = 1}, spanEnd = SourcePos {posLine = 11, posColumn = 1}}, locValue = TokenNewline},Located {locSpan = SourceSpan {spanFilename = \"<input>\", spanStart = SourcePos {posLine = 11, posColumn = 9}, spanEnd = SourcePos {posLine = 11, posColumn = 15}}, locValue = TokenIdent \"result\"},Located {locSpan = SourceSpan {spanFilename = \"<input>\", spanStart = SourcePos {posLine = 11, posColumn = 16}, spanEnd = SourcePos {posLine = 11, posColumn = 17}}, locValue = TokenOperator OpAssign},Located {locSpan = SourceSpan {spanFilename = \"<input>\", spanStart = SourcePos {posLine = 11, posColumn = 18}, spanEnd = SourcePos {posLine = 11, posColumn = 19}}, locValue = TokenDelimiter DelimLeftBracket},Located {locSpan = SourceSpan {spanFilename = \"<input>\", spanStart = SourcePos {posLine = 11, posColumn = 19}, spanEnd = SourcePos {posLine = 11, posColumn = 20}}, locValue = TokenDelimiter DelimRightBracket},Located {locSpan = SourceSpan {spanFilename = \"<input>\", spanStart = SourcePos {posLine = 11, posColumn = 1}, spanEnd = SourcePos {posLine = 12, posColumn = 1}}, locValue = TokenNewline},Located {locSpan = SourceSpan {spanFilename = \"<input>\", spanStart = SourcePos {posLine = 12, posColumn = 9}, spanEnd = SourcePos {posLine = 12, posColumn = 12}}, locValue = TokenKeyword KwFor},Located {locSpan = SourceSpan {spanFilename = \"<input>\", spanStart = SourcePos {posLine = 12, posColumn = 13}, spanEnd = SourcePos {posLine = 12, posColumn = 17}}, locValue = TokenIdent \"item\"},Located {locSpan = SourceSpan {spanFilename = \"<input>\", spanStart = SourcePos {posLine = 12, posColumn = 18}, spanEnd = SourcePos {posLine = 12, posColumn = 20}}, locValue = TokenKeyword KwIn},Located {locSpan = SourceSpan {spanFilename = \"<input>\", spanStart = SourcePos {posLine = 12, posColumn = 21}, spanEnd = SourcePos {posLine = 12, posColumn = 25}}, locValue = TokenIdent \"self\"},Located {locSpan = SourceSpan {spanFilename = \"<input>\", spanStart = SourcePos {posLine = 12, posColumn = 25}, spanEnd = SourcePos {posLine = 12, posColumn = 26}}, locValue = TokenDelimiter DelimDot},Located {locSpan = SourceSpan {spanFilename = \"<input>\", spanStart = SourcePos {posLine = 12, posColumn = 26}, spanEnd = SourcePos {posLine = 12, posColumn = 30}}, locValue = TokenIdent \"data\"},Located {locSpan = SourceSpan {spanFilename = \"<input>\", spanStart = SourcePos {posLine = 12, posColumn = 30}, spanEnd = SourcePos {posLine = 12, posColumn = 31}}, locValue = TokenDelimiter DelimColon},Located {locSpan = SourceSpan {spanFilename = \"<input>\", spanStart = SourcePos {posLine = 12, posColumn = 1}, spanEnd = SourcePos {posLine = 13, posColumn = 1}}, locValue = TokenNewline},Located {locSpan = SourceSpan {spanFilename = \"<input>\", spanStart = SourcePos {posLine = 13, posColumn = 1}, spanEnd = SourcePos {posLine = 13, posColumn = 13}}, locValue = TokenIndent 12},Located {locSpan = SourceSpan {spanFilename = \"<input>\", spanStart = SourcePos {posLine = 13, posColumn = 13}, spanEnd = SourcePos {posLine = 13, posColumn = 15}}, locValue = TokenKeyword KwIf},Located {locSpan = SourceSpan {spanFilename = \"<input>\", spanStart = SourcePos {posLine = 13, posColumn = 16}, spanEnd = SourcePos {posLine = 13, posColumn = 26}}, locValue = TokenIdent \"isinstance\"},Located {locSpan = SourceSpan {spanFilename = \"<input>\", spanStart = SourcePos {posLine = 13, posColumn = 26}, spanEnd = SourcePos {posLine = 13, posColumn = 27}}, locValue = TokenDelimiter DelimLeftParen},Located {locSpan = SourceSpan {spanFilename = \"<input>\", spanStart = SourcePos {posLine = 13, posColumn = 27}, spanEnd = SourcePos {posLine = 13, posColumn = 31}}, locValue = TokenIdent \"item\"},Located {locSpan = SourceSpan {spanFilename = \"<input>\", spanStart = SourcePos {posLine = 13, posColumn = 31}, spanEnd = SourcePos {posLine = 13, posColumn = 32}}, locValue = TokenDelimiter DelimComma},Located {locSpan = SourceSpan {spanFilename = \"<input>\", spanStart = SourcePos {posLine = 13, posColumn = 33}, spanEnd = SourcePos {posLine = 13, posColumn = 36}}, locValue = TokenIdent \"str\"},Located {locSpan = SourceSpan {spanFilename = \"<input>\", spanStart = SourcePos {posLine = 13, posColumn = 36}, spanEnd = SourcePos {posLine = 13, posColumn = 37}}, locValue = TokenDelimiter DelimRightParen},Located {locSpan = SourceSpan {spanFilename = \"<input>\", spanStart = SourcePos {posLine = 13, posColumn = 37}, spanEnd = SourcePos {posLine = 13, posColumn = 38}}, locValue = TokenDelimiter DelimColon},Located {locSpan = SourceSpan {spanFilename = \"<input>\", spanStart = SourcePos {posLine = 13, posColumn = 1}, spanEnd = SourcePos {posLine = 14, posColumn = 1}}, locValue = TokenNewline},Located {locSpan = SourceSpan {spanFilename = \"<input>\", spanStart = SourcePos {posLine = 14, posColumn = 1}, spanEnd = SourcePos {posLine = 14, posColumn = 17}}, locValue = TokenIndent 16},Located {locSpan = SourceSpan {spanFilename = \"<input>\", spanStart = SourcePos {posLine = 14, posColumn = 17}, spanEnd = SourcePos {posLine = 14, posColumn = 23}}, locValue = TokenIdent \"result\"},Located {locSpan = SourceSpan {spanFilename = \"<input>\", spanStart = SourcePos {posLine = 14, posColumn = 23}, spanEnd = SourcePos {posLine = 14, posColumn = 24}}, locValue = TokenDelimiter DelimDot},Located {locSpan = SourceSpan {spanFilename = \"<input>\", spanStart = SourcePos {posLine = 14, posColumn = 24}, spanEnd = SourcePos {posLine = 14, posColumn = 30}}, locValue = TokenIdent \"append\"},Located {locSpan = SourceSpan {spanFilename = \"<input>\", spanStart = SourcePos {posLine = 14, posColumn = 30}, spanEnd = SourcePos {posLine = 14, posColumn = 31}}, locValue = TokenDelimiter DelimLeftParen},Located {locSpan = SourceSpan {spanFilename = \"<input>\", spanStart = SourcePos {posLine = 14, posColumn = 31}, spanEnd = SourcePos {posLine = 14, posColumn = 35}}, locValue = TokenIdent \"item\"},Located {locSpan = SourceSpan {spanFilename = \"<input>\", spanStart = SourcePos {posLine = 14, posColumn = 35}, spanEnd = SourcePos {posLine = 14, posColumn = 36}}, locValue = TokenDelimiter DelimDot},Located {locSpan = SourceSpan {spanFilename = \"<input>\", spanStart = SourcePos {posLine = 14, posColumn = 36}, spanEnd = SourcePos {posLine = 14, posColumn = 41}}, locValue = TokenIdent \"upper\"},Located {locSpan = SourceSpan {spanFilename = \"<input>\", spanStart = SourcePos {posLine = 14, posColumn = 41}, spanEnd = SourcePos {posLine = 14, posColumn = 42}}, locValue = TokenDelimiter DelimLeftParen},Located {locSpan = SourceSpan {spanFilename = \"<input>\", spanStart = SourcePos {posLine = 14, posColumn = 42}, spanEnd = SourcePos {posLine = 14, posColumn = 43}}, locValue = TokenDelimiter DelimRightParen},Located {locSpan = SourceSpan {spanFilename = \"<input>\", spanStart = SourcePos {posLine = 14, posColumn = 43}, spanEnd = SourcePos {posLine = 14, posColumn = 44}}, locValue = TokenDelimiter DelimRightParen},Located {locSpan = SourceSpan {spanFilename = \"<input>\", spanStart = SourcePos {posLine = 14, posColumn = 1}, spanEnd = SourcePos {posLine = 15, posColumn = 1}}, locValue = TokenNewline},Located {locSpan = SourceSpan {spanFilename = \"<input>\", spanStart = SourcePos {posLine = 15, posColumn = 1}, spanEnd = SourcePos {posLine = 15, posColumn = 13}}, locValue = TokenDedent 16},Located {locSpan = SourceSpan {spanFilename = \"<input>\", spanStart = SourcePos {posLine = 15, posColumn = 13}, spanEnd = SourcePos {posLine = 15, posColumn = 17}}, locValue = TokenKeyword KwElif},Located {locSpan = SourceSpan {spanFilename = \"<input>\", spanStart = SourcePos {posLine = 15, posColumn = 18}, spanEnd = SourcePos {posLine = 15, posColumn = 28}}, locValue = TokenIdent \"isinstance\"},Located {locSpan = SourceSpan {spanFilename = \"<input>\", spanStart = SourcePos {posLine = 15, posColumn = 28}, spanEnd = SourcePos {posLine = 15, posColumn = 29}}, locValue = TokenDelimiter DelimLeftParen},Located {locSpan = SourceSpan {spanFilename = \"<input>\", spanStart = SourcePos {posLine = 15, posColumn = 29}, spanEnd = SourcePos {posLine = 15, posColumn = 33}}, locValue = TokenIdent \"item\"},Located {locSpan = SourceSpan {spanFilename = \"<input>\", spanStart = SourcePos {posLine = 15, posColumn = 33}, spanEnd = SourcePos {posLine = 15, posColumn = 34}}, locValue = TokenDelimiter DelimComma},Located {locSpan = SourceSpan {spanFilename = \"<input>\", spanStart = SourcePos {posLine = 15, posColumn = 35}, spanEnd = SourcePos {posLine = 15, posColumn = 36}}, locValue = TokenDelimiter DelimLeftParen},Located {locSpan = SourceSpan {spanFilename = \"<input>\", spanStart = SourcePos {posLine = 15, posColumn = 36}, spanEnd = SourcePos {posLine = 15, posColumn = 39}}, locValue = TokenIdent \"int\"},Located {locSpan = SourceSpan {spanFilename = \"<input>\", spanStart = SourcePos {posLine = 15, posColumn = 39}, spanEnd = SourcePos {posLine = 15, posColumn = 40}}, locValue = TokenDelimiter DelimComma},Located {locSpan = SourceSpan {spanFilename = \"<input>\", spanStart = SourcePos {posLine = 15, posColumn = 41}, spanEnd = SourcePos {posLine = 15, posColumn = 46}}, locValue = TokenIdent \"float\"},Located {locSpan = SourceSpan {spanFilename = \"<input>\", spanStart = SourcePos {posLine = 15, posColumn = 46}, spanEnd = SourcePos {posLine = 15, posColumn = 47}}, locValue = TokenDelimiter DelimRightParen},Located {locSpan = SourceSpan {spanFilename = \"<input>\", spanStart = SourcePos {posLine = 15, posColumn = 47}, spanEnd = SourcePos {posLine = 15, posColumn = 48}}, locValue = TokenDelimiter DelimRightParen},Located {locSpan = SourceSpan {spanFilename = \"<input>\", spanStart = SourcePos {posLine = 15, posColumn = 48}, spanEnd = SourcePos {posLine = 15, posColumn = 49}}, locValue = TokenDelimiter DelimColon},Located {locSpan = SourceSpan {spanFilename = \"<input>\", spanStart = SourcePos {posLine = 15, posColumn = 1}, spanEnd = SourcePos {posLine = 16, posColumn = 1}}, locValue = TokenNewline},Located {locSpan = SourceSpan {spanFilename = \"<input>\", spanStart = SourcePos {posLine = 16, posColumn = 1}, spanEnd = SourcePos {posLine = 16, posColumn = 17}}, locValue = TokenIndent 16},Located {locSpan = SourceSpan {spanFilename = \"<input>\", spanStart = SourcePos {posLine = 16, posColumn = 17}, spanEnd = SourcePos {posLine = 16, posColumn = 23}}, locValue = TokenIdent \"result\"},Located {locSpan = SourceSpan {spanFilename = \"<input>\", spanStart = SourcePos {posLine = 16, posColumn = 23}, spanEnd = SourcePos {posLine = 16, posColumn = 24}}, locValue = TokenDelimiter DelimDot},Located {locSpan = SourceSpan {spanFilename = \"<input>\", spanStart = SourcePos {posLine = 16, posColumn = 24}, spanEnd = SourcePos {posLine = 16, posColumn = 30}}, locValue = TokenIdent \"append\"},Located {locSpan = SourceSpan {spanFilename = \"<input>\", spanStart = SourcePos {posLine = 16, posColumn = 30}, spanEnd = SourcePos {posLine = 16, posColumn = 31}}, locValue = TokenDelimiter DelimLeftParen},Located {locSpan = SourceSpan {spanFilename = \"<input>\", spanStart = SourcePos {posLine = 16, posColumn = 31}, spanEnd = SourcePos {posLine = 16, posColumn = 35}}, locValue = TokenIdent \"item\"},Located {locSpan = SourceSpan {spanFilename = \"<input>\", spanStart = SourcePos {posLine = 16, posColumn = 36}, spanEnd = SourcePos {posLine = 16, posColumn = 37}}, locValue = TokenOperator OpMult},Located {locSpan = SourceSpan {spanFilename = \"<input>\", spanStart = SourcePos {posLine = 16, posColumn = 38}, spanEnd = SourcePos {posLine = 16, posColumn = 39}}, locValue = TokenNumber \"2\" False},Located {locSpan = SourceSpan {spanFilename = \"<input>\", spanStart = SourcePos {posLine = 16, posColumn = 39}, spanEnd = SourcePos {posLine = 16, posColumn = 40}}, locValue = TokenDelimiter DelimRightParen},Located {locSpan = SourceSpan {spanFilename = \"<input>\", spanStart = SourcePos {posLine = 16, posColumn = 1}, spanEnd = SourcePos {posLine = 17, posColumn = 1}}, locValue = TokenNewline},Located {locSpan = SourceSpan {spanFilename = \"<input>\", spanStart = SourcePos {posLine = 17, posColumn = 1}, spanEnd = SourcePos {posLine = 17, posColumn = 13}}, locValue = TokenDedent 16},Located {locSpan = SourceSpan {spanFilename = \"<input>\", spanStart = SourcePos {posLine = 17, posColumn = 13}, spanEnd = SourcePos {posLine = 17, posColumn = 17}}, locValue = TokenKeyword KwElse},Located {locSpan = SourceSpan {spanFilename = \"<input>\", spanStart = SourcePos {posLine = 17, posColumn = 17}, spanEnd = SourcePos {posLine = 17, posColumn = 18}}, locValue = TokenDelimiter DelimColon},Located {locSpan = SourceSpan {spanFilename = \"<input>\", spanStart = SourcePos {posLine = 17, posColumn = 1}, spanEnd = SourcePos {posLine = 18, posColumn = 1}}, locValue = TokenNewline},Located {locSpan = SourceSpan {spanFilename = \"<input>\", spanStart = SourcePos {posLine = 18, posColumn = 1}, spanEnd = SourcePos {posLine = 18, posColumn = 17}}, locValue = TokenIndent 16},Located {locSpan = SourceSpan {spanFilename = \"<input>\", spanStart = SourcePos {posLine = 18, posColumn = 17}, spanEnd = SourcePos {posLine = 18, posColumn = 23}}, locValue = TokenIdent \"result\"},Located {locSpan = SourceSpan {spanFilename = \"<input>\", spanStart = SourcePos {posLine = 18, posColumn = 23}, spanEnd = SourcePos {posLine = 18, posColumn = 24}}, locValue = TokenDelimiter DelimDot},Located {locSpan = SourceSpan {spanFilename = \"<input>\", spanStart = SourcePos {posLine = 18, posColumn = 24}, spanEnd = SourcePos {posLine = 18, posColumn = 30}}, locValue = TokenIdent \"append\"},Located {locSpan = SourceSpan {spanFilename = \"<input>\", spanStart = SourcePos {posLine = 18, posColumn = 30}, spanEnd = SourcePos {posLine = 18, posColumn = 31}}, locValue = TokenDelimiter DelimLeftParen},Located {locSpan = SourceSpan {spanFilename = \"<input>\", spanStart = SourcePos {posLine = 18, posColumn = 31}, spanEnd = SourcePos {posLine = 18, posColumn = 34}}, locValue = TokenIdent \"str\"},Located {locSpan = SourceSpan {spanFilename = \"<input>\", spanStart = SourcePos {posLine = 18, posColumn = 34}, spanEnd = SourcePos {posLine = 18, posColumn = 35}}, locValue = TokenDelimiter DelimLeftParen},Located {locSpan = SourceSpan {spanFilename = \"<input>\", spanStart = SourcePos {posLine = 18, posColumn = 35}, spanEnd = SourcePos {posLine = 18, posColumn = 39}}, locValue = TokenIdent \"item\"},Located {locSpan = SourceSpan {spanFilename = \"<input>\", spanStart = SourcePos {posLine = 18, posColumn = 39}, spanEnd = SourcePos {posLine = 18, posColumn = 40}}, locValue = TokenDelimiter DelimRightParen},Located {locSpan = SourceSpan {spanFilename = \"<input>\", spanStart = SourcePos {posLine = 18, posColumn = 40}, spanEnd = SourcePos {posLine = 18, posColumn = 41}}, locValue = TokenDelimiter DelimRightParen},Located {locSpan = SourceSpan {spanFilename = \"<input>\", spanStart = SourcePos {posLine = 18, posColumn = 1}, spanEnd = SourcePos {posLine = 19, posColumn = 1}}, locValue = TokenNewline},Located {locSpan = SourceSpan {spanFilename = \"<input>\", spanStart = SourcePos {posLine = 19, posColumn = 1}, spanEnd = SourcePos {posLine = 19, posColumn = 9}}, locValue = TokenDedent 12},Located {locSpan = SourceSpan {spanFilename = \"<input>\", spanStart = SourcePos {posLine = 19, posColumn = 1}, spanEnd = SourcePos {posLine = 19, posColumn = 9}}, locValue = TokenDedent 16},Located {locSpan = SourceSpan {spanFilename = \"<input>\", spanStart = SourcePos {posLine = 19, posColumn = 9}, spanEnd = SourcePos {posLine = 19, posColumn = 13}}, locValue = TokenIdent \"self\"},Located {locSpan = SourceSpan {spanFilename = \"<input>\", spanStart = SourcePos {posLine = 19, posColumn = 13}, spanEnd = SourcePos {posLine = 19, posColumn = 14}}, locValue = TokenDelimiter DelimDot},Located {locSpan = SourceSpan {spanFilename = \"<input>\", spanStart = SourcePos {posLine = 19, posColumn = 14}, spanEnd = SourcePos {posLine = 19, posColumn = 23}}, locValue = TokenIdent \"processed\"},Located {locSpan = SourceSpan {spanFilename = \"<input>\", spanStart = SourcePos {posLine = 19, posColumn = 24}, spanEnd = SourcePos {posLine = 19, posColumn = 25}}, locValue = TokenOperator OpAssign},Located {locSpan = SourceSpan {spanFilename = \"<input>\", spanStart = SourcePos {posLine = 19, posColumn = 26}, spanEnd = SourcePos {posLine = 19, posColumn = 30}}, locValue = TokenKeyword KwTrue},Located {locSpan = SourceSpan {spanFilename = \"<input>\", spanStart = SourcePos {posLine = 19, posColumn = 1}, spanEnd = SourcePos {posLine = 20, posColumn = 1}}, locValue = TokenNewline},Located {locSpan = SourceSpan {spanFilename = \"<input>\", spanStart = SourcePos {posLine = 20, posColumn = 9}, spanEnd = SourcePos {posLine = 20, posColumn = 15}}, locValue = TokenKeyword KwReturn},Located {locSpan = SourceSpan {spanFilename = \"<input>\", spanStart = SourcePos {posLine = 20, posColumn = 16}, spanEnd = SourcePos {posLine = 20, posColumn = 22}}, locValue = TokenIdent \"result\"},Located {locSpan = SourceSpan {spanFilename = \"<input>\", spanStart = SourcePos {posLine = 20, posColumn = 1}, spanEnd = SourcePos {posLine = 21, posColumn = 1}}, locValue = TokenNewline},Located {locSpan = SourceSpan {spanFilename = \"<input>\", spanStart = SourcePos {posLine = 21, posColumn = 1}, spanEnd = SourcePos {posLine = 21, posColumn = 5}}, locValue = TokenDedent 8},Located {locSpan = SourceSpan {spanFilename = \"<input>\", spanStart = SourcePos {posLine = 21, posColumn = 1}, spanEnd = SourcePos {posLine = 22, posColumn = 1}}, locValue = TokenNewline},Located {locSpan = SourceSpan {spanFilename = \"<input>\", spanStart = SourcePos {posLine = 22, posColumn = 5}, spanEnd = SourcePos {posLine = 22, posColumn = 8}}, locValue = TokenKeyword KwDef},Located {locSpan = SourceSpan {spanFilename = \"<input>\", spanStart = SourcePos {posLine = 22, posColumn = 9}, spanEnd = SourcePos {posLine = 22, posColumn = 21}}, locValue = TokenIdent \"save_to_file\"},Located {locSpan = SourceSpan {spanFilename = \"<input>\", spanStart = SourcePos {posLine = 22, posColumn = 21}, spanEnd = SourcePos {posLine = 22, posColumn = 22}}, locValue = TokenDelimiter DelimLeftParen},Located {locSpan = SourceSpan {spanFilename = \"<input>\", spanStart = SourcePos {posLine = 22, posColumn = 22}, spanEnd = SourcePos {posLine = 22, posColumn = 26}}, locValue = TokenIdent \"self\"},Located {locSpan = SourceSpan {spanFilename = \"<input>\", spanStart = SourcePos {posLine = 22, posColumn = 26}, spanEnd = SourcePos {posLine = 22, posColumn = 27}}, locValue = TokenDelimiter DelimComma},Located {locSpan = SourceSpan {spanFilename = \"<input>\", spanStart = SourcePos {posLine = 22, posColumn = 28}, spanEnd = SourcePos {posLine = 22, posColumn = 36}}, locValue = TokenIdent \"filename\"},Located {locSpan = SourceSpan {spanFilename = \"<input>\", spanStart = SourcePos {posLine = 22, posColumn = 36}, spanEnd = SourcePos {posLine = 22, posColumn = 37}}, locValue = TokenDelimiter DelimRightParen},Located {locSpan = SourceSpan {spanFilename = \"<input>\", spanStart = SourcePos {posLine = 22, posColumn = 37}, spanEnd = SourcePos {posLine = 22, posColumn = 38}}, locValue = TokenDelimiter DelimColon},Located {locSpan = SourceSpan {spanFilename = \"<input>\", spanStart = SourcePos {posLine = 22, posColumn = 1}, spanEnd = SourcePos {posLine = 23, posColumn = 1}}, locValue = TokenNewline},Located {locSpan = SourceSpan {spanFilename = \"<input>\", spanStart = SourcePos {posLine = 23, posColumn = 1}, spanEnd = SourcePos {posLine = 23, posColumn = 9}}, locValue = TokenIndent 8},Located {locSpan = SourceSpan {spanFilename = \"<input>\", spanStart = SourcePos {posLine = 23, posColumn = 9}, spanEnd = SourcePos {posLine = 23, posColumn = 11}}, locValue = TokenKeyword KwIf},Located {locSpan = SourceSpan {spanFilename = \"<input>\", spanStart = SourcePos {posLine = 23, posColumn = 12}, spanEnd = SourcePos {posLine = 23, posColumn = 15}}, locValue = TokenKeyword KwNot},Located {locSpan = SourceSpan {spanFilename = \"<input>\", spanStart = SourcePos {posLine = 23, posColumn = 16}, spanEnd = SourcePos {posLine = 23, posColumn = 20}}, locValue = TokenIdent \"self\"},Located {locSpan = SourceSpan {spanFilename = \"<input>\", spanStart = SourcePos {posLine = 23, posColumn = 20}, spanEnd = SourcePos {posLine = 23, posColumn = 21}}, locValue = TokenDelimiter DelimDot},Located {locSpan = SourceSpan {spanFilename = \"<input>\", spanStart = SourcePos {posLine = 23, posColumn = 21}, spanEnd = SourcePos {posLine = 23, posColumn = 30}}, locValue = TokenIdent \"processed\"},Located {locSpan = SourceSpan {spanFilename = \"<input>\", spanStart = SourcePos {posLine = 23, posColumn = 30}, spanEnd = SourcePos {posLine = 23, posColumn = 31}}, locValue = TokenDelimiter DelimColon},Located {locSpan = SourceSpan {spanFilename = \"<input>\", spanStart = SourcePos {posLine = 23, posColumn = 1}, spanEnd = SourcePos {posLine = 24, posColumn = 1}}, locValue = TokenNewline},Located {locSpan = SourceSpan {spanFilename = \"<input>\", spanStart = SourcePos {posLine = 24, posColumn = 1}, spanEnd = SourcePos {posLine = 24, posColumn = 13}}, locValue = TokenIndent 12},Located {locSpan = SourceSpan {spanFilename = \"<input>\", spanStart = SourcePos {posLine = 24, posColumn = 13}, spanEnd = SourcePos {posLine = 24, posColumn = 18}}, locValue = TokenKeyword KwRaise},Located {locSpan = SourceSpan {spanFilename = \"<input>\", spanStart = SourcePos {posLine = 24, posColumn = 19}, spanEnd = SourcePos {posLine = 24, posColumn = 29}}, locValue = TokenIdent \"ValueError\"},Located {locSpan = SourceSpan {spanFilename = \"<input>\", spanStart = SourcePos {posLine = 24, posColumn = 29}, spanEnd = SourcePos {posLine = 24, posColumn = 30}}, locValue = TokenDelimiter DelimLeftParen},Located {locSpan = SourceSpan {spanFilename = \"<input>\", spanStart = SourcePos {posLine = 24, posColumn = 30}, spanEnd = SourcePos {posLine = 24, posColumn = 54}}, locValue = TokenString \"Data not processed yet\"},Located {locSpan = SourceSpan {spanFilename = \"<input>\", spanStart = SourcePos {posLine = 24, posColumn = 54}, spanEnd = SourcePos {posLine = 24, posColumn = 55}}, locValue = TokenDelimiter DelimRightParen},Located {locSpan = SourceSpan {spanFilename = \"<input>\", spanStart = SourcePos {posLine = 24, posColumn = 1}, spanEnd = SourcePos {posLine = 25, posColumn = 1}}, locValue = TokenNewline},Located {locSpan = SourceSpan {spanFilename = \"<input>\", spanStart = SourcePos {posLine = 25, posColumn = 1}, spanEnd = SourcePos {posLine = 25, posColumn = 9}}, locValue = TokenDedent 12},Located {locSpan = SourceSpan {spanFilename = \"<input>\", spanStart = SourcePos {posLine = 25, posColumn = 9}, spanEnd = SourcePos {posLine = 25, posColumn = 13}}, locValue = TokenKeyword KwWith},Located {locSpan = SourceSpan {spanFilename = \"<input>\", spanStart = SourcePos {posLine = 25, posColumn = 14}, spanEnd = SourcePos {posLine = 25, posColumn = 18}}, locValue = TokenIdent \"open\"},Located {locSpan = SourceSpan {spanFilename = \"<input>\", spanStart = SourcePos {posLine = 25, posColumn = 18}, spanEnd = SourcePos {posLine = 25, posColumn = 19}}, locValue = TokenDelimiter DelimLeftParen},Located {locSpan = SourceSpan {spanFilename = \"<input>\", spanStart = SourcePos {posLine = 25, posColumn = 19}, spanEnd = SourcePos {posLine = 25, posColumn = 27}}, locValue = TokenIdent \"filename\"},Located {locSpan = SourceSpan {spanFilename = \"<input>\", spanStart = SourcePos {posLine = 25, posColumn = 27}, spanEnd = SourcePos {posLine = 25, posColumn = 28}}, locValue = TokenDelimiter DelimComma},Located {locSpan = SourceSpan {spanFilename = \"<input>\", spanStart = SourcePos {posLine = 25, posColumn = 29}, spanEnd = SourcePos {posLine = 25, posColumn = 32}}, locValue = TokenString \"w\"},Located {locSpan = SourceSpan {spanFilename = \"<input>\", spanStart = SourcePos {posLine = 25, posColumn = 32}, spanEnd = SourcePos {posLine = 25, posColumn = 33}}, locValue = TokenDelimiter DelimRightParen},Located {locSpan = SourceSpan {spanFilename = \"<input>\", spanStart = SourcePos {posLine = 25, posColumn = 34}, spanEnd = SourcePos {posLine = 25, posColumn = 36}}, locValue = TokenKeyword KwAs},Located {locSpan = SourceSpan {spanFilename = \"<input>\", spanStart = SourcePos {posLine = 25, posColumn = 37}, spanEnd = SourcePos {posLine = 25, posColumn = 38}}, locValue = TokenIdent \"f\"},Located {locSpan = SourceSpan {spanFilename = \"<input>\", spanStart = SourcePos {posLine = 25, posColumn = 38}, spanEnd = SourcePos {posLine = 25, posColumn = 39}}, locValue = TokenDelimiter DelimColon},Located {locSpan = SourceSpan {spanFilename = \"<input>\", spanStart = SourcePos {posLine = 25, posColumn = 1}, spanEnd = SourcePos {posLine = 26, posColumn = 1}}, locValue = TokenNewline},Located {locSpan = SourceSpan {spanFilename = \"<input>\", spanStart = SourcePos {posLine = 26, posColumn = 1}, spanEnd = SourcePos {posLine = 26, posColumn = 13}}, locValue = TokenIndent 12},Located {locSpan = SourceSpan {spanFilename = \"<input>\", spanStart = SourcePos {posLine = 26, posColumn = 13}, spanEnd = SourcePos {posLine = 26, posColumn = 16}}, locValue = TokenKeyword KwFor},Located {locSpan = SourceSpan {spanFilename = \"<input>\", spanStart = SourcePos {posLine = 26, posColumn = 17}, spanEnd = SourcePos {posLine = 26, posColumn = 21}}, locValue = TokenIdent \"item\"},Located {locSpan = SourceSpan {spanFilename = \"<input>\", spanStart = SourcePos {posLine = 26, posColumn = 22}, spanEnd = SourcePos {posLine = 26, posColumn = 24}}, locValue = TokenKeyword KwIn},Located {locSpan = SourceSpan {spanFilename = \"<input>\", spanStart = SourcePos {posLine = 26, posColumn = 25}, spanEnd = SourcePos {posLine = 26, posColumn = 29}}, locValue = TokenIdent \"self\"},Located {locSpan = SourceSpan {spanFilename = \"<input>\", spanStart = SourcePos {posLine = 26, posColumn = 29}, spanEnd = SourcePos {posLine = 26, posColumn = 30}}, locValue = TokenDelimiter DelimDot},Located {locSpan = SourceSpan {spanFilename = \"<input>\", spanStart = SourcePos {posLine = 26, posColumn = 30}, spanEnd = SourcePos {posLine = 26, posColumn = 34}}, locValue = TokenIdent \"data\"},Located {locSpan = SourceSpan {spanFilename = \"<input>\", spanStart = SourcePos {posLine = 26, posColumn = 34}, spanEnd = SourcePos {posLine = 26, posColumn = 35}}, locValue = TokenDelimiter DelimColon},Located {locSpan = SourceSpan {spanFilename = \"<input>\", spanStart = SourcePos {posLine = 26, posColumn = 1}, spanEnd = SourcePos {posLine = 27, posColumn = 1}}, locValue = TokenNewline},Located {locSpan = SourceSpan {spanFilename = \"<input>\", spanStart = SourcePos {posLine = 27, posColumn = 1}, spanEnd = SourcePos {posLine = 27, posColumn = 17}}, locValue = TokenIndent 16},Located {locSpan = SourceSpan {spanFilename = \"<input>\", spanStart = SourcePos {posLine = 27, posColumn = 17}, spanEnd = SourcePos {posLine = 27, posColumn = 18}}, locValue = TokenIdent \"f\"},Located {locSpan = SourceSpan {spanFilename = \"<input>\", spanStart = SourcePos {posLine = 27, posColumn = 18}, spanEnd = SourcePos {posLine = 27, posColumn = 19}}, locValue = TokenDelimiter DelimDot},Located {locSpan = SourceSpan {spanFilename = \"<input>\", spanStart = SourcePos {posLine = 27, posColumn = 19}, spanEnd = SourcePos {posLine = 27, posColumn = 24}}, locValue = TokenIdent \"write\"},Located {locSpan = SourceSpan {spanFilename = \"<input>\", spanStart = SourcePos {posLine = 27, posColumn = 24}, spanEnd = SourcePos {posLine = 27, posColumn = 25}}, locValue = TokenDelimiter DelimLeftParen},Located {locSpan = SourceSpan {spanFilename = \"<input>\", spanStart = SourcePos {posLine = 27, posColumn = 25}, spanEnd = SourcePos {posLine = 27, posColumn = 28}}, locValue = TokenIdent \"str\"},Located {locSpan = SourceSpan {spanFilename = \"<input>\", spanStart = SourcePos {posLine = 27, posColumn = 28}, spanEnd = SourcePos {posLine = 27, posColumn = 29}}, locValue = TokenDelimiter DelimLeftParen},Located {locSpan = SourceSpan {spanFilename = \"<input>\", spanStart = SourcePos {posLine = 27, posColumn = 29}, spanEnd = SourcePos {posLine = 27, posColumn = 33}}, locValue = TokenIdent \"item\"},Located {locSpan = SourceSpan {spanFilename = \"<input>\", spanStart = SourcePos {posLine = 27, posColumn = 33}, spanEnd = SourcePos {posLine = 27, posColumn = 34}}, locValue = TokenDelimiter DelimRightParen},Located {locSpan = SourceSpan {spanFilename = \"<input>\", spanStart = SourcePos {posLine = 27, posColumn = 35}, spanEnd = SourcePos {posLine = 27, posColumn = 36}}, locValue = TokenOperator OpPlus},Located {locSpan = SourceSpan {spanFilename = \"<input>\", spanStart = SourcePos {posLine = 27, posColumn = 37}, spanEnd = SourcePos {posLine = 27, posColumn = 41}}, locValue = TokenString \"\\n\"},Located {locSpan = SourceSpan {spanFilename = \"<input>\", spanStart = SourcePos {posLine = 27, posColumn = 41}, spanEnd = SourcePos {posLine = 27, posColumn = 42}}, locValue = TokenDelimiter DelimRightParen},Located {locSpan = SourceSpan {spanFilename = \"<input>\", spanStart = SourcePos {posLine = 27, posColumn = 1}, spanEnd = SourcePos {posLine = 29, posColumn = 1}}, locValue = TokenNewline},Located {locSpan = SourceSpan {spanFilename = \"<input>\", spanStart = SourcePos {posLine = 27, posColumn = 1}, spanEnd = SourcePos {posLine = 29, posColumn = 1}}, locValue = TokenNewline},Located {locSpan = SourceSpan {spanFilename = \"<input>\", spanStart = SourcePos {posLine = 29, posColumn = 1}, spanEnd = SourcePos {posLine = 29, posColumn = 1}}, locValue = TokenDedent 4},Located {locSpan = SourceSpan {spanFilename = \"<input>\", spanStart = SourcePos {posLine = 29, posColumn = 1}, spanEnd = SourcePos {posLine = 29, posColumn = 1}}, locValue = TokenDedent 8},Located {locSpan = SourceSpan {spanFilename = \"<input>\", spanStart = SourcePos {posLine = 29, posColumn = 1}, spanEnd = SourcePos {posLine = 29, posColumn = 1}}, locValue = TokenDedent 12},Located {locSpan = SourceSpan {spanFilename = \"<input>\", spanStart = SourcePos {posLine = 29, posColumn = 1}, spanEnd = SourcePos {posLine = 29, posColumn = 1}}, locValue = TokenDedent 16},Located {locSpan = SourceSpan {spanFilename = \"<input>\", spanStart = SourcePos {posLine = 29, posColumn = 1}, spanEnd = SourcePos {posLine = 29, posColumn = 4}}, locValue = TokenKeyword KwDef},Located {locSpan = SourceSpan {spanFilename = \"<input>\", spanStart = SourcePos {posLine = 29, posColumn = 5}, spanEnd = SourcePos {posLine = 29, posColumn = 9}}, locValue = TokenIdent \"main\"},Located {locSpan = SourceSpan {spanFilename = \"<input>\", spanStart = SourcePos {posLine = 29, posColumn = 9}, spanEnd = SourcePos {posLine = 29, posColumn = 10}}, locValue = TokenDelimiter DelimLeftParen},Located {locSpan = SourceSpan {spanFilename = \"<input>\", spanStart = SourcePos {posLine = 29, posColumn = 10}, spanEnd = SourcePos {posLine = 29, posColumn = 11}}, locValue = TokenDelimiter DelimRightParen},Located {locSpan = SourceSpan {spanFilename = \"<input>\", spanStart = SourcePos {posLine = 29, posColumn = 11}, spanEnd = SourcePos {posLine = 29, posColumn = 12}}, locValue = TokenDelimiter DelimColon},Located {locSpan = SourceSpan {spanFilename = \"<input>\", spanStart = SourcePos {posLine = 29, posColumn = 1}, spanEnd = SourcePos {posLine = 30, posColumn = 1}}, locValue = TokenNewline},Located {locSpan = SourceSpan {spanFilename = \"<input>\", spanStart = SourcePos {posLine = 30, posColumn = 1}, spanEnd = SourcePos {posLine = 30, posColumn = 5}}, locValue = TokenIndent 4},Located {locSpan = SourceSpan {spanFilename = \"<input>\", spanStart = SourcePos {posLine = 30, posColumn = 5}, spanEnd = SourcePos {posLine = 30, posColumn = 18}}, locValue = TokenComment \"# Sample data\"},Located {locSpan = SourceSpan {spanFilename = \"<input>\", spanStart = SourcePos {posLine = 30, posColumn = 1}, spanEnd = SourcePos {posLine = 31, posColumn = 1}}, locValue = TokenNewline},Located {locSpan = SourceSpan {spanFilename = \"<input>\", spanStart = SourcePos {posLine = 31, posColumn = 5}, spanEnd = SourcePos {posLine = 31, posColumn = 16}}, locValue = TokenIdent \"sample_data\"},Located {locSpan = SourceSpan {spanFilename = \"<input>\", spanStart = SourcePos {posLine = 31, posColumn = 17}, spanEnd = SourcePos {posLine = 31, posColumn = 18}}, locValue = TokenOperator OpAssign},Located {locSpan = SourceSpan {spanFilename = \"<input>\", spanStart = SourcePos {posLine = 31, posColumn = 19}, spanEnd = SourcePos {posLine = 31, posColumn = 20}}, locValue = TokenDelimiter DelimLeftBracket},Located {locSpan = SourceSpan {spanFilename = \"<input>\", spanStart = SourcePos {posLine = 31, posColumn = 20}, spanEnd = SourcePos {posLine = 31, posColumn = 27}}, locValue = TokenString \"hello\"},Located {locSpan = SourceSpan {spanFilename = \"<input>\", spanStart = SourcePos {posLine = 31, posColumn = 27}, spanEnd = SourcePos {posLine = 31, posColumn = 28}}, locValue = TokenDelimiter DelimComma},Located {locSpan = SourceSpan {spanFilename = \"<input>\", spanStart = SourcePos {posLine = 31, posColumn = 29}, spanEnd = SourcePos {posLine = 31, posColumn = 31}}, locValue = TokenNumber \"42\" False},Located {locSpan = SourceSpan {spanFilename = \"<input>\", spanStart = SourcePos {posLine = 31, posColumn = 31}, spanEnd = SourcePos {posLine = 31, posColumn = 32}}, locValue = TokenDelimiter DelimComma},Located {locSpan = SourceSpan {spanFilename = \"<input>\", spanStart = SourcePos {posLine = 31, posColumn = 33}, spanEnd = SourcePos {posLine = 31, posColumn = 37}}, locValue = TokenNumber \"3.14\" True},Located {locSpan = SourceSpan {spanFilename = \"<input>\", spanStart = SourcePos {posLine = 31, posColumn = 37}, spanEnd = SourcePos {posLine = 31, posColumn = 38}}, locValue = TokenDelimiter DelimComma},Located {locSpan = SourceSpan {spanFilename = \"<input>\", spanStart = SourcePos {posLine = 31, posColumn = 39}, spanEnd = SourcePos {posLine = 31, posColumn = 46}}, locValue = TokenString \"world\"},Located {locSpan = SourceSpan {spanFilename = \"<input>\", spanStart = SourcePos {posLine = 31, posColumn = 46}, spanEnd = SourcePos {posLine = 31, posColumn = 47}}, locValue = TokenDelimiter DelimComma},Located {locSpan = SourceSpan {spanFilename = \"<input>\", spanStart = SourcePos {posLine = 31, posColumn = 48}, spanEnd = SourcePos {posLine = 31, posColumn = 51}}, locValue = TokenNumber \"100\" False},Located {locSpan = SourceSpan {spanFilename = \"<input>\", spanStart = SourcePos {posLine = 31, posColumn = 51}, spanEnd = SourcePos {posLine = 31, posColumn = 52}}, locValue = TokenDelimiter DelimRightBracket},Located {locSpan = SourceSpan {spanFilename = \"<input>\", spanStart = SourcePos {posLine = 31, posColumn = 1}, spanEnd = SourcePos {posLine = 32, posColumn = 1}}, locValue = TokenNewline},Located {locSpan = SourceSpan {spanFilename = \"<input>\", spanStart = SourcePos {posLine = 32, posColumn = 1}, spanEnd = SourcePos {posLine = 33, posColumn = 1}}, locValue = TokenNewline},Located {locSpan = SourceSpan {spanFilename = \"<input>\", spanStart = SourcePos {posLine = 33, posColumn = 5}, spanEnd = SourcePos {posLine = 33, posColumn = 23}}, locValue = TokenComment \"# Create processor\"},Located {locSpan = SourceSpan {spanFilename = \"<input>\", spanStart = SourcePos {posLine = 33, posColumn = 1}, spanEnd = SourcePos {posLine = 34, posColumn = 1}}, locValue = TokenNewline},Located {locSpan = SourceSpan {spanFilename = \"<input>\", spanStart = SourcePos {posLine = 34, posColumn = 5}, spanEnd = SourcePos {posLine = 34, posColumn = 14}}, locValue = TokenIdent \"processor\"},Located {locSpan = SourceSpan {spanFilename = \"<input>\", spanStart = SourcePos {posLine = 34, posColumn = 15}, spanEnd = SourcePos {posLine = 34, posColumn = 16}}, locValue = TokenOperator OpAssign},Located {locSpan = SourceSpan {spanFilename = \"<input>\", spanStart = SourcePos {posLine = 34, posColumn = 17}, spanEnd = SourcePos {posLine = 34, posColumn = 30}}, locValue = TokenIdent \"DataProcessor\"},Located {locSpan = SourceSpan {spanFilename = \"<input>\", spanStart = SourcePos {posLine = 34, posColumn = 30}, spanEnd = SourcePos {posLine = 34, posColumn = 31}}, locValue = TokenDelimiter DelimLeftParen},Located {locSpan = SourceSpan {spanFilename = \"<input>\", spanStart = SourcePos {posLine = 34, posColumn = 31}, spanEnd = SourcePos {posLine = 34, posColumn = 42}}, locValue = TokenIdent \"sample_data\"},Located {locSpan = SourceSpan {spanFilename = \"<input>\", spanStart = SourcePos {posLine = 34, posColumn = 42}, spanEnd = SourcePos {posLine = 34, posColumn = 43}}, locValue = TokenDelimiter DelimRightParen},Located {locSpan = SourceSpan {spanFilename = \"<input>\", spanStart = SourcePos {posLine = 34, posColumn = 1}, spanEnd = SourcePos {posLine = 35, posColumn = 1}}, locValue = TokenNewline},Located {locSpan = SourceSpan {spanFilename = \"<input>\", spanStart = SourcePos {posLine = 35, posColumn = 1}, spanEnd = SourcePos {posLine = 36, posColumn = 1}}, locValue = TokenNewline},Located {locSpan = SourceSpan {spanFilename = \"<input>\", spanStart = SourcePos {posLine = 36, posColumn = 5}, spanEnd = SourcePos {posLine = 36, posColumn = 19}}, locValue = TokenComment \"# Process data\"},Located {locSpan = SourceSpan {spanFilename = \"<input>\", spanStart = SourcePos {posLine = 36, posColumn = 1}, spanEnd = SourcePos {posLine = 37, posColumn = 1}}, locValue = TokenNewline},Located {locSpan = SourceSpan {spanFilename = \"<input>\", spanStart = SourcePos {posLine = 37, posColumn = 5}, spanEnd = SourcePos {posLine = 37, posColumn = 14}}, locValue = TokenIdent \"processed\"},Located {locSpan = SourceSpan {spanFilename = \"<input>\", spanStart = SourcePos {posLine = 37, posColumn = 15}, spanEnd = SourcePos {posLine = 37, posColumn = 16}}, locValue = TokenOperator OpAssign},Located {locSpan = SourceSpan {spanFilename = \"<input>\", spanStart = SourcePos {posLine = 37, posColumn = 17}, spanEnd = SourcePos {posLine = 37, posColumn = 26}}, locValue = TokenIdent \"processor\"},Located {locSpan = SourceSpan {spanFilename = \"<input>\", spanStart = SourcePos {posLine = 37, posColumn = 26}, spanEnd = SourcePos {posLine = 37, posColumn = 27}}, locValue = TokenDelimiter DelimDot},Located {locSpan = SourceSpan {spanFilename = \"<input>\", spanStart = SourcePos {posLine = 37, posColumn = 27}, spanEnd = SourcePos {posLine = 37, posColumn = 34}}, locValue = TokenIdent \"process\"},Located {locSpan = SourceSpan {spanFilename = \"<input>\", spanStart = SourcePos {posLine = 37, posColumn = 34}, spanEnd = SourcePos {posLine = 37, posColumn = 35}}, locValue = TokenDelimiter DelimLeftParen},Located {locSpan = SourceSpan {spanFilename = \"<input>\", spanStart = SourcePos {posLine = 37, posColumn = 35}, spanEnd = SourcePos {posLine = 37, posColumn = 36}}, locValue = TokenDelimiter DelimRightParen},Located {locSpan = SourceSpan {spanFilename = \"<input>\", spanStart = SourcePos {posLine = 37, posColumn = 1}, spanEnd = SourcePos {posLine = 38, posColumn = 1}}, locValue = TokenNewline},Located {locSpan = SourceSpan {spanFilename = \"<input>\", spanStart = SourcePos {posLine = 38, posColumn = 5}, spanEnd = SourcePos {posLine = 38, posColumn = 10}}, locValue = TokenIdent \"print\"},Located {locSpan = SourceSpan {spanFilename = \"<input>\", spanStart = SourcePos {posLine = 38, posColumn = 10}, spanEnd = SourcePos {posLine = 38, posColumn = 11}}, locValue = TokenDelimiter DelimLeftParen},Located {locSpan = SourceSpan {spanFilename = \"<input>\", spanStart = SourcePos {posLine = 38, posColumn = 11}, spanEnd = SourcePos {posLine = 38, posColumn = 46}}, locValue = TokenFString \"Processed {len(processed)} items\" [\"len(processed)\"]},Located {locSpan = SourceSpan {spanFilename = \"<input>\", spanStart = SourcePos {posLine = 38, posColumn = 46}, spanEnd = SourcePos {posLine = 38, posColumn = 47}}, locValue = TokenDelimiter DelimRightParen},Located {locSpan = SourceSpan {spanFilename = \"<input>\", spanStart = SourcePos {posLine = 38, posColumn = 1}, spanEnd = SourcePos {posLine = 39, posColumn = 1}}, locValue = TokenNewline},Located {locSpan = SourceSpan {spanFilename = \"<input>\", spanStart = SourcePos {posLine = 39, posColumn = 1}, spanEnd = SourcePos {posLine = 40, posColumn = 1}}, locValue = TokenNewline},Located {locSpan = SourceSpan {spanFilename = \"<input>\", spanStart = SourcePos {posLine = 40, posColumn = 5}, spanEnd = SourcePos {posLine = 40, posColumn = 19}}, locValue = TokenComment \"# Save to file\"},Located {locSpan = SourceSpan {spanFilename = \"<input>\", spanStart = SourcePos {posLine = 40, posColumn = 1}, spanEnd = SourcePos {posLine = 41, posColumn = 1}}, locValue = TokenNewline},Located {locSpan = SourceSpan {spanFilename = \"<input>\", spanStart = SourcePos {posLine = 41, posColumn = 5}, spanEnd = SourcePos {posLine = 41, posColumn = 14}}, locValue = TokenIdent \"processor\"},Located {locSpan = SourceSpan {spanFilename = \"<input>\", spanStart = SourcePos {posLine = 41, posColumn = 14}, spanEnd = SourcePos {posLine = 41, posColumn = 15}}, locValue = TokenDelimiter DelimDot},Located {locSpan = SourceSpan {spanFilename = \"<input>\", spanStart = SourcePos {posLine = 41, posColumn = 15}, spanEnd = SourcePos {posLine = 41, posColumn = 27}}, locValue = TokenIdent \"save_to_file\"},Located {locSpan = SourceSpan {spanFilename = \"<input>\", spanStart = SourcePos {posLine = 41, posColumn = 27}, spanEnd = SourcePos {posLine = 41, posColumn = 28}}, locValue = TokenDelimiter DelimLeftParen},Located {locSpan = SourceSpan {spanFilename = \"<input>\", spanStart = SourcePos {posLine = 41, posColumn = 28}, spanEnd = SourcePos {posLine = 41, posColumn = 40}}, locValue = TokenString \"output.txt\"},Located {locSpan = SourceSpan {spanFilename = \"<input>\", spanStart = SourcePos {posLine = 41, posColumn = 40}, spanEnd = SourcePos {posLine = 41, posColumn = 41}}, locValue = TokenDelimiter DelimRightParen},Located {locSpan = SourceSpan {spanFilename = \"<input>\", spanStart = SourcePos {posLine = 41, posColumn = 1}, spanEnd = SourcePos {posLine = 42, posColumn = 1}}, locValue = TokenNewline},Located {locSpan = SourceSpan {spanFilename = \"<input>\", spanStart = SourcePos {posLine = 42, posColumn = 1}, spanEnd = SourcePos {posLine = 43, posColumn = 1}}, locValue = TokenNewline},Located {locSpan = SourceSpan {spanFilename = \"<input>\", spanStart = SourcePos {posLine = 43, posColumn = 5}, spanEnd = SourcePos {posLine = 43, posColumn = 11}}, locValue = TokenKeyword KwReturn},Located {locSpan = SourceSpan {spanFilename = \"<input>\", spanStart = SourcePos {posLine = 43, posColumn = 12}, spanEnd = SourcePos {posLine = 43, posColumn = 13}}, locValue = TokenNumber \"0\" False},Located {locSpan = SourceSpan {spanFilename = \"<input>\", spanStart = SourcePos {posLine = 43, posColumn = 1}, spanEnd = SourcePos {posLine = 45, posColumn = 1}}, locValue = TokenNewline},Located {locSpan = SourceSpan {spanFilename = \"<input>\", spanStart = SourcePos {posLine = 43, posColumn = 1}, spanEnd = SourcePos {posLine = 45, posColumn = 1}}, locValue = TokenNewline},Located {locSpan = SourceSpan {spanFilename = \"<input>\", spanStart = SourcePos {posLine = 45, posColumn = 1}, spanEnd = SourcePos {posLine = 45, posColumn = 1}}, locValue = TokenDedent 4},Located {locSpan = SourceSpan {spanFilename = \"<input>\", spanStart = SourcePos {posLine = 45, posColumn = 1}, spanEnd = SourcePos {posLine = 45, posColumn = 3}}, locValue = TokenKeyword KwIf},Located {locSpan = SourceSpan {spanFilename = \"<input>\", spanStart = SourcePos {posLine = 45, posColumn = 4}, spanEnd = SourcePos {posLine = 45, posColumn = 12}}, locValue = TokenIdent \"__name__\"},Located {locSpan = SourceSpan {spanFilename = \"<input>\", spanStart = SourcePos {posLine = 45, posColumn = 13}, spanEnd = SourcePos {posLine = 45, posColumn = 15}}, locValue = TokenOperator OpEq},Located {locSpan = SourceSpan {spanFilename = \"<input>\", spanStart = SourcePos {posLine = 45, posColumn = 16}, spanEnd = SourcePos {posLine = 45, posColumn = 26}}, locValue = TokenString \"__main__\"},Located {locSpan = SourceSpan {spanFilename = \"<input>\", spanStart = SourcePos {posLine = 45, posColumn = 26}, spanEnd = SourcePos {posLine = 45, posColumn = 27}}, locValue = TokenDelimiter DelimColon},Located {locSpan = SourceSpan {spanFilename = \"<input>\", spanStart = SourcePos {posLine = 45, posColumn = 1}, spanEnd = SourcePos {posLine = 46, posColumn = 1}}, locValue = TokenNewline},Located {locSpan = SourceSpan {spanFilename = \"<input>\", spanStart = SourcePos {posLine = 46, posColumn = 1}, spanEnd = SourcePos {posLine = 46, posColumn = 5}}, locValue = TokenIndent 4},Located {locSpan = SourceSpan {spanFilename = \"<input>\", spanStart = SourcePos {posLine = 46, posColumn = 5}, spanEnd = SourcePos {posLine = 46, posColumn = 8}}, locValue = TokenIdent \"sys\"},Located {locSpan = SourceSpan {spanFilename = \"<input>\", spanStart = SourcePos {posLine = 46, posColumn = 8}, spanEnd = SourcePos {posLine = 46, posColumn = 9}}, locValue = TokenDelimiter DelimDot},Located {locSpan = SourceSpan {spanFilename = \"<input>\", spanStart = SourcePos {posLine = 46, posColumn = 9}, spanEnd = SourcePos {posLine = 46, posColumn = 13}}, locValue = TokenIdent \"exit\"},Located {locSpan = SourceSpan {spanFilename = \"<input>\", spanStart = SourcePos {posLine = 46, posColumn = 13}, spanEnd = SourcePos {posLine = 46, posColumn = 14}}, locValue = TokenDelimiter DelimLeftParen},Located {locSpan = SourceSpan {spanFilename = \"<input>\", spanStart = SourcePos {posLine = 46, posColumn = 14}, spanEnd = SourcePos {posLine = 46, posColumn = 18}}, locValue = TokenIdent \"main\"},Located {locSpan = SourceSpan {spanFilename = \"<input>\", spanStart = SourcePos {posLine = 46, posColumn = 18}, spanEnd = SourcePos {posLine = 46, posColumn = 19}}, locValue = TokenDelimiter DelimLeftParen},Located {locSpan = SourceSpan {spanFilename = \"<input>\", spanStart = SourcePos {posLine = 46, posColumn = 19}, spanEnd = SourcePos {posLine = 46, posColumn = 20}}, locValue = TokenDelimiter DelimRightParen},Located {locSpan = SourceSpan {spanFilename = \"<input>\", spanStart = SourcePos {posLine = 46, posColumn = 20}, spanEnd = SourcePos {posLine = 46, posColumn = 21}}, locValue = TokenDelimiter DelimRightParen},Located {locSpan = SourceSpan {spanFilename = \"<input>\", spanStart = SourcePos {posLine = 46, posColumn = 1}, spanEnd = SourcePos {posLine = 47, posColumn = 1}}, locValue = TokenNewline},Located {locSpan = SourceSpan {spanFilename = \"<input>\", spanStart = SourcePos {posLine = 0, posColumn = 0}, spanEnd = SourcePos {posLine = 0, posColumn = 0}}, locValue = TokenDedent 0}], pstateOffset = 0, pstateSourcePos = SourcePos {sourceName = \"/tmp/fluxus-e2e-test--7dc1e0b568e0e18e/app.py\", sourceLine = Pos 1, sourceColumn = Pos 1}, pstateTabWidth = Pos 8, pstateLinePrefix = \"\"}}" (SourceSpan {spanFilename = "/tmp/fluxus-e2e-test--7dc1e0b568e0e18e/app.py", spanStart = SourcePos {posLine = 1, posColumn = 1}, spanEnd = SourcePos {posLine = 1, posColumn = 1}})

  To rerun use: --match "/Fluxus Compiler Comprehensive Test Suite/End-to-End Production Tests/Production Compilation Tests/compiles real-world Python application to C++/" --seed 588822564

  test/Test/Fluxus/EndToEnd.hs:248:21: 
  5) Fluxus Compiler Comprehensive Test Suite, End-to-End Production Tests, Runtime Behavior Tests, handles memory allocation correctly
       Compilation failed: ParseError "ParseErrorBundle {bundleErrors = TrivialError 4 (Just (Tokens (Located {locSpan = SourceSpan {spanFilename = \"<input>\", spanStart = SourcePos {posLine = 3, posColumn = 1}, spanEnd = SourcePos {posLine = 3, posColumn = 6}}, locValue = TokenKeyword KwClass} :| []))) (fromList [EndOfInput]) :| [], bundlePosState = PosState {pstateInput = [Located {locSpan = SourceSpan {spanFilename = \"<input>\", spanStart = SourcePos {posLine = 1, posColumn = 1}, spanEnd = SourcePos {posLine = 1, posColumn = 7}}, locValue = TokenKeyword KwImport},Located {locSpan = SourceSpan {spanFilename = \"<input>\", spanStart = SourcePos {posLine = 1, posColumn = 8}, spanEnd = SourcePos {posLine = 1, posColumn = 11}}, locValue = TokenIdent \"sys\"},Located {locSpan = SourceSpan {spanFilename = \"<input>\", spanStart = SourcePos {posLine = 1, posColumn = 1}, spanEnd = SourcePos {posLine = 3, posColumn = 1}}, locValue = TokenNewline},Located {locSpan = SourceSpan {spanFilename = \"<input>\", spanStart = SourcePos {posLine = 1, posColumn = 1}, spanEnd = SourcePos {posLine = 3, posColumn = 1}}, locValue = TokenNewline},Located {locSpan = SourceSpan {spanFilename = \"<input>\", spanStart = SourcePos {posLine = 3, posColumn = 1}, spanEnd = SourcePos {posLine = 3, posColumn = 6}}, locValue = TokenKeyword KwClass},Located {locSpan = SourceSpan {spanFilename = \"<input>\", spanStart = SourcePos {posLine = 3, posColumn = 7}, spanEnd = SourcePos {posLine = 3, posColumn = 22}}, locValue = TokenIdent \"MemoryIntensive\"},Located {locSpan = SourceSpan {spanFilename = \"<input>\", spanStart = SourcePos {posLine = 3, posColumn = 22}, spanEnd = SourcePos {posLine = 3, posColumn = 23}}, locValue = TokenDelimiter DelimColon},Located {locSpan = SourceSpan {spanFilename = \"<input>\", spanStart = SourcePos {posLine = 3, posColumn = 1}, spanEnd = SourcePos {posLine = 4, posColumn = 1}}, locValue = TokenNewline},Located {locSpan = SourceSpan {spanFilename = \"<input>\", spanStart = SourcePos {posLine = 4, posColumn = 1}, spanEnd = SourcePos {posLine = 4, posColumn = 5}}, locValue = TokenIndent 4},Located {locSpan = SourceSpan {spanFilename = \"<input>\", spanStart = SourcePos {posLine = 4, posColumn = 5}, spanEnd = SourcePos {posLine = 4, posColumn = 8}}, locValue = TokenKeyword KwDef},Located {locSpan = SourceSpan {spanFilename = \"<input>\", spanStart = SourcePos {posLine = 4, posColumn = 9}, spanEnd = SourcePos {posLine = 4, posColumn = 17}}, locValue = TokenIdent \"__init__\"},Located {locSpan = SourceSpan {spanFilename = \"<input>\", spanStart = SourcePos {posLine = 4, posColumn = 17}, spanEnd = SourcePos {posLine = 4, posColumn = 18}}, locValue = TokenDelimiter DelimLeftParen},Located {locSpan = SourceSpan {spanFilename = \"<input>\", spanStart = SourcePos {posLine = 4, posColumn = 18}, spanEnd = SourcePos {posLine = 4, posColumn = 22}}, locValue = TokenIdent \"self\"},Located {locSpan = SourceSpan {spanFilename = \"<input>\", spanStart = SourcePos {posLine = 4, posColumn = 22}, spanEnd = SourcePos {posLine = 4, posColumn = 23}}, locValue = TokenDelimiter DelimComma},Located {locSpan = SourceSpan {spanFilename = \"<input>\", spanStart = SourcePos {posLine = 4, posColumn = 24}, spanEnd = SourcePos {posLine = 4, posColumn = 28}}, locValue = TokenIdent \"size\"},Located {locSpan = SourceSpan {spanFilename = \"<input>\", spanStart = SourcePos {posLine = 4, posColumn = 28}, spanEnd = SourcePos {posLine = 4, posColumn = 29}}, locValue = TokenDelimiter DelimRightParen},Located {locSpan = SourceSpan {spanFilename = \"<input>\", spanStart = SourcePos {posLine = 4, posColumn = 29}, spanEnd = SourcePos {posLine = 4, posColumn = 30}}, locValue = TokenDelimiter DelimColon},Located {locSpan = SourceSpan {spanFilename = \"<input>\", spanStart = SourcePos {posLine = 4, posColumn = 1}, spanEnd = SourcePos {posLine = 5, posColumn = 1}}, locValue = TokenNewline},Located {locSpan = SourceSpan {spanFilename = \"<input>\", spanStart = SourcePos {posLine = 5, posColumn = 1}, spanEnd = SourcePos {posLine = 5, posColumn = 9}}, locValue = TokenIndent 8},Located {locSpan = SourceSpan {spanFilename = \"<input>\", spanStart = SourcePos {posLine = 5, posColumn = 9}, spanEnd = SourcePos {posLine = 5, posColumn = 13}}, locValue = TokenIdent \"self\"},Located {locSpan = SourceSpan {spanFilename = \"<input>\", spanStart = SourcePos {posLine = 5, posColumn = 13}, spanEnd = SourcePos {posLine = 5, posColumn = 14}}, locValue = TokenDelimiter DelimDot},Located {locSpan = SourceSpan {spanFilename = \"<input>\", spanStart = SourcePos {posLine = 5, posColumn = 14}, spanEnd = SourcePos {posLine = 5, posColumn = 18}}, locValue = TokenIdent \"size\"},Located {locSpan = SourceSpan {spanFilename = \"<input>\", spanStart = SourcePos {posLine = 5, posColumn = 19}, spanEnd = SourcePos {posLine = 5, posColumn = 20}}, locValue = TokenOperator OpAssign},Located {locSpan = SourceSpan {spanFilename = \"<input>\", spanStart = SourcePos {posLine = 5, posColumn = 21}, spanEnd = SourcePos {posLine = 5, posColumn = 25}}, locValue = TokenIdent \"size\"},Located {locSpan = SourceSpan {spanFilename = \"<input>\", spanStart = SourcePos {posLine = 5, posColumn = 1}, spanEnd = SourcePos {posLine = 6, posColumn = 1}}, locValue = TokenNewline},Located {locSpan = SourceSpan {spanFilename = \"<input>\", spanStart = SourcePos {posLine = 6, posColumn = 9}, spanEnd = SourcePos {posLine = 6, posColumn = 13}}, locValue = TokenIdent \"self\"},Located {locSpan = SourceSpan {spanFilename = \"<input>\", spanStart = SourcePos {posLine = 6, posColumn = 13}, spanEnd = SourcePos {posLine = 6, posColumn = 14}}, locValue = TokenDelimiter DelimDot},Located {locSpan = SourceSpan {spanFilename = \"<input>\", spanStart = SourcePos {posLine = 6, posColumn = 14}, spanEnd = SourcePos {posLine = 6, posColumn = 18}}, locValue = TokenIdent \"data\"},Located {locSpan = SourceSpan {spanFilename = \"<input>\", spanStart = SourcePos {posLine = 6, posColumn = 19}, spanEnd = SourcePos {posLine = 6, posColumn = 20}}, locValue = TokenOperator OpAssign},Located {locSpan = SourceSpan {spanFilename = \"<input>\", spanStart = SourcePos {posLine = 6, posColumn = 21}, spanEnd = SourcePos {posLine = 6, posColumn = 22}}, locValue = TokenDelimiter DelimLeftBracket},Located {locSpan = SourceSpan {spanFilename = \"<input>\", spanStart = SourcePos {posLine = 6, posColumn = 22}, spanEnd = SourcePos {posLine = 6, posColumn = 23}}, locValue = TokenNumber \"0\" False},Located {locSpan = SourceSpan {spanFilename = \"<input>\", spanStart = SourcePos {posLine = 6, posColumn = 23}, spanEnd = SourcePos {posLine = 6, posColumn = 24}}, locValue = TokenDelimiter DelimRightBracket},Located {locSpan = SourceSpan {spanFilename = \"<input>\", spanStart = SourcePos {posLine = 6, posColumn = 25}, spanEnd = SourcePos {posLine = 6, posColumn = 26}}, locValue = TokenOperator OpMult},Located {locSpan = SourceSpan {spanFilename = \"<input>\", spanStart = SourcePos {posLine = 6, posColumn = 27}, spanEnd = SourcePos {posLine = 6, posColumn = 31}}, locValue = TokenIdent \"size\"},Located {locSpan = SourceSpan {spanFilename = \"<input>\", spanStart = SourcePos {posLine = 6, posColumn = 1}, spanEnd = SourcePos {posLine = 7, posColumn = 1}}, locValue = TokenNewline},Located {locSpan = SourceSpan {spanFilename = \"<input>\", spanStart = SourcePos {posLine = 7, posColumn = 1}, spanEnd = SourcePos {posLine = 7, posColumn = 5}}, locValue = TokenDedent 8},Located {locSpan = SourceSpan {spanFilename = \"<input>\", spanStart = SourcePos {posLine = 7, posColumn = 1}, spanEnd = SourcePos {posLine = 8, posColumn = 1}}, locValue = TokenNewline},Located {locSpan = SourceSpan {spanFilename = \"<input>\", spanStart = SourcePos {posLine = 8, posColumn = 5}, spanEnd = SourcePos {posLine = 8, posColumn = 8}}, locValue = TokenKeyword KwDef},Located {locSpan = SourceSpan {spanFilename = \"<input>\", spanStart = SourcePos {posLine = 8, posColumn = 9}, spanEnd = SourcePos {posLine = 8, posColumn = 16}}, locValue = TokenIdent \"process\"},Located {locSpan = SourceSpan {spanFilename = \"<input>\", spanStart = SourcePos {posLine = 8, posColumn = 16}, spanEnd = SourcePos {posLine = 8, posColumn = 17}}, locValue = TokenDelimiter DelimLeftParen},Located {locSpan = SourceSpan {spanFilename = \"<input>\", spanStart = SourcePos {posLine = 8, posColumn = 17}, spanEnd = SourcePos {posLine = 8, posColumn = 21}}, locValue = TokenIdent \"self\"},Located {locSpan = SourceSpan {spanFilename = \"<input>\", spanStart = SourcePos {posLine = 8, posColumn = 21}, spanEnd = SourcePos {posLine = 8, posColumn = 22}}, locValue = TokenDelimiter DelimRightParen},Located {locSpan = SourceSpan {spanFilename = \"<input>\", spanStart = SourcePos {posLine = 8, posColumn = 22}, spanEnd = SourcePos {posLine = 8, posColumn = 23}}, locValue = TokenDelimiter DelimColon},Located {locSpan = SourceSpan {spanFilename = \"<input>\", spanStart = SourcePos {posLine = 8, posColumn = 1}, spanEnd = SourcePos {posLine = 9, posColumn = 1}}, locValue = TokenNewline},Located {locSpan = SourceSpan {spanFilename = \"<input>\", spanStart = SourcePos {posLine = 9, posColumn = 1}, spanEnd = SourcePos {posLine = 9, posColumn = 9}}, locValue = TokenIndent 8},Located {locSpan = SourceSpan {spanFilename = \"<input>\", spanStart = SourcePos {posLine = 9, posColumn = 9}, spanEnd = SourcePos {posLine = 9, posColumn = 47}}, locValue = TokenComment \"# Simulate memory-intensive processing\"},Located {locSpan = SourceSpan {spanFilename = \"<input>\", spanStart = SourcePos {posLine = 9, posColumn = 1}, spanEnd = SourcePos {posLine = 10, posColumn = 1}}, locValue = TokenNewline},Located {locSpan = SourceSpan {spanFilename = \"<input>\", spanStart = SourcePos {posLine = 10, posColumn = 9}, spanEnd = SourcePos {posLine = 10, posColumn = 12}}, locValue = TokenKeyword KwFor},Located {locSpan = SourceSpan {spanFilename = \"<input>\", spanStart = SourcePos {posLine = 10, posColumn = 13}, spanEnd = SourcePos {posLine = 10, posColumn = 14}}, locValue = TokenIdent \"i\"},Located {locSpan = SourceSpan {spanFilename = \"<input>\", spanStart = SourcePos {posLine = 10, posColumn = 15}, spanEnd = SourcePos {posLine = 10, posColumn = 17}}, locValue = TokenKeyword KwIn},Located {locSpan = SourceSpan {spanFilename = \"<input>\", spanStart = SourcePos {posLine = 10, posColumn = 18}, spanEnd = SourcePos {posLine = 10, posColumn = 23}}, locValue = TokenIdent \"range\"},Located {locSpan = SourceSpan {spanFilename = \"<input>\", spanStart = SourcePos {posLine = 10, posColumn = 23}, spanEnd = SourcePos {posLine = 10, posColumn = 24}}, locValue = TokenDelimiter DelimLeftParen},Located {locSpan = SourceSpan {spanFilename = \"<input>\", spanStart = SourcePos {posLine = 10, posColumn = 24}, spanEnd = SourcePos {posLine = 10, posColumn = 28}}, locValue = TokenIdent \"self\"},Located {locSpan = SourceSpan {spanFilename = \"<input>\", spanStart = SourcePos {posLine = 10, posColumn = 28}, spanEnd = SourcePos {posLine = 10, posColumn = 29}}, locValue = TokenDelimiter DelimDot},Located {locSpan = SourceSpan {spanFilename = \"<input>\", spanStart = SourcePos {posLine = 10, posColumn = 29}, spanEnd = SourcePos {posLine = 10, posColumn = 33}}, locValue = TokenIdent \"size\"},Located {locSpan = SourceSpan {spanFilename = \"<input>\", spanStart = SourcePos {posLine = 10, posColumn = 33}, spanEnd = SourcePos {posLine = 10, posColumn = 34}}, locValue = TokenDelimiter DelimRightParen},Located {locSpan = SourceSpan {spanFilename = \"<input>\", spanStart = SourcePos {posLine = 10, posColumn = 34}, spanEnd = SourcePos {posLine = 10, posColumn = 35}}, locValue = TokenDelimiter DelimColon},Located {locSpan = SourceSpan {spanFilename = \"<input>\", spanStart = SourcePos {posLine = 10, posColumn = 1}, spanEnd = SourcePos {posLine = 11, posColumn = 1}}, locValue = TokenNewline},Located {locSpan = SourceSpan {spanFilename = \"<input>\", spanStart = SourcePos {posLine = 11, posColumn = 1}, spanEnd = SourcePos {posLine = 11, posColumn = 13}}, locValue = TokenIndent 12},Located {locSpan = SourceSpan {spanFilename = \"<input>\", spanStart = SourcePos {posLine = 11, posColumn = 13}, spanEnd = SourcePos {posLine = 11, posColumn = 17}}, locValue = TokenIdent \"self\"},Located {locSpan = SourceSpan {spanFilename = \"<input>\", spanStart = SourcePos {posLine = 11, posColumn = 17}, spanEnd = SourcePos {posLine = 11, posColumn = 18}}, locValue = TokenDelimiter DelimDot},Located {locSpan = SourceSpan {spanFilename = \"<input>\", spanStart = SourcePos {posLine = 11, posColumn = 18}, spanEnd = SourcePos {posLine = 11, posColumn = 22}}, locValue = TokenIdent \"data\"},Located {locSpan = SourceSpan {spanFilename = \"<input>\", spanStart = SourcePos {posLine = 11, posColumn = 22}, spanEnd = SourcePos {posLine = 11, posColumn = 23}}, locValue = TokenDelimiter DelimLeftBracket},Located {locSpan = SourceSpan {spanFilename = \"<input>\", spanStart = SourcePos {posLine = 11, posColumn = 23}, spanEnd = SourcePos {posLine = 11, posColumn = 24}}, locValue = TokenIdent \"i\"},Located {locSpan = SourceSpan {spanFilename = \"<input>\", spanStart = SourcePos {posLine = 11, posColumn = 24}, spanEnd = SourcePos {posLine = 11, posColumn = 25}}, locValue = TokenDelimiter DelimRightBracket},Located {locSpan = SourceSpan {spanFilename = \"<input>\", spanStart = SourcePos {posLine = 11, posColumn = 26}, spanEnd = SourcePos {posLine = 11, posColumn = 27}}, locValue = TokenOperator OpAssign},Located {locSpan = SourceSpan {spanFilename = \"<input>\", spanStart = SourcePos {posLine = 11, posColumn = 28}, spanEnd = SourcePos {posLine = 11, posColumn = 29}}, locValue = TokenIdent \"i\"},Located {locSpan = SourceSpan {spanFilename = \"<input>\", spanStart = SourcePos {posLine = 11, posColumn = 30}, spanEnd = SourcePos {posLine = 11, posColumn = 31}}, locValue = TokenOperator OpMult},Located {locSpan = SourceSpan {spanFilename = \"<input>\", spanStart = SourcePos {posLine = 11, posColumn = 32}, spanEnd = SourcePos {posLine = 11, posColumn = 33}}, locValue = TokenIdent \"i\"},Located {locSpan = SourceSpan {spanFilename = \"<input>\", spanStart = SourcePos {posLine = 11, posColumn = 1}, spanEnd = SourcePos {posLine = 12, posColumn = 1}}, locValue = TokenNewline},Located {locSpan = SourceSpan {spanFilename = \"<input>\", spanStart = SourcePos {posLine = 12, posColumn = 1}, spanEnd = SourcePos {posLine = 12, posColumn = 9}}, locValue = TokenDedent 12},Located {locSpan = SourceSpan {spanFilename = \"<input>\", spanStart = SourcePos {posLine = 12, posColumn = 9}, spanEnd = SourcePos {posLine = 12, posColumn = 15}}, locValue = TokenKeyword KwReturn},Located {locSpan = SourceSpan {spanFilename = \"<input>\", spanStart = SourcePos {posLine = 12, posColumn = 16}, spanEnd = SourcePos {posLine = 12, posColumn = 19}}, locValue = TokenIdent \"sum\"},Located {locSpan = SourceSpan {spanFilename = \"<input>\", spanStart = SourcePos {posLine = 12, posColumn = 19}, spanEnd = SourcePos {posLine = 12, posColumn = 20}}, locValue = TokenDelimiter DelimLeftParen},Located {locSpan = SourceSpan {spanFilename = \"<input>\", spanStart = SourcePos {posLine = 12, posColumn = 20}, spanEnd = SourcePos {posLine = 12, posColumn = 24}}, locValue = TokenIdent \"self\"},Located {locSpan = SourceSpan {spanFilename = \"<input>\", spanStart = SourcePos {posLine = 12, posColumn = 24}, spanEnd = SourcePos {posLine = 12, posColumn = 25}}, locValue = TokenDelimiter DelimDot},Located {locSpan = SourceSpan {spanFilename = \"<input>\", spanStart = SourcePos {posLine = 12, posColumn = 25}, spanEnd = SourcePos {posLine = 12, posColumn = 29}}, locValue = TokenIdent \"data\"},Located {locSpan = SourceSpan {spanFilename = \"<input>\", spanStart = SourcePos {posLine = 12, posColumn = 29}, spanEnd = SourcePos {posLine = 12, posColumn = 30}}, locValue = TokenDelimiter DelimRightParen},Located {locSpan = SourceSpan {spanFilename = \"<input>\", spanStart = SourcePos {posLine = 12, posColumn = 1}, spanEnd = SourcePos {posLine = 14, posColumn = 1}}, locValue = TokenNewline},Located {locSpan = SourceSpan {spanFilename = \"<input>\", spanStart = SourcePos {posLine = 12, posColumn = 1}, spanEnd = SourcePos {posLine = 14, posColumn = 1}}, locValue = TokenNewline},Located {locSpan = SourceSpan {spanFilename = \"<input>\", spanStart = SourcePos {posLine = 14, posColumn = 1}, spanEnd = SourcePos {posLine = 14, posColumn = 1}}, locValue = TokenDedent 4},Located {locSpan = SourceSpan {spanFilename = \"<input>\", spanStart = SourcePos {posLine = 14, posColumn = 1}, spanEnd = SourcePos {posLine = 14, posColumn = 1}}, locValue = TokenDedent 8},Located {locSpan = SourceSpan {spanFilename = \"<input>\", spanStart = SourcePos {posLine = 14, posColumn = 1}, spanEnd = SourcePos {posLine = 14, posColumn = 4}}, locValue = TokenKeyword KwDef},Located {locSpan = SourceSpan {spanFilename = \"<input>\", spanStart = SourcePos {posLine = 14, posColumn = 5}, spanEnd = SourcePos {posLine = 14, posColumn = 9}}, locValue = TokenIdent \"main\"},Located {locSpan = SourceSpan {spanFilename = \"<input>\", spanStart = SourcePos {posLine = 14, posColumn = 9}, spanEnd = SourcePos {posLine = 14, posColumn = 10}}, locValue = TokenDelimiter DelimLeftParen},Located {locSpan = SourceSpan {spanFilename = \"<input>\", spanStart = SourcePos {posLine = 14, posColumn = 10}, spanEnd = SourcePos {posLine = 14, posColumn = 11}}, locValue = TokenDelimiter DelimRightParen},Located {locSpan = SourceSpan {spanFilename = \"<input>\", spanStart = SourcePos {posLine = 14, posColumn = 11}, spanEnd = SourcePos {posLine = 14, posColumn = 12}}, locValue = TokenDelimiter DelimColon},Located {locSpan = SourceSpan {spanFilename = \"<input>\", spanStart = SourcePos {posLine = 14, posColumn = 1}, spanEnd = SourcePos {posLine = 15, posColumn = 1}}, locValue = TokenNewline},Located {locSpan = SourceSpan {spanFilename = \"<input>\", spanStart = SourcePos {posLine = 15, posColumn = 1}, spanEnd = SourcePos {posLine = 15, posColumn = 5}}, locValue = TokenIndent 4},Located {locSpan = SourceSpan {spanFilename = \"<input>\", spanStart = SourcePos {posLine = 15, posColumn = 5}, spanEnd = SourcePos {posLine = 15, posColumn = 32}}, locValue = TokenComment \"# Test with different sizes\"},Located {locSpan = SourceSpan {spanFilename = \"<input>\", spanStart = SourcePos {posLine = 15, posColumn = 1}, spanEnd = SourcePos {posLine = 16, posColumn = 1}}, locValue = TokenNewline},Located {locSpan = SourceSpan {spanFilename = \"<input>\", spanStart = SourcePos {posLine = 16, posColumn = 5}, spanEnd = SourcePos {posLine = 16, posColumn = 10}}, locValue = TokenIdent \"sizes\"},Located {locSpan = SourceSpan {spanFilename = \"<input>\", spanStart = SourcePos {posLine = 16, posColumn = 11}, spanEnd = SourcePos {posLine = 16, posColumn = 12}}, locValue = TokenOperator OpAssign},Located {locSpan = SourceSpan {spanFilename = \"<input>\", spanStart = SourcePos {posLine = 16, posColumn = 13}, spanEnd = SourcePos {posLine = 16, posColumn = 14}}, locValue = TokenDelimiter DelimLeftBracket},Located {locSpan = SourceSpan {spanFilename = \"<input>\", spanStart = SourcePos {posLine = 16, posColumn = 14}, spanEnd = SourcePos {posLine = 16, posColumn = 18}}, locValue = TokenNumber \"1000\" False},Located {locSpan = SourceSpan {spanFilename = \"<input>\", spanStart = SourcePos {posLine = 16, posColumn = 18}, spanEnd = SourcePos {posLine = 16, posColumn = 19}}, locValue = TokenDelimiter DelimComma},Located {locSpan = SourceSpan {spanFilename = \"<input>\", spanStart = SourcePos {posLine = 16, posColumn = 20}, spanEnd = SourcePos {posLine = 16, posColumn = 25}}, locValue = TokenNumber \"10000\" False},Located {locSpan = SourceSpan {spanFilename = \"<input>\", spanStart = SourcePos {posLine = 16, posColumn = 25}, spanEnd = SourcePos {posLine = 16, posColumn = 26}}, locValue = TokenDelimiter DelimComma},Located {locSpan = SourceSpan {spanFilename = \"<input>\", spanStart = SourcePos {posLine = 16, posColumn = 27}, spanEnd = SourcePos {posLine = 16, posColumn = 33}}, locValue = TokenNumber \"100000\" False},Located {locSpan = SourceSpan {spanFilename = \"<input>\", spanStart = SourcePos {posLine = 16, posColumn = 33}, spanEnd = SourcePos {posLine = 16, posColumn = 34}}, locValue = TokenDelimiter DelimRightBracket},Located {locSpan = SourceSpan {spanFilename = \"<input>\", spanStart = SourcePos {posLine = 16, posColumn = 1}, spanEnd = SourcePos {posLine = 17, posColumn = 1}}, locValue = TokenNewline},Located {locSpan = SourceSpan {spanFilename = \"<input>\", spanStart = SourcePos {posLine = 17, posColumn = 5}, spanEnd = SourcePos {posLine = 17, posColumn = 8}}, locValue = TokenKeyword KwFor},Located {locSpan = SourceSpan {spanFilename = \"<input>\", spanStart = SourcePos {posLine = 17, posColumn = 9}, spanEnd = SourcePos {posLine = 17, posColumn = 13}}, locValue = TokenIdent \"size\"},Located {locSpan = SourceSpan {spanFilename = \"<input>\", spanStart = SourcePos {posLine = 17, posColumn = 14}, spanEnd = SourcePos {posLine = 17, posColumn = 16}}, locValue = TokenKeyword KwIn},Located {locSpan = SourceSpan {spanFilename = \"<input>\", spanStart = SourcePos {posLine = 17, posColumn = 17}, spanEnd = SourcePos {posLine = 17, posColumn = 22}}, locValue = TokenIdent \"sizes\"},Located {locSpan = SourceSpan {spanFilename = \"<input>\", spanStart = SourcePos {posLine = 17, posColumn = 22}, spanEnd = SourcePos {posLine = 17, posColumn = 23}}, locValue = TokenDelimiter DelimColon},Located {locSpan = SourceSpan {spanFilename = \"<input>\", spanStart = SourcePos {posLine = 17, posColumn = 1}, spanEnd = SourcePos {posLine = 18, posColumn = 1}}, locValue = TokenNewline},Located {locSpan = SourceSpan {spanFilename = \"<input>\", spanStart = SourcePos {posLine = 18, posColumn = 1}, spanEnd = SourcePos {posLine = 18, posColumn = 9}}, locValue = TokenIndent 8},Located {locSpan = SourceSpan {spanFilename = \"<input>\", spanStart = SourcePos {posLine = 18, posColumn = 9}, spanEnd = SourcePos {posLine = 18, posColumn = 18}}, locValue = TokenIdent \"processor\"},Located {locSpan = SourceSpan {spanFilename = \"<input>\", spanStart = SourcePos {posLine = 18, posColumn = 19}, spanEnd = SourcePos {posLine = 18, posColumn = 20}}, locValue = TokenOperator OpAssign},Located {locSpan = SourceSpan {spanFilename = \"<input>\", spanStart = SourcePos {posLine = 18, posColumn = 21}, spanEnd = SourcePos {posLine = 18, posColumn = 36}}, locValue = TokenIdent \"MemoryIntensive\"},Located {locSpan = SourceSpan {spanFilename = \"<input>\", spanStart = SourcePos {posLine = 18, posColumn = 36}, spanEnd = SourcePos {posLine = 18, posColumn = 37}}, locValue = TokenDelimiter DelimLeftParen},Located {locSpan = SourceSpan {spanFilename = \"<input>\", spanStart = SourcePos {posLine = 18, posColumn = 37}, spanEnd = SourcePos {posLine = 18, posColumn = 41}}, locValue = TokenIdent \"size\"},Located {locSpan = SourceSpan {spanFilename = \"<input>\", spanStart = SourcePos {posLine = 18, posColumn = 41}, spanEnd = SourcePos {posLine = 18, posColumn = 42}}, locValue = TokenDelimiter DelimRightParen},Located {locSpan = SourceSpan {spanFilename = \"<input>\", spanStart = SourcePos {posLine = 18, posColumn = 1}, spanEnd = SourcePos {posLine = 19, posColumn = 1}}, locValue = TokenNewline},Located {locSpan = SourceSpan {spanFilename = \"<input>\", spanStart = SourcePos {posLine = 19, posColumn = 9}, spanEnd = SourcePos {posLine = 19, posColumn = 15}}, locValue = TokenIdent \"result\"},Located {locSpan = SourceSpan {spanFilename = \"<input>\", spanStart = SourcePos {posLine = 19, posColumn = 16}, spanEnd = SourcePos {posLine = 19, posColumn = 17}}, locValue = TokenOperator OpAssign},Located {locSpan = SourceSpan {spanFilename = \"<input>\", spanStart = SourcePos {posLine = 19, posColumn = 18}, spanEnd = SourcePos {posLine = 19, posColumn = 27}}, locValue = TokenIdent \"processor\"},Located {locSpan = SourceSpan {spanFilename = \"<input>\", spanStart = SourcePos {posLine = 19, posColumn = 27}, spanEnd = SourcePos {posLine = 19, posColumn = 28}}, locValue = TokenDelimiter DelimDot},Located {locSpan = SourceSpan {spanFilename = \"<input>\", spanStart = SourcePos {posLine = 19, posColumn = 28}, spanEnd = SourcePos {posLine = 19, posColumn = 35}}, locValue = TokenIdent \"process\"},Located {locSpan = SourceSpan {spanFilename = \"<input>\", spanStart = SourcePos {posLine = 19, posColumn = 35}, spanEnd = SourcePos {posLine = 19, posColumn = 36}}, locValue = TokenDelimiter DelimLeftParen},Located {locSpan = SourceSpan {spanFilename = \"<input>\", spanStart = SourcePos {posLine = 19, posColumn = 36}, spanEnd = SourcePos {posLine = 19, posColumn = 37}}, locValue = TokenDelimiter DelimRightParen},Located {locSpan = SourceSpan {spanFilename = \"<input>\", spanStart = SourcePos {posLine = 19, posColumn = 1}, spanEnd = SourcePos {posLine = 20, posColumn = 1}}, locValue = TokenNewline},Located {locSpan = SourceSpan {spanFilename = \"<input>\", spanStart = SourcePos {posLine = 20, posColumn = 9}, spanEnd = SourcePos {posLine = 20, posColumn = 14}}, locValue = TokenIdent \"print\"},Located {locSpan = SourceSpan {spanFilename = \"<input>\", spanStart = SourcePos {posLine = 20, posColumn = 14}, spanEnd = SourcePos {posLine = 20, posColumn = 15}}, locValue = TokenDelimiter DelimLeftParen},Located {locSpan = SourceSpan {spanFilename = \"<input>\", spanStart = SourcePos {posLine = 20, posColumn = 15}, spanEnd = SourcePos {posLine = 20, posColumn = 56}}, locValue = TokenFString \"Size {size}: sum of squares = {result}\" [\"size\",\"result\"]},Located {locSpan = SourceSpan {spanFilename = \"<input>\", spanStart = SourcePos {posLine = 20, posColumn = 56}, spanEnd = SourcePos {posLine = 20, posColumn = 57}}, locValue = TokenDelimiter DelimRightParen},Located {locSpan = SourceSpan {spanFilename = \"<input>\", spanStart = SourcePos {posLine = 20, posColumn = 1}, spanEnd = SourcePos {posLine = 21, posColumn = 1}}, locValue = TokenNewline},Located {locSpan = SourceSpan {spanFilename = \"<input>\", spanStart = SourcePos {posLine = 21, posColumn = 1}, spanEnd = SourcePos {posLine = 21, posColumn = 5}}, locValue = TokenDedent 8},Located {locSpan = SourceSpan {spanFilename = \"<input>\", spanStart = SourcePos {posLine = 21, posColumn = 1}, spanEnd = SourcePos {posLine = 22, posColumn = 1}}, locValue = TokenNewline},Located {locSpan = SourceSpan {spanFilename = \"<input>\", spanStart = SourcePos {posLine = 22, posColumn = 5}, spanEnd = SourcePos {posLine = 22, posColumn = 11}}, locValue = TokenKeyword KwReturn},Located {locSpan = SourceSpan {spanFilename = \"<input>\", spanStart = SourcePos {posLine = 22, posColumn = 12}, spanEnd = SourcePos {posLine = 22, posColumn = 13}}, locValue = TokenNumber \"0\" False},Located {locSpan = SourceSpan {spanFilename = \"<input>\", spanStart = SourcePos {posLine = 22, posColumn = 1}, spanEnd = SourcePos {posLine = 24, posColumn = 1}}, locValue = TokenNewline},Located {locSpan = SourceSpan {spanFilename = \"<input>\", spanStart = SourcePos {posLine = 22, posColumn = 1}, spanEnd = SourcePos {posLine = 24, posColumn = 1}}, locValue = TokenNewline},Located {locSpan = SourceSpan {spanFilename = \"<input>\", spanStart = SourcePos {posLine = 24, posColumn = 1}, spanEnd = SourcePos {posLine = 24, posColumn = 1}}, locValue = TokenDedent 4},Located {locSpan = SourceSpan {spanFilename = \"<input>\", spanStart = SourcePos {posLine = 24, posColumn = 1}, spanEnd = SourcePos {posLine = 24, posColumn = 3}}, locValue = TokenKeyword KwIf},Located {locSpan = SourceSpan {spanFilename = \"<input>\", spanStart = SourcePos {posLine = 24, posColumn = 4}, spanEnd = SourcePos {posLine = 24, posColumn = 12}}, locValue = TokenIdent \"__name__\"},Located {locSpan = SourceSpan {spanFilename = \"<input>\", spanStart = SourcePos {posLine = 24, posColumn = 13}, spanEnd = SourcePos {posLine = 24, posColumn = 15}}, locValue = TokenOperator OpEq},Located {locSpan = SourceSpan {spanFilename = \"<input>\", spanStart = SourcePos {posLine = 24, posColumn = 16}, spanEnd = SourcePos {posLine = 24, posColumn = 26}}, locValue = TokenString \"__main__\"},Located {locSpan = SourceSpan {spanFilename = \"<input>\", spanStart = SourcePos {posLine = 24, posColumn = 26}, spanEnd = SourcePos {posLine = 24, posColumn = 27}}, locValue = TokenDelimiter DelimColon},Located {locSpan = SourceSpan {spanFilename = \"<input>\", spanStart = SourcePos {posLine = 24, posColumn = 1}, spanEnd = SourcePos {posLine = 25, posColumn = 1}}, locValue = TokenNewline},Located {locSpan = SourceSpan {spanFilename = \"<input>\", spanStart = SourcePos {posLine = 25, posColumn = 1}, spanEnd = SourcePos {posLine = 25, posColumn = 5}}, locValue = TokenIndent 4},Located {locSpan = SourceSpan {spanFilename = \"<input>\", spanStart = SourcePos {posLine = 25, posColumn = 5}, spanEnd = SourcePos {posLine = 25, posColumn = 8}}, locValue = TokenIdent \"sys\"},Located {locSpan = SourceSpan {spanFilename = \"<input>\", spanStart = SourcePos {posLine = 25, posColumn = 8}, spanEnd = SourcePos {posLine = 25, posColumn = 9}}, locValue = TokenDelimiter DelimDot},Located {locSpan = SourceSpan {spanFilename = \"<input>\", spanStart = SourcePos {posLine = 25, posColumn = 9}, spanEnd = SourcePos {posLine = 25, posColumn = 13}}, locValue = TokenIdent \"exit\"},Located {locSpan = SourceSpan {spanFilename = \"<input>\", spanStart = SourcePos {posLine = 25, posColumn = 13}, spanEnd = SourcePos {posLine = 25, posColumn = 14}}, locValue = TokenDelimiter DelimLeftParen},Located {locSpan = SourceSpan {spanFilename = \"<input>\", spanStart = SourcePos {posLine = 25, posColumn = 14}, spanEnd = SourcePos {posLine = 25, posColumn = 18}}, locValue = TokenIdent \"main\"},Located {locSpan = SourceSpan {spanFilename = \"<input>\", spanStart = SourcePos {posLine = 25, posColumn = 18}, spanEnd = SourcePos {posLine = 25, posColumn = 19}}, locValue = TokenDelimiter DelimLeftParen},Located {locSpan = SourceSpan {spanFilename = \"<input>\", spanStart = SourcePos {posLine = 25, posColumn = 19}, spanEnd = SourcePos {posLine = 25, posColumn = 20}}, locValue = TokenDelimiter DelimRightParen},Located {locSpan = SourceSpan {spanFilename = \"<input>\", spanStart = SourcePos {posLine = 25, posColumn = 20}, spanEnd = SourcePos {posLine = 25, posColumn = 21}}, locValue = TokenDelimiter DelimRightParen},Located {locSpan = SourceSpan {spanFilename = \"<input>\", spanStart = SourcePos {posLine = 25, posColumn = 1}, spanEnd = SourcePos {posLine = 26, posColumn = 1}}, locValue = TokenNewline},Located {locSpan = SourceSpan {spanFilename = \"<input>\", spanStart = SourcePos {posLine = 0, posColumn = 0}, spanEnd = SourcePos {posLine = 0, posColumn = 0}}, locValue = TokenDedent 0}], pstateOffset = 0, pstateSourcePos = SourcePos {sourceName = \"/tmp/fluxus-memory-test--ffa42e255ef020d7/memory.py\", sourceLine = Pos 1, sourceColumn = Pos 1}, pstateTabWidth = Pos 8, pstateLinePrefix = \"\"}}" (SourceSpan {spanFilename = "/tmp/fluxus-memory-test--ffa42e255ef020d7/memory.py", spanStart = SourcePos {posLine = 1, posColumn = 1}, spanEnd = SourcePos {posLine = 1, posColumn = 1}})

  To rerun use: --match "/Fluxus Compiler Comprehensive Test Suite/End-to-End Production Tests/Runtime Behavior Tests/handles memory allocation correctly/" --seed 588822564

  test/Test/Fluxus/EndToEnd.hs:341:21: 
  6) Fluxus Compiler Comprehensive Test Suite, End-to-End Production Tests, Runtime Behavior Tests, manages concurrency correctly
       Compilation failed: ParseError "ParseErrorBundle {bundleErrors = TrivialError 10 (Just (Tokens (Located {locSpan = SourceSpan {spanFilename = \"<input>\", spanStart = SourcePos {posLine = 5, posColumn = 1}, spanEnd = SourcePos {posLine = 5, posColumn = 6}}, locValue = TokenKeyword KwClass} :| []))) (fromList [EndOfInput]) :| [], bundlePosState = PosState {pstateInput = [Located {locSpan = SourceSpan {spanFilename = \"<input>\", spanStart = SourcePos {posLine = 1, posColumn = 1}, spanEnd = SourcePos {posLine = 1, posColumn = 7}}, locValue = TokenKeyword KwImport},Located {locSpan = SourceSpan {spanFilename = \"<input>\", spanStart = SourcePos {posLine = 1, posColumn = 8}, spanEnd = SourcePos {posLine = 1, posColumn = 17}}, locValue = TokenIdent \"threading\"},Located {locSpan = SourceSpan {spanFilename = \"<input>\", spanStart = SourcePos {posLine = 1, posColumn = 1}, spanEnd = SourcePos {posLine = 2, posColumn = 1}}, locValue = TokenNewline},Located {locSpan = SourceSpan {spanFilename = \"<input>\", spanStart = SourcePos {posLine = 2, posColumn = 1}, spanEnd = SourcePos {posLine = 2, posColumn = 7}}, locValue = TokenKeyword KwImport},Located {locSpan = SourceSpan {spanFilename = \"<input>\", spanStart = SourcePos {posLine = 2, posColumn = 8}, spanEnd = SourcePos {posLine = 2, posColumn = 12}}, locValue = TokenIdent \"time\"},Located {locSpan = SourceSpan {spanFilename = \"<input>\", spanStart = SourcePos {posLine = 2, posColumn = 1}, spanEnd = SourcePos {posLine = 3, posColumn = 1}}, locValue = TokenNewline},Located {locSpan = SourceSpan {spanFilename = \"<input>\", spanStart = SourcePos {posLine = 3, posColumn = 1}, spanEnd = SourcePos {posLine = 3, posColumn = 7}}, locValue = TokenKeyword KwImport},Located {locSpan = SourceSpan {spanFilename = \"<input>\", spanStart = SourcePos {posLine = 3, posColumn = 8}, spanEnd = SourcePos {posLine = 3, posColumn = 13}}, locValue = TokenIdent \"queue\"},Located {locSpan = SourceSpan {spanFilename = \"<input>\", spanStart = SourcePos {posLine = 3, posColumn = 1}, spanEnd = SourcePos {posLine = 5, posColumn = 1}}, locValue = TokenNewline},Located {locSpan = SourceSpan {spanFilename = \"<input>\", spanStart = SourcePos {posLine = 3, posColumn = 1}, spanEnd = SourcePos {posLine = 5, posColumn = 1}}, locValue = TokenNewline},Located {locSpan = SourceSpan {spanFilename = \"<input>\", spanStart = SourcePos {posLine = 5, posColumn = 1}, spanEnd = SourcePos {posLine = 5, posColumn = 6}}, locValue = TokenKeyword KwClass},Located {locSpan = SourceSpan {spanFilename = \"<input>\", spanStart = SourcePos {posLine = 5, posColumn = 7}, spanEnd = SourcePos {posLine = 5, posColumn = 13}}, locValue = TokenIdent \"Worker\"},Located {locSpan = SourceSpan {spanFilename = \"<input>\", spanStart = SourcePos {posLine = 5, posColumn = 13}, spanEnd = SourcePos {posLine = 5, posColumn = 14}}, locValue = TokenDelimiter DelimColon},Located {locSpan = SourceSpan {spanFilename = \"<input>\", spanStart = SourcePos {posLine = 5, posColumn = 1}, spanEnd = SourcePos {posLine = 6, posColumn = 1}}, locValue = TokenNewline},Located {locSpan = SourceSpan {spanFilename = \"<input>\", spanStart = SourcePos {posLine = 6, posColumn = 1}, spanEnd = SourcePos {posLine = 6, posColumn = 5}}, locValue = TokenIndent 4},Located {locSpan = SourceSpan {spanFilename = \"<input>\", spanStart = SourcePos {posLine = 6, posColumn = 5}, spanEnd = SourcePos {posLine = 6, posColumn = 8}}, locValue = TokenKeyword KwDef},Located {locSpan = SourceSpan {spanFilename = \"<input>\", spanStart = SourcePos {posLine = 6, posColumn = 9}, spanEnd = SourcePos {posLine = 6, posColumn = 17}}, locValue = TokenIdent \"__init__\"},Located {locSpan = SourceSpan {spanFilename = \"<input>\", spanStart = SourcePos {posLine = 6, posColumn = 17}, spanEnd = SourcePos {posLine = 6, posColumn = 18}}, locValue = TokenDelimiter DelimLeftParen},Located {locSpan = SourceSpan {spanFilename = \"<input>\", spanStart = SourcePos {posLine = 6, posColumn = 18}, spanEnd = SourcePos {posLine = 6, posColumn = 22}}, locValue = TokenIdent \"self\"},Located {locSpan = SourceSpan {spanFilename = \"<input>\", spanStart = SourcePos {posLine = 6, posColumn = 22}, spanEnd = SourcePos {posLine = 6, posColumn = 23}}, locValue = TokenDelimiter DelimComma},Located {locSpan = SourceSpan {spanFilename = \"<input>\", spanStart = SourcePos {posLine = 6, posColumn = 24}, spanEnd = SourcePos {posLine = 6, posColumn = 33}}, locValue = TokenIdent \"worker_id\"},Located {locSpan = SourceSpan {spanFilename = \"<input>\", spanStart = SourcePos {posLine = 6, posColumn = 33}, spanEnd = SourcePos {posLine = 6, posColumn = 34}}, locValue = TokenDelimiter DelimComma},Located {locSpan = SourceSpan {spanFilename = \"<input>\", spanStart = SourcePos {posLine = 6, posColumn = 35}, spanEnd = SourcePos {posLine = 6, posColumn = 45}}, locValue = TokenIdent \"task_queue\"},Located {locSpan = SourceSpan {spanFilename = \"<input>\", spanStart = SourcePos {posLine = 6, posColumn = 45}, spanEnd = SourcePos {posLine = 6, posColumn = 46}}, locValue = TokenDelimiter DelimComma},Located {locSpan = SourceSpan {spanFilename = \"<input>\", spanStart = SourcePos {posLine = 6, posColumn = 47}, spanEnd = SourcePos {posLine = 6, posColumn = 59}}, locValue = TokenIdent \"result_queue\"},Located {locSpan = SourceSpan {spanFilename = \"<input>\", spanStart = SourcePos {posLine = 6, posColumn = 59}, spanEnd = SourcePos {posLine = 6, posColumn = 60}}, locValue = TokenDelimiter DelimRightParen},Located {locSpan = SourceSpan {spanFilename = \"<input>\", spanStart = SourcePos {posLine = 6, posColumn = 60}, spanEnd = SourcePos {posLine = 6, posColumn = 61}}, locValue = TokenDelimiter DelimColon},Located {locSpan = SourceSpan {spanFilename = \"<input>\", spanStart = SourcePos {posLine = 6, posColumn = 1}, spanEnd = SourcePos {posLine = 7, posColumn = 1}}, locValue = TokenNewline},Located {locSpan = SourceSpan {spanFilename = \"<input>\", spanStart = SourcePos {posLine = 7, posColumn = 1}, spanEnd = SourcePos {posLine = 7, posColumn = 9}}, locValue = TokenIndent 8},Located {locSpan = SourceSpan {spanFilename = \"<input>\", spanStart = SourcePos {posLine = 7, posColumn = 9}, spanEnd = SourcePos {posLine = 7, posColumn = 13}}, locValue = TokenIdent \"self\"},Located {locSpan = SourceSpan {spanFilename = \"<input>\", spanStart = SourcePos {posLine = 7, posColumn = 13}, spanEnd = SourcePos {posLine = 7, posColumn = 14}}, locValue = TokenDelimiter DelimDot},Located {locSpan = SourceSpan {spanFilename = \"<input>\", spanStart = SourcePos {posLine = 7, posColumn = 14}, spanEnd = SourcePos {posLine = 7, posColumn = 23}}, locValue = TokenIdent \"worker_id\"},Located {locSpan = SourceSpan {spanFilename = \"<input>\", spanStart = SourcePos {posLine = 7, posColumn = 24}, spanEnd = SourcePos {posLine = 7, posColumn = 25}}, locValue = TokenOperator OpAssign},Located {locSpan = SourceSpan {spanFilename = \"<input>\", spanStart = SourcePos {posLine = 7, posColumn = 26}, spanEnd = SourcePos {posLine = 7, posColumn = 35}}, locValue = TokenIdent \"worker_id\"},Located {locSpan = SourceSpan {spanFilename = \"<input>\", spanStart = SourcePos {posLine = 7, posColumn = 1}, spanEnd = SourcePos {posLine = 8, posColumn = 1}}, locValue = TokenNewline},Located {locSpan = SourceSpan {spanFilename = \"<input>\", spanStart = SourcePos {posLine = 8, posColumn = 9}, spanEnd = SourcePos {posLine = 8, posColumn = 13}}, locValue = TokenIdent \"self\"},Located {locSpan = SourceSpan {spanFilename = \"<input>\", spanStart = SourcePos {posLine = 8, posColumn = 13}, spanEnd = SourcePos {posLine = 8, posColumn = 14}}, locValue = TokenDelimiter DelimDot},Located {locSpan = SourceSpan {spanFilename = \"<input>\", spanStart = SourcePos {posLine = 8, posColumn = 14}, spanEnd = SourcePos {posLine = 8, posColumn = 24}}, locValue = TokenIdent \"task_queue\"},Located {locSpan = SourceSpan {spanFilename = \"<input>\", spanStart = SourcePos {posLine = 8, posColumn = 25}, spanEnd = SourcePos {posLine = 8, posColumn = 26}}, locValue = TokenOperator OpAssign},Located {locSpan = SourceSpan {spanFilename = \"<input>\", spanStart = SourcePos {posLine = 8, posColumn = 27}, spanEnd = SourcePos {posLine = 8, posColumn = 37}}, locValue = TokenIdent \"task_queue\"},Located {locSpan = SourceSpan {spanFilename = \"<input>\", spanStart = SourcePos {posLine = 8, posColumn = 1}, spanEnd = SourcePos {posLine = 9, posColumn = 1}}, locValue = TokenNewline},Located {locSpan = SourceSpan {spanFilename = \"<input>\", spanStart = SourcePos {posLine = 9, posColumn = 9}, spanEnd = SourcePos {posLine = 9, posColumn = 13}}, locValue = TokenIdent \"self\"},Located {locSpan = SourceSpan {spanFilename = \"<input>\", spanStart = SourcePos {posLine = 9, posColumn = 13}, spanEnd = SourcePos {posLine = 9, posColumn = 14}}, locValue = TokenDelimiter DelimDot},Located {locSpan = SourceSpan {spanFilename = \"<input>\", spanStart = SourcePos {posLine = 9, posColumn = 14}, spanEnd = SourcePos {posLine = 9, posColumn = 26}}, locValue = TokenIdent \"result_queue\"},Located {locSpan = SourceSpan {spanFilename = \"<input>\", spanStart = SourcePos {posLine = 9, posColumn = 27}, spanEnd = SourcePos {posLine = 9, posColumn = 28}}, locValue = TokenOperator OpAssign},Located {locSpan = SourceSpan {spanFilename = \"<input>\", spanStart = SourcePos {posLine = 9, posColumn = 29}, spanEnd = SourcePos {posLine = 9, posColumn = 41}}, locValue = TokenIdent \"result_queue\"},Located {locSpan = SourceSpan {spanFilename = \"<input>\", spanStart = SourcePos {posLine = 9, posColumn = 1}, spanEnd = SourcePos {posLine = 10, posColumn = 1}}, locValue = TokenNewline},Located {locSpan = SourceSpan {spanFilename = \"<input>\", spanStart = SourcePos {posLine = 10, posColumn = 1}, spanEnd = SourcePos {posLine = 10, posColumn = 5}}, locValue = TokenDedent 8},Located {locSpan = SourceSpan {spanFilename = \"<input>\", spanStart = SourcePos {posLine = 10, posColumn = 1}, spanEnd = SourcePos {posLine = 11, posColumn = 1}}, locValue = TokenNewline},Located {locSpan = SourceSpan {spanFilename = \"<input>\", spanStart = SourcePos {posLine = 11, posColumn = 5}, spanEnd = SourcePos {posLine = 11, posColumn = 8}}, locValue = TokenKeyword KwDef},Located {locSpan = SourceSpan {spanFilename = \"<input>\", spanStart = SourcePos {posLine = 11, posColumn = 9}, spanEnd = SourcePos {posLine = 11, posColumn = 12}}, locValue = TokenIdent \"run\"},Located {locSpan = SourceSpan {spanFilename = \"<input>\", spanStart = SourcePos {posLine = 11, posColumn = 12}, spanEnd = SourcePos {posLine = 11, posColumn = 13}}, locValue = TokenDelimiter DelimLeftParen},Located {locSpan = SourceSpan {spanFilename = \"<input>\", spanStart = SourcePos {posLine = 11, posColumn = 13}, spanEnd = SourcePos {posLine = 11, posColumn = 17}}, locValue = TokenIdent \"self\"},Located {locSpan = SourceSpan {spanFilename = \"<input>\", spanStart = SourcePos {posLine = 11, posColumn = 17}, spanEnd = SourcePos {posLine = 11, posColumn = 18}}, locValue = TokenDelimiter DelimRightParen},Located {locSpan = SourceSpan {spanFilename = \"<input>\", spanStart = SourcePos {posLine = 11, posColumn = 18}, spanEnd = SourcePos {posLine = 11, posColumn = 19}}, locValue = TokenDelimiter DelimColon},Located {locSpan = SourceSpan {spanFilename = \"<input>\", spanStart = SourcePos {posLine = 11, posColumn = 1}, spanEnd = SourcePos {posLine = 12, posColumn = 1}}, locValue = TokenNewline},Located {locSpan = SourceSpan {spanFilename = \"<input>\", spanStart = SourcePos {posLine = 12, posColumn = 1}, spanEnd = SourcePos {posLine = 12, posColumn = 9}}, locValue = TokenIndent 8},Located {locSpan = SourceSpan {spanFilename = \"<input>\", spanStart = SourcePos {posLine = 12, posColumn = 9}, spanEnd = SourcePos {posLine = 12, posColumn = 14}}, locValue = TokenKeyword KwWhile},Located {locSpan = SourceSpan {spanFilename = \"<input>\", spanStart = SourcePos {posLine = 12, posColumn = 15}, spanEnd = SourcePos {posLine = 12, posColumn = 19}}, locValue = TokenKeyword KwTrue},Located {locSpan = SourceSpan {spanFilename = \"<input>\", spanStart = SourcePos {posLine = 12, posColumn = 19}, spanEnd = SourcePos {posLine = 12, posColumn = 20}}, locValue = TokenDelimiter DelimColon},Located {locSpan = SourceSpan {spanFilename = \"<input>\", spanStart = SourcePos {posLine = 12, posColumn = 1}, spanEnd = SourcePos {posLine = 13, posColumn = 1}}, locValue = TokenNewline},Located {locSpan = SourceSpan {spanFilename = \"<input>\", spanStart = SourcePos {posLine = 13, posColumn = 1}, spanEnd = SourcePos {posLine = 13, posColumn = 13}}, locValue = TokenIndent 12},Located {locSpan = SourceSpan {spanFilename = \"<input>\", spanStart = SourcePos {posLine = 13, posColumn = 13}, spanEnd = SourcePos {posLine = 13, posColumn = 16}}, locValue = TokenKeyword KwTry},Located {locSpan = SourceSpan {spanFilename = \"<input>\", spanStart = SourcePos {posLine = 13, posColumn = 16}, spanEnd = SourcePos {posLine = 13, posColumn = 17}}, locValue = TokenDelimiter DelimColon},Located {locSpan = SourceSpan {spanFilename = \"<input>\", spanStart = SourcePos {posLine = 13, posColumn = 1}, spanEnd = SourcePos {posLine = 14, posColumn = 1}}, locValue = TokenNewline},Located {locSpan = SourceSpan {spanFilename = \"<input>\", spanStart = SourcePos {posLine = 14, posColumn = 1}, spanEnd = SourcePos {posLine = 14, posColumn = 17}}, locValue = TokenIndent 16},Located {locSpan = SourceSpan {spanFilename = \"<input>\", spanStart = SourcePos {posLine = 14, posColumn = 17}, spanEnd = SourcePos {posLine = 14, posColumn = 21}}, locValue = TokenIdent \"task\"},Located {locSpan = SourceSpan {spanFilename = \"<input>\", spanStart = SourcePos {posLine = 14, posColumn = 22}, spanEnd = SourcePos {posLine = 14, posColumn = 23}}, locValue = TokenOperator OpAssign},Located {locSpan = SourceSpan {spanFilename = \"<input>\", spanStart = SourcePos {posLine = 14, posColumn = 24}, spanEnd = SourcePos {posLine = 14, posColumn = 28}}, locValue = TokenIdent \"self\"},Located {locSpan = SourceSpan {spanFilename = \"<input>\", spanStart = SourcePos {posLine = 14, posColumn = 28}, spanEnd = SourcePos {posLine = 14, posColumn = 29}}, locValue = TokenDelimiter DelimDot},Located {locSpan = SourceSpan {spanFilename = \"<input>\", spanStart = SourcePos {posLine = 14, posColumn = 29}, spanEnd = SourcePos {posLine = 14, posColumn = 39}}, locValue = TokenIdent \"task_queue\"},Located {locSpan = SourceSpan {spanFilename = \"<input>\", spanStart = SourcePos {posLine = 14, posColumn = 39}, spanEnd = SourcePos {posLine = 14, posColumn = 40}}, locValue = TokenDelimiter DelimDot},Located {locSpan = SourceSpan {spanFilename = \"<input>\", spanStart = SourcePos {posLine = 14, posColumn = 40}, spanEnd = SourcePos {posLine = 14, posColumn = 50}}, locValue = TokenIdent \"get_nowait\"},Located {locSpan = SourceSpan {spanFilename = \"<input>\", spanStart = SourcePos {posLine = 14, posColumn = 50}, spanEnd = SourcePos {posLine = 14, posColumn = 51}}, locValue = TokenDelimiter DelimLeftParen},Located {locSpan = SourceSpan {spanFilename = \"<input>\", spanStart = SourcePos {posLine = 14, posColumn = 51}, spanEnd = SourcePos {posLine = 14, posColumn = 52}}, locValue = TokenDelimiter DelimRightParen},Located {locSpan = SourceSpan {spanFilename = \"<input>\", spanStart = SourcePos {posLine = 14, posColumn = 1}, spanEnd = SourcePos {posLine = 15, posColumn = 1}}, locValue = TokenNewline},Located {locSpan = SourceSpan {spanFilename = \"<input>\", spanStart = SourcePos {posLine = 15, posColumn = 17}, spanEnd = SourcePos {posLine = 15, posColumn = 23}}, locValue = TokenIdent \"result\"},Located {locSpan = SourceSpan {spanFilename = \"<input>\", spanStart = SourcePos {posLine = 15, posColumn = 24}, spanEnd = SourcePos {posLine = 15, posColumn = 25}}, locValue = TokenOperator OpAssign},Located {locSpan = SourceSpan {spanFilename = \"<input>\", spanStart = SourcePos {posLine = 15, posColumn = 26}, spanEnd = SourcePos {posLine = 15, posColumn = 30}}, locValue = TokenIdent \"task\"},Located {locSpan = SourceSpan {spanFilename = \"<input>\", spanStart = SourcePos {posLine = 15, posColumn = 31}, spanEnd = SourcePos {posLine = 15, posColumn = 32}}, locValue = TokenOperator OpMult},Located {locSpan = SourceSpan {spanFilename = \"<input>\", spanStart = SourcePos {posLine = 15, posColumn = 33}, spanEnd = SourcePos {posLine = 15, posColumn = 34}}, locValue = TokenNumber \"2\" False},Located {locSpan = SourceSpan {spanFilename = \"<input>\", spanStart = SourcePos {posLine = 15, posColumn = 36}, spanEnd = SourcePos {posLine = 15, posColumn = 55}}, locValue = TokenComment \"# Simple processing\"},Located {locSpan = SourceSpan {spanFilename = \"<input>\", spanStart = SourcePos {posLine = 15, posColumn = 1}, spanEnd = SourcePos {posLine = 16, posColumn = 1}}, locValue = TokenNewline},Located {locSpan = SourceSpan {spanFilename = \"<input>\", spanStart = SourcePos {posLine = 16, posColumn = 17}, spanEnd = SourcePos {posLine = 16, posColumn = 21}}, locValue = TokenIdent \"self\"},Located {locSpan = SourceSpan {spanFilename = \"<input>\", spanStart = SourcePos {posLine = 16, posColumn = 21}, spanEnd = SourcePos {posLine = 16, posColumn = 22}}, locValue = TokenDelimiter DelimDot},Located {locSpan = SourceSpan {spanFilename = \"<input>\", spanStart = SourcePos {posLine = 16, posColumn = 22}, spanEnd = SourcePos {posLine = 16, posColumn = 34}}, locValue = TokenIdent \"result_queue\"},Located {locSpan = SourceSpan {spanFilename = \"<input>\", spanStart = SourcePos {posLine = 16, posColumn = 34}, spanEnd = SourcePos {posLine = 16, posColumn = 35}}, locValue = TokenDelimiter DelimDot},Located {locSpan = SourceSpan {spanFilename = \"<input>\", spanStart = SourcePos {posLine = 16, posColumn = 35}, spanEnd = SourcePos {posLine = 16, posColumn = 38}}, locValue = TokenIdent \"put\"},Located {locSpan = SourceSpan {spanFilename = \"<input>\", spanStart = SourcePos {posLine = 16, posColumn = 38}, spanEnd = SourcePos {posLine = 16, posColumn = 39}}, locValue = TokenDelimiter DelimLeftParen},Located {locSpan = SourceSpan {spanFilename = \"<input>\", spanStart = SourcePos {posLine = 16, posColumn = 39}, spanEnd = SourcePos {posLine = 16, posColumn = 40}}, locValue = TokenDelimiter DelimLeftParen},Located {locSpan = SourceSpan {spanFilename = \"<input>\", spanStart = SourcePos {posLine = 16, posColumn = 40}, spanEnd = SourcePos {posLine = 16, posColumn = 44}}, locValue = TokenIdent \"self\"},Located {locSpan = SourceSpan {spanFilename = \"<input>\", spanStart = SourcePos {posLine = 16, posColumn = 44}, spanEnd = SourcePos {posLine = 16, posColumn = 45}}, locValue = TokenDelimiter DelimDot},Located {locSpan = SourceSpan {spanFilename = \"<input>\", spanStart = SourcePos {posLine = 16, posColumn = 45}, spanEnd = SourcePos {posLine = 16, posColumn = 54}}, locValue = TokenIdent \"worker_id\"},Located {locSpan = SourceSpan {spanFilename = \"<input>\", spanStart = SourcePos {posLine = 16, posColumn = 54}, spanEnd = SourcePos {posLine = 16, posColumn = 55}}, locValue = TokenDelimiter DelimComma},Located {locSpan = SourceSpan {spanFilename = \"<input>\", spanStart = SourcePos {posLine = 16, posColumn = 56}, spanEnd = SourcePos {posLine = 16, posColumn = 62}}, locValue = TokenIdent \"result\"},Located {locSpan = SourceSpan {spanFilename = \"<input>\", spanStart = SourcePos {posLine = 16, posColumn = 62}, spanEnd = SourcePos {posLine = 16, posColumn = 63}}, locValue = TokenDelimiter DelimRightParen},Located {locSpan = SourceSpan {spanFilename = \"<input>\", spanStart = SourcePos {posLine = 16, posColumn = 63}, spanEnd = SourcePos {posLine = 16, posColumn = 64}}, locValue = TokenDelimiter DelimRightParen},Located {locSpan = SourceSpan {spanFilename = \"<input>\", spanStart = SourcePos {posLine = 16, posColumn = 1}, spanEnd = SourcePos {posLine = 17, posColumn = 1}}, locValue = TokenNewline},Located {locSpan = SourceSpan {spanFilename = \"<input>\", spanStart = SourcePos {posLine = 17, posColumn = 17}, spanEnd = SourcePos {posLine = 17, posColumn = 21}}, locValue = TokenIdent \"self\"},Located {locSpan = SourceSpan {spanFilename = \"<input>\", spanStart = SourcePos {posLine = 17, posColumn = 21}, spanEnd = SourcePos {posLine = 17, posColumn = 22}}, locValue = TokenDelimiter DelimDot},Located {locSpan = SourceSpan {spanFilename = \"<input>\", spanStart = SourcePos {posLine = 17, posColumn = 22}, spanEnd = SourcePos {posLine = 17, posColumn = 32}}, locValue = TokenIdent \"task_queue\"},Located {locSpan = SourceSpan {spanFilename = \"<input>\", spanStart = SourcePos {posLine = 17, posColumn = 32}, spanEnd = SourcePos {posLine = 17, posColumn = 33}}, locValue = TokenDelimiter DelimDot},Located {locSpan = SourceSpan {spanFilename = \"<input>\", spanStart = SourcePos {posLine = 17, posColumn = 33}, spanEnd = SourcePos {posLine = 17, posColumn = 42}}, locValue = TokenIdent \"task_done\"},Located {locSpan = SourceSpan {spanFilename = \"<input>\", spanStart = SourcePos {posLine = 17, posColumn = 42}, spanEnd = SourcePos {posLine = 17, posColumn = 43}}, locValue = TokenDelimiter DelimLeftParen},Located {locSpan = SourceSpan {spanFilename = \"<input>\", spanStart = SourcePos {posLine = 17, posColumn = 43}, spanEnd = SourcePos {posLine = 17, posColumn = 44}}, locValue = TokenDelimiter DelimRightParen},Located {locSpan = SourceSpan {spanFilename = \"<input>\", spanStart = SourcePos {posLine = 17, posColumn = 1}, spanEnd = SourcePos {posLine = 18, posColumn = 1}}, locValue = TokenNewline},Located {locSpan = SourceSpan {spanFilename = \"<input>\", spanStart = SourcePos {posLine = 18, posColumn = 1}, spanEnd = SourcePos {posLine = 18, posColumn = 13}}, locValue = TokenDedent 16},Located {locSpan = SourceSpan {spanFilename = \"<input>\", spanStart = SourcePos {posLine = 18, posColumn = 13}, spanEnd = SourcePos {posLine = 18, posColumn = 19}}, locValue = TokenKeyword KwExcept},Located {locSpan = SourceSpan {spanFilename = \"<input>\", spanStart = SourcePos {posLine = 18, posColumn = 20}, spanEnd = SourcePos {posLine = 18, posColumn = 25}}, locValue = TokenIdent \"queue\"},Located {locSpan = SourceSpan {spanFilename = \"<input>\", spanStart = SourcePos {posLine = 18, posColumn = 25}, spanEnd = SourcePos {posLine = 18, posColumn = 26}}, locValue = TokenDelimiter DelimDot},Located {locSpan = SourceSpan {spanFilename = \"<input>\", spanStart = SourcePos {posLine = 18, posColumn = 26}, spanEnd = SourcePos {posLine = 18, posColumn = 31}}, locValue = TokenIdent \"Empty\"},Located {locSpan = SourceSpan {spanFilename = \"<input>\", spanStart = SourcePos {posLine = 18, posColumn = 31}, spanEnd = SourcePos {posLine = 18, posColumn = 32}}, locValue = TokenDelimiter DelimColon},Located {locSpan = SourceSpan {spanFilename = \"<input>\", spanStart = SourcePos {posLine = 18, posColumn = 1}, spanEnd = SourcePos {posLine = 19, posColumn = 1}}, locValue = TokenNewline},Located {locSpan = SourceSpan {spanFilename = \"<input>\", spanStart = SourcePos {posLine = 19, posColumn = 1}, spanEnd = SourcePos {posLine = 19, posColumn = 17}}, locValue = TokenIndent 16},Located {locSpan = SourceSpan {spanFilename = \"<input>\", spanStart = SourcePos {posLine = 19, posColumn = 17}, spanEnd = SourcePos {posLine = 19, posColumn = 22}}, locValue = TokenKeyword KwBreak},Located {locSpan = SourceSpan {spanFilename = \"<input>\", spanStart = SourcePos {posLine = 19, posColumn = 1}, spanEnd = SourcePos {posLine = 21, posColumn = 1}}, locValue = TokenNewline},Located {locSpan = SourceSpan {spanFilename = \"<input>\", spanStart = SourcePos {posLine = 19, posColumn = 1}, spanEnd = SourcePos {posLine = 21, posColumn = 1}}, locValue = TokenNewline},Located {locSpan = SourceSpan {spanFilename = \"<input>\", spanStart = SourcePos {posLine = 21, posColumn = 1}, spanEnd = SourcePos {posLine = 21, posColumn = 1}}, locValue = TokenDedent 4},Located {locSpan = SourceSpan {spanFilename = \"<input>\", spanStart = SourcePos {posLine = 21, posColumn = 1}, spanEnd = SourcePos {posLine = 21, posColumn = 1}}, locValue = TokenDedent 8},Located {locSpan = SourceSpan {spanFilename = \"<input>\", spanStart = SourcePos {posLine = 21, posColumn = 1}, spanEnd = SourcePos {posLine = 21, posColumn = 1}}, locValue = TokenDedent 12},Located {locSpan = SourceSpan {spanFilename = \"<input>\", spanStart = SourcePos {posLine = 21, posColumn = 1}, spanEnd = SourcePos {posLine = 21, posColumn = 1}}, locValue = TokenDedent 16},Located {locSpan = SourceSpan {spanFilename = \"<input>\", spanStart = SourcePos {posLine = 21, posColumn = 1}, spanEnd = SourcePos {posLine = 21, posColumn = 4}}, locValue = TokenKeyword KwDef},Located {locSpan = SourceSpan {spanFilename = \"<input>\", spanStart = SourcePos {posLine = 21, posColumn = 5}, spanEnd = SourcePos {posLine = 21, posColumn = 9}}, locValue = TokenIdent \"main\"},Located {locSpan = SourceSpan {spanFilename = \"<input>\", spanStart = SourcePos {posLine = 21, posColumn = 9}, spanEnd = SourcePos {posLine = 21, posColumn = 10}}, locValue = TokenDelimiter DelimLeftParen},Located {locSpan = SourceSpan {spanFilename = \"<input>\", spanStart = SourcePos {posLine = 21, posColumn = 10}, spanEnd = SourcePos {posLine = 21, posColumn = 11}}, locValue = TokenDelimiter DelimRightParen},Located {locSpan = SourceSpan {spanFilename = \"<input>\", spanStart = SourcePos {posLine = 21, posColumn = 11}, spanEnd = SourcePos {posLine = 21, posColumn = 12}}, locValue = TokenDelimiter DelimColon},Located {locSpan = SourceSpan {spanFilename = \"<input>\", spanStart = SourcePos {posLine = 21, posColumn = 1}, spanEnd = SourcePos {posLine = 22, posColumn = 1}}, locValue = TokenNewline},Located {locSpan = SourceSpan {spanFilename = \"<input>\", spanStart = SourcePos {posLine = 22, posColumn = 1}, spanEnd = SourcePos {posLine = 22, posColumn = 5}}, locValue = TokenIndent 4},Located {locSpan = SourceSpan {spanFilename = \"<input>\", spanStart = SourcePos {posLine = 22, posColumn = 5}, spanEnd = SourcePos {posLine = 22, posColumn = 20}}, locValue = TokenComment \"# Create queues\"},Located {locSpan = SourceSpan {spanFilename = \"<input>\", spanStart = SourcePos {posLine = 22, posColumn = 1}, spanEnd = SourcePos {posLine = 23, posColumn = 1}}, locValue = TokenNewline},Located {locSpan = SourceSpan {spanFilename = \"<input>\", spanStart = SourcePos {posLine = 23, posColumn = 5}, spanEnd = SourcePos {posLine = 23, posColumn = 15}}, locValue = TokenIdent \"task_queue\"},Located {locSpan = SourceSpan {spanFilename = \"<input>\", spanStart = SourcePos {posLine = 23, posColumn = 16}, spanEnd = SourcePos {posLine = 23, posColumn = 17}}, locValue = TokenOperator OpAssign},Located {locSpan = SourceSpan {spanFilename = \"<input>\", spanStart = SourcePos {posLine = 23, posColumn = 18}, spanEnd = SourcePos {posLine = 23, posColumn = 23}}, locValue = TokenIdent \"queue\"},Located {locSpan = SourceSpan {spanFilename = \"<input>\", spanStart = SourcePos {posLine = 23, posColumn = 23}, spanEnd = SourcePos {posLine = 23, posColumn = 24}}, locValue = TokenDelimiter DelimDot},Located {locSpan = SourceSpan {spanFilename = \"<input>\", spanStart = SourcePos {posLine = 23, posColumn = 24}, spanEnd = SourcePos {posLine = 23, posColumn = 29}}, locValue = TokenIdent \"Queue\"},Located {locSpan = SourceSpan {spanFilename = \"<input>\", spanStart = SourcePos {posLine = 23, posColumn = 29}, spanEnd = SourcePos {posLine = 23, posColumn = 30}}, locValue = TokenDelimiter DelimLeftParen},Located {locSpan = SourceSpan {spanFilename = \"<input>\", spanStart = SourcePos {posLine = 23, posColumn = 30}, spanEnd = SourcePos {posLine = 23, posColumn = 31}}, locValue = TokenDelimiter DelimRightParen},Located {locSpan = SourceSpan {spanFilename = \"<input>\", spanStart = SourcePos {posLine = 23, posColumn = 1}, spanEnd = SourcePos {posLine = 24, posColumn = 1}}, locValue = TokenNewline},Located {locSpan = SourceSpan {spanFilename = \"<input>\", spanStart = SourcePos {posLine = 24, posColumn = 5}, spanEnd = SourcePos {posLine = 24, posColumn = 17}}, locValue = TokenIdent \"result_queue\"},Located {locSpan = SourceSpan {spanFilename = \"<input>\", spanStart = SourcePos {posLine = 24, posColumn = 18}, spanEnd = SourcePos {posLine = 24, posColumn = 19}}, locValue = TokenOperator OpAssign},Located {locSpan = SourceSpan {spanFilename = \"<input>\", spanStart = SourcePos {posLine = 24, posColumn = 20}, spanEnd = SourcePos {posLine = 24, posColumn = 25}}, locValue = TokenIdent \"queue\"},Located {locSpan = SourceSpan {spanFilename = \"<input>\", spanStart = SourcePos {posLine = 24, posColumn = 25}, spanEnd = SourcePos {posLine = 24, posColumn = 26}}, locValue = TokenDelimiter DelimDot},Located {locSpan = SourceSpan {spanFilename = \"<input>\", spanStart = SourcePos {posLine = 24, posColumn = 26}, spanEnd = SourcePos {posLine = 24, posColumn = 31}}, locValue = TokenIdent \"Queue\"},Located {locSpan = SourceSpan {spanFilename = \"<input>\", spanStart = SourcePos {posLine = 24, posColumn = 31}, spanEnd = SourcePos {posLine = 24, posColumn = 32}}, locValue = TokenDelimiter DelimLeftParen},Located {locSpan = SourceSpan {spanFilename = \"<input>\", spanStart = SourcePos {posLine = 24, posColumn = 32}, spanEnd = SourcePos {posLine = 24, posColumn = 33}}, locValue = TokenDelimiter DelimRightParen},Located {locSpan = SourceSpan {spanFilename = \"<input>\", spanStart = SourcePos {posLine = 24, posColumn = 1}, spanEnd = SourcePos {posLine = 25, posColumn = 1}}, locValue = TokenNewline},Located {locSpan = SourceSpan {spanFilename = \"<input>\", spanStart = SourcePos {posLine = 25, posColumn = 1}, spanEnd = SourcePos {posLine = 26, posColumn = 1}}, locValue = TokenNewline},Located {locSpan = SourceSpan {spanFilename = \"<input>\", spanStart = SourcePos {posLine = 26, posColumn = 5}, spanEnd = SourcePos {posLine = 26, posColumn = 16}}, locValue = TokenComment \"# Add tasks\"},Located {locSpan = SourceSpan {spanFilename = \"<input>\", spanStart = SourcePos {posLine = 26, posColumn = 1}, spanEnd = SourcePos {posLine = 27, posColumn = 1}}, locValue = TokenNewline},Located {locSpan = SourceSpan {spanFilename = \"<input>\", spanStart = SourcePos {posLine = 27, posColumn = 5}, spanEnd = SourcePos {posLine = 27, posColumn = 8}}, locValue = TokenKeyword KwFor},Located {locSpan = SourceSpan {spanFilename = \"<input>\", spanStart = SourcePos {posLine = 27, posColumn = 9}, spanEnd = SourcePos {posLine = 27, posColumn = 10}}, locValue = TokenIdent \"i\"},Located {locSpan = SourceSpan {spanFilename = \"<input>\", spanStart = SourcePos {posLine = 27, posColumn = 11}, spanEnd = SourcePos {posLine = 27, posColumn = 13}}, locValue = TokenKeyword KwIn},Located {locSpan = SourceSpan {spanFilename = \"<input>\", spanStart = SourcePos {posLine = 27, posColumn = 14}, spanEnd = SourcePos {posLine = 27, posColumn = 19}}, locValue = TokenIdent \"range\"},Located {locSpan = SourceSpan {spanFilename = \"<input>\", spanStart = SourcePos {posLine = 27, posColumn = 19}, spanEnd = SourcePos {posLine = 27, posColumn = 20}}, locValue = TokenDelimiter DelimLeftParen},Located {locSpan = SourceSpan {spanFilename = \"<input>\", spanStart = SourcePos {posLine = 27, posColumn = 20}, spanEnd = SourcePos {posLine = 27, posColumn = 22}}, locValue = TokenNumber \"10\" False},Located {locSpan = SourceSpan {spanFilename = \"<input>\", spanStart = SourcePos {posLine = 27, posColumn = 22}, spanEnd = SourcePos {posLine = 27, posColumn = 23}}, locValue = TokenDelimiter DelimRightParen},Located {locSpan = SourceSpan {spanFilename = \"<input>\", spanStart = SourcePos {posLine = 27, posColumn = 23}, spanEnd = SourcePos {posLine = 27, posColumn = 24}}, locValue = TokenDelimiter DelimColon},Located {locSpan = SourceSpan {spanFilename = \"<input>\", spanStart = SourcePos {posLine = 27, posColumn = 1}, spanEnd = SourcePos {posLine = 28, posColumn = 1}}, locValue = TokenNewline},Located {locSpan = SourceSpan {spanFilename = \"<input>\", spanStart = SourcePos {posLine = 28, posColumn = 1}, spanEnd = SourcePos {posLine = 28, posColumn = 9}}, locValue = TokenIndent 8},Located {locSpan = SourceSpan {spanFilename = \"<input>\", spanStart = SourcePos {posLine = 28, posColumn = 9}, spanEnd = SourcePos {posLine = 28, posColumn = 19}}, locValue = TokenIdent \"task_queue\"},Located {locSpan = SourceSpan {spanFilename = \"<input>\", spanStart = SourcePos {posLine = 28, posColumn = 19}, spanEnd = SourcePos {posLine = 28, posColumn = 20}}, locValue = TokenDelimiter DelimDot},Located {locSpan = SourceSpan {spanFilename = \"<input>\", spanStart = SourcePos {posLine = 28, posColumn = 20}, spanEnd = SourcePos {posLine = 28, posColumn = 23}}, locValue = TokenIdent \"put\"},Located {locSpan = SourceSpan {spanFilename = \"<input>\", spanStart = SourcePos {posLine = 28, posColumn = 23}, spanEnd = SourcePos {posLine = 28, posColumn = 24}}, locValue = TokenDelimiter DelimLeftParen},Located {locSpan = SourceSpan {spanFilename = \"<input>\", spanStart = SourcePos {posLine = 28, posColumn = 24}, spanEnd = SourcePos {posLine = 28, posColumn = 25}}, locValue = TokenIdent \"i\"},Located {locSpan = SourceSpan {spanFilename = \"<input>\", spanStart = SourcePos {posLine = 28, posColumn = 25}, spanEnd = SourcePos {posLine = 28, posColumn = 26}}, locValue = TokenDelimiter DelimRightParen},Located {locSpan = SourceSpan {spanFilename = \"<input>\", spanStart = SourcePos {posLine = 28, posColumn = 1}, spanEnd = SourcePos {posLine = 29, posColumn = 1}}, locValue = TokenNewline},Located {locSpan = SourceSpan {spanFilename = \"<input>\", spanStart = SourcePos {posLine = 29, posColumn = 1}, spanEnd = SourcePos {posLine = 29, posColumn = 5}}, locValue = TokenDedent 8},Located {locSpan = SourceSpan {spanFilename = \"<input>\", spanStart = SourcePos {posLine = 29, posColumn = 1}, spanEnd = SourcePos {posLine = 30, posColumn = 1}}, locValue = TokenNewline},Located {locSpan = SourceSpan {spanFilename = \"<input>\", spanStart = SourcePos {posLine = 30, posColumn = 5}, spanEnd = SourcePos {posLine = 30, posColumn = 31}}, locValue = TokenComment \"# Create and start workers\"},Located {locSpan = SourceSpan {spanFilename = \"<input>\", spanStart = SourcePos {posLine = 30, posColumn = 1}, spanEnd = SourcePos {posLine = 31, posColumn = 1}}, locValue = TokenNewline},Located {locSpan = SourceSpan {spanFilename = \"<input>\", spanStart = SourcePos {posLine = 31, posColumn = 5}, spanEnd = SourcePos {posLine = 31, posColumn = 12}}, locValue = TokenIdent \"workers\"},Located {locSpan = SourceSpan {spanFilename = \"<input>\", spanStart = SourcePos {posLine = 31, posColumn = 13}, spanEnd = SourcePos {posLine = 31, posColumn = 14}}, locValue = TokenOperator OpAssign},Located {locSpan = SourceSpan {spanFilename = \"<input>\", spanStart = SourcePos {posLine = 31, posColumn = 15}, spanEnd = SourcePos {posLine = 31, posColumn = 16}}, locValue = TokenDelimiter DelimLeftBracket},Located {locSpan = SourceSpan {spanFilename = \"<input>\", spanStart = SourcePos {posLine = 31, posColumn = 16}, spanEnd = SourcePos {posLine = 31, posColumn = 17}}, locValue = TokenDelimiter DelimRightBracket},Located {locSpan = SourceSpan {spanFilename = \"<input>\", spanStart = SourcePos {posLine = 31, posColumn = 1}, spanEnd = SourcePos {posLine = 32, posColumn = 1}}, locValue = TokenNewline},Located {locSpan = SourceSpan {spanFilename = \"<input>\", spanStart = SourcePos {posLine = 32, posColumn = 5}, spanEnd = SourcePos {posLine = 32, posColumn = 8}}, locValue = TokenKeyword KwFor},Located {locSpan = SourceSpan {spanFilename = \"<input>\", spanStart = SourcePos {posLine = 32, posColumn = 9}, spanEnd = SourcePos {posLine = 32, posColumn = 10}}, locValue = TokenIdent \"i\"},Located {locSpan = SourceSpan {spanFilename = \"<input>\", spanStart = SourcePos {posLine = 32, posColumn = 11}, spanEnd = SourcePos {posLine = 32, posColumn = 13}}, locValue = TokenKeyword KwIn},Located {locSpan = SourceSpan {spanFilename = \"<input>\", spanStart = SourcePos {posLine = 32, posColumn = 14}, spanEnd = SourcePos {posLine = 32, posColumn = 19}}, locValue = TokenIdent \"range\"},Located {locSpan = SourceSpan {spanFilename = \"<input>\", spanStart = SourcePos {posLine = 32, posColumn = 19}, spanEnd = SourcePos {posLine = 32, posColumn = 20}}, locValue = TokenDelimiter DelimLeftParen},Located {locSpan = SourceSpan {spanFilename = \"<input>\", spanStart = SourcePos {posLine = 32, posColumn = 20}, spanEnd = SourcePos {posLine = 32, posColumn = 21}}, locValue = TokenNumber \"3\" False},Located {locSpan = SourceSpan {spanFilename = \"<input>\", spanStart = SourcePos {posLine = 32, posColumn = 21}, spanEnd = SourcePos {posLine = 32, posColumn = 22}}, locValue = TokenDelimiter DelimRightParen},Located {locSpan = SourceSpan {spanFilename = \"<input>\", spanStart = SourcePos {posLine = 32, posColumn = 22}, spanEnd = SourcePos {posLine = 32, posColumn = 23}}, locValue = TokenDelimiter DelimColon},Located {locSpan = SourceSpan {spanFilename = \"<input>\", spanStart = SourcePos {posLine = 32, posColumn = 1}, spanEnd = SourcePos {posLine = 33, posColumn = 1}}, locValue = TokenNewline},Located {locSpan = SourceSpan {spanFilename = \"<input>\", spanStart = SourcePos {posLine = 33, posColumn = 1}, spanEnd = SourcePos {posLine = 33, posColumn = 9}}, locValue = TokenIndent 8},Located {locSpan = SourceSpan {spanFilename = \"<input>\", spanStart = SourcePos {posLine = 33, posColumn = 9}, spanEnd = SourcePos {posLine = 33, posColumn = 15}}, locValue = TokenIdent \"worker\"},Located {locSpan = SourceSpan {spanFilename = \"<input>\", spanStart = SourcePos {posLine = 33, posColumn = 16}, spanEnd = SourcePos {posLine = 33, posColumn = 17}}, locValue = TokenOperator OpAssign},Located {locSpan = SourceSpan {spanFilename = \"<input>\", spanStart = SourcePos {posLine = 33, posColumn = 18}, spanEnd = SourcePos {posLine = 33, posColumn = 24}}, locValue = TokenIdent \"Worker\"},Located {locSpan = SourceSpan {spanFilename = \"<input>\", spanStart = SourcePos {posLine = 33, posColumn = 24}, spanEnd = SourcePos {posLine = 33, posColumn = 25}}, locValue = TokenDelimiter DelimLeftParen},Located {locSpan = SourceSpan {spanFilename = \"<input>\", spanStart = SourcePos {posLine = 33, posColumn = 25}, spanEnd = SourcePos {posLine = 33, posColumn = 26}}, locValue = TokenIdent \"i\"},Located {locSpan = SourceSpan {spanFilename = \"<input>\", spanStart = SourcePos {posLine = 33, posColumn = 26}, spanEnd = SourcePos {posLine = 33, posColumn = 27}}, locValue = TokenDelimiter DelimComma},Located {locSpan = SourceSpan {spanFilename = \"<input>\", spanStart = SourcePos {posLine = 33, posColumn = 28}, spanEnd = SourcePos {posLine = 33, posColumn = 38}}, locValue = TokenIdent \"task_queue\"},Located {locSpan = SourceSpan {spanFilename = \"<input>\", spanStart = SourcePos {posLine = 33, posColumn = 38}, spanEnd = SourcePos {posLine = 33, posColumn = 39}}, locValue = TokenDelimiter DelimComma},Located {locSpan = SourceSpan {spanFilename = \"<input>\", spanStart = SourcePos {posLine = 33, posColumn = 40}, spanEnd = SourcePos {posLine = 33, posColumn = 52}}, locValue = TokenIdent \"result_queue\"},Located {locSpan = SourceSpan {spanFilename = \"<input>\", spanStart = SourcePos {posLine = 33, posColumn = 52}, spanEnd = SourcePos {posLine = 33, posColumn = 53}}, locValue = TokenDelimiter DelimRightParen},Located {locSpan = SourceSpan {spanFilename = \"<input>\", spanStart = SourcePos {posLine = 33, posColumn = 1}, spanEnd = SourcePos {posLine = 34, posColumn = 1}}, locValue = TokenNewline},Located {locSpan = SourceSpan {spanFilename = \"<input>\", spanStart = SourcePos {posLine = 34, posColumn = 9}, spanEnd = SourcePos {posLine = 34, posColumn = 15}}, locValue = TokenIdent \"thread\"},Located {locSpan = SourceSpan {spanFilename = \"<input>\", spanStart = SourcePos {posLine = 34, posColumn = 16}, spanEnd = SourcePos {posLine = 34, posColumn = 17}}, locValue = TokenOperator OpAssign},Located {locSpan = SourceSpan {spanFilename = \"<input>\", spanStart = SourcePos {posLine = 34, posColumn = 18}, spanEnd = SourcePos {posLine = 34, posColumn = 27}}, locValue = TokenIdent \"threading\"},Located {locSpan = SourceSpan {spanFilename = \"<input>\", spanStart = SourcePos {posLine = 34, posColumn = 27}, spanEnd = SourcePos {posLine = 34, posColumn = 28}}, locValue = TokenDelimiter DelimDot},Located {locSpan = SourceSpan {spanFilename = \"<input>\", spanStart = SourcePos {posLine = 34, posColumn = 28}, spanEnd = SourcePos {posLine = 34, posColumn = 34}}, locValue = TokenIdent \"Thread\"},Located {locSpan = SourceSpan {spanFilename = \"<input>\", spanStart = SourcePos {posLine = 34, posColumn = 34}, spanEnd = SourcePos {posLine = 34, posColumn = 35}}, locValue = TokenDelimiter DelimLeftParen},Located {locSpan = SourceSpan {spanFilename = \"<input>\", spanStart = SourcePos {posLine = 34, posColumn = 35}, spanEnd = SourcePos {posLine = 34, posColumn = 41}}, locValue = TokenIdent \"target\"},Located {locSpan = SourceSpan {spanFilename = \"<input>\", spanStart = SourcePos {posLine = 34, posColumn = 41}, spanEnd = SourcePos {posLine = 34, posColumn = 42}}, locValue = TokenOperator OpAssign},Located {locSpan = SourceSpan {spanFilename = \"<input>\", spanStart = SourcePos {posLine = 34, posColumn = 42}, spanEnd = SourcePos {posLine = 34, posColumn = 48}}, locValue = TokenIdent \"worker\"},Located {locSpan = SourceSpan {spanFilename = \"<input>\", spanStart = SourcePos {posLine = 34, posColumn = 48}, spanEnd = SourcePos {posLine = 34, posColumn = 49}}, locValue = TokenDelimiter DelimDot},Located {locSpan = SourceSpan {spanFilename = \"<input>\", spanStart = SourcePos {posLine = 34, posColumn = 49}, spanEnd = SourcePos {posLine = 34, posColumn = 52}}, locValue = TokenIdent \"run\"},Located {locSpan = SourceSpan {spanFilename = \"<input>\", spanStart = SourcePos {posLine = 34, posColumn = 52}, spanEnd = SourcePos {posLine = 34, posColumn = 53}}, locValue = TokenDelimiter DelimRightParen},Located {locSpan = SourceSpan {spanFilename = \"<input>\", spanStart = SourcePos {posLine = 34, posColumn = 1}, spanEnd = SourcePos {posLine = 35, posColumn = 1}}, locValue = TokenNewline},Located {locSpan = SourceSpan {spanFilename = \"<input>\", spanStart = SourcePos {posLine = 35, posColumn = 9}, spanEnd = SourcePos {posLine = 35, posColumn = 16}}, locValue = TokenIdent \"workers\"},Located {locSpan = SourceSpan {spanFilename = \"<input>\", spanStart = SourcePos {posLine = 35, posColumn = 16}, spanEnd = SourcePos {posLine = 35, posColumn = 17}}, locValue = TokenDelimiter DelimDot},Located {locSpan = SourceSpan {spanFilename = \"<input>\", spanStart = SourcePos {posLine = 35, posColumn = 17}, spanEnd = SourcePos {posLine = 35, posColumn = 23}}, locValue = TokenIdent \"append\"},Located {locSpan = SourceSpan {spanFilename = \"<input>\", spanStart = SourcePos {posLine = 35, posColumn = 23}, spanEnd = SourcePos {posLine = 35, posColumn = 24}}, locValue = TokenDelimiter DelimLeftParen},Located {locSpan = SourceSpan {spanFilename = \"<input>\", spanStart = SourcePos {posLine = 35, posColumn = 24}, spanEnd = SourcePos {posLine = 35, posColumn = 30}}, locValue = TokenIdent \"thread\"},Located {locSpan = SourceSpan {spanFilename = \"<input>\", spanStart = SourcePos {posLine = 35, posColumn = 30}, spanEnd = SourcePos {posLine = 35, posColumn = 31}}, locValue = TokenDelimiter DelimRightParen},Located {locSpan = SourceSpan {spanFilename = \"<input>\", spanStart = SourcePos {posLine = 35, posColumn = 1}, spanEnd = SourcePos {posLine = 36, posColumn = 1}}, locValue = TokenNewline},Located {locSpan = SourceSpan {spanFilename = \"<input>\", spanStart = SourcePos {posLine = 36, posColumn = 9}, spanEnd = SourcePos {posLine = 36, posColumn = 15}}, locValue = TokenIdent \"thread\"},Located {locSpan = SourceSpan {spanFilename = \"<input>\", spanStart = SourcePos {posLine = 36, posColumn = 15}, spanEnd = SourcePos {posLine = 36, posColumn = 16}}, locValue = TokenDelimiter DelimDot},Located {locSpan = SourceSpan {spanFilename = \"<input>\", spanStart = SourcePos {posLine = 36, posColumn = 16}, spanEnd = SourcePos {posLine = 36, posColumn = 21}}, locValue = TokenIdent \"start\"},Located {locSpan = SourceSpan {spanFilename = \"<input>\", spanStart = SourcePos {posLine = 36, posColumn = 21}, spanEnd = SourcePos {posLine = 36, posColumn = 22}}, locValue = TokenDelimiter DelimLeftParen},Located {locSpan = SourceSpan {spanFilename = \"<input>\", spanStart = SourcePos {posLine = 36, posColumn = 22}, spanEnd = SourcePos {posLine = 36, posColumn = 23}}, locValue = TokenDelimiter DelimRightParen},Located {locSpan = SourceSpan {spanFilename = \"<input>\", spanStart = SourcePos {posLine = 36, posColumn = 1}, spanEnd = SourcePos {posLine = 37, posColumn = 1}}, locValue = TokenNewline},Located {locSpan = SourceSpan {spanFilename = \"<input>\", spanStart = SourcePos {posLine = 37, posColumn = 1}, spanEnd = SourcePos {posLine = 37, posColumn = 5}}, locValue = TokenDedent 8},Located {locSpan = SourceSpan {spanFilename = \"<input>\", spanStart = SourcePos {posLine = 37, posColumn = 1}, spanEnd = SourcePos {posLine = 38, posColumn = 1}}, locValue = TokenNewline},Located {locSpan = SourceSpan {spanFilename = \"<input>\", spanStart = SourcePos {posLine = 38, posColumn = 5}, spanEnd = SourcePos {posLine = 38, posColumn = 36}}, locValue = TokenComment \"# Wait for all tasks to be done\"},Located {locSpan = SourceSpan {spanFilename = \"<input>\", spanStart = SourcePos {posLine = 38, posColumn = 1}, spanEnd = SourcePos {posLine = 39, posColumn = 1}}, locValue = TokenNewline},Located {locSpan = SourceSpan {spanFilename = \"<input>\", spanStart = SourcePos {posLine = 39, posColumn = 5}, spanEnd = SourcePos {posLine = 39, posColumn = 15}}, locValue = TokenIdent \"task_queue\"},Located {locSpan = SourceSpan {spanFilename = \"<input>\", spanStart = SourcePos {posLine = 39, posColumn = 15}, spanEnd = SourcePos {posLine = 39, posColumn = 16}}, locValue = TokenDelimiter DelimDot},Located {locSpan = SourceSpan {spanFilename = \"<input>\", spanStart = SourcePos {posLine = 39, posColumn = 16}, spanEnd = SourcePos {posLine = 39, posColumn = 20}}, locValue = TokenIdent \"join\"},Located {locSpan = SourceSpan {spanFilename = \"<input>\", spanStart = SourcePos {posLine = 39, posColumn = 20}, spanEnd = SourcePos {posLine = 39, posColumn = 21}}, locValue = TokenDelimiter DelimLeftParen},Located {locSpan = SourceSpan {spanFilename = \"<input>\", spanStart = SourcePos {posLine = 39, posColumn = 21}, spanEnd = SourcePos {posLine = 39, posColumn = 22}}, locValue = TokenDelimiter DelimRightParen},Located {locSpan = SourceSpan {spanFilename = \"<input>\", spanStart = SourcePos {posLine = 39, posColumn = 1}, spanEnd = SourcePos {posLine = 40, posColumn = 1}}, locValue = TokenNewline},Located {locSpan = SourceSpan {spanFilename = \"<input>\", spanStart = SourcePos {posLine = 40, posColumn = 1}, spanEnd = SourcePos {posLine = 41, posColumn = 1}}, locValue = TokenNewline},Located {locSpan = SourceSpan {spanFilename = \"<input>\", spanStart = SourcePos {posLine = 41, posColumn = 5}, spanEnd = SourcePos {posLine = 41, posColumn = 33}}, locValue = TokenComment \"# Wait for workers to finish\"},Located {locSpan = SourceSpan {spanFilename = \"<input>\", spanStart = SourcePos {posLine = 41, posColumn = 1}, spanEnd = SourcePos {posLine = 42, posColumn = 1}}, locValue = TokenNewline},Located {locSpan = SourceSpan {spanFilename = \"<input>\", spanStart = SourcePos {posLine = 42, posColumn = 5}, spanEnd = SourcePos {posLine = 42, posColumn = 8}}, locValue = TokenKeyword KwFor},Located {locSpan = SourceSpan {spanFilename = \"<input>\", spanStart = SourcePos {posLine = 42, posColumn = 9}, spanEnd = SourcePos {posLine = 42, posColumn = 15}}, locValue = TokenIdent \"thread\"},Located {locSpan = SourceSpan {spanFilename = \"<input>\", spanStart = SourcePos {posLine = 42, posColumn = 16}, spanEnd = SourcePos {posLine = 42, posColumn = 18}}, locValue = TokenKeyword KwIn},Located {locSpan = SourceSpan {spanFilename = \"<input>\", spanStart = SourcePos {posLine = 42, posColumn = 19}, spanEnd = SourcePos {posLine = 42, posColumn = 26}}, locValue = TokenIdent \"workers\"},Located {locSpan = SourceSpan {spanFilename = \"<input>\", spanStart = SourcePos {posLine = 42, posColumn = 26}, spanEnd = SourcePos {posLine = 42, posColumn = 27}}, locValue = TokenDelimiter DelimColon},Located {locSpan = SourceSpan {spanFilename = \"<input>\", spanStart = SourcePos {posLine = 42, posColumn = 1}, spanEnd = SourcePos {posLine = 43, posColumn = 1}}, locValue = TokenNewline},Located {locSpan = SourceSpan {spanFilename = \"<input>\", spanStart = SourcePos {posLine = 43, posColumn = 1}, spanEnd = SourcePos {posLine = 43, posColumn = 9}}, locValue = TokenIndent 8},Located {locSpan = SourceSpan {spanFilename = \"<input>\", spanStart = SourcePos {posLine = 43, posColumn = 9}, spanEnd = SourcePos {posLine = 43, posColumn = 15}}, locValue = TokenIdent \"thread\"},Located {locSpan = SourceSpan {spanFilename = \"<input>\", spanStart = SourcePos {posLine = 43, posColumn = 15}, spanEnd = SourcePos {posLine = 43, posColumn = 16}}, locValue = TokenDelimiter DelimDot},Located {locSpan = SourceSpan {spanFilename = \"<input>\", spanStart = SourcePos {posLine = 43, posColumn = 16}, spanEnd = SourcePos {posLine = 43, posColumn = 20}}, locValue = TokenIdent \"join\"},Located {locSpan = SourceSpan {spanFilename = \"<input>\", spanStart = SourcePos {posLine = 43, posColumn = 20}, spanEnd = SourcePos {posLine = 43, posColumn = 21}}, locValue = TokenDelimiter DelimLeftParen},Located {locSpan = SourceSpan {spanFilename = \"<input>\", spanStart = SourcePos {posLine = 43, posColumn = 21}, spanEnd = SourcePos {posLine = 43, posColumn = 22}}, locValue = TokenDelimiter DelimRightParen},Located {locSpan = SourceSpan {spanFilename = \"<input>\", spanStart = SourcePos {posLine = 43, posColumn = 1}, spanEnd = SourcePos {posLine = 44, posColumn = 1}}, locValue = TokenNewline},Located {locSpan = SourceSpan {spanFilename = \"<input>\", spanStart = SourcePos {posLine = 44, posColumn = 1}, spanEnd = SourcePos {posLine = 44, posColumn = 5}}, locValue = TokenDedent 8},Located {locSpan = SourceSpan {spanFilename = \"<input>\", spanStart = SourcePos {posLine = 44, posColumn = 1}, spanEnd = SourcePos {posLine = 45, posColumn = 1}}, locValue = TokenNewline},Located {locSpan = SourceSpan {spanFilename = \"<input>\", spanStart = SourcePos {posLine = 45, posColumn = 5}, spanEnd = SourcePos {posLine = 45, posColumn = 22}}, locValue = TokenComment \"# Collect results\"},Located {locSpan = SourceSpan {spanFilename = \"<input>\", spanStart = SourcePos {posLine = 45, posColumn = 1}, spanEnd = SourcePos {posLine = 46, posColumn = 1}}, locValue = TokenNewline},Located {locSpan = SourceSpan {spanFilename = \"<input>\", spanStart = SourcePos {posLine = 46, posColumn = 5}, spanEnd = SourcePos {posLine = 46, posColumn = 12}}, locValue = TokenIdent \"results\"},Located {locSpan = SourceSpan {spanFilename = \"<input>\", spanStart = SourcePos {posLine = 46, posColumn = 13}, spanEnd = SourcePos {posLine = 46, posColumn = 14}}, locValue = TokenOperator OpAssign},Located {locSpan = SourceSpan {spanFilename = \"<input>\", spanStart = SourcePos {posLine = 46, posColumn = 15}, spanEnd = SourcePos {posLine = 46, posColumn = 16}}, locValue = TokenDelimiter DelimLeftBracket},Located {locSpan = SourceSpan {spanFilename = \"<input>\", spanStart = SourcePos {posLine = 46, posColumn = 16}, spanEnd = SourcePos {posLine = 46, posColumn = 17}}, locValue = TokenDelimiter DelimRightBracket},Located {locSpan = SourceSpan {spanFilename = \"<input>\", spanStart = SourcePos {posLine = 46, posColumn = 1}, spanEnd = SourcePos {posLine = 47, posColumn = 1}}, locValue = TokenNewline},Located {locSpan = SourceSpan {spanFilename = \"<input>\", spanStart = SourcePos {posLine = 47, posColumn = 5}, spanEnd = SourcePos {posLine = 47, posColumn = 10}}, locValue = TokenKeyword KwWhile},Located {locSpan = SourceSpan {spanFilename = \"<input>\", spanStart = SourcePos {posLine = 47, posColumn = 11}, spanEnd = SourcePos {posLine = 47, posColumn = 14}}, locValue = TokenKeyword KwNot},Located {locSpan = SourceSpan {spanFilename = \"<input>\", spanStart = SourcePos {posLine = 47, posColumn = 15}, spanEnd = SourcePos {posLine = 47, posColumn = 27}}, locValue = TokenIdent \"result_queue\"},Located {locSpan = SourceSpan {spanFilename = \"<input>\", spanStart = SourcePos {posLine = 47, posColumn = 27}, spanEnd = SourcePos {posLine = 47, posColumn = 28}}, locValue = TokenDelimiter DelimDot},Located {locSpan = SourceSpan {spanFilename = \"<input>\", spanStart = SourcePos {posLine = 47, posColumn = 28}, spanEnd = SourcePos {posLine = 47, posColumn = 33}}, locValue = TokenIdent \"empty\"},Located {locSpan = SourceSpan {spanFilename = \"<input>\", spanStart = SourcePos {posLine = 47, posColumn = 33}, spanEnd = SourcePos {posLine = 47, posColumn = 34}}, locValue = TokenDelimiter DelimLeftParen},Located {locSpan = SourceSpan {spanFilename = \"<input>\", spanStart = SourcePos {posLine = 47, posColumn = 34}, spanEnd = SourcePos {posLine = 47, posColumn = 35}}, locValue = TokenDelimiter DelimRightParen},Located {locSpan = SourceSpan {spanFilename = \"<input>\", spanStart = SourcePos {posLine = 47, posColumn = 35}, spanEnd = SourcePos {posLine = 47, posColumn = 36}}, locValue = TokenDelimiter DelimColon},Located {locSpan = SourceSpan {spanFilename = \"<input>\", spanStart = SourcePos {posLine = 47, posColumn = 1}, spanEnd = SourcePos {posLine = 48, posColumn = 1}}, locValue = TokenNewline},Located {locSpan = SourceSpan {spanFilename = \"<input>\", spanStart = SourcePos {posLine = 48, posColumn = 1}, spanEnd = SourcePos {posLine = 48, posColumn = 9}}, locValue = TokenIndent 8},Located {locSpan = SourceSpan {spanFilename = \"<input>\", spanStart = SourcePos {posLine = 48, posColumn = 9}, spanEnd = SourcePos {posLine = 48, posColumn = 16}}, locValue = TokenIdent \"results\"},Located {locSpan = SourceSpan {spanFilename = \"<input>\", spanStart = SourcePos {posLine = 48, posColumn = 16}, spanEnd = SourcePos {posLine = 48, posColumn = 17}}, locValue = TokenDelimiter DelimDot},Located {locSpan = SourceSpan {spanFilename = \"<input>\", spanStart = SourcePos {posLine = 48, posColumn = 17}, spanEnd = SourcePos {posLine = 48, posColumn = 23}}, locValue = TokenIdent \"append\"},Located {locSpan = SourceSpan {spanFilename = \"<input>\", spanStart = SourcePos {posLine = 48, posColumn = 23}, spanEnd = SourcePos {posLine = 48, posColumn = 24}}, locValue = TokenDelimiter DelimLeftParen},Located {locSpan = SourceSpan {spanFilename = \"<input>\", spanStart = SourcePos {posLine = 48, posColumn = 24}, spanEnd = SourcePos {posLine = 48, posColumn = 36}}, locValue = TokenIdent \"result_queue\"},Located {locSpan = SourceSpan {spanFilename = \"<input>\", spanStart = SourcePos {posLine = 48, posColumn = 36}, spanEnd = SourcePos {posLine = 48, posColumn = 37}}, locValue = TokenDelimiter DelimDot},Located {locSpan = SourceSpan {spanFilename = \"<input>\", spanStart = SourcePos {posLine = 48, posColumn = 37}, spanEnd = SourcePos {posLine = 48, posColumn = 40}}, locValue = TokenIdent \"get\"},Located {locSpan = SourceSpan {spanFilename = \"<input>\", spanStart = SourcePos {posLine = 48, posColumn = 40}, spanEnd = SourcePos {posLine = 48, posColumn = 41}}, locValue = TokenDelimiter DelimLeftParen},Located {locSpan = SourceSpan {spanFilename = \"<input>\", spanStart = SourcePos {posLine = 48, posColumn = 41}, spanEnd = SourcePos {posLine = 48, posColumn = 42}}, locValue = TokenDelimiter DelimRightParen},Located {locSpan = SourceSpan {spanFilename = \"<input>\", spanStart = SourcePos {posLine = 48, posColumn = 42}, spanEnd = SourcePos {posLine = 48, posColumn = 43}}, locValue = TokenDelimiter DelimRightParen},Located {locSpan = SourceSpan {spanFilename = \"<input>\", spanStart = SourcePos {posLine = 48, posColumn = 1}, spanEnd = SourcePos {posLine = 49, posColumn = 1}}, locValue = TokenNewline},Located {locSpan = SourceSpan {spanFilename = \"<input>\", spanStart = SourcePos {posLine = 49, posColumn = 1}, spanEnd = SourcePos {posLine = 49, posColumn = 5}}, locValue = TokenDedent 8},Located {locSpan = SourceSpan {spanFilename = \"<input>\", spanStart = SourcePos {posLine = 49, posColumn = 1}, spanEnd = SourcePos {posLine = 50, posColumn = 1}}, locValue = TokenNewline},Located {locSpan = SourceSpan {spanFilename = \"<input>\", spanStart = SourcePos {posLine = 50, posColumn = 5}, spanEnd = SourcePos {posLine = 50, posColumn = 32}}, locValue = TokenComment \"# Sort results by worker ID\"},Located {locSpan = SourceSpan {spanFilename = \"<input>\", spanStart = SourcePos {posLine = 50, posColumn = 1}, spanEnd = SourcePos {posLine = 51, posColumn = 1}}, locValue = TokenNewline},Located {locSpan = SourceSpan {spanFilename = \"<input>\", spanStart = SourcePos {posLine = 51, posColumn = 5}, spanEnd = SourcePos {posLine = 51, posColumn = 12}}, locValue = TokenIdent \"results\"},Located {locSpan = SourceSpan {spanFilename = \"<input>\", spanStart = SourcePos {posLine = 51, posColumn = 12}, spanEnd = SourcePos {posLine = 51, posColumn = 13}}, locValue = TokenDelimiter DelimDot},Located {locSpan = SourceSpan {spanFilename = \"<input>\", spanStart = SourcePos {posLine = 51, posColumn = 13}, spanEnd = SourcePos {posLine = 51, posColumn = 17}}, locValue = TokenIdent \"sort\"},Located {locSpan = SourceSpan {spanFilename = \"<input>\", spanStart = SourcePos {posLine = 51, posColumn = 17}, spanEnd = SourcePos {posLine = 51, posColumn = 18}}, locValue = TokenDelimiter DelimLeftParen},Located {locSpan = SourceSpan {spanFilename = \"<input>\", spanStart = SourcePos {posLine = 51, posColumn = 18}, spanEnd = SourcePos {posLine = 51, posColumn = 19}}, locValue = TokenDelimiter DelimRightParen},Located {locSpan = SourceSpan {spanFilename = \"<input>\", spanStart = SourcePos {posLine = 51, posColumn = 1}, spanEnd = SourcePos {posLine = 52, posColumn = 1}}, locValue = TokenNewline},Located {locSpan = SourceSpan {spanFilename = \"<input>\", spanStart = SourcePos {posLine = 52, posColumn = 1}, spanEnd = SourcePos {posLine = 53, posColumn = 1}}, locValue = TokenNewline},Located {locSpan = SourceSpan {spanFilename = \"<input>\", spanStart = SourcePos {posLine = 53, posColumn = 5}, spanEnd = SourcePos {posLine = 53, posColumn = 10}}, locValue = TokenIdent \"print\"},Located {locSpan = SourceSpan {spanFilename = \"<input>\", spanStart = SourcePos {posLine = 53, posColumn = 10}, spanEnd = SourcePos {posLine = 53, posColumn = 11}}, locValue = TokenDelimiter DelimLeftParen},Located {locSpan = SourceSpan {spanFilename = \"<input>\", spanStart = SourcePos {posLine = 53, posColumn = 11}, spanEnd = SourcePos {posLine = 53, posColumn = 44}}, locValue = TokenFString \"Processed {len(results)} tasks\" [\"len(results)\"]},Located {locSpan = SourceSpan {spanFilename = \"<input>\", spanStart = SourcePos {posLine = 53, posColumn = 44}, spanEnd = SourcePos {posLine = 53, posColumn = 45}}, locValue = TokenDelimiter DelimRightParen},Located {locSpan = SourceSpan {spanFilename = \"<input>\", spanStart = SourcePos {posLine = 53, posColumn = 1}, spanEnd = SourcePos {posLine = 54, posColumn = 1}}, locValue = TokenNewline},Located {locSpan = SourceSpan {spanFilename = \"<input>\", spanStart = SourcePos {posLine = 54, posColumn = 5}, spanEnd = SourcePos {posLine = 54, posColumn = 8}}, locValue = TokenKeyword KwFor},Located {locSpan = SourceSpan {spanFilename = \"<input>\", spanStart = SourcePos {posLine = 54, posColumn = 9}, spanEnd = SourcePos {posLine = 54, posColumn = 18}}, locValue = TokenIdent \"worker_id\"},Located {locSpan = SourceSpan {spanFilename = \"<input>\", spanStart = SourcePos {posLine = 54, posColumn = 18}, spanEnd = SourcePos {posLine = 54, posColumn = 19}}, locValue = TokenDelimiter DelimComma},Located {locSpan = SourceSpan {spanFilename = \"<input>\", spanStart = SourcePos {posLine = 54, posColumn = 20}, spanEnd = SourcePos {posLine = 54, posColumn = 26}}, locValue = TokenIdent \"result\"},Located {locSpan = SourceSpan {spanFilename = \"<input>\", spanStart = SourcePos {posLine = 54, posColumn = 27}, spanEnd = SourcePos {posLine = 54, posColumn = 29}}, locValue = TokenKeyword KwIn},Located {locSpan = SourceSpan {spanFilename = \"<input>\", spanStart = SourcePos {posLine = 54, posColumn = 30}, spanEnd = SourcePos {posLine = 54, posColumn = 37}}, locValue = TokenIdent \"results\"},Located {locSpan = SourceSpan {spanFilename = \"<input>\", spanStart = SourcePos {posLine = 54, posColumn = 37}, spanEnd = SourcePos {posLine = 54, posColumn = 38}}, locValue = TokenDelimiter DelimColon},Located {locSpan = SourceSpan {spanFilename = \"<input>\", spanStart = SourcePos {posLine = 54, posColumn = 1}, spanEnd = SourcePos {posLine = 55, posColumn = 1}}, locValue = TokenNewline},Located {locSpan = SourceSpan {spanFilename = \"<input>\", spanStart = SourcePos {posLine = 55, posColumn = 1}, spanEnd = SourcePos {posLine = 55, posColumn = 9}}, locValue = TokenIndent 8},Located {locSpan = SourceSpan {spanFilename = \"<input>\", spanStart = SourcePos {posLine = 55, posColumn = 9}, spanEnd = SourcePos {posLine = 55, posColumn = 14}}, locValue = TokenIdent \"print\"},Located {locSpan = SourceSpan {spanFilename = \"<input>\", spanStart = SourcePos {posLine = 55, posColumn = 14}, spanEnd = SourcePos {posLine = 55, posColumn = 15}}, locValue = TokenDelimiter DelimLeftParen},Located {locSpan = SourceSpan {spanFilename = \"<input>\", spanStart = SourcePos {posLine = 55, posColumn = 15}, spanEnd = SourcePos {posLine = 55, posColumn = 46}}, locValue = TokenFString \"Worker {worker_id}: {result}\" [\"worker_id\",\"result\"]},Located {locSpan = SourceSpan {spanFilename = \"<input>\", spanStart = SourcePos {posLine = 55, posColumn = 46}, spanEnd = SourcePos {posLine = 55, posColumn = 47}}, locValue = TokenDelimiter DelimRightParen},Located {locSpan = SourceSpan {spanFilename = \"<input>\", spanStart = SourcePos {posLine = 55, posColumn = 1}, spanEnd = SourcePos {posLine = 56, posColumn = 1}}, locValue = TokenNewline},Located {locSpan = SourceSpan {spanFilename = \"<input>\", spanStart = SourcePos {posLine = 56, posColumn = 1}, spanEnd = SourcePos {posLine = 56, posColumn = 5}}, locValue = TokenDedent 8},Located {locSpan = SourceSpan {spanFilename = \"<input>\", spanStart = SourcePos {posLine = 56, posColumn = 1}, spanEnd = SourcePos {posLine = 57, posColumn = 1}}, locValue = TokenNewline},Located {locSpan = SourceSpan {spanFilename = \"<input>\", spanStart = SourcePos {posLine = 57, posColumn = 5}, spanEnd = SourcePos {posLine = 57, posColumn = 11}}, locValue = TokenKeyword KwReturn},Located {locSpan = SourceSpan {spanFilename = \"<input>\", spanStart = SourcePos {posLine = 57, posColumn = 12}, spanEnd = SourcePos {posLine = 57, posColumn = 13}}, locValue = TokenNumber \"0\" False},Located {locSpan = SourceSpan {spanFilename = \"<input>\", spanStart = SourcePos {posLine = 57, posColumn = 1}, spanEnd = SourcePos {posLine = 59, posColumn = 1}}, locValue = TokenNewline},Located {locSpan = SourceSpan {spanFilename = \"<input>\", spanStart = SourcePos {posLine = 57, posColumn = 1}, spanEnd = SourcePos {posLine = 59, posColumn = 1}}, locValue = TokenNewline},Located {locSpan = SourceSpan {spanFilename = \"<input>\", spanStart = SourcePos {posLine = 59, posColumn = 1}, spanEnd = SourcePos {posLine = 59, posColumn = 1}}, locValue = TokenDedent 4},Located {locSpan = SourceSpan {spanFilename = \"<input>\", spanStart = SourcePos {posLine = 59, posColumn = 1}, spanEnd = SourcePos {posLine = 59, posColumn = 3}}, locValue = TokenKeyword KwIf},Located {locSpan = SourceSpan {spanFilename = \"<input>\", spanStart = SourcePos {posLine = 59, posColumn = 4}, spanEnd = SourcePos {posLine = 59, posColumn = 12}}, locValue = TokenIdent \"__name__\"},Located {locSpan = SourceSpan {spanFilename = \"<input>\", spanStart = SourcePos {posLine = 59, posColumn = 13}, spanEnd = SourcePos {posLine = 59, posColumn = 15}}, locValue = TokenOperator OpEq},Located {locSpan = SourceSpan {spanFilename = \"<input>\", spanStart = SourcePos {posLine = 59, posColumn = 16}, spanEnd = SourcePos {posLine = 59, posColumn = 26}}, locValue = TokenString \"__main__\"},Located {locSpan = SourceSpan {spanFilename = \"<input>\", spanStart = SourcePos {posLine = 59, posColumn = 26}, spanEnd = SourcePos {posLine = 59, posColumn = 27}}, locValue = TokenDelimiter DelimColon},Located {locSpan = SourceSpan {spanFilename = \"<input>\", spanStart = SourcePos {posLine = 59, posColumn = 1}, spanEnd = SourcePos {posLine = 60, posColumn = 1}}, locValue = TokenNewline},Located {locSpan = SourceSpan {spanFilename = \"<input>\", spanStart = SourcePos {posLine = 60, posColumn = 1}, spanEnd = SourcePos {posLine = 60, posColumn = 5}}, locValue = TokenIndent 4},Located {locSpan = SourceSpan {spanFilename = \"<input>\", spanStart = SourcePos {posLine = 60, posColumn = 5}, spanEnd = SourcePos {posLine = 60, posColumn = 9}}, locValue = TokenIdent \"main\"},Located {locSpan = SourceSpan {spanFilename = \"<input>\", spanStart = SourcePos {posLine = 60, posColumn = 9}, spanEnd = SourcePos {posLine = 60, posColumn = 10}}, locValue = TokenDelimiter DelimLeftParen},Located {locSpan = SourceSpan {spanFilename = \"<input>\", spanStart = SourcePos {posLine = 60, posColumn = 10}, spanEnd = SourcePos {posLine = 60, posColumn = 11}}, locValue = TokenDelimiter DelimRightParen},Located {locSpan = SourceSpan {spanFilename = \"<input>\", spanStart = SourcePos {posLine = 60, posColumn = 1}, spanEnd = SourcePos {posLine = 61, posColumn = 1}}, locValue = TokenNewline},Located {locSpan = SourceSpan {spanFilename = \"<input>\", spanStart = SourcePos {posLine = 0, posColumn = 0}, spanEnd = SourcePos {posLine = 0, posColumn = 0}}, locValue = TokenDedent 0}], pstateOffset = 0, pstateSourcePos = SourcePos {sourceName = \"/tmp/fluxus-concurrency-test--a168bec0e93f5c47/concurrent.py\", sourceLine = Pos 1, sourceColumn = Pos 1}, pstateTabWidth = Pos 8, pstateLinePrefix = \"\"}}" (SourceSpan {spanFilename = "/tmp/fluxus-concurrency-test--a168bec0e93f5c47/concurrent.py", spanStart = SourcePos {posLine = 1, posColumn = 1}, spanEnd = SourcePos {posLine = 1, posColumn = 1}})

  To rerun use: --match "/Fluxus Compiler Comprehensive Test Suite/End-to-End Production Tests/Runtime Behavior Tests/manages concurrency correctly/" --seed 588822564

  test/Test/Fluxus/EndToEnd.hs:457:21: 
  7) Fluxus Compiler Comprehensive Test Suite, End-to-End Production Tests, Performance Tests, compiles efficiently with large codebases
       Compilation failed: ParseError "ParseErrorBundle {bundleErrors = TrivialError 2708 (Just (Tokens (Located {locSpan = SourceSpan {spanFilename = \"<input>\", spanStart = SourcePos {posLine = 405, posColumn = 1}, spanEnd = SourcePos {posLine = 405, posColumn = 4}}, locValue = TokenKeyword KwDef} :| []))) (fromList [EndOfInput]) :| [], bundlePosState = PosState {pstateInput = [Located {locSpan = SourceSpan {spanFilename = \"<input>\", spanStart = SourcePos {posLine = 1, posColumn = 1}, spanEnd = SourcePos {posLine = 1, posColumn = 7}}, locValue = TokenKeyword KwImport},Located {locSpan = SourceSpan {spanFilename = \"<input>\", spanStart = SourcePos {posLine = 1, posColumn = 8}, spanEnd = SourcePos {posLine = 1, posColumn = 11}}, locValue = TokenIdent \"sys\"},Located {locSpan = SourceSpan {spanFilename = \"<input>\", spanStart = SourcePos {posLine = 1, posColumn = 1}, spanEnd = SourcePos {posLine = 2, posColumn = 1}}, locValue = TokenNewline},Located {locSpan = SourceSpan {spanFilename = \"<input>\", spanStart = SourcePos {posLine = 2, posColumn = 1}, spanEnd = SourcePos {posLine = 2, posColumn = 7}}, locValue = TokenKeyword KwImport},Located {locSpan = SourceSpan {spanFilename = \"<input>\", spanStart = SourcePos {posLine = 2, posColumn = 8}, spanEnd = SourcePos {posLine = 2, posColumn = 12}}, locValue = TokenIdent \"math\"},Located {locSpan = SourceSpan {spanFilename = \"<input>\", spanStart = SourcePos {posLine = 2, posColumn = 1}, spanEnd = SourcePos {posLine = 4, posColumn = 1}}, locValue = TokenNewline},Located {locSpan = SourceSpan {spanFilename = \"<input>\", spanStart = SourcePos {posLine = 2, posColumn = 1}, spanEnd = SourcePos {posLine = 4, posColumn = 1}}, locValue = TokenNewline},Located {locSpan = SourceSpan {spanFilename = \"<input>\", spanStart = SourcePos {posLine = 4, posColumn = 1}, spanEnd = SourcePos {posLine = 4, posColumn = 4}}, locValue = TokenKeyword KwDef},Located {locSpan = SourceSpan {spanFilename = \"<input>\", spanStart = SourcePos {posLine = 4, posColumn = 5}, spanEnd = SourcePos {posLine = 4, posColumn = 15}}, locValue = TokenIdent \"function_1\"},Located {locSpan = SourceSpan {spanFilename = \"<input>\", spanStart = SourcePos {posLine = 4, posColumn = 15}, spanEnd = SourcePos {posLine = 4, posColumn = 16}}, locValue = TokenDelimiter DelimLeftParen},Located {locSpan = SourceSpan {spanFilename = \"<input>\", spanStart = SourcePos {posLine = 4, posColumn = 16}, spanEnd = SourcePos {posLine = 4, posColumn = 17}}, locValue = TokenIdent \"x\"},Located {locSpan = SourceSpan {spanFilename = \"<input>\", spanStart = SourcePos {posLine = 4, posColumn = 17}, spanEnd = SourcePos {posLine = 4, posColumn = 18}}, locValue = TokenDelimiter DelimRightParen},Located {locSpan = SourceSpan {spanFilename = \"<input>\", spanStart = SourcePos {posLine = 4, posColumn = 18}, spanEnd = SourcePos {posLine = 4, posColumn = 19}}, locValue = TokenDelimiter DelimColon},Located {locSpan = SourceSpan {spanFilename = \"<input>\", spanStart = SourcePos {posLine = 4, posColumn = 1}, spanEnd = SourcePos {posLine = 5, posColumn = 1}}, locValue = TokenNewline},Located {locSpan = SourceSpan {spanFilename = \"<input>\", spanStart = SourcePos {posLine = 5, posColumn = 1}, spanEnd = SourcePos {posLine = 5, posColumn = 5}}, locValue = TokenIndent 4},Located {locSpan = SourceSpan {spanFilename = \"<input>\", spanStart = SourcePos {posLine = 5, posColumn = 5}, spanEnd = SourcePos {posLine = 5, posColumn = 32}}, locValue = TokenComment \"# Function 1 implementation\"},Located {locSpan = SourceSpan {spanFilename = \"<input>\", spanStart = SourcePos {posLine = 5, posColumn = 1}, spanEnd = SourcePos {posLine = 6, posColumn = 1}}, locValue = TokenNewline},Located {locSpan = SourceSpan {spanFilename = \"<input>\", spanStart = SourcePos {posLine = 6, posColumn = 5}, spanEnd = SourcePos {posLine = 6, posColumn = 11}}, locValue = TokenIdent \"result\"},Located {locSpan = SourceSpan {spanFilename = \"<input>\", spanStart = SourcePos {posLine = 6, posColumn = 12}, spanEnd = SourcePos {posLine = 6, posColumn = 13}}, locValue = TokenOperator OpAssign},Located {locSpan = SourceSpan {spanFilename = \"<input>\", spanStart = SourcePos {posLine = 6, posColumn = 14}, spanEnd = SourcePos {posLine = 6, posColumn = 15}}, locValue = TokenIdent \"x\"},Located {locSpan = SourceSpan {spanFilename = \"<input>\", spanStart = SourcePos {posLine = 6, posColumn = 16}, spanEnd = SourcePos {posLine = 6, posColumn = 17}}, locValue = TokenOperator OpMult},Located {locSpan = SourceSpan {spanFilename = \"<input>\", spanStart = SourcePos {posLine = 6, posColumn = 18}, spanEnd = SourcePos {posLine = 6, posColumn = 19}}, locValue = TokenNumber \"1\" False},Located {locSpan = SourceSpan {spanFilename = \"<input>\", spanStart = SourcePos {posLine = 6, posColumn = 20}, spanEnd = SourcePos {posLine = 6, posColumn = 21}}, locValue = TokenOperator OpPlus},Located {locSpan = SourceSpan {spanFilename = \"<input>\", spanStart = SourcePos {posLine = 6, posColumn = 22}, spanEnd = SourcePos {posLine = 6, posColumn = 26}}, locValue = TokenIdent \"math\"},Located {locSpan = SourceSpan {spanFilename = \"<input>\", spanStart = SourcePos {posLine = 6, posColumn = 26}, spanEnd = SourcePos {posLine = 6, posColumn = 27}}, locValue = TokenDelimiter DelimDot},Located {locSpan = SourceSpan {spanFilename = \"<input>\", spanStart = SourcePos {posLine = 6, posColumn = 27}, spanEnd = SourcePos {posLine = 6, posColumn = 31}}, locValue = TokenIdent \"sqrt\"},Located {locSpan = SourceSpan {spanFilename = \"<input>\", spanStart = SourcePos {posLine = 6, posColumn = 31}, spanEnd = SourcePos {posLine = 6, posColumn = 32}}, locValue = TokenDelimiter DelimLeftParen},Located {locSpan = SourceSpan {spanFilename = \"<input>\", spanStart = SourcePos {posLine = 6, posColumn = 32}, spanEnd = SourcePos {posLine = 6, posColumn = 33}}, locValue = TokenNumber \"1\" False},Located {locSpan = SourceSpan {spanFilename = \"<input>\", spanStart = SourcePos {posLine = 6, posColumn = 33}, spanEnd = SourcePos {posLine = 6, posColumn = 34}}, locValue = TokenDelimiter DelimRightParen},Located {locSpan = SourceSpan {spanFilename = \"<input>\", spanStart = SourcePos {posLine = 6, posColumn = 1}, spanEnd = SourcePos {posLine = 7, posColumn = 1}}, locValue = TokenNewline},Located {locSpan = SourceSpan {spanFilename = \"<input>\", spanStart = SourcePos {posLine = 7, posColumn = 5}, spanEnd = SourcePos {posLine = 7, posColumn = 11}}, locValue = TokenKeyword KwReturn},Located {locSpan = SourceSpan {spanFilename = \"<input>\", spanStart = SourcePos {posLine = 7, posColumn = 12}, spanEnd = SourcePos {posLine = 7, posColumn = 18}}, locValue = TokenIdent \"result\"},Located {locSpan = SourceSpan {spanFilename = \"<input>\", spanStart = SourcePos {posLine = 7, posColumn = 1}, spanEnd = SourcePos {posLine = 8, posColumn = 1}}, locValue = TokenNewline},Located {locSpan = SourceSpan {spanFilename = \"<input>\", spanStart = SourcePos {posLine = 8, posColumn = 1}, spanEnd = SourcePos {posLine = 8, posColumn = 1}}, locValue = TokenDedent 4},Located {locSpan = SourceSpan {spanFilename = \"<input>\", spanStart = SourcePos {posLine = 8, posColumn = 1}, spanEnd = SourcePos {posLine = 8, posColumn = 4}}, locValue = TokenKeyword KwDef},Located {locSpan = SourceSpan {spanFilename = \"<input>\", spanStart = SourcePos {posLine = 8, posColumn = 5}, spanEnd = SourcePos {posLine = 8, posColumn = 15}}, locValue = TokenIdent \"function_2\"},Located {locSpan = SourceSpan {spanFilename = \"<input>\", spanStart = SourcePos {posLine = 8, posColumn = 15}, spanEnd = SourcePos {posLine = 8, posColumn = 16}}, locValue = TokenDelimiter DelimLeftParen},Located {locSpan = SourceSpan {spanFilename = \"<input>\", spanStart = SourcePos {posLine = 8, posColumn = 16}, spanEnd = SourcePos {posLine = 8, posColumn = 17}}, locValue = TokenIdent \"x\"},Located {locSpan = SourceSpan {spanFilename = \"<input>\", spanStart = SourcePos {posLine = 8, posColumn = 17}, spanEnd = SourcePos {posLine = 8, posColumn = 18}}, locValue = TokenDelimiter DelimRightParen},Located {locSpan = SourceSpan {spanFilename = \"<input>\", spanStart = SourcePos {posLine = 8, posColumn = 18}, spanEnd = SourcePos {posLine = 8, posColumn = 19}}, locValue = TokenDelimiter DelimColon},Located {locSpan = SourceSpan {spanFilename = \"<input>\", spanStart = SourcePos {posLine = 8, posColumn = 1}, spanEnd = SourcePos {posLine = 9, posColumn = 1}}, locValue = TokenNewline},Located {locSpan = SourceSpan {spanFilename = \"<input>\", spanStart = SourcePos {posLine = 9, posColumn = 1}, spanEnd = SourcePos {posLine = 9, posColumn = 5}}, locValue = TokenIndent 4},Located {locSpan = SourceSpan {spanFilename = \"<input>\", spanStart = SourcePos {posLine = 9, posColumn = 5}, spanEnd = SourcePos {posLine = 9, posColumn = 32}}, locValue = TokenComment \"# Function 2 implementation\"},Located {locSpan = SourceSpan {spanFilename = \"<input>\", spanStart = SourcePos {posLine = 9, posColumn = 1}, spanEnd = SourcePos {posLine = 10, posColumn = 1}}, locValue = TokenNewline},Located {locSpan = SourceSpan {spanFilename = \"<input>\", spanStart = SourcePos {posLine = 10, posColumn = 5}, spanEnd = SourcePos {posLine = 10, posColumn = 11}}, locValue = TokenIdent \"result\"},Located {locSpan = SourceSpan {spanFilename = \"<input>\", spanStart = SourcePos {posLine = 10, posColumn = 12}, spanEnd = SourcePos {posLine = 10, posColumn = 13}}, locValue = TokenOperator OpAssign},Located {locSpan = SourceSpan {spanFilename = \"<input>\", spanStart = SourcePos {posLine = 10, posColumn = 14}, spanEnd = SourcePos {posLine = 10, posColumn = 15}}, locValue = TokenIdent \"x\"},Located {locSpan = SourceSpan {spanFilename = \"<input>\", spanStart = SourcePos {posLine = 10, posColumn = 16}, spanEnd = SourcePos {posLine = 10, posColumn = 17}}, locValue = TokenOperator OpMult},Located {locSpan = SourceSpan {spanFilename = \"<input>\", spanStart = SourcePos {posLine = 10, posColumn = 18}, spanEnd = SourcePos {posLine = 10, posColumn = 19}}, locValue = TokenNumber \"2\" False},Located {locSpan = SourceSpan {spanFilename = \"<input>\", spanStart = SourcePos {posLine = 10, posColumn = 20}, spanEnd = SourcePos {posLine = 10, posColumn = 21}}, locValue = TokenOperator OpPlus},Located {locSpan = SourceSpan {spanFilename = \"<input>\", spanStart = SourcePos {posLine = 10, posColumn = 22}, spanEnd = SourcePos {posLine = 10, posColumn = 26}}, locValue = TokenIdent \"math\"},Located {locSpan = SourceSpan {spanFilename = \"<input>\", spanStart = SourcePos {posLine = 10, posColumn = 26}, spanEnd = SourcePos {posLine = 10, posColumn = 27}}, locValue = TokenDelimiter DelimDot},Located {locSpan = SourceSpan {spanFilename = \"<input>\", spanStart = SourcePos {posLine = 10, posColumn = 27}, spanEnd = SourcePos {posLine = 10, posColumn = 31}}, locValue = TokenIdent \"sqrt\"},Located {locSpan = SourceSpan {spanFilename = \"<input>\", spanStart = SourcePos {posLine = 10, posColumn = 31}, spanEnd = SourcePos {posLine = 10, posColumn = 32}}, locValue = TokenDelimiter DelimLeftParen},Located {locSpan = SourceSpan {spanFilename = \"<input>\", spanStart = SourcePos {posLine = 10, posColumn = 32}, spanEnd = SourcePos {posLine = 10, posColumn = 33}}, locValue = TokenNumber \"2\" False},Located {locSpan = SourceSpan {spanFilename = \"<input>\", spanStart = SourcePos {posLine = 10, posColumn = 33}, spanEnd = SourcePos {posLine = 10, posColumn = 34}}, locValue = TokenDelimiter DelimRightParen},Located {locSpan = SourceSpan {spanFilename = \"<input>\", spanStart = SourcePos {posLine = 10, posColumn = 1}, spanEnd = SourcePos {posLine = 11, posColumn = 1}}, locValue = TokenNewline},Located {locSpan = SourceSpan {spanFilename = \"<input>\", spanStart = SourcePos {posLine = 11, posColumn = 5}, spanEnd = SourcePos {posLine = 11, posColumn = 11}}, locValue = TokenKeyword KwReturn},Located {locSpan = SourceSpan {spanFilename = \"<input>\", spanStart = SourcePos {posLine = 11, posColumn = 12}, spanEnd = SourcePos {posLine = 11, posColumn = 18}}, locValue = TokenIdent \"result\"},Located {locSpan = SourceSpan {spanFilename = \"<input>\", spanStart = SourcePos {posLine = 11, posColumn = 1}, spanEnd = SourcePos {posLine = 12, posColumn = 1}}, locValue = TokenNewline},Located {locSpan = SourceSpan {spanFilename = \"<input>\", spanStart = SourcePos {posLine = 12, posColumn = 1}, spanEnd = SourcePos {posLine = 12, posColumn = 1}}, locValue = TokenDedent 4},Located {locSpan = SourceSpan {spanFilename = \"<input>\", spanStart = SourcePos {posLine = 12, posColumn = 1}, spanEnd = SourcePos {posLine = 12, posColumn = 4}}, locValue = TokenKeyword KwDef},Located {locSpan = SourceSpan {spanFilename = \"<input>\", spanStart = SourcePos {posLine = 12, posColumn = 5}, spanEnd = SourcePos {posLine = 12, posColumn = 15}}, locValue = TokenIdent \"function_3\"},Located {locSpan = SourceSpan {spanFilename = \"<input>\", spanStart = SourcePos {posLine = 12, posColumn = 15}, spanEnd = SourcePos {posLine = 12, posColumn = 16}}, locValue = TokenDelimiter DelimLeftParen},Located {locSpan = SourceSpan {spanFilename = \"<input>\", spanStart = SourcePos {posLine = 12, posColumn = 16}, spanEnd = SourcePos {posLine = 12, posColumn = 17}}, locValue = TokenIdent \"x\"},Located {locSpan = SourceSpan {spanFilename = \"<input>\", spanStart = SourcePos {posLine = 12, posColumn = 17}, spanEnd = SourcePos {posLine = 12, posColumn = 18}}, locValue = TokenDelimiter DelimRightParen},Located {locSpan = SourceSpan {spanFilename = \"<input>\", spanStart = SourcePos {posLine = 12, posColumn = 18}, spanEnd = SourcePos {posLine = 12, posColumn = 19}}, locValue = TokenDelimiter DelimColon},Located {locSpan = SourceSpan {spanFilename = \"<input>\", spanStart = SourcePos {posLine = 12, posColumn = 1}, spanEnd = SourcePos {posLine = 13, posColumn = 1}}, locValue = TokenNewline},Located {locSpan = SourceSpan {spanFilename = \"<input>\", spanStart = SourcePos {posLine = 13, posColumn = 1}, spanEnd = SourcePos {posLine = 13, posColumn = 5}}, locValue = TokenIndent 4},Located {locSpan = SourceSpan {spanFilename = \"<input>\", spanStart = SourcePos {posLine = 13, posColumn = 5}, spanEnd = SourcePos {posLine = 13, posColumn = 32}}, locValue = TokenComment \"# Function 3 implementation\"},Located {locSpan = SourceSpan {spanFilename = \"<input>\", spanStart = SourcePos {posLine = 13, posColumn = 1}, spanEnd = SourcePos {posLine = 14, posColumn = 1}}, locValue = TokenNewline},Located {locSpan = SourceSpan {spanFilename = \"<input>\", spanStart = SourcePos {posLine = 14, posColumn = 5}, spanEnd = SourcePos {posLine = 14, posColumn = 11}}, locValue = TokenIdent \"result\"},Located {locSpan = SourceSpan {spanFilename = \"<input>\", spanStart = SourcePos {posLine = 14, posColumn = 12}, spanEnd = SourcePos {posLine = 14, posColumn = 13}}, locValue = TokenOperator OpAssign},Located {locSpan = SourceSpan {spanFilename = \"<input>\", spanStart = SourcePos {posLine = 14, posColumn = 14}, spanEnd = SourcePos {posLine = 14, posColumn = 15}}, locValue = TokenIdent \"x\"},Located {locSpan = SourceSpan {spanFilename = \"<input>\", spanStart = SourcePos {posLine = 14, posColumn = 16}, spanEnd = SourcePos {posLine = 14, posColumn = 17}}, locValue = TokenOperator OpMult},Located {locSpan = SourceSpan {spanFilename = \"<input>\", spanStart = SourcePos {posLine = 14, posColumn = 18}, spanEnd = SourcePos {posLine = 14, posColumn = 19}}, locValue = TokenNumber \"3\" False},Located {locSpan = SourceSpan {spanFilename = \"<input>\", spanStart = SourcePos {posLine = 14, posColumn = 20}, spanEnd = SourcePos {posLine = 14, posColumn = 21}}, locValue = TokenOperator OpPlus},Located {locSpan = SourceSpan {spanFilename = \"<input>\", spanStart = SourcePos {posLine = 14, posColumn = 22}, spanEnd = SourcePos {posLine = 14, posColumn = 26}}, locValue = TokenIdent \"math\"},Located {locSpan = SourceSpan {spanFilename = \"<input>\", spanStart = SourcePos {posLine = 14, posColumn = 26}, spanEnd = SourcePos {posLine = 14, posColumn = 27}}, locValue = TokenDelimiter DelimDot},Located {locSpan = SourceSpan {spanFilename = \"<input>\", spanStart = SourcePos {posLine = 14, posColumn = 27}, spanEnd = SourcePos {posLine = 14, posColumn = 31}}, locValue = TokenIdent \"sqrt\"},Located {locSpan = SourceSpan {spanFilename = \"<input>\", spanStart = SourcePos {posLine = 14, posColumn = 31}, spanEnd = SourcePos {posLine = 14, posColumn = 32}}, locValue = TokenDelimiter DelimLeftParen},Located {locSpan = SourceSpan {spanFilename = \"<input>\", spanStart = SourcePos {posLine = 14, posColumn = 32}, spanEnd = SourcePos {posLine = 14, posColumn = 33}}, locValue = TokenNumber \"3\" False},Located {locSpan = SourceSpan {spanFilename = \"<input>\", spanStart = SourcePos {posLine = 14, posColumn = 33}, spanEnd = SourcePos {posLine = 14, posColumn = 34}}, locValue = TokenDelimiter DelimRightParen},Located {locSpan = SourceSpan {spanFilename = \"<input>\", spanStart = SourcePos {posLine = 14, posColumn = 1}, spanEnd = SourcePos {posLine = 15, posColumn = 1}}, locValue = TokenNewline},Located {locSpan = SourceSpan {spanFilename = \"<input>\", spanStart = SourcePos {posLine = 15, posColumn = 5}, spanEnd = SourcePos {posLine = 15, posColumn = 11}}, locValue = TokenKeyword KwReturn},Located {locSpan = SourceSpan {spanFilename = \"<input>\", spanStart = SourcePos {posLine = 15, posColumn = 12}, spanEnd = SourcePos {posLine = 15, posColumn = 18}}, locValue = TokenIdent \"result\"},Located {locSpan = SourceSpan {spanFilename = \"<input>\", spanStart = SourcePos {posLine = 15, posColumn = 1}, spanEnd = SourcePos {posLine = 16, posColumn = 1}}, locValue = TokenNewline},Located {locSpan = SourceSpan {spanFilename = \"<input>\", spanStart = SourcePos {posLine = 16, posColumn = 1}, spanEnd = SourcePos {posLine = 16, posColumn = 1}}, locValue = TokenDedent 4},Located {locSpan = SourceSpan {spanFilename = \"<input>\", spanStart = SourcePos {posLine = 16, posColumn = 1}, spanEnd = SourcePos {posLine = 16, posColumn = 4}}, locValue = TokenKeyword KwDef},Located {locSpan = SourceSpan {spanFilename = \"<input>\", spanStart = SourcePos {posLine = 16, posColumn = 5}, spanEnd = SourcePos {posLine = 16, posColumn = 15}}, locValue = TokenIdent \"function_4\"},Located {locSpan = SourceSpan {spanFilename = \"<input>\", spanStart = SourcePos {posLine = 16, posColumn = 15}, spanEnd = SourcePos {posLine = 16, posColumn = 16}}, locValue = TokenDelimiter DelimLeftParen},Located {locSpan = SourceSpan {spanFilename = \"<input>\", spanStart = SourcePos {posLine = 16, posColumn = 16}, spanEnd = SourcePos {posLine = 16, posColumn = 17}}, locValue = TokenIdent \"x\"},Located {locSpan = SourceSpan {spanFilename = \"<input>\", spanStart = SourcePos {posLine = 16, posColumn = 17}, spanEnd = SourcePos {posLine = 16, posColumn = 18}}, locValue = TokenDelimiter DelimRightParen},Located {locSpan = SourceSpan {spanFilename = \"<input>\", spanStart = SourcePos {posLine = 16, posColumn = 18}, spanEnd = SourcePos {posLine = 16, posColumn = 19}}, locValue = TokenDelimiter DelimColon},Located {locSpan = SourceSpan {spanFilename = \"<input>\", spanStart = SourcePos {posLine = 16, posColumn = 1}, spanEnd = SourcePos {posLine = 17, posColumn = 1}}, locValue = TokenNewline},Located {locSpan = SourceSpan {spanFilename = \"<input>\", spanStart = SourcePos {posLine = 17, posColumn = 1}, spanEnd = SourcePos {posLine = 17, posColumn = 5}}, locValue = TokenIndent 4},Located {locSpan = SourceSpan {spanFilename = \"<input>\", spanStart = SourcePos {posLine = 17, posColumn = 5}, spanEnd = SourcePos {posLine = 17, posColumn = 32}}, locValue = TokenComment \"# Function 4 implementation\"},Located {locSpan = SourceSpan {spanFilename = \"<input>\", spanStart = SourcePos {posLine = 17, posColumn = 1}, spanEnd = SourcePos {posLine = 18, posColumn = 1}}, locValue = TokenNewline},Located {locSpan = SourceSpan {spanFilename = \"<input>\", spanStart = SourcePos {posLine = 18, posColumn = 5}, spanEnd = SourcePos {posLine = 18, posColumn = 11}}, locValue = TokenIdent \"result\"},Located {locSpan = SourceSpan {spanFilename = \"<input>\", spanStart = SourcePos {posLine = 18, posColumn = 12}, spanEnd = SourcePos {posLine = 18, posColumn = 13}}, locValue = TokenOperator OpAssign},Located {locSpan = SourceSpan {spanFilename = \"<input>\", spanStart = SourcePos {posLine = 18, posColumn = 14}, spanEnd = SourcePos {posLine = 18, posColumn = 15}}, locValue = TokenIdent \"x\"},Located {locSpan = SourceSpan {spanFilename = \"<input>\", spanStart = SourcePos {posLine = 18, posColumn = 16}, spanEnd = SourcePos {posLine = 18, posColumn = 17}}, locValue = TokenOperator OpMult},Located {locSpan = SourceSpan {spanFilename = \"<input>\", spanStart = SourcePos {posLine = 18, posColumn = 18}, spanEnd = SourcePos {posLine = 18, posColumn = 19}}, locValue = TokenNumber \"4\" False},Located {locSpan = SourceSpan {spanFilename = \"<input>\", spanStart = SourcePos {posLine = 18, posColumn = 20}, spanEnd = SourcePos {posLine = 18, posColumn = 21}}, locValue = TokenOperator OpPlus},Located {locSpan = SourceSpan {spanFilename = \"<input>\", spanStart = SourcePos {posLine = 18, posColumn = 22}, spanEnd = SourcePos {posLine = 18, posColumn = 26}}, locValue = TokenIdent \"math\"},Located {locSpan = SourceSpan {spanFilename = \"<input>\", spanStart = SourcePos {posLine = 18, posColumn = 26}, spanEnd = SourcePos {posLine = 18, posColumn = 27}}, locValue = TokenDelimiter DelimDot},Located {locSpan = SourceSpan {spanFilename = \"<input>\", spanStart = SourcePos {posLine = 18, posColumn = 27}, spanEnd = SourcePos {posLine = 18, posColumn = 31}}, locValue = TokenIdent \"sqrt\"},Located {locSpan = SourceSpan {spanFilename = \"<input>\", spanStart = SourcePos {posLine = 18, posColumn = 31}, spanEnd = SourcePos {posLine = 18, posColumn = 32}}, locValue = TokenDelimiter DelimLeftParen},Located {locSpan = SourceSpan {spanFilename = \"<input>\", spanStart = SourcePos {posLine = 18, posColumn = 32}, spanEnd = SourcePos {posLine = 18, posColumn = 33}}, locValue = TokenNumber \"4\" False},Located {locSpan = SourceSpan {spanFilename = \"<input>\", spanStart = SourcePos {posLine = 18, posColumn = 33}, spanEnd = SourcePos {posLine = 18, posColumn = 34}}, locValue = TokenDelimiter DelimRightParen},Located {locSpan = SourceSpan {spanFilename = \"<input>\", spanStart = SourcePos {posLine = 18, posColumn = 1}, spanEnd = SourcePos {posLine = 19, posColumn = 1}}, locValue = TokenNewline},Located {locSpan = SourceSpan {spanFilename = \"<input>\", spanStart = SourcePos {posLine = 19, posColumn = 5}, spanEnd = SourcePos {posLine = 19, posColumn = 11}}, locValue = TokenKeyword KwReturn},Located {locSpan = SourceSpan {spanFilename = \"<input>\", spanStart = SourcePos {posLine = 19, posColumn = 12}, spanEnd = SourcePos {posLine = 19, posColumn = 18}}, locValue = TokenIdent \"result\"},Located {locSpan = SourceSpan {spanFilename = \"<input>\", spanStart = SourcePos {posLine = 19, posColumn = 1}, spanEnd = SourcePos {posLine = 20, posColumn = 1}}, locValue = TokenNewline},Located {locSpan = SourceSpan {spanFilename = \"<input>\", spanStart = SourcePos {posLine = 20, posColumn = 1}, spanEnd = SourcePos {posLine = 20, posColumn = 1}}, locValue = TokenDedent 4},Located {locSpan = SourceSpan {spanFilename = \"<input>\", spanStart = SourcePos {posLine = 20, posColumn = 1}, spanEnd = SourcePos {posLine = 20, posColumn = 4}}, locValue = TokenKeyword KwDef},Located {locSpan = SourceSpan {spanFilename = \"<input>\", spanStart = SourcePos {posLine = 20, posColumn = 5}, spanEnd = SourcePos {posLine = 20, posColumn = 15}}, locValue = TokenIdent \"function_5\"},Located {locSpan = SourceSpan {spanFilename = \"<input>\", spanStart = SourcePos {posLine = 20, posColumn = 15}, spanEnd = SourcePos {posLine = 20, posColumn = 16}}, locValue = TokenDelimiter DelimLeftParen},Located {locSpan = SourceSpan {spanFilename = \"<input>\", spanStart = SourcePos {posLine = 20, posColumn = 16}, spanEnd = SourcePos {posLine = 20, posColumn = 17}}, locValue = TokenIdent \"x\"},Located {locSpan = SourceSpan {spanFilename = \"<input>\", spanStart = SourcePos {posLine = 20, posColumn = 17}, spanEnd = SourcePos {posLine = 20, posColumn = 18}}, locValue = TokenDelimiter DelimRightParen},Located {locSpan = SourceSpan {spanFilename = \"<input>\", spanStart = SourcePos {posLine = 20, posColumn = 18}, spanEnd = SourcePos {posLine = 20, posColumn = 19}}, locValue = TokenDelimiter DelimColon},Located {locSpan = SourceSpan {spanFilename = \"<input>\", spanStart = SourcePos {posLine = 20, posColumn = 1}, spanEnd = SourcePos {posLine = 21, posColumn = 1}}, locValue = TokenNewline},Located {locSpan = SourceSpan {spanFilename = \"<input>\", spanStart = SourcePos {posLine = 21, posColumn = 1}, spanEnd = SourcePos {posLine = 21, posColumn = 5}}, locValue = TokenIndent 4},Located {locSpan = SourceSpan {spanFilename = \"<input>\", spanStart = SourcePos {posLine = 21, posColumn = 5}, spanEnd = SourcePos {posLine = 21, posColumn = 32}}, locValue = TokenComment \"# Function 5 implementation\"},Located {locSpan = SourceSpan {spanFilename = \"<input>\", spanStart = SourcePos {posLine = 21, posColumn = 1}, spanEnd = SourcePos {posLine = 22, posColumn = 1}}, locValue = TokenNewline},Located {locSpan = SourceSpan {spanFilename = \"<input>\", spanStart = SourcePos {posLine = 22, posColumn = 5}, spanEnd = SourcePos {posLine = 22, posColumn = 11}}, locValue = TokenIdent \"result\"},Located {locSpan = SourceSpan {spanFilename = \"<input>\", spanStart = SourcePos {posLine = 22, posColumn = 12}, spanEnd = SourcePos {posLine = 22, posColumn = 13}}, locValue = TokenOperator OpAssign},Located {locSpan = SourceSpan {spanFilename = \"<input>\", spanStart = SourcePos {posLine = 22, posColumn = 14}, spanEnd = SourcePos {posLine = 22, posColumn = 15}}, locValue = TokenIdent \"x\"},Located {locSpan = SourceSpan {spanFilename = \"<input>\", spanStart = SourcePos {posLine = 22, posColumn = 16}, spanEnd = SourcePos {posLine = 22, posColumn = 17}}, locValue = TokenOperator OpMult},Located {locSpan = SourceSpan {spanFilename = \"<input>\", spanStart = SourcePos {posLine = 22, posColumn = 18}, spanEnd = SourcePos {posLine = 22, posColumn = 19}}, locValue = TokenNumber \"5\" False},Located {locSpan = SourceSpan {spanFilename = \"<input>\", spanStart = SourcePos {posLine = 22, posColumn = 20}, spanEnd = SourcePos {posLine = 22, posColumn = 21}}, locValue = TokenOperator OpPlus},Located {locSpan = SourceSpan {spanFilename = \"<input>\", spanStart = SourcePos {posLine = 22, posColumn = 22}, spanEnd = SourcePos {posLine = 22, posColumn = 26}}, locValue = TokenIdent \"math\"},Located {locSpan = SourceSpan {spanFilename = \"<input>\", spanStart = SourcePos {posLine = 22, posColumn = 26}, spanEnd = SourcePos {posLine = 22, posColumn = 27}}, locValue = TokenDelimiter DelimDot},Located {locSpan = SourceSpan {spanFilename = \"<input>\", spanStart = SourcePos {posLine = 22, posColumn = 27}, spanEnd = SourcePos {posLine = 22, posColumn = 31}}, locValue = TokenIdent \"sqrt\"},Located {locSpan = SourceSpan {spanFilename = \"<input>\", spanStart = SourcePos {posLine = 22, posColumn = 31}, spanEnd = SourcePos {posLine = 22, posColumn = 32}}, locValue = TokenDelimiter DelimLeftParen},Located {locSpan = SourceSpan {spanFilename = \"<input>\", spanStart = SourcePos {posLine = 22, posColumn = 32}, spanEnd = SourcePos {posLine = 22, posColumn = 33}}, locValue = TokenNumber \"5\" False},Located {locSpan = SourceSpan {spanFilename = \"<input>\", spanStart = SourcePos {posLine = 22, posColumn = 33}, spanEnd = SourcePos {posLine = 22, posColumn = 34}}, locValue = TokenDelimiter DelimRightParen},Located {locSpan = SourceSpan {spanFilename = \"<input>\", spanStart = SourcePos {posLine = 22, posColumn = 1}, spanEnd = SourcePos {posLine = 23, posColumn = 1}}, locValue = TokenNewline},Located {locSpan = SourceSpan {spanFilename = \"<input>\", spanStart = SourcePos {posLine = 23, posColumn = 5}, spanEnd = SourcePos {posLine = 23, posColumn = 11}}, locValue = TokenKeyword KwReturn},Located {locSpan = SourceSpan {spanFilename = \"<input>\", spanStart = SourcePos {posLine = 23, posColumn = 12}, spanEnd = SourcePos {posLine = 23, posColumn = 18}}, locValue = TokenIdent \"result\"},Located {locSpan = SourceSpan {spanFilename = \"<input>\", spanStart = SourcePos {posLine = 23, posColumn = 1}, spanEnd = SourcePos {posLine = 24, posColumn = 1}}, locValue = TokenNewline},Located {locSpan = SourceSpan {spanFilename = \"<input>\", spanStart = SourcePos {posLine = 24, posColumn = 1}, spanEnd = SourcePos {posLine = 24, posColumn = 1}}, locValue = TokenDedent 4},Located {locSpan = SourceSpan {spanFilename = \"<input>\", spanStart = SourcePos {posLine = 24, posColumn = 1}, spanEnd = SourcePos {posLine = 24, posColumn = 4}}, locValue = TokenKeyword KwDef},Located {locSpan = SourceSpan {spanFilename = \"<input>\", spanStart = SourcePos {posLine = 24, posColumn = 5}, spanEnd = SourcePos {posLine = 24, posColumn = 15}}, locValue = TokenIdent \"function_6\"},Located {locSpan = SourceSpan {spanFilename = \"<input>\", spanStart = SourcePos {posLine = 24, posColumn = 15}, spanEnd = SourcePos {posLine = 24, posColumn = 16}}, locValue = TokenDelimiter DelimLeftParen},Located {locSpan = SourceSpan {spanFilename = \"<input>\", spanStart = SourcePos {posLine = 24, posColumn = 16}, spanEnd = SourcePos {posLine = 24, posColumn = 17}}, locValue = TokenIdent \"x\"},Located {locSpan = SourceSpan {spanFilename = \"<input>\", spanStart = SourcePos {posLine = 24, posColumn = 17}, spanEnd = SourcePos {posLine = 24, posColumn = 18}}, locValue = TokenDelimiter DelimRightParen},Located {locSpan = SourceSpan {spanFilename = \"<input>\", spanStart = SourcePos {posLine = 24, posColumn = 18}, spanEnd = SourcePos {posLine = 24, posColumn = 19}}, locValue = TokenDelimiter DelimColon},Located {locSpan = SourceSpan {spanFilename = \"<input>\", spanStart = SourcePos {posLine = 24, posColumn = 1}, spanEnd = SourcePos {posLine = 25, posColumn = 1}}, locValue = TokenNewline},Located {locSpan = SourceSpan {spanFilename = \"<input>\", spanStart = SourcePos {posLine = 25, posColumn = 1}, spanEnd = SourcePos {posLine = 25, posColumn = 5}}, locValue = TokenIndent 4},Located {locSpan = SourceSpan {spanFilename = \"<input>\", spanStart = SourcePos {posLine = 25, posColumn = 5}, spanEnd = SourcePos {posLine = 25, posColumn = 32}}, locValue = TokenComment \"# Function 6 implementation\"},Located {locSpan = SourceSpan {spanFilename = \"<input>\", spanStart = SourcePos {posLine = 25, posColumn = 1}, spanEnd = SourcePos {posLine = 26, posColumn = 1}}, locValue = TokenNewline},Located {locSpan = SourceSpan {spanFilename = \"<input>\", spanStart = SourcePos {posLine = 26, posColumn = 5}, spanEnd = SourcePos {posLine = 26, posColumn = 11}}, locValue = TokenIdent \"result\"},Located {locSpan = SourceSpan {spanFilename = \"<input>\", spanStart = SourcePos {posLine = 26, posColumn = 12}, spanEnd = SourcePos {posLine = 26, posColumn = 13}}, locValue = TokenOperator OpAssign},Located {locSpan = SourceSpan {spanFilename = \"<input>\", spanStart = SourcePos {posLine = 26, posColumn = 14}, spanEnd = SourcePos {posLine = 26, posColumn = 15}}, locValue = TokenIdent \"x\"},Located {locSpan = SourceSpan {spanFilename = \"<input>\", spanStart = SourcePos {posLine = 26, posColumn = 16}, spanEnd = SourcePos {posLine = 26, posColumn = 17}}, locValue = TokenOperator OpMult},Located {locSpan = SourceSpan {spanFilename = \"<input>\", spanStart = SourcePos {posLine = 26, posColumn = 18}, spanEnd = SourcePos {posLine = 26, posColumn = 19}}, locValue = TokenNumber \"6\" False},Located {locSpan = SourceSpan {spanFilename = \"<input>\", spanStart = SourcePos {posLine = 26, posColumn = 20}, spanEnd = SourcePos {posLine = 26, posColumn = 21}}, locValue = TokenOperator OpPlus},Located {locSpan = SourceSpan {spanFilename = \"<input>\", spanStart = SourcePos {posLine = 26, posColumn = 22}, spanEnd = SourcePos {posLine = 26, posColumn = 26}}, locValue = TokenIdent \"math\"},Located {locSpan = SourceSpan {spanFilename = \"<input>\", spanStart = SourcePos {posLine = 26, posColumn = 26}, spanEnd = SourcePos {posLine = 26, posColumn = 27}}, locValue = TokenDelimiter DelimDot},Located {locSpan = SourceSpan {spanFilename = \"<input>\", spanStart = SourcePos {posLine = 26, posColumn = 27}, spanEnd = SourcePos {posLine = 26, posColumn = 31}}, locValue = TokenIdent \"sqrt\"},Located {locSpan = SourceSpan {spanFilename = \"<input>\", spanStart = SourcePos {posLine = 26, posColumn = 31}, spanEnd = SourcePos {posLine = 26, posColumn = 32}}, locValue = TokenDelimiter DelimLeftParen},Located {locSpan = SourceSpan {spanFilename = \"<input>\", spanStart = SourcePos {posLine = 26, posColumn = 32}, spanEnd = SourcePos {posLine = 26, posColumn = 33}}, locValue = TokenNumber \"6\" False},Located {locSpan = SourceSpan {spanFilename = \"<input>\", spanStart = SourcePos {posLine = 26, posColumn = 33}, spanEnd = SourcePos {posLine = 26, posColumn = 34}}, locValue = TokenDelimiter DelimRightParen},Located {locSpan = SourceSpan {spanFilename = \"<input>\", spanStart = SourcePos {posLine = 26, posColumn = 1}, spanEnd = SourcePos {posLine = 27, posColumn = 1}}, locValue = TokenNewline},Located {locSpan = SourceSpan {spanFilename = \"<input>\", spanStart = SourcePos {posLine = 27, posColumn = 5}, spanEnd = SourcePos {posLine = 27, posColumn = 11}}, locValue = TokenKeyword KwReturn},Located {locSpan = SourceSpan {spanFilename = \"<input>\", spanStart = SourcePos {posLine = 27, posColumn = 12}, spanEnd = SourcePos {posLine = 27, posColumn = 18}}, locValue = TokenIdent \"result\"},Located {locSpan = SourceSpan {spanFilename = \"<input>\", spanStart = SourcePos {posLine = 27, posColumn = 1}, spanEnd = SourcePos {posLine = 28, posColumn = 1}}, locValue = TokenNewline},Located {locSpan = SourceSpan {spanFilename = \"<input>\", spanStart = SourcePos {posLine = 28, posColumn = 1}, spanEnd = SourcePos {posLine = 28, posColumn = 1}}, locValue = TokenDedent 4},Located {locSpan = SourceSpan {spanFilename = \"<input>\", spanStart = SourcePos {posLine = 28, posColumn = 1}, spanEnd = SourcePos {posLine = 28, posColumn = 4}}, locValue = TokenKeyword KwDef},Located {locSpan = SourceSpan {spanFilename = \"<input>\", spanStart = SourcePos {posLine = 28, posColumn = 5}, spanEnd = SourcePos {posLine = 28, posColumn = 15}}, locValue = TokenIdent \"function_7\"},Located {locSpan = SourceSpan {spanFilename = \"<input>\", spanStart = SourcePos {posLine = 28, posColumn = 15}, spanEnd = SourcePos {posLine = 28, posColumn = 16}}, locValue = TokenDelimiter DelimLeftParen},Located {locSpan = SourceSpan {spanFilename = \"<input>\", spanStart = SourcePos {posLine = 28, posColumn = 16}, spanEnd = SourcePos {posLine = 28, posColumn = 17}}, locValue = TokenIdent \"x\"},Located {locSpan = SourceSpan {spanFilename = \"<input>\", spanStart = SourcePos {posLine = 28, posColumn = 17}, spanEnd = SourcePos {posLine = 28, posColumn = 18}}, locValue = TokenDelimiter DelimRightParen},Located {locSpan = SourceSpan {spanFilename = \"<input>\", spanStart = SourcePos {posLine = 28, posColumn = 18}, spanEnd = SourcePos {posLine = 28, posColumn = 19}}, locValue = TokenDelimiter DelimColon},Located {locSpan = SourceSpan {spanFilename = \"<input>\", spanStart = SourcePos {posLine = 28, posColumn = 1}, spanEnd = SourcePos {posLine = 29, posColumn = 1}}, locValue = TokenNewline},Located {locSpan = SourceSpan {spanFilename = \"<input>\", spanStart = SourcePos {posLine = 29, posColumn = 1}, spanEnd = SourcePos {posLine = 29, posColumn = 5}}, locValue = TokenIndent 4},Located {locSpan = SourceSpan {spanFilename = \"<input>\", spanStart = SourcePos {posLine = 29, posColumn = 5}, spanEnd = SourcePos {posLine = 29, posColumn = 32}}, locValue = TokenComment \"# Function 7 implementation\"},Located {locSpan = SourceSpan {spanFilename = \"<input>\", spanStart = SourcePos {posLine = 29, posColumn = 1}, spanEnd = SourcePos {posLine = 30, posColumn = 1}}, locValue = TokenNewline},Located {locSpan = SourceSpan {spanFilename = \"<input>\", spanStart = SourcePos {posLine = 30, posColumn = 5}, spanEnd = SourcePos {posLine = 30, posColumn = 11}}, locValue = TokenIdent \"result\"},Located {locSpan = SourceSpan {spanFilename = \"<input>\", spanStart = SourcePos {posLine = 30, posColumn = 12}, spanEnd = SourcePos {posLine = 30, posColumn = 13}}, locValue = TokenOperator OpAssign},Located {locSpan = SourceSpan {spanFilename = \"<input>\", spanStart = SourcePos {posLine = 30, posColumn = 14}, spanEnd = SourcePos {posLine = 30, posColumn = 15}}, locValue = TokenIdent \"x\"},Located {locSpan = SourceSpan {spanFilename = \"<input>\", spanStart = SourcePos {posLine = 30, posColumn = 16}, spanEnd = SourcePos {posLine = 30, posColumn = 17}}, locValue = TokenOperator OpMult},Located {locSpan = SourceSpan {spanFilename = \"<input>\", spanStart = SourcePos {posLine = 30, posColumn = 18}, spanEnd = SourcePos {posLine = 30, posColumn = 19}}, locValue = TokenNumber \"7\" False},Located {locSpan = SourceSpan {spanFilename = \"<input>\", spanStart = SourcePos {posLine = 30, posColumn = 20}, spanEnd = SourcePos {posLine = 30, posColumn = 21}}, locValue = TokenOperator OpPlus},Located {locSpan = SourceSpan {spanFilename = \"<input>\", spanStart = SourcePos {posLine = 30, posColumn = 22}, spanEnd = SourcePos {posLine = 30, posColumn = 26}}, locValue = TokenIdent \"math\"},Located {locSpan = SourceSpan {spanFilename = \"<input>\", spanStart = SourcePos {posLine = 30, posColumn = 26}, spanEnd = SourcePos {posLine = 30, posColumn = 27}}, locValue = TokenDelimiter DelimDot},Located {locSpan = SourceSpan {spanFilename = \"<input>\", spanStart = SourcePos {posLine = 30, posColumn = 27}, spanEnd = SourcePos {posLine = 30, posColumn = 31}}, locValue = TokenIdent \"sqrt\"},Located {locSpan = SourceSpan {spanFilename = \"<input>\", spanStart = SourcePos {posLine = 30, posColumn = 31}, spanEnd = SourcePos {posLine = 30, posColumn = 32}}, locValue = TokenDelimiter DelimLeftParen},Located {locSpan = SourceSpan {spanFilename = \"<input>\", spanStart = SourcePos {posLine = 30, posColumn = 32}, spanEnd = SourcePos {posLine = 30, posColumn = 33}}, locValue = TokenNumber \"7\" False},Located {locSpan = SourceSpan {spanFilename = \"<input>\", spanStart = SourcePos {posLine = 30, posColumn = 33}, spanEnd = SourcePos {posLine = 30, posColumn = 34}}, locValue = TokenDelimiter DelimRightParen},Located {locSpan = SourceSpan {spanFilename = \"<input>\", spanStart = SourcePos {posLine = 30, posColumn = 1}, spanEnd = SourcePos {posLine = 31, posColumn = 1}}, locValue = TokenNewline},Located {locSpan = SourceSpan {spanFilename = \"<input>\", spanStart = SourcePos {posLine = 31, posColumn = 5}, spanEnd = SourcePos {posLine = 31, posColumn = 11}}, locValue = TokenKeyword KwReturn},Located {locSpan = SourceSpan {spanFilename = \"<input>\", spanStart = SourcePos {posLine = 31, posColumn = 12}, spanEnd = SourcePos {posLine = 31, posColumn = 18}}, locValue = TokenIdent \"result\"},Located {locSpan = SourceSpan {spanFilename = \"<input>\", spanStart = SourcePos {posLine = 31, posColumn = 1}, spanEnd = SourcePos {posLine = 32, posColumn = 1}}, locValue = TokenNewline},Located {locSpan = SourceSpan {spanFilename = \"<input>\", spanStart = SourcePos {posLine = 32, posColumn = 1}, spanEnd = SourcePos {posLine = 32, posColumn = 1}}, locValue = TokenDedent 4},Located {locSpan = SourceSpan {spanFilename = \"<input>\", spanStart = SourcePos {posLine = 32, posColumn = 1}, spanEnd = SourcePos {posLine = 32, posColumn = 4}}, locValue = TokenKeyword KwDef},Located {locSpan = SourceSpan {spanFilename = \"<input>\", spanStart = SourcePos {posLine = 32, posColumn = 5}, spanEnd = SourcePos {posLine = 32, posColumn = 15}}, locValue = TokenIdent \"function_8\"},Located {locSpan = SourceSpan {spanFilename = \"<input>\", spanStart = SourcePos {posLine = 32, posColumn = 15}, spanEnd = SourcePos {posLine = 32, posColumn = 16}}, locValue = TokenDelimiter DelimLeftParen},Located {locSpan = SourceSpan {spanFilename = \"<input>\", spanStart = SourcePos {posLine = 32, posColumn = 16}, spanEnd = SourcePos {posLine = 32, posColumn = 17}}, locValue = TokenIdent \"x\"},Located {locSpan = SourceSpan {spanFilename = \"<input>\", spanStart = SourcePos {posLine = 32, posColumn = 17}, spanEnd = SourcePos {posLine = 32, posColumn = 18}}, locValue = TokenDelimiter DelimRightParen},Located {locSpan = SourceSpan {spanFilename = \"<input>\", spanStart = SourcePos {posLine = 32, posColumn = 18}, spanEnd = SourcePos {posLine = 32, posColumn = 19}}, locValue = TokenDelimiter DelimColon},Located {locSpan = SourceSpan {spanFilename = \"<input>\", spanStart = SourcePos {posLine = 32, posColumn = 1}, spanEnd = SourcePos {posLine = 33, posColumn = 1}}, locValue = TokenNewline},Located {locSpan = SourceSpan {spanFilename = \"<input>\", spanStart = SourcePos {posLine = 33, posColumn = 1}, spanEnd = SourcePos {posLine = 33, posColumn = 5}}, locValue = TokenIndent 4},Located {locSpan = SourceSpan {spanFilename = \"<input>\", spanStart = SourcePos {posLine = 33, posColumn = 5}, spanEnd = SourcePos {posLine = 33, posColumn = 32}}, locValue = TokenComment \"# Function 8 implementation\"},Located {locSpan = SourceSpan {spanFilename = \"<input>\", spanStart = SourcePos {posLine = 33, posColumn = 1}, spanEnd = SourcePos {posLine = 34, posColumn = 1}}, locValue = TokenNewline},Located {locSpan = SourceSpan {spanFilename = \"<input>\", spanStart = SourcePos {posLine = 34, posColumn = 5}, spanEnd = SourcePos {posLine = 34, posColumn = 11}}, locValue = TokenIdent \"result\"},Located {locSpan = SourceSpan {spanFilename = \"<input>\", spanStart = SourcePos {posLine = 34, posColumn = 12}, spanEnd = SourcePos {posLine = 34, posColumn = 13}}, locValue = TokenOperator OpAssign},Located {locSpan = SourceSpan {spanFilename = \"<input>\", spanStart = SourcePos {posLine = 34, posColumn = 14}, spanEnd = SourcePos {posLine = 34, posColumn = 15}}, locValue = TokenIdent \"x\"},Located {locSpan = SourceSpan {spanFilename = \"<input>\", spanStart = SourcePos {posLine = 34, posColumn = 16}, spanEnd = SourcePos {posLine = 34, posColumn = 17}}, locValue = TokenOperator OpMult},Located {locSpan = SourceSpan {spanFilename = \"<input>\", spanStart = SourcePos {posLine = 34, posColumn = 18}, spanEnd = SourcePos {posLine = 34, posColumn = 19}}, locValue = TokenNumber \"8\" False},Located {locSpan = SourceSpan {spanFilename = \"<input>\", spanStart = SourcePos {posLine = 34, posColumn = 20}, spanEnd = SourcePos {posLine = 34, posColumn = 21}}, locValue = TokenOperator OpPlus},Located {locSpan = SourceSpan {spanFilename = \"<input>\", spanStart = SourcePos {posLine = 34, posColumn = 22}, spanEnd = SourcePos {posLine = 34, posColumn = 26}}, locValue = TokenIdent \"math\"},Located {locSpan = SourceSpan {spanFilename = \"<input>\", spanStart = SourcePos {posLine = 34, posColumn = 26}, spanEnd = SourcePos {posLine = 34, posColumn = 27}}, locValue = TokenDelimiter DelimDot},Located {locSpan = SourceSpan {spanFilename = \"<input>\", spanStart = SourcePos {posLine = 34, posColumn = 27}, spanEnd = SourcePos {posLine = 34, posColumn = 31}}, locValue = TokenIdent \"sqrt\"},Located {locSpan = SourceSpan {spanFilename = \"<input>\", spanStart = SourcePos {posLine = 34, posColumn = 31}, spanEnd = SourcePos {posLine = 34, posColumn = 32}}, locValue = TokenDelimiter DelimLeftParen},Located {locSpan = SourceSpan {spanFilename = \"<input>\", spanStart = SourcePos {posLine = 34, posColumn = 32}, spanEnd = SourcePos {posLine = 34, posColumn = 33}}, locValue = TokenNumber \"8\" False},Located {locSpan = SourceSpan {spanFilename = \"<input>\", spanStart = SourcePos {posLine = 34, posColumn = 33}, spanEnd = SourcePos {posLine = 34, posColumn = 34}}, locValue = TokenDelimiter DelimRightParen},Located {locSpan = SourceSpan {spanFilename = \"<input>\", spanStart = SourcePos {posLine = 34, posColumn = 1}, spanEnd = SourcePos {posLine = 35, posColumn = 1}}, locValue = TokenNewline},Located {locSpan = SourceSpan {spanFilename = \"<input>\", spanStart = SourcePos {posLine = 35, posColumn = 5}, spanEnd = SourcePos {posLine = 35, posColumn = 11}}, locValue = TokenKeyword KwReturn},Located {locSpan = SourceSpan {spanFilename = \"<input>\", spanStart = SourcePos {posLine = 35, posColumn = 12}, spanEnd = SourcePos {posLine = 35, posColumn = 18}}, locValue = TokenIdent \"result\"},Located {locSpan = SourceSpan {spanFilename = \"<input>\", spanStart = SourcePos {posLine = 35, posColumn = 1}, spanEnd = SourcePos {posLine = 36, posColumn = 1}}, locValue = TokenNewline},Located {locSpan = SourceSpan {spanFilename = \"<input>\", spanStart = SourcePos {posLine = 36, posColumn = 1}, spanEnd = SourcePos {posLine = 36, posColumn = 1}}, locValue = TokenDedent 4},Located {locSpan = SourceSpan {spanFilename = \"<input>\", spanStart = SourcePos {posLine = 36, posColumn = 1}, spanEnd = SourcePos {posLine = 36, posColumn = 4}}, locValue = TokenKeyword KwDef},Located {locSpan = SourceSpan {spanFilename = \"<input>\", spanStart = SourcePos {posLine = 36, posColumn = 5}, spanEnd = SourcePos {posLine = 36, posColumn = 15}}, locValue = TokenIdent \"function_9\"},Located {locSpan = SourceSpan {spanFilename = \"<input>\", spanStart = SourcePos {posLine = 36, posColumn = 15}, spanEnd = SourcePos {posLine = 36, posColumn = 16}}, locValue = TokenDelimiter DelimLeftParen},Located {locSpan = SourceSpan {spanFilename = \"<input>\", spanStart = SourcePos {posLine = 36, posColumn = 16}, spanEnd = SourcePos {posLine = 36, posColumn = 17}}, locValue = TokenIdent \"x\"},Located {locSpan = SourceSpan {spanFilename = \"<input>\", spanStart = SourcePos {posLine = 36, posColumn = 17}, spanEnd = SourcePos {posLine = 36, posColumn = 18}}, locValue = TokenDelimiter DelimRightParen},Located {locSpan = SourceSpan {spanFilename = \"<input>\", spanStart = SourcePos {posLine = 36, posColumn = 18}, spanEnd = SourcePos {posLine = 36, posColumn = 19}}, locValue = TokenDelimiter DelimColon},Located {locSpan = SourceSpan {spanFilename = \"<input>\", spanStart = SourcePos {posLine = 36, posColumn = 1}, spanEnd = SourcePos {posLine = 37, posColumn = 1}}, locValue = TokenNewline},Located {locSpan = SourceSpan {spanFilename = \"<input>\", spanStart = SourcePos {posLine = 37, posColumn = 1}, spanEnd = SourcePos {posLine = 37, posColumn = 5}}, locValue = TokenIndent 4},Located {locSpan = SourceSpan {spanFilename = \"<input>\", spanStart = SourcePos {posLine = 37, posColumn = 5}, spanEnd = SourcePos {posLine = 37, posColumn = 32}}, locValue = TokenComment \"# Function 9 implementation\"},Located {locSpan = SourceSpan {spanFilename = \"<input>\", spanStart = SourcePos {posLine = 37, posColumn = 1}, spanEnd = SourcePos {posLine = 38, posColumn = 1}}, locValue = TokenNewline},Located {locSpan = SourceSpan {spanFilename = \"<input>\", spanStart = SourcePos {posLine = 38, posColumn = 5}, spanEnd = SourcePos {posLine = 38, posColumn = 11}}, locValue = TokenIdent \"result\"},Located {locSpan = SourceSpan {spanFilename = \"<input>\", spanStart = SourcePos {posLine = 38, posColumn = 12}, spanEnd = SourcePos {posLine = 38, posColumn = 13}}, locValue = TokenOperator OpAssign},Located {locSpan = SourceSpan {spanFilename = \"<input>\", spanStart = SourcePos {posLine = 38, posColumn = 14}, spanEnd = SourcePos {posLine = 38, posColumn = 15}}, locValue = TokenIdent \"x\"},Located {locSpan = SourceSpan {spanFilename = \"<input>\", spanStart = SourcePos {posLine = 38, posColumn = 16}, spanEnd = SourcePos {posLine = 38, posColumn = 17}}, locValue = TokenOperator OpMult},Located {locSpan = SourceSpan {spanFilename = \"<input>\", spanStart = SourcePos {posLine = 38, posColumn = 18}, spanEnd = SourcePos {posLine = 38, posColumn = 19}}, locValue = TokenNumber \"9\" False},Located {locSpan = SourceSpan {spanFilename = \"<input>\", spanStart = SourcePos {posLine = 38, posColumn = 20}, spanEnd = SourcePos {posLine = 38, posColumn = 21}}, locValue = TokenOperator OpPlus},Located {locSpan = SourceSpan {spanFilename = \"<input>\", spanStart = SourcePos {posLine = 38, posColumn = 22}, spanEnd = SourcePos {posLine = 38, posColumn = 26}}, locValue = TokenIdent \"math\"},Located {locSpan = SourceSpan {spanFilename = \"<input>\", spanStart = SourcePos {posLine = 38, posColumn = 26}, spanEnd = SourcePos {posLine = 38, posColumn = 27}}, locValue = TokenDelimiter DelimDot},Located {locSpan = SourceSpan {spanFilename = \"<input>\", spanStart = SourcePos {posLine = 38, posColumn = 27}, spanEnd = SourcePos {posLine = 38, posColumn = 31}}, locValue = TokenIdent \"sqrt\"},Located {locSpan = SourceSpan {spanFilename = \"<input>\", spanStart = SourcePos {posLine = 38, posColumn = 31}, spanEnd = SourcePos {posLine = 38, posColumn = 32}}, locValue = TokenDelimiter DelimLeftParen},Located {locSpan = SourceSpan {spanFilename = \"<input>\", spanStart = SourcePos {posLine = 38, posColumn = 32}, spanEnd = SourcePos {posLine = 38, posColumn = 33}}, locValue = TokenNumber \"9\" False},Located {locSpan = SourceSpan {spanFilename = \"<input>\", spanStart = SourcePos {posLine = 38, posColumn = 33}, spanEnd = SourcePos {posLine = 38, posColumn = 34}}, locValue = TokenDelimiter DelimRightParen},Located {locSpan = SourceSpan {spanFilename = \"<input>\", spanStart = SourcePos {posLine = 38, posColumn = 1}, spanEnd = SourcePos {posLine = 39, posColumn = 1}}, locValue = TokenNewline},Located {locSpan = SourceSpan {spanFilename = \"<input>\", spanStart = SourcePos {posLine = 39, posColumn = 5}, spanEnd = SourcePos {posLine = 39, posColumn = 11}}, locValue = TokenKeyword KwReturn},Located {locSpan = SourceSpan {spanFilename = \"<input>\", spanStart = SourcePos {posLine = 39, posColumn = 12}, spanEnd = SourcePos {posLine = 39, posColumn = 18}}, locValue = TokenIdent \"result\"},Located {locSpan = SourceSpan {spanFilename = \"<input>\", spanStart = SourcePos {posLine = 39, posColumn = 1}, spanEnd = SourcePos {posLine = 40, posColumn = 1}}, locValue = TokenNewline},Located {locSpan = SourceSpan {spanFilename = \"<input>\", spanStart = SourcePos {posLine = 40, posColumn = 1}, spanEnd = SourcePos {posLine = 40, posColumn = 1}}, locValue = TokenDedent 4},Located {locSpan = SourceSpan {spanFilename = \"<input>\", spanStart = SourcePos {posLine = 40, posColumn = 1}, spanEnd = SourcePos {posLine = 40, posColumn = 4}}, locValue = TokenKeyword KwDef},Located {locSpan = SourceSpan {spanFilename = \"<input>\", spanStart = SourcePos {posLine = 40, posColumn = 5}, spanEnd = SourcePos {posLine = 40, posColumn = 16}}, locValue = TokenIdent \"function_10\"},Located {locSpan = SourceSpan {spanFilename = \"<input>\", spanStart = SourcePos {posLine = 40, posColumn = 16}, spanEnd = SourcePos {posLine = 40, posColumn = 17}}, locValue = TokenDelimiter DelimLeftParen},Located {locSpan = SourceSpan {spanFilename = \"<input>\", spanStart = SourcePos {posLine = 40, posColumn = 17}, spanEnd = SourcePos {posLine = 40, posColumn = 18}}, locValue = TokenIdent \"x\"},Located {locSpan = SourceSpan {spanFilename = \"<input>\", spanStart = SourcePos {posLine = 40, posColumn = 18}, spanEnd = SourcePos {posLine = 40, posColumn = 19}}, locValue = TokenDelimiter DelimRightParen},Located {locSpan = SourceSpan {spanFilename = \"<input>\", spanStart = SourcePos {posLine = 40, posColumn = 19}, spanEnd = SourcePos {posLine = 40, posColumn = 20}}, locValue = TokenDelimiter DelimColon},Located {locSpan = SourceSpan {spanFilename = \"<input>\", spanStart = SourcePos {posLine = 40, posColumn = 1}, spanEnd = SourcePos {posLine = 41, posColumn = 1}}, locValue = TokenNewline},Located {locSpan = SourceSpan {spanFilename = \"<input>\", spanStart = SourcePos {posLine = 41, posColumn = 1}, spanEnd = SourcePos {posLine = 41, posColumn = 5}}, locValue = TokenIndent 4},Located {locSpan = SourceSpan {spanFilename = \"<input>\", spanStart = SourcePos {posLine = 41, posColumn = 5}, spanEnd = SourcePos {posLine = 41, posColumn = 33}}, locValue = TokenComment \"# Function 10 implementation\"},Located {locSpan = SourceSpan {spanFilename = \"<input>\", spanStart = SourcePos {posLine = 41, posColumn = 1}, spanEnd = SourcePos {posLine = 42, posColumn = 1}}, locValue = TokenNewline},Located {locSpan = SourceSpan {spanFilename = \"<input>\", spanStart = SourcePos {posLine = 42, posColumn = 5}, spanEnd = SourcePos {posLine = 42, posColumn = 11}}, locValue = TokenIdent \"result\"},Located {locSpan = SourceSpan {spanFilename = \"<input>\", spanStart = SourcePos {posLine = 42, posColumn = 12}, spanEnd = SourcePos {posLine = 42, posColumn = 13}}, locValue = TokenOperator OpAssign},Located {locSpan = SourceSpan {spanFilename = \"<input>\", spanStart = SourcePos {posLine = 42, posColumn = 14}, spanEnd = SourcePos {posLine = 42, posColumn = 15}}, locValue = TokenIdent \"x\"},Located {locSpan = SourceSpan {spanFilename = \"<input>\", spanStart = SourcePos {posLine = 42, posColumn = 16}, spanEnd = SourcePos {posLine = 42, posColumn = 17}}, locValue = TokenOperator OpMult},Located {locSpan = SourceSpan {spanFilename = \"<input>\", spanStart = SourcePos {posLine = 42, posColumn = 18}, spanEnd = SourcePos {posLine = 42, posColumn = 20}}, locValue = TokenNumber \"10\" False},Located {locSpan = SourceSpan {spanFilename = \"<input>\", spanStart = SourcePos {posLine = 42, posColumn = 21}, spanEnd = SourcePos {posLine = 42, posColumn = 22}}, locValue = TokenOperator OpPlus},Located {locSpan = SourceSpan {spanFilename = \"<input>\", spanStart = SourcePos {posLine = 42, posColumn = 23}, spanEnd = SourcePos {posLine = 42, posColumn = 27}}, locValue = TokenIdent \"math\"},Located {locSpan = SourceSpan {spanFilename = \"<input>\", spanStart = SourcePos {posLine = 42, posColumn = 27}, spanEnd = SourcePos {posLine = 42, posColumn = 28}}, locValue = TokenDelimiter DelimDot},Located {locSpan = SourceSpan {spanFilename = \"<input>\", spanStart = SourcePos {posLine = 42, posColumn = 28}, spanEnd = SourcePos {posLine = 42, posColumn = 32}}, locValue = TokenIdent \"sqrt\"},Located {locSpan = SourceSpan {spanFilename = \"<input>\", spanStart = SourcePos {posLine = 42, posColumn = 32}, spanEnd = SourcePos {posLine = 42, posColumn = 33}}, locValue = TokenDelimiter DelimLeftParen},Located {locSpan = SourceSpan {spanFilename = \"<input>\", spanStart = SourcePos {posLine = 42, posColumn = 33}, spanEnd = SourcePos {posLine = 42, posColumn = 35}}, locValue = TokenNumber \"10\" False},Located {locSpan = SourceSpan {spanFilename = \"<input>\", spanStart = SourcePos {posLine = 42, posColumn = 35}, spanEnd = SourcePos {posLine = 42, posColumn = 36}}, locValue = TokenDelimiter DelimRightParen},Located {locSpan = SourceSpan {spanFilename = \"<input>\", spanStart = SourcePos {posLine = 42, posColumn = 1}, spanEnd = SourcePos {posLine = 43, posColumn = 1}}, locValue = TokenNewline},Located {locSpan = SourceSpan {spanFilename = \"<input>\", spanStart = SourcePos {posLine = 43, posColumn = 5}, spanEnd = SourcePos {posLine = 43, posColumn = 11}}, locValue = TokenKeyword KwReturn},Located {locSpan = SourceSpan {spanFilename = \"<input>\", spanStart = SourcePos {posLine = 43, posColumn = 12}, spanEnd = SourcePos {posLine = 43, posColumn = 18}}, locValue = TokenIdent \"result\"},Located {locSpan = SourceSpan {spanFilename = \"<input>\", spanStart = SourcePos {posLine = 43, posColumn = 1}, spanEnd = SourcePos {posLine = 44, posColumn = 1}}, locValue = TokenNewline},Located {locSpan = SourceSpan {spanFilename = \"<input>\", spanStart = SourcePos {posLine = 44, posColumn = 1}, spanEnd = SourcePos {posLine = 44, posColumn = 1}}, locValue = TokenDedent 4},Located {locSpan = SourceSpan {spanFilename = \"<input>\", spanStart = SourcePos {posLine = 44, posColumn = 1}, spanEnd = SourcePos {posLine = 44, posColumn = 4}}, locValue = TokenKeyword KwDef},Located {locSpan = SourceSpan {spanFilename = \"<input>\", spanStart = SourcePos {posLine = 44, posColumn = 5}, spanEnd = SourcePos {posLine = 44, posColumn = 16}}, locValue = TokenIdent \"function_11\"},Located {locSpan = SourceSpan {spanFilename = \"<input>\", spanStart = SourcePos {posLine = 44, posColumn = 16}, spanEnd = SourcePos {posLine = 44, posColumn = 17}}, locValue = TokenDelimiter DelimLeftParen},Located {locSpan = SourceSpan {spanFilename = \"<input>\", spanStart = SourcePos {posLine = 44, posColumn = 17}, spanEnd = SourcePos {posLine = 44, posColumn = 18}}, locValue = TokenIdent \"x\"},Located {locSpan = SourceSpan {spanFilename = \"<input>\", spanStart = SourcePos {posLine = 44, posColumn = 18}, spanEnd = SourcePos {posLine = 44, posColumn = 19}}, locValue = TokenDelimiter DelimRightParen},Located {locSpan = SourceSpan {spanFilename = \"<input>\", spanStart = SourcePos {posLine = 44, posColumn = 19}, spanEnd = SourcePos {posLine = 44, posColumn = 20}}, locValue = TokenDelimiter DelimColon},Located {locSpan = SourceSpan {spanFilename = \"<input>\", spanStart = SourcePos {posLine = 44, posColumn = 1}, spanEnd = SourcePos {posLine = 45, posColumn = 1}}, locValue = TokenNewline},Located {locSpan = SourceSpan {spanFilename = \"<input>\", spanStart = SourcePos {posLine = 45, posColumn = 1}, spanEnd = SourcePos {posLine = 45, posColumn = 5}}, locValue = TokenIndent 4},Located {locSpan = SourceSpan {spanFilename = \"<input>\", spanStart = SourcePos {posLine = 45, posColumn = 5}, spanEnd = SourcePos {posLine = 45, posColumn = 33}}, locValue = TokenComment \"# Function 11 implementation\"},Located {locSpan = SourceSpan {spanFilename = \"<input>\", spanStart = SourcePos {posLine = 45, posColumn = 1}, spanEnd = SourcePos {posLine = 46, posColumn = 1}}, locValue = TokenNewline},Located {locSpan = SourceSpan {spanFilename = \"<input>\", spanStart = SourcePos {posLine = 46, posColumn = 5}, spanEnd = SourcePos {posLine = 46, posColumn = 11}}, locValue = TokenIdent \"result\"},Located {locSpan = SourceSpan {spanFilename = \"<input>\", spanStart = SourcePos {posLine = 46, posColumn = 12}, spanEnd = SourcePos {posLine = 46, posColumn = 13}}, locValue = TokenOperator OpAssign},Located {locSpan = SourceSpan {spanFilename = \"<input>\", spanStart = SourcePos {posLine = 46, posColumn = 14}, spanEnd = SourcePos {posLine = 46, posColumn = 15}}, locValue = TokenIdent \"x\"},Located {locSpan = SourceSpan {spanFilename = \"<input>\", spanStart = SourcePos {posLine = 46, posColumn = 16}, spanEnd = SourcePos {posLine = 46, posColumn = 17}}, locValue = TokenOperator OpMult},Located {locSpan = SourceSpan {spanFilename = \"<input>\", spanStart = SourcePos {posLine = 46, posColumn = 18}, spanEnd = SourcePos {posLine = 46, posColumn = 20}}, locValue = TokenNumber \"11\" False},Located {locSpan = SourceSpan {spanFilename = \"<input>\", spanStart = SourcePos {posLine = 46, posColumn = 21}, spanEnd = SourcePos {posLine = 46, posColumn = 22}}, locValue = TokenOperator OpPlus},Located {locSpan = SourceSpan {spanFilename = \"<input>\", spanStart = SourcePos {posLine = 46, posColumn = 23}, spanEnd = SourcePos {posLine = 46, posColumn = 27}}, locValue = TokenIdent \"math\"},Located {locSpan = SourceSpan {spanFilename = \"<input>\", spanStart = SourcePos {posLine = 46, posColumn = 27}, spanEnd = SourcePos {posLine = 46, posColumn = 28}}, locValue = TokenDelimiter DelimDot},Located {locSpan = SourceSpan {spanFilename = \"<input>\", spanStart = SourcePos {posLine = 46, posColumn = 28}, spanEnd = SourcePos {posLine = 46, posColumn = 32}}, locValue = TokenIdent \"sqrt\"},Located {locSpan = SourceSpan {spanFilename = \"<input>\", spanStart = SourcePos {posLine = 46, posColumn = 32}, spanEnd = SourcePos {posLine = 46, posColumn = 33}}, locValue = TokenDelimiter DelimLeftParen},Located {locSpan = SourceSpan {spanFilename = \"<input>\", spanStart = SourcePos {posLine = 46, posColumn = 33}, spanEnd = SourcePos {posLine = 46, posColumn = 35}}, locValue = TokenNumber \"11\" False},Located {locSpan = SourceSpan {spanFilename = \"<input>\", spanStart = SourcePos {posLine = 46, posColumn = 35}, spanEnd = SourcePos {posLine = 46, posColumn = 36}}, locValue = TokenDelimiter DelimRightParen},Located {locSpan = SourceSpan {spanFilename = \"<input>\", spanStart = SourcePos {posLine = 46, posColumn = 1}, spanEnd = SourcePos {posLine = 47, posColumn = 1}}, locValue = TokenNewline},Located {locSpan = SourceSpan {spanFilename = \"<input>\", spanStart = SourcePos {posLine = 47, posColumn = 5}, spanEnd = SourcePos {posLine = 47, posColumn = 11}}, locValue = TokenKeyword KwReturn},Located {locSpan = SourceSpan {spanFilename = \"<input>\", spanStart = SourcePos {posLine = 47, posColumn = 12}, spanEnd = SourcePos {posLine = 47, posColumn = 18}}, locValue = TokenIdent \"result\"},Located {locSpan = SourceSpan {spanFilename = \"<input>\", spanStart = SourcePos {posLine = 47, posColumn = 1}, spanEnd = SourcePos {posLine = 48, posColumn = 1}}, locValue = TokenNewline},Located {locSpan = SourceSpan {spanFilename = \"<input>\", spanStart = SourcePos {posLine = 48, posColumn = 1}, spanEnd = SourcePos {posLine = 48, posColumn = 1}}, locValue = TokenDedent 4},Located {locSpan = SourceSpan {spanFilename = \"<input>\", spanStart = SourcePos {posLine = 48, posColumn = 1}, spanEnd = SourcePos {posLine = 48, posColumn = 4}}, locValue = TokenKeyword KwDef},Located {locSpan = SourceSpan {spanFilename = \"<input>\", spanStart = SourcePos {posLine = 48, posColumn = 5}, spanEnd = SourcePos {posLine = 48, posColumn = 16}}, locValue = TokenIdent \"function_12\"},Located {locSpan = SourceSpan {spanFilename = \"<input>\", spanStart = SourcePos {posLine = 48, posColumn = 16}, spanEnd = SourcePos {posLine = 48, posColumn = 17}}, locValue = TokenDelimiter DelimLeftParen},Located {locSpan = SourceSpan {spanFilename = \"<input>\", spanStart = SourcePos {posLine = 48, posColumn = 17}, spanEnd = SourcePos {posLine = 48, posColumn = 18}}, locValue = TokenIdent \"x\"},Located {locSpan = SourceSpan {spanFilename = \"<input>\", spanStart = SourcePos {posLine = 48, posColumn = 18}, spanEnd = SourcePos {posLine = 48, posColumn = 19}}, locValue = TokenDelimiter DelimRightParen},Located {locSpan = SourceSpan {spanFilename = \"<input>\", spanStart = SourcePos {posLine = 48, posColumn = 19}, spanEnd = SourcePos {posLine = 48, posColumn = 20}}, locValue = TokenDelimiter DelimColon},Located {locSpan = SourceSpan {spanFilename = \"<input>\", spanStart = SourcePos {posLine = 48, posColumn = 1}, spanEnd = SourcePos {posLine = 49, posColumn = 1}}, locValue = TokenNewline},Located {locSpan = SourceSpan {spanFilename = \"<input>\", spanStart = SourcePos {posLine = 49, posColumn = 1}, spanEnd = SourcePos {posLine = 49, posColumn = 5}}, locValue = TokenIndent 4},Located {locSpan = SourceSpan {spanFilename = \"<input>\", spanStart = SourcePos {posLine = 49, posColumn = 5}, spanEnd = SourcePos {posLine = 49, posColumn = 33}}, locValue = TokenComment \"# Function 12 implementation\"},Located {locSpan = SourceSpan {spanFilename = \"<input>\", spanStart = SourcePos {posLine = 49, posColumn = 1}, spanEnd = SourcePos {posLine = 50, posColumn = 1}}, locValue = TokenNewline},Located {locSpan = SourceSpan {spanFilename = \"<input>\", spanStart = SourcePos {posLine = 50, posColumn = 5}, spanEnd = SourcePos {posLine = 50, posColumn = 11}}, locValue = TokenIdent \"result\"},Located {locSpan = SourceSpan {spanFilename = \"<input>\", spanStart = SourcePos {posLine = 50, posColumn = 12}, spanEnd = SourcePos {posLine = 50, posColumn = 13}}, locValue = TokenOperator OpAssign},Located {locSpan = SourceSpan {spanFilename = \"<input>\", spanStart = SourcePos {posLine = 50, posColumn = 14}, spanEnd = SourcePos {posLine = 50, posColumn = 15}}, locValue = TokenIdent \"x\"},Located {locSpan = SourceSpan {spanFilename = \"<input>\", spanStart = SourcePos {posLine = 50, posColumn = 16}, spanEnd = SourcePos {posLine = 50, posColumn = 17}}, locValue = TokenOperator OpMult},Located {locSpan = SourceSpan {spanFilename = \"<input>\", spanStart = SourcePos {posLine = 50, posColumn = 18}, spanEnd = SourcePos {posLine = 50, posColumn = 20}}, locValue = TokenNumber \"12\" False},Located {locSpan = SourceSpan {spanFilename = \"<input>\", spanStart = SourcePos {posLine = 50, posColumn = 21}, spanEnd = SourcePos {posLine = 50, posColumn = 22}}, locValue = TokenOperator OpPlus},Located {locSpan = SourceSpan {spanFilename = \"<input>\", spanStart = SourcePos {posLine = 50, posColumn = 23}, spanEnd = SourcePos {posLine = 50, posColumn = 27}}, locValue = TokenIdent \"math\"},Located {locSpan = SourceSpan {spanFilename = \"<input>\", spanStart = SourcePos {posLine = 50, posColumn = 27}, spanEnd = SourcePos {posLine = 50, posColumn = 28}}, locValue = TokenDelimiter DelimDot},Located {locSpan = SourceSpan {spanFilename = \"<input>\", spanStart = SourcePos {posLine = 50, posColumn = 28}, spanEnd = SourcePos {posLine = 50, posColumn = 32}}, locValue = TokenIdent \"sqrt\"},Located {locSpan = SourceSpan {spanFilename = \"<input>\", spanStart = SourcePos {posLine = 50, posColumn = 32}, spanEnd = SourcePos {posLine = 50, posColumn = 33}}, locValue = TokenDelimiter DelimLeftParen},Located {locSpan = SourceSpan {spanFilename = \"<input>\", spanStart = SourcePos {posLine = 50, posColumn = 33}, spanEnd = SourcePos {posLine = 50, posColumn = 35}}, locValue = TokenNumber \"12\" False},Located {locSpan = SourceSpan {spanFilename = \"<input>\", spanStart = SourcePos {posLine = 50, posColumn = 35}, spanEnd = SourcePos {posLine = 50, posColumn = 36}}, locValue = TokenDelimiter DelimRightParen},Located {locSpan = SourceSpan {spanFilename = \"<input>\", spanStart = SourcePos {posLine = 50, posColumn = 1}, spanEnd = SourcePos {posLine = 51, posColumn = 1}}, locValue = TokenNewline},Located {locSpan = SourceSpan {spanFilename = \"<input>\", spanStart = SourcePos {posLine = 51, posColumn = 5}, spanEnd = SourcePos {posLine = 51, posColumn = 11}}, locValue = TokenKeyword KwReturn},Located {locSpan = SourceSpan {spanFilename = \"<input>\", spanStart = SourcePos {posLine = 51, posColumn = 12}, spanEnd = SourcePos {posLine = 51, posColumn = 18}}, locValue = TokenIdent \"result\"},Located {locSpan = SourceSpan {spanFilename = \"<input>\", spanStart = SourcePos {posLine = 51, posColumn = 1}, spanEnd = SourcePos {posLine = 52, posColumn = 1}}, locValue = TokenNewline},Located {locSpan = SourceSpan {spanFilename = \"<input>\", spanStart = SourcePos {posLine = 52, posColumn = 1}, spanEnd = SourcePos {posLine = 52, posColumn = 1}}, locValue = TokenDedent 4},Located {locSpan = SourceSpan {spanFilename = \"<input>\", spanStart = SourcePos {posLine = 52, posColumn = 1}, spanEnd = SourcePos {posLine = 52, posColumn = 4}}, locValue = TokenKeyword KwDef},Located {locSpan = SourceSpan {spanFilename = \"<input>\", spanStart = SourcePos {posLine = 52, posColumn = 5}, spanEnd = SourcePos {posLine = 52, posColumn = 16}}, locValue = TokenIdent \"function_13\"},Located {locSpan = SourceSpan {spanFilename = \"<input>\", spanStart = SourcePos {posLine = 52, posColumn = 16}, spanEnd = SourcePos {posLine = 52, posColumn = 17}}, locValue = TokenDelimiter DelimLeftParen},Located {locSpan = SourceSpan {spanFilename = \"<input>\", spanStart = SourcePos {posLine = 52, posColumn = 17}, spanEnd = SourcePos {posLine = 52, posColumn = 18}}, locValue = TokenIdent \"x\"},Located {locSpan = SourceSpan {spanFilename = \"<input>\", spanStart = SourcePos {posLine = 52, posColumn = 18}, spanEnd = SourcePos {posLine = 52, posColumn = 19}}, locValue = TokenDelimiter DelimRightParen},Located {locSpan = SourceSpan {spanFilename = \"<input>\", spanStart = SourcePos {posLine = 52, posColumn = 19}, spanEnd = SourcePos {posLine = 52, posColumn = 20}}, locValue = TokenDelimiter DelimColon},Located {locSpan = SourceSpan {spanFilename = \"<input>\", spanStart = SourcePos {posLine = 52, posColumn = 1}, spanEnd = SourcePos {posLine = 53, posColumn = 1}}, locValue = TokenNewline},Located {locSpan = SourceSpan {spanFilename = \"<input>\", spanStart = SourcePos {posLine = 53, posColumn = 1}, spanEnd = SourcePos {posLine = 53, posColumn = 5}}, locValue = TokenIndent 4},Located {locSpan = SourceSpan {spanFilename = \"<input>\", spanStart = SourcePos {posLine = 53, posColumn = 5}, spanEnd = SourcePos {posLine = 53, posColumn = 33}}, locValue = TokenComment \"# Function 13 implementation\"},Located {locSpan = SourceSpan {spanFilename = \"<input>\", spanStart = SourcePos {posLine = 53, posColumn = 1}, spanEnd = SourcePos {posLine = 54, posColumn = 1}}, locValue = TokenNewline},Located {locSpan = SourceSpan {spanFilename = \"<input>\", spanStart = SourcePos {posLine = 54, posColumn = 5}, spanEnd = SourcePos {posLine = 54, posColumn = 11}}, locValue = TokenIdent \"result\"},Located {locSpan = SourceSpan {spanFilename = \"<input>\", spanStart = SourcePos {posLine = 54, posColumn = 12}, spanEnd = SourcePos {posLine = 54, posColumn = 13}}, locValue = TokenOperator OpAssign},Located {locSpan = SourceSpan {spanFilename = \"<input>\", spanStart = SourcePos {posLine = 54, posColumn = 14}, spanEnd = SourcePos {posLine = 54, posColumn = 15}}, locValue = TokenIdent \"x\"},Located {locSpan = SourceSpan {spanFilename = \"<input>\", spanStart = SourcePos {posLine = 54, posColumn = 16}, spanEnd = SourcePos {posLine = 54, posColumn = 17}}, locValue = TokenOperator OpMult},Located {locSpan = SourceSpan {spanFilename = \"<input>\", spanStart = SourcePos {posLine = 54, posColumn = 18}, spanEnd = SourcePos {posLine = 54, posColumn = 20}}, locValue = TokenNumber \"13\" False},Located {locSpan = SourceSpan {spanFilename = \"<input>\", spanStart = SourcePos {posLine = 54, posColumn = 21}, spanEnd = SourcePos {posLine = 54, posColumn = 22}}, locValue = TokenOperator OpPlus},Located {locSpan = SourceSpan {spanFilename = \"<input>\", spanStart = SourcePos {posLine = 54, posColumn = 23}, spanEnd = SourcePos {posLine = 54, posColumn = 27}}, locValue = TokenIdent \"math\"},Located {locSpan = SourceSpan {spanFilename = \"<input>\", spanStart = SourcePos {posLine = 54, posColumn = 27}, spanEnd = SourcePos {posLine = 54, posColumn = 28}}, locValue = TokenDelimiter DelimDot},Located {locSpan = SourceSpan {spanFilename = \"<input>\", spanStart = SourcePos {posLine = 54, posColumn = 28}, spanEnd = SourcePos {posLine = 54, posColumn = 32}}, locValue = TokenIdent \"sqrt\"},Located {locSpan = SourceSpan {spanFilename = \"<input>\", spanStart = SourcePos {posLine = 54, posColumn = 32}, spanEnd = SourcePos {posLine = 54, posColumn = 33}}, locValue = TokenDelimiter DelimLeftParen},Located {locSpan = SourceSpan {spanFilename = \"<input>\", spanStart = SourcePos {posLine = 54, posColumn = 33}, spanEnd = SourcePos {posLine = 54, posColumn = 35}}, locValue = TokenNumber \"13\" False},Located {locSpan = SourceSpan {spanFilename = \"<input>\", spanStart = SourcePos {posLine = 54, posColumn = 35}, spanEnd = SourcePos {posLine = 54, posColumn = 36}}, locValue = TokenDelimiter DelimRightParen},Located {locSpan = SourceSpan {spanFilename = \"<input>\", spanStart = SourcePos {posLine = 54, posColumn = 1}, spanEnd = SourcePos {posLine = 55, posColumn = 1}}, locValue = TokenNewline},Located {locSpan = SourceSpan {spanFilename = \"<input>\", spanStart = SourcePos {posLine = 55, posColumn = 5}, spanEnd = SourcePos {posLine = 55, posColumn = 11}}, locValue = TokenKeyword KwReturn},Located {locSpan = SourceSpan {spanFilename = \"<input>\", spanStart = SourcePos {posLine = 55, posColumn = 12}, spanEnd = SourcePos {posLine = 55, posColumn = 18}}, locValue = TokenIdent \"result\"},Located {locSpan = SourceSpan {spanFilename = \"<input>\", spanStart = SourcePos {posLine = 55, posColumn = 1}, spanEnd = SourcePos {posLine = 56, posColumn = 1}}, locValue = TokenNewline},Located {locSpan = SourceSpan {spanFilename = \"<input>\", spanStart = SourcePos {posLine = 56, posColumn = 1}, spanEnd = SourcePos {posLine = 56, posColumn = 1}}, locValue = TokenDedent 4},Located {locSpan = SourceSpan {spanFilename = \"<input>\", spanStart = SourcePos {posLine = 56, posColumn = 1}, spanEnd = SourcePos {posLine = 56, posColumn = 4}}, locValue = TokenKeyword KwDef},Located {locSpan = SourceSpan {spanFilename = \"<input>\", spanStart = SourcePos {posLine = 56, posColumn = 5}, spanEnd = SourcePos {posLine = 56, posColumn = 16}}, locValue = TokenIdent \"function_14\"},Located {locSpan = SourceSpan {spanFilename = \"<input>\", spanStart = SourcePos {posLine = 56, posColumn = 16}, spanEnd = SourcePos {posLine = 56, posColumn = 17}}, locValue = TokenDelimiter DelimLeftParen},Located {locSpan = SourceSpan {spanFilename = \"<input>\", spanStart = SourcePos {posLine = 56, posColumn = 17}, spanEnd = SourcePos {posLine = 56, posColumn = 18}}, locValue = TokenIdent \"x\"},Located {locSpan = SourceSpan {spanFilename = \"<input>\", spanStart = SourcePos {posLine = 56, posColumn = 18}, spanEnd = SourcePos {posLine = 56, posColumn = 19}}, locValue = TokenDelimiter DelimRightParen},Located {locSpan = SourceSpan {spanFilename = \"<input>\", spanStart = SourcePos {posLine = 56, posColumn = 19}, spanEnd = SourcePos {posLine = 56, posColumn = 20}}, locValue = TokenDelimiter DelimColon},Located {locSpan = SourceSpan {spanFilename = \"<input>\", spanStart = SourcePos {posLine = 56, posColumn = 1}, spanEnd = SourcePos {posLine = 57, posColumn = 1}}, locValue = TokenNewline},Located {locSpan = SourceSpan {spanFilename = \"<input>\", spanStart = SourcePos {posLine = 57, posColumn = 1}, spanEnd = SourcePos {posLine = 57, posColumn = 5}}, locValue = TokenIndent 4},Located {locSpan = SourceSpan {spanFilename = \"<input>\", spanStart = SourcePos {posLine = 57, posColumn = 5}, spanEnd = SourcePos {posLine = 57, posColumn = 33}}, locValue = TokenComment \"# Function 14 implementation\"},Located {locSpan = SourceSpan {spanFilename = \"<input>\", spanStart = SourcePos {posLine = 57, posColumn = 1}, spanEnd = SourcePos {posLine = 58, posColumn = 1}}, locValue = TokenNewline},Located {locSpan = SourceSpan {spanFilename = \"<input>\", spanStart = SourcePos {posLine = 58, posColumn = 5}, spanEnd = SourcePos {posLine = 58, posColumn = 11}}, locValue = TokenIdent \"result\"},Located {locSpan = SourceSpan {spanFilename = \"<input>\", spanStart = SourcePos {posLine = 58, posColumn = 12}, spanEnd = SourcePos {posLine = 58, posColumn = 13}}, locValue = TokenOperator OpAssign},Located {locSpan = SourceSpan {spanFilename = \"<input>\", spanStart = SourcePos {posLine = 58, posColumn = 14}, spanEnd = SourcePos {posLine = 58, posColumn = 15}}, locValue = TokenIdent \"x\"},Located {locSpan = SourceSpan {spanFilename = \"<input>\", spanStart = SourcePos {posLine = 58, posColumn = 16}, spanEnd = SourcePos {posLine = 58, posColumn = 17}}, locValue = TokenOperator OpMult},Located {locSpan = SourceSpan {spanFilename = \"<input>\", spanStart = SourcePos {posLine = 58, posColumn = 18}, spanEnd = SourcePos {posLine = 58, posColumn = 20}}, locValue = TokenNumber \"14\" False},Located {locSpan = SourceSpan {spanFilename = \"<input>\", spanStart = SourcePos {posLine = 58, posColumn = 21}, spanEnd = SourcePos {posLine = 58, posColumn = 22}}, locValue = TokenOperator OpPlus},Located {locSpan = SourceSpan {spanFilename = \"<input>\", spanStart = SourcePos {posLine = 58, posColumn = 23}, spanEnd = SourcePos {posLine = 58, posColumn = 27}}, locValue = TokenIdent \"math\"},Located {locSpan = SourceSpan {spanFilename = \"<input>\", spanStart = SourcePos {posLine = 58, posColumn = 27}, spanEnd = SourcePos {posLine = 58, posColumn = 28}}, locValue = TokenDelimiter DelimDot},Located {locSpan = SourceSpan {spanFilename = \"<input>\", spanStart = SourcePos {posLine = 58, posColumn = 28}, spanEnd = SourcePos {posLine = 58, posColumn = 32}}, locValue = TokenIdent \"sqrt\"},Located {locSpan = SourceSpan {spanFilename = \"<input>\", spanStart = SourcePos {posLine = 58, posColumn = 32}, spanEnd = SourcePos {posLine = 58, posColumn = 33}}, locValue = TokenDelimiter DelimLeftParen},Located {locSpan = SourceSpan {spanFilename = \"<input>\", spanStart = SourcePos {posLine = 58, posColumn = 33}, spanEnd = SourcePos {posLine = 58, posColumn = 35}}, locValue = TokenNumber \"14\" False},Located {locSpan = SourceSpan {spanFilename = \"<input>\", spanStart = SourcePos {posLine = 58, posColumn = 35}, spanEnd = SourcePos {posLine = 58, posColumn = 36}}, locValue = TokenDelimiter DelimRightParen},Located {locSpan = SourceSpan {spanFilename = \"<input>\", spanStart = SourcePos {posLine = 58, posColumn = 1}, spanEnd = SourcePos {posLine = 59, posColumn = 1}}, locValue = TokenNewline},Located {locSpan = SourceSpan {spanFilename = \"<input>\", spanStart = SourcePos {posLine = 59, posColumn = 5}, spanEnd = SourcePos {posLine = 59, posColumn = 11}}, locValue = TokenKeyword KwReturn},Located {locSpan = SourceSpan {spanFilename = \"<input>\", spanStart = SourcePos {posLine = 59, posColumn = 12}, spanEnd = SourcePos {posLine = 59, posColumn = 18}}, locValue = TokenIdent \"result\"},Located {locSpan = SourceSpan {spanFilename = \"<input>\", spanStart = SourcePos {posLine = 59, posColumn = 1}, spanEnd = SourcePos {posLine = 60, posColumn = 1}}, locValue = TokenNewline},Located {locSpan = SourceSpan {spanFilename = \"<input>\", spanStart = SourcePos {posLine = 60, posColumn = 1}, spanEnd = SourcePos {posLine = 60, posColumn = 1}}, locValue = TokenDedent 4},Located {locSpan = SourceSpan {spanFilename = \"<input>\", spanStart = SourcePos {posLine = 60, posColumn = 1}, spanEnd = SourcePos {posLine = 60, posColumn = 4}}, locValue = TokenKeyword KwDef},Located {locSpan = SourceSpan {spanFilename = \"<input>\", spanStart = SourcePos {posLine = 60, posColumn = 5}, spanEnd = SourcePos {posLine = 60, posColumn = 16}}, locValue = TokenIdent \"function_15\"},Located {locSpan = SourceSpan {spanFilename = \"<input>\", spanStart = SourcePos {posLine = 60, posColumn = 16}, spanEnd = SourcePos {posLine = 60, posColumn = 17}}, locValue = TokenDelimiter DelimLeftParen},Located {locSpan = SourceSpan {spanFilename = \"<input>\", spanStart = SourcePos {posLine = 60, posColumn = 17}, spanEnd = SourcePos {posLine = 60, posColumn = 18}}, locValue = TokenIdent \"x\"},Located {locSpan = SourceSpan {spanFilename = \"<input>\", spanStart = SourcePos {posLine = 60, posColumn = 18}, spanEnd = SourcePos {posLine = 60, posColumn = 19}}, locValue = TokenDelimiter DelimRightParen},Located {locSpan = SourceSpan {spanFilename = \"<input>\", spanStart = SourcePos {posLine = 60, posColumn = 19}, spanEnd = SourcePos {posLine = 60, posColumn = 20}}, locValue = TokenDelimiter DelimColon},Located {locSpan = SourceSpan {spanFilename = \"<input>\", spanStart = SourcePos {posLine = 60, posColumn = 1}, spanEnd = SourcePos {posLine = 61, posColumn = 1}}, locValue = TokenNewline},Located {locSpan = SourceSpan {spanFilename = \"<input>\", spanStart = SourcePos {posLine = 61, posColumn = 1}, spanEnd = SourcePos {posLine = 61, posColumn = 5}}, locValue = TokenIndent 4},Located {locSpan = SourceSpan {spanFilename = \"<input>\", spanStart = SourcePos {posLine = 61, posColumn = 5}, spanEnd = SourcePos {posLine = 61, posColumn = 33}}, locValue = TokenComment \"# Function 15 implementation\"},Located {locSpan = SourceSpan {spanFilename = \"<input>\", spanStart = SourcePos {posLine = 61, posColumn = 1}, spanEnd = SourcePos {posLine = 62, posColumn = 1}}, locValue = TokenNewline},Located {locSpan = SourceSpan {spanFilename = \"<input>\", spanStart = SourcePos {posLine = 62, posColumn = 5}, spanEnd = SourcePos {posLine = 62, posColumn = 11}}, locValue = TokenIdent \"result\"},Located {locSpan = SourceSpan {spanFilename = \"<input>\", spanStart = SourcePos {posLine = 62, posColumn = 12}, spanEnd = SourcePos {posLine = 62, posColumn = 13}}, locValue = TokenOperator OpAssign},Located {locSpan = SourceSpan {spanFilename = \"<input>\", spanStart = SourcePos {posLine = 62, posColumn = 14}, spanEnd = SourcePos {posLine = 62, posColumn = 15}}, locValue = TokenIdent \"x\"},Located {locSpan = SourceSpan {spanFilename = \"<input>\", spanStart = SourcePos {posLine = 62, posColumn = 16}, spanEnd = SourcePos {posLine = 62, posColumn = 17}}, locValue = TokenOperator OpMult},Located {locSpan = SourceSpan {spanFilename = \"<input>\", spanStart = SourcePos {posLine = 62, posColumn = 18}, spanEnd = SourcePos {posLine = 62, posColumn = 20}}, locValue = TokenNumber \"15\" False},Located {locSpan = SourceSpan {spanFilename = \"<input>\", spanStart = SourcePos {posLine = 62, posColumn = 21}, spanEnd = SourcePos {posLine = 62, posColumn = 22}}, locValue = TokenOperator OpPlus},Located {locSpan = SourceSpan {spanFilename = \"<input>\", spanStart = SourcePos {posLine = 62, posColumn = 23}, spanEnd = SourcePos {posLine = 62, posColumn = 27}}, locValue = TokenIdent \"math\"},Located {locSpan = SourceSpan {spanFilename = \"<input>\", spanStart = SourcePos {posLine = 62, posColumn = 27}, spanEnd = SourcePos {posLine = 62, posColumn = 28}}, locValue = TokenDelimiter DelimDot},Located {locSpan = SourceSpan {spanFilename = \"<input>\", spanStart = SourcePos {posLine = 62, posColumn = 28}, spanEnd = SourcePos {posLine = 62, posColumn = 32}}, locValue = TokenIdent \"sqrt\"},Located {locSpan = SourceSpan {spanFilename = \"<input>\", spanStart = SourcePos {posLine = 62, posColumn = 32}, spanEnd = SourcePos {posLine = 62, posColumn = 33}}, locValue = TokenDelimiter DelimLeftParen},Located {locSpan = SourceSpan {spanFilename = \"<input>\", spanStart = SourcePos {posLine = 62, posColumn = 33}, spanEnd = SourcePos {posLine = 62, posColumn = 35}}, locValue = TokenNumber \"15\" False},Located {locSpan = SourceSpan {spanFilename = \"<input>\", spanStart = SourcePos {posLine = 62, posColumn = 35}, spanEnd = SourcePos {posLine = 62, posColumn = 36}}, locValue = TokenDelimiter DelimRightParen},Located {locSpan = SourceSpan {spanFilename = \"<input>\", spanStart = SourcePos {posLine = 62, posColumn = 1}, spanEnd = SourcePos {posLine = 63, posColumn = 1}}, locValue = TokenNewline},Located {locSpan = SourceSpan {spanFilename = \"<input>\", spanStart = SourcePos {posLine = 63, posColumn = 5}, spanEnd = SourcePos {posLine = 63, posColumn = 11}}, locValue = TokenKeyword KwReturn},Located {locSpan = SourceSpan {spanFilename = \"<input>\", spanStart = SourcePos {posLine = 63, posColumn = 12}, spanEnd = SourcePos {posLine = 63, posColumn = 18}}, locValue = TokenIdent \"result\"},Located {locSpan = SourceSpan {spanFilename = \"<input>\", spanStart = SourcePos {posLine = 63, posColumn = 1}, spanEnd = SourcePos {posLine = 64, posColumn = 1}}, locValue = TokenNewline},Located {locSpan = SourceSpan {spanFilename = \"<input>\", spanStart = SourcePos {posLine = 64, posColumn = 1}, spanEnd = SourcePos {posLine = 64, posColumn = 1}}, locValue = TokenDedent 4},Located {locSpan = SourceSpan {spanFilename = \"<input>\", spanStart = SourcePos {posLine = 64, posColumn = 1}, spanEnd = SourcePos {posLine = 64, posColumn = 4}}, locValue = TokenKeyword KwDef},Located {locSpan = SourceSpan {spanFilename = \"<input>\", spanStart = SourcePos {posLine = 64, posColumn = 5}, spanEnd = SourcePos {posLine = 64, posColumn = 16}}, locValue = TokenIdent \"function_16\"},Located {locSpan = SourceSpan {spanFilename = \"<input>\", spanStart = SourcePos {posLine = 64, posColumn = 16}, spanEnd = SourcePos {posLine = 64, posColumn = 17}}, locValue = TokenDelimiter DelimLeftParen},Located {locSpan = SourceSpan {spanFilename = \"<input>\", spanStart = SourcePos {posLine = 64, posColumn = 17}, spanEnd = SourcePos {posLine = 64, posColumn = 18}}, locValue = TokenIdent \"x\"},Located {locSpan = SourceSpan {spanFilename = \"<input>\", spanStart = SourcePos {posLine = 64, posColumn = 18}, spanEnd = SourcePos {posLine = 64, posColumn = 19}}, locValue = TokenDelimiter DelimRightParen},Located {locSpan = SourceSpan {spanFilename = \"<input>\", spanStart = SourcePos {posLine = 64, posColumn = 19}, spanEnd = SourcePos {posLine = 64, posColumn = 20}}, locValue = TokenDelimiter DelimColon},Located {locSpan = SourceSpan {spanFilename = \"<input>\", spanStart = SourcePos {posLine = 64, posColumn = 1}, spanEnd = SourcePos {posLine = 65, posColumn = 1}}, locValue = TokenNewline},Located {locSpan = SourceSpan {spanFilename = \"<input>\", spanStart = SourcePos {posLine = 65, posColumn = 1}, spanEnd = SourcePos {posLine = 65, posColumn = 5}}, locValue = TokenIndent 4},Located {locSpan = SourceSpan {spanFilename = \"<input>\", spanStart = SourcePos {posLine = 65, posColumn = 5}, spanEnd = SourcePos {posLine = 65, posColumn = 33}}, locValue = TokenComment \"# Function 16 implementation\"},Located {locSpan = SourceSpan {spanFilename = \"<input>\", spanStart = SourcePos {posLine = 65, posColumn = 1}, spanEnd = SourcePos {posLine = 66, posColumn = 1}}, locValue = TokenNewline},Located {locSpan = SourceSpan {spanFilename = \"<input>\", spanStart = SourcePos {posLine = 66, posColumn = 5}, spanEnd = SourcePos {posLine = 66, posColumn = 11}}, locValue = TokenIdent \"result\"},Located {locSpan = SourceSpan {spanFilename = \"<input>\", spanStart = SourcePos {posLine = 66, posColumn = 12}, spanEnd = SourcePos {posLine = 66, posColumn = 13}}, locValue = TokenOperator OpAssign},Located {locSpan = SourceSpan {spanFilename = \"<input>\", spanStart = SourcePos {posLine = 66, posColumn = 14}, spanEnd = SourcePos {posLine = 66, posColumn = 15}}, locValue = TokenIdent \"x\"},Located {locSpan = SourceSpan {spanFilename = \"<input>\", spanStart = SourcePos {posLine = 66, posColumn = 16}, spanEnd = SourcePos {posLine = 66, posColumn = 17}}, locValue = TokenOperator OpMult},Located {locSpan = SourceSpan {spanFilename = \"<input>\", spanStart = SourcePos {posLine = 66, posColumn = 18}, spanEnd = SourcePos {posLine = 66, posColumn = 20}}, locValue = TokenNumber \"16\" False},Located {locSpan = SourceSpan {spanFilename = \"<input>\", spanStart = SourcePos {posLine = 66, posColumn = 21}, spanEnd = SourcePos {posLine = 66, posColumn = 22}}, locValue = TokenOperator OpPlus},Located {locSpan = SourceSpan {spanFilename = \"<input>\", spanStart = SourcePos {posLine = 66, posColumn = 23}, spanEnd = SourcePos {posLine = 66, posColumn = 27}}, locValue = TokenIdent \"math\"},Located {locSpan = SourceSpan {spanFilename = \"<input>\", spanStart = SourcePos {posLine = 66, posColumn = 27}, spanEnd = SourcePos {posLine = 66, posColumn = 28}}, locValue = TokenDelimiter DelimDot},Located {locSpan = SourceSpan {spanFilename = \"<input>\", spanStart = SourcePos {posLine = 66, posColumn = 28}, spanEnd = SourcePos {posLine = 66, posColumn = 32}}, locValue = TokenIdent \"sqrt\"},Located {locSpan = SourceSpan {spanFilename = \"<input>\", spanStart = SourcePos {posLine = 66, posColumn = 32}, spanEnd = SourcePos {posLine = 66, posColumn = 33}}, locValue = TokenDelimiter DelimLeftParen},Located {locSpan = SourceSpan {spanFilename = \"<input>\", spanStart = SourcePos {posLine = 66, posColumn = 33}, spanEnd = SourcePos {posLine = 66, posColumn = 35}}, locValue = TokenNumber \"16\" False},Located {locSpan = SourceSpan {spanFilename = \"<input>\", spanStart = SourcePos {posLine = 66, posColumn = 35}, spanEnd = SourcePos {posLine = 66, posColumn = 36}}, locValue = TokenDelimiter DelimRightParen},Located {locSpan = SourceSpan {spanFilename = \"<input>\", spanStart = SourcePos {posLine = 66, posColumn = 1}, spanEnd = SourcePos {posLine = 67, posColumn = 1}}, locValue = TokenNewline},Located {locSpan = SourceSpan {spanFilename = \"<input>\", spanStart = SourcePos {posLine = 67, posColumn = 5}, spanEnd = SourcePos {posLine = 67, posColumn = 11}}, locValue = TokenKeyword KwReturn},Located {locSpan = SourceSpan {spanFilename = \"<input>\", spanStart = SourcePos {posLine = 67, posColumn = 12}, spanEnd = SourcePos {posLine = 67, posColumn = 18}}, locValue = TokenIdent \"result\"},Located {locSpan = SourceSpan {spanFilename = \"<input>\", spanStart = SourcePos {posLine = 67, posColumn = 1}, spanEnd = SourcePos {posLine = 68, posColumn = 1}}, locValue = TokenNewline},Located {locSpan = SourceSpan {spanFilename = \"<input>\", spanStart = SourcePos {posLine = 68, posColumn = 1}, spanEnd = SourcePos {posLine = 68, posColumn = 1}}, locValue = TokenDedent 4},Located {locSpan = SourceSpan {spanFilename = \"<input>\", spanStart = SourcePos {posLine = 68, posColumn = 1}, spanEnd = SourcePos {posLine = 68, posColumn = 4}}, locValue = TokenKeyword KwDef},Located {locSpan = SourceSpan {spanFilename = \"<input>\", spanStart = SourcePos {posLine = 68, posColumn = 5}, spanEnd = SourcePos {posLine = 68, posColumn = 16}}, locValue = TokenIdent \"function_17\"},Located {locSpan = SourceSpan {spanFilename = \"<input>\", spanStart = SourcePos {posLine = 68, posColumn = 16}, spanEnd = SourcePos {posLine = 68, posColumn = 17}}, locValue = TokenDelimiter DelimLeftParen},Located {locSpan = SourceSpan {spanFilename = \"<input>\", spanStart = SourcePos {posLine = 68, posColumn = 17}, spanEnd = SourcePos {posLine = 68, posColumn = 18}}, locValue = TokenIdent \"x\"},Located {locSpan = SourceSpan {spanFilename = \"<input>\", spanStart = SourcePos {posLine = 68, posColumn = 18}, spanEnd = SourcePos {posLine = 68, posColumn = 19}}, locValue = TokenDelimiter DelimRightParen},Located {locSpan = SourceSpan {spanFilename = \"<input>\", spanStart = SourcePos {posLine = 68, posColumn = 19}, spanEnd = SourcePos {posLine = 68, posColumn = 20}}, locValue = TokenDelimiter DelimColon},Located {locSpan = SourceSpan {spanFilename = \"<input>\", spanStart = SourcePos {posLine = 68, posColumn = 1}, spanEnd = SourcePos {posLine = 69, posColumn = 1}}, locValue = TokenNewline},Located {locSpan = SourceSpan {spanFilename = \"<input>\", spanStart = SourcePos {posLine = 69, posColumn = 1}, spanEnd = SourcePos {posLine = 69, posColumn = 5}}, locValue = TokenIndent 4},Located {locSpan = SourceSpan {spanFilename = \"<input>\", spanStart = SourcePos {posLine = 69, posColumn = 5}, spanEnd = SourcePos {posLine = 69, posColumn = 33}}, locValue = TokenComment \"# Function 17 implementation\"},Located {locSpan = SourceSpan {spanFilename = \"<input>\", spanStart = SourcePos {posLine = 69, posColumn = 1}, spanEnd = SourcePos {posLine = 70, posColumn = 1}}, locValue = TokenNewline},Located {locSpan = SourceSpan {spanFilename = \"<input>\", spanStart = SourcePos {posLine = 70, posColumn = 5}, spanEnd = SourcePos {posLine = 70, posColumn = 11}}, locValue = TokenIdent \"result\"},Located {locSpan = SourceSpan {spanFilename = \"<input>\", spanStart = SourcePos {posLine = 70, posColumn = 12}, spanEnd = SourcePos {posLine = 70, posColumn = 13}}, locValue = TokenOperator OpAssign},Located {locSpan = SourceSpan {spanFilename = \"<input>\", spanStart = SourcePos {posLine = 70, posColumn = 14}, spanEnd = SourcePos {posLine = 70, posColumn = 15}}, locValue = TokenIdent \"x\"},Located {locSpan = SourceSpan {spanFilename = \"<input>\", spanStart = SourcePos {posLine = 70, posColumn = 16}, spanEnd = SourcePos {posLine = 70, posColumn = 17}}, locValue = TokenOperator OpMult},Located {locSpan = SourceSpan {spanFilename = \"<input>\", spanStart = SourcePos {posLine = 70, posColumn = 18}, spanEnd = SourcePos {posLine = 70, posColumn = 20}}, locValue = TokenNumber \"17\" False},Located {locSpan = SourceSpan {spanFilename = \"<input>\", spanStart = SourcePos {posLine = 70, posColumn = 21}, spanEnd = SourcePos {posLine = 70, posColumn = 22}}, locValue = TokenOperator OpPlus},Located {locSpan = SourceSpan {spanFilename = \"<input>\", spanStart = SourcePos {posLine = 70, posColumn = 23}, spanEnd = SourcePos {posLine = 70, posColumn = 27}}, locValue = TokenIdent \"math\"},Located {locSpan = SourceSpan {spanFilename = \"<input>\", spanStart = SourcePos {posLine = 70, posColumn = 27}, spanEnd = SourcePos {posLine = 70, posColumn = 28}}, locValue = TokenDelimiter DelimDot},Located {locSpan = SourceSpan {spanFilename = \"<input>\", spanStart = SourcePos {posLine = 70, posColumn = 28}, spanEnd = SourcePos {posLine = 70, posColumn = 32}}, locValue = TokenIdent \"sqrt\"},Located {locSpan = SourceSpan {spanFilename = \"<input>\", spanStart = SourcePos {posLine = 70, posColumn = 32}, spanEnd = SourcePos {posLine = 70, posColumn = 33}}, locValue = TokenDelimiter DelimLeftParen},Located {locSpan = SourceSpan {spanFilename = \"<input>\", spanStart = SourcePos {posLine = 70, posColumn = 33}, spanEnd = SourcePos {posLine = 70, posColumn = 35}}, locValue = TokenNumber \"17\" False},Located {locSpan = SourceSpan {spanFilename = \"<input>\", spanStart = SourcePos {posLine = 70, posColumn = 35}, spanEnd = SourcePos {posLine = 70, posColumn = 36}}, locValue = TokenDelimiter DelimRightParen},Located {locSpan = SourceSpan {spanFilename = \"<input>\", spanStart = SourcePos {posLine = 70, posColumn = 1}, spanEnd = SourcePos {posLine = 71, posColumn = 1}}, locValue = TokenNewline},Located {locSpan = SourceSpan {spanFilename = \"<input>\", spanStart = SourcePos {posLine = 71, posColumn = 5}, spanEnd = SourcePos {posLine = 71, posColumn = 11}}, locValue = TokenKeyword KwReturn},Located {locSpan = SourceSpan {spanFilename = \"<input>\", spanStart = SourcePos {posLine = 71, posColumn = 12}, spanEnd = SourcePos {posLine = 71, posColumn = 18}}, locValue = TokenIdent \"result\"},Located {locSpan = SourceSpan {spanFilename = \"<input>\", spanStart = SourcePos {posLine = 71, posColumn = 1}, spanEnd = SourcePos {posLine = 72, posColumn = 1}}, locValue = TokenNewline},Located {locSpan = SourceSpan {spanFilename = \"<input>\", spanStart = SourcePos {posLine = 72, posColumn = 1}, spanEnd = SourcePos {posLine = 72, posColumn = 1}}, locValue = TokenDedent 4},Located {locSpan = SourceSpan {spanFilename = \"<input>\", spanStart = SourcePos {posLine = 72, posColumn = 1}, spanEnd = SourcePos {posLine = 72, posColumn = 4}}, locValue = TokenKeyword KwDef},Located {locSpan = SourceSpan {spanFilename = \"<input>\", spanStart = SourcePos {posLine = 72, posColumn = 5}, spanEnd = SourcePos {posLine = 72, posColumn = 16}}, locValue = TokenIdent \"function_18\"},Located {locSpan = SourceSpan {spanFilename = \"<input>\", spanStart = SourcePos {posLine = 72, posColumn = 16}, spanEnd = SourcePos {posLine = 72, posColumn = 17}}, locValue = TokenDelimiter DelimLeftParen},Located {locSpan = SourceSpan {spanFilename = \"<input>\", spanStart = SourcePos {posLine = 72, posColumn = 17}, spanEnd = SourcePos {posLine = 72, posColumn = 18}}, locValue = TokenIdent \"x\"},Located {locSpan = SourceSpan {spanFilename = \"<input>\", spanStart = SourcePos {posLine = 72, posColumn = 18}, spanEnd = SourcePos {posLine = 72, posColumn = 19}}, locValue = TokenDelimiter DelimRightParen},Located {locSpan = SourceSpan {spanFilename = \"<input>\", spanStart = SourcePos {posLine = 72, posColumn = 19}, spanEnd = SourcePos {posLine = 72, posColumn = 20}}, locValue = TokenDelimiter DelimColon},Located {locSpan = SourceSpan {spanFilename = \"<input>\", spanStart = SourcePos {posLine = 72, posColumn = 1}, spanEnd = SourcePos {posLine = 73, posColumn = 1}}, locValue = TokenNewline},Located {locSpan = SourceSpan {spanFilename = \"<input>\", spanStart = SourcePos {posLine = 73, posColumn = 1}, spanEnd = SourcePos {posLine = 73, posColumn = 5}}, locValue = TokenIndent 4},Located {locSpan = SourceSpan {spanFilename = \"<input>\", spanStart = SourcePos {posLine = 73, posColumn = 5}, spanEnd = SourcePos {posLine = 73, posColumn = 33}}, locValue = TokenComment \"# Function 18 implementation\"},Located {locSpan = SourceSpan {spanFilename = \"<input>\", spanStart = SourcePos {posLine = 73, posColumn = 1}, spanEnd = SourcePos {posLine = 74, posColumn = 1}}, locValue = TokenNewline},Located {locSpan = SourceSpan {spanFilename = \"<input>\", spanStart = SourcePos {posLine = 74, posColumn = 5}, spanEnd = SourcePos {posLine = 74, posColumn = 11}}, locValue = TokenIdent \"result\"},Located {locSpan = SourceSpan {spanFilename = \"<input>\", spanStart = SourcePos {posLine = 74, posColumn = 12}, spanEnd = SourcePos {posLine = 74, posColumn = 13}}, locValue = TokenOperator OpAssign},Located {locSpan = SourceSpan {spanFilename = \"<input>\", spanStart = SourcePos {posLine = 74, posColumn = 14}, spanEnd = SourcePos {posLine = 74, posColumn = 15}}, locValue = TokenIdent \"x\"},Located {locSpan = SourceSpan {spanFilename = \"<input>\", spanStart = SourcePos {posLine = 74, posColumn = 16}, spanEnd = SourcePos {posLine = 74, posColumn = 17}}, locValue = TokenOperator OpMult},Located {locSpan = SourceSpan {spanFilename = \"<input>\", spanStart = SourcePos {posLine = 74, posColumn = 18}, spanEnd = SourcePos {posLine = 74, posColumn = 20}}, locValue = TokenNumber \"18\" False},Located {locSpan = SourceSpan {spanFilename = \"<input>\", spanStart = SourcePos {posLine = 74, posColumn = 21}, spanEnd = SourcePos {posLine = 74, posColumn = 22}}, locValue = TokenOperator OpPlus},Located {locSpan = SourceSpan {spanFilename = \"<input>\", spanStart = SourcePos {posLine = 74, posColumn = 23}, spanEnd = SourcePos {posLine = 74, posColumn = 27}}, locValue = TokenIdent \"math\"},Located {locSpan = SourceSpan {spanFilename = \"<input>\", spanStart = SourcePos {posLine = 74, posColumn = 27}, spanEnd = SourcePos {posLine = 74, posColumn = 28}}, locValue = TokenDelimiter DelimDot},Located {locSpan = SourceSpan {spanFilename = \"<input>\", spanStart = SourcePos {posLine = 74, posColumn = 28}, spanEnd = SourcePos {posLine = 74, posColumn = 32}}, locValue = TokenIdent \"sqrt\"},Located {locSpan = SourceSpan {spanFilename = \"<input>\", spanStart = SourcePos {posLine = 74, posColumn = 32}, spanEnd = SourcePos {posLine = 74, posColumn = 33}}, locValue = TokenDelimiter DelimLeftParen},Located {locSpan = SourceSpan {spanFilename = \"<input>\", spanStart = SourcePos {posLine = 74, posColumn = 33}, spanEnd = SourcePos {posLine = 74, posColumn = 35}}, locValue = TokenNumber \"18\" False},Located {locSpan = SourceSpan {spanFilename = \"<input>\", spanStart = SourcePos {posLine = 74, posColumn = 35}, spanEnd = SourcePos {posLine = 74, posColumn = 36}}, locValue = TokenDelimiter DelimRightParen},Located {locSpan = SourceSpan {spanFilename = \"<input>\", spanStart = SourcePos {posLine = 74, posColumn = 1}, spanEnd = SourcePos {posLine = 75, posColumn = 1}}, locValue = TokenNewline},Located {locSpan = SourceSpan {spanFilename = \"<input>\", spanStart = SourcePos {posLine = 75, posColumn = 5}, spanEnd = SourcePos {posLine = 75, posColumn = 11}}, locValue = TokenKeyword KwReturn},Located {locSpan = SourceSpan {spanFilename = \"<input>\", spanStart = SourcePos {posLine = 75, posColumn = 12}, spanEnd = SourcePos {posLine = 75, posColumn = 18}}, locValue = TokenIdent \"result\"},Located {locSpan = SourceSpan {spanFilename = \"<input>\", spanStart = SourcePos {posLine = 75, posColumn = 1}, spanEnd = SourcePos {posLine = 76, posColumn = 1}}, locValue = TokenNewline},Located {locSpan = SourceSpan {spanFilename = \"<input>\", spanStart = SourcePos {posLine = 76, posColumn = 1}, spanEnd = SourcePos {posLine = 76, posColumn = 1}}, locValue = TokenDedent 4},Located {locSpan = SourceSpan {spanFilename = \"<input>\", spanStart = SourcePos {posLine = 76, posColumn = 1}, spanEnd = SourcePos {posLine = 76, posColumn = 4}}, locValue = TokenKeyword KwDef},Located {locSpan = SourceSpan {spanFilename = \"<input>\", spanStart = SourcePos {posLine = 76, posColumn = 5}, spanEnd = SourcePos {posLine = 76, posColumn = 16}}, locValue = TokenIdent \"function_19\"},Located {locSpan = SourceSpan {spanFilename = \"<input>\", spanStart = SourcePos {posLine = 76, posColumn = 16}, spanEnd = SourcePos {posLine = 76, posColumn = 17}}, locValue = TokenDelimiter DelimLeftParen},Located {locSpan = SourceSpan {spanFilename = \"<input>\", spanStart = SourcePos {posLine = 76, posColumn = 17}, spanEnd = SourcePos {posLine = 76, posColumn = 18}}, locValue = TokenIdent \"x\"},Located {locSpan = SourceSpan {spanFilename = \"<input>\", spanStart = SourcePos {posLine = 76, posColumn = 18}, spanEnd = SourcePos {posLine = 76, posColumn = 19}}, locValue = TokenDelimiter DelimRightParen},Located {locSpan = SourceSpan {spanFilename = \"<input>\", spanStart = SourcePos {posLine = 76, posColumn = 19}, spanEnd = SourcePos {posLine = 76, posColumn = 20}}, locValue = TokenDelimiter DelimColon},Located {locSpan = SourceSpan {spanFilename = \"<input>\", spanStart = SourcePos {posLine = 76, posColumn = 1}, spanEnd = SourcePos {posLine = 77, posColumn = 1}}, locValue = TokenNewline},Located {locSpan = SourceSpan {spanFilename = \"<input>\", spanStart = SourcePos {posLine = 77, posColumn = 1}, spanEnd = SourcePos {posLine = 77, posColumn = 5}}, locValue = TokenIndent 4},Located {locSpan = SourceSpan {spanFilename = \"<input>\", spanStart = SourcePos {posLine = 77, posColumn = 5}, spanEnd = SourcePos {posLine = 77, posColumn = 33}}, locValue = TokenComment \"# Function 19 implementation\"},Located {locSpan = SourceSpan {spanFilename = \"<input>\", spanStart = SourcePos {posLine = 77, posColumn = 1}, spanEnd = SourcePos {posLine = 78, posColumn = 1}}, locValue = TokenNewline},Located {locSpan = SourceSpan {spanFilename = \"<input>\", spanStart = SourcePos {posLine = 78, posColumn = 5}, spanEnd = SourcePos {posLine = 78, posColumn = 11}}, locValue = TokenIdent \"result\"},Located {locSpan = SourceSpan {spanFilename = \"<input>\", spanStart = SourcePos {posLine = 78, posColumn = 12}, spanEnd = SourcePos {posLine = 78, posColumn = 13}}, locValue = TokenOperator OpAssign},Located {locSpan = SourceSpan {spanFilename = \"<input>\", spanStart = SourcePos {posLine = 78, posColumn = 14}, spanEnd = SourcePos {posLine = 78, posColumn = 15}}, locValue = TokenIdent \"x\"},Located {locSpan = SourceSpan {spanFilename = \"<input>\", spanStart = SourcePos {posLine = 78, posColumn = 16}, spanEnd = SourcePos {posLine = 78, posColumn = 17}}, locValue = TokenOperator OpMult},Located {locSpan = SourceSpan {spanFilename = \"<input>\", spanStart = SourcePos {posLine = 78, posColumn = 18}, spanEnd = SourcePos {posLine = 78, posColumn = 20}}, locValue = TokenNumber \"19\" False},Located {locSpan = SourceSpan {spanFilename = \"<input>\", spanStart = SourcePos {posLine = 78, posColumn = 21}, spanEnd = SourcePos {posLine = 78, posColumn = 22}}, locValue = TokenOperator OpPlus},Located {locSpan = SourceSpan {spanFilename = \"<input>\", spanStart = SourcePos {posLine = 78, posColumn = 23}, spanEnd = SourcePos {posLine = 78, posColumn = 27}}, locValue = TokenIdent \"math\"},Located {locSpan = SourceSpan {spanFilename = \"<input>\", spanStart = SourcePos {posLine = 78, posColumn = 27}, spanEnd = SourcePos {posLine = 78, posColumn = 28}}, locValue = TokenDelimiter DelimDot},Located {locSpan = SourceSpan {spanFilename = \"<input>\", spanStart = SourcePos {posLine = 78, posColumn = 28}, spanEnd = SourcePos {posLine = 78, posColumn = 32}}, locValue = TokenIdent \"sqrt\"},Located {locSpan = SourceSpan {spanFilename = \"<input>\", spanStart = SourcePos {posLine = 78, posColumn = 32}, spanEnd = SourcePos {posLine = 78, posColumn = 33}}, locValue = TokenDelimiter DelimLeftParen},Located {locSpan = SourceSpan {spanFilename = \"<input>\", spanStart = SourcePos {posLine = 78, posColumn = 33}, spanEnd = SourcePos {posLine = 78, posColumn = 35}}, locValue = TokenNumber \"19\" False},Located {locSpan = SourceSpan {spanFilename = \"<input>\", spanStart = SourcePos {posLine = 78, posColumn = 35}, spanEnd = SourcePos {posLine = 78, posColumn = 36}}, locValue = TokenDelimiter DelimRightParen},Located {locSpan = SourceSpan {spanFilename = \"<input>\", spanStart = SourcePos {posLine = 78, posColumn = 1}, spanEnd = SourcePos {posLine = 79, posColumn = 1}}, locValue = TokenNewline},Located {locSpan = SourceSpan {spanFilename = \"<input>\", spanStart = SourcePos {posLine = 79, posColumn = 5}, spanEnd = SourcePos {posLine = 79, posColumn = 11}}, locValue = TokenKeyword KwReturn},Located {locSpan = SourceSpan {spanFilename = \"<input>\", spanStart = SourcePos {posLine = 79, posColumn = 12}, spanEnd = SourcePos {posLine = 79, posColumn = 18}}, locValue = TokenIdent \"result\"},Located {locSpan = SourceSpan {spanFilename = \"<input>\", spanStart = SourcePos {posLine = 79, posColumn = 1}, spanEnd = SourcePos {posLine = 80, posColumn = 1}}, locValue = TokenNewline},Located {locSpan = SourceSpan {spanFilename = \"<input>\", spanStart = SourcePos {posLine = 80, posColumn = 1}, spanEnd = SourcePos {posLine = 80, posColumn = 1}}, locValue = TokenDedent 4},Located {locSpan = SourceSpan {spanFilename = \"<input>\", spanStart = SourcePos {posLine = 80, posColumn = 1}, spanEnd = SourcePos {posLine = 80, posColumn = 4}}, locValue = TokenKeyword KwDef},Located {locSpan = SourceSpan {spanFilename = \"<input>\", spanStart = SourcePos {posLine = 80, posColumn = 5}, spanEnd = SourcePos {posLine = 80, posColumn = 16}}, locValue = TokenIdent \"function_20\"},Located {locSpan = SourceSpan {spanFilename = \"<input>\", spanStart = SourcePos {posLine = 80, posColumn = 16}, spanEnd = SourcePos {posLine = 80, posColumn = 17}}, locValue = TokenDelimiter DelimLeftParen},Located {locSpan = SourceSpan {spanFilename = \"<input>\", spanStart = SourcePos {posLine = 80, posColumn = 17}, spanEnd = SourcePos {posLine = 80, posColumn = 18}}, locValue = TokenIdent \"x\"},Located {locSpan = SourceSpan {spanFilename = \"<input>\", spanStart = SourcePos {posLine = 80, posColumn = 18}, spanEnd = SourcePos {posLine = 80, posColumn = 19}}, locValue = TokenDelimiter DelimRightParen},Located {locSpan = SourceSpan {spanFilename = \"<input>\", spanStart = SourcePos {posLine = 80, posColumn = 19}, spanEnd = SourcePos {posLine = 80, posColumn = 20}}, locValue = TokenDelimiter DelimColon},Located {locSpan = SourceSpan {spanFilename = \"<input>\", spanStart = SourcePos {posLine = 80, posColumn = 1}, spanEnd = SourcePos {posLine = 81, posColumn = 1}}, locValue = TokenNewline},Located {locSpan = SourceSpan {spanFilename = \"<input>\", spanStart = SourcePos {posLine = 81, posColumn = 1}, spanEnd = SourcePos {posLine = 81, posColumn = 5}}, locValue = TokenIndent 4},Located {locSpan = SourceSpan {spanFilename = \"<input>\", spanStart = SourcePos {posLine = 81, posColumn = 5}, spanEnd = SourcePos {posLine = 81, posColumn = 33}}, locValue = TokenComment \"# Function 20 implementation\"},Located {locSpan = SourceSpan {spanFilename = \"<input>\", spanStart = SourcePos {posLine = 81, posColumn = 1}, spanEnd = SourcePos {posLine = 82, posColumn = 1}}, locValue = TokenNewline},Located {locSpan = SourceSpan {spanFilename = \"<input>\", spanStart = SourcePos {posLine = 82, posColumn = 5}, spanEnd = SourcePos {posLine = 82, posColumn = 11}}, locValue = TokenIdent \"result\"},Located {locSpan = SourceSpan {spanFilename = \"<input>\", spanStart = SourcePos {posLine = 82, posColumn = 12}, spanEnd = SourcePos {posLine = 82, posColumn = 13}}, locValue = TokenOperator OpAssign},Located {locSpan = SourceSpan {spanFilename = \"<input>\", spanStart = SourcePos {posLine = 82, posColumn = 14}, spanEnd = SourcePos {posLine = 82, posColumn = 15}}, locValue = TokenIdent \"x\"},Located {locSpan = SourceSpan {spanFilename = \"<input>\", spanStart = SourcePos {posLine = 82, posColumn = 16}, spanEnd = SourcePos {posLine = 82, posColumn = 17}}, locValue = TokenOperator OpMult},Located {locSpan = SourceSpan {spanFilename = \"<input>\", spanStart = SourcePos {posLine = 82, posColumn = 18}, spanEnd = SourcePos {posLine = 82, posColumn = 20}}, locValue = TokenNumber \"20\" False},Located {locSpan = SourceSpan {spanFilename = \"<input>\", spanStart = SourcePos {posLine = 82, posColumn = 21}, spanEnd = SourcePos {posLine = 82, posColumn = 22}}, locValue = TokenOperator OpPlus},Located {locSpan = SourceSpan {spanFilename = \"<input>\", spanStart = SourcePos {posLine = 82, posColumn = 23}, spanEnd = SourcePos {posLine = 82, posColumn = 27}}, locValue = TokenIdent \"math\"},Located {locSpan = SourceSpan {spanFilename = \"<input>\", spanStart = SourcePos {posLine = 82, posColumn = 27}, spanEnd = SourcePos {posLine = 82, posColumn = 28}}, locValue = TokenDelimiter DelimDot},Located {locSpan = SourceSpan {spanFilename = \"<input>\", spanStart = SourcePos {posLine = 82, posColumn = 28}, spanEnd = SourcePos {posLine = 82, posColumn = 32}}, locValue = TokenIdent \"sqrt\"},Located {locSpan = SourceSpan {spanFilename = \"<input>\", spanStart = SourcePos {posLine = 82, posColumn = 32}, spanEnd = SourcePos {posLine = 82, posColumn = 33}}, locValue = TokenDelimiter DelimLeftParen},Located {locSpan = SourceSpan {spanFilename = \"<input>\", spanStart = SourcePos {posLine = 82, posColumn = 33}, spanEnd = SourcePos {posLine = 82, posColumn = 35}}, locValue = TokenNumber \"20\" False},Located {locSpan = SourceSpan {spanFilename = \"<input>\", spanStart = SourcePos {posLine = 82, posColumn = 35}, spanEnd = SourcePos {posLine = 82, posColumn = 36}}, locValue = TokenDelimiter DelimRightParen},Located {locSpan = SourceSpan {spanFilename = \"<input>\", spanStart = SourcePos {posLine = 82, posColumn = 1}, spanEnd = SourcePos {posLine = 83, posColumn = 1}}, locValue = TokenNewline},Located {locSpan = SourceSpan {spanFilename = \"<input>\", spanStart = SourcePos {posLine = 83, posColumn = 5}, spanEnd = SourcePos {posLine = 83, posColumn = 11}}, locValue = TokenKeyword KwReturn},Located {locSpan = SourceSpan {spanFilename = \"<input>\", spanStart = SourcePos {posLine = 83, posColumn = 12}, spanEnd = SourcePos {posLine = 83, posColumn = 18}}, locValue = TokenIdent \"result\"},Located {locSpan = SourceSpan {spanFilename = \"<input>\", spanStart = SourcePos {posLine = 83, posColumn = 1}, spanEnd = SourcePos {posLine = 84, posColumn = 1}}, locValue = TokenNewline},Located {locSpan = SourceSpan {spanFilename = \"<input>\", spanStart = SourcePos {posLine = 84, posColumn = 1}, spanEnd = SourcePos {posLine = 84, posColumn = 1}}, locValue = TokenDedent 4},Located {locSpan = SourceSpan {spanFilename = \"<input>\", spanStart = SourcePos {posLine = 84, posColumn = 1}, spanEnd = SourcePos {posLine = 84, posColumn = 4}}, locValue = TokenKeyword KwDef},Located {locSpan = SourceSpan {spanFilename = \"<input>\", spanStart = SourcePos {posLine = 84, posColumn = 5}, spanEnd = SourcePos {posLine = 84, posColumn = 16}}, locValue = TokenIdent \"function_21\"},Located {locSpan = SourceSpan {spanFilename = \"<input>\", spanStart = SourcePos {posLine = 84, posColumn = 16}, spanEnd = SourcePos {posLine = 84, posColumn = 17}}, locValue = TokenDelimiter DelimLeftParen},Located {locSpan = SourceSpan {spanFilename = \"<input>\", spanStart = SourcePos {posLine = 84, posColumn = 17}, spanEnd = SourcePos {posLine = 84, posColumn = 18}}, locValue = TokenIdent \"x\"},Located {locSpan = SourceSpan {spanFilename = \"<input>\", spanStart = SourcePos {posLine = 84, posColumn = 18}, spanEnd = SourcePos {posLine = 84, posColumn = 19}}, locValue = TokenDelimiter DelimRightParen},Located {locSpan = SourceSpan {spanFilename = \"<input>\", spanStart = SourcePos {posLine = 84, posColumn = 19}, spanEnd = SourcePos {posLine = 84, posColumn = 20}}, locValue = TokenDelimiter DelimColon},Located {locSpan = SourceSpan {spanFilename = \"<input>\", spanStart = SourcePos {posLine = 84, posColumn = 1}, spanEnd = SourcePos {posLine = 85, posColumn = 1}}, locValue = TokenNewline},Located {locSpan = SourceSpan {spanFilename = \"<input>\", spanStart = SourcePos {posLine = 85, posColumn = 1}, spanEnd = SourcePos {posLine = 85, posColumn = 5}}, locValue = TokenIndent 4},Located {locSpan = SourceSpan {spanFilename = \"<input>\", spanStart = SourcePos {posLine = 85, posColumn = 5}, spanEnd = SourcePos {posLine = 85, posColumn = 33}}, locValue = TokenComment \"# Function 21 implementation\"},Located {locSpan = SourceSpan {spanFilename = \"<input>\", spanStart = SourcePos {posLine = 85, posColumn = 1}, spanEnd = SourcePos {posLine = 86, posColumn = 1}}, locValue = TokenNewline},Located {locSpan = SourceSpan {spanFilename = \"<input>\", spanStart = SourcePos {posLine = 86, posColumn = 5}, spanEnd = SourcePos {posLine = 86, posColumn = 11}}, locValue = TokenIdent \"result\"},Located {locSpan = SourceSpan {spanFilename = \"<input>\", spanStart = SourcePos {posLine = 86, posColumn = 12}, spanEnd = SourcePos {posLine = 86, posColumn = 13}}, locValue = TokenOperator OpAssign},Located {locSpan = SourceSpan {spanFilename = \"<input>\", spanStart = SourcePos {posLine = 86, posColumn = 14}, spanEnd = SourcePos {posLine = 86, posColumn = 15}}, locValue = TokenIdent \"x\"},Located {locSpan = SourceSpan {spanFilename = \"<input>\", spanStart = SourcePos {posLine = 86, posColumn = 16}, spanEnd = SourcePos {posLine = 86, posColumn = 17}}, locValue = TokenOperator OpMult},Located {locSpan = SourceSpan {spanFilename = \"<input>\", spanStart = SourcePos {posLine = 86, posColumn = 18}, spanEnd = SourcePos {posLine = 86, posColumn = 20}}, locValue = TokenNumber \"21\" False},Located {locSpan = SourceSpan {spanFilename = \"<input>\", spanStart = SourcePos {posLine = 86, posColumn = 21}, spanEnd = SourcePos {posLine = 86, posColumn = 22}}, locValue = TokenOperator OpPlus},Located {locSpan = SourceSpan {spanFilename = \"<input>\", spanStart = SourcePos {posLine = 86, posColumn = 23}, spanEnd = SourcePos {posLine = 86, posColumn = 27}}, locValue = TokenIdent \"math\"},Located {locSpan = SourceSpan {spanFilename = \"<input>\", spanStart = SourcePos {posLine = 86, posColumn = 27}, spanEnd = SourcePos {posLine = 86, posColumn = 28}}, locValue = TokenDelimiter DelimDot},Located {locSpan = SourceSpan {spanFilename = \"<input>\", spanStart = SourcePos {posLine = 86, posColumn = 28}, spanEnd = SourcePos {posLine = 86, posColumn = 32}}, locValue = TokenIdent \"sqrt\"},Located {locSpan = SourceSpan {spanFilename = \"<input>\", spanStart = SourcePos {posLine = 86, posColumn = 32}, spanEnd = SourcePos {posLine = 86, posColumn = 33}}, locValue = TokenDelimiter DelimLeftParen},Located {locSpan = SourceSpan {spanFilename = \"<input>\", spanStart = SourcePos {posLine = 86, posColumn = 33}, spanEnd = SourcePos {posLine = 86, posColumn = 35}}, locValue = TokenNumber \"21\" False},Located {locSpan = SourceSpan {spanFilename = \"<input>\", spanStart = SourcePos {posLine = 86, posColumn = 35}, spanEnd = SourcePos {posLine = 86, posColumn = 36}}, locValue = TokenDelimiter DelimRightParen},Located {locSpan = SourceSpan {spanFilename = \"<input>\", spanStart = SourcePos {posLine = 86, posColumn = 1}, spanEnd = SourcePos {posLine = 87, posColumn = 1}}, locValue = TokenNewline},Located {locSpan = SourceSpan {spanFilename = \"<input>\", spanStart = SourcePos {posLine = 87, posColumn = 5}, spanEnd = SourcePos {posLine = 87, posColumn = 11}}, locValue = TokenKeyword KwReturn},Located {locSpan = SourceSpan {spanFilename = \"<input>\", spanStart = SourcePos {posLine = 87, posColumn = 12}, spanEnd = SourcePos {posLine = 87, posColumn = 18}}, locValue = TokenIdent \"result\"},Located {locSpan = SourceSpan {spanFilename = \"<input>\", spanStart = SourcePos {posLine = 87, posColumn = 1}, spanEnd = SourcePos {posLine = 88, posColumn = 1}}, locValue = TokenNewline},Located {locSpan = SourceSpan {spanFilename = \"<input>\", spanStart = SourcePos {posLine = 88, posColumn = 1}, spanEnd = SourcePos {posLine = 88, posColumn = 1}}, locValue = TokenDedent 4},Located {locSpan = SourceSpan {spanFilename = \"<input>\", spanStart = SourcePos {posLine = 88, posColumn = 1}, spanEnd = SourcePos {posLine = 88, posColumn = 4}}, locValue = TokenKeyword KwDef},Located {locSpan = SourceSpan {spanFilename = \"<input>\", spanStart = SourcePos {posLine = 88, posColumn = 5}, spanEnd = SourcePos {posLine = 88, posColumn = 16}}, locValue = TokenIdent \"function_22\"},Located {locSpan = SourceSpan {spanFilename = \"<input>\", spanStart = SourcePos {posLine = 88, posColumn = 16}, spanEnd = SourcePos {posLine = 88, posColumn = 17}}, locValue = TokenDelimiter DelimLeftParen},Located {locSpan = SourceSpan {spanFilename = \"<input>\", spanStart = SourcePos {posLine = 88, posColumn = 17}, spanEnd = SourcePos {posLine = 88, posColumn = 18}}, locValue = TokenIdent \"x\"},Located {locSpan = SourceSpan {spanFilename = \"<input>\", spanStart = SourcePos {posLine = 88, posColumn = 18}, spanEnd = SourcePos {posLine = 88, posColumn = 19}}, locValue = TokenDelimiter DelimRightParen},Located {locSpan = SourceSpan {spanFilename = \"<input>\", spanStart = SourcePos {posLine = 88, posColumn = 19}, spanEnd = SourcePos {posLine = 88, posColumn = 20}}, locValue = TokenDelimiter DelimColon},Located {locSpan = SourceSpan {spanFilename = \"<input>\", spanStart = SourcePos {posLine = 88, posColumn = 1}, spanEnd = SourcePos {posLine = 89, posColumn = 1}}, locValue = TokenNewline},Located {locSpan = SourceSpan {spanFilename = \"<input>\", spanStart = SourcePos {posLine = 89, posColumn = 1}, spanEnd = SourcePos {posLine = 89, posColumn = 5}}, locValue = TokenIndent 4},Located {locSpan = SourceSpan {spanFilename = \"<input>\", spanStart = SourcePos {posLine = 89, posColumn = 5}, spanEnd = SourcePos {posLine = 89, posColumn = 33}}, locValue = TokenComment \"# Function 22 implementation\"},Located {locSpan = SourceSpan {spanFilename = \"<input>\", spanStart = SourcePos {posLine = 89, posColumn = 1}, spanEnd = SourcePos {posLine = 90, posColumn = 1}}, locValue = TokenNewline},Located {locSpan = SourceSpan {spanFilename = \"<input>\", spanStart = SourcePos {posLine = 90, posColumn = 5}, spanEnd = SourcePos {posLine = 90, posColumn = 11}}, locValue = TokenIdent \"result\"},Located {locSpan = SourceSpan {spanFilename = \"<input>\", spanStart = SourcePos {posLine = 90, posColumn = 12}, spanEnd = SourcePos {posLine = 90, posColumn = 13}}, locValue = TokenOperator OpAssign},Located {locSpan = SourceSpan {spanFilename = \"<input>\", spanStart = SourcePos {posLine = 90, posColumn = 14}, spanEnd = SourcePos {posLine = 90, posColumn = 15}}, locValue = TokenIdent \"x\"},Located {locSpan = SourceSpan {spanFilename = \"<input>\", spanStart = SourcePos {posLine = 90, posColumn = 16}, spanEnd = SourcePos {posLine = 90, posColumn = 17}}, locValue = TokenOperator OpMult},Located {locSpan = SourceSpan {spanFilename = \"<input>\", spanStart = SourcePos {posLine = 90, posColumn = 18}, spanEnd = SourcePos {posLine = 90, posColumn = 20}}, locValue = TokenNumber \"22\" False},Located {locSpan = SourceSpan {spanFilename = \"<input>\", spanStart = SourcePos {posLine = 90, posColumn = 21}, spanEnd = SourcePos {posLine = 90, posColumn = 22}}, locValue = TokenOperator OpPlus},Located {locSpan = SourceSpan {spanFilename = \"<input>\", spanStart = SourcePos {posLine = 90, posColumn = 23}, spanEnd = SourcePos {posLine = 90, posColumn = 27}}, locValue = TokenIdent \"math\"},Located {locSpan = SourceSpan {spanFilename = \"<input>\", spanStart = SourcePos {posLine = 90, posColumn = 27}, spanEnd = SourcePos {posLine = 90, posColumn = 28}}, locValue = TokenDelimiter DelimDot},Located {locSpan = SourceSpan {spanFilename = \"<input>\", spanStart = SourcePos {posLine = 90, posColumn = 28}, spanEnd = SourcePos {posLine = 90, posColumn = 32}}, locValue = TokenIdent \"sqrt\"},Located {locSpan = SourceSpan {spanFilename = \"<input>\", spanStart = SourcePos {posLine = 90, posColumn = 32}, spanEnd = SourcePos {posLine = 90, posColumn = 33}}, locValue = TokenDelimiter DelimLeftParen},Located {locSpan = SourceSpan {spanFilename = \"<input>\", spanStart = SourcePos {posLine = 90, posColumn = 33}, spanEnd = SourcePos {posLine = 90, posColumn = 35}}, locValue = TokenNumber \"22\" False},Located {locSpan = SourceSpan {spanFilename = \"<input>\", spanStart = SourcePos {posLine = 90, posColumn = 35}, spanEnd = SourcePos {posLine = 90, posColumn = 36}}, locValue = TokenDelimiter DelimRightParen},Located {locSpan = SourceSpan {spanFilename = \"<input>\", spanStart = SourcePos {posLine = 90, posColumn = 1}, spanEnd = SourcePos {posLine = 91, posColumn = 1}}, locValue = TokenNewline},Located {locSpan = SourceSpan {spanFilename = \"<input>\", spanStart = SourcePos {posLine = 91, posColumn = 5}, spanEnd = SourcePos {posLine = 91, posColumn = 11}}, locValue = TokenKeyword KwReturn},Located {locSpan = SourceSpan {spanFilename = \"<input>\", spanStart = SourcePos {posLine = 91, posColumn = 12}, spanEnd = SourcePos {posLine = 91, posColumn = 18}}, locValue = TokenIdent \"result\"},Located {locSpan = SourceSpan {spanFilename = \"<input>\", spanStart = SourcePos {posLine = 91, posColumn = 1}, spanEnd = SourcePos {posLine = 92, posColumn = 1}}, locValue = TokenNewline},Located {locSpan = SourceSpan {spanFilename = \"<input>\", spanStart = SourcePos {posLine = 92, posColumn = 1}, spanEnd = SourcePos {posLine = 92, posColumn = 1}}, locValue = TokenDedent 4},Located {locSpan = SourceSpan {spanFilename = \"<input>\", spanStart = SourcePos {posLine = 92, posColumn = 1}, spanEnd = SourcePos {posLine = 92, posColumn = 4}}, locValue = TokenKeyword KwDef},Located {locSpan = SourceSpan {spanFilename = \"<input>\", spanStart = SourcePos {posLine = 92, posColumn = 5}, spanEnd = SourcePos {posLine = 92, posColumn = 16}}, locValue = TokenIdent \"function_23\"},Located {locSpan = SourceSpan {spanFilename = \"<input>\", spanStart = SourcePos {posLine = 92, posColumn = 16}, spanEnd = SourcePos {posLine = 92, posColumn = 17}}, locValue = TokenDelimiter DelimLeftParen},Located {locSpan = SourceSpan {spanFilename = \"<input>\", spanStart = SourcePos {posLine = 92, posColumn = 17}, spanEnd = SourcePos {posLine = 92, posColumn = 18}}, locValue = TokenIdent \"x\"},Located {locSpan = SourceSpan {spanFilename = \"<input>\", spanStart = SourcePos {posLine = 92, posColumn = 18}, spanEnd = SourcePos {posLine = 92, posColumn = 19}}, locValue = TokenDelimiter DelimRightParen},Located {locSpan = SourceSpan {spanFilename = \"<input>\", spanStart = SourcePos {posLine = 92, posColumn = 19}, spanEnd = SourcePos {posLine = 92, posColumn = 20}}, locValue = TokenDelimiter DelimColon},Located {locSpan = SourceSpan {spanFilename = \"<input>\", spanStart = SourcePos {posLine = 92, posColumn = 1}, spanEnd = SourcePos {posLine = 93, posColumn = 1}}, locValue = TokenNewline},Located {locSpan = SourceSpan {spanFilename = \"<input>\", spanStart = SourcePos {posLine = 93, posColumn = 1}, spanEnd = SourcePos {posLine = 93, posColumn = 5}}, locValue = TokenIndent 4},Located {locSpan = SourceSpan {spanFilename = \"<input>\", spanStart = SourcePos {posLine = 93, posColumn = 5}, spanEnd = SourcePos {posLine = 93, posColumn = 33}}, locValue = TokenComment \"# Function 23 implementation\"},Located {locSpan = SourceSpan {spanFilename = \"<input>\", spanStart = SourcePos {posLine = 93, posColumn = 1}, spanEnd = SourcePos {posLine = 94, posColumn = 1}}, locValue = TokenNewline},Located {locSpan = SourceSpan {spanFilename = \"<input>\", spanStart = SourcePos {posLine = 94, posColumn = 5}, spanEnd = SourcePos {posLine = 94, posColumn = 11}}, locValue = TokenIdent \"result\"},Located {locSpan = SourceSpan {spanFilename = \"<input>\", spanStart = SourcePos {posLine = 94, posColumn = 12}, spanEnd = SourcePos {posLine = 94, posColumn = 13}}, locValue = TokenOperator OpAssign},Located {locSpan = SourceSpan {spanFilename = \"<input>\", spanStart = SourcePos {posLine = 94, posColumn = 14}, spanEnd = SourcePos {posLine = 94, posColumn = 15}}, locValue = TokenIdent \"x\"},Located {locSpan = SourceSpan {spanFilename = \"<input>\", spanStart = SourcePos {posLine = 94, posColumn = 16}, spanEnd = SourcePos {posLine = 94, posColumn = 17}}, locValue = TokenOperator OpMult},Located {locSpan = SourceSpan {spanFilename = \"<input>\", spanStart = SourcePos {posLine = 94, posColumn = 18}, spanEnd = SourcePos {posLine = 94, posColumn = 20}}, locValue = TokenNumber \"23\" False},Located {locSpan = SourceSpan {spanFilename = \"<input>\", spanStart = SourcePos {posLine = 94, posColumn = 21}, spanEnd = SourcePos {posLine = 94, posColumn = 22}}, locValue = TokenOperator OpPlus},Located {locSpan = SourceSpan {spanFilename = \"<input>\", spanStart = SourcePos {posLine = 94, posColumn = 23}, spanEnd = SourcePos {posLine = 94, posColumn = 27}}, locValue = TokenIdent \"math\"},Located {locSpan = SourceSpan {spanFilename = \"<input>\", spanStart = SourcePos {posLine = 94, posColumn = 27}, spanEnd = SourcePos {posLine = 94, posColumn = 28}}, locValue = TokenDelimiter DelimDot},Located {locSpan = SourceSpan {spanFilename = \"<input>\", spanStart = SourcePos {posLine = 94, posColumn = 28}, spanEnd = SourcePos {posLine = 94, posColumn = 32}}, locValue = TokenIdent \"sqrt\"},Located {locSpan = SourceSpan {spanFilename = \"<input>\", spanStart = SourcePos {posLine = 94, posColumn = 32}, spanEnd = SourcePos {posLine = 94, posColumn = 33}}, locValue = TokenDelimiter DelimLeftParen},Located {locSpan = SourceSpan {spanFilename = \"<input>\", spanStart = SourcePos {posLine = 94, posColumn = 33}, spanEnd = SourcePos {posLine = 94, posColumn = 35}}, locValue = TokenNumber \"23\" False},Located {locSpan = SourceSpan {spanFilename = \"<input>\", spanStart = SourcePos {posLine = 94, posColumn = 35}, spanEnd = SourcePos {posLine = 94, posColumn = 36}}, locValue = TokenDelimiter DelimRightParen},Located {locSpan = SourceSpan {spanFilename = \"<input>\", spanStart = SourcePos {posLine = 94, posColumn = 1}, spanEnd = SourcePos {posLine = 95, posColumn = 1}}, locValue = TokenNewline},Located {locSpan = SourceSpan {spanFilename = \"<input>\", spanStart = SourcePos {posLine = 95, posColumn = 5}, spanEnd = SourcePos {posLine = 95, posColumn = 11}}, locValue = TokenKeyword KwReturn},Located {locSpan = SourceSpan {spanFilename = \"<input>\", spanStart = SourcePos {posLine = 95, posColumn = 12}, spanEnd = SourcePos {posLine = 95, posColumn = 18}}, locValue = TokenIdent \"result\"},Located {locSpan = SourceSpan {spanFilename = \"<input>\", spanStart = SourcePos {posLine = 95, posColumn = 1}, spanEnd = SourcePos {posLine = 96, posColumn = 1}}, locValue = TokenNewline},Located {locSpan = SourceSpan {spanFilename = \"<input>\", spanStart = SourcePos {posLine = 96, posColumn = 1}, spanEnd = SourcePos {posLine = 96, posColumn = 1}}, locValue = TokenDedent 4},Located {locSpan = SourceSpan {spanFilename = \"<input>\", spanStart = SourcePos {posLine = 96, posColumn = 1}, spanEnd = SourcePos {posLine = 96, posColumn = 4}}, locValue = TokenKeyword KwDef},Located {locSpan = SourceSpan {spanFilename = \"<input>\", spanStart = SourcePos {posLine = 96, posColumn = 5}, spanEnd = SourcePos {posLine = 96, posColumn = 16}}, locValue = TokenIdent \"function_24\"},Located {locSpan = SourceSpan {spanFilename = \"<input>\", spanStart = SourcePos {posLine = 96, posColumn = 16}, spanEnd = SourcePos {posLine = 96, posColumn = 17}}, locValue = TokenDelimiter DelimLeftParen},Located {locSpan = SourceSpan {spanFilename = \"<input>\", spanStart = SourcePos {posLine = 96, posColumn = 17}, spanEnd = SourcePos {posLine = 96, posColumn = 18}}, locValue = TokenIdent \"x\"},Located {locSpan = SourceSpan {spanFilename = \"<input>\", spanStart = SourcePos {posLine = 96, posColumn = 18}, spanEnd = SourcePos {posLine = 96, posColumn = 19}}, locValue = TokenDelimiter DelimRightParen},Located {locSpan = SourceSpan {spanFilename = \"<input>\", spanStart = SourcePos {posLine = 96, posColumn = 19}, spanEnd = SourcePos {posLine = 96, posColumn = 20}}, locValue = TokenDelimiter DelimColon},Located {locSpan = SourceSpan {spanFilename = \"<input>\", spanStart = SourcePos {posLine = 96, posColumn = 1}, spanEnd = SourcePos {posLine = 97, posColumn = 1}}, locValue = TokenNewline},Located {locSpan = SourceSpan {spanFilename = \"<input>\", spanStart = SourcePos {posLine = 97, posColumn = 1}, spanEnd = SourcePos {posLine = 97, posColumn = 5}}, locValue = TokenIndent 4},Located {locSpan = SourceSpan {spanFilename = \"<input>\", spanStart = SourcePos {posLine = 97, posColumn = 5}, spanEnd = SourcePos {posLine = 97, posColumn = 33}}, locValue = TokenComment \"# Function 24 implementation\"},Located {locSpan = SourceSpan {spanFilename = \"<input>\", spanStart = SourcePos {posLine = 97, posColumn = 1}, spanEnd = SourcePos {posLine = 98, posColumn = 1}}, locValue = TokenNewline},Located {locSpan = SourceSpan {spanFilename = \"<input>\", spanStart = SourcePos {posLine = 98, posColumn = 5}, spanEnd = SourcePos {posLine = 98, posColumn = 11}}, locValue = TokenIdent \"result\"},Located {locSpan = SourceSpan {spanFilename = \"<input>\", spanStart = SourcePos {posLine = 98, posColumn = 12}, spanEnd = SourcePos {posLine = 98, posColumn = 13}}, locValue = TokenOperator OpAssign},Located {locSpan = SourceSpan {spanFilename = \"<input>\", spanStart = SourcePos {posLine = 98, posColumn = 14}, spanEnd = SourcePos {posLine = 98, posColumn = 15}}, locValue = TokenIdent \"x\"},Located {locSpan = SourceSpan {spanFilename = \"<input>\", spanStart = SourcePos {posLine = 98, posColumn = 16}, spanEnd = SourcePos {posLine = 98, posColumn = 17}}, locValue = TokenOperator OpMult},Located {locSpan = SourceSpan {spanFilename = \"<input>\", spanStart = SourcePos {posLine = 98, posColumn = 18}, spanEnd = SourcePos {posLine = 98, posColumn = 20}}, locValue = TokenNumber \"24\" False},Located {locSpan = SourceSpan {spanFilename = \"<input>\", spanStart = SourcePos {posLine = 98, posColumn = 21}, spanEnd = SourcePos {posLine = 98, posColumn = 22}}, locValue = TokenOperator OpPlus},Located {locSpan = SourceSpan {spanFilename = \"<input>\", spanStart = SourcePos {posLine = 98, posColumn = 23}, spanEnd = SourcePos {posLine = 98, posColumn = 27}}, locValue = TokenIdent \"math\"},Located {locSpan = SourceSpan {spanFilename = \"<input>\", spanStart = SourcePos {posLine = 98, posColumn = 27}, spanEnd = SourcePos {posLine = 98, posColumn = 28}}, locValue = TokenDelimiter DelimDot},Located {locSpan = SourceSpan {spanFilename = \"<input>\", spanStart = SourcePos {posLine = 98, posColumn = 28}, spanEnd = SourcePos {posLine = 98, posColumn = 32}}, locValue = TokenIdent \"sqrt\"},Located {locSpan = SourceSpan {spanFilename = \"<input>\", spanStart = SourcePos {posLine = 98, posColumn = 32}, spanEnd = SourcePos {posLine = 98, posColumn = 33}}, locValue = TokenDelimiter DelimLeftParen},Located {locSpan = SourceSpan {spanFilename = \"<input>\", spanStart = SourcePos {posLine = 98, posColumn = 33}, spanEnd = SourcePos {posLine = 98, posColumn = 35}}, locValue = TokenNumber \"24\" False},Located {locSpan = SourceSpan {spanFilename = \"<input>\", spanStart = SourcePos {posLine = 98, posColumn = 35}, spanEnd = SourcePos {posLine = 98, posColumn = 36}}, locValue = TokenDelimiter DelimRightParen},Located {locSpan = SourceSpan {spanFilename = \"<input>\", spanStart = SourcePos {posLine = 98, posColumn = 1}, spanEnd = SourcePos {posLine = 99, posColumn = 1}}, locValue = TokenNewline},Located {locSpan = SourceSpan {spanFilename = \"<input>\", spanStart = SourcePos {posLine = 99, posColumn = 5}, spanEnd = SourcePos {posLine = 99, posColumn = 11}}, locValue = TokenKeyword KwReturn},Located {locSpan = SourceSpan {spanFilename = \"<input>\", spanStart = SourcePos {posLine = 99, posColumn = 12}, spanEnd = SourcePos {posLine = 99, posColumn = 18}}, locValue = TokenIdent \"result\"},Located {locSpan = SourceSpan {spanFilename = \"<input>\", spanStart = SourcePos {posLine = 99, posColumn = 1}, spanEnd = SourcePos {posLine = 100, posColumn = 1}}, locValue = TokenNewline},Located {locSpan = SourceSpan {spanFilename = \"<input>\", spanStart = SourcePos {posLine = 100, posColumn = 1}, spanEnd = SourcePos {posLine = 100, posColumn = 1}}, locValue = TokenDedent 4},Located {locSpan = SourceSpan {spanFilename = \"<input>\", spanStart = SourcePos {posLine = 100, posColumn = 1}, spanEnd = SourcePos {posLine = 100, posColumn = 4}}, locValue = TokenKeyword KwDef},Located {locSpan = SourceSpan {spanFilename = \"<input>\", spanStart = SourcePos {posLine = 100, posColumn = 5}, spanEnd = SourcePos {posLine = 100, posColumn = 16}}, locValue = TokenIdent \"function_25\"},Located {locSpan = SourceSpan {spanFilename = \"<input>\", spanStart = SourcePos {posLine = 100, posColumn = 16}, spanEnd = SourcePos {posLine = 100, posColumn = 17}}, locValue = TokenDelimiter DelimLeftParen},Located {locSpan = SourceSpan {spanFilename = \"<input>\", spanStart = SourcePos {posLine = 100, posColumn = 17}, spanEnd = SourcePos {posLine = 100, posColumn = 18}}, locValue = TokenIdent \"x\"},Located {locSpan = SourceSpan {spanFilename = \"<input>\", spanStart = SourcePos {posLine = 100, posColumn = 18}, spanEnd = SourcePos {posLine = 100, posColumn = 19}}, locValue = TokenDelimiter DelimRightParen},Located {locSpan = SourceSpan {spanFilename = \"<input>\", spanStart = SourcePos {posLine = 100, posColumn = 19}, spanEnd = SourcePos {posLine = 100, posColumn = 20}}, locValue = TokenDelimiter DelimColon},Located {locSpan = SourceSpan {spanFilename = \"<input>\", spanStart = SourcePos {posLine = 100, posColumn = 1}, spanEnd = SourcePos {posLine = 101, posColumn = 1}}, locValue = TokenNewline},Located {locSpan = SourceSpan {spanFilename = \"<input>\", spanStart = SourcePos {posLine = 101, posColumn = 1}, spanEnd = SourcePos {posLine = 101, posColumn = 5}}, locValue = TokenIndent 4},Located {locSpan = SourceSpan {spanFilename = \"<input>\", spanStart = SourcePos {posLine = 101, posColumn = 5}, spanEnd = SourcePos {posLine = 101, posColumn = 33}}, locValue = TokenComment \"# Function 25 implementation\"},Located {locSpan = SourceSpan {spanFilename = \"<input>\", spanStart = SourcePos {posLine = 101, posColumn = 1}, spanEnd = SourcePos {posLine = 102, posColumn = 1}}, locValue = TokenNewline},Located {locSpan = SourceSpan {spanFilename = \"<input>\", spanStart = SourcePos {posLine = 102, posColumn = 5}, spanEnd = SourcePos {posLine = 102, posColumn = 11}}, locValue = TokenIdent \"result\"},Located {locSpan = SourceSpan {spanFilename = \"<input>\", spanStart = SourcePos {posLine = 102, posColumn = 12}, spanEnd = SourcePos {posLine = 102, posColumn = 13}}, locValue = TokenOperator OpAssign},Located {locSpan = SourceSpan {spanFilename = \"<input>\", spanStart = SourcePos {posLine = 102, posColumn = 14}, spanEnd = SourcePos {posLine = 102, posColumn = 15}}, locValue = TokenIdent \"x\"},Located {locSpan = SourceSpan {spanFilename = \"<input>\", spanStart = SourcePos {posLine = 102, posColumn = 16}, spanEnd = SourcePos {posLine = 102, posColumn = 17}}, locValue = TokenOperator OpMult},Located {locSpan = SourceSpan {spanFilename = \"<input>\", spanStart = SourcePos {posLine = 102, posColumn = 18}, spanEnd = SourcePos {posLine = 102, posColumn = 20}}, locValue = TokenNumber \"25\" False},Located {locSpan = SourceSpan {spanFilename = \"<input>\", spanStart = SourcePos {posLine = 102, posColumn = 21}, spanEnd = SourcePos {posLine = 102, posColumn = 22}}, locValue = TokenOperator OpPlus},Located {locSpan = SourceSpan {spanFilename = \"<input>\", spanStart = SourcePos {posLine = 102, posColumn = 23}, spanEnd = SourcePos {posLine = 102, posColumn = 27}}, locValue = TokenIdent \"math\"},Located {locSpan = SourceSpan {spanFilename = \"<input>\", spanStart = SourcePos {posLine = 102, posColumn = 27}, spanEnd = SourcePos {posLine = 102, posColumn = 28}}, locValue = TokenDelimiter DelimDot},Located {locSpan = SourceSpan {spanFilename = \"<input>\", spanStart = SourcePos {posLine = 102, posColumn = 28}, spanEnd = SourcePos {posLine = 102, posColumn = 32}}, locValue = TokenIdent \"sqrt\"},Located {locSpan = SourceSpan {spanFilename = \"<input>\", spanStart = SourcePos {posLine = 102, posColumn = 32}, spanEnd = SourcePos {posLine = 102, posColumn = 33}}, locValue = TokenDelimiter DelimLeftParen},Located {locSpan = SourceSpan {spanFilename = \"<input>\", spanStart = SourcePos {posLine = 102, posColumn = 33}, spanEnd = SourcePos {posLine = 102, posColumn = 35}}, locValue = TokenNumber \"25\" False},Located {locSpan = SourceSpan {spanFilename = \"<input>\", spanStart = SourcePos {posLine = 102, posColumn = 35}, spanEnd = SourcePos {posLine = 102, posColumn = 36}}, locValue = TokenDelimiter DelimRightParen},Located {locSpan = SourceSpan {spanFilename = \"<input>\", spanStart = SourcePos {posLine = 102, posColumn = 1}, spanEnd = SourcePos {posLine = 103, posColumn = 1}}, locValue = TokenNewline},Located {locSpan = SourceSpan {spanFilename = \"<input>\", spanStart = SourcePos {posLine = 103, posColumn = 5}, spanEnd = SourcePos {posLine = 103, posColumn = 11}}, locValue = TokenKeyword KwReturn},Located {locSpan = SourceSpan {spanFilename = \"<input>\", spanStart = SourcePos {posLine = 103, posColumn = 12}, spanEnd = SourcePos {posLine = 103, posColumn = 18}}, locValue = TokenIdent \"result\"},Located {locSpan = SourceSpan {spanFilename = \"<input>\", spanStart = SourcePos {posLine = 103, posColumn = 1}, spanEnd = SourcePos {posLine = 104, posColumn = 1}}, locValue = TokenNewline},Located {locSpan = SourceSpan {spanFilename = \"<input>\", spanStart = SourcePos {posLine = 104, posColumn = 1}, spanEnd = SourcePos {posLine = 104, posColumn = 1}}, locValue = TokenDedent 4},Located {locSpan = SourceSpan {spanFilename = \"<input>\", spanStart = SourcePos {posLine = 104, posColumn = 1}, spanEnd = SourcePos {posLine = 104, posColumn = 4}}, locValue = TokenKeyword KwDef},Located {locSpan = SourceSpan {spanFilename = \"<input>\", spanStart = SourcePos {posLine = 104, posColumn = 5}, spanEnd = SourcePos {posLine = 104, posColumn = 16}}, locValue = TokenIdent \"function_26\"},Located {locSpan = SourceSpan {spanFilename = \"<input>\", spanStart = SourcePos {posLine = 104, posColumn = 16}, spanEnd = SourcePos {posLine = 104, posColumn = 17}}, locValue = TokenDelimiter DelimLeftParen},Located {locSpan = SourceSpan {spanFilename = \"<input>\", spanStart = SourcePos {posLine = 104, posColumn = 17}, spanEnd = SourcePos {posLine = 104, posColumn = 18}}, locValue = TokenIdent \"x\"},Located {locSpan = SourceSpan {spanFilename = \"<input>\", spanStart = SourcePos {posLine = 104, posColumn = 18}, spanEnd = SourcePos {posLine = 104, posColumn = 19}}, locValue = TokenDelimiter DelimRightParen},Located {locSpan = SourceSpan {spanFilename = \"<input>\", spanStart = SourcePos {posLine = 104, posColumn = 19}, spanEnd = SourcePos {posLine = 104, posColumn = 20}}, locValue = TokenDelimiter DelimColon},Located {locSpan = SourceSpan {spanFilename = \"<input>\", spanStart = SourcePos {posLine = 104, posColumn = 1}, spanEnd = SourcePos {posLine = 105, posColumn = 1}}, locValue = TokenNewline},Located {locSpan = SourceSpan {spanFilename = \"<input>\", spanStart = SourcePos {posLine = 105, posColumn = 1}, spanEnd = SourcePos {posLine = 105, posColumn = 5}}, locValue = TokenIndent 4},Located {locSpan = SourceSpan {spanFilename = \"<input>\", spanStart = SourcePos {posLine = 105, posColumn = 5}, spanEnd = SourcePos {posLine = 105, posColumn = 33}}, locValue = TokenComment \"# Function 26 implementation\"},Located {locSpan = SourceSpan {spanFilename = \"<input>\", spanStart = SourcePos {posLine = 105, posColumn = 1}, spanEnd = SourcePos {posLine = 106, posColumn = 1}}, locValue = TokenNewline},Located {locSpan = SourceSpan {spanFilename = \"<input>\", spanStart = SourcePos {posLine = 106, posColumn = 5}, spanEnd = SourcePos {posLine = 106, posColumn = 11}}, locValue = TokenIdent \"result\"},Located {locSpan = SourceSpan {spanFilename = \"<input>\", spanStart = SourcePos {posLine = 106, posColumn = 12}, spanEnd = SourcePos {posLine = 106, posColumn = 13}}, locValue = TokenOperator OpAssign},Located {locSpan = SourceSpan {spanFilename = \"<input>\", spanStart = SourcePos {posLine = 106, posColumn = 14}, spanEnd = SourcePos {posLine = 106, posColumn = 15}}, locValue = TokenIdent \"x\"},Located {locSpan = SourceSpan {spanFilename = \"<input>\", spanStart = SourcePos {posLine = 106, posColumn = 16}, spanEnd = SourcePos {posLine = 106, posColumn = 17}}, locValue = TokenOperator OpMult},Located {locSpan = SourceSpan {spanFilename = \"<input>\", spanStart = SourcePos {posLine = 106, posColumn = 18}, spanEnd = SourcePos {posLine = 106, posColumn = 20}}, locValue = TokenNumber \"26\" False},Located {locSpan = SourceSpan {spanFilename = \"<input>\", spanStart = SourcePos {posLine = 106, posColumn = 21}, spanEnd = SourcePos {posLine = 106, posColumn = 22}}, locValue = TokenOperator OpPlus},Located {locSpan = SourceSpan {spanFilename = \"<input>\", spanStart = SourcePos {posLine = 106, posColumn = 23}, spanEnd = SourcePos {posLine = 106, posColumn = 27}}, locValue = TokenIdent \"math\"},Located {locSpan = SourceSpan {spanFilename = \"<input>\", spanStart = SourcePos {posLine = 106, posColumn = 27}, spanEnd = SourcePos {posLine = 106, posColumn = 28}}, locValue = TokenDelimiter DelimDot},Located {locSpan = SourceSpan {spanFilename = \"<input>\", spanStart = SourcePos {posLine = 106, posColumn = 28}, spanEnd = SourcePos {posLine = 106, posColumn = 32}}, locValue = TokenIdent \"sqrt\"},Located {locSpan = SourceSpan {spanFilename = \"<input>\", spanStart = SourcePos {posLine = 106, posColumn = 32}, spanEnd = SourcePos {posLine = 106, posColumn = 33}}, locValue = TokenDelimiter DelimLeftParen},Located {locSpan = SourceSpan {spanFilename = \"<input>\", spanStart = SourcePos {posLine = 106, posColumn = 33}, spanEnd = SourcePos {posLine = 106, posColumn = 35}}, locValue = TokenNumber \"26\" False},Located {locSpan = SourceSpan {spanFilename = \"<input>\", spanStart = SourcePos {posLine = 106, posColumn = 35}, spanEnd = SourcePos {posLine = 106, posColumn = 36}}, locValue = TokenDelimiter DelimRightParen},Located {locSpan = SourceSpan {spanFilename = \"<input>\", spanStart = SourcePos {posLine = 106, posColumn = 1}, spanEnd = SourcePos {posLine = 107, posColumn = 1}}, locValue = TokenNewline},Located {locSpan = SourceSpan {spanFilename = \"<input>\", spanStart = SourcePos {posLine = 107, posColumn = 5}, spanEnd = SourcePos {posLine = 107, posColumn = 11}}, locValue = TokenKeyword KwReturn},Located {locSpan = SourceSpan {spanFilename = \"<input>\", spanStart = SourcePos {posLine = 107, posColumn = 12}, spanEnd = SourcePos {posLine = 107, posColumn = 18}}, locValue = TokenIdent \"result\"},Located {locSpan = SourceSpan {spanFilename = \"<input>\", spanStart = SourcePos {posLine = 107, posColumn = 1}, spanEnd = SourcePos {posLine = 108, posColumn = 1}}, locValue = TokenNewline},Located {locSpan = SourceSpan {spanFilename = \"<input>\", spanStart = SourcePos {posLine = 108, posColumn = 1}, spanEnd = SourcePos {posLine = 108, posColumn = 1}}, locValue = TokenDedent 4},Located {locSpan = SourceSpan {spanFilename = \"<input>\", spanStart = SourcePos {posLine = 108, posColumn = 1}, spanEnd = SourcePos {posLine = 108, posColumn = 4}}, locValue = TokenKeyword KwDef},Located {locSpan = SourceSpan {spanFilename = \"<input>\", spanStart = SourcePos {posLine = 108, posColumn = 5}, spanEnd = SourcePos {posLine = 108, posColumn = 16}}, locValue = TokenIdent \"function_27\"},Located {locSpan = SourceSpan {spanFilename = \"<input>\", spanStart = SourcePos {posLine = 108, posColumn = 16}, spanEnd = SourcePos {posLine = 108, posColumn = 17}}, locValue = TokenDelimiter DelimLeftParen},Located {locSpan = SourceSpan {spanFilename = \"<input>\", spanStart = SourcePos {posLine = 108, posColumn = 17}, spanEnd = SourcePos {posLine = 108, posColumn = 18}}, locValue = TokenIdent \"x\"},Located {locSpan = SourceSpan {spanFilename = \"<input>\", spanStart = SourcePos {posLine = 108, posColumn = 18}, spanEnd = SourcePos {posLine = 108, posColumn = 19}}, locValue = TokenDelimiter DelimRightParen},Located {locSpan = SourceSpan {spanFilename = \"<input>\", spanStart = SourcePos {posLine = 108, posColumn = 19}, spanEnd = SourcePos {posLine = 108, posColumn = 20}}, locValue = TokenDelimiter DelimColon},Located {locSpan = SourceSpan {spanFilename = \"<input>\", spanStart = SourcePos {posLine = 108, posColumn = 1}, spanEnd = SourcePos {posLine = 109, posColumn = 1}}, locValue = TokenNewline},Located {locSpan = SourceSpan {spanFilename = \"<input>\", spanStart = SourcePos {posLine = 109, posColumn = 1}, spanEnd = SourcePos {posLine = 109, posColumn = 5}}, locValue = TokenIndent 4},Located {locSpan = SourceSpan {spanFilename = \"<input>\", spanStart = SourcePos {posLine = 109, posColumn = 5}, spanEnd = SourcePos {posLine = 109, posColumn = 33}}, locValue = TokenComment \"# Function 27 implementation\"},Located {locSpan = SourceSpan {spanFilename = \"<input>\", spanStart = SourcePos {posLine = 109, posColumn = 1}, spanEnd = SourcePos {posLine = 110, posColumn = 1}}, locValue = TokenNewline},Located {locSpan = SourceSpan {spanFilename = \"<input>\", spanStart = SourcePos {posLine = 110, posColumn = 5}, spanEnd = SourcePos {posLine = 110, posColumn = 11}}, locValue = TokenIdent \"result\"},Located {locSpan = SourceSpan {spanFilename = \"<input>\", spanStart = SourcePos {posLine = 110, posColumn = 12}, spanEnd = SourcePos {posLine = 110, posColumn = 13}}, locValue = TokenOperator OpAssign},Located {locSpan = SourceSpan {spanFilename = \"<input>\", spanStart = SourcePos {posLine = 110, posColumn = 14}, spanEnd = SourcePos {posLine = 110, posColumn = 15}}, locValue = TokenIdent \"x\"},Located {locSpan = SourceSpan {spanFilename = \"<input>\", spanStart = SourcePos {posLine = 110, posColumn = 16}, spanEnd = SourcePos {posLine = 110, posColumn = 17}}, locValue = TokenOperator OpMult},Located {locSpan = SourceSpan {spanFilename = \"<input>\", spanStart = SourcePos {posLine = 110, posColumn = 18}, spanEnd = SourcePos {posLine = 110, posColumn = 20}}, locValue = TokenNumber \"27\" False},Located {locSpan = SourceSpan {spanFilename = \"<input>\", spanStart = SourcePos {posLine = 110, posColumn = 21}, spanEnd = SourcePos {posLine = 110, posColumn = 22}}, locValue = TokenOperator OpPlus},Located {locSpan = SourceSpan {spanFilename = \"<input>\", spanStart = SourcePos {posLine = 110, posColumn = 23}, spanEnd = SourcePos {posLine = 110, posColumn = 27}}, locValue = TokenIdent \"math\"},Located {locSpan = SourceSpan {spanFilename = \"<input>\", spanStart = SourcePos {posLine = 110, posColumn = 27}, spanEnd = SourcePos {posLine = 110, posColumn = 28}}, locValue = TokenDelimiter DelimDot},Located {locSpan = SourceSpan {spanFilename = \"<input>\", spanStart = SourcePos {posLine = 110, posColumn = 28}, spanEnd = SourcePos {posLine = 110, posColumn = 32}}, locValue = TokenIdent \"sqrt\"},Located {locSpan = SourceSpan {spanFilename = \"<input>\", spanStart = SourcePos {posLine = 110, posColumn = 32}, spanEnd = SourcePos {posLine = 110, posColumn = 33}}, locValue = TokenDelimiter DelimLeftParen},Located {locSpan = SourceSpan {spanFilename = \"<input>\", spanStart = SourcePos {posLine = 110, posColumn = 33}, spanEnd = SourcePos {posLine = 110, posColumn = 35}}, locValue = TokenNumber \"27\" False},Located {locSpan = SourceSpan {spanFilename = \"<input>\", spanStart = SourcePos {posLine = 110, posColumn = 35}, spanEnd = SourcePos {posLine = 110, posColumn = 36}}, locValue = TokenDelimiter DelimRightParen},Located {locSpan = SourceSpan {spanFilename = \"<input>\", spanStart = SourcePos {posLine = 110, posColumn = 1}, spanEnd = SourcePos {posLine = 111, posColumn = 1}}, locValue = TokenNewline},Located {locSpan = SourceSpan {spanFilename = \"<input>\", spanStart = SourcePos {posLine = 111, posColumn = 5}, spanEnd = SourcePos {posLine = 111, posColumn = 11}}, locValue = TokenKeyword KwReturn},Located {locSpan = SourceSpan {spanFilename = \"<input>\", spanStart = SourcePos {posLine = 111, posColumn = 12}, spanEnd = SourcePos {posLine = 111, posColumn = 18}}, locValue = TokenIdent \"result\"},Located {locSpan = SourceSpan {spanFilename = \"<input>\", spanStart = SourcePos {posLine = 111, posColumn = 1}, spanEnd = SourcePos {posLine = 112, posColumn = 1}}, locValue = TokenNewline},Located {locSpan = SourceSpan {spanFilename = \"<input>\", spanStart = SourcePos {posLine = 112, posColumn = 1}, spanEnd = SourcePos {posLine = 112, posColumn = 1}}, locValue = TokenDedent 4},Located {locSpan = SourceSpan {spanFilename = \"<input>\", spanStart = SourcePos {posLine = 112, posColumn = 1}, spanEnd = SourcePos {posLine = 112, posColumn = 4}}, locValue = TokenKeyword KwDef},Located {locSpan = SourceSpan {spanFilename = \"<input>\", spanStart = SourcePos {posLine = 112, posColumn = 5}, spanEnd = SourcePos {posLine = 112, posColumn = 16}}, locValue = TokenIdent \"function_28\"},Located {locSpan = SourceSpan {spanFilename = \"<input>\", spanStart = SourcePos {posLine = 112, posColumn = 16}, spanEnd = SourcePos {posLine = 112, posColumn = 17}}, locValue = TokenDelimiter DelimLeftParen},Located {locSpan = SourceSpan {spanFilename = \"<input>\", spanStart = SourcePos {posLine = 112, posColumn = 17}, spanEnd = SourcePos {posLine = 112, posColumn = 18}}, locValue = TokenIdent \"x\"},Located {locSpan = SourceSpan {spanFilename = \"<input>\", spanStart = SourcePos {posLine = 112, posColumn = 18}, spanEnd = SourcePos {posLine = 112, posColumn = 19}}, locValue = TokenDelimiter DelimRightParen},Located {locSpan = SourceSpan {spanFilename = \"<input>\", spanStart = SourcePos {posLine = 112, posColumn = 19}, spanEnd = SourcePos {posLine = 112, posColumn = 20}}, locValue = TokenDelimiter DelimColon},Located {locSpan = SourceSpan {spanFilename = \"<input>\", spanStart = SourcePos {posLine = 112, posColumn = 1}, spanEnd = SourcePos {posLine = 113, posColumn = 1}}, locValue = TokenNewline},Located {locSpan = SourceSpan {spanFilename = \"<input>\", spanStart = SourcePos {posLine = 113, posColumn = 1}, spanEnd = SourcePos {posLine = 113, posColumn = 5}}, locValue = TokenIndent 4},Located {locSpan = SourceSpan {spanFilename = \"<input>\", spanStart = SourcePos {posLine = 113, posColumn = 5}, spanEnd = SourcePos {posLine = 113, posColumn = 33}}, locValue = TokenComment \"# Function 28 implementation\"},Located {locSpan = SourceSpan {spanFilename = \"<input>\", spanStart = SourcePos {posLine = 113, posColumn = 1}, spanEnd = SourcePos {posLine = 114, posColumn = 1}}, locValue = TokenNewline},Located {locSpan = SourceSpan {spanFilename = \"<input>\", spanStart = SourcePos {posLine = 114, posColumn = 5}, spanEnd = SourcePos {posLine = 114, posColumn = 11}}, locValue = TokenIdent \"result\"},Located {locSpan = SourceSpan {spanFilename = \"<input>\", spanStart = SourcePos {posLine = 114, posColumn = 12}, spanEnd = SourcePos {posLine = 114, posColumn = 13}}, locValue = TokenOperator OpAssign},Located {locSpan = SourceSpan {spanFilename = \"<input>\", spanStart = SourcePos {posLine = 114, posColumn = 14}, spanEnd = SourcePos {posLine = 114, posColumn = 15}}, locValue = TokenIdent \"x\"},Located {locSpan = SourceSpan {spanFilename = \"<input>\", spanStart = SourcePos {posLine = 114, posColumn = 16}, spanEnd = SourcePos {posLine = 114, posColumn = 17}}, locValue = TokenOperator OpMult},Located {locSpan = SourceSpan {spanFilename = \"<input>\", spanStart = SourcePos {posLine = 114, posColumn = 18}, spanEnd = SourcePos {posLine = 114, posColumn = 20}}, locValue = TokenNumber \"28\" False},Located {locSpan = SourceSpan {spanFilename = \"<input>\", spanStart = SourcePos {posLine = 114, posColumn = 21}, spanEnd = SourcePos {posLine = 114, posColumn = 22}}, locValue = TokenOperator OpPlus},Located {locSpan = SourceSpan {spanFilename = \"<input>\", spanStart = SourcePos {posLine = 114, posColumn = 23}, spanEnd = SourcePos {posLine = 114, posColumn = 27}}, locValue = TokenIdent \"math\"},Located {locSpan = SourceSpan {spanFilename = \"<input>\", spanStart = SourcePos {posLine = 114, posColumn = 27}, spanEnd = SourcePos {posLine = 114, posColumn = 28}}, locValue = TokenDelimiter DelimDot},Located {locSpan = SourceSpan {spanFilename = \"<input>\", spanStart = SourcePos {posLine = 114, posColumn = 28}, spanEnd = SourcePos {posLine = 114, posColumn = 32}}, locValue = TokenIdent \"sqrt\"},Located {locSpan = SourceSpan {spanFilename = \"<input>\", spanStart = SourcePos {posLine = 114, posColumn = 32}, spanEnd = SourcePos {posLine = 114, posColumn = 33}}, locValue = TokenDelimiter DelimLeftParen},Located {locSpan = SourceSpan {spanFilename = \"<input>\", spanStart = SourcePos {posLine = 114, posColumn = 33}, spanEnd = SourcePos {posLine = 114, posColumn = 35}}, locValue = TokenNumber \"28\" False},Located {locSpan = SourceSpan {spanFilename = \"<input>\", spanStart = SourcePos {posLine = 114, posColumn = 35}, spanEnd = SourcePos {posLine = 114, posColumn = 36}}, locValue = TokenDelimiter DelimRightParen},Located {locSpan = SourceSpan {spanFilename = \"<input>\", spanStart = SourcePos {posLine = 114, posColumn = 1}, spanEnd = SourcePos {posLine = 115, posColumn = 1}}, locValue = TokenNewline},Located {locSpan = SourceSpan {spanFilename = \"<input>\", spanStart = SourcePos {posLine = 115, posColumn = 5}, spanEnd = SourcePos {posLine = 115, posColumn = 11}}, locValue = TokenKeyword KwReturn},Located {locSpan = SourceSpan {spanFilename = \"<input>\", spanStart = SourcePos {posLine = 115, posColumn = 12}, spanEnd = SourcePos {posLine = 115, posColumn = 18}}, locValue = TokenIdent \"result\"},Located {locSpan = SourceSpan {spanFilename = \"<input>\", spanStart = SourcePos {posLine = 115, posColumn = 1}, spanEnd = SourcePos {posLine = 116, posColumn = 1}}, locValue = TokenNewline},Located {locSpan = SourceSpan {spanFilename = \"<input>\", spanStart = SourcePos {posLine = 116, posColumn = 1}, spanEnd = SourcePos {posLine = 116, posColumn = 1}}, locValue = TokenDedent 4},Located {locSpan = SourceSpan {spanFilename = \"<input>\", spanStart = SourcePos {posLine = 116, posColumn = 1}, spanEnd = SourcePos {posLine = 116, posColumn = 4}}, locValue = TokenKeyword KwDef},Located {locSpan = SourceSpan {spanFilename = \"<input>\", spanStart = SourcePos {posLine = 116, posColumn = 5}, spanEnd = SourcePos {posLine = 116, posColumn = 16}}, locValue = TokenIdent \"function_29\"},Located {locSpan = SourceSpan {spanFilename = \"<input>\", spanStart = SourcePos {posLine = 116, posColumn = 16}, spanEnd = SourcePos {posLine = 116, posColumn = 17}}, locValue = TokenDelimiter DelimLeftParen},Located {locSpan = SourceSpan {spanFilename = \"<input>\", spanStart = SourcePos {posLine = 116, posColumn = 17}, spanEnd = SourcePos {posLine = 116, posColumn = 18}}, locValue = TokenIdent \"x\"},Located {locSpan = SourceSpan {spanFilename = \"<input>\", spanStart = SourcePos {posLine = 116, posColumn = 18}, spanEnd = SourcePos {posLine = 116, posColumn = 19}}, locValue = TokenDelimiter DelimRightParen},Located {locSpan = SourceSpan {spanFilename = \"<input>\", spanStart = SourcePos {posLine = 116, posColumn = 19}, spanEnd = SourcePos {posLine = 116, posColumn = 20}}, locValue = TokenDelimiter DelimColon},Located {locSpan = SourceSpan {spanFilename = \"<input>\", spanStart = SourcePos {posLine = 116, posColumn = 1}, spanEnd = SourcePos {posLine = 117, posColumn = 1}}, locValue = TokenNewline},Located {locSpan = SourceSpan {spanFilename = \"<input>\", spanStart = SourcePos {posLine = 117, posColumn = 1}, spanEnd = SourcePos {posLine = 117, posColumn = 5}}, locValue = TokenIndent 4},Located {locSpan = SourceSpan {spanFilename = \"<input>\", spanStart = SourcePos {posLine = 117, posColumn = 5}, spanEnd = SourcePos {posLine = 117, posColumn = 33}}, locValue = TokenComment \"# Function 29 implementation\"},Located {locSpan = SourceSpan {spanFilename = \"<input>\", spanStart = SourcePos {posLine = 117, posColumn = 1}, spanEnd = SourcePos {posLine = 118, posColumn = 1}}, locValue = TokenNewline},Located {locSpan = SourceSpan {spanFilename = \"<input>\", spanStart = SourcePos {posLine = 118, posColumn = 5}, spanEnd = SourcePos {posLine = 118, posColumn = 11}}, locValue = TokenIdent \"result\"},Located {locSpan = SourceSpan {spanFilename = \"<input>\", spanStart = SourcePos {posLine = 118, posColumn = 12}, spanEnd = SourcePos {posLine = 118, posColumn = 13}}, locValue = TokenOperator OpAssign},Located {locSpan = SourceSpan {spanFilename = \"<input>\", spanStart = SourcePos {posLine = 118, posColumn = 14}, spanEnd = SourcePos {posLine = 118, posColumn = 15}}, locValue = TokenIdent \"x\"},Located {locSpan = SourceSpan {spanFilename = \"<input>\", spanStart = SourcePos {posLine = 118, posColumn = 16}, spanEnd = SourcePos {posLine = 118, posColumn = 17}}, locValue = TokenOperator OpMult},Located {locSpan = SourceSpan {spanFilename = \"<input>\", spanStart = SourcePos {posLine = 118, posColumn = 18}, spanEnd = SourcePos {posLine = 118, posColumn = 20}}, locValue = TokenNumber \"29\" False},Located {locSpan = SourceSpan {spanFilename = \"<input>\", spanStart = SourcePos {posLine = 118, posColumn = 21}, spanEnd = SourcePos {posLine = 118, posColumn = 22}}, locValue = TokenOperator OpPlus},Located {locSpan = SourceSpan {spanFilename = \"<input>\", spanStart = SourcePos {posLine = 118, posColumn = 23}, spanEnd = SourcePos {posLine = 118, posColumn = 27}}, locValue = TokenIdent \"math\"},Located {locSpan = SourceSpan {spanFilename = \"<input>\", spanStart = SourcePos {posLine = 118, posColumn = 27}, spanEnd = SourcePos {posLine = 118, posColumn = 28}}, locValue = TokenDelimiter DelimDot},Located {locSpan = SourceSpan {spanFilename = \"<input>\", spanStart = SourcePos {posLine = 118, posColumn = 28}, spanEnd = SourcePos {posLine = 118, posColumn = 32}}, locValue = TokenIdent \"sqrt\"},Located {locSpan = SourceSpan {spanFilename = \"<input>\", spanStart = SourcePos {posLine = 118, posColumn = 32}, spanEnd = SourcePos {posLine = 118, posColumn = 33}}, locValue = TokenDelimiter DelimLeftParen},Located {locSpan = SourceSpan {spanFilename = \"<input>\", spanStart = SourcePos {posLine = 118, posColumn = 33}, spanEnd = SourcePos {posLine = 118, posColumn = 35}}, locValue = TokenNumber \"29\" False},Located {locSpan = SourceSpan {spanFilename = \"<input>\", spanStart = SourcePos {posLine = 118, posColumn = 35}, spanEnd = SourcePos {posLine = 118, posColumn = 36}}, locValue = TokenDelimiter DelimRightParen},Located {locSpan = SourceSpan {spanFilename = \"<input>\", spanStart = SourcePos {posLine = 118, posColumn = 1}, spanEnd = SourcePos {posLine = 119, posColumn = 1}}, locValue = TokenNewline},Located {locSpan = SourceSpan {spanFilename = \"<input>\", spanStart = SourcePos {posLine = 119, posColumn = 5}, spanEnd = SourcePos {posLine = 119, posColumn = 11}}, locValue = TokenKeyword KwReturn},Located {locSpan = SourceSpan {spanFilename = \"<input>\", spanStart = SourcePos {posLine = 119, posColumn = 12}, spanEnd = SourcePos {posLine = 119, posColumn = 18}}, locValue = TokenIdent \"result\"},Located {locSpan = SourceSpan {spanFilename = \"<input>\", spanStart = SourcePos {posLine = 119, posColumn = 1}, spanEnd = SourcePos {posLine = 120, posColumn = 1}}, locValue = TokenNewline},Located {locSpan = SourceSpan {spanFilename = \"<input>\", spanStart = SourcePos {posLine = 120, posColumn = 1}, spanEnd = SourcePos {posLine = 120, posColumn = 1}}, locValue = TokenDedent 4},Located {locSpan = SourceSpan {spanFilename = \"<input>\", spanStart = SourcePos {posLine = 120, posColumn = 1}, spanEnd = SourcePos {posLine = 120, posColumn = 4}}, locValue = TokenKeyword KwDef},Located {locSpan = SourceSpan {spanFilename = \"<input>\", spanStart = SourcePos {posLine = 120, posColumn = 5}, spanEnd = SourcePos {posLine = 120, posColumn = 16}}, locValue = TokenIdent \"function_30\"},Located {locSpan = SourceSpan {spanFilename = \"<input>\", spanStart = SourcePos {posLine = 120, posColumn = 16}, spanEnd = SourcePos {posLine = 120, posColumn = 17}}, locValue = TokenDelimiter DelimLeftParen},Located {locSpan = SourceSpan {spanFilename = \"<input>\", spanStart = SourcePos {posLine = 120, posColumn = 17}, spanEnd = SourcePos {posLine = 120, posColumn = 18}}, locValue = TokenIdent \"x\"},Located {locSpan = SourceSpan {spanFilename = \"<input>\", spanStart = SourcePos {posLine = 120, posColumn = 18}, spanEnd = SourcePos {posLine = 120, posColumn = 19}}, locValue = TokenDelimiter DelimRightParen},Located {locSpan = SourceSpan {spanFilename = \"<input>\", spanStart = SourcePos {posLine = 120, posColumn = 19}, spanEnd = SourcePos {posLine = 120, posColumn = 20}}, locValue = TokenDelimiter DelimColon},Located {locSpan = SourceSpan {spanFilename = \"<input>\", spanStart = SourcePos {posLine = 120, posColumn = 1}, spanEnd = SourcePos {posLine = 121, posColumn = 1}}, locValue = TokenNewline},Located {locSpan = SourceSpan {spanFilename = \"<input>\", spanStart = SourcePos {posLine = 121, posColumn = 1}, spanEnd = SourcePos {posLine = 121, posColumn = 5}}, locValue = TokenIndent 4},Located {locSpan = SourceSpan {spanFilename = \"<input>\", spanStart = SourcePos {posLine = 121, posColumn = 5}, spanEnd = SourcePos {posLine = 121, posColumn = 33}}, locValue = TokenComment \"# Function 30 implementation\"},Located {locSpan = SourceSpan {spanFilename = \"<input>\", spanStart = SourcePos {posLine = 121, posColumn = 1}, spanEnd = SourcePos {posLine = 122, posColumn = 1}}, locValue = TokenNewline},Located {locSpan = SourceSpan {spanFilename = \"<input>\", spanStart = SourcePos {posLine = 122, posColumn = 5}, spanEnd = SourcePos {posLine = 122, posColumn = 11}}, locValue = TokenIdent \"result\"},Located {locSpan = SourceSpan {spanFilename = \"<input>\", spanStart = SourcePos {posLine = 122, posColumn = 12}, spanEnd = SourcePos {posLine = 122, posColumn = 13}}, locValue = TokenOperator OpAssign},Located {locSpan = SourceSpan {spanFilename = \"<input>\", spanStart = SourcePos {posLine = 122, posColumn = 14}, spanEnd = SourcePos {posLine = 122, posColumn = 15}}, locValue = TokenIdent \"x\"},Located {locSpan = SourceSpan {spanFilename = \"<input>\", spanStart = SourcePos {posLine = 122, posColumn = 16}, spanEnd = SourcePos {posLine = 122, posColumn = 17}}, locValue = TokenOperator OpMult},Located {locSpan = SourceSpan {spanFilename = \"<input>\", spanStart = SourcePos {posLine = 122, posColumn = 18}, spanEnd = SourcePos {posLine = 122, posColumn = 20}}, locValue = TokenNumber \"30\" False},Located {locSpan = SourceSpan {spanFilename = \"<input>\", spanStart = SourcePos {posLine = 122, posColumn = 21}, spanEnd = SourcePos {posLine = 122, posColumn = 22}}, locValue = TokenOperator OpPlus},Located {locSpan = SourceSpan {spanFilename = \"<input>\", spanStart = SourcePos {posLine = 122, posColumn = 23}, spanEnd = SourcePos {posLine = 122, posColumn = 27}}, locValue = TokenIdent \"math\"},Located {locSpan = SourceSpan {spanFilename = \"<input>\", spanStart = SourcePos {posLine = 122, posColumn = 27}, spanEnd = SourcePos {posLine = 122, posColumn = 28}}, locValue = TokenDelimiter DelimDot},Located {locSpan = SourceSpan {spanFilename = \"<input>\", spanStart = SourcePos {posLine = 122, posColumn = 28}, spanEnd = SourcePos {posLine = 122, posColumn = 32}}, locValue = TokenIdent \"sqrt\"},Located {locSpan = SourceSpan {spanFilename = \"<input>\", spanStart = SourcePos {posLine = 122, posColumn = 32}, spanEnd = SourcePos {posLine = 122, posColumn = 33}}, locValue = TokenDelimiter DelimLeftParen},Located {locSpan = SourceSpan {spanFilename = \"<input>\", spanStart = SourcePos {posLine = 122, posColumn = 33}, spanEnd = SourcePos {posLine = 122, posColumn = 35}}, locValue = TokenNumber \"30\" False},Located {locSpan = SourceSpan {spanFilename = \"<input>\", spanStart = SourcePos {posLine = 122, posColumn = 35}, spanEnd = SourcePos {posLine = 122, posColumn = 36}}, locValue = TokenDelimiter DelimRightParen},Located {locSpan = SourceSpan {spanFilename = \"<input>\", spanStart = SourcePos {posLine = 122, posColumn = 1}, spanEnd = SourcePos {posLine = 123, posColumn = 1}}, locValue = TokenNewline},Located {locSpan = SourceSpan {spanFilename = \"<input>\", spanStart = SourcePos {posLine = 123, posColumn = 5}, spanEnd = SourcePos {posLine = 123, posColumn = 11}}, locValue = TokenKeyword KwReturn},Located {locSpan = SourceSpan {spanFilename = \"<input>\", spanStart = SourcePos {posLine = 123, posColumn = 12}, spanEnd = SourcePos {posLine = 123, posColumn = 18}}, locValue = TokenIdent \"result\"},Located {locSpan = SourceSpan {spanFilename = \"<input>\", spanStart = SourcePos {posLine = 123, posColumn = 1}, spanEnd = SourcePos {posLine = 124, posColumn = 1}}, locValue = TokenNewline},Located {locSpan = SourceSpan {spanFilename = \"<input>\", spanStart = SourcePos {posLine = 124, posColumn = 1}, spanEnd = SourcePos {posLine = 124, posColumn = 1}}, locValue = TokenDedent 4},Located {locSpan = SourceSpan {spanFilename = \"<input>\", spanStart = SourcePos {posLine = 124, posColumn = 1}, spanEnd = SourcePos {posLine = 124, posColumn = 4}}, locValue = TokenKeyword KwDef},Located {locSpan = SourceSpan {spanFilename = \"<input>\", spanStart = SourcePos {posLine = 124, posColumn = 5}, spanEnd = SourcePos {posLine = 124, posColumn = 16}}, locValue = TokenIdent \"function_31\"},Located {locSpan = SourceSpan {spanFilename = \"<input>\", spanStart = SourcePos {posLine = 124, posColumn = 16}, spanEnd = SourcePos {posLine = 124, posColumn = 17}}, locValue = TokenDelimiter DelimLeftParen},Located {locSpan = SourceSpan {spanFilename = \"<input>\", spanStart = SourcePos {posLine = 124, posColumn = 17}, spanEnd = SourcePos {posLine = 124, posColumn = 18}}, locValue = TokenIdent \"x\"},Located {locSpan = SourceSpan {spanFilename = \"<input>\", spanStart = SourcePos {posLine = 124, posColumn = 18}, spanEnd = SourcePos {posLine = 124, posColumn = 19}}, locValue = TokenDelimiter DelimRightParen},Located {locSpan = SourceSpan {spanFilename = \"<input>\", spanStart = SourcePos {posLine = 124, posColumn = 19}, spanEnd = SourcePos {posLine = 124, posColumn = 20}}, locValue = TokenDelimiter DelimColon},Located {locSpan = SourceSpan {spanFilename = \"<input>\", spanStart = SourcePos {posLine = 124, posColumn = 1}, spanEnd = SourcePos {posLine = 125, posColumn = 1}}, locValue = TokenNewline},Located {locSpan = SourceSpan {spanFilename = \"<input>\", spanStart = SourcePos {posLine = 125, posColumn = 1}, spanEnd = SourcePos {posLine = 125, posColumn = 5}}, locValue = TokenIndent 4},Located {locSpan = SourceSpan {spanFilename = \"<input>\", spanStart = SourcePos {posLine = 125, posColumn = 5}, spanEnd = SourcePos {posLine = 125, posColumn = 33}}, locValue = TokenComment \"# Function 31 implementation\"},Located {locSpan = SourceSpan {spanFilename = \"<input>\", spanStart = SourcePos {posLine = 125, posColumn = 1}, spanEnd = SourcePos {posLine = 126, posColumn = 1}}, locValue = TokenNewline},Located {locSpan = SourceSpan {spanFilename = \"<input>\", spanStart = SourcePos {posLine = 126, posColumn = 5}, spanEnd = SourcePos {posLine = 126, posColumn = 11}}, locValue = TokenIdent \"result\"},Located {locSpan = SourceSpan {spanFilename = \"<input>\", spanStart = SourcePos {posLine = 126, posColumn = 12}, spanEnd = SourcePos {posLine = 126, posColumn = 13}}, locValue = TokenOperator OpAssign},Located {locSpan = SourceSpan {spanFilename = \"<input>\", spanStart = SourcePos {posLine = 126, posColumn = 14}, spanEnd = SourcePos {posLine = 126, posColumn = 15}}, locValue = TokenIdent \"x\"},Located {locSpan = SourceSpan {spanFilename = \"<input>\", spanStart = SourcePos {posLine = 126, posColumn = 16}, spanEnd = SourcePos {posLine = 126, posColumn = 17}}, locValue = TokenOperator OpMult},Located {locSpan = SourceSpan {spanFilename = \"<input>\", spanStart = SourcePos {posLine = 126, posColumn = 18}, spanEnd = SourcePos {posLine = 126, posColumn = 20}}, locValue = TokenNumber \"31\" False},Located {locSpan = SourceSpan {spanFilename = \"<input>\", spanStart = SourcePos {posLine = 126, posColumn = 21}, spanEnd = SourcePos {posLine = 126, posColumn = 22}}, locValue = TokenOperator OpPlus},Located {locSpan = SourceSpan {spanFilename = \"<input>\", spanStart = SourcePos {posLine = 126, posColumn = 23}, spanEnd = SourcePos {posLine = 126, posColumn = 27}}, locValue = TokenIdent \"math\"},Located {locSpan = SourceSpan {spanFilename = \"<input>\", spanStart = SourcePos {posLine = 126, posColumn = 27}, spanEnd = SourcePos {posLine = 126, posColumn = 28}}, locValue = TokenDelimiter DelimDot},Located {locSpan = SourceSpan {spanFilename = \"<input>\", spanStart = SourcePos {posLine = 126, posColumn = 28}, spanEnd = SourcePos {posLine = 126, posColumn = 32}}, locValue = TokenIdent \"sqrt\"},Located {locSpan = SourceSpan {spanFilename = \"<input>\", spanStart = SourcePos {posLine = 126, posColumn = 32}, spanEnd = SourcePos {posLine = 126, posColumn = 33}}, locValue = TokenDelimiter DelimLeftParen},Located {locSpan = SourceSpan {spanFilename = \"<input>\", spanStart = SourcePos {posLine = 126, posColumn = 33}, spanEnd = SourcePos {posLine = 126, posColumn = 35}}, locValue = TokenNumber \"31\" False},Located {locSpan = SourceSpan {spanFilename = \"<input>\", spanStart = SourcePos {posLine = 126, posColumn = 35}, spanEnd = SourcePos {posLine = 126, posColumn = 36}}, locValue = TokenDelimiter DelimRightParen},Located {locSpan = SourceSpan {spanFilename = \"<input>\", spanStart = SourcePos {posLine = 126, posColumn = 1}, spanEnd = SourcePos {posLine = 127, posColumn = 1}}, locValue = TokenNewline},Located {locSpan = SourceSpan {spanFilename = \"<input>\", spanStart = SourcePos {posLine = 127, posColumn = 5}, spanEnd = SourcePos {posLine = 127, posColumn = 11}}, locValue = TokenKeyword KwReturn},Located {locSpan = SourceSpan {spanFilename = \"<input>\", spanStart = SourcePos {posLine = 127, posColumn = 12}, spanEnd = SourcePos {posLine = 127, posColumn = 18}}, locValue = TokenIdent \"result\"},Located {locSpan = SourceSpan {spanFilename = \"<input>\", spanStart = SourcePos {posLine = 127, posColumn = 1}, spanEnd = SourcePos {posLine = 128, posColumn = 1}}, locValue = TokenNewline},Located {locSpan = SourceSpan {spanFilename = \"<input>\", spanStart = SourcePos {posLine = 128, posColumn = 1}, spanEnd = SourcePos {posLine = 128, posColumn = 1}}, locValue = TokenDedent 4},Located {locSpan = SourceSpan {spanFilename = \"<input>\", spanStart = SourcePos {posLine = 128, posColumn = 1}, spanEnd = SourcePos {posLine = 128, posColumn = 4}}, locValue = TokenKeyword KwDef},Located {locSpan = SourceSpan {spanFilename = \"<input>\", spanStart = SourcePos {posLine = 128, posColumn = 5}, spanEnd = SourcePos {posLine = 128, posColumn = 16}}, locValue = TokenIdent \"function_32\"},Located {locSpan = SourceSpan {spanFilename = \"<input>\", spanStart = SourcePos {posLine = 128, posColumn = 16}, spanEnd = SourcePos {posLine = 128, posColumn = 17}}, locValue = TokenDelimiter DelimLeftParen},Located {locSpan = SourceSpan {spanFilename = \"<input>\", spanStart = SourcePos {posLine = 128, posColumn = 17}, spanEnd = SourcePos {posLine = 128, posColumn = 18}}, locValue = TokenIdent \"x\"},Located {locSpan = SourceSpan {spanFilename = \"<input>\", spanStart = SourcePos {posLine = 128, posColumn = 18}, spanEnd = SourcePos {posLine = 128, posColumn = 19}}, locValue = TokenDelimiter DelimRightParen},Located {locSpan = SourceSpan {spanFilename = \"<input>\", spanStart = SourcePos {posLine = 128, posColumn = 19}, spanEnd = SourcePos {posLine = 128, posColumn = 20}}, locValue = TokenDelimiter DelimColon},Located {locSpan = SourceSpan {spanFilename = \"<input>\", spanStart = SourcePos {posLine = 128, posColumn = 1}, spanEnd = SourcePos {posLine = 129, posColumn = 1}}, locValue = TokenNewline},Located {locSpan = SourceSpan {spanFilename = \"<input>\", spanStart = SourcePos {posLine = 129, posColumn = 1}, spanEnd = SourcePos {posLine = 129, posColumn = 5}}, locValue = TokenIndent 4},Located {locSpan = SourceSpan {spanFilename = \"<input>\", spanStart = SourcePos {posLine = 129, posColumn = 5}, spanEnd = SourcePos {posLine = 129, posColumn = 33}}, locValue = TokenComment \"# Function 32 implementation\"},Located {locSpan = SourceSpan {spanFilename = \"<input>\", spanStart = SourcePos {posLine = 129, posColumn = 1}, spanEnd = SourcePos {posLine = 130, posColumn = 1}}, locValue = TokenNewline},Located {locSpan = SourceSpan {spanFilename = \"<input>\", spanStart = SourcePos {posLine = 130, posColumn = 5}, spanEnd = SourcePos {posLine = 130, posColumn = 11}}, locValue = TokenIdent \"result\"},Located {locSpan = SourceSpan {spanFilename = \"<input>\", spanStart = SourcePos {posLine = 130, posColumn = 12}, spanEnd = SourcePos {posLine = 130, posColumn = 13}}, locValue = TokenOperator OpAssign},Located {locSpan = SourceSpan {spanFilename = \"<input>\", spanStart = SourcePos {posLine = 130, posColumn = 14}, spanEnd = SourcePos {posLine = 130, posColumn = 15}}, locValue = TokenIdent \"x\"},Located {locSpan = SourceSpan {spanFilename = \"<input>\", spanStart = SourcePos {posLine = 130, posColumn = 16}, spanEnd = SourcePos {posLine = 130, posColumn = 17}}, locValue = TokenOperator OpMult},Located {locSpan = SourceSpan {spanFilename = \"<input>\", spanStart = SourcePos {posLine = 130, posColumn = 18}, spanEnd = SourcePos {posLine = 130, posColumn = 20}}, locValue = TokenNumber \"32\" False},Located {locSpan = SourceSpan {spanFilename = \"<input>\", spanStart = SourcePos {posLine = 130, posColumn = 21}, spanEnd = SourcePos {posLine = 130, posColumn = 22}}, locValue = TokenOperator OpPlus},Located {locSpan = SourceSpan {spanFilename = \"<input>\", spanStart = SourcePos {posLine = 130, posColumn = 23}, spanEnd = SourcePos {posLine = 130, posColumn = 27}}, locValue = TokenIdent \"math\"},Located {locSpan = SourceSpan {spanFilename = \"<input>\", spanStart = SourcePos {posLine = 130, posColumn = 27}, spanEnd = SourcePos {posLine = 130, posColumn = 28}}, locValue = TokenDelimiter DelimDot},Located {locSpan = SourceSpan {spanFilename = \"<input>\", spanStart = SourcePos {posLine = 130, posColumn = 28}, spanEnd = SourcePos {posLine = 130, posColumn = 32}}, locValue = TokenIdent \"sqrt\"},Located {locSpan = SourceSpan {spanFilename = \"<input>\", spanStart = SourcePos {posLine = 130, posColumn = 32}, spanEnd = SourcePos {posLine = 130, posColumn = 33}}, locValue = TokenDelimiter DelimLeftParen},Located {locSpan = SourceSpan {spanFilename = \"<input>\", spanStart = SourcePos {posLine = 130, posColumn = 33}, spanEnd = SourcePos {posLine = 130, posColumn = 35}}, locValue = TokenNumber \"32\" False},Located {locSpan = SourceSpan {spanFilename = \"<input>\", spanStart = SourcePos {posLine = 130, posColumn = 35}, spanEnd = SourcePos {posLine = 130, posColumn = 36}}, locValue = TokenDelimiter DelimRightParen},Located {locSpan = SourceSpan {spanFilename = \"<input>\", spanStart = SourcePos {posLine = 130, posColumn = 1}, spanEnd = SourcePos {posLine = 131, posColumn = 1}}, locValue = TokenNewline},Located {locSpan = SourceSpan {spanFilename = \"<input>\", spanStart = SourcePos {posLine = 131, posColumn = 5}, spanEnd = SourcePos {posLine = 131, posColumn = 11}}, locValue = TokenKeyword KwReturn},Located {locSpan = SourceSpan {spanFilename = \"<input>\", spanStart = SourcePos {posLine = 131, posColumn = 12}, spanEnd = SourcePos {posLine = 131, posColumn = 18}}, locValue = TokenIdent \"result\"},Located {locSpan = SourceSpan {spanFilename = \"<input>\", spanStart = SourcePos {posLine = 131, posColumn = 1}, spanEnd = SourcePos {posLine = 132, posColumn = 1}}, locValue = TokenNewline},Located {locSpan = SourceSpan {spanFilename = \"<input>\", spanStart = SourcePos {posLine = 132, posColumn = 1}, spanEnd = SourcePos {posLine = 132, posColumn = 1}}, locValue = TokenDedent 4},Located {locSpan = SourceSpan {spanFilename = \"<input>\", spanStart = SourcePos {posLine = 132, posColumn = 1}, spanEnd = SourcePos {posLine = 132, posColumn = 4}}, locValue = TokenKeyword KwDef},Located {locSpan = SourceSpan {spanFilename = \"<input>\", spanStart = SourcePos {posLine = 132, posColumn = 5}, spanEnd = SourcePos {posLine = 132, posColumn = 16}}, locValue = TokenIdent \"function_33\"},Located {locSpan = SourceSpan {spanFilename = \"<input>\", spanStart = SourcePos {posLine = 132, posColumn = 16}, spanEnd = SourcePos {posLine = 132, posColumn = 17}}, locValue = TokenDelimiter DelimLeftParen},Located {locSpan = SourceSpan {spanFilename = \"<input>\", spanStart = SourcePos {posLine = 132, posColumn = 17}, spanEnd = SourcePos {posLine = 132, posColumn = 18}}, locValue = TokenIdent \"x\"},Located {locSpan = SourceSpan {spanFilename = \"<input>\", spanStart = SourcePos {posLine = 132, posColumn = 18}, spanEnd = SourcePos {posLine = 132, posColumn = 19}}, locValue = TokenDelimiter DelimRightParen},Located {locSpan = SourceSpan {spanFilename = \"<input>\", spanStart = SourcePos {posLine = 132, posColumn = 19}, spanEnd = SourcePos {posLine = 132, posColumn = 20}}, locValue = TokenDelimiter DelimColon},Located {locSpan = SourceSpan {spanFilename = \"<input>\", spanStart = SourcePos {posLine = 132, posColumn = 1}, spanEnd = SourcePos {posLine = 133, posColumn = 1}}, locValue = TokenNewline},Located {locSpan = SourceSpan {spanFilename = \"<input>\", spanStart = SourcePos {posLine = 133, posColumn = 1}, spanEnd = SourcePos {posLine = 133, posColumn = 5}}, locValue = TokenIndent 4},Located {locSpan = SourceSpan {spanFilename = \"<input>\", spanStart = SourcePos {posLine = 133, posColumn = 5}, spanEnd = SourcePos {posLine = 133, posColumn = 33}}, locValue = TokenComment \"# Function 33 implementation\"},Located {locSpan = SourceSpan {spanFilename = \"<input>\", spanStart = SourcePos {posLine = 133, posColumn = 1}, spanEnd = SourcePos {posLine = 134, posColumn = 1}}, locValue = TokenNewline},Located {locSpan = SourceSpan {spanFilename = \"<input>\", spanStart = SourcePos {posLine = 134, posColumn = 5}, spanEnd = SourcePos {posLine = 134, posColumn = 11}}, locValue = TokenIdent \"result\"},Located {locSpan = SourceSpan {spanFilename = \"<input>\", spanStart = SourcePos {posLine = 134, posColumn = 12}, spanEnd = SourcePos {posLine = 134, posColumn = 13}}, locValue = TokenOperator OpAssign},Located {locSpan = SourceSpan {spanFilename = \"<input>\", spanStart = SourcePos {posLine = 134, posColumn = 14}, spanEnd = SourcePos {posLine = 134, posColumn = 15}}, locValue = TokenIdent \"x\"},Located {locSpan = SourceSpan {spanFilename = \"<input>\", spanStart = SourcePos {posLine = 134, posColumn = 16}, spanEnd = SourcePos {posLine = 134, posColumn = 17}}, locValue = TokenOperator OpMult},Located {locSpan = SourceSpan {spanFilename = \"<input>\", spanStart = SourcePos {posLine = 134, posColumn = 18}, spanEnd = SourcePos {posLine = 134, posColumn = 20}}, locValue = TokenNumber \"33\" False},Located {locSpan = SourceSpan {spanFilename = \"<input>\", spanStart = SourcePos {posLine = 134, posColumn = 21}, spanEnd = SourcePos {posLine = 134, posColumn = 22}}, locValue = TokenOperator OpPlus},Located {locSpan = SourceSpan {spanFilename = \"<input>\", spanStart = SourcePos {posLine = 134, posColumn = 23}, spanEnd = SourcePos {posLine = 134, posColumn = 27}}, locValue = TokenIdent \"math\"},Located {locSpan = SourceSpan {spanFilename = \"<input>\", spanStart = SourcePos {posLine = 134, posColumn = 27}, spanEnd = SourcePos {posLine = 134, posColumn = 28}}, locValue = TokenDelimiter DelimDot},Located {locSpan = SourceSpan {spanFilename = \"<input>\", spanStart = SourcePos {posLine = 134, posColumn = 28}, spanEnd = SourcePos {posLine = 134, posColumn = 32}}, locValue = TokenIdent \"sqrt\"},Located {locSpan = SourceSpan {spanFilename = \"<input>\", spanStart = SourcePos {posLine = 134, posColumn = 32}, spanEnd = SourcePos {posLine = 134, posColumn = 33}}, locValue = TokenDelimiter DelimLeftParen},Located {locSpan = SourceSpan {spanFilename = \"<input>\", spanStart = SourcePos {posLine = 134, posColumn = 33}, spanEnd = SourcePos {posLine = 134, posColumn = 35}}, locValue = TokenNumber \"33\" False},Located {locSpan = SourceSpan {spanFilename = \"<input>\", spanStart = SourcePos {posLine = 134, posColumn = 35}, spanEnd = SourcePos {posLine = 134, posColumn = 36}}, locValue = TokenDelimiter DelimRightParen},Located {locSpan = SourceSpan {spanFilename = \"<input>\", spanStart = SourcePos {posLine = 134, posColumn = 1}, spanEnd = SourcePos {posLine = 135, posColumn = 1}}, locValue = TokenNewline},Located {locSpan = SourceSpan {spanFilename = \"<input>\", spanStart = SourcePos {posLine = 135, posColumn = 5}, spanEnd = SourcePos {posLine = 135, posColumn = 11}}, locValue = TokenKeyword KwReturn},Located {locSpan = SourceSpan {spanFilename = \"<input>\", spanStart = SourcePos {posLine = 135, posColumn = 12}, spanEnd = SourcePos {posLine = 135, posColumn = 18}}, locValue = TokenIdent \"result\"},Located {locSpan = SourceSpan {spanFilename = \"<input>\", spanStart = SourcePos {posLine = 135, posColumn = 1}, spanEnd = SourcePos {posLine = 136, posColumn = 1}}, locValue = TokenNewline},Located {locSpan = SourceSpan {spanFilename = \"<input>\", spanStart = SourcePos {posLine = 136, posColumn = 1}, spanEnd = SourcePos {posLine = 136, posColumn = 1}}, locValue = TokenDedent 4},Located {locSpan = SourceSpan {spanFilename = \"<input>\", spanStart = SourcePos {posLine = 136, posColumn = 1}, spanEnd = SourcePos {posLine = 136, posColumn = 4}}, locValue = TokenKeyword KwDef},Located {locSpan = SourceSpan {spanFilename = \"<input>\", spanStart = SourcePos {posLine = 136, posColumn = 5}, spanEnd = SourcePos {posLine = 136, posColumn = 16}}, locValue = TokenIdent \"function_34\"},Located {locSpan = SourceSpan {spanFilename = \"<input>\", spanStart = SourcePos {posLine = 136, posColumn = 16}, spanEnd = SourcePos {posLine = 136, posColumn = 17}}, locValue = TokenDelimiter DelimLeftParen},Located {locSpan = SourceSpan {spanFilename = \"<input>\", spanStart = SourcePos {posLine = 136, posColumn = 17}, spanEnd = SourcePos {posLine = 136, posColumn = 18}}, locValue = TokenIdent \"x\"},Located {locSpan = SourceSpan {spanFilename = \"<input>\", spanStart = SourcePos {posLine = 136, posColumn = 18}, spanEnd = SourcePos {posLine = 136, posColumn = 19}}, locValue = TokenDelimiter DelimRightParen},Located {locSpan = SourceSpan {spanFilename = \"<input>\", spanStart = SourcePos {posLine = 136, posColumn = 19}, spanEnd = SourcePos {posLine = 136, posColumn = 20}}, locValue = TokenDelimiter DelimColon},Located {locSpan = SourceSpan {spanFilename = \"<input>\", spanStart = SourcePos {posLine = 136, posColumn = 1}, spanEnd = SourcePos {posLine = 137, posColumn = 1}}, locValue = TokenNewline},Located {locSpan = SourceSpan {spanFilename = \"<input>\", spanStart = SourcePos {posLine = 137, posColumn = 1}, spanEnd = SourcePos {posLine = 137, posColumn = 5}}, locValue = TokenIndent 4},Located {locSpan = SourceSpan {spanFilename = \"<input>\", spanStart = SourcePos {posLine = 137, posColumn = 5}, spanEnd = SourcePos {posLine = 137, posColumn = 33}}, locValue = TokenComment \"# Function 34 implementation\"},Located {locSpan = SourceSpan {spanFilename = \"<input>\", spanStart = SourcePos {posLine = 137, posColumn = 1}, spanEnd = SourcePos {posLine = 138, posColumn = 1}}, locValue = TokenNewline},Located {locSpan = SourceSpan {spanFilename = \"<input>\", spanStart = SourcePos {posLine = 138, posColumn = 5}, spanEnd = SourcePos {posLine = 138, posColumn = 11}}, locValue = TokenIdent \"result\"},Located {locSpan = SourceSpan {spanFilename = \"<input>\", spanStart = SourcePos {posLine = 138, posColumn = 12}, spanEnd = SourcePos {posLine = 138, posColumn = 13}}, locValue = TokenOperator OpAssign},Located {locSpan = SourceSpan {spanFilename = \"<input>\", spanStart = SourcePos {posLine = 138, posColumn = 14}, spanEnd = SourcePos {posLine = 138, posColumn = 15}}, locValue = TokenIdent \"x\"},Located {locSpan = SourceSpan {spanFilename = \"<input>\", spanStart = SourcePos {posLine = 138, posColumn = 16}, spanEnd = SourcePos {posLine = 138, posColumn = 17}}, locValue = TokenOperator OpMult},Located {locSpan = SourceSpan {spanFilename = \"<input>\", spanStart = SourcePos {posLine = 138, posColumn = 18}, spanEnd = SourcePos {posLine = 138, posColumn = 20}}, locValue = TokenNumber \"34\" False},Located {locSpan = SourceSpan {spanFilename = \"<input>\", spanStart = SourcePos {posLine = 138, posColumn = 21}, spanEnd = SourcePos {posLine = 138, posColumn = 22}}, locValue = TokenOperator OpPlus},Located {locSpan = SourceSpan {spanFilename = \"<input>\", spanStart = SourcePos {posLine = 138, posColumn = 23}, spanEnd = SourcePos {posLine = 138, posColumn = 27}}, locValue = TokenIdent \"math\"},Located {locSpan = SourceSpan {spanFilename = \"<input>\", spanStart = SourcePos {posLine = 138, posColumn = 27}, spanEnd = SourcePos {posLine = 138, posColumn = 28}}, locValue = TokenDelimiter DelimDot},Located {locSpan = SourceSpan {spanFilename = \"<input>\", spanStart = SourcePos {posLine = 138, posColumn = 28}, spanEnd = SourcePos {posLine = 138, posColumn = 32}}, locValue = TokenIdent \"sqrt\"},Located {locSpan = SourceSpan {spanFilename = \"<input>\", spanStart = SourcePos {posLine = 138, posColumn = 32}, spanEnd = SourcePos {posLine = 138, posColumn = 33}}, locValue = TokenDelimiter DelimLeftParen},Located {locSpan = SourceSpan {spanFilename = \"<input>\", spanStart = SourcePos {posLine = 138, posColumn = 33}, spanEnd = SourcePos {posLine = 138, posColumn = 35}}, locValue = TokenNumber \"34\" False},Located {locSpan = SourceSpan {spanFilename = \"<input>\", spanStart = SourcePos {posLine = 138, posColumn = 35}, spanEnd = SourcePos {posLine = 138, posColumn = 36}}, locValue = TokenDelimiter DelimRightParen},Located {locSpan = SourceSpan {spanFilename = \"<input>\", spanStart = SourcePos {posLine = 138, posColumn = 1}, spanEnd = SourcePos {posLine = 139, posColumn = 1}}, locValue = TokenNewline},Located {locSpan = SourceSpan {spanFilename = \"<input>\", spanStart = SourcePos {posLine = 139, posColumn = 5}, spanEnd = SourcePos {posLine = 139, posColumn = 11}}, locValue = TokenKeyword KwReturn},Located {locSpan = SourceSpan {spanFilename = \"<input>\", spanStart = SourcePos {posLine = 139, posColumn = 12}, spanEnd = SourcePos {posLine = 139, posColumn = 18}}, locValue = TokenIdent \"result\"},Located {locSpan = SourceSpan {spanFilename = \"<input>\", spanStart = SourcePos {posLine = 139, posColumn = 1}, spanEnd = SourcePos {posLine = 140, posColumn = 1}}, locValue = TokenNewline},Located {locSpan = SourceSpan {spanFilename = \"<input>\", spanStart = SourcePos {posLine = 140, posColumn = 1}, spanEnd = SourcePos {posLine = 140, posColumn = 1}}, locValue = TokenDedent 4},Located {locSpan = SourceSpan {spanFilename = \"<input>\", spanStart = SourcePos {posLine = 140, posColumn = 1}, spanEnd = SourcePos {posLine = 140, posColumn = 4}}, locValue = TokenKeyword KwDef},Located {locSpan = SourceSpan {spanFilename = \"<input>\", spanStart = SourcePos {posLine = 140, posColumn = 5}, spanEnd = SourcePos {posLine = 140, posColumn = 16}}, locValue = TokenIdent \"function_35\"},Located {locSpan = SourceSpan {spanFilename = \"<input>\", spanStart = SourcePos {posLine = 140, posColumn = 16}, spanEnd = SourcePos {posLine = 140, posColumn = 17}}, locValue = TokenDelimiter DelimLeftParen},Located {locSpan = SourceSpan {spanFilename = \"<input>\", spanStart = SourcePos {posLine = 140, posColumn = 17}, spanEnd = SourcePos {posLine = 140, posColumn = 18}}, locValue = TokenIdent \"x\"},Located {locSpan = SourceSpan {spanFilename = \"<input>\", spanStart = SourcePos {posLine = 140, posColumn = 18}, spanEnd = SourcePos {posLine = 140, posColumn = 19}}, locValue = TokenDelimiter DelimRightParen},Located {locSpan = SourceSpan {spanFilename = \"<input>\", spanStart = SourcePos {posLine = 140, posColumn = 19}, spanEnd = SourcePos {posLine = 140, posColumn = 20}}, locValue = TokenDelimiter DelimColon},Located {locSpan = SourceSpan {spanFilename = \"<input>\", spanStart = SourcePos {posLine = 140, posColumn = 1}, spanEnd = SourcePos {posLine = 141, posColumn = 1}}, locValue = TokenNewline},Located {locSpan = SourceSpan {spanFilename = \"<input>\", spanStart = SourcePos {posLine = 141, posColumn = 1}, spanEnd = SourcePos {posLine = 141, posColumn = 5}}, locValue = TokenIndent 4},Located {locSpan = SourceSpan {spanFilename = \"<input>\", spanStart = SourcePos {posLine = 141, posColumn = 5}, spanEnd = SourcePos {posLine = 141, posColumn = 33}}, locValue = TokenComment \"# Function 35 implementation\"},Located {locSpan = SourceSpan {spanFilename = \"<input>\", spanStart = SourcePos {posLine = 141, posColumn = 1}, spanEnd = SourcePos {posLine = 142, posColumn = 1}}, locValue = TokenNewline},Located {locSpan = SourceSpan {spanFilename = \"<input>\", spanStart = SourcePos {posLine = 142, posColumn = 5}, spanEnd = SourcePos {posLine = 142, posColumn = 11}}, locValue = TokenIdent \"result\"},Located {locSpan = SourceSpan {spanFilename = \"<input>\", spanStart = SourcePos {posLine = 142, posColumn = 12}, spanEnd = SourcePos {posLine = 142, posColumn = 13}}, locValue = TokenOperator OpAssign},Located {locSpan = SourceSpan {spanFilename = \"<input>\", spanStart = SourcePos {posLine = 142, posColumn = 14}, spanEnd = SourcePos {posLine = 142, posColumn = 15}}, locValue = TokenIdent \"x\"},Located {locSpan = SourceSpan {spanFilename = \"<input>\", spanStart = SourcePos {posLine = 142, posColumn = 16}, spanEnd = SourcePos {posLine = 142, posColumn = 17}}, locValue = TokenOperator OpMult},Located {locSpan = SourceSpan {spanFilename = \"<input>\", spanStart = SourcePos {posLine = 142, posColumn = 18}, spanEnd = SourcePos {posLine = 142, posColumn = 20}}, locValue = TokenNumber \"35\" False},Located {locSpan = SourceSpan {spanFilename = \"<input>\", spanStart = SourcePos {posLine = 142, posColumn = 21}, spanEnd = SourcePos {posLine = 142, posColumn = 22}}, locValue = TokenOperator OpPlus},Located {locSpan = SourceSpan {spanFilename = \"<input>\", spanStart = SourcePos {posLine = 142, posColumn = 23}, spanEnd = SourcePos {posLine = 142, posColumn = 27}}, locValue = TokenIdent \"math\"},Located {locSpan = SourceSpan {spanFilename = \"<input>\", spanStart = SourcePos {posLine = 142, posColumn = 27}, spanEnd = SourcePos {posLine = 142, posColumn = 28}}, locValue = TokenDelimiter DelimDot},Located {locSpan = SourceSpan {spanFilename = \"<input>\", spanStart = SourcePos {posLine = 142, posColumn = 28}, spanEnd = SourcePos {posLine = 142, posColumn = 32}}, locValue = TokenIdent \"sqrt\"},Located {locSpan = SourceSpan {spanFilename = \"<input>\", spanStart = SourcePos {posLine = 142, posColumn = 32}, spanEnd = SourcePos {posLine = 142, posColumn = 33}}, locValue = TokenDelimiter DelimLeftParen},Located {locSpan = SourceSpan {spanFilename = \"<input>\", spanStart = SourcePos {posLine = 142, posColumn = 33}, spanEnd = SourcePos {posLine = 142, posColumn = 35}}, locValue = TokenNumber \"35\" False},Located {locSpan = SourceSpan {spanFilename = \"<input>\", spanStart = SourcePos {posLine = 142, posColumn = 35}, spanEnd = SourcePos {posLine = 142, posColumn = 36}}, locValue = TokenDelimiter DelimRightParen},Located {locSpan = SourceSpan {spanFilename = \"<input>\", spanStart = SourcePos {posLine = 142, posColumn = 1}, spanEnd = SourcePos {posLine = 143, posColumn = 1}}, locValue = TokenNewline},Located {locSpan = SourceSpan {spanFilename = \"<input>\", spanStart = SourcePos {posLine = 143, posColumn = 5}, spanEnd = SourcePos {posLine = 143, posColumn = 11}}, locValue = TokenKeyword KwReturn},Located {locSpan = SourceSpan {spanFilename = \"<input>\", spanStart = SourcePos {posLine = 143, posColumn = 12}, spanEnd = SourcePos {posLine = 143, posColumn = 18}}, locValue = TokenIdent \"result\"},Located {locSpan = SourceSpan {spanFilename = \"<input>\", spanStart = SourcePos {posLine = 143, posColumn = 1}, spanEnd = SourcePos {posLine = 144, posColumn = 1}}, locValue = TokenNewline},Located {locSpan = SourceSpan {spanFilename = \"<input>\", spanStart = SourcePos {posLine = 144, posColumn = 1}, spanEnd = SourcePos {posLine = 144, posColumn = 1}}, locValue = TokenDedent 4},Located {locSpan = SourceSpan {spanFilename = \"<input>\", spanStart = SourcePos {posLine = 144, posColumn = 1}, spanEnd = SourcePos {posLine = 144, posColumn = 4}}, locValue = TokenKeyword KwDef},Located {locSpan = SourceSpan {spanFilename = \"<input>\", spanStart = SourcePos {posLine = 144, posColumn = 5}, spanEnd = SourcePos {posLine = 144, posColumn = 16}}, locValue = TokenIdent \"function_36\"},Located {locSpan = SourceSpan {spanFilename = \"<input>\", spanStart = SourcePos {posLine = 144, posColumn = 16}, spanEnd = SourcePos {posLine = 144, posColumn = 17}}, locValue = TokenDelimiter DelimLeftParen},Located {locSpan = SourceSpan {spanFilename = \"<input>\", spanStart = SourcePos {posLine = 144, posColumn = 17}, spanEnd = SourcePos {posLine = 144, posColumn = 18}}, locValue = TokenIdent \"x\"},Located {locSpan = SourceSpan {spanFilename = \"<input>\", spanStart = SourcePos {posLine = 144, posColumn = 18}, spanEnd = SourcePos {posLine = 144, posColumn = 19}}, locValue = TokenDelimiter DelimRightParen},Located {locSpan = SourceSpan {spanFilename = \"<input>\", spanStart = SourcePos {posLine = 144, posColumn = 19}, spanEnd = SourcePos {posLine = 144, posColumn = 20}}, locValue = TokenDelimiter DelimColon},Located {locSpan = SourceSpan {spanFilename = \"<input>\", spanStart = SourcePos {posLine = 144, posColumn = 1}, spanEnd = SourcePos {posLine = 145, posColumn = 1}}, locValue = TokenNewline},Located {locSpan = SourceSpan {spanFilename = \"<input>\", spanStart = SourcePos {posLine = 145, posColumn = 1}, spanEnd = SourcePos {posLine = 145, posColumn = 5}}, locValue = TokenIndent 4},Located {locSpan = SourceSpan {spanFilename = \"<input>\", spanStart = SourcePos {posLine = 145, posColumn = 5}, spanEnd = SourcePos {posLine = 145, posColumn = 33}}, locValue = TokenComment \"# Function 36 implementation\"},Located {locSpan = SourceSpan {spanFilename = \"<input>\", spanStart = SourcePos {posLine = 145, posColumn = 1}, spanEnd = SourcePos {posLine = 146, posColumn = 1}}, locValue = TokenNewline},Located {locSpan = SourceSpan {spanFilename = \"<input>\", spanStart = SourcePos {posLine = 146, posColumn = 5}, spanEnd = SourcePos {posLine = 146, posColumn = 11}}, locValue = TokenIdent \"result\"},Located {locSpan = SourceSpan {spanFilename = \"<input>\", spanStart = SourcePos {posLine = 146, posColumn = 12}, spanEnd = SourcePos {posLine = 146, posColumn = 13}}, locValue = TokenOperator OpAssign},Located {locSpan = SourceSpan {spanFilename = \"<input>\", spanStart = SourcePos {posLine = 146, posColumn = 14}, spanEnd = SourcePos {posLine = 146, posColumn = 15}}, locValue = TokenIdent \"x\"},Located {locSpan = SourceSpan {spanFilename = \"<input>\", spanStart = SourcePos {posLine = 146, posColumn = 16}, spanEnd = SourcePos {posLine = 146, posColumn = 17}}, locValue = TokenOperator OpMult},Located {locSpan = SourceSpan {spanFilename = \"<input>\", spanStart = SourcePos {posLine = 146, posColumn = 18}, spanEnd = SourcePos {posLine = 146, posColumn = 20}}, locValue = TokenNumber \"36\" False},Located {locSpan = SourceSpan {spanFilename = \"<input>\", spanStart = SourcePos {posLine = 146, posColumn = 21}, spanEnd = SourcePos {posLine = 146, posColumn = 22}}, locValue = TokenOperator OpPlus},Located {locSpan = SourceSpan {spanFilename = \"<input>\", spanStart = SourcePos {posLine = 146, posColumn = 23}, spanEnd = SourcePos {posLine = 146, posColumn = 27}}, locValue = TokenIdent \"math\"},Located {locSpan = SourceSpan {spanFilename = \"<input>\", spanStart = SourcePos {posLine = 146, posColumn = 27}, spanEnd = SourcePos {posLine = 146, posColumn = 28}}, locValue = TokenDelimiter DelimDot},Located {locSpan = SourceSpan {spanFilename = \"<input>\", spanStart = SourcePos {posLine = 146, posColumn = 28}, spanEnd = SourcePos {posLine = 146, posColumn = 32}}, locValue = TokenIdent \"sqrt\"},Located {locSpan = SourceSpan {spanFilename = \"<input>\", spanStart = SourcePos {posLine = 146, posColumn = 32}, spanEnd = SourcePos {posLine = 146, posColumn = 33}}, locValue = TokenDelimiter DelimLeftParen},Located {locSpan = SourceSpan {spanFilename = \"<input>\", spanStart = SourcePos {posLine = 146, posColumn = 33}, spanEnd = SourcePos {posLine = 146, posColumn = 35}}, locValue = TokenNumber \"36\" False},Located {locSpan = SourceSpan {spanFilename = \"<input>\", spanStart = SourcePos {posLine = 146, posColumn = 35}, spanEnd = SourcePos {posLine = 146, posColumn = 36}}, locValue = TokenDelimiter DelimRightParen},Located {locSpan = SourceSpan {spanFilename = \"<input>\", spanStart = SourcePos {posLine = 146, posColumn = 1}, spanEnd = SourcePos {posLine = 147, posColumn = 1}}, locValue = TokenNewline},Located {locSpan = SourceSpan {spanFilename = \"<input>\", spanStart = SourcePos {posLine = 147, posColumn = 5}, spanEnd = SourcePos {posLine = 147, posColumn = 11}}, locValue = TokenKeyword KwReturn},Located {locSpan = SourceSpan {spanFilename = \"<input>\", spanStart = SourcePos {posLine = 147, posColumn = 12}, spanEnd = SourcePos {posLine = 147, posColumn = 18}}, locValue = TokenIdent \"result\"},Located {locSpan = SourceSpan {spanFilename = \"<input>\", spanStart = SourcePos {posLine = 147, posColumn = 1}, spanEnd = SourcePos {posLine = 148, posColumn = 1}}, locValue = TokenNewline},Located {locSpan = SourceSpan {spanFilename = \"<input>\", spanStart = SourcePos {posLine = 148, posColumn = 1}, spanEnd = SourcePos {posLine = 148, posColumn = 1}}, locValue = TokenDedent 4},Located {locSpan = SourceSpan {spanFilename = \"<input>\", spanStart = SourcePos {posLine = 148, posColumn = 1}, spanEnd = SourcePos {posLine = 148, posColumn = 4}}, locValue = TokenKeyword KwDef},Located {locSpan = SourceSpan {spanFilename = \"<input>\", spanStart = SourcePos {posLine = 148, posColumn = 5}, spanEnd = SourcePos {posLine = 148, posColumn = 16}}, locValue = TokenIdent \"function_37\"},Located {locSpan = SourceSpan {spanFilename = \"<input>\", spanStart = SourcePos {posLine = 148, posColumn = 16}, spanEnd = SourcePos {posLine = 148, posColumn = 17}}, locValue = TokenDelimiter DelimLeftParen},Located {locSpan = SourceSpan {spanFilename = \"<input>\", spanStart = SourcePos {posLine = 148, posColumn = 17}, spanEnd = SourcePos {posLine = 148, posColumn = 18}}, locValue = TokenIdent \"x\"},Located {locSpan = SourceSpan {spanFilename = \"<input>\", spanStart = SourcePos {posLine = 148, posColumn = 18}, spanEnd = SourcePos {posLine = 148, posColumn = 19}}, locValue = TokenDelimiter DelimRightParen},Located {locSpan = SourceSpan {spanFilename = \"<input>\", spanStart = SourcePos {posLine = 148, posColumn = 19}, spanEnd = SourcePos {posLine = 148, posColumn = 20}}, locValue = TokenDelimiter DelimColon},Located {locSpan = SourceSpan {spanFilename = \"<input>\", spanStart = SourcePos {posLine = 148, posColumn = 1}, spanEnd = SourcePos {posLine = 149, posColumn = 1}}, locValue = TokenNewline},Located {locSpan = SourceSpan {spanFilename = \"<input>\", spanStart = SourcePos {posLine = 149, posColumn = 1}, spanEnd = SourcePos {posLine = 149, posColumn = 5}}, locValue = TokenIndent 4},Located {locSpan = SourceSpan {spanFilename = \"<input>\", spanStart = SourcePos {posLine = 149, posColumn = 5}, spanEnd = SourcePos {posLine = 149, posColumn = 33}}, locValue = TokenComment \"# Function 37 implementation\"},Located {locSpan = SourceSpan {spanFilename = \"<input>\", spanStart = SourcePos {posLine = 149, posColumn = 1}, spanEnd = SourcePos {posLine = 150, posColumn = 1}}, locValue = TokenNewline},Located {locSpan = SourceSpan {spanFilename = \"<input>\", spanStart = SourcePos {posLine = 150, posColumn = 5}, spanEnd = SourcePos {posLine = 150, posColumn = 11}}, locValue = TokenIdent \"result\"},Located {locSpan = SourceSpan {spanFilename = \"<input>\", spanStart = SourcePos {posLine = 150, posColumn = 12}, spanEnd = SourcePos {posLine = 150, posColumn = 13}}, locValue = TokenOperator OpAssign},Located {locSpan = SourceSpan {spanFilename = \"<input>\", spanStart = SourcePos {posLine = 150, posColumn = 14}, spanEnd = SourcePos {posLine = 150, posColumn = 15}}, locValue = TokenIdent \"x\"},Located {locSpan = SourceSpan {spanFilename = \"<input>\", spanStart = SourcePos {posLine = 150, posColumn = 16}, spanEnd = SourcePos {posLine = 150, posColumn = 17}}, locValue = TokenOperator OpMult},Located {locSpan = SourceSpan {spanFilename = \"<input>\", spanStart = SourcePos {posLine = 150, posColumn = 18}, spanEnd = SourcePos {posLine = 150, posColumn = 20}}, locValue = TokenNumber \"37\" False},Located {locSpan = SourceSpan {spanFilename = \"<input>\", spanStart = SourcePos {posLine = 150, posColumn = 21}, spanEnd = SourcePos {posLine = 150, posColumn = 22}}, locValue = TokenOperator OpPlus},Located {locSpan = SourceSpan {spanFilename = \"<input>\", spanStart = SourcePos {posLine = 150, posColumn = 23}, spanEnd = SourcePos {posLine = 150, posColumn = 27}}, locValue = TokenIdent \"math\"},Located {locSpan = SourceSpan {spanFilename = \"<input>\", spanStart = SourcePos {posLine = 150, posColumn = 27}, spanEnd = SourcePos {posLine = 150, posColumn = 28}}, locValue = TokenDelimiter DelimDot},Located {locSpan = SourceSpan {spanFilename = \"<input>\", spanStart = SourcePos {posLine = 150, posColumn = 28}, spanEnd = SourcePos {posLine = 150, posColumn = 32}}, locValue = TokenIdent \"sqrt\"},Located {locSpan = SourceSpan {spanFilename = \"<input>\", spanStart = SourcePos {posLine = 150, posColumn = 32}, spanEnd = SourcePos {posLine = 150, posColumn = 33}}, locValue = TokenDelimiter DelimLeftParen},Located {locSpan = SourceSpan {spanFilename = \"<input>\", spanStart = SourcePos {posLine = 150, posColumn = 33}, spanEnd = SourcePos {posLine = 150, posColumn = 35}}, locValue = TokenNumber \"37\" False},Located {locSpan = SourceSpan {spanFilename = \"<input>\", spanStart = SourcePos {posLine = 150, posColumn = 35}, spanEnd = SourcePos {posLine = 150, posColumn = 36}}, locValue = TokenDelimiter DelimRightParen},Located {locSpan = SourceSpan {spanFilename = \"<input>\", spanStart = SourcePos {posLine = 150, posColumn = 1}, spanEnd = SourcePos {posLine = 151, posColumn = 1}}, locValue = TokenNewline},Located {locSpan = SourceSpan {spanFilename = \"<input>\", spanStart = SourcePos {posLine = 151, posColumn = 5}, spanEnd = SourcePos {posLine = 151, posColumn = 11}}, locValue = TokenKeyword KwReturn},Located {locSpan = SourceSpan {spanFilename = \"<input>\", spanStart = SourcePos {posLine = 151, posColumn = 12}, spanEnd = SourcePos {posLine = 151, posColumn = 18}}, locValue = TokenIdent \"result\"},Located {locSpan = SourceSpan {spanFilename = \"<input>\", spanStart = SourcePos {posLine = 151, posColumn = 1}, spanEnd = SourcePos {posLine = 152, posColumn = 1}}, locValue = TokenNewline},Located {locSpan = SourceSpan {spanFilename = \"<input>\", spanStart = SourcePos {posLine = 152, posColumn = 1}, spanEnd = SourcePos {posLine = 152, posColumn = 1}}, locValue = TokenDedent 4},Located {locSpan = SourceSpan {spanFilename = \"<input>\", spanStart = SourcePos {posLine = 152, posColumn = 1}, spanEnd = SourcePos {posLine = 152, posColumn = 4}}, locValue = TokenKeyword KwDef},Located {locSpan = SourceSpan {spanFilename = \"<input>\", spanStart = SourcePos {posLine = 152, posColumn = 5}, spanEnd = SourcePos {posLine = 152, posColumn = 16}}, locValue = TokenIdent \"function_38\"},Located {locSpan = SourceSpan {spanFilename = \"<input>\", spanStart = SourcePos {posLine = 152, posColumn = 16}, spanEnd = SourcePos {posLine = 152, posColumn = 17}}, locValue = TokenDelimiter DelimLeftParen},Located {locSpan = SourceSpan {spanFilename = \"<input>\", spanStart = SourcePos {posLine = 152, posColumn = 17}, spanEnd = SourcePos {posLine = 152, posColumn = 18}}, locValue = TokenIdent \"x\"},Located {locSpan = SourceSpan {spanFilename = \"<input>\", spanStart = SourcePos {posLine = 152, posColumn = 18}, spanEnd = SourcePos {posLine = 152, posColumn = 19}}, locValue = TokenDelimiter DelimRightParen},Located {locSpan = SourceSpan {spanFilename = \"<input>\", spanStart = SourcePos {posLine = 152, posColumn = 19}, spanEnd = SourcePos {posLine = 152, posColumn = 20}}, locValue = TokenDelimiter DelimColon},Located {locSpan = SourceSpan {spanFilename = \"<input>\", spanStart = SourcePos {posLine = 152, posColumn = 1}, spanEnd = SourcePos {posLine = 153, posColumn = 1}}, locValue = TokenNewline},Located {locSpan = SourceSpan {spanFilename = \"<input>\", spanStart = SourcePos {posLine = 153, posColumn = 1}, spanEnd = SourcePos {posLine = 153, posColumn = 5}}, locValue = TokenIndent 4},Located {locSpan = SourceSpan {spanFilename = \"<input>\", spanStart = SourcePos {posLine = 153, posColumn = 5}, spanEnd = SourcePos {posLine = 153, posColumn = 33}}, locValue = TokenComment \"# Function 38 implementation\"},Located {locSpan = SourceSpan {spanFilename = \"<input>\", spanStart = SourcePos {posLine = 153, posColumn = 1}, spanEnd = SourcePos {posLine = 154, posColumn = 1}}, locValue = TokenNewline},Located {locSpan = SourceSpan {spanFilename = \"<input>\", spanStart = SourcePos {posLine = 154, posColumn = 5}, spanEnd = SourcePos {posLine = 154, posColumn = 11}}, locValue = TokenIdent \"result\"},Located {locSpan = SourceSpan {spanFilename = \"<input>\", spanStart = SourcePos {posLine = 154, posColumn = 12}, spanEnd = SourcePos {posLine = 154, posColumn = 13}}, locValue = TokenOperator OpAssign},Located {locSpan = SourceSpan {spanFilename = \"<input>\", spanStart = SourcePos {posLine = 154, posColumn = 14}, spanEnd = SourcePos {posLine = 154, posColumn = 15}}, locValue = TokenIdent \"x\"},Located {locSpan = SourceSpan {spanFilename = \"<input>\", spanStart = SourcePos {posLine = 154, posColumn = 16}, spanEnd = SourcePos {posLine = 154, posColumn = 17}}, locValue = TokenOperator OpMult},Located {locSpan = SourceSpan {spanFilename = \"<input>\", spanStart = SourcePos {posLine = 154, posColumn = 18}, spanEnd = SourcePos {posLine = 154, posColumn = 20}}, locValue = TokenNumber \"38\" False},Located {locSpan = SourceSpan {spanFilename = \"<input>\", spanStart = SourcePos {posLine = 154, posColumn = 21}, spanEnd = SourcePos {posLine = 154, posColumn = 22}}, locValue = TokenOperator OpPlus},Located {locSpan = SourceSpan {spanFilename = \"<input>\", spanStart = SourcePos {posLine = 154, posColumn = 23}, spanEnd = SourcePos {posLine = 154, posColumn = 27}}, locValue = TokenIdent \"math\"},Located {locSpan = SourceSpan {spanFilename = \"<input>\", spanStart = SourcePos {posLine = 154, posColumn = 27}, spanEnd = SourcePos {posLine = 154, posColumn = 28}}, locValue = TokenDelimiter DelimDot},Located {locSpan = SourceSpan {spanFilename = \"<input>\", spanStart = SourcePos {posLine = 154, posColumn = 28}, spanEnd = SourcePos {posLine = 154, posColumn = 32}}, locValue = TokenIdent \"sqrt\"},Located {locSpan = SourceSpan {spanFilename = \"<input>\", spanStart = SourcePos {posLine = 154, posColumn = 32}, spanEnd = SourcePos {posLine = 154, posColumn = 33}}, locValue = TokenDelimiter DelimLeftParen},Located {locSpan = SourceSpan {spanFilename = \"<input>\", spanStart = SourcePos {posLine = 154, posColumn = 33}, spanEnd = SourcePos {posLine = 154, posColumn = 35}}, locValue = TokenNumber \"38\" False},Located {locSpan = SourceSpan {spanFilename = \"<input>\", spanStart = SourcePos {posLine = 154, posColumn = 35}, spanEnd = SourcePos {posLine = 154, posColumn = 36}}, locValue = TokenDelimiter DelimRightParen},Located {locSpan = SourceSpan {spanFilename = \"<input>\", spanStart = SourcePos {posLine = 154, posColumn = 1}, spanEnd = SourcePos {posLine = 155, posColumn = 1}}, locValue = TokenNewline},Located {locSpan = SourceSpan {spanFilename = \"<input>\", spanStart = SourcePos {posLine = 155, posColumn = 5}, spanEnd = SourcePos {posLine = 155, posColumn = 11}}, locValue = TokenKeyword KwReturn},Located {locSpan = SourceSpan {spanFilename = \"<input>\", spanStart = SourcePos {posLine = 155, posColumn = 12}, spanEnd = SourcePos {posLine = 155, posColumn = 18}}, locValue = TokenIdent \"result\"},Located {locSpan = SourceSpan {spanFilename = \"<input>\", spanStart = SourcePos {posLine = 155, posColumn = 1}, spanEnd = SourcePos {posLine = 156, posColumn = 1}}, locValue = TokenNewline},Located {locSpan = SourceSpan {spanFilename = \"<input>\", spanStart = SourcePos {posLine = 156, posColumn = 1}, spanEnd = SourcePos {posLine = 156, posColumn = 1}}, locValue = TokenDedent 4},Located {locSpan = SourceSpan {spanFilename = \"<input>\", spanStart = SourcePos {posLine = 156, posColumn = 1}, spanEnd = SourcePos {posLine = 156, posColumn = 4}}, locValue = TokenKeyword KwDef},Located {locSpan = SourceSpan {spanFilename = \"<input>\", spanStart = SourcePos {posLine = 156, posColumn = 5}, spanEnd = SourcePos {posLine = 156, posColumn = 16}}, locValue = TokenIdent \"function_39\"},Located {locSpan = SourceSpan {spanFilename = \"<input>\", spanStart = SourcePos {posLine = 156, posColumn = 16}, spanEnd = SourcePos {posLine = 156, posColumn = 17}}, locValue = TokenDelimiter DelimLeftParen},Located {locSpan = SourceSpan {spanFilename = \"<input>\", spanStart = SourcePos {posLine = 156, posColumn = 17}, spanEnd = SourcePos {posLine = 156, posColumn = 18}}, locValue = TokenIdent \"x\"},Located {locSpan = SourceSpan {spanFilename = \"<input>\", spanStart = SourcePos {posLine = 156, posColumn = 18}, spanEnd = SourcePos {posLine = 156, posColumn = 19}}, locValue = TokenDelimiter DelimRightParen},Located {locSpan = SourceSpan {spanFilename = \"<input>\", spanStart = SourcePos {posLine = 156, posColumn = 19}, spanEnd = SourcePos {posLine = 156, posColumn = 20}}, locValue = TokenDelimiter DelimColon},Located {locSpan = SourceSpan {spanFilename = \"<input>\", spanStart = SourcePos {posLine = 156, posColumn = 1}, spanEnd = SourcePos {posLine = 157, posColumn = 1}}, locValue = TokenNewline},Located {locSpan = SourceSpan {spanFilename = \"<input>\", spanStart = SourcePos {posLine = 157, posColumn = 1}, spanEnd = SourcePos {posLine = 157, posColumn = 5}}, locValue = TokenIndent 4},Located {locSpan = SourceSpan {spanFilename = \"<input>\", spanStart = SourcePos {posLine = 157, posColumn = 5}, spanEnd = SourcePos {posLine = 157, posColumn = 33}}, locValue = TokenComment \"# Function 39 implementation\"},Located {locSpan = SourceSpan {spanFilename = \"<input>\", spanStart = SourcePos {posLine = 157, posColumn = 1}, spanEnd = SourcePos {posLine = 158, posColumn = 1}}, locValue = TokenNewline},Located {locSpan = SourceSpan {spanFilename = \"<input>\", spanStart = SourcePos {posLine = 158, posColumn = 5}, spanEnd = SourcePos {posLine = 158, posColumn = 11}}, locValue = TokenIdent \"result\"},Located {locSpan = SourceSpan {spanFilename = \"<input>\", spanStart = SourcePos {posLine = 158, posColumn = 12}, spanEnd = SourcePos {posLine = 158, posColumn = 13}}, locValue = TokenOperator OpAssign},Located {locSpan = SourceSpan {spanFilename = \"<input>\", spanStart = SourcePos {posLine = 158, posColumn = 14}, spanEnd = SourcePos {posLine = 158, posColumn = 15}}, locValue = TokenIdent \"x\"},Located {locSpan = SourceSpan {spanFilename = \"<input>\", spanStart = SourcePos {posLine = 158, posColumn = 16}, spanEnd = SourcePos {posLine = 158, posColumn = 17}}, locValue = TokenOperator OpMult},Located {locSpan = SourceSpan {spanFilename = \"<input>\", spanStart = SourcePos {posLine = 158, posColumn = 18}, spanEnd = SourcePos {posLine = 158, posColumn = 20}}, locValue = TokenNumber \"39\" False},Located {locSpan = SourceSpan {spanFilename = \"<input>\", spanStart = SourcePos {posLine = 158, posColumn = 21}, spanEnd = SourcePos {posLine = 158, posColumn = 22}}, locValue = TokenOperator OpPlus},Located {locSpan = SourceSpan {spanFilename = \"<input>\", spanStart = SourcePos {posLine = 158, posColumn = 23}, spanEnd = SourcePos {posLine = 158, posColumn = 27}}, locValue = TokenIdent \"math\"},Located {locSpan = SourceSpan {spanFilename = \"<input>\", spanStart = SourcePos {posLine = 158, posColumn = 27}, spanEnd = SourcePos {posLine = 158, posColumn = 28}}, locValue = TokenDelimiter DelimDot},Located {locSpan = SourceSpan {spanFilename = \"<input>\", spanStart = SourcePos {posLine = 158, posColumn = 28}, spanEnd = SourcePos {posLine = 158, posColumn = 32}}, locValue = TokenIdent \"sqrt\"},Located {locSpan = SourceSpan {spanFilename = \"<input>\", spanStart = SourcePos {posLine = 158, posColumn = 32}, spanEnd = SourcePos {posLine = 158, posColumn = 33}}, locValue = TokenDelimiter DelimLeftParen},Located {locSpan = SourceSpan {spanFilename = \"<input>\", spanStart = SourcePos {posLine = 158, posColumn = 33}, spanEnd = SourcePos {posLine = 158, posColumn = 35}}, locValue = TokenNumber \"39\" False},Located {locSpan = SourceSpan {spanFilename = \"<input>\", spanStart = SourcePos {posLine = 158, posColumn = 35}, spanEnd = SourcePos {posLine = 158, posColumn = 36}}, locValue = TokenDelimiter DelimRightParen},Located {locSpan = SourceSpan {spanFilename = \"<input>\", spanStart = SourcePos {posLine = 158, posColumn = 1}, spanEnd = SourcePos {posLine = 159, posColumn = 1}}, locValue = TokenNewline},Located {locSpan = SourceSpan {spanFilename = \"<input>\", spanStart = SourcePos {posLine = 159, posColumn = 5}, spanEnd = SourcePos {posLine = 159, posColumn = 11}}, locValue = TokenKeyword KwReturn},Located {locSpan = SourceSpan {spanFilename = \"<input>\", spanStart = SourcePos {posLine = 159, posColumn = 12}, spanEnd = SourcePos {posLine = 159, posColumn = 18}}, locValue = TokenIdent \"result\"},Located {locSpan = SourceSpan {spanFilename = \"<input>\", spanStart = SourcePos {posLine = 159, posColumn = 1}, spanEnd = SourcePos {posLine = 160, posColumn = 1}}, locValue = TokenNewline},Located {locSpan = SourceSpan {spanFilename = \"<input>\", spanStart = SourcePos {posLine = 160, posColumn = 1}, spanEnd = SourcePos {posLine = 160, posColumn = 1}}, locValue = TokenDedent 4},Located {locSpan = SourceSpan {spanFilename = \"<input>\", spanStart = SourcePos {posLine = 160, posColumn = 1}, spanEnd = SourcePos {posLine = 160, posColumn = 4}}, locValue = TokenKeyword KwDef},Located {locSpan = SourceSpan {spanFilename = \"<input>\", spanStart = SourcePos {posLine = 160, posColumn = 5}, spanEnd = SourcePos {posLine = 160, posColumn = 16}}, locValue = TokenIdent \"function_40\"},Located {locSpan = SourceSpan {spanFilename = \"<input>\", spanStart = SourcePos {posLine = 160, posColumn = 16}, spanEnd = SourcePos {posLine = 160, posColumn = 17}}, locValue = TokenDelimiter DelimLeftParen},Located {locSpan = SourceSpan {spanFilename = \"<input>\", spanStart = SourcePos {posLine = 160, posColumn = 17}, spanEnd = SourcePos {posLine = 160, posColumn = 18}}, locValue = TokenIdent \"x\"},Located {locSpan = SourceSpan {spanFilename = \"<input>\", spanStart = SourcePos {posLine = 160, posColumn = 18}, spanEnd = SourcePos {posLine = 160, posColumn = 19}}, locValue = TokenDelimiter DelimRightParen},Located {locSpan = SourceSpan {spanFilename = \"<input>\", spanStart = SourcePos {posLine = 160, posColumn = 19}, spanEnd = SourcePos {posLine = 160, posColumn = 20}}, locValue = TokenDelimiter DelimColon},Located {locSpan = SourceSpan {spanFilename = \"<input>\", spanStart = SourcePos {posLine = 160, posColumn = 1}, spanEnd = SourcePos {posLine = 161, posColumn = 1}}, locValue = TokenNewline},Located {locSpan = SourceSpan {spanFilename = \"<input>\", spanStart = SourcePos {posLine = 161, posColumn = 1}, spanEnd = SourcePos {posLine = 161, posColumn = 5}}, locValue = TokenIndent 4},Located {locSpan = SourceSpan {spanFilename = \"<input>\", spanStart = SourcePos {posLine = 161, posColumn = 5}, spanEnd = SourcePos {posLine = 161, posColumn = 33}}, locValue = TokenComment \"# Function 40 implementation\"},Located {locSpan = SourceSpan {spanFilename = \"<input>\", spanStart = SourcePos {posLine = 161, posColumn = 1}, spanEnd = SourcePos {posLine = 162, posColumn = 1}}, locValue = TokenNewline},Located {locSpan = SourceSpan {spanFilename = \"<input>\", spanStart = SourcePos {posLine = 162, posColumn = 5}, spanEnd = SourcePos {posLine = 162, posColumn = 11}}, locValue = TokenIdent \"result\"},Located {locSpan = SourceSpan {spanFilename = \"<input>\", spanStart = SourcePos {posLine = 162, posColumn = 12}, spanEnd = SourcePos {posLine = 162, posColumn = 13}}, locValue = TokenOperator OpAssign},Located {locSpan = SourceSpan {spanFilename = \"<input>\", spanStart = SourcePos {posLine = 162, posColumn = 14}, spanEnd = SourcePos {posLine = 162, posColumn = 15}}, locValue = TokenIdent \"x\"},Located {locSpan = SourceSpan {spanFilename = \"<input>\", spanStart = SourcePos {posLine = 162, posColumn = 16}, spanEnd = SourcePos {posLine = 162, posColumn = 17}}, locValue = TokenOperator OpMult},Located {locSpan = SourceSpan {spanFilename = \"<input>\", spanStart = SourcePos {posLine = 162, posColumn = 18}, spanEnd = SourcePos {posLine = 162, posColumn = 20}}, locValue = TokenNumber \"40\" False},Located {locSpan = SourceSpan {spanFilename = \"<input>\", spanStart = SourcePos {posLine = 162, posColumn = 21}, spanEnd = SourcePos {posLine = 162, posColumn = 22}}, locValue = TokenOperator OpPlus},Located {locSpan = SourceSpan {spanFilename = \"<input>\", spanStart = SourcePos {posLine = 162, posColumn = 23}, spanEnd = SourcePos {posLine = 162, posColumn = 27}}, locValue = TokenIdent \"math\"},Located {locSpan = SourceSpan {spanFilename = \"<input>\", spanStart = SourcePos {posLine = 162, posColumn = 27}, spanEnd = SourcePos {posLine = 162, posColumn = 28}}, locValue = TokenDelimiter DelimDot},Located {locSpan = SourceSpan {spanFilename = \"<input>\", spanStart = SourcePos {posLine = 162, posColumn = 28}, spanEnd = SourcePos {posLine = 162, posColumn = 32}}, locValue = TokenIdent \"sqrt\"},Located {locSpan = SourceSpan {spanFilename = \"<input>\", spanStart = SourcePos {posLine = 162, posColumn = 32}, spanEnd = SourcePos {posLine = 162, posColumn = 33}}, locValue = TokenDelimiter DelimLeftParen},Located {locSpan = SourceSpan {spanFilename = \"<input>\", spanStart = SourcePos {posLine = 162, posColumn = 33}, spanEnd = SourcePos {posLine = 162, posColumn = 35}}, locValue = TokenNumber \"40\" False},Located {locSpan = SourceSpan {spanFilename = \"<input>\", spanStart = SourcePos {posLine = 162, posColumn = 35}, spanEnd = SourcePos {posLine = 162, posColumn = 36}}, locValue = TokenDelimiter DelimRightParen},Located {locSpan = SourceSpan {spanFilename = \"<input>\", spanStart = SourcePos {posLine = 162, posColumn = 1}, spanEnd = SourcePos {posLine = 163, posColumn = 1}}, locValue = TokenNewline},Located {locSpan = SourceSpan {spanFilename = \"<input>\", spanStart = SourcePos {posLine = 163, posColumn = 5}, spanEnd = SourcePos {posLine = 163, posColumn = 11}}, locValue = TokenKeyword KwReturn},Located {locSpan = SourceSpan {spanFilename = \"<input>\", spanStart = SourcePos {posLine = 163, posColumn = 12}, spanEnd = SourcePos {posLine = 163, posColumn = 18}}, locValue = TokenIdent \"result\"},Located {locSpan = SourceSpan {spanFilename = \"<input>\", spanStart = SourcePos {posLine = 163, posColumn = 1}, spanEnd = SourcePos {posLine = 164, posColumn = 1}}, locValue = TokenNewline},Located {locSpan = SourceSpan {spanFilename = \"<input>\", spanStart = SourcePos {posLine = 164, posColumn = 1}, spanEnd = SourcePos {posLine = 164, posColumn = 1}}, locValue = TokenDedent 4},Located {locSpan = SourceSpan {spanFilename = \"<input>\", spanStart = SourcePos {posLine = 164, posColumn = 1}, spanEnd = SourcePos {posLine = 164, posColumn = 4}}, locValue = TokenKeyword KwDef},Located {locSpan = SourceSpan {spanFilename = \"<input>\", spanStart = SourcePos {posLine = 164, posColumn = 5}, spanEnd = SourcePos {posLine = 164, posColumn = 16}}, locValue = TokenIdent \"function_41\"},Located {locSpan = SourceSpan {spanFilename = \"<input>\", spanStart = SourcePos {posLine = 164, posColumn = 16}, spanEnd = SourcePos {posLine = 164, posColumn = 17}}, locValue = TokenDelimiter DelimLeftParen},Located {locSpan = SourceSpan {spanFilename = \"<input>\", spanStart = SourcePos {posLine = 164, posColumn = 17}, spanEnd = SourcePos {posLine = 164, posColumn = 18}}, locValue = TokenIdent \"x\"},Located {locSpan = SourceSpan {spanFilename = \"<input>\", spanStart = SourcePos {posLine = 164, posColumn = 18}, spanEnd = SourcePos {posLine = 164, posColumn = 19}}, locValue = TokenDelimiter DelimRightParen},Located {locSpan = SourceSpan {spanFilename = \"<input>\", spanStart = SourcePos {posLine = 164, posColumn = 19}, spanEnd = SourcePos {posLine = 164, posColumn = 20}}, locValue = TokenDelimiter DelimColon},Located {locSpan = SourceSpan {spanFilename = \"<input>\", spanStart = SourcePos {posLine = 164, posColumn = 1}, spanEnd = SourcePos {posLine = 165, posColumn = 1}}, locValue = TokenNewline},Located {locSpan = SourceSpan {spanFilename = \"<input>\", spanStart = SourcePos {posLine = 165, posColumn = 1}, spanEnd = SourcePos {posLine = 165, posColumn = 5}}, locValue = TokenIndent 4},Located {locSpan = SourceSpan {spanFilename = \"<input>\", spanStart = SourcePos {posLine = 165, posColumn = 5}, spanEnd = SourcePos {posLine = 165, posColumn = 33}}, locValue = TokenComment \"# Function 41 implementation\"},Located {locSpan = SourceSpan {spanFilename = \"<input>\", spanStart = SourcePos {posLine = 165, posColumn = 1}, spanEnd = SourcePos {posLine = 166, posColumn = 1}}, locValue = TokenNewline},Located {locSpan = SourceSpan {spanFilename = \"<input>\", spanStart = SourcePos {posLine = 166, posColumn = 5}, spanEnd = SourcePos {posLine = 166, posColumn = 11}}, locValue = TokenIdent \"result\"},Located {locSpan = SourceSpan {spanFilename = \"<input>\", spanStart = SourcePos {posLine = 166, posColumn = 12}, spanEnd = SourcePos {posLine = 166, posColumn = 13}}, locValue = TokenOperator OpAssign},Located {locSpan = SourceSpan {spanFilename = \"<input>\", spanStart = SourcePos {posLine = 166, posColumn = 14}, spanEnd = SourcePos {posLine = 166, posColumn = 15}}, locValue = TokenIdent \"x\"},Located {locSpan = SourceSpan {spanFilename = \"<input>\", spanStart = SourcePos {posLine = 166, posColumn = 16}, spanEnd = SourcePos {posLine = 166, posColumn = 17}}, locValue = TokenOperator OpMult},Located {locSpan = SourceSpan {spanFilename = \"<input>\", spanStart = SourcePos {posLine = 166, posColumn = 18}, spanEnd = SourcePos {posLine = 166, posColumn = 20}}, locValue = TokenNumber \"41\" False},Located {locSpan = SourceSpan {spanFilename = \"<input>\", spanStart = SourcePos {posLine = 166, posColumn = 21}, spanEnd = SourcePos {posLine = 166, posColumn = 22}}, locValue = TokenOperator OpPlus},Located {locSpan = SourceSpan {spanFilename = \"<input>\", spanStart = SourcePos {posLine = 166, posColumn = 23}, spanEnd = SourcePos {posLine = 166, posColumn = 27}}, locValue = TokenIdent \"math\"},Located {locSpan = SourceSpan {spanFilename = \"<input>\", spanStart = SourcePos {posLine = 166, posColumn = 27}, spanEnd = SourcePos {posLine = 166, posColumn = 28}}, locValue = TokenDelimiter DelimDot},Located {locSpan = SourceSpan {spanFilename = \"<input>\", spanStart = SourcePos {posLine = 166, posColumn = 28}, spanEnd = SourcePos {posLine = 166, posColumn = 32}}, locValue = TokenIdent \"sqrt\"},Located {locSpan = SourceSpan {spanFilename = \"<input>\", spanStart = SourcePos {posLine = 166, posColumn = 32}, spanEnd = SourcePos {posLine = 166, posColumn = 33}}, locValue = TokenDelimiter DelimLeftParen},Located {locSpan = SourceSpan {spanFilename = \"<input>\", spanStart = SourcePos {posLine = 166, posColumn = 33}, spanEnd = SourcePos {posLine = 166, posColumn = 35}}, locValue = TokenNumber \"41\" False},Located {locSpan = SourceSpan {spanFilename = \"<input>\", spanStart = SourcePos {posLine = 166, posColumn = 35}, spanEnd = SourcePos {posLine = 166, posColumn = 36}}, locValue = TokenDelimiter DelimRightParen},Located {locSpan = SourceSpan {spanFilename = \"<input>\", spanStart = SourcePos {posLine = 166, posColumn = 1}, spanEnd = SourcePos {posLine = 167, posColumn = 1}}, locValue = TokenNewline},Located {locSpan = SourceSpan {spanFilename = \"<input>\", spanStart = SourcePos {posLine = 167, posColumn = 5}, spanEnd = SourcePos {posLine = 167, posColumn = 11}}, locValue = TokenKeyword KwReturn},Located {locSpan = SourceSpan {spanFilename = \"<input>\", spanStart = SourcePos {posLine = 167, posColumn = 12}, spanEnd = SourcePos {posLine = 167, posColumn = 18}}, locValue = TokenIdent \"result\"},Located {locSpan = SourceSpan {spanFilename = \"<input>\", spanStart = SourcePos {posLine = 167, posColumn = 1}, spanEnd = SourcePos {posLine = 168, posColumn = 1}}, locValue = TokenNewline},Located {locSpan = SourceSpan {spanFilename = \"<input>\", spanStart = SourcePos {posLine = 168, posColumn = 1}, spanEnd = SourcePos {posLine = 168, posColumn = 1}}, locValue = TokenDedent 4},Located {locSpan = SourceSpan {spanFilename = \"<input>\", spanStart = SourcePos {posLine = 168, posColumn = 1}, spanEnd = SourcePos {posLine = 168, posColumn = 4}}, locValue = TokenKeyword KwDef},Located {locSpan = SourceSpan {spanFilename = \"<input>\", spanStart = SourcePos {posLine = 168, posColumn = 5}, spanEnd = SourcePos {posLine = 168, posColumn = 16}}, locValue = TokenIdent \"function_42\"},Located {locSpan = SourceSpan {spanFilename = \"<input>\", spanStart = SourcePos {posLine = 168, posColumn = 16}, spanEnd = SourcePos {posLine = 168, posColumn = 17}}, locValue = TokenDelimiter DelimLeftParen},Located {locSpan = SourceSpan {spanFilename = \"<input>\", spanStart = SourcePos {posLine = 168, posColumn = 17}, spanEnd = SourcePos {posLine = 168, posColumn = 18}}, locValue = TokenIdent \"x\"},Located {locSpan = SourceSpan {spanFilename = \"<input>\", spanStart = SourcePos {posLine = 168, posColumn = 18}, spanEnd = SourcePos {posLine = 168, posColumn = 19}}, locValue = TokenDelimiter DelimRightParen},Located {locSpan = SourceSpan {spanFilename = \"<input>\", spanStart = SourcePos {posLine = 168, posColumn = 19}, spanEnd = SourcePos {posLine = 168, posColumn = 20}}, locValue = TokenDelimiter DelimColon},Located {locSpan = SourceSpan {spanFilename = \"<input>\", spanStart = SourcePos {posLine = 168, posColumn = 1}, spanEnd = SourcePos {posLine = 169, posColumn = 1}}, locValue = TokenNewline},Located {locSpan = SourceSpan {spanFilename = \"<input>\", spanStart = SourcePos {posLine = 169, posColumn = 1}, spanEnd = SourcePos {posLine = 169, posColumn = 5}}, locValue = TokenIndent 4},Located {locSpan = SourceSpan {spanFilename = \"<input>\", spanStart = SourcePos {posLine = 169, posColumn = 5}, spanEnd = SourcePos {posLine = 169, posColumn = 33}}, locValue = TokenComment \"# Function 42 implementation\"},Located {locSpan = SourceSpan {spanFilename = \"<input>\", spanStart = SourcePos {posLine = 169, posColumn = 1}, spanEnd = SourcePos {posLine = 170, posColumn = 1}}, locValue = TokenNewline},Located {locSpan = SourceSpan {spanFilename = \"<input>\", spanStart = SourcePos {posLine = 170, posColumn = 5}, spanEnd = SourcePos {posLine = 170, posColumn = 11}}, locValue = TokenIdent \"result\"},Located {locSpan = SourceSpan {spanFilename = \"<input>\", spanStart = SourcePos {posLine = 170, posColumn = 12}, spanEnd = SourcePos {posLine = 170, posColumn = 13}}, locValue = TokenOperator OpAssign},Located {locSpan = SourceSpan {spanFilename = \"<input>\", spanStart = SourcePos {posLine = 170, posColumn = 14}, spanEnd = SourcePos {posLine = 170, posColumn = 15}}, locValue = TokenIdent \"x\"},Located {locSpan = SourceSpan {spanFilename = \"<input>\", spanStart = SourcePos {posLine = 170, posColumn = 16}, spanEnd = SourcePos {posLine = 170, posColumn = 17}}, locValue = TokenOperator OpMult},Located {locSpan = SourceSpan {spanFilename = \"<input>\", spanStart = SourcePos {posLine = 170, posColumn = 18}, spanEnd = SourcePos {posLine = 170, posColumn = 20}}, locValue = TokenNumber \"42\" False},Located {locSpan = SourceSpan {spanFilename = \"<input>\", spanStart = SourcePos {posLine = 170, posColumn = 21}, spanEnd = SourcePos {posLine = 170, posColumn = 22}}, locValue = TokenOperator OpPlus},Located {locSpan = SourceSpan {spanFilename = \"<input>\", spanStart = SourcePos {posLine = 170, posColumn = 23}, spanEnd = SourcePos {posLine = 170, posColumn = 27}}, locValue = TokenIdent \"math\"},Located {locSpan = SourceSpan {spanFilename = \"<input>\", spanStart = SourcePos {posLine = 170, posColumn = 27}, spanEnd = SourcePos {posLine = 170, posColumn = 28}}, locValue = TokenDelimiter DelimDot},Located {locSpan = SourceSpan {spanFilename = \"<input>\", spanStart = SourcePos {posLine = 170, posColumn = 28}, spanEnd = SourcePos {posLine = 170, posColumn = 32}}, locValue = TokenIdent \"sqrt\"},Located {locSpan = SourceSpan {spanFilename = \"<input>\", spanStart = SourcePos {posLine = 170, posColumn = 32}, spanEnd = SourcePos {posLine = 170, posColumn = 33}}, locValue = TokenDelimiter DelimLeftParen},Located {locSpan = SourceSpan {spanFilename = \"<input>\", spanStart = SourcePos {posLine = 170, posColumn = 33}, spanEnd = SourcePos {posLine = 170, posColumn = 35}}, locValue = TokenNumber \"42\" False},Located {locSpan = SourceSpan {spanFilename = \"<input>\", spanStart = SourcePos {posLine = 170, posColumn = 35}, spanEnd = SourcePos {posLine = 170, posColumn = 36}}, locValue = TokenDelimiter DelimRightParen},Located {locSpan = SourceSpan {spanFilename = \"<input>\", spanStart = SourcePos {posLine = 170, posColumn = 1}, spanEnd = SourcePos {posLine = 171, posColumn = 1}}, locValue = TokenNewline},Located {locSpan = SourceSpan {spanFilename = \"<input>\", spanStart = SourcePos {posLine = 171, posColumn = 5}, spanEnd = SourcePos {posLine = 171, posColumn = 11}}, locValue = TokenKeyword KwReturn},Located {locSpan = SourceSpan {spanFilename = \"<input>\", spanStart = SourcePos {posLine = 171, posColumn = 12}, spanEnd = SourcePos {posLine = 171, posColumn = 18}}, locValue = TokenIdent \"result\"},Located {locSpan = SourceSpan {spanFilename = \"<input>\", spanStart = SourcePos {posLine = 171, posColumn = 1}, spanEnd = SourcePos {posLine = 172, posColumn = 1}}, locValue = TokenNewline},Located {locSpan = SourceSpan {spanFilename = \"<input>\", spanStart = SourcePos {posLine = 172, posColumn = 1}, spanEnd = SourcePos {posLine = 172, posColumn = 1}}, locValue = TokenDedent 4},Located {locSpan = SourceSpan {spanFilename = \"<input>\", spanStart = SourcePos {posLine = 172, posColumn = 1}, spanEnd = SourcePos {posLine = 172, posColumn = 4}}, locValue = TokenKeyword KwDef},Located {locSpan = SourceSpan {spanFilename = \"<input>\", spanStart = SourcePos {posLine = 172, posColumn = 5}, spanEnd = SourcePos {posLine = 172, posColumn = 16}}, locValue = TokenIdent \"function_43\"},Located {locSpan = SourceSpan {spanFilename = \"<input>\", spanStart = SourcePos {posLine = 172, posColumn = 16}, spanEnd = SourcePos {posLine = 172, posColumn = 17}}, locValue = TokenDelimiter DelimLeftParen},Located {locSpan = SourceSpan {spanFilename = \"<input>\", spanStart = SourcePos {posLine = 172, posColumn = 17}, spanEnd = SourcePos {posLine = 172, posColumn = 18}}, locValue = TokenIdent \"x\"},Located {locSpan = SourceSpan {spanFilename = \"<input>\", spanStart = SourcePos {posLine = 172, posColumn = 18}, spanEnd = SourcePos {posLine = 172, posColumn = 19}}, locValue = TokenDelimiter DelimRightParen},Located {locSpan = SourceSpan {spanFilename = \"<input>\", spanStart = SourcePos {posLine = 172, posColumn = 19}, spanEnd = SourcePos {posLine = 172, posColumn = 20}}, locValue = TokenDelimiter DelimColon},Located {locSpan = SourceSpan {spanFilename = \"<input>\", spanStart = SourcePos {posLine = 172, posColumn = 1}, spanEnd = SourcePos {posLine = 173, posColumn = 1}}, locValue = TokenNewline},Located {locSpan = SourceSpan {spanFilename = \"<input>\", spanStart = SourcePos {posLine = 173, posColumn = 1}, spanEnd = SourcePos {posLine = 173, posColumn = 5}}, locValue = TokenIndent 4},Located {locSpan = SourceSpan {spanFilename = \"<input>\", spanStart = SourcePos {posLine = 173, posColumn = 5}, spanEnd = SourcePos {posLine = 173, posColumn = 33}}, locValue = TokenComment \"# Function 43 implementation\"},Located {locSpan = SourceSpan {spanFilename = \"<input>\", spanStart = SourcePos {posLine = 173, posColumn = 1}, spanEnd = SourcePos {posLine = 174, posColumn = 1}}, locValue = TokenNewline},Located {locSpan = SourceSpan {spanFilename = \"<input>\", spanStart = SourcePos {posLine = 174, posColumn = 5}, spanEnd = SourcePos {posLine = 174, posColumn = 11}}, locValue = TokenIdent \"result\"},Located {locSpan = SourceSpan {spanFilename = \"<input>\", spanStart = SourcePos {posLine = 174, posColumn = 12}, spanEnd = SourcePos {posLine = 174, posColumn = 13}}, locValue = TokenOperator OpAssign},Located {locSpan = SourceSpan {spanFilename = \"<input>\", spanStart = SourcePos {posLine = 174, posColumn = 14}, spanEnd = SourcePos {posLine = 174, posColumn = 15}}, locValue = TokenIdent \"x\"},Located {locSpan = SourceSpan {spanFilename = \"<input>\", spanStart = SourcePos {posLine = 174, posColumn = 16}, spanEnd = SourcePos {posLine = 174, posColumn = 17}}, locValue = TokenOperator OpMult},Located {locSpan = SourceSpan {spanFilename = \"<input>\", spanStart = SourcePos {posLine = 174, posColumn = 18}, spanEnd = SourcePos {posLine = 174, posColumn = 20}}, locValue = TokenNumber \"43\" False},Located {locSpan = SourceSpan {spanFilename = \"<input>\", spanStart = SourcePos {posLine = 174, posColumn = 21}, spanEnd = SourcePos {posLine = 174, posColumn = 22}}, locValue = TokenOperator OpPlus},Located {locSpan = SourceSpan {spanFilename = \"<input>\", spanStart = SourcePos {posLine = 174, posColumn = 23}, spanEnd = SourcePos {posLine = 174, posColumn = 27}}, locValue = TokenIdent \"math\"},Located {locSpan = SourceSpan {spanFilename = \"<input>\", spanStart = SourcePos {posLine = 174, posColumn = 27}, spanEnd = SourcePos {posLine = 174, posColumn = 28}}, locValue = TokenDelimiter DelimDot},Located {locSpan = SourceSpan {spanFilename = \"<input>\", spanStart = SourcePos {posLine = 174, posColumn = 28}, spanEnd = SourcePos {posLine = 174, posColumn = 32}}, locValue = TokenIdent \"sqrt\"},Located {locSpan = SourceSpan {spanFilename = \"<input>\", spanStart = SourcePos {posLine = 174, posColumn = 32}, spanEnd = SourcePos {posLine = 174, posColumn = 33}}, locValue = TokenDelimiter DelimLeftParen},Located {locSpan = SourceSpan {spanFilename = \"<input>\", spanStart = SourcePos {posLine = 174, posColumn = 33}, spanEnd = SourcePos {posLine = 174, posColumn = 35}}, locValue = TokenNumber \"43\" False},Located {locSpan = SourceSpan {spanFilename = \"<input>\", spanStart = SourcePos {posLine = 174, posColumn = 35}, spanEnd = SourcePos {posLine = 174, posColumn = 36}}, locValue = TokenDelimiter DelimRightParen},Located {locSpan = SourceSpan {spanFilename = \"<input>\", spanStart = SourcePos {posLine = 174, posColumn = 1}, spanEnd = SourcePos {posLine = 175, posColumn = 1}}, locValue = TokenNewline},Located {locSpan = SourceSpan {spanFilename = \"<input>\", spanStart = SourcePos {posLine = 175, posColumn = 5}, spanEnd = SourcePos {posLine = 175, posColumn = 11}}, locValue = TokenKeyword KwReturn},Located {locSpan = SourceSpan {spanFilename = \"<input>\", spanStart = SourcePos {posLine = 175, posColumn = 12}, spanEnd = SourcePos {posLine = 175, posColumn = 18}}, locValue = TokenIdent \"result\"},Located {locSpan = SourceSpan {spanFilename = \"<input>\", spanStart = SourcePos {posLine = 175, posColumn = 1}, spanEnd = SourcePos {posLine = 176, posColumn = 1}}, locValue = TokenNewline},Located {locSpan = SourceSpan {spanFilename = \"<input>\", spanStart = SourcePos {posLine = 176, posColumn = 1}, spanEnd = SourcePos {posLine = 176, posColumn = 1}}, locValue = TokenDedent 4},Located {locSpan = SourceSpan {spanFilename = \"<input>\", spanStart = SourcePos {posLine = 176, posColumn = 1}, spanEnd = SourcePos {posLine = 176, posColumn = 4}}, locValue = TokenKeyword KwDef},Located {locSpan = SourceSpan {spanFilename = \"<input>\", spanStart = SourcePos {posLine = 176, posColumn = 5}, spanEnd = SourcePos {posLine = 176, posColumn = 16}}, locValue = TokenIdent \"function_44\"},Located {locSpan = SourceSpan {spanFilename = \"<input>\", spanStart = SourcePos {posLine = 176, posColumn = 16}, spanEnd = SourcePos {posLine = 176, posColumn = 17}}, locValue = TokenDelimiter DelimLeftParen},Located {locSpan = SourceSpan {spanFilename = \"<input>\", spanStart = SourcePos {posLine = 176, posColumn = 17}, spanEnd = SourcePos {posLine = 176, posColumn = 18}}, locValue = TokenIdent \"x\"},Located {locSpan = SourceSpan {spanFilename = \"<input>\", spanStart = SourcePos {posLine = 176, posColumn = 18}, spanEnd = SourcePos {posLine = 176, posColumn = 19}}, locValue = TokenDelimiter DelimRightParen},Located {locSpan = SourceSpan {spanFilename = \"<input>\", spanStart = SourcePos {posLine = 176, posColumn = 19}, spanEnd = SourcePos {posLine = 176, posColumn = 20}}, locValue = TokenDelimiter DelimColon},Located {locSpan = SourceSpan {spanFilename = \"<input>\", spanStart = SourcePos {posLine = 176, posColumn = 1}, spanEnd = SourcePos {posLine = 177, posColumn = 1}}, locValue = TokenNewline},Located {locSpan = SourceSpan {spanFilename = \"<input>\", spanStart = SourcePos {posLine = 177, posColumn = 1}, spanEnd = SourcePos {posLine = 177, posColumn = 5}}, locValue = TokenIndent 4},Located {locSpan = SourceSpan {spanFilename = \"<input>\", spanStart = SourcePos {posLine = 177, posColumn = 5}, spanEnd = SourcePos {posLine = 177, posColumn = 33}}, locValue = TokenComment \"# Function 44 implementation\"},Located {locSpan = SourceSpan {spanFilename = \"<input>\", spanStart = SourcePos {posLine = 177, posColumn = 1}, spanEnd = SourcePos {posLine = 178, posColumn = 1}}, locValue = TokenNewline},Located {locSpan = SourceSpan {spanFilename = \"<input>\", spanStart = SourcePos {posLine = 178, posColumn = 5}, spanEnd = SourcePos {posLine = 178, posColumn = 11}}, locValue = TokenIdent \"result\"},Located {locSpan = SourceSpan {spanFilename = \"<input>\", spanStart = SourcePos {posLine = 178, posColumn = 12}, spanEnd = SourcePos {posLine = 178, posColumn = 13}}, locValue = TokenOperator OpAssign},Located {locSpan = SourceSpan {spanFilename = \"<input>\", spanStart = SourcePos {posLine = 178, posColumn = 14}, spanEnd = SourcePos {posLine = 178, posColumn = 15}}, locValue = TokenIdent \"x\"},Located {locSpan = SourceSpan {spanFilename = \"<input>\", spanStart = SourcePos {posLine = 178, posColumn = 16}, spanEnd = SourcePos {posLine = 178, posColumn = 17}}, locValue = TokenOperator OpMult},Located {locSpan = SourceSpan {spanFilename = \"<input>\", spanStart = SourcePos {posLine = 178, posColumn = 18}, spanEnd = SourcePos {posLine = 178, posColumn = 20}}, locValue = TokenNumber \"44\" False},Located {locSpan = SourceSpan {spanFilename = \"<input>\", spanStart = SourcePos {posLine = 178, posColumn = 21}, spanEnd = SourcePos {posLine = 178, posColumn = 22}}, locValue = TokenOperator OpPlus},Located {locSpan = SourceSpan {spanFilename = \"<input>\", spanStart = SourcePos {posLine = 178, posColumn = 23}, spanEnd = SourcePos {posLine = 178, posColumn = 27}}, locValue = TokenIdent \"math\"},Located {locSpan = SourceSpan {spanFilename = \"<input>\", spanStart = SourcePos {posLine = 178, posColumn = 27}, spanEnd = SourcePos {posLine = 178, posColumn = 28}}, locValue = TokenDelimiter DelimDot},Located {locSpan = SourceSpan {spanFilename = \"<input>\", spanStart = SourcePos {posLine = 178, posColumn = 28}, spanEnd = SourcePos {posLine = 178, posColumn = 32}}, locValue = TokenIdent \"sqrt\"},Located {locSpan = SourceSpan {spanFilename = \"<input>\", spanStart = SourcePos {posLine = 178, posColumn = 32}, spanEnd = SourcePos {posLine = 178, posColumn = 33}}, locValue = TokenDelimiter DelimLeftParen},Located {locSpan = SourceSpan {spanFilename = \"<input>\", spanStart = SourcePos {posLine = 178, posColumn = 33}, spanEnd = SourcePos {posLine = 178, posColumn = 35}}, locValue = TokenNumber \"44\" False},Located {locSpan = SourceSpan {spanFilename = \"<input>\", spanStart = SourcePos {posLine = 178, posColumn = 35}, spanEnd = SourcePos {posLine = 178, posColumn = 36}}, locValue = TokenDelimiter DelimRightParen},Located {locSpan = SourceSpan {spanFilename = \"<input>\", spanStart = SourcePos {posLine = 178, posColumn = 1}, spanEnd = SourcePos {posLine = 179, posColumn = 1}}, locValue = TokenNewline},Located {locSpan = SourceSpan {spanFilename = \"<input>\", spanStart = SourcePos {posLine = 179, posColumn = 5}, spanEnd = SourcePos {posLine = 179, posColumn = 11}}, locValue = TokenKeyword KwReturn},Located {locSpan = SourceSpan {spanFilename = \"<input>\", spanStart = SourcePos {posLine = 179, posColumn = 12}, spanEnd = SourcePos {posLine = 179, posColumn = 18}}, locValue = TokenIdent \"result\"},Located {locSpan = SourceSpan {spanFilename = \"<input>\", spanStart = SourcePos {posLine = 179, posColumn = 1}, spanEnd = SourcePos {posLine = 180, posColumn = 1}}, locValue = TokenNewline},Located {locSpan = SourceSpan {spanFilename = \"<input>\", spanStart = SourcePos {posLine = 180, posColumn = 1}, spanEnd = SourcePos {posLine = 180, posColumn = 1}}, locValue = TokenDedent 4},Located {locSpan = SourceSpan {spanFilename = \"<input>\", spanStart = SourcePos {posLine = 180, posColumn = 1}, spanEnd = SourcePos {posLine = 180, posColumn = 4}}, locValue = TokenKeyword KwDef},Located {locSpan = SourceSpan {spanFilename = \"<input>\", spanStart = SourcePos {posLine = 180, posColumn = 5}, spanEnd = SourcePos {posLine = 180, posColumn = 16}}, locValue = TokenIdent \"function_45\"},Located {locSpan = SourceSpan {spanFilename = \"<input>\", spanStart = SourcePos {posLine = 180, posColumn = 16}, spanEnd = SourcePos {posLine = 180, posColumn = 17}}, locValue = TokenDelimiter DelimLeftParen},Located {locSpan = SourceSpan {spanFilename = \"<input>\", spanStart = SourcePos {posLine = 180, posColumn = 17}, spanEnd = SourcePos {posLine = 180, posColumn = 18}}, locValue = TokenIdent \"x\"},Located {locSpan = SourceSpan {spanFilename = \"<input>\", spanStart = SourcePos {posLine = 180, posColumn = 18}, spanEnd = SourcePos {posLine = 180, posColumn = 19}}, locValue = TokenDelimiter DelimRightParen},Located {locSpan = SourceSpan {spanFilename = \"<input>\", spanStart = SourcePos {posLine = 180, posColumn = 19}, spanEnd = SourcePos {posLine = 180, posColumn = 20}}, locValue = TokenDelimiter DelimColon},Located {locSpan = SourceSpan {spanFilename = \"<input>\", spanStart = SourcePos {posLine = 180, posColumn = 1}, spanEnd = SourcePos {posLine = 181, posColumn = 1}}, locValue = TokenNewline},Located {locSpan = SourceSpan {spanFilename = \"<input>\", spanStart = SourcePos {posLine = 181, posColumn = 1}, spanEnd = SourcePos {posLine = 181, posColumn = 5}}, locValue = TokenIndent 4},Located {locSpan = SourceSpan {spanFilename = \"<input>\", spanStart = SourcePos {posLine = 181, posColumn = 5}, spanEnd = SourcePos {posLine = 181, posColumn = 33}}, locValue = TokenComment \"# Function 45 implementation\"},Located {locSpan = SourceSpan {spanFilename = \"<input>\", spanStart = SourcePos {posLine = 181, posColumn = 1}, spanEnd = SourcePos {posLine = 182, posColumn = 1}}, locValue = TokenNewline},Located {locSpan = SourceSpan {spanFilename = \"<input>\", spanStart = SourcePos {posLine = 182, posColumn = 5}, spanEnd = SourcePos {posLine = 182, posColumn = 11}}, locValue = TokenIdent \"result\"},Located {locSpan = SourceSpan {spanFilename = \"<input>\", spanStart = SourcePos {posLine = 182, posColumn = 12}, spanEnd = SourcePos {posLine = 182, posColumn = 13}}, locValue = TokenOperator OpAssign},Located {locSpan = SourceSpan {spanFilename = \"<input>\", spanStart = SourcePos {posLine = 182, posColumn = 14}, spanEnd = SourcePos {posLine = 182, posColumn = 15}}, locValue = TokenIdent \"x\"},Located {locSpan = SourceSpan {spanFilename = \"<input>\", spanStart = SourcePos {posLine = 182, posColumn = 16}, spanEnd = SourcePos {posLine = 182, posColumn = 17}}, locValue = TokenOperator OpMult},Located {locSpan = SourceSpan {spanFilename = \"<input>\", spanStart = SourcePos {posLine = 182, posColumn = 18}, spanEnd = SourcePos {posLine = 182, posColumn = 20}}, locValue = TokenNumber \"45\" False},Located {locSpan = SourceSpan {spanFilename = \"<input>\", spanStart = SourcePos {posLine = 182, posColumn = 21}, spanEnd = SourcePos {posLine = 182, posColumn = 22}}, locValue = TokenOperator OpPlus},Located {locSpan = SourceSpan {spanFilename = \"<input>\", spanStart = SourcePos {posLine = 182, posColumn = 23}, spanEnd = SourcePos {posLine = 182, posColumn = 27}}, locValue = TokenIdent \"math\"},Located {locSpan = SourceSpan {spanFilename = \"<input>\", spanStart = SourcePos {posLine = 182, posColumn = 27}, spanEnd = SourcePos {posLine = 182, posColumn = 28}}, locValue = TokenDelimiter DelimDot},Located {locSpan = SourceSpan {spanFilename = \"<input>\", spanStart = SourcePos {posLine = 182, posColumn = 28}, spanEnd = SourcePos {posLine = 182, posColumn = 32}}, locValue = TokenIdent \"sqrt\"},Located {locSpan = SourceSpan {spanFilename = \"<input>\", spanStart = SourcePos {posLine = 182, posColumn = 32}, spanEnd = SourcePos {posLine = 182, posColumn = 33}}, locValue = TokenDelimiter DelimLeftParen},Located {locSpan = SourceSpan {spanFilename = \"<input>\", spanStart = SourcePos {posLine = 182, posColumn = 33}, spanEnd = SourcePos {posLine = 182, posColumn = 35}}, locValue = TokenNumber \"45\" False},Located {locSpan = SourceSpan {spanFilename = \"<input>\", spanStart = SourcePos {posLine = 182, posColumn = 35}, spanEnd = SourcePos {posLine = 182, posColumn = 36}}, locValue = TokenDelimiter DelimRightParen},Located {locSpan = SourceSpan {spanFilename = \"<input>\", spanStart = SourcePos {posLine = 182, posColumn = 1}, spanEnd = SourcePos {posLine = 183, posColumn = 1}}, locValue = TokenNewline},Located {locSpan = SourceSpan {spanFilename = \"<input>\", spanStart = SourcePos {posLine = 183, posColumn = 5}, spanEnd = SourcePos {posLine = 183, posColumn = 11}}, locValue = TokenKeyword KwReturn},Located {locSpan = SourceSpan {spanFilename = \"<input>\", spanStart = SourcePos {posLine = 183, posColumn = 12}, spanEnd = SourcePos {posLine = 183, posColumn = 18}}, locValue = TokenIdent \"result\"},Located {locSpan = SourceSpan {spanFilename = \"<input>\", spanStart = SourcePos {posLine = 183, posColumn = 1}, spanEnd = SourcePos {posLine = 184, posColumn = 1}}, locValue = TokenNewline},Located {locSpan = SourceSpan {spanFilename = \"<input>\", spanStart = SourcePos {posLine = 184, posColumn = 1}, spanEnd = SourcePos {posLine = 184, posColumn = 1}}, locValue = TokenDedent 4},Located {locSpan = SourceSpan {spanFilename = \"<input>\", spanStart = SourcePos {posLine = 184, posColumn = 1}, spanEnd = SourcePos {posLine = 184, posColumn = 4}}, locValue = TokenKeyword KwDef},Located {locSpan = SourceSpan {spanFilename = \"<input>\", spanStart = SourcePos {posLine = 184, posColumn = 5}, spanEnd = SourcePos {posLine = 184, posColumn = 16}}, locValue = TokenIdent \"function_46\"},Located {locSpan = SourceSpan {spanFilename = \"<input>\", spanStart = SourcePos {posLine = 184, posColumn = 16}, spanEnd = SourcePos {posLine = 184, posColumn = 17}}, locValue = TokenDelimiter DelimLeftParen},Located {locSpan = SourceSpan {spanFilename = \"<input>\", spanStart = SourcePos {posLine = 184, posColumn = 17}, spanEnd = SourcePos {posLine = 184, posColumn = 18}}, locValue = TokenIdent \"x\"},Located {locSpan = SourceSpan {spanFilename = \"<input>\", spanStart = SourcePos {posLine = 184, posColumn = 18}, spanEnd = SourcePos {posLine = 184, posColumn = 19}}, locValue = TokenDelimiter DelimRightParen},Located {locSpan = SourceSpan {spanFilename = \"<input>\", spanStart = SourcePos {posLine = 184, posColumn = 19}, spanEnd = SourcePos {posLine = 184, posColumn = 20}}, locValue = TokenDelimiter DelimColon},Located {locSpan = SourceSpan {spanFilename = \"<input>\", spanStart = SourcePos {posLine = 184, posColumn = 1}, spanEnd = SourcePos {posLine = 185, posColumn = 1}}, locValue = TokenNewline},Located {locSpan = SourceSpan {spanFilename = \"<input>\", spanStart = SourcePos {posLine = 185, posColumn = 1}, spanEnd = SourcePos {posLine = 185, posColumn = 5}}, locValue = TokenIndent 4},Located {locSpan = SourceSpan {spanFilename = \"<input>\", spanStart = SourcePos {posLine = 185, posColumn = 5}, spanEnd = SourcePos {posLine = 185, posColumn = 33}}, locValue = TokenComment \"# Function 46 implementation\"},Located {locSpan = SourceSpan {spanFilename = \"<input>\", spanStart = SourcePos {posLine = 185, posColumn = 1}, spanEnd = SourcePos {posLine = 186, posColumn = 1}}, locValue = TokenNewline},Located {locSpan = SourceSpan {spanFilename = \"<input>\", spanStart = SourcePos {posLine = 186, posColumn = 5}, spanEnd = SourcePos {posLine = 186, posColumn = 11}}, locValue = TokenIdent \"result\"},Located {locSpan = SourceSpan {spanFilename = \"<input>\", spanStart = SourcePos {posLine = 186, posColumn = 12}, spanEnd = SourcePos {posLine = 186, posColumn = 13}}, locValue = TokenOperator OpAssign},Located {locSpan = SourceSpan {spanFilename = \"<input>\", spanStart = SourcePos {posLine = 186, posColumn = 14}, spanEnd = SourcePos {posLine = 186, posColumn = 15}}, locValue = TokenIdent \"x\"},Located {locSpan = SourceSpan {spanFilename = \"<input>\", spanStart = SourcePos {posLine = 186, posColumn = 16}, spanEnd = SourcePos {posLine = 186, posColumn = 17}}, locValue = TokenOperator OpMult},Located {locSpan = SourceSpan {spanFilename = \"<input>\", spanStart = SourcePos {posLine = 186, posColumn = 18}, spanEnd = SourcePos {posLine = 186, posColumn = 20}}, locValue = TokenNumber \"46\" False},Located {locSpan = SourceSpan {spanFilename = \"<input>\", spanStart = SourcePos {posLine = 186, posColumn = 21}, spanEnd = SourcePos {posLine = 186, posColumn = 22}}, locValue = TokenOperator OpPlus},Located {locSpan = SourceSpan {spanFilename = \"<input>\", spanStart = SourcePos {posLine = 186, posColumn = 23}, spanEnd = SourcePos {posLine = 186, posColumn = 27}}, locValue = TokenIdent \"math\"},Located {locSpan = SourceSpan {spanFilename = \"<input>\", spanStart = SourcePos {posLine = 186, posColumn = 27}, spanEnd = SourcePos {posLine = 186, posColumn = 28}}, locValue = TokenDelimiter DelimDot},Located {locSpan = SourceSpan {spanFilename = \"<input>\", spanStart = SourcePos {posLine = 186, posColumn = 28}, spanEnd = SourcePos {posLine = 186, posColumn = 32}}, locValue = TokenIdent \"sqrt\"},Located {locSpan = SourceSpan {spanFilename = \"<input>\", spanStart = SourcePos {posLine = 186, posColumn = 32}, spanEnd = SourcePos {posLine = 186, posColumn = 33}}, locValue = TokenDelimiter DelimLeftParen},Located {locSpan = SourceSpan {spanFilename = \"<input>\", spanStart = SourcePos {posLine = 186, posColumn = 33}, spanEnd = SourcePos {posLine = 186, posColumn = 35}}, locValue = TokenNumber \"46\" False},Located {locSpan = SourceSpan {spanFilename = \"<input>\", spanStart = SourcePos {posLine = 186, posColumn = 35}, spanEnd = SourcePos {posLine = 186, posColumn = 36}}, locValue = TokenDelimiter DelimRightParen},Located {locSpan = SourceSpan {spanFilename = \"<input>\", spanStart = SourcePos {posLine = 186, posColumn = 1}, spanEnd = SourcePos {posLine = 187, posColumn = 1}}, locValue = TokenNewline},Located {locSpan = SourceSpan {spanFilename = \"<input>\", spanStart = SourcePos {posLine = 187, posColumn = 5}, spanEnd = SourcePos {posLine = 187, posColumn = 11}}, locValue = TokenKeyword KwReturn},Located {locSpan = SourceSpan {spanFilename = \"<input>\", spanStart = SourcePos {posLine = 187, posColumn = 12}, spanEnd = SourcePos {posLine = 187, posColumn = 18}}, locValue = TokenIdent \"result\"},Located {locSpan = SourceSpan {spanFilename = \"<input>\", spanStart = SourcePos {posLine = 187, posColumn = 1}, spanEnd = SourcePos {posLine = 188, posColumn = 1}}, locValue = TokenNewline},Located {locSpan = SourceSpan {spanFilename = \"<input>\", spanStart = SourcePos {posLine = 188, posColumn = 1}, spanEnd = SourcePos {posLine = 188, posColumn = 1}}, locValue = TokenDedent 4},Located {locSpan = SourceSpan {spanFilename = \"<input>\", spanStart = SourcePos {posLine = 188, posColumn = 1}, spanEnd = SourcePos {posLine = 188, posColumn = 4}}, locValue = TokenKeyword KwDef},Located {locSpan = SourceSpan {spanFilename = \"<input>\", spanStart = SourcePos {posLine = 188, posColumn = 5}, spanEnd = SourcePos {posLine = 188, posColumn = 16}}, locValue = TokenIdent \"function_47\"},Located {locSpan = SourceSpan {spanFilename = \"<input>\", spanStart = SourcePos {posLine = 188, posColumn = 16}, spanEnd = SourcePos {posLine = 188, posColumn = 17}}, locValue = TokenDelimiter DelimLeftParen},Located {locSpan = SourceSpan {spanFilename = \"<input>\", spanStart = SourcePos {posLine = 188, posColumn = 17}, spanEnd = SourcePos {posLine = 188, posColumn = 18}}, locValue = TokenIdent \"x\"},Located {locSpan = SourceSpan {spanFilename = \"<input>\", spanStart = SourcePos {posLine = 188, posColumn = 18}, spanEnd = SourcePos {posLine = 188, posColumn = 19}}, locValue = TokenDelimiter DelimRightParen},Located {locSpan = SourceSpan {spanFilename = \"<input>\", spanStart = SourcePos {posLine = 188, posColumn = 19}, spanEnd = SourcePos {posLine = 188, posColumn = 20}}, locValue = TokenDelimiter DelimColon},Located {locSpan = SourceSpan {spanFilename = \"<input>\", spanStart = SourcePos {posLine = 188, posColumn = 1}, spanEnd = SourcePos {posLine = 189, posColumn = 1}}, locValue = TokenNewline},Located {locSpan = SourceSpan {spanFilename = \"<input>\", spanStart = SourcePos {posLine = 189, posColumn = 1}, spanEnd = SourcePos {posLine = 189, posColumn = 5}}, locValue = TokenIndent 4},Located {locSpan = SourceSpan {spanFilename = \"<input>\", spanStart = SourcePos {posLine = 189, posColumn = 5}, spanEnd = SourcePos {posLine = 189, posColumn = 33}}, locValue = TokenComment \"# Function 47 implementation\"},Located {locSpan = SourceSpan {spanFilename = \"<input>\", spanStart = SourcePos {posLine = 189, posColumn = 1}, spanEnd = SourcePos {posLine = 190, posColumn = 1}}, locValue = TokenNewline},Located {locSpan = SourceSpan {spanFilename = \"<input>\", spanStart = SourcePos {posLine = 190, posColumn = 5}, spanEnd = SourcePos {posLine = 190, posColumn = 11}}, locValue = TokenIdent \"result\"},Located {locSpan = SourceSpan {spanFilename = \"<input>\", spanStart = SourcePos {posLine = 190, posColumn = 12}, spanEnd = SourcePos {posLine = 190, posColumn = 13}}, locValue = TokenOperator OpAssign},Located {locSpan = SourceSpan {spanFilename = \"<input>\", spanStart = SourcePos {posLine = 190, posColumn = 14}, spanEnd = SourcePos {posLine = 190, posColumn = 15}}, locValue = TokenIdent \"x\"},Located {locSpan = SourceSpan {spanFilename = \"<input>\", spanStart = SourcePos {posLine = 190, posColumn = 16}, spanEnd = SourcePos {posLine = 190, posColumn = 17}}, locValue = TokenOperator OpMult},Located {locSpan = SourceSpan {spanFilename = \"<input>\", spanStart = SourcePos {posLine = 190, posColumn = 18}, spanEnd = SourcePos {posLine = 190, posColumn = 20}}, locValue = TokenNumber \"47\" False},Located {locSpan = SourceSpan {spanFilename = \"<input>\", spanStart = SourcePos {posLine = 190, posColumn = 21}, spanEnd = SourcePos {posLine = 190, posColumn = 22}}, locValue = TokenOperator OpPlus},Located {locSpan = SourceSpan {spanFilename = \"<input>\", spanStart = SourcePos {posLine = 190, posColumn = 23}, spanEnd = SourcePos {posLine = 190, posColumn = 27}}, locValue = TokenIdent \"math\"},Located {locSpan = SourceSpan {spanFilename = \"<input>\", spanStart = SourcePos {posLine = 190, posColumn = 27}, spanEnd = SourcePos {posLine = 190, posColumn = 28}}, locValue = TokenDelimiter DelimDot},Located {locSpan = SourceSpan {spanFilename = \"<input>\", spanStart = SourcePos {posLine = 190, posColumn = 28}, spanEnd = SourcePos {posLine = 190, posColumn = 32}}, locValue = TokenIdent \"sqrt\"},Located {locSpan = SourceSpan {spanFilename = \"<input>\", spanStart = SourcePos {posLine = 190, posColumn = 32}, spanEnd = SourcePos {posLine = 190, posColumn = 33}}, locValue = TokenDelimiter DelimLeftParen},Located {locSpan = SourceSpan {spanFilename = \"<input>\", spanStart = SourcePos {posLine = 190, posColumn = 33}, spanEnd = SourcePos {posLine = 190, posColumn = 35}}, locValue = TokenNumber \"47\" False},Located {locSpan = SourceSpan {spanFilename = \"<input>\", spanStart = SourcePos {posLine = 190, posColumn = 35}, spanEnd = SourcePos {posLine = 190, posColumn = 36}}, locValue = TokenDelimiter DelimRightParen},Located {locSpan = SourceSpan {spanFilename = \"<input>\", spanStart = SourcePos {posLine = 190, posColumn = 1}, spanEnd = SourcePos {posLine = 191, posColumn = 1}}, locValue = TokenNewline},Located {locSpan = SourceSpan {spanFilename = \"<input>\", spanStart = SourcePos {posLine = 191, posColumn = 5}, spanEnd = SourcePos {posLine = 191, posColumn = 11}}, locValue = TokenKeyword KwReturn},Located {locSpan = SourceSpan {spanFilename = \"<input>\", spanStart = SourcePos {posLine = 191, posColumn = 12}, spanEnd = SourcePos {posLine = 191, posColumn = 18}}, locValue = TokenIdent \"result\"},Located {locSpan = SourceSpan {spanFilename = \"<input>\", spanStart = SourcePos {posLine = 191, posColumn = 1}, spanEnd = SourcePos {posLine = 192, posColumn = 1}}, locValue = TokenNewline},Located {locSpan = SourceSpan {spanFilename = \"<input>\", spanStart = SourcePos {posLine = 192, posColumn = 1}, spanEnd = SourcePos {posLine = 192, posColumn = 1}}, locValue = TokenDedent 4},Located {locSpan = SourceSpan {spanFilename = \"<input>\", spanStart = SourcePos {posLine = 192, posColumn = 1}, spanEnd = SourcePos {posLine = 192, posColumn = 4}}, locValue = TokenKeyword KwDef},Located {locSpan = SourceSpan {spanFilename = \"<input>\", spanStart = SourcePos {posLine = 192, posColumn = 5}, spanEnd = SourcePos {posLine = 192, posColumn = 16}}, locValue = TokenIdent \"function_48\"},Located {locSpan = SourceSpan {spanFilename = \"<input>\", spanStart = SourcePos {posLine = 192, posColumn = 16}, spanEnd = SourcePos {posLine = 192, posColumn = 17}}, locValue = TokenDelimiter DelimLeftParen},Located {locSpan = SourceSpan {spanFilename = \"<input>\", spanStart = SourcePos {posLine = 192, posColumn = 17}, spanEnd = SourcePos {posLine = 192, posColumn = 18}}, locValue = TokenIdent \"x\"},Located {locSpan = SourceSpan {spanFilename = \"<input>\", spanStart = SourcePos {posLine = 192, posColumn = 18}, spanEnd = SourcePos {posLine = 192, posColumn = 19}}, locValue = TokenDelimiter DelimRightParen},Located {locSpan = SourceSpan {spanFilename = \"<input>\", spanStart = SourcePos {posLine = 192, posColumn = 19}, spanEnd = SourcePos {posLine = 192, posColumn = 20}}, locValue = TokenDelimiter DelimColon},Located {locSpan = SourceSpan {spanFilename = \"<input>\", spanStart = SourcePos {posLine = 192, posColumn = 1}, spanEnd = SourcePos {posLine = 193, posColumn = 1}}, locValue = TokenNewline},Located {locSpan = SourceSpan {spanFilename = \"<input>\", spanStart = SourcePos {posLine = 193, posColumn = 1}, spanEnd = SourcePos {posLine = 193, posColumn = 5}}, locValue = TokenIndent 4},Located {locSpan = SourceSpan {spanFilename = \"<input>\", spanStart = SourcePos {posLine = 193, posColumn = 5}, spanEnd = SourcePos {posLine = 193, posColumn = 33}}, locValue = TokenComment \"# Function 48 implementation\"},Located {locSpan = SourceSpan {spanFilename = \"<input>\", spanStart = SourcePos {posLine = 193, posColumn = 1}, spanEnd = SourcePos {posLine = 194, posColumn = 1}}, locValue = TokenNewline},Located {locSpan = SourceSpan {spanFilename = \"<input>\", spanStart = SourcePos {posLine = 194, posColumn = 5}, spanEnd = SourcePos {posLine = 194, posColumn = 11}}, locValue = TokenIdent \"result\"},Located {locSpan = SourceSpan {spanFilename = \"<input>\", spanStart = SourcePos {posLine = 194, posColumn = 12}, spanEnd = SourcePos {posLine = 194, posColumn = 13}}, locValue = TokenOperator OpAssign},Located {locSpan = SourceSpan {spanFilename = \"<input>\", spanStart = SourcePos {posLine = 194, posColumn = 14}, spanEnd = SourcePos {posLine = 194, posColumn = 15}}, locValue = TokenIdent \"x\"},Located {locSpan = SourceSpan {spanFilename = \"<input>\", spanStart = SourcePos {posLine = 194, posColumn = 16}, spanEnd = SourcePos {posLine = 194, posColumn = 17}}, locValue = TokenOperator OpMult},Located {locSpan = SourceSpan {spanFilename = \"<input>\", spanStart = SourcePos {posLine = 194, posColumn = 18}, spanEnd = SourcePos {posLine = 194, posColumn = 20}}, locValue = TokenNumber \"48\" False},Located {locSpan = SourceSpan {spanFilename = \"<input>\", spanStart = SourcePos {posLine = 194, posColumn = 21}, spanEnd = SourcePos {posLine = 194, posColumn = 22}}, locValue = TokenOperator OpPlus},Located {locSpan = SourceSpan {spanFilename = \"<input>\", spanStart = SourcePos {posLine = 194, posColumn = 23}, spanEnd = SourcePos {posLine = 194, posColumn = 27}}, locValue = TokenIdent \"math\"},Located {locSpan = SourceSpan {spanFilename = \"<input>\", spanStart = SourcePos {posLine = 194, posColumn = 27}, spanEnd = SourcePos {posLine = 194, posColumn = 28}}, locValue = TokenDelimiter DelimDot},Located {locSpan = SourceSpan {spanFilename = \"<input>\", spanStart = SourcePos {posLine = 194, posColumn = 28}, spanEnd = SourcePos {posLine = 194, posColumn = 32}}, locValue = TokenIdent \"sqrt\"},Located {locSpan = SourceSpan {spanFilename = \"<input>\", spanStart = SourcePos {posLine = 194, posColumn = 32}, spanEnd = SourcePos {posLine = 194, posColumn = 33}}, locValue = TokenDelimiter DelimLeftParen},Located {locSpan = SourceSpan {spanFilename = \"<input>\", spanStart = SourcePos {posLine = 194, posColumn = 33}, spanEnd = SourcePos {posLine = 194, posColumn = 35}}, locValue = TokenNumber \"48\" False},Located {locSpan = SourceSpan {spanFilename = \"<input>\", spanStart = SourcePos {posLine = 194, posColumn = 35}, spanEnd = SourcePos {posLine = 194, posColumn = 36}}, locValue = TokenDelimiter DelimRightParen},Located {locSpan = SourceSpan {spanFilename = \"<input>\", spanStart = SourcePos {posLine = 194, posColumn = 1}, spanEnd = SourcePos {posLine = 195, posColumn = 1}}, locValue = TokenNewline},Located {locSpan = SourceSpan {spanFilename = \"<input>\", spanStart = SourcePos {posLine = 195, posColumn = 5}, spanEnd = SourcePos {posLine = 195, posColumn = 11}}, locValue = TokenKeyword KwReturn},Located {locSpan = SourceSpan {spanFilename = \"<input>\", spanStart = SourcePos {posLine = 195, posColumn = 12}, spanEnd = SourcePos {posLine = 195, posColumn = 18}}, locValue = TokenIdent \"result\"},Located {locSpan = SourceSpan {spanFilename = \"<input>\", spanStart = SourcePos {posLine = 195, posColumn = 1}, spanEnd = SourcePos {posLine = 196, posColumn = 1}}, locValue = TokenNewline},Located {locSpan = SourceSpan {spanFilename = \"<input>\", spanStart = SourcePos {posLine = 196, posColumn = 1}, spanEnd = SourcePos {posLine = 196, posColumn = 1}}, locValue = TokenDedent 4},Located {locSpan = SourceSpan {spanFilename = \"<input>\", spanStart = SourcePos {posLine = 196, posColumn = 1}, spanEnd = SourcePos {posLine = 196, posColumn = 4}}, locValue = TokenKeyword KwDef},Located {locSpan = SourceSpan {spanFilename = \"<input>\", spanStart = SourcePos {posLine = 196, posColumn = 5}, spanEnd = SourcePos {posLine = 196, posColumn = 16}}, locValue = TokenIdent \"function_49\"},Located {locSpan = SourceSpan {spanFilename = \"<input>\", spanStart = SourcePos {posLine = 196, posColumn = 16}, spanEnd = SourcePos {posLine = 196, posColumn = 17}}, locValue = TokenDelimiter DelimLeftParen},Located {locSpan = SourceSpan {spanFilename = \"<input>\", spanStart = SourcePos {posLine = 196, posColumn = 17}, spanEnd = SourcePos {posLine = 196, posColumn = 18}}, locValue = TokenIdent \"x\"},Located {locSpan = SourceSpan {spanFilename = \"<input>\", spanStart = SourcePos {posLine = 196, posColumn = 18}, spanEnd = SourcePos {posLine = 196, posColumn = 19}}, locValue = TokenDelimiter DelimRightParen},Located {locSpan = SourceSpan {spanFilename = \"<input>\", spanStart = SourcePos {posLine = 196, posColumn = 19}, spanEnd = SourcePos {posLine = 196, posColumn = 20}}, locValue = TokenDelimiter DelimColon},Located {locSpan = SourceSpan {spanFilename = \"<input>\", spanStart = SourcePos {posLine = 196, posColumn = 1}, spanEnd = SourcePos {posLine = 197, posColumn = 1}}, locValue = TokenNewline},Located {locSpan = SourceSpan {spanFilename = \"<input>\", spanStart = SourcePos {posLine = 197, posColumn = 1}, spanEnd = SourcePos {posLine = 197, posColumn = 5}}, locValue = TokenIndent 4},Located {locSpan = SourceSpan {spanFilename = \"<input>\", spanStart = SourcePos {posLine = 197, posColumn = 5}, spanEnd = SourcePos {posLine = 197, posColumn = 33}}, locValue = TokenComment \"# Function 49 implementation\"},Located {locSpan = SourceSpan {spanFilename = \"<input>\", spanStart = SourcePos {posLine = 197, posColumn = 1}, spanEnd = SourcePos {posLine = 198, posColumn = 1}}, locValue = TokenNewline},Located {locSpan = SourceSpan {spanFilename = \"<input>\", spanStart = SourcePos {posLine = 198, posColumn = 5}, spanEnd = SourcePos {posLine = 198, posColumn = 11}}, locValue = TokenIdent \"result\"},Located {locSpan = SourceSpan {spanFilename = \"<input>\", spanStart = SourcePos {posLine = 198, posColumn = 12}, spanEnd = SourcePos {posLine = 198, posColumn = 13}}, locValue = TokenOperator OpAssign},Located {locSpan = SourceSpan {spanFilename = \"<input>\", spanStart = SourcePos {posLine = 198, posColumn = 14}, spanEnd = SourcePos {posLine = 198, posColumn = 15}}, locValue = TokenIdent \"x\"},Located {locSpan = SourceSpan {spanFilename = \"<input>\", spanStart = SourcePos {posLine = 198, posColumn = 16}, spanEnd = SourcePos {posLine = 198, posColumn = 17}}, locValue = TokenOperator OpMult},Located {locSpan = SourceSpan {spanFilename = \"<input>\", spanStart = SourcePos {posLine = 198, posColumn = 18}, spanEnd = SourcePos {posLine = 198, posColumn = 20}}, locValue = TokenNumber \"49\" False},Located {locSpan = SourceSpan {spanFilename = \"<input>\", spanStart = SourcePos {posLine = 198, posColumn = 21}, spanEnd = SourcePos {posLine = 198, posColumn = 22}}, locValue = TokenOperator OpPlus},Located {locSpan = SourceSpan {spanFilename = \"<input>\", spanStart = SourcePos {posLine = 198, posColumn = 23}, spanEnd = SourcePos {posLine = 198, posColumn = 27}}, locValue = TokenIdent \"math\"},Located {locSpan = SourceSpan {spanFilename = \"<input>\", spanStart = SourcePos {posLine = 198, posColumn = 27}, spanEnd = SourcePos {posLine = 198, posColumn = 28}}, locValue = TokenDelimiter DelimDot},Located {locSpan = SourceSpan {spanFilename = \"<input>\", spanStart = SourcePos {posLine = 198, posColumn = 28}, spanEnd = SourcePos {posLine = 198, posColumn = 32}}, locValue = TokenIdent \"sqrt\"},Located {locSpan = SourceSpan {spanFilename = \"<input>\", spanStart = SourcePos {posLine = 198, posColumn = 32}, spanEnd = SourcePos {posLine = 198, posColumn = 33}}, locValue = TokenDelimiter DelimLeftParen},Located {locSpan = SourceSpan {spanFilename = \"<input>\", spanStart = SourcePos {posLine = 198, posColumn = 33}, spanEnd = SourcePos {posLine = 198, posColumn = 35}}, locValue = TokenNumber \"49\" False},Located {locSpan = SourceSpan {spanFilename = \"<input>\", spanStart = SourcePos {posLine = 198, posColumn = 35}, spanEnd = SourcePos {posLine = 198, posColumn = 36}}, locValue = TokenDelimiter DelimRightParen},Located {locSpan = SourceSpan {spanFilename = \"<input>\", spanStart = SourcePos {posLine = 198, posColumn = 1}, spanEnd = SourcePos {posLine = 199, posColumn = 1}}, locValue = TokenNewline},Located {locSpan = SourceSpan {spanFilename = \"<input>\", spanStart = SourcePos {posLine = 199, posColumn = 5}, spanEnd = SourcePos {posLine = 199, posColumn = 11}}, locValue = TokenKeyword KwReturn},Located {locSpan = SourceSpan {spanFilename = \"<input>\", spanStart = SourcePos {posLine = 199, posColumn = 12}, spanEnd = SourcePos {posLine = 199, posColumn = 18}}, locValue = TokenIdent \"result\"},Located {locSpan = SourceSpan {spanFilename = \"<input>\", spanStart = SourcePos {posLine = 199, posColumn = 1}, spanEnd = SourcePos {posLine = 200, posColumn = 1}}, locValue = TokenNewline},Located {locSpan = SourceSpan {spanFilename = \"<input>\", spanStart = SourcePos {posLine = 200, posColumn = 1}, spanEnd = SourcePos {posLine = 200, posColumn = 1}}, locValue = TokenDedent 4},Located {locSpan = SourceSpan {spanFilename = \"<input>\", spanStart = SourcePos {posLine = 200, posColumn = 1}, spanEnd = SourcePos {posLine = 200, posColumn = 4}}, locValue = TokenKeyword KwDef},Located {locSpan = SourceSpan {spanFilename = \"<input>\", spanStart = SourcePos {posLine = 200, posColumn = 5}, spanEnd = SourcePos {posLine = 200, posColumn = 16}}, locValue = TokenIdent \"function_50\"},Located {locSpan = SourceSpan {spanFilename = \"<input>\", spanStart = SourcePos {posLine = 200, posColumn = 16}, spanEnd = SourcePos {posLine = 200, posColumn = 17}}, locValue = TokenDelimiter DelimLeftParen},Located {locSpan = SourceSpan {spanFilename = \"<input>\", spanStart = SourcePos {posLine = 200, posColumn = 17}, spanEnd = SourcePos {posLine = 200, posColumn = 18}}, locValue = TokenIdent \"x\"},Located {locSpan = SourceSpan {spanFilename = \"<input>\", spanStart = SourcePos {posLine = 200, posColumn = 18}, spanEnd = SourcePos {posLine = 200, posColumn = 19}}, locValue = TokenDelimiter DelimRightParen},Located {locSpan = SourceSpan {spanFilename = \"<input>\", spanStart = SourcePos {posLine = 200, posColumn = 19}, spanEnd = SourcePos {posLine = 200, posColumn = 20}}, locValue = TokenDelimiter DelimColon},Located {locSpan = SourceSpan {spanFilename = \"<input>\", spanStart = SourcePos {posLine = 200, posColumn = 1}, spanEnd = SourcePos {posLine = 201, posColumn = 1}}, locValue = TokenNewline},Located {locSpan = SourceSpan {spanFilename = \"<input>\", spanStart = SourcePos {posLine = 201, posColumn = 1}, spanEnd = SourcePos {posLine = 201, posColumn = 5}}, locValue = TokenIndent 4},Located {locSpan = SourceSpan {spanFilename = \"<input>\", spanStart = SourcePos {posLine = 201, posColumn = 5}, spanEnd = SourcePos {posLine = 201, posColumn = 33}}, locValue = TokenComment \"# Function 50 implementation\"},Located {locSpan = SourceSpan {spanFilename = \"<input>\", spanStart = SourcePos {posLine = 201, posColumn = 1}, spanEnd = SourcePos {posLine = 202, posColumn = 1}}, locValue = TokenNewline},Located {locSpan = SourceSpan {spanFilename = \"<input>\", spanStart = SourcePos {posLine = 202, posColumn = 5}, spanEnd = SourcePos {posLine = 202, posColumn = 11}}, locValue = TokenIdent \"result\"},Located {locSpan = SourceSpan {spanFilename = \"<input>\", spanStart = SourcePos {posLine = 202, posColumn = 12}, spanEnd = SourcePos {posLine = 202, posColumn = 13}}, locValue = TokenOperator OpAssign},Located {locSpan = SourceSpan {spanFilename = \"<input>\", spanStart = SourcePos {posLine = 202, posColumn = 14}, spanEnd = SourcePos {posLine = 202, posColumn = 15}}, locValue = TokenIdent \"x\"},Located {locSpan = SourceSpan {spanFilename = \"<input>\", spanStart = SourcePos {posLine = 202, posColumn = 16}, spanEnd = SourcePos {posLine = 202, posColumn = 17}}, locValue = TokenOperator OpMult},Located {locSpan = SourceSpan {spanFilename = \"<input>\", spanStart = SourcePos {posLine = 202, posColumn = 18}, spanEnd = SourcePos {posLine = 202, posColumn = 20}}, locValue = TokenNumber \"50\" False},Located {locSpan = SourceSpan {spanFilename = \"<input>\", spanStart = SourcePos {posLine = 202, posColumn = 21}, spanEnd = SourcePos {posLine = 202, posColumn = 22}}, locValue = TokenOperator OpPlus},Located {locSpan = SourceSpan {spanFilename = \"<input>\", spanStart = SourcePos {posLine = 202, posColumn = 23}, spanEnd = SourcePos {posLine = 202, posColumn = 27}}, locValue = TokenIdent \"math\"},Located {locSpan = SourceSpan {spanFilename = \"<input>\", spanStart = SourcePos {posLine = 202, posColumn = 27}, spanEnd = SourcePos {posLine = 202, posColumn = 28}}, locValue = TokenDelimiter DelimDot},Located {locSpan = SourceSpan {spanFilename = \"<input>\", spanStart = SourcePos {posLine = 202, posColumn = 28}, spanEnd = SourcePos {posLine = 202, posColumn = 32}}, locValue = TokenIdent \"sqrt\"},Located {locSpan = SourceSpan {spanFilename = \"<input>\", spanStart = SourcePos {posLine = 202, posColumn = 32}, spanEnd = SourcePos {posLine = 202, posColumn = 33}}, locValue = TokenDelimiter DelimLeftParen},Located {locSpan = SourceSpan {spanFilename = \"<input>\", spanStart = SourcePos {posLine = 202, posColumn = 33}, spanEnd = SourcePos {posLine = 202, posColumn = 35}}, locValue = TokenNumber \"50\" False},Located {locSpan = SourceSpan {spanFilename = \"<input>\", spanStart = SourcePos {posLine = 202, posColumn = 35}, spanEnd = SourcePos {posLine = 202, posColumn = 36}}, locValue = TokenDelimiter DelimRightParen},Located {locSpan = SourceSpan {spanFilename = \"<input>\", spanStart = SourcePos {posLine = 202, posColumn = 1}, spanEnd = SourcePos {posLine = 203, posColumn = 1}}, locValue = TokenNewline},Located {locSpan = SourceSpan {spanFilename = \"<input>\", spanStart = SourcePos {posLine = 203, posColumn = 5}, spanEnd = SourcePos {posLine = 203, posColumn = 11}}, locValue = TokenKeyword KwReturn},Located {locSpan = SourceSpan {spanFilename = \"<input>\", spanStart = SourcePos {posLine = 203, posColumn = 12}, spanEnd = SourcePos {posLine = 203, posColumn = 18}}, locValue = TokenIdent \"result\"},Located {locSpan = SourceSpan {spanFilename = \"<input>\", spanStart = SourcePos {posLine = 203, posColumn = 1}, spanEnd = SourcePos {posLine = 204, posColumn = 1}}, locValue = TokenNewline},Located {locSpan = SourceSpan {spanFilename = \"<input>\", spanStart = SourcePos {posLine = 204, posColumn = 1}, spanEnd = SourcePos {posLine = 204, posColumn = 1}}, locValue = TokenDedent 4},Located {locSpan = SourceSpan {spanFilename = \"<input>\", spanStart = SourcePos {posLine = 204, posColumn = 1}, spanEnd = SourcePos {posLine = 204, posColumn = 4}}, locValue = TokenKeyword KwDef},Located {locSpan = SourceSpan {spanFilename = \"<input>\", spanStart = SourcePos {posLine = 204, posColumn = 5}, spanEnd = SourcePos {posLine = 204, posColumn = 16}}, locValue = TokenIdent \"function_51\"},Located {locSpan = SourceSpan {spanFilename = \"<input>\", spanStart = SourcePos {posLine = 204, posColumn = 16}, spanEnd = SourcePos {posLine = 204, posColumn = 17}}, locValue = TokenDelimiter DelimLeftParen},Located {locSpan = SourceSpan {spanFilename = \"<input>\", spanStart = SourcePos {posLine = 204, posColumn = 17}, spanEnd = SourcePos {posLine = 204, posColumn = 18}}, locValue = TokenIdent \"x\"},Located {locSpan = SourceSpan {spanFilename = \"<input>\", spanStart = SourcePos {posLine = 204, posColumn = 18}, spanEnd = SourcePos {posLine = 204, posColumn = 19}}, locValue = TokenDelimiter DelimRightParen},Located {locSpan = SourceSpan {spanFilename = \"<input>\", spanStart = SourcePos {posLine = 204, posColumn = 19}, spanEnd = SourcePos {posLine = 204, posColumn = 20}}, locValue = TokenDelimiter DelimColon},Located {locSpan = SourceSpan {spanFilename = \"<input>\", spanStart = SourcePos {posLine = 204, posColumn = 1}, spanEnd = SourcePos {posLine = 205, posColumn = 1}}, locValue = TokenNewline},Located {locSpan = SourceSpan {spanFilename = \"<input>\", spanStart = SourcePos {posLine = 205, posColumn = 1}, spanEnd = SourcePos {posLine = 205, posColumn = 5}}, locValue = TokenIndent 4},Located {locSpan = SourceSpan {spanFilename = \"<input>\", spanStart = SourcePos {posLine = 205, posColumn = 5}, spanEnd = SourcePos {posLine = 205, posColumn = 33}}, locValue = TokenComment \"# Function 51 implementation\"},Located {locSpan = SourceSpan {spanFilename = \"<input>\", spanStart = SourcePos {posLine = 205, posColumn = 1}, spanEnd = SourcePos {posLine = 206, posColumn = 1}}, locValue = TokenNewline},Located {locSpan = SourceSpan {spanFilename = \"<input>\", spanStart = SourcePos {posLine = 206, posColumn = 5}, spanEnd = SourcePos {posLine = 206, posColumn = 11}}, locValue = TokenIdent \"result\"},Located {locSpan = SourceSpan {spanFilename = \"<input>\", spanStart = SourcePos {posLine = 206, posColumn = 12}, spanEnd = SourcePos {posLine = 206, posColumn = 13}}, locValue = TokenOperator OpAssign},Located {locSpan = SourceSpan {spanFilename = \"<input>\", spanStart = SourcePos {posLine = 206, posColumn = 14}, spanEnd = SourcePos {posLine = 206, posColumn = 15}}, locValue = TokenIdent \"x\"},Located {locSpan = SourceSpan {spanFilename = \"<input>\", spanStart = SourcePos {posLine = 206, posColumn = 16}, spanEnd = SourcePos {posLine = 206, posColumn = 17}}, locValue = TokenOperator OpMult},Located {locSpan = SourceSpan {spanFilename = \"<input>\", spanStart = SourcePos {posLine = 206, posColumn = 18}, spanEnd = SourcePos {posLine = 206, posColumn = 20}}, locValue = TokenNumber \"51\" False},Located {locSpan = SourceSpan {spanFilename = \"<input>\", spanStart = SourcePos {posLine = 206, posColumn = 21}, spanEnd = SourcePos {posLine = 206, posColumn = 22}}, locValue = TokenOperator OpPlus},Located {locSpan = SourceSpan {spanFilename = \"<input>\", spanStart = SourcePos {posLine = 206, posColumn = 23}, spanEnd = SourcePos {posLine = 206, posColumn = 27}}, locValue = TokenIdent \"math\"},Located {locSpan = SourceSpan {spanFilename = \"<input>\", spanStart = SourcePos {posLine = 206, posColumn = 27}, spanEnd = SourcePos {posLine = 206, posColumn = 28}}, locValue = TokenDelimiter DelimDot},Located {locSpan = SourceSpan {spanFilename = \"<input>\", spanStart = SourcePos {posLine = 206, posColumn = 28}, spanEnd = SourcePos {posLine = 206, posColumn = 32}}, locValue = TokenIdent \"sqrt\"},Located {locSpan = SourceSpan {spanFilename = \"<input>\", spanStart = SourcePos {posLine = 206, posColumn = 32}, spanEnd = SourcePos {posLine = 206, posColumn = 33}}, locValue = TokenDelimiter DelimLeftParen},Located {locSpan = SourceSpan {spanFilename = \"<input>\", spanStart = SourcePos {posLine = 206, posColumn = 33}, spanEnd = SourcePos {posLine = 206, posColumn = 35}}, locValue = TokenNumber \"51\" False},Located {locSpan = SourceSpan {spanFilename = \"<input>\", spanStart = SourcePos {posLine = 206, posColumn = 35}, spanEnd = SourcePos {posLine = 206, posColumn = 36}}, locValue = TokenDelimiter DelimRightParen},Located {locSpan = SourceSpan {spanFilename = \"<input>\", spanStart = SourcePos {posLine = 206, posColumn = 1}, spanEnd = SourcePos {posLine = 207, posColumn = 1}}, locValue = TokenNewline},Located {locSpan = SourceSpan {spanFilename = \"<input>\", spanStart = SourcePos {posLine = 207, posColumn = 5}, spanEnd = SourcePos {posLine = 207, posColumn = 11}}, locValue = TokenKeyword KwReturn},Located {locSpan = SourceSpan {spanFilename = \"<input>\", spanStart = SourcePos {posLine = 207, posColumn = 12}, spanEnd = SourcePos {posLine = 207, posColumn = 18}}, locValue = TokenIdent \"result\"},Located {locSpan = SourceSpan {spanFilename = \"<input>\", spanStart = SourcePos {posLine = 207, posColumn = 1}, spanEnd = SourcePos {posLine = 208, posColumn = 1}}, locValue = TokenNewline},Located {locSpan = SourceSpan {spanFilename = \"<input>\", spanStart = SourcePos {posLine = 208, posColumn = 1}, spanEnd = SourcePos {posLine = 208, posColumn = 1}}, locValue = TokenDedent 4},Located {locSpan = SourceSpan {spanFilename = \"<input>\", spanStart = SourcePos {posLine = 208, posColumn = 1}, spanEnd = SourcePos {posLine = 208, posColumn = 4}}, locValue = TokenKeyword KwDef},Located {locSpan = SourceSpan {spanFilename = \"<input>\", spanStart = SourcePos {posLine = 208, posColumn = 5}, spanEnd = SourcePos {posLine = 208, posColumn = 16}}, locValue = TokenIdent \"function_52\"},Located {locSpan = SourceSpan {spanFilename = \"<input>\", spanStart = SourcePos {posLine = 208, posColumn = 16}, spanEnd = SourcePos {posLine = 208, posColumn = 17}}, locValue = TokenDelimiter DelimLeftParen},Located {locSpan = SourceSpan {spanFilename = \"<input>\", spanStart = SourcePos {posLine = 208, posColumn = 17}, spanEnd = SourcePos {posLine = 208, posColumn = 18}}, locValue = TokenIdent \"x\"},Located {locSpan = SourceSpan {spanFilename = \"<input>\", spanStart = SourcePos {posLine = 208, posColumn = 18}, spanEnd = SourcePos {posLine = 208, posColumn = 19}}, locValue = TokenDelimiter DelimRightParen},Located {locSpan = SourceSpan {spanFilename = \"<input>\", spanStart = SourcePos {posLine = 208, posColumn = 19}, spanEnd = SourcePos {posLine = 208, posColumn = 20}}, locValue = TokenDelimiter DelimColon},Located {locSpan = SourceSpan {spanFilename = \"<input>\", spanStart = SourcePos {posLine = 208, posColumn = 1}, spanEnd = SourcePos {posLine = 209, posColumn = 1}}, locValue = TokenNewline},Located {locSpan = SourceSpan {spanFilename = \"<input>\", spanStart = SourcePos {posLine = 209, posColumn = 1}, spanEnd = SourcePos {posLine = 209, posColumn = 5}}, locValue = TokenIndent 4},Located {locSpan = SourceSpan {spanFilename = \"<input>\", spanStart = SourcePos {posLine = 209, posColumn = 5}, spanEnd = SourcePos {posLine = 209, posColumn = 33}}, locValue = TokenComment \"# Function 52 implementation\"},Located {locSpan = SourceSpan {spanFilename = \"<input>\", spanStart = SourcePos {posLine = 209, posColumn = 1}, spanEnd = SourcePos {posLine = 210, posColumn = 1}}, locValue = TokenNewline},Located {locSpan = SourceSpan {spanFilename = \"<input>\", spanStart = SourcePos {posLine = 210, posColumn = 5}, spanEnd = SourcePos {posLine = 210, posColumn = 11}}, locValue = TokenIdent \"result\"},Located {locSpan = SourceSpan {spanFilename = \"<input>\", spanStart = SourcePos {posLine = 210, posColumn = 12}, spanEnd = SourcePos {posLine = 210, posColumn = 13}}, locValue = TokenOperator OpAssign},Located {locSpan = SourceSpan {spanFilename = \"<input>\", spanStart = SourcePos {posLine = 210, posColumn = 14}, spanEnd = SourcePos {posLine = 210, posColumn = 15}}, locValue = TokenIdent \"x\"},Located {locSpan = SourceSpan {spanFilename = \"<input>\", spanStart = SourcePos {posLine = 210, posColumn = 16}, spanEnd = SourcePos {posLine = 210, posColumn = 17}}, locValue = TokenOperator OpMult},Located {locSpan = SourceSpan {spanFilename = \"<input>\", spanStart = SourcePos {posLine = 210, posColumn = 18}, spanEnd = SourcePos {posLine = 210, posColumn = 20}}, locValue = TokenNumber \"52\" False},Located {locSpan = SourceSpan {spanFilename = \"<input>\", spanStart = SourcePos {posLine = 210, posColumn = 21}, spanEnd = SourcePos {posLine = 210, posColumn = 22}}, locValue = TokenOperator OpPlus},Located {locSpan = SourceSpan {spanFilename = \"<input>\", spanStart = SourcePos {posLine = 210, posColumn = 23}, spanEnd = SourcePos {posLine = 210, posColumn = 27}}, locValue = TokenIdent \"math\"},Located {locSpan = SourceSpan {spanFilename = \"<input>\", spanStart = SourcePos {posLine = 210, posColumn = 27}, spanEnd = SourcePos {posLine = 210, posColumn = 28}}, locValue = TokenDelimiter DelimDot},Located {locSpan = SourceSpan {spanFilename = \"<input>\", spanStart = SourcePos {posLine = 210, posColumn = 28}, spanEnd = SourcePos {posLine = 210, posColumn = 32}}, locValue = TokenIdent \"sqrt\"},Located {locSpan = SourceSpan {spanFilename = \"<input>\", spanStart = SourcePos {posLine = 210, posColumn = 32}, spanEnd = SourcePos {posLine = 210, posColumn = 33}}, locValue = TokenDelimiter DelimLeftParen},Located {locSpan = SourceSpan {spanFilename = \"<input>\", spanStart = SourcePos {posLine = 210, posColumn = 33}, spanEnd = SourcePos {posLine = 210, posColumn = 35}}, locValue = TokenNumber \"52\" False},Located {locSpan = SourceSpan {spanFilename = \"<input>\", spanStart = SourcePos {posLine = 210, posColumn = 35}, spanEnd = SourcePos {posLine = 210, posColumn = 36}}, locValue = TokenDelimiter DelimRightParen},Located {locSpan = SourceSpan {spanFilename = \"<input>\", spanStart = SourcePos {posLine = 210, posColumn = 1}, spanEnd = SourcePos {posLine = 211, posColumn = 1}}, locValue = TokenNewline},Located {locSpan = SourceSpan {spanFilename = \"<input>\", spanStart = SourcePos {posLine = 211, posColumn = 5}, spanEnd = SourcePos {posLine = 211, posColumn = 11}}, locValue = TokenKeyword KwReturn},Located {locSpan = SourceSpan {spanFilename = \"<input>\", spanStart = SourcePos {posLine = 211, posColumn = 12}, spanEnd = SourcePos {posLine = 211, posColumn = 18}}, locValue = TokenIdent \"result\"},Located {locSpan = SourceSpan {spanFilename = \"<input>\", spanStart = SourcePos {posLine = 211, posColumn = 1}, spanEnd = SourcePos {posLine = 212, posColumn = 1}}, locValue = TokenNewline},Located {locSpan = SourceSpan {spanFilename = \"<input>\", spanStart = SourcePos {posLine = 212, posColumn = 1}, spanEnd = SourcePos {posLine = 212, posColumn = 1}}, locValue = TokenDedent 4},Located {locSpan = SourceSpan {spanFilename = \"<input>\", spanStart = SourcePos {posLine = 212, posColumn = 1}, spanEnd = SourcePos {posLine = 212, posColumn = 4}}, locValue = TokenKeyword KwDef},Located {locSpan = SourceSpan {spanFilename = \"<input>\", spanStart = SourcePos {posLine = 212, posColumn = 5}, spanEnd = SourcePos {posLine = 212, posColumn = 16}}, locValue = TokenIdent \"function_53\"},Located {locSpan = SourceSpan {spanFilename = \"<input>\", spanStart = SourcePos {posLine = 212, posColumn = 16}, spanEnd = SourcePos {posLine = 212, posColumn = 17}}, locValue = TokenDelimiter DelimLeftParen},Located {locSpan = SourceSpan {spanFilename = \"<input>\", spanStart = SourcePos {posLine = 212, posColumn = 17}, spanEnd = SourcePos {posLine = 212, posColumn = 18}}, locValue = TokenIdent \"x\"},Located {locSpan = SourceSpan {spanFilename = \"<input>\", spanStart = SourcePos {posLine = 212, posColumn = 18}, spanEnd = SourcePos {posLine = 212, posColumn = 19}}, locValue = TokenDelimiter DelimRightParen},Located {locSpan = SourceSpan {spanFilename = \"<input>\", spanStart = SourcePos {posLine = 212, posColumn = 19}, spanEnd = SourcePos {posLine = 212, posColumn = 20}}, locValue = TokenDelimiter DelimColon},Located {locSpan = SourceSpan {spanFilename = \"<input>\", spanStart = SourcePos {posLine = 212, posColumn = 1}, spanEnd = SourcePos {posLine = 213, posColumn = 1}}, locValue = TokenNewline},Located {locSpan = SourceSpan {spanFilename = \"<input>\", spanStart = SourcePos {posLine = 213, posColumn = 1}, spanEnd = SourcePos {posLine = 213, posColumn = 5}}, locValue = TokenIndent 4},Located {locSpan = SourceSpan {spanFilename = \"<input>\", spanStart = SourcePos {posLine = 213, posColumn = 5}, spanEnd = SourcePos {posLine = 213, posColumn = 33}}, locValue = TokenComment \"# Function 53 implementation\"},Located {locSpan = SourceSpan {spanFilename = \"<input>\", spanStart = SourcePos {posLine = 213, posColumn = 1}, spanEnd = SourcePos {posLine = 214, posColumn = 1}}, locValue = TokenNewline},Located {locSpan = SourceSpan {spanFilename = \"<input>\", spanStart = SourcePos {posLine = 214, posColumn = 5}, spanEnd = SourcePos {posLine = 214, posColumn = 11}}, locValue = TokenIdent \"result\"},Located {locSpan = SourceSpan {spanFilename = \"<input>\", spanStart = SourcePos {posLine = 214, posColumn = 12}, spanEnd = SourcePos {posLine = 214, posColumn = 13}}, locValue = TokenOperator OpAssign},Located {locSpan = SourceSpan {spanFilename = \"<input>\", spanStart = SourcePos {posLine = 214, posColumn = 14}, spanEnd = SourcePos {posLine = 214, posColumn = 15}}, locValue = TokenIdent \"x\"},Located {locSpan = SourceSpan {spanFilename = \"<input>\", spanStart = SourcePos {posLine = 214, posColumn = 16}, spanEnd = SourcePos {posLine = 214, posColumn = 17}}, locValue = TokenOperator OpMult},Located {locSpan = SourceSpan {spanFilename = \"<input>\", spanStart = SourcePos {posLine = 214, posColumn = 18}, spanEnd = SourcePos {posLine = 214, posColumn = 20}}, locValue = TokenNumber \"53\" False},Located {locSpan = SourceSpan {spanFilename = \"<input>\", spanStart = SourcePos {posLine = 214, posColumn = 21}, spanEnd = SourcePos {posLine = 214, posColumn = 22}}, locValue = TokenOperator OpPlus},Located {locSpan = SourceSpan {spanFilename = \"<input>\", spanStart = SourcePos {posLine = 214, posColumn = 23}, spanEnd = SourcePos {posLine = 214, posColumn = 27}}, locValue = TokenIdent \"math\"},Located {locSpan = SourceSpan {spanFilename = \"<input>\", spanStart = SourcePos {posLine = 214, posColumn = 27}, spanEnd = SourcePos {posLine = 214, posColumn = 28}}, locValue = TokenDelimiter DelimDot},Located {locSpan = SourceSpan {spanFilename = \"<input>\", spanStart = SourcePos {posLine = 214, posColumn = 28}, spanEnd = SourcePos {posLine = 214, posColumn = 32}}, locValue = TokenIdent \"sqrt\"},Located {locSpan = SourceSpan {spanFilename = \"<input>\", spanStart = SourcePos {posLine = 214, posColumn = 32}, spanEnd = SourcePos {posLine = 214, posColumn = 33}}, locValue = TokenDelimiter DelimLeftParen},Located {locSpan = SourceSpan {spanFilename = \"<input>\", spanStart = SourcePos {posLine = 214, posColumn = 33}, spanEnd = SourcePos {posLine = 214, posColumn = 35}}, locValue = TokenNumber \"53\" False},Located {locSpan = SourceSpan {spanFilename = \"<input>\", spanStart = SourcePos {posLine = 214, posColumn = 35}, spanEnd = SourcePos {posLine = 214, posColumn = 36}}, locValue = TokenDelimiter DelimRightParen},Located {locSpan = SourceSpan {spanFilename = \"<input>\", spanStart = SourcePos {posLine = 214, posColumn = 1}, spanEnd = SourcePos {posLine = 215, posColumn = 1}}, locValue = TokenNewline},Located {locSpan = SourceSpan {spanFilename = \"<input>\", spanStart = SourcePos {posLine = 215, posColumn = 5}, spanEnd = SourcePos {posLine = 215, posColumn = 11}}, locValue = TokenKeyword KwReturn},Located {locSpan = SourceSpan {spanFilename = \"<input>\", spanStart = SourcePos {posLine = 215, posColumn = 12}, spanEnd = SourcePos {posLine = 215, posColumn = 18}}, locValue = TokenIdent \"result\"},Located {locSpan = SourceSpan {spanFilename = \"<input>\", spanStart = SourcePos {posLine = 215, posColumn = 1}, spanEnd = SourcePos {posLine = 216, posColumn = 1}}, locValue = TokenNewline},Located {locSpan = SourceSpan {spanFilename = \"<input>\", spanStart = SourcePos {posLine = 216, posColumn = 1}, spanEnd = SourcePos {posLine = 216, posColumn = 1}}, locValue = TokenDedent 4},Located {locSpan = SourceSpan {spanFilename = \"<input>\", spanStart = SourcePos {posLine = 216, posColumn = 1}, spanEnd = SourcePos {posLine = 216, posColumn = 4}}, locValue = TokenKeyword KwDef},Located {locSpan = SourceSpan {spanFilename = \"<input>\", spanStart = SourcePos {posLine = 216, posColumn = 5}, spanEnd = SourcePos {posLine = 216, posColumn = 16}}, locValue = TokenIdent \"function_54\"},Located {locSpan = SourceSpan {spanFilename = \"<input>\", spanStart = SourcePos {posLine = 216, posColumn = 16}, spanEnd = SourcePos {posLine = 216, posColumn = 17}}, locValue = TokenDelimiter DelimLeftParen},Located {locSpan = SourceSpan {spanFilename = \"<input>\", spanStart = SourcePos {posLine = 216, posColumn = 17}, spanEnd = SourcePos {posLine = 216, posColumn = 18}}, locValue = TokenIdent \"x\"},Located {locSpan = SourceSpan {spanFilename = \"<input>\", spanStart = SourcePos {posLine = 216, posColumn = 18}, spanEnd = SourcePos {posLine = 216, posColumn = 19}}, locValue = TokenDelimiter DelimRightParen},Located {locSpan = SourceSpan {spanFilename = \"<input>\", spanStart = SourcePos {posLine = 216, posColumn = 19}, spanEnd = SourcePos {posLine = 216, posColumn = 20}}, locValue = TokenDelimiter DelimColon},Located {locSpan = SourceSpan {spanFilename = \"<input>\", spanStart = SourcePos {posLine = 216, posColumn = 1}, spanEnd = SourcePos {posLine = 217, posColumn = 1}}, locValue = TokenNewline},Located {locSpan = SourceSpan {spanFilename = \"<input>\", spanStart = SourcePos {posLine = 217, posColumn = 1}, spanEnd = SourcePos {posLine = 217, posColumn = 5}}, locValue = TokenIndent 4},Located {locSpan = SourceSpan {spanFilename = \"<input>\", spanStart = SourcePos {posLine = 217, posColumn = 5}, spanEnd = SourcePos {posLine = 217, posColumn = 33}}, locValue = TokenComment \"# Function 54 implementation\"},Located {locSpan = SourceSpan {spanFilename = \"<input>\", spanStart = SourcePos {posLine = 217, posColumn = 1}, spanEnd = SourcePos {posLine = 218, posColumn = 1}}, locValue = TokenNewline},Located {locSpan = SourceSpan {spanFilename = \"<input>\", spanStart = SourcePos {posLine = 218, posColumn = 5}, spanEnd = SourcePos {posLine = 218, posColumn = 11}}, locValue = TokenIdent \"result\"},Located {locSpan = SourceSpan {spanFilename = \"<input>\", spanStart = SourcePos {posLine = 218, posColumn = 12}, spanEnd = SourcePos {posLine = 218, posColumn = 13}}, locValue = TokenOperator OpAssign},Located {locSpan = SourceSpan {spanFilename = \"<input>\", spanStart = SourcePos {posLine = 218, posColumn = 14}, spanEnd = SourcePos {posLine = 218, posColumn = 15}}, locValue = TokenIdent \"x\"},Located {locSpan = SourceSpan {spanFilename = \"<input>\", spanStart = SourcePos {posLine = 218, posColumn = 16}, spanEnd = SourcePos {posLine = 218, posColumn = 17}}, locValue = TokenOperator OpMult},Located {locSpan = SourceSpan {spanFilename = \"<input>\", spanStart = SourcePos {posLine = 218, posColumn = 18}, spanEnd = SourcePos {posLine = 218, posColumn = 20}}, locValue = TokenNumber \"54\" False},Located {locSpan = SourceSpan {spanFilename = \"<input>\", spanStart = SourcePos {posLine = 218, posColumn = 21}, spanEnd = SourcePos {posLine = 218, posColumn = 22}}, locValue = TokenOperator OpPlus},Located {locSpan = SourceSpan {spanFilename = \"<input>\", spanStart = SourcePos {posLine = 218, posColumn = 23}, spanEnd = SourcePos {posLine = 218, posColumn = 27}}, locValue = TokenIdent \"math\"},Located {locSpan = SourceSpan {spanFilename = \"<input>\", spanStart = SourcePos {posLine = 218, posColumn = 27}, spanEnd = SourcePos {posLine = 218, posColumn = 28}}, locValue = TokenDelimiter DelimDot},Located {locSpan = SourceSpan {spanFilename = \"<input>\", spanStart = SourcePos {posLine = 218, posColumn = 28}, spanEnd = SourcePos {posLine = 218, posColumn = 32}}, locValue = TokenIdent \"sqrt\"},Located {locSpan = SourceSpan {spanFilename = \"<input>\", spanStart = SourcePos {posLine = 218, posColumn = 32}, spanEnd = SourcePos {posLine = 218, posColumn = 33}}, locValue = TokenDelimiter DelimLeftParen},Located {locSpan = SourceSpan {spanFilename = \"<input>\", spanStart = SourcePos {posLine = 218, posColumn = 33}, spanEnd = SourcePos {posLine = 218, posColumn = 35}}, locValue = TokenNumber \"54\" False},Located {locSpan = SourceSpan {spanFilename = \"<input>\", spanStart = SourcePos {posLine = 218, posColumn = 35}, spanEnd = SourcePos {posLine = 218, posColumn = 36}}, locValue = TokenDelimiter DelimRightParen},Located {locSpan = SourceSpan {spanFilename = \"<input>\", spanStart = SourcePos {posLine = 218, posColumn = 1}, spanEnd = SourcePos {posLine = 219, posColumn = 1}}, locValue = TokenNewline},Located {locSpan = SourceSpan {spanFilename = \"<input>\", spanStart = SourcePos {posLine = 219, posColumn = 5}, spanEnd = SourcePos {posLine = 219, posColumn = 11}}, locValue = TokenKeyword KwReturn},Located {locSpan = SourceSpan {spanFilename = \"<input>\", spanStart = SourcePos {posLine = 219, posColumn = 12}, spanEnd = SourcePos {posLine = 219, posColumn = 18}}, locValue = TokenIdent \"result\"},Located {locSpan = SourceSpan {spanFilename = \"<input>\", spanStart = SourcePos {posLine = 219, posColumn = 1}, spanEnd = SourcePos {posLine = 220, posColumn = 1}}, locValue = TokenNewline},Located {locSpan = SourceSpan {spanFilename = \"<input>\", spanStart = SourcePos {posLine = 220, posColumn = 1}, spanEnd = SourcePos {posLine = 220, posColumn = 1}}, locValue = TokenDedent 4},Located {locSpan = SourceSpan {spanFilename = \"<input>\", spanStart = SourcePos {posLine = 220, posColumn = 1}, spanEnd = SourcePos {posLine = 220, posColumn = 4}}, locValue = TokenKeyword KwDef},Located {locSpan = SourceSpan {spanFilename = \"<input>\", spanStart = SourcePos {posLine = 220, posColumn = 5}, spanEnd = SourcePos {posLine = 220, posColumn = 16}}, locValue = TokenIdent \"function_55\"},Located {locSpan = SourceSpan {spanFilename = \"<input>\", spanStart = SourcePos {posLine = 220, posColumn = 16}, spanEnd = SourcePos {posLine = 220, posColumn = 17}}, locValue = TokenDelimiter DelimLeftParen},Located {locSpan = SourceSpan {spanFilename = \"<input>\", spanStart = SourcePos {posLine = 220, posColumn = 17}, spanEnd = SourcePos {posLine = 220, posColumn = 18}}, locValue = TokenIdent \"x\"},Located {locSpan = SourceSpan {spanFilename = \"<input>\", spanStart = SourcePos {posLine = 220, posColumn = 18}, spanEnd = SourcePos {posLine = 220, posColumn = 19}}, locValue = TokenDelimiter DelimRightParen},Located {locSpan = SourceSpan {spanFilename = \"<input>\", spanStart = SourcePos {posLine = 220, posColumn = 19}, spanEnd = SourcePos {posLine = 220, posColumn = 20}}, locValue = TokenDelimiter DelimColon},Located {locSpan = SourceSpan {spanFilename = \"<input>\", spanStart = SourcePos {posLine = 220, posColumn = 1}, spanEnd = SourcePos {posLine = 221, posColumn = 1}}, locValue = TokenNewline},Located {locSpan = SourceSpan {spanFilename = \"<input>\", spanStart = SourcePos {posLine = 221, posColumn = 1}, spanEnd = SourcePos {posLine = 221, posColumn = 5}}, locValue = TokenIndent 4},Located {locSpan = SourceSpan {spanFilename = \"<input>\", spanStart = SourcePos {posLine = 221, posColumn = 5}, spanEnd = SourcePos {posLine = 221, posColumn = 33}}, locValue = TokenComment \"# Function 55 implementation\"},Located {locSpan = SourceSpan {spanFilename = \"<input>\", spanStart = SourcePos {posLine = 221, posColumn = 1}, spanEnd = SourcePos {posLine = 222, posColumn = 1}}, locValue = TokenNewline},Located {locSpan = SourceSpan {spanFilename = \"<input>\", spanStart = SourcePos {posLine = 222, posColumn = 5}, spanEnd = SourcePos {posLine = 222, posColumn = 11}}, locValue = TokenIdent \"result\"},Located {locSpan = SourceSpan {spanFilename = \"<input>\", spanStart = SourcePos {posLine = 222, posColumn = 12}, spanEnd = SourcePos {posLine = 222, posColumn = 13}}, locValue = TokenOperator OpAssign},Located {locSpan = SourceSpan {spanFilename = \"<input>\", spanStart = SourcePos {posLine = 222, posColumn = 14}, spanEnd = SourcePos {posLine = 222, posColumn = 15}}, locValue = TokenIdent \"x\"},Located {locSpan = SourceSpan {spanFilename = \"<input>\", spanStart = SourcePos {posLine = 222, posColumn = 16}, spanEnd = SourcePos {posLine = 222, posColumn = 17}}, locValue = TokenOperator OpMult},Located {locSpan = SourceSpan {spanFilename = \"<input>\", spanStart = SourcePos {posLine = 222, posColumn = 18}, spanEnd = SourcePos {posLine = 222, posColumn = 20}}, locValue = TokenNumber \"55\" False},Located {locSpan = SourceSpan {spanFilename = \"<input>\", spanStart = SourcePos {posLine = 222, posColumn = 21}, spanEnd = SourcePos {posLine = 222, posColumn = 22}}, locValue = TokenOperator OpPlus},Located {locSpan = SourceSpan {spanFilename = \"<input>\", spanStart = SourcePos {posLine = 222, posColumn = 23}, spanEnd = SourcePos {posLine = 222, posColumn = 27}}, locValue = TokenIdent \"math\"},Located {locSpan = SourceSpan {spanFilename = \"<input>\", spanStart = SourcePos {posLine = 222, posColumn = 27}, spanEnd = SourcePos {posLine = 222, posColumn = 28}}, locValue = TokenDelimiter DelimDot},Located {locSpan = SourceSpan {spanFilename = \"<input>\", spanStart = SourcePos {posLine = 222, posColumn = 28}, spanEnd = SourcePos {posLine = 222, posColumn = 32}}, locValue = TokenIdent \"sqrt\"},Located {locSpan = SourceSpan {spanFilename = \"<input>\", spanStart = SourcePos {posLine = 222, posColumn = 32}, spanEnd = SourcePos {posLine = 222, posColumn = 33}}, locValue = TokenDelimiter DelimLeftParen},Located {locSpan = SourceSpan {spanFilename = \"<input>\", spanStart = SourcePos {posLine = 222, posColumn = 33}, spanEnd = SourcePos {posLine = 222, posColumn = 35}}, locValue = TokenNumber \"55\" False},Located {locSpan = SourceSpan {spanFilename = \"<input>\", spanStart = SourcePos {posLine = 222, posColumn = 35}, spanEnd = SourcePos {posLine = 222, posColumn = 36}}, locValue = TokenDelimiter DelimRightParen},Located {locSpan = SourceSpan {spanFilename = \"<input>\", spanStart = SourcePos {posLine = 222, posColumn = 1}, spanEnd = SourcePos {posLine = 223, posColumn = 1}}, locValue = TokenNewline},Located {locSpan = SourceSpan {spanFilename = \"<input>\", spanStart = SourcePos {posLine = 223, posColumn = 5}, spanEnd = SourcePos {posLine = 223, posColumn = 11}}, locValue = TokenKeyword KwReturn},Located {locSpan = SourceSpan {spanFilename = \"<input>\", spanStart = SourcePos {posLine = 223, posColumn = 12}, spanEnd = SourcePos {posLine = 223, posColumn = 18}}, locValue = TokenIdent \"result\"},Located {locSpan = SourceSpan {spanFilename = \"<input>\", spanStart = SourcePos {posLine = 223, posColumn = 1}, spanEnd = SourcePos {posLine = 224, posColumn = 1}}, locValue = TokenNewline},Located {locSpan = SourceSpan {spanFilename = \"<input>\", spanStart = SourcePos {posLine = 224, posColumn = 1}, spanEnd = SourcePos {posLine = 224, posColumn = 1}}, locValue = TokenDedent 4},Located {locSpan = SourceSpan {spanFilename = \"<input>\", spanStart = SourcePos {posLine = 224, posColumn = 1}, spanEnd = SourcePos {posLine = 224, posColumn = 4}}, locValue = TokenKeyword KwDef},Located {locSpan = SourceSpan {spanFilename = \"<input>\", spanStart = SourcePos {posLine = 224, posColumn = 5}, spanEnd = SourcePos {posLine = 224, posColumn = 16}}, locValue = TokenIdent \"function_56\"},Located {locSpan = SourceSpan {spanFilename = \"<input>\", spanStart = SourcePos {posLine = 224, posColumn = 16}, spanEnd = SourcePos {posLine = 224, posColumn = 17}}, locValue = TokenDelimiter DelimLeftParen},Located {locSpan = SourceSpan {spanFilename = \"<input>\", spanStart = SourcePos {posLine = 224, posColumn = 17}, spanEnd = SourcePos {posLine = 224, posColumn = 18}}, locValue = TokenIdent \"x\"},Located {locSpan = SourceSpan {spanFilename = \"<input>\", spanStart = SourcePos {posLine = 224, posColumn = 18}, spanEnd = SourcePos {posLine = 224, posColumn = 19}}, locValue = TokenDelimiter DelimRightParen},Located {locSpan = SourceSpan {spanFilename = \"<input>\", spanStart = SourcePos {posLine = 224, posColumn = 19}, spanEnd = SourcePos {posLine = 224, posColumn = 20}}, locValue = TokenDelimiter DelimColon},Located {locSpan = SourceSpan {spanFilename = \"<input>\", spanStart = SourcePos {posLine = 224, posColumn = 1}, spanEnd = SourcePos {posLine = 225, posColumn = 1}}, locValue = TokenNewline},Located {locSpan = SourceSpan {spanFilename = \"<input>\", spanStart = SourcePos {posLine = 225, posColumn = 1}, spanEnd = SourcePos {posLine = 225, posColumn = 5}}, locValue = TokenIndent 4},Located {locSpan = SourceSpan {spanFilename = \"<input>\", spanStart = SourcePos {posLine = 225, posColumn = 5}, spanEnd = SourcePos {posLine = 225, posColumn = 33}}, locValue = TokenComment \"# Function 56 implementation\"},Located {locSpan = SourceSpan {spanFilename = \"<input>\", spanStart = SourcePos {posLine = 225, posColumn = 1}, spanEnd = SourcePos {posLine = 226, posColumn = 1}}, locValue = TokenNewline},Located {locSpan = SourceSpan {spanFilename = \"<input>\", spanStart = SourcePos {posLine = 226, posColumn = 5}, spanEnd = SourcePos {posLine = 226, posColumn = 11}}, locValue = TokenIdent \"result\"},Located {locSpan = SourceSpan {spanFilename = \"<input>\", spanStart = SourcePos {posLine = 226, posColumn = 12}, spanEnd = SourcePos {posLine = 226, posColumn = 13}}, locValue = TokenOperator OpAssign},Located {locSpan = SourceSpan {spanFilename = \"<input>\", spanStart = SourcePos {posLine = 226, posColumn = 14}, spanEnd = SourcePos {posLine = 226, posColumn = 15}}, locValue = TokenIdent \"x\"},Located {locSpan = SourceSpan {spanFilename = \"<input>\", spanStart = SourcePos {posLine = 226, posColumn = 16}, spanEnd = SourcePos {posLine = 226, posColumn = 17}}, locValue = TokenOperator OpMult},Located {locSpan = SourceSpan {spanFilename = \"<input>\", spanStart = SourcePos {posLine = 226, posColumn = 18}, spanEnd = SourcePos {posLine = 226, posColumn = 20}}, locValue = TokenNumber \"56\" False},Located {locSpan = SourceSpan {spanFilename = \"<input>\", spanStart = SourcePos {posLine = 226, posColumn = 21}, spanEnd = SourcePos {posLine = 226, posColumn = 22}}, locValue = TokenOperator OpPlus},Located {locSpan = SourceSpan {spanFilename = \"<input>\", spanStart = SourcePos {posLine = 226, posColumn = 23}, spanEnd = SourcePos {posLine = 226, posColumn = 27}}, locValue = TokenIdent \"math\"},Located {locSpan = SourceSpan {spanFilename = \"<input>\", spanStart = SourcePos {posLine = 226, posColumn = 27}, spanEnd = SourcePos {posLine = 226, posColumn = 28}}, locValue = TokenDelimiter DelimDot},Located {locSpan = SourceSpan {spanFilename = \"<input>\", spanStart = SourcePos {posLine = 226, posColumn = 28}, spanEnd = SourcePos {posLine = 226, posColumn = 32}}, locValue = TokenIdent \"sqrt\"},Located {locSpan = SourceSpan {spanFilename = \"<input>\", spanStart = SourcePos {posLine = 226, posColumn = 32}, spanEnd = SourcePos {posLine = 226, posColumn = 33}}, locValue = TokenDelimiter DelimLeftParen},Located {locSpan = SourceSpan {spanFilename = \"<input>\", spanStart = SourcePos {posLine = 226, posColumn = 33}, spanEnd = SourcePos {posLine = 226, posColumn = 35}}, locValue = TokenNumber \"56\" False},Located {locSpan = SourceSpan {spanFilename = \"<input>\", spanStart = SourcePos {posLine = 226, posColumn = 35}, spanEnd = SourcePos {posLine = 226, posColumn = 36}}, locValue = TokenDelimiter DelimRightParen},Located {locSpan = SourceSpan {spanFilename = \"<input>\", spanStart = SourcePos {posLine = 226, posColumn = 1}, spanEnd = SourcePos {posLine = 227, posColumn = 1}}, locValue = TokenNewline},Located {locSpan = SourceSpan {spanFilename = \"<input>\", spanStart = SourcePos {posLine = 227, posColumn = 5}, spanEnd = SourcePos {posLine = 227, posColumn = 11}}, locValue = TokenKeyword KwReturn},Located {locSpan = SourceSpan {spanFilename = \"<input>\", spanStart = SourcePos {posLine = 227, posColumn = 12}, spanEnd = SourcePos {posLine = 227, posColumn = 18}}, locValue = TokenIdent \"result\"},Located {locSpan = SourceSpan {spanFilename = \"<input>\", spanStart = SourcePos {posLine = 227, posColumn = 1}, spanEnd = SourcePos {posLine = 228, posColumn = 1}}, locValue = TokenNewline},Located {locSpan = SourceSpan {spanFilename = \"<input>\", spanStart = SourcePos {posLine = 228, posColumn = 1}, spanEnd = SourcePos {posLine = 228, posColumn = 1}}, locValue = TokenDedent 4},Located {locSpan = SourceSpan {spanFilename = \"<input>\", spanStart = SourcePos {posLine = 228, posColumn = 1}, spanEnd = SourcePos {posLine = 228, posColumn = 4}}, locValue = TokenKeyword KwDef},Located {locSpan = SourceSpan {spanFilename = \"<input>\", spanStart = SourcePos {posLine = 228, posColumn = 5}, spanEnd = SourcePos {posLine = 228, posColumn = 16}}, locValue = TokenIdent \"function_57\"},Located {locSpan = SourceSpan {spanFilename = \"<input>\", spanStart = SourcePos {posLine = 228, posColumn = 16}, spanEnd = SourcePos {posLine = 228, posColumn = 17}}, locValue = TokenDelimiter DelimLeftParen},Located {locSpan = SourceSpan {spanFilename = \"<input>\", spanStart = SourcePos {posLine = 228, posColumn = 17}, spanEnd = SourcePos {posLine = 228, posColumn = 18}}, locValue = TokenIdent \"x\"},Located {locSpan = SourceSpan {spanFilename = \"<input>\", spanStart = SourcePos {posLine = 228, posColumn = 18}, spanEnd = SourcePos {posLine = 228, posColumn = 19}}, locValue = TokenDelimiter DelimRightParen},Located {locSpan = SourceSpan {spanFilename = \"<input>\", spanStart = SourcePos {posLine = 228, posColumn = 19}, spanEnd = SourcePos {posLine = 228, posColumn = 20}}, locValue = TokenDelimiter DelimColon},Located {locSpan = SourceSpan {spanFilename = \"<input>\", spanStart = SourcePos {posLine = 228, posColumn = 1}, spanEnd = SourcePos {posLine = 229, posColumn = 1}}, locValue = TokenNewline},Located {locSpan = SourceSpan {spanFilename = \"<input>\", spanStart = SourcePos {posLine = 229, posColumn = 1}, spanEnd = SourcePos {posLine = 229, posColumn = 5}}, locValue = TokenIndent 4},Located {locSpan = SourceSpan {spanFilename = \"<input>\", spanStart = SourcePos {posLine = 229, posColumn = 5}, spanEnd = SourcePos {posLine = 229, posColumn = 33}}, locValue = TokenComment \"# Function 57 implementation\"},Located {locSpan = SourceSpan {spanFilename = \"<input>\", spanStart = SourcePos {posLine = 229, posColumn = 1}, spanEnd = SourcePos {posLine = 230, posColumn = 1}}, locValue = TokenNewline},Located {locSpan = SourceSpan {spanFilename = \"<input>\", spanStart = SourcePos {posLine = 230, posColumn = 5}, spanEnd = SourcePos {posLine = 230, posColumn = 11}}, locValue = TokenIdent \"result\"},Located {locSpan = SourceSpan {spanFilename = \"<input>\", spanStart = SourcePos {posLine = 230, posColumn = 12}, spanEnd = SourcePos {posLine = 230, posColumn = 13}}, locValue = TokenOperator OpAssign},Located {locSpan = SourceSpan {spanFilename = \"<input>\", spanStart = SourcePos {posLine = 230, posColumn = 14}, spanEnd = SourcePos {posLine = 230, posColumn = 15}}, locValue = TokenIdent \"x\"},Located {locSpan = SourceSpan {spanFilename = \"<input>\", spanStart = SourcePos {posLine = 230, posColumn = 16}, spanEnd = SourcePos {posLine = 230, posColumn = 17}}, locValue = TokenOperator OpMult},Located {locSpan = SourceSpan {spanFilename = \"<input>\", spanStart = SourcePos {posLine = 230, posColumn = 18}, spanEnd = SourcePos {posLine = 230, posColumn = 20}}, locValue = TokenNumber \"57\" False},Located {locSpan = SourceSpan {spanFilename = \"<input>\", spanStart = SourcePos {posLine = 230, posColumn = 21}, spanEnd = SourcePos {posLine = 230, posColumn = 22}}, locValue = TokenOperator OpPlus},Located {locSpan = SourceSpan {spanFilename = \"<input>\", spanStart = SourcePos {posLine = 230, posColumn = 23}, spanEnd = SourcePos {posLine = 230, posColumn = 27}}, locValue = TokenIdent \"math\"},Located {locSpan = SourceSpan {spanFilename = \"<input>\", spanStart = SourcePos {posLine = 230, posColumn = 27}, spanEnd = SourcePos {posLine = 230, posColumn = 28}}, locValue = TokenDelimiter DelimDot},Located {locSpan = SourceSpan {spanFilename = \"<input>\", spanStart = SourcePos {posLine = 230, posColumn = 28}, spanEnd = SourcePos {posLine = 230, posColumn = 32}}, locValue = TokenIdent \"sqrt\"},Located {locSpan = SourceSpan {spanFilename = \"<input>\", spanStart = SourcePos {posLine = 230, posColumn = 32}, spanEnd = SourcePos {posLine = 230, posColumn = 33}}, locValue = TokenDelimiter DelimLeftParen},Located {locSpan = SourceSpan {spanFilename = \"<input>\", spanStart = SourcePos {posLine = 230, posColumn = 33}, spanEnd = SourcePos {posLine = 230, posColumn = 35}}, locValue = TokenNumber \"57\" False},Located {locSpan = SourceSpan {spanFilename = \"<input>\", spanStart = SourcePos {posLine = 230, posColumn = 35}, spanEnd = SourcePos {posLine = 230, posColumn = 36}}, locValue = TokenDelimiter DelimRightParen},Located {locSpan = SourceSpan {spanFilename = \"<input>\", spanStart = SourcePos {posLine = 230, posColumn = 1}, spanEnd = SourcePos {posLine = 231, posColumn = 1}}, locValue = TokenNewline},Located {locSpan = SourceSpan {spanFilename = \"<input>\", spanStart = SourcePos {posLine = 231, posColumn = 5}, spanEnd = SourcePos {posLine = 231, posColumn = 11}}, locValue = TokenKeyword KwReturn},Located {locSpan = SourceSpan {spanFilename = \"<input>\", spanStart = SourcePos {posLine = 231, posColumn = 12}, spanEnd = SourcePos {posLine = 231, posColumn = 18}}, locValue = TokenIdent \"result\"},Located {locSpan = SourceSpan {spanFilename = \"<input>\", spanStart = SourcePos {posLine = 231, posColumn = 1}, spanEnd = SourcePos {posLine = 232, posColumn = 1}}, locValue = TokenNewline},Located {locSpan = SourceSpan {spanFilename = \"<input>\", spanStart = SourcePos {posLine = 232, posColumn = 1}, spanEnd = SourcePos {posLine = 232, posColumn = 1}}, locValue = TokenDedent 4},Located {locSpan = SourceSpan {spanFilename = \"<input>\", spanStart = SourcePos {posLine = 232, posColumn = 1}, spanEnd = SourcePos {posLine = 232, posColumn = 4}}, locValue = TokenKeyword KwDef},Located {locSpan = SourceSpan {spanFilename = \"<input>\", spanStart = SourcePos {posLine = 232, posColumn = 5}, spanEnd = SourcePos {posLine = 232, posColumn = 16}}, locValue = TokenIdent \"function_58\"},Located {locSpan = SourceSpan {spanFilename = \"<input>\", spanStart = SourcePos {posLine = 232, posColumn = 16}, spanEnd = SourcePos {posLine = 232, posColumn = 17}}, locValue = TokenDelimiter DelimLeftParen},Located {locSpan = SourceSpan {spanFilename = \"<input>\", spanStart = SourcePos {posLine = 232, posColumn = 17}, spanEnd = SourcePos {posLine = 232, posColumn = 18}}, locValue = TokenIdent \"x\"},Located {locSpan = SourceSpan {spanFilename = \"<input>\", spanStart = SourcePos {posLine = 232, posColumn = 18}, spanEnd = SourcePos {posLine = 232, posColumn = 19}}, locValue = TokenDelimiter DelimRightParen},Located {locSpan = SourceSpan {spanFilename = \"<input>\", spanStart = SourcePos {posLine = 232, posColumn = 19}, spanEnd = SourcePos {posLine = 232, posColumn = 20}}, locValue = TokenDelimiter DelimColon},Located {locSpan = SourceSpan {spanFilename = \"<input>\", spanStart = SourcePos {posLine = 232, posColumn = 1}, spanEnd = SourcePos {posLine = 233, posColumn = 1}}, locValue = TokenNewline},Located {locSpan = SourceSpan {spanFilename = \"<input>\", spanStart = SourcePos {posLine = 233, posColumn = 1}, spanEnd = SourcePos {posLine = 233, posColumn = 5}}, locValue = TokenIndent 4},Located {locSpan = SourceSpan {spanFilename = \"<input>\", spanStart = SourcePos {posLine = 233, posColumn = 5}, spanEnd = SourcePos {posLine = 233, posColumn = 33}}, locValue = TokenComment \"# Function 58 implementation\"},Located {locSpan = SourceSpan {spanFilename = \"<input>\", spanStart = SourcePos {posLine = 233, posColumn = 1}, spanEnd = SourcePos {posLine = 234, posColumn = 1}}, locValue = TokenNewline},Located {locSpan = SourceSpan {spanFilename = \"<input>\", spanStart = SourcePos {posLine = 234, posColumn = 5}, spanEnd = SourcePos {posLine = 234, posColumn = 11}}, locValue = TokenIdent \"result\"},Located {locSpan = SourceSpan {spanFilename = \"<input>\", spanStart = SourcePos {posLine = 234, posColumn = 12}, spanEnd = SourcePos {posLine = 234, posColumn = 13}}, locValue = TokenOperator OpAssign},Located {locSpan = SourceSpan {spanFilename = \"<input>\", spanStart = SourcePos {posLine = 234, posColumn = 14}, spanEnd = SourcePos {posLine = 234, posColumn = 15}}, locValue = TokenIdent \"x\"},Located {locSpan = SourceSpan {spanFilename = \"<input>\", spanStart = SourcePos {posLine = 234, posColumn = 16}, spanEnd = SourcePos {posLine = 234, posColumn = 17}}, locValue = TokenOperator OpMult},Located {locSpan = SourceSpan {spanFilename = \"<input>\", spanStart = SourcePos {posLine = 234, posColumn = 18}, spanEnd = SourcePos {posLine = 234, posColumn = 20}}, locValue = TokenNumber \"58\" False},Located {locSpan = SourceSpan {spanFilename = \"<input>\", spanStart = SourcePos {posLine = 234, posColumn = 21}, spanEnd = SourcePos {posLine = 234, posColumn = 22}}, locValue = TokenOperator OpPlus},Located {locSpan = SourceSpan {spanFilename = \"<input>\", spanStart = SourcePos {posLine = 234, posColumn = 23}, spanEnd = SourcePos {posLine = 234, posColumn = 27}}, locValue = TokenIdent \"math\"},Located {locSpan = SourceSpan {spanFilename = \"<input>\", spanStart = SourcePos {posLine = 234, posColumn = 27}, spanEnd = SourcePos {posLine = 234, posColumn = 28}}, locValue = TokenDelimiter DelimDot},Located {locSpan = SourceSpan {spanFilename = \"<input>\", spanStart = SourcePos {posLine = 234, posColumn = 28}, spanEnd = SourcePos {posLine = 234, posColumn = 32}}, locValue = TokenIdent \"sqrt\"},Located {locSpan = SourceSpan {spanFilename = \"<input>\", spanStart = SourcePos {posLine = 234, posColumn = 32}, spanEnd = SourcePos {posLine = 234, posColumn = 33}}, locValue = TokenDelimiter DelimLeftParen},Located {locSpan = SourceSpan {spanFilename = \"<input>\", spanStart = SourcePos {posLine = 234, posColumn = 33}, spanEnd = SourcePos {posLine = 234, posColumn = 35}}, locValue = TokenNumber \"58\" False},Located {locSpan = SourceSpan {spanFilename = \"<input>\", spanStart = SourcePos {posLine = 234, posColumn = 35}, spanEnd = SourcePos {posLine = 234, posColumn = 36}}, locValue = TokenDelimiter DelimRightParen},Located {locSpan = SourceSpan {spanFilename = \"<input>\", spanStart = SourcePos {posLine = 234, posColumn = 1}, spanEnd = SourcePos {posLine = 235, posColumn = 1}}, locValue = TokenNewline},Located {locSpan = SourceSpan {spanFilename = \"<input>\", spanStart = SourcePos {posLine = 235, posColumn = 5}, spanEnd = SourcePos {posLine = 235, posColumn = 11}}, locValue = TokenKeyword KwReturn},Located {locSpan = SourceSpan {spanFilename = \"<input>\", spanStart = SourcePos {posLine = 235, posColumn = 12}, spanEnd = SourcePos {posLine = 235, posColumn = 18}}, locValue = TokenIdent \"result\"},Located {locSpan = SourceSpan {spanFilename = \"<input>\", spanStart = SourcePos {posLine = 235, posColumn = 1}, spanEnd = SourcePos {posLine = 236, posColumn = 1}}, locValue = TokenNewline},Located {locSpan = SourceSpan {spanFilename = \"<input>\", spanStart = SourcePos {posLine = 236, posColumn = 1}, spanEnd = SourcePos {posLine = 236, posColumn = 1}}, locValue = TokenDedent 4},Located {locSpan = SourceSpan {spanFilename = \"<input>\", spanStart = SourcePos {posLine = 236, posColumn = 1}, spanEnd = SourcePos {posLine = 236, posColumn = 4}}, locValue = TokenKeyword KwDef},Located {locSpan = SourceSpan {spanFilename = \"<input>\", spanStart = SourcePos {posLine = 236, posColumn = 5}, spanEnd = SourcePos {posLine = 236, posColumn = 16}}, locValue = TokenIdent \"function_59\"},Located {locSpan = SourceSpan {spanFilename = \"<input>\", spanStart = SourcePos {posLine = 236, posColumn = 16}, spanEnd = SourcePos {posLine = 236, posColumn = 17}}, locValue = TokenDelimiter DelimLeftParen},Located {locSpan = SourceSpan {spanFilename = \"<input>\", spanStart = SourcePos {posLine = 236, posColumn = 17}, spanEnd = SourcePos {posLine = 236, posColumn = 18}}, locValue = TokenIdent \"x\"},Located {locSpan = SourceSpan {spanFilename = \"<input>\", spanStart = SourcePos {posLine = 236, posColumn = 18}, spanEnd = SourcePos {posLine = 236, posColumn = 19}}, locValue = TokenDelimiter DelimRightParen},Located {locSpan = SourceSpan {spanFilename = \"<input>\", spanStart = SourcePos {posLine = 236, posColumn = 19}, spanEnd = SourcePos {posLine = 236, posColumn = 20}}, locValue = TokenDelimiter DelimColon},Located {locSpan = SourceSpan {spanFilename = \"<input>\", spanStart = SourcePos {posLine = 236, posColumn = 1}, spanEnd = SourcePos {posLine = 237, posColumn = 1}}, locValue = TokenNewline},Located {locSpan = SourceSpan {spanFilename = \"<input>\", spanStart = SourcePos {posLine = 237, posColumn = 1}, spanEnd = SourcePos {posLine = 237, posColumn = 5}}, locValue = TokenIndent 4},Located {locSpan = SourceSpan {spanFilename = \"<input>\", spanStart = SourcePos {posLine = 237, posColumn = 5}, spanEnd = SourcePos {posLine = 237, posColumn = 33}}, locValue = TokenComment \"# Function 59 implementation\"},Located {locSpan = SourceSpan {spanFilename = \"<input>\", spanStart = SourcePos {posLine = 237, posColumn = 1}, spanEnd = SourcePos {posLine = 238, posColumn = 1}}, locValue = TokenNewline},Located {locSpan = SourceSpan {spanFilename = \"<input>\", spanStart = SourcePos {posLine = 238, posColumn = 5}, spanEnd = SourcePos {posLine = 238, posColumn = 11}}, locValue = TokenIdent \"result\"},Located {locSpan = SourceSpan {spanFilename = \"<input>\", spanStart = SourcePos {posLine = 238, posColumn = 12}, spanEnd = SourcePos {posLine = 238, posColumn = 13}}, locValue = TokenOperator OpAssign},Located {locSpan = SourceSpan {spanFilename = \"<input>\", spanStart = SourcePos {posLine = 238, posColumn = 14}, spanEnd = SourcePos {posLine = 238, posColumn = 15}}, locValue = TokenIdent \"x\"},Located {locSpan = SourceSpan {spanFilename = \"<input>\", spanStart = SourcePos {posLine = 238, posColumn = 16}, spanEnd = SourcePos {posLine = 238, posColumn = 17}}, locValue = TokenOperator OpMult},Located {locSpan = SourceSpan {spanFilename = \"<input>\", spanStart = SourcePos {posLine = 238, posColumn = 18}, spanEnd = SourcePos {posLine = 238, posColumn = 20}}, locValue = TokenNumber \"59\" False},Located {locSpan = SourceSpan {spanFilename = \"<input>\", spanStart = SourcePos {posLine = 238, posColumn = 21}, spanEnd = SourcePos {posLine = 238, posColumn = 22}}, locValue = TokenOperator OpPlus},Located {locSpan = SourceSpan {spanFilename = \"<input>\", spanStart = SourcePos {posLine = 238, posColumn = 23}, spanEnd = SourcePos {posLine = 238, posColumn = 27}}, locValue = TokenIdent \"math\"},Located {locSpan = SourceSpan {spanFilename = \"<input>\", spanStart = SourcePos {posLine = 238, posColumn = 27}, spanEnd = SourcePos {posLine = 238, posColumn = 28}}, locValue = TokenDelimiter DelimDot},Located {locSpan = SourceSpan {spanFilename = \"<input>\", spanStart = SourcePos {posLine = 238, posColumn = 28}, spanEnd = SourcePos {posLine = 238, posColumn = 32}}, locValue = TokenIdent \"sqrt\"},Located {locSpan = SourceSpan {spanFilename = \"<input>\", spanStart = SourcePos {posLine = 238, posColumn = 32}, spanEnd = SourcePos {posLine = 238, posColumn = 33}}, locValue = TokenDelimiter DelimLeftParen},Located {locSpan = SourceSpan {spanFilename = \"<input>\", spanStart = SourcePos {posLine = 238, posColumn = 33}, spanEnd = SourcePos {posLine = 238, posColumn = 35}}, locValue = TokenNumber \"59\" False},Located {locSpan = SourceSpan {spanFilename = \"<input>\", spanStart = SourcePos {posLine = 238, posColumn = 35}, spanEnd = SourcePos {posLine = 238, posColumn = 36}}, locValue = TokenDelimiter DelimRightParen},Located {locSpan = SourceSpan {spanFilename = \"<input>\", spanStart = SourcePos {posLine = 238, posColumn = 1}, spanEnd = SourcePos {posLine = 239, posColumn = 1}}, locValue = TokenNewline},Located {locSpan = SourceSpan {spanFilename = \"<input>\", spanStart = SourcePos {posLine = 239, posColumn = 5}, spanEnd = SourcePos {posLine = 239, posColumn = 11}}, locValue = TokenKeyword KwReturn},Located {locSpan = SourceSpan {spanFilename = \"<input>\", spanStart = SourcePos {posLine = 239, posColumn = 12}, spanEnd = SourcePos {posLine = 239, posColumn = 18}}, locValue = TokenIdent \"result\"},Located {locSpan = SourceSpan {spanFilename = \"<input>\", spanStart = SourcePos {posLine = 239, posColumn = 1}, spanEnd = SourcePos {posLine = 240, posColumn = 1}}, locValue = TokenNewline},Located {locSpan = SourceSpan {spanFilename = \"<input>\", spanStart = SourcePos {posLine = 240, posColumn = 1}, spanEnd = SourcePos {posLine = 240, posColumn = 1}}, locValue = TokenDedent 4},Located {locSpan = SourceSpan {spanFilename = \"<input>\", spanStart = SourcePos {posLine = 240, posColumn = 1}, spanEnd = SourcePos {posLine = 240, posColumn = 4}}, locValue = TokenKeyword KwDef},Located {locSpan = SourceSpan {spanFilename = \"<input>\", spanStart = SourcePos {posLine = 240, posColumn = 5}, spanEnd = SourcePos {posLine = 240, posColumn = 16}}, locValue = TokenIdent \"function_60\"},Located {locSpan = SourceSpan {spanFilename = \"<input>\", spanStart = SourcePos {posLine = 240, posColumn = 16}, spanEnd = SourcePos {posLine = 240, posColumn = 17}}, locValue = TokenDelimiter DelimLeftParen},Located {locSpan = SourceSpan {spanFilename = \"<input>\", spanStart = SourcePos {posLine = 240, posColumn = 17}, spanEnd = SourcePos {posLine = 240, posColumn = 18}}, locValue = TokenIdent \"x\"},Located {locSpan = SourceSpan {spanFilename = \"<input>\", spanStart = SourcePos {posLine = 240, posColumn = 18}, spanEnd = SourcePos {posLine = 240, posColumn = 19}}, locValue = TokenDelimiter DelimRightParen},Located {locSpan = SourceSpan {spanFilename = \"<input>\", spanStart = SourcePos {posLine = 240, posColumn = 19}, spanEnd = SourcePos {posLine = 240, posColumn = 20}}, locValue = TokenDelimiter DelimColon},Located {locSpan = SourceSpan {spanFilename = \"<input>\", spanStart = SourcePos {posLine = 240, posColumn = 1}, spanEnd = SourcePos {posLine = 241, posColumn = 1}}, locValue = TokenNewline},Located {locSpan = SourceSpan {spanFilename = \"<input>\", spanStart = SourcePos {posLine = 241, posColumn = 1}, spanEnd = SourcePos {posLine = 241, posColumn = 5}}, locValue = TokenIndent 4},Located {locSpan = SourceSpan {spanFilename = \"<input>\", spanStart = SourcePos {posLine = 241, posColumn = 5}, spanEnd = SourcePos {posLine = 241, posColumn = 33}}, locValue = TokenComment \"# Function 60 implementation\"},Located {locSpan = SourceSpan {spanFilename = \"<input>\", spanStart = SourcePos {posLine = 241, posColumn = 1}, spanEnd = SourcePos {posLine = 242, posColumn = 1}}, locValue = TokenNewline},Located {locSpan = SourceSpan {spanFilename = \"<input>\", spanStart = SourcePos {posLine = 242, posColumn = 5}, spanEnd = SourcePos {posLine = 242, posColumn = 11}}, locValue = TokenIdent \"result\"},Located {locSpan = SourceSpan {spanFilename = \"<input>\", spanStart = SourcePos {posLine = 242, posColumn = 12}, spanEnd = SourcePos {posLine = 242, posColumn = 13}}, locValue = TokenOperator OpAssign},Located {locSpan = SourceSpan {spanFilename = \"<input>\", spanStart = SourcePos {posLine = 242, posColumn = 14}, spanEnd = SourcePos {posLine = 242, posColumn = 15}}, locValue = TokenIdent \"x\"},Located {locSpan = SourceSpan {spanFilename = \"<input>\", spanStart = SourcePos {posLine = 242, posColumn = 16}, spanEnd = SourcePos {posLine = 242, posColumn = 17}}, locValue = TokenOperator OpMult},Located {locSpan = SourceSpan {spanFilename = \"<input>\", spanStart = SourcePos {posLine = 242, posColumn = 18}, spanEnd = SourcePos {posLine = 242, posColumn = 20}}, locValue = TokenNumber \"60\" False},Located {locSpan = SourceSpan {spanFilename = \"<input>\", spanStart = SourcePos {posLine = 242, posColumn = 21}, spanEnd = SourcePos {posLine = 242, posColumn = 22}}, locValue = TokenOperator OpPlus},Located {locSpan = SourceSpan {spanFilename = \"<input>\", spanStart = SourcePos {posLine = 242, posColumn = 23}, spanEnd = SourcePos {posLine = 242, posColumn = 27}}, locValue = TokenIdent \"math\"},Located {locSpan = SourceSpan {spanFilename = \"<input>\", spanStart = SourcePos {posLine = 242, posColumn = 27}, spanEnd = SourcePos {posLine = 242, posColumn = 28}}, locValue = TokenDelimiter DelimDot},Located {locSpan = SourceSpan {spanFilename = \"<input>\", spanStart = SourcePos {posLine = 242, posColumn = 28}, spanEnd = SourcePos {posLine = 242, posColumn = 32}}, locValue = TokenIdent \"sqrt\"},Located {locSpan = SourceSpan {spanFilename = \"<input>\", spanStart = SourcePos {posLine = 242, posColumn = 32}, spanEnd = SourcePos {posLine = 242, posColumn = 33}}, locValue = TokenDelimiter DelimLeftParen},Located {locSpan = SourceSpan {spanFilename = \"<input>\", spanStart = SourcePos {posLine = 242, posColumn = 33}, spanEnd = SourcePos {posLine = 242, posColumn = 35}}, locValue = TokenNumber \"60\" False},Located {locSpan = SourceSpan {spanFilename = \"<input>\", spanStart = SourcePos {posLine = 242, posColumn = 35}, spanEnd = SourcePos {posLine = 242, posColumn = 36}}, locValue = TokenDelimiter DelimRightParen},Located {locSpan = SourceSpan {spanFilename = \"<input>\", spanStart = SourcePos {posLine = 242, posColumn = 1}, spanEnd = SourcePos {posLine = 243, posColumn = 1}}, locValue = TokenNewline},Located {locSpan = SourceSpan {spanFilename = \"<input>\", spanStart = SourcePos {posLine = 243, posColumn = 5}, spanEnd = SourcePos {posLine = 243, posColumn = 11}}, locValue = TokenKeyword KwReturn},Located {locSpan = SourceSpan {spanFilename = \"<input>\", spanStart = SourcePos {posLine = 243, posColumn = 12}, spanEnd = SourcePos {posLine = 243, posColumn = 18}}, locValue = TokenIdent \"result\"},Located {locSpan = SourceSpan {spanFilename = \"<input>\", spanStart = SourcePos {posLine = 243, posColumn = 1}, spanEnd = SourcePos {posLine = 244, posColumn = 1}}, locValue = TokenNewline},Located {locSpan = SourceSpan {spanFilename = \"<input>\", spanStart = SourcePos {posLine = 244, posColumn = 1}, spanEnd = SourcePos {posLine = 244, posColumn = 1}}, locValue = TokenDedent 4},Located {locSpan = SourceSpan {spanFilename = \"<input>\", spanStart = SourcePos {posLine = 244, posColumn = 1}, spanEnd = SourcePos {posLine = 244, posColumn = 4}}, locValue = TokenKeyword KwDef},Located {locSpan = SourceSpan {spanFilename = \"<input>\", spanStart = SourcePos {posLine = 244, posColumn = 5}, spanEnd = SourcePos {posLine = 244, posColumn = 16}}, locValue = TokenIdent \"function_61\"},Located {locSpan = SourceSpan {spanFilename = \"<input>\", spanStart = SourcePos {posLine = 244, posColumn = 16}, spanEnd = SourcePos {posLine = 244, posColumn = 17}}, locValue = TokenDelimiter DelimLeftParen},Located {locSpan = SourceSpan {spanFilename = \"<input>\", spanStart = SourcePos {posLine = 244, posColumn = 17}, spanEnd = SourcePos {posLine = 244, posColumn = 18}}, locValue = TokenIdent \"x\"},Located {locSpan = SourceSpan {spanFilename = \"<input>\", spanStart = SourcePos {posLine = 244, posColumn = 18}, spanEnd = SourcePos {posLine = 244, posColumn = 19}}, locValue = TokenDelimiter DelimRightParen},Located {locSpan = SourceSpan {spanFilename = \"<input>\", spanStart = SourcePos {posLine = 244, posColumn = 19}, spanEnd = SourcePos {posLine = 244, posColumn = 20}}, locValue = TokenDelimiter DelimColon},Located {locSpan = SourceSpan {spanFilename = \"<input>\", spanStart = SourcePos {posLine = 244, posColumn = 1}, spanEnd = SourcePos {posLine = 245, posColumn = 1}}, locValue = TokenNewline},Located {locSpan = SourceSpan {spanFilename = \"<input>\", spanStart = SourcePos {posLine = 245, posColumn = 1}, spanEnd = SourcePos {posLine = 245, posColumn = 5}}, locValue = TokenIndent 4},Located {locSpan = SourceSpan {spanFilename = \"<input>\", spanStart = SourcePos {posLine = 245, posColumn = 5}, spanEnd = SourcePos {posLine = 245, posColumn = 33}}, locValue = TokenComment \"# Function 61 implementation\"},Located {locSpan = SourceSpan {spanFilename = \"<input>\", spanStart = SourcePos {posLine = 245, posColumn = 1}, spanEnd = SourcePos {posLine = 246, posColumn = 1}}, locValue = TokenNewline},Located {locSpan = SourceSpan {spanFilename = \"<input>\", spanStart = SourcePos {posLine = 246, posColumn = 5}, spanEnd = SourcePos {posLine = 246, posColumn = 11}}, locValue = TokenIdent \"result\"},Located {locSpan = SourceSpan {spanFilename = \"<input>\", spanStart = SourcePos {posLine = 246, posColumn = 12}, spanEnd = SourcePos {posLine = 246, posColumn = 13}}, locValue = TokenOperator OpAssign},Located {locSpan = SourceSpan {spanFilename = \"<input>\", spanStart = SourcePos {posLine = 246, posColumn = 14}, spanEnd = SourcePos {posLine = 246, posColumn = 15}}, locValue = TokenIdent \"x\"},Located {locSpan = SourceSpan {spanFilename = \"<input>\", spanStart = SourcePos {posLine = 246, posColumn = 16}, spanEnd = SourcePos {posLine = 246, posColumn = 17}}, locValue = TokenOperator OpMult},Located {locSpan = SourceSpan {spanFilename = \"<input>\", spanStart = SourcePos {posLine = 246, posColumn = 18}, spanEnd = SourcePos {posLine = 246, posColumn = 20}}, locValue = TokenNumber \"61\" False},Located {locSpan = SourceSpan {spanFilename = \"<input>\", spanStart = SourcePos {posLine = 246, posColumn = 21}, spanEnd = SourcePos {posLine = 246, posColumn = 22}}, locValue = TokenOperator OpPlus},Located {locSpan = SourceSpan {spanFilename = \"<input>\", spanStart = SourcePos {posLine = 246, posColumn = 23}, spanEnd = SourcePos {posLine = 246, posColumn = 27}}, locValue = TokenIdent \"math\"},Located {locSpan = SourceSpan {spanFilename = \"<input>\", spanStart = SourcePos {posLine = 246, posColumn = 27}, spanEnd = SourcePos {posLine = 246, posColumn = 28}}, locValue = TokenDelimiter DelimDot},Located {locSpan = SourceSpan {spanFilename = \"<input>\", spanStart = SourcePos {posLine = 246, posColumn = 28}, spanEnd = SourcePos {posLine = 246, posColumn = 32}}, locValue = TokenIdent \"sqrt\"},Located {locSpan = SourceSpan {spanFilename = \"<input>\", spanStart = SourcePos {posLine = 246, posColumn = 32}, spanEnd = SourcePos {posLine = 246, posColumn = 33}}, locValue = TokenDelimiter DelimLeftParen},Located {locSpan = SourceSpan {spanFilename = \"<input>\", spanStart = SourcePos {posLine = 246, posColumn = 33}, spanEnd = SourcePos {posLine = 246, posColumn = 35}}, locValue = TokenNumber \"61\" False},Located {locSpan = SourceSpan {spanFilename = \"<input>\", spanStart = SourcePos {posLine = 246, posColumn = 35}, spanEnd = SourcePos {posLine = 246, posColumn = 36}}, locValue = TokenDelimiter DelimRightParen},Located {locSpan = SourceSpan {spanFilename = \"<input>\", spanStart = SourcePos {posLine = 246, posColumn = 1}, spanEnd = SourcePos {posLine = 247, posColumn = 1}}, locValue = TokenNewline},Located {locSpan = SourceSpan {spanFilename = \"<input>\", spanStart = SourcePos {posLine = 247, posColumn = 5}, spanEnd = SourcePos {posLine = 247, posColumn = 11}}, locValue = TokenKeyword KwReturn},Located {locSpan = SourceSpan {spanFilename = \"<input>\", spanStart = SourcePos {posLine = 247, posColumn = 12}, spanEnd = SourcePos {posLine = 247, posColumn = 18}}, locValue = TokenIdent \"result\"},Located {locSpan = SourceSpan {spanFilename = \"<input>\", spanStart = SourcePos {posLine = 247, posColumn = 1}, spanEnd = SourcePos {posLine = 248, posColumn = 1}}, locValue = TokenNewline},Located {locSpan = SourceSpan {spanFilename = \"<input>\", spanStart = SourcePos {posLine = 248, posColumn = 1}, spanEnd = SourcePos {posLine = 248, posColumn = 1}}, locValue = TokenDedent 4},Located {locSpan = SourceSpan {spanFilename = \"<input>\", spanStart = SourcePos {posLine = 248, posColumn = 1}, spanEnd = SourcePos {posLine = 248, posColumn = 4}}, locValue = TokenKeyword KwDef},Located {locSpan = SourceSpan {spanFilename = \"<input>\", spanStart = SourcePos {posLine = 248, posColumn = 5}, spanEnd = SourcePos {posLine = 248, posColumn = 16}}, locValue = TokenIdent \"function_62\"},Located {locSpan = SourceSpan {spanFilename = \"<input>\", spanStart = SourcePos {posLine = 248, posColumn = 16}, spanEnd = SourcePos {posLine = 248, posColumn = 17}}, locValue = TokenDelimiter DelimLeftParen},Located {locSpan = SourceSpan {spanFilename = \"<input>\", spanStart = SourcePos {posLine = 248, posColumn = 17}, spanEnd = SourcePos {posLine = 248, posColumn = 18}}, locValue = TokenIdent \"x\"},Located {locSpan = SourceSpan {spanFilename = \"<input>\", spanStart = SourcePos {posLine = 248, posColumn = 18}, spanEnd = SourcePos {posLine = 248, posColumn = 19}}, locValue = TokenDelimiter DelimRightParen},Located {locSpan = SourceSpan {spanFilename = \"<input>\", spanStart = SourcePos {posLine = 248, posColumn = 19}, spanEnd = SourcePos {posLine = 248, posColumn = 20}}, locValue = TokenDelimiter DelimColon},Located {locSpan = SourceSpan {spanFilename = \"<input>\", spanStart = SourcePos {posLine = 248, posColumn = 1}, spanEnd = SourcePos {posLine = 249, posColumn = 1}}, locValue = TokenNewline},Located {locSpan = SourceSpan {spanFilename = \"<input>\", spanStart = SourcePos {posLine = 249, posColumn = 1}, spanEnd = SourcePos {posLine = 249, posColumn = 5}}, locValue = TokenIndent 4},Located {locSpan = SourceSpan {spanFilename = \"<input>\", spanStart = SourcePos {posLine = 249, posColumn = 5}, spanEnd = SourcePos {posLine = 249, posColumn = 33}}, locValue = TokenComment \"# Function 62 implementation\"},Located {locSpan = SourceSpan {spanFilename = \"<input>\", spanStart = SourcePos {posLine = 249, posColumn = 1}, spanEnd = SourcePos {posLine = 250, posColumn = 1}}, locValue = TokenNewline},Located {locSpan = SourceSpan {spanFilename = \"<input>\", spanStart = SourcePos {posLine = 250, posColumn = 5}, spanEnd = SourcePos {posLine = 250, posColumn = 11}}, locValue = TokenIdent \"result\"},Located {locSpan = SourceSpan {spanFilename = \"<input>\", spanStart = SourcePos {posLine = 250, posColumn = 12}, spanEnd = SourcePos {posLine = 250, posColumn = 13}}, locValue = TokenOperator OpAssign},Located {locSpan = SourceSpan {spanFilename = \"<input>\", spanStart = SourcePos {posLine = 250, posColumn = 14}, spanEnd = SourcePos {posLine = 250, posColumn = 15}}, locValue = TokenIdent \"x\"},Located {locSpan = SourceSpan {spanFilename = \"<input>\", spanStart = SourcePos {posLine = 250, posColumn = 16}, spanEnd = SourcePos {posLine = 250, posColumn = 17}}, locValue = TokenOperator OpMult},Located {locSpan = SourceSpan {spanFilename = \"<input>\", spanStart = SourcePos {posLine = 250, posColumn = 18}, spanEnd = SourcePos {posLine = 250, posColumn = 20}}, locValue = TokenNumber \"62\" False},Located {locSpan = SourceSpan {spanFilename = \"<input>\", spanStart = SourcePos {posLine = 250, posColumn = 21}, spanEnd = SourcePos {posLine = 250, posColumn = 22}}, locValue = TokenOperator OpPlus},Located {locSpan = SourceSpan {spanFilename = \"<input>\", spanStart = SourcePos {posLine = 250, posColumn = 23}, spanEnd = SourcePos {posLine = 250, posColumn = 27}}, locValue = TokenIdent \"math\"},Located {locSpan = SourceSpan {spanFilename = \"<input>\", spanStart = SourcePos {posLine = 250, posColumn = 27}, spanEnd = SourcePos {posLine = 250, posColumn = 28}}, locValue = TokenDelimiter DelimDot},Located {locSpan = SourceSpan {spanFilename = \"<input>\", spanStart = SourcePos {posLine = 250, posColumn = 28}, spanEnd = SourcePos {posLine = 250, posColumn = 32}}, locValue = TokenIdent \"sqrt\"},Located {locSpan = SourceSpan {spanFilename = \"<input>\", spanStart = SourcePos {posLine = 250, posColumn = 32}, spanEnd = SourcePos {posLine = 250, posColumn = 33}}, locValue = TokenDelimiter DelimLeftParen},Located {locSpan = SourceSpan {spanFilename = \"<input>\", spanStart = SourcePos {posLine = 250, posColumn = 33}, spanEnd = SourcePos {posLine = 250, posColumn = 35}}, locValue = TokenNumber \"62\" False},Located {locSpan = SourceSpan {spanFilename = \"<input>\", spanStart = SourcePos {posLine = 250, posColumn = 35}, spanEnd = SourcePos {posLine = 250, posColumn = 36}}, locValue = TokenDelimiter DelimRightParen},Located {locSpan = SourceSpan {spanFilename = \"<input>\", spanStart = SourcePos {posLine = 250, posColumn = 1}, spanEnd = SourcePos {posLine = 251, posColumn = 1}}, locValue = TokenNewline},Located {locSpan = SourceSpan {spanFilename = \"<input>\", spanStart = SourcePos {posLine = 251, posColumn = 5}, spanEnd = SourcePos {posLine = 251, posColumn = 11}}, locValue = TokenKeyword KwReturn},Located {locSpan = SourceSpan {spanFilename = \"<input>\", spanStart = SourcePos {posLine = 251, posColumn = 12}, spanEnd = SourcePos {posLine = 251, posColumn = 18}}, locValue = TokenIdent \"result\"},Located {locSpan = SourceSpan {spanFilename = \"<input>\", spanStart = SourcePos {posLine = 251, posColumn = 1}, spanEnd = SourcePos {posLine = 252, posColumn = 1}}, locValue = TokenNewline},Located {locSpan = SourceSpan {spanFilename = \"<input>\", spanStart = SourcePos {posLine = 252, posColumn = 1}, spanEnd = SourcePos {posLine = 252, posColumn = 1}}, locValue = TokenDedent 4},Located {locSpan = SourceSpan {spanFilename = \"<input>\", spanStart = SourcePos {posLine = 252, posColumn = 1}, spanEnd = SourcePos {posLine = 252, posColumn = 4}}, locValue = TokenKeyword KwDef},Located {locSpan = SourceSpan {spanFilename = \"<input>\", spanStart = SourcePos {posLine = 252, posColumn = 5}, spanEnd = SourcePos {posLine = 252, posColumn = 16}}, locValue = TokenIdent \"function_63\"},Located {locSpan = SourceSpan {spanFilename = \"<input>\", spanStart = SourcePos {posLine = 252, posColumn = 16}, spanEnd = SourcePos {posLine = 252, posColumn = 17}}, locValue = TokenDelimiter DelimLeftParen},Located {locSpan = SourceSpan {spanFilename = \"<input>\", spanStart = SourcePos {posLine = 252, posColumn = 17}, spanEnd = SourcePos {posLine = 252, posColumn = 18}}, locValue = TokenIdent \"x\"},Located {locSpan = SourceSpan {spanFilename = \"<input>\", spanStart = SourcePos {posLine = 252, posColumn = 18}, spanEnd = SourcePos {posLine = 252, posColumn = 19}}, locValue = TokenDelimiter DelimRightParen},Located {locSpan = SourceSpan {spanFilename = \"<input>\", spanStart = SourcePos {posLine = 252, posColumn = 19}, spanEnd = SourcePos {posLine = 252, posColumn = 20}}, locValue = TokenDelimiter DelimColon},Located {locSpan = SourceSpan {spanFilename = \"<input>\", spanStart = SourcePos {posLine = 252, posColumn = 1}, spanEnd = SourcePos {posLine = 253, posColumn = 1}}, locValue = TokenNewline},Located {locSpan = SourceSpan {spanFilename = \"<input>\", spanStart = SourcePos {posLine = 253, posColumn = 1}, spanEnd = SourcePos {posLine = 253, posColumn = 5}}, locValue = TokenIndent 4},Located {locSpan = SourceSpan {spanFilename = \"<input>\", spanStart = SourcePos {posLine = 253, posColumn = 5}, spanEnd = SourcePos {posLine = 253, posColumn = 33}}, locValue = TokenComment \"# Function 63 implementation\"},Located {locSpan = SourceSpan {spanFilename = \"<input>\", spanStart = SourcePos {posLine = 253, posColumn = 1}, spanEnd = SourcePos {posLine = 254, posColumn = 1}}, locValue = TokenNewline},Located {locSpan = SourceSpan {spanFilename = \"<input>\", spanStart = SourcePos {posLine = 254, posColumn = 5}, spanEnd = SourcePos {posLine = 254, posColumn = 11}}, locValue = TokenIdent \"result\"},Located {locSpan = SourceSpan {spanFilename = \"<input>\", spanStart = SourcePos {posLine = 254, posColumn = 12}, spanEnd = SourcePos {posLine = 254, posColumn = 13}}, locValue = TokenOperator OpAssign},Located {locSpan = SourceSpan {spanFilename = \"<input>\", spanStart = SourcePos {posLine = 254, posColumn = 14}, spanEnd = SourcePos {posLine = 254, posColumn = 15}}, locValue = TokenIdent \"x\"},Located {locSpan = SourceSpan {spanFilename = \"<input>\", spanStart = SourcePos {posLine = 254, posColumn = 16}, spanEnd = SourcePos {posLine = 254, posColumn = 17}}, locValue = TokenOperator OpMult},Located {locSpan = SourceSpan {spanFilename = \"<input>\", spanStart = SourcePos {posLine = 254, posColumn = 18}, spanEnd = SourcePos {posLine = 254, posColumn = 20}}, locValue = TokenNumber \"63\" False},Located {locSpan = SourceSpan {spanFilename = \"<input>\", spanStart = SourcePos {posLine = 254, posColumn = 21}, spanEnd = SourcePos {posLine = 254, posColumn = 22}}, locValue = TokenOperator OpPlus},Located {locSpan = SourceSpan {spanFilename = \"<input>\", spanStart = SourcePos {posLine = 254, posColumn = 23}, spanEnd = SourcePos {posLine = 254, posColumn = 27}}, locValue = TokenIdent \"math\"},Located {locSpan = SourceSpan {spanFilename = \"<input>\", spanStart = SourcePos {posLine = 254, posColumn = 27}, spanEnd = SourcePos {posLine = 254, posColumn = 28}}, locValue = TokenDelimiter DelimDot},Located {locSpan = SourceSpan {spanFilename = \"<input>\", spanStart = SourcePos {posLine = 254, posColumn = 28}, spanEnd = SourcePos {posLine = 254, posColumn = 32}}, locValue = TokenIdent \"sqrt\"},Located {locSpan = SourceSpan {spanFilename = \"<input>\", spanStart = SourcePos {posLine = 254, posColumn = 32}, spanEnd = SourcePos {posLine = 254, posColumn = 33}}, locValue = TokenDelimiter DelimLeftParen},Located {locSpan = SourceSpan {spanFilename = \"<input>\", spanStart = SourcePos {posLine = 254, posColumn = 33}, spanEnd = SourcePos {posLine = 254, posColumn = 35}}, locValue = TokenNumber \"63\" False},Located {locSpan = SourceSpan {spanFilename = \"<input>\", spanStart = SourcePos {posLine = 254, posColumn = 35}, spanEnd = SourcePos {posLine = 254, posColumn = 36}}, locValue = TokenDelimiter DelimRightParen},Located {locSpan = SourceSpan {spanFilename = \"<input>\", spanStart = SourcePos {posLine = 254, posColumn = 1}, spanEnd = SourcePos {posLine = 255, posColumn = 1}}, locValue = TokenNewline},Located {locSpan = SourceSpan {spanFilename = \"<input>\", spanStart = SourcePos {posLine = 255, posColumn = 5}, spanEnd = SourcePos {posLine = 255, posColumn = 11}}, locValue = TokenKeyword KwReturn},Located {locSpan = SourceSpan {spanFilename = \"<input>\", spanStart = SourcePos {posLine = 255, posColumn = 12}, spanEnd = SourcePos {posLine = 255, posColumn = 18}}, locValue = TokenIdent \"result\"},Located {locSpan = SourceSpan {spanFilename = \"<input>\", spanStart = SourcePos {posLine = 255, posColumn = 1}, spanEnd = SourcePos {posLine = 256, posColumn = 1}}, locValue = TokenNewline},Located {locSpan = SourceSpan {spanFilename = \"<input>\", spanStart = SourcePos {posLine = 256, posColumn = 1}, spanEnd = SourcePos {posLine = 256, posColumn = 1}}, locValue = TokenDedent 4},Located {locSpan = SourceSpan {spanFilename = \"<input>\", spanStart = SourcePos {posLine = 256, posColumn = 1}, spanEnd = SourcePos {posLine = 256, posColumn = 4}}, locValue = TokenKeyword KwDef},Located {locSpan = SourceSpan {spanFilename = \"<input>\", spanStart = SourcePos {posLine = 256, posColumn = 5}, spanEnd = SourcePos {posLine = 256, posColumn = 16}}, locValue = TokenIdent \"function_64\"},Located {locSpan = SourceSpan {spanFilename = \"<input>\", spanStart = SourcePos {posLine = 256, posColumn = 16}, spanEnd = SourcePos {posLine = 256, posColumn = 17}}, locValue = TokenDelimiter DelimLeftParen},Located {locSpan = SourceSpan {spanFilename = \"<input>\", spanStart = SourcePos {posLine = 256, posColumn = 17}, spanEnd = SourcePos {posLine = 256, posColumn = 18}}, locValue = TokenIdent \"x\"},Located {locSpan = SourceSpan {spanFilename = \"<input>\", spanStart = SourcePos {posLine = 256, posColumn = 18}, spanEnd = SourcePos {posLine = 256, posColumn = 19}}, locValue = TokenDelimiter DelimRightParen},Located {locSpan = SourceSpan {spanFilename = \"<input>\", spanStart = SourcePos {posLine = 256, posColumn = 19}, spanEnd = SourcePos {posLine = 256, posColumn = 20}}, locValue = TokenDelimiter DelimColon},Located {locSpan = SourceSpan {spanFilename = \"<input>\", spanStart = SourcePos {posLine = 256, posColumn = 1}, spanEnd = SourcePos {posLine = 257, posColumn = 1}}, locValue = TokenNewline},Located {locSpan = SourceSpan {spanFilename = \"<input>\", spanStart = SourcePos {posLine = 257, posColumn = 1}, spanEnd = SourcePos {posLine = 257, posColumn = 5}}, locValue = TokenIndent 4},Located {locSpan = SourceSpan {spanFilename = \"<input>\", spanStart = SourcePos {posLine = 257, posColumn = 5}, spanEnd = SourcePos {posLine = 257, posColumn = 33}}, locValue = TokenComment \"# Function 64 implementation\"},Located {locSpan = SourceSpan {spanFilename = \"<input>\", spanStart = SourcePos {posLine = 257, posColumn = 1}, spanEnd = SourcePos {posLine = 258, posColumn = 1}}, locValue = TokenNewline},Located {locSpan = SourceSpan {spanFilename = \"<input>\", spanStart = SourcePos {posLine = 258, posColumn = 5}, spanEnd = SourcePos {posLine = 258, posColumn = 11}}, locValue = TokenIdent \"result\"},Located {locSpan = SourceSpan {spanFilename = \"<input>\", spanStart = SourcePos {posLine = 258, posColumn = 12}, spanEnd = SourcePos {posLine = 258, posColumn = 13}}, locValue = TokenOperator OpAssign},Located {locSpan = SourceSpan {spanFilename = \"<input>\", spanStart = SourcePos {posLine = 258, posColumn = 14}, spanEnd = SourcePos {posLine = 258, posColumn = 15}}, locValue = TokenIdent \"x\"},Located {locSpan = SourceSpan {spanFilename = \"<input>\", spanStart = SourcePos {posLine = 258, posColumn = 16}, spanEnd = SourcePos {posLine = 258, posColumn = 17}}, locValue = TokenOperator OpMult},Located {locSpan = SourceSpan {spanFilename = \"<input>\", spanStart = SourcePos {posLine = 258, posColumn = 18}, spanEnd = SourcePos {posLine = 258, posColumn = 20}}, locValue = TokenNumber \"64\" False},Located {locSpan = SourceSpan {spanFilename = \"<input>\", spanStart = SourcePos {posLine = 258, posColumn = 21}, spanEnd = SourcePos {posLine = 258, posColumn = 22}}, locValue = TokenOperator OpPlus},Located {locSpan = SourceSpan {spanFilename = \"<input>\", spanStart = SourcePos {posLine = 258, posColumn = 23}, spanEnd = SourcePos {posLine = 258, posColumn = 27}}, locValue = TokenIdent \"math\"},Located {locSpan = SourceSpan {spanFilename = \"<input>\", spanStart = SourcePos {posLine = 258, posColumn = 27}, spanEnd = SourcePos {posLine = 258, posColumn = 28}}, locValue = TokenDelimiter DelimDot},Located {locSpan = SourceSpan {spanFilename = \"<input>\", spanStart = SourcePos {posLine = 258, posColumn = 28}, spanEnd = SourcePos {posLine = 258, posColumn = 32}}, locValue = TokenIdent \"sqrt\"},Located {locSpan = SourceSpan {spanFilename = \"<input>\", spanStart = SourcePos {posLine = 258, posColumn = 32}, spanEnd = SourcePos {posLine = 258, posColumn = 33}}, locValue = TokenDelimiter DelimLeftParen},Located {locSpan = SourceSpan {spanFilename = \"<input>\", spanStart = SourcePos {posLine = 258, posColumn = 33}, spanEnd = SourcePos {posLine = 258, posColumn = 35}}, locValue = TokenNumber \"64\" False},Located {locSpan = SourceSpan {spanFilename = \"<input>\", spanStart = SourcePos {posLine = 258, posColumn = 35}, spanEnd = SourcePos {posLine = 258, posColumn = 36}}, locValue = TokenDelimiter DelimRightParen},Located {locSpan = SourceSpan {spanFilename = \"<input>\", spanStart = SourcePos {posLine = 258, posColumn = 1}, spanEnd = SourcePos {posLine = 259, posColumn = 1}}, locValue = TokenNewline},Located {locSpan = SourceSpan {spanFilename = \"<input>\", spanStart = SourcePos {posLine = 259, posColumn = 5}, spanEnd = SourcePos {posLine = 259, posColumn = 11}}, locValue = TokenKeyword KwReturn},Located {locSpan = SourceSpan {spanFilename = \"<input>\", spanStart = SourcePos {posLine = 259, posColumn = 12}, spanEnd = SourcePos {posLine = 259, posColumn = 18}}, locValue = TokenIdent \"result\"},Located {locSpan = SourceSpan {spanFilename = \"<input>\", spanStart = SourcePos {posLine = 259, posColumn = 1}, spanEnd = SourcePos {posLine = 260, posColumn = 1}}, locValue = TokenNewline},Located {locSpan = SourceSpan {spanFilename = \"<input>\", spanStart = SourcePos {posLine = 260, posColumn = 1}, spanEnd = SourcePos {posLine = 260, posColumn = 1}}, locValue = TokenDedent 4},Located {locSpan = SourceSpan {spanFilename = \"<input>\", spanStart = SourcePos {posLine = 260, posColumn = 1}, spanEnd = SourcePos {posLine = 260, posColumn = 4}}, locValue = TokenKeyword KwDef},Located {locSpan = SourceSpan {spanFilename = \"<input>\", spanStart = SourcePos {posLine = 260, posColumn = 5}, spanEnd = SourcePos {posLine = 260, posColumn = 16}}, locValue = TokenIdent \"function_65\"},Located {locSpan = SourceSpan {spanFilename = \"<input>\", spanStart = SourcePos {posLine = 260, posColumn = 16}, spanEnd = SourcePos {posLine = 260, posColumn = 17}}, locValue = TokenDelimiter DelimLeftParen},Located {locSpan = SourceSpan {spanFilename = \"<input>\", spanStart = SourcePos {posLine = 260, posColumn = 17}, spanEnd = SourcePos {posLine = 260, posColumn = 18}}, locValue = TokenIdent \"x\"},Located {locSpan = SourceSpan {spanFilename = \"<input>\", spanStart = SourcePos {posLine = 260, posColumn = 18}, spanEnd = SourcePos {posLine = 260, posColumn = 19}}, locValue = TokenDelimiter DelimRightParen},Located {locSpan = SourceSpan {spanFilename = \"<input>\", spanStart = SourcePos {posLine = 260, posColumn = 19}, spanEnd = SourcePos {posLine = 260, posColumn = 20}}, locValue = TokenDelimiter DelimColon},Located {locSpan = SourceSpan {spanFilename = \"<input>\", spanStart = SourcePos {posLine = 260, posColumn = 1}, spanEnd = SourcePos {posLine = 261, posColumn = 1}}, locValue = TokenNewline},Located {locSpan = SourceSpan {spanFilename = \"<input>\", spanStart = SourcePos {posLine = 261, posColumn = 1}, spanEnd = SourcePos {posLine = 261, posColumn = 5}}, locValue = TokenIndent 4},Located {locSpan = SourceSpan {spanFilename = \"<input>\", spanStart = SourcePos {posLine = 261, posColumn = 5}, spanEnd = SourcePos {posLine = 261, posColumn = 33}}, locValue = TokenComment \"# Function 65 implementation\"},Located {locSpan = SourceSpan {spanFilename = \"<input>\", spanStart = SourcePos {posLine = 261, posColumn = 1}, spanEnd = SourcePos {posLine = 262, posColumn = 1}}, locValue = TokenNewline},Located {locSpan = SourceSpan {spanFilename = \"<input>\", spanStart = SourcePos {posLine = 262, posColumn = 5}, spanEnd = SourcePos {posLine = 262, posColumn = 11}}, locValue = TokenIdent \"result\"},Located {locSpan = SourceSpan {spanFilename = \"<input>\", spanStart = SourcePos {posLine = 262, posColumn = 12}, spanEnd = SourcePos {posLine = 262, posColumn = 13}}, locValue = TokenOperator OpAssign},Located {locSpan = SourceSpan {spanFilename = \"<input>\", spanStart = SourcePos {posLine = 262, posColumn = 14}, spanEnd = SourcePos {posLine = 262, posColumn = 15}}, locValue = TokenIdent \"x\"},Located {locSpan = SourceSpan {spanFilename = \"<input>\", spanStart = SourcePos {posLine = 262, posColumn = 16}, spanEnd = SourcePos {posLine = 262, posColumn = 17}}, locValue = TokenOperator OpMult},Located {locSpan = SourceSpan {spanFilename = \"<input>\", spanStart = SourcePos {posLine = 262, posColumn = 18}, spanEnd = SourcePos {posLine = 262, posColumn = 20}}, locValue = TokenNumber \"65\" False},Located {locSpan = SourceSpan {spanFilename = \"<input>\", spanStart = SourcePos {posLine = 262, posColumn = 21}, spanEnd = SourcePos {posLine = 262, posColumn = 22}}, locValue = TokenOperator OpPlus},Located {locSpan = SourceSpan {spanFilename = \"<input>\", spanStart = SourcePos {posLine = 262, posColumn = 23}, spanEnd = SourcePos {posLine = 262, posColumn = 27}}, locValue = TokenIdent \"math\"},Located {locSpan = SourceSpan {spanFilename = \"<input>\", spanStart = SourcePos {posLine = 262, posColumn = 27}, spanEnd = SourcePos {posLine = 262, posColumn = 28}}, locValue = TokenDelimiter DelimDot},Located {locSpan = SourceSpan {spanFilename = \"<input>\", spanStart = SourcePos {posLine = 262, posColumn = 28}, spanEnd = SourcePos {posLine = 262, posColumn = 32}}, locValue = TokenIdent \"sqrt\"},Located {locSpan = SourceSpan {spanFilename = \"<input>\", spanStart = SourcePos {posLine = 262, posColumn = 32}, spanEnd = SourcePos {posLine = 262, posColumn = 33}}, locValue = TokenDelimiter DelimLeftParen},Located {locSpan = SourceSpan {spanFilename = \"<input>\", spanStart = SourcePos {posLine = 262, posColumn = 33}, spanEnd = SourcePos {posLine = 262, posColumn = 35}}, locValue = TokenNumber \"65\" False},Located {locSpan = SourceSpan {spanFilename = \"<input>\", spanStart = SourcePos {posLine = 262, posColumn = 35}, spanEnd = SourcePos {posLine = 262, posColumn = 36}}, locValue = TokenDelimiter DelimRightParen},Located {locSpan = SourceSpan {spanFilename = \"<input>\", spanStart = SourcePos {posLine = 262, posColumn = 1}, spanEnd = SourcePos {posLine = 263, posColumn = 1}}, locValue = TokenNewline},Located {locSpan = SourceSpan {spanFilename = \"<input>\", spanStart = SourcePos {posLine = 263, posColumn = 5}, spanEnd = SourcePos {posLine = 263, posColumn = 11}}, locValue = TokenKeyword KwReturn},Located {locSpan = SourceSpan {spanFilename = \"<input>\", spanStart = SourcePos {posLine = 263, posColumn = 12}, spanEnd = SourcePos {posLine = 263, posColumn = 18}}, locValue = TokenIdent \"result\"},Located {locSpan = SourceSpan {spanFilename = \"<input>\", spanStart = SourcePos {posLine = 263, posColumn = 1}, spanEnd = SourcePos {posLine = 264, posColumn = 1}}, locValue = TokenNewline},Located {locSpan = SourceSpan {spanFilename = \"<input>\", spanStart = SourcePos {posLine = 264, posColumn = 1}, spanEnd = SourcePos {posLine = 264, posColumn = 1}}, locValue = TokenDedent 4},Located {locSpan = SourceSpan {spanFilename = \"<input>\", spanStart = SourcePos {posLine = 264, posColumn = 1}, spanEnd = SourcePos {posLine = 264, posColumn = 4}}, locValue = TokenKeyword KwDef},Located {locSpan = SourceSpan {spanFilename = \"<input>\", spanStart = SourcePos {posLine = 264, posColumn = 5}, spanEnd = SourcePos {posLine = 264, posColumn = 16}}, locValue = TokenIdent \"function_66\"},Located {locSpan = SourceSpan {spanFilename = \"<input>\", spanStart = SourcePos {posLine = 264, posColumn = 16}, spanEnd = SourcePos {posLine = 264, posColumn = 17}}, locValue = TokenDelimiter DelimLeftParen},Located {locSpan = SourceSpan {spanFilename = \"<input>\", spanStart = SourcePos {posLine = 264, posColumn = 17}, spanEnd = SourcePos {posLine = 264, posColumn = 18}}, locValue = TokenIdent \"x\"},Located {locSpan = SourceSpan {spanFilename = \"<input>\", spanStart = SourcePos {posLine = 264, posColumn = 18}, spanEnd = SourcePos {posLine = 264, posColumn = 19}}, locValue = TokenDelimiter DelimRightParen},Located {locSpan = SourceSpan {spanFilename = \"<input>\", spanStart = SourcePos {posLine = 264, posColumn = 19}, spanEnd = SourcePos {posLine = 264, posColumn = 20}}, locValue = TokenDelimiter DelimColon},Located {locSpan = SourceSpan {spanFilename = \"<input>\", spanStart = SourcePos {posLine = 264, posColumn = 1}, spanEnd = SourcePos {posLine = 265, posColumn = 1}}, locValue = TokenNewline},Located {locSpan = SourceSpan {spanFilename = \"<input>\", spanStart = SourcePos {posLine = 265, posColumn = 1}, spanEnd = SourcePos {posLine = 265, posColumn = 5}}, locValue = TokenIndent 4},Located {locSpan = SourceSpan {spanFilename = \"<input>\", spanStart = SourcePos {posLine = 265, posColumn = 5}, spanEnd = SourcePos {posLine = 265, posColumn = 33}}, locValue = TokenComment \"# Function 66 implementation\"},Located {locSpan = SourceSpan {spanFilename = \"<input>\", spanStart = SourcePos {posLine = 265, posColumn = 1}, spanEnd = SourcePos {posLine = 266, posColumn = 1}}, locValue = TokenNewline},Located {locSpan = SourceSpan {spanFilename = \"<input>\", spanStart = SourcePos {posLine = 266, posColumn = 5}, spanEnd = SourcePos {posLine = 266, posColumn = 11}}, locValue = TokenIdent \"result\"},Located {locSpan = SourceSpan {spanFilename = \"<input>\", spanStart = SourcePos {posLine = 266, posColumn = 12}, spanEnd = SourcePos {posLine = 266, posColumn = 13}}, locValue = TokenOperator OpAssign},Located {locSpan = SourceSpan {spanFilename = \"<input>\", spanStart = SourcePos {posLine = 266, posColumn = 14}, spanEnd = SourcePos {posLine = 266, posColumn = 15}}, locValue = TokenIdent \"x\"},Located {locSpan = SourceSpan {spanFilename = \"<input>\", spanStart = SourcePos {posLine = 266, posColumn = 16}, spanEnd = SourcePos {posLine = 266, posColumn = 17}}, locValue = TokenOperator OpMult},Located {locSpan = SourceSpan {spanFilename = \"<input>\", spanStart = SourcePos {posLine = 266, posColumn = 18}, spanEnd = SourcePos {posLine = 266, posColumn = 20}}, locValue = TokenNumber \"66\" False},Located {locSpan = SourceSpan {spanFilename = \"<input>\", spanStart = SourcePos {posLine = 266, posColumn = 21}, spanEnd = SourcePos {posLine = 266, posColumn = 22}}, locValue = TokenOperator OpPlus},Located {locSpan = SourceSpan {spanFilename = \"<input>\", spanStart = SourcePos {posLine = 266, posColumn = 23}, spanEnd = SourcePos {posLine = 266, posColumn = 27}}, locValue = TokenIdent \"math\"},Located {locSpan = SourceSpan {spanFilename = \"<input>\", spanStart = SourcePos {posLine = 266, posColumn = 27}, spanEnd = SourcePos {posLine = 266, posColumn = 28}}, locValue = TokenDelimiter DelimDot},Located {locSpan = SourceSpan {spanFilename = \"<input>\", spanStart = SourcePos {posLine = 266, posColumn = 28}, spanEnd = SourcePos {posLine = 266, posColumn = 32}}, locValue = TokenIdent \"sqrt\"},Located {locSpan = SourceSpan {spanFilename = \"<input>\", spanStart = SourcePos {posLine = 266, posColumn = 32}, spanEnd = SourcePos {posLine = 266, posColumn = 33}}, locValue = TokenDelimiter DelimLeftParen},Located {locSpan = SourceSpan {spanFilename = \"<input>\", spanStart = SourcePos {posLine = 266, posColumn = 33}, spanEnd = SourcePos {posLine = 266, posColumn = 35}}, locValue = TokenNumber \"66\" False},Located {locSpan = SourceSpan {spanFilename = \"<input>\", spanStart = SourcePos {posLine = 266, posColumn = 35}, spanEnd = SourcePos {posLine = 266, posColumn = 36}}, locValue = TokenDelimiter DelimRightParen},Located {locSpan = SourceSpan {spanFilename = \"<input>\", spanStart = SourcePos {posLine = 266, posColumn = 1}, spanEnd = SourcePos {posLine = 267, posColumn = 1}}, locValue = TokenNewline},Located {locSpan = SourceSpan {spanFilename = \"<input>\", spanStart = SourcePos {posLine = 267, posColumn = 5}, spanEnd = SourcePos {posLine = 267, posColumn = 11}}, locValue = TokenKeyword KwReturn},Located {locSpan = SourceSpan {spanFilename = \"<input>\", spanStart = SourcePos {posLine = 267, posColumn = 12}, spanEnd = SourcePos {posLine = 267, posColumn = 18}}, locValue = TokenIdent \"result\"},Located {locSpan = SourceSpan {spanFilename = \"<input>\", spanStart = SourcePos {posLine = 267, posColumn = 1}, spanEnd = SourcePos {posLine = 268, posColumn = 1}}, locValue = TokenNewline},Located {locSpan = SourceSpan {spanFilename = \"<input>\", spanStart = SourcePos {posLine = 268, posColumn = 1}, spanEnd = SourcePos {posLine = 268, posColumn = 1}}, locValue = TokenDedent 4},Located {locSpan = SourceSpan {spanFilename = \"<input>\", spanStart = SourcePos {posLine = 268, posColumn = 1}, spanEnd = SourcePos {posLine = 268, posColumn = 4}}, locValue = TokenKeyword KwDef},Located {locSpan = SourceSpan {spanFilename = \"<input>\", spanStart = SourcePos {posLine = 268, posColumn = 5}, spanEnd = SourcePos {posLine = 268, posColumn = 16}}, locValue = TokenIdent \"function_67\"},Located {locSpan = SourceSpan {spanFilename = \"<input>\", spanStart = SourcePos {posLine = 268, posColumn = 16}, spanEnd = SourcePos {posLine = 268, posColumn = 17}}, locValue = TokenDelimiter DelimLeftParen},Located {locSpan = SourceSpan {spanFilename = \"<input>\", spanStart = SourcePos {posLine = 268, posColumn = 17}, spanEnd = SourcePos {posLine = 268, posColumn = 18}}, locValue = TokenIdent \"x\"},Located {locSpan = SourceSpan {spanFilename = \"<input>\", spanStart = SourcePos {posLine = 268, posColumn = 18}, spanEnd = SourcePos {posLine = 268, posColumn = 19}}, locValue = TokenDelimiter DelimRightParen},Located {locSpan = SourceSpan {spanFilename = \"<input>\", spanStart = SourcePos {posLine = 268, posColumn = 19}, spanEnd = SourcePos {posLine = 268, posColumn = 20}}, locValue = TokenDelimiter DelimColon},Located {locSpan = SourceSpan {spanFilename = \"<input>\", spanStart = SourcePos {posLine = 268, posColumn = 1}, spanEnd = SourcePos {posLine = 269, posColumn = 1}}, locValue = TokenNewline},Located {locSpan = SourceSpan {spanFilename = \"<input>\", spanStart = SourcePos {posLine = 269, posColumn = 1}, spanEnd = SourcePos {posLine = 269, posColumn = 5}}, locValue = TokenIndent 4},Located {locSpan = SourceSpan {spanFilename = \"<input>\", spanStart = SourcePos {posLine = 269, posColumn = 5}, spanEnd = SourcePos {posLine = 269, posColumn = 33}}, locValue = TokenComment \"# Function 67 implementation\"},Located {locSpan = SourceSpan {spanFilename = \"<input>\", spanStart = SourcePos {posLine = 269, posColumn = 1}, spanEnd = SourcePos {posLine = 270, posColumn = 1}}, locValue = TokenNewline},Located {locSpan = SourceSpan {spanFilename = \"<input>\", spanStart = SourcePos {posLine = 270, posColumn = 5}, spanEnd = SourcePos {posLine = 270, posColumn = 11}}, locValue = TokenIdent \"result\"},Located {locSpan = SourceSpan {spanFilename = \"<input>\", spanStart = SourcePos {posLine = 270, posColumn = 12}, spanEnd = SourcePos {posLine = 270, posColumn = 13}}, locValue = TokenOperator OpAssign},Located {locSpan = SourceSpan {spanFilename = \"<input>\", spanStart = SourcePos {posLine = 270, posColumn = 14}, spanEnd = SourcePos {posLine = 270, posColumn = 15}}, locValue = TokenIdent \"x\"},Located {locSpan = SourceSpan {spanFilename = \"<input>\", spanStart = SourcePos {posLine = 270, posColumn = 16}, spanEnd = SourcePos {posLine = 270, posColumn = 17}}, locValue = TokenOperator OpMult},Located {locSpan = SourceSpan {spanFilename = \"<input>\", spanStart = SourcePos {posLine = 270, posColumn = 18}, spanEnd = SourcePos {posLine = 270, posColumn = 20}}, locValue = TokenNumber \"67\" False},Located {locSpan = SourceSpan {spanFilename = \"<input>\", spanStart = SourcePos {posLine = 270, posColumn = 21}, spanEnd = SourcePos {posLine = 270, posColumn = 22}}, locValue = TokenOperator OpPlus},Located {locSpan = SourceSpan {spanFilename = \"<input>\", spanStart = SourcePos {posLine = 270, posColumn = 23}, spanEnd = SourcePos {posLine = 270, posColumn = 27}}, locValue = TokenIdent \"math\"},Located {locSpan = SourceSpan {spanFilename = \"<input>\", spanStart = SourcePos {posLine = 270, posColumn = 27}, spanEnd = SourcePos {posLine = 270, posColumn = 28}}, locValue = TokenDelimiter DelimDot},Located {locSpan = SourceSpan {spanFilename = \"<input>\", spanStart = SourcePos {posLine = 270, posColumn = 28}, spanEnd = SourcePos {posLine = 270, posColumn = 32}}, locValue = TokenIdent \"sqrt\"},Located {locSpan = SourceSpan {spanFilename = \"<input>\", spanStart = SourcePos {posLine = 270, posColumn = 32}, spanEnd = SourcePos {posLine = 270, posColumn = 33}}, locValue = TokenDelimiter DelimLeftParen},Located {locSpan = SourceSpan {spanFilename = \"<input>\", spanStart = SourcePos {posLine = 270, posColumn = 33}, spanEnd = SourcePos {posLine = 270, posColumn = 35}}, locValue = TokenNumber \"67\" False},Located {locSpan = SourceSpan {spanFilename = \"<input>\", spanStart = SourcePos {posLine = 270, posColumn = 35}, spanEnd = SourcePos {posLine = 270, posColumn = 36}}, locValue = TokenDelimiter DelimRightParen},Located {locSpan = SourceSpan {spanFilename = \"<input>\", spanStart = SourcePos {posLine = 270, posColumn = 1}, spanEnd = SourcePos {posLine = 271, posColumn = 1}}, locValue = TokenNewline},Located {locSpan = SourceSpan {spanFilename = \"<input>\", spanStart = SourcePos {posLine = 271, posColumn = 5}, spanEnd = SourcePos {posLine = 271, posColumn = 11}}, locValue = TokenKeyword KwReturn},Located {locSpan = SourceSpan {spanFilename = \"<input>\", spanStart = SourcePos {posLine = 271, posColumn = 12}, spanEnd = SourcePos {posLine = 271, posColumn = 18}}, locValue = TokenIdent \"result\"},Located {locSpan = SourceSpan {spanFilename = \"<input>\", spanStart = SourcePos {posLine = 271, posColumn = 1}, spanEnd = SourcePos {posLine = 272, posColumn = 1}}, locValue = TokenNewline},Located {locSpan = SourceSpan {spanFilename = \"<input>\", spanStart = SourcePos {posLine = 272, posColumn = 1}, spanEnd = SourcePos {posLine = 272, posColumn = 1}}, locValue = TokenDedent 4},Located {locSpan = SourceSpan {spanFilename = \"<input>\", spanStart = SourcePos {posLine = 272, posColumn = 1}, spanEnd = SourcePos {posLine = 272, posColumn = 4}}, locValue = TokenKeyword KwDef},Located {locSpan = SourceSpan {spanFilename = \"<input>\", spanStart = SourcePos {posLine = 272, posColumn = 5}, spanEnd = SourcePos {posLine = 272, posColumn = 16}}, locValue = TokenIdent \"function_68\"},Located {locSpan = SourceSpan {spanFilename = \"<input>\", spanStart = SourcePos {posLine = 272, posColumn = 16}, spanEnd = SourcePos {posLine = 272, posColumn = 17}}, locValue = TokenDelimiter DelimLeftParen},Located {locSpan = SourceSpan {spanFilename = \"<input>\", spanStart = SourcePos {posLine = 272, posColumn = 17}, spanEnd = SourcePos {posLine = 272, posColumn = 18}}, locValue = TokenIdent \"x\"},Located {locSpan = SourceSpan {spanFilename = \"<input>\", spanStart = SourcePos {posLine = 272, posColumn = 18}, spanEnd = SourcePos {posLine = 272, posColumn = 19}}, locValue = TokenDelimiter DelimRightParen},Located {locSpan = SourceSpan {spanFilename = \"<input>\", spanStart = SourcePos {posLine = 272, posColumn = 19}, spanEnd = SourcePos {posLine = 272, posColumn = 20}}, locValue = TokenDelimiter DelimColon},Located {locSpan = SourceSpan {spanFilename = \"<input>\", spanStart = SourcePos {posLine = 272, posColumn = 1}, spanEnd = SourcePos {posLine = 273, posColumn = 1}}, locValue = TokenNewline},Located {locSpan = SourceSpan {spanFilename = \"<input>\", spanStart = SourcePos {posLine = 273, posColumn = 1}, spanEnd = SourcePos {posLine = 273, posColumn = 5}}, locValue = TokenIndent 4},Located {locSpan = SourceSpan {spanFilename = \"<input>\", spanStart = SourcePos {posLine = 273, posColumn = 5}, spanEnd = SourcePos {posLine = 273, posColumn = 33}}, locValue = TokenComment \"# Function 68 implementation\"},Located {locSpan = SourceSpan {spanFilename = \"<input>\", spanStart = SourcePos {posLine = 273, posColumn = 1}, spanEnd = SourcePos {posLine = 274, posColumn = 1}}, locValue = TokenNewline},Located {locSpan = SourceSpan {spanFilename = \"<input>\", spanStart = SourcePos {posLine = 274, posColumn = 5}, spanEnd = SourcePos {posLine = 274, posColumn = 11}}, locValue = TokenIdent \"result\"},Located {locSpan = SourceSpan {spanFilename = \"<input>\", spanStart = SourcePos {posLine = 274, posColumn = 12}, spanEnd = SourcePos {posLine = 274, posColumn = 13}}, locValue = TokenOperator OpAssign},Located {locSpan = SourceSpan {spanFilename = \"<input>\", spanStart = SourcePos {posLine = 274, posColumn = 14}, spanEnd = SourcePos {posLine = 274, posColumn = 15}}, locValue = TokenIdent \"x\"},Located {locSpan = SourceSpan {spanFilename = \"<input>\", spanStart = SourcePos {posLine = 274, posColumn = 16}, spanEnd = SourcePos {posLine = 274, posColumn = 17}}, locValue = TokenOperator OpMult},Located {locSpan = SourceSpan {spanFilename = \"<input>\", spanStart = SourcePos {posLine = 274, posColumn = 18}, spanEnd = SourcePos {posLine = 274, posColumn = 20}}, locValue = TokenNumber \"68\" False},Located {locSpan = SourceSpan {spanFilename = \"<input>\", spanStart = SourcePos {posLine = 274, posColumn = 21}, spanEnd = SourcePos {posLine = 274, posColumn = 22}}, locValue = TokenOperator OpPlus},Located {locSpan = SourceSpan {spanFilename = \"<input>\", spanStart = SourcePos {posLine = 274, posColumn = 23}, spanEnd = SourcePos {posLine = 274, posColumn = 27}}, locValue = TokenIdent \"math\"},Located {locSpan = SourceSpan {spanFilename = \"<input>\", spanStart = SourcePos {posLine = 274, posColumn = 27}, spanEnd = SourcePos {posLine = 274, posColumn = 28}}, locValue = TokenDelimiter DelimDot},Located {locSpan = SourceSpan {spanFilename = \"<input>\", spanStart = SourcePos {posLine = 274, posColumn = 28}, spanEnd = SourcePos {posLine = 274, posColumn = 32}}, locValue = TokenIdent \"sqrt\"},Located {locSpan = SourceSpan {spanFilename = \"<input>\", spanStart = SourcePos {posLine = 274, posColumn = 32}, spanEnd = SourcePos {posLine = 274, posColumn = 33}}, locValue = TokenDelimiter DelimLeftParen},Located {locSpan = SourceSpan {spanFilename = \"<input>\", spanStart = SourcePos {posLine = 274, posColumn = 33}, spanEnd = SourcePos {posLine = 274, posColumn = 35}}, locValue = TokenNumber \"68\" False},Located {locSpan = SourceSpan {spanFilename = \"<input>\", spanStart = SourcePos {posLine = 274, posColumn = 35}, spanEnd = SourcePos {posLine = 274, posColumn = 36}}, locValue = TokenDelimiter DelimRightParen},Located {locSpan = SourceSpan {spanFilename = \"<input>\", spanStart = SourcePos {posLine = 274, posColumn = 1}, spanEnd = SourcePos {posLine = 275, posColumn = 1}}, locValue = TokenNewline},Located {locSpan = SourceSpan {spanFilename = \"<input>\", spanStart = SourcePos {posLine = 275, posColumn = 5}, spanEnd = SourcePos {posLine = 275, posColumn = 11}}, locValue = TokenKeyword KwReturn},Located {locSpan = SourceSpan {spanFilename = \"<input>\", spanStart = SourcePos {posLine = 275, posColumn = 12}, spanEnd = SourcePos {posLine = 275, posColumn = 18}}, locValue = TokenIdent \"result\"},Located {locSpan = SourceSpan {spanFilename = \"<input>\", spanStart = SourcePos {posLine = 275, posColumn = 1}, spanEnd = SourcePos {posLine = 276, posColumn = 1}}, locValue = TokenNewline},Located {locSpan = SourceSpan {spanFilename = \"<input>\", spanStart = SourcePos {posLine = 276, posColumn = 1}, spanEnd = SourcePos {posLine = 276, posColumn = 1}}, locValue = TokenDedent 4},Located {locSpan = SourceSpan {spanFilename = \"<input>\", spanStart = SourcePos {posLine = 276, posColumn = 1}, spanEnd = SourcePos {posLine = 276, posColumn = 4}}, locValue = TokenKeyword KwDef},Located {locSpan = SourceSpan {spanFilename = \"<input>\", spanStart = SourcePos {posLine = 276, posColumn = 5}, spanEnd = SourcePos {posLine = 276, posColumn = 16}}, locValue = TokenIdent \"function_69\"},Located {locSpan = SourceSpan {spanFilename = \"<input>\", spanStart = SourcePos {posLine = 276, posColumn = 16}, spanEnd = SourcePos {posLine = 276, posColumn = 17}}, locValue = TokenDelimiter DelimLeftParen},Located {locSpan = SourceSpan {spanFilename = \"<input>\", spanStart = SourcePos {posLine = 276, posColumn = 17}, spanEnd = SourcePos {posLine = 276, posColumn = 18}}, locValue = TokenIdent \"x\"},Located {locSpan = SourceSpan {spanFilename = \"<input>\", spanStart = SourcePos {posLine = 276, posColumn = 18}, spanEnd = SourcePos {posLine = 276, posColumn = 19}}, locValue = TokenDelimiter DelimRightParen},Located {locSpan = SourceSpan {spanFilename = \"<input>\", spanStart = SourcePos {posLine = 276, posColumn = 19}, spanEnd = SourcePos {posLine = 276, posColumn = 20}}, locValue = TokenDelimiter DelimColon},Located {locSpan = SourceSpan {spanFilename = \"<input>\", spanStart = SourcePos {posLine = 276, posColumn = 1}, spanEnd = SourcePos {posLine = 277, posColumn = 1}}, locValue = TokenNewline},Located {locSpan = SourceSpan {spanFilename = \"<input>\", spanStart = SourcePos {posLine = 277, posColumn = 1}, spanEnd = SourcePos {posLine = 277, posColumn = 5}}, locValue = TokenIndent 4},Located {locSpan = SourceSpan {spanFilename = \"<input>\", spanStart = SourcePos {posLine = 277, posColumn = 5}, spanEnd = SourcePos {posLine = 277, posColumn = 33}}, locValue = TokenComment \"# Function 69 implementation\"},Located {locSpan = SourceSpan {spanFilename = \"<input>\", spanStart = SourcePos {posLine = 277, posColumn = 1}, spanEnd = SourcePos {posLine = 278, posColumn = 1}}, locValue = TokenNewline},Located {locSpan = SourceSpan {spanFilename = \"<input>\", spanStart = SourcePos {posLine = 278, posColumn = 5}, spanEnd = SourcePos {posLine = 278, posColumn = 11}}, locValue = TokenIdent \"result\"},Located {locSpan = SourceSpan {spanFilename = \"<input>\", spanStart = SourcePos {posLine = 278, posColumn = 12}, spanEnd = SourcePos {posLine = 278, posColumn = 13}}, locValue = TokenOperator OpAssign},Located {locSpan = SourceSpan {spanFilename = \"<input>\", spanStart = SourcePos {posLine = 278, posColumn = 14}, spanEnd = SourcePos {posLine = 278, posColumn = 15}}, locValue = TokenIdent \"x\"},Located {locSpan = SourceSpan {spanFilename = \"<input>\", spanStart = SourcePos {posLine = 278, posColumn = 16}, spanEnd = SourcePos {posLine = 278, posColumn = 17}}, locValue = TokenOperator OpMult},Located {locSpan = SourceSpan {spanFilename = \"<input>\", spanStart = SourcePos {posLine = 278, posColumn = 18}, spanEnd = SourcePos {posLine = 278, posColumn = 20}}, locValue = TokenNumber \"69\" False},Located {locSpan = SourceSpan {spanFilename = \"<input>\", spanStart = SourcePos {posLine = 278, posColumn = 21}, spanEnd = SourcePos {posLine = 278, posColumn = 22}}, locValue = TokenOperator OpPlus},Located {locSpan = SourceSpan {spanFilename = \"<input>\", spanStart = SourcePos {posLine = 278, posColumn = 23}, spanEnd = SourcePos {posLine = 278, posColumn = 27}}, locValue = TokenIdent \"math\"},Located {locSpan = SourceSpan {spanFilename = \"<input>\", spanStart = SourcePos {posLine = 278, posColumn = 27}, spanEnd = SourcePos {posLine = 278, posColumn = 28}}, locValue = TokenDelimiter DelimDot},Located {locSpan = SourceSpan {spanFilename = \"<input>\", spanStart = SourcePos {posLine = 278, posColumn = 28}, spanEnd = SourcePos {posLine = 278, posColumn = 32}}, locValue = TokenIdent \"sqrt\"},Located {locSpan = SourceSpan {spanFilename = \"<input>\", spanStart = SourcePos {posLine = 278, posColumn = 32}, spanEnd = SourcePos {posLine = 278, posColumn = 33}}, locValue = TokenDelimiter DelimLeftParen},Located {locSpan = SourceSpan {spanFilename = \"<input>\", spanStart = SourcePos {posLine = 278, posColumn = 33}, spanEnd = SourcePos {posLine = 278, posColumn = 35}}, locValue = TokenNumber \"69\" False},Located {locSpan = SourceSpan {spanFilename = \"<input>\", spanStart = SourcePos {posLine = 278, posColumn = 35}, spanEnd = SourcePos {posLine = 278, posColumn = 36}}, locValue = TokenDelimiter DelimRightParen},Located {locSpan = SourceSpan {spanFilename = \"<input>\", spanStart = SourcePos {posLine = 278, posColumn = 1}, spanEnd = SourcePos {posLine = 279, posColumn = 1}}, locValue = TokenNewline},Located {locSpan = SourceSpan {spanFilename = \"<input>\", spanStart = SourcePos {posLine = 279, posColumn = 5}, spanEnd = SourcePos {posLine = 279, posColumn = 11}}, locValue = TokenKeyword KwReturn},Located {locSpan = SourceSpan {spanFilename = \"<input>\", spanStart = SourcePos {posLine = 279, posColumn = 12}, spanEnd = SourcePos {posLine = 279, posColumn = 18}}, locValue = TokenIdent \"result\"},Located {locSpan = SourceSpan {spanFilename = \"<input>\", spanStart = SourcePos {posLine = 279, posColumn = 1}, spanEnd = SourcePos {posLine = 280, posColumn = 1}}, locValue = TokenNewline},Located {locSpan = SourceSpan {spanFilename = \"<input>\", spanStart = SourcePos {posLine = 280, posColumn = 1}, spanEnd = SourcePos {posLine = 280, posColumn = 1}}, locValue = TokenDedent 4},Located {locSpan = SourceSpan {spanFilename = \"<input>\", spanStart = SourcePos {posLine = 280, posColumn = 1}, spanEnd = SourcePos {posLine = 280, posColumn = 4}}, locValue = TokenKeyword KwDef},Located {locSpan = SourceSpan {spanFilename = \"<input>\", spanStart = SourcePos {posLine = 280, posColumn = 5}, spanEnd = SourcePos {posLine = 280, posColumn = 16}}, locValue = TokenIdent \"function_70\"},Located {locSpan = SourceSpan {spanFilename = \"<input>\", spanStart = SourcePos {posLine = 280, posColumn = 16}, spanEnd = SourcePos {posLine = 280, posColumn = 17}}, locValue = TokenDelimiter DelimLeftParen},Located {locSpan = SourceSpan {spanFilename = \"<input>\", spanStart = SourcePos {posLine = 280, posColumn = 17}, spanEnd = SourcePos {posLine = 280, posColumn = 18}}, locValue = TokenIdent \"x\"},Located {locSpan = SourceSpan {spanFilename = \"<input>\", spanStart = SourcePos {posLine = 280, posColumn = 18}, spanEnd = SourcePos {posLine = 280, posColumn = 19}}, locValue = TokenDelimiter DelimRightParen},Located {locSpan = SourceSpan {spanFilename = \"<input>\", spanStart = SourcePos {posLine = 280, posColumn = 19}, spanEnd = SourcePos {posLine = 280, posColumn = 20}}, locValue = TokenDelimiter DelimColon},Located {locSpan = SourceSpan {spanFilename = \"<input>\", spanStart = SourcePos {posLine = 280, posColumn = 1}, spanEnd = SourcePos {posLine = 281, posColumn = 1}}, locValue = TokenNewline},Located {locSpan = SourceSpan {spanFilename = \"<input>\", spanStart = SourcePos {posLine = 281, posColumn = 1}, spanEnd = SourcePos {posLine = 281, posColumn = 5}}, locValue = TokenIndent 4},Located {locSpan = SourceSpan {spanFilename = \"<input>\", spanStart = SourcePos {posLine = 281, posColumn = 5}, spanEnd = SourcePos {posLine = 281, posColumn = 33}}, locValue = TokenComment \"# Function 70 implementation\"},Located {locSpan = SourceSpan {spanFilename = \"<input>\", spanStart = SourcePos {posLine = 281, posColumn = 1}, spanEnd = SourcePos {posLine = 282, posColumn = 1}}, locValue = TokenNewline},Located {locSpan = SourceSpan {spanFilename = \"<input>\", spanStart = SourcePos {posLine = 282, posColumn = 5}, spanEnd = SourcePos {posLine = 282, posColumn = 11}}, locValue = TokenIdent \"result\"},Located {locSpan = SourceSpan {spanFilename = \"<input>\", spanStart = SourcePos {posLine = 282, posColumn = 12}, spanEnd = SourcePos {posLine = 282, posColumn = 13}}, locValue = TokenOperator OpAssign},Located {locSpan = SourceSpan {spanFilename = \"<input>\", spanStart = SourcePos {posLine = 282, posColumn = 14}, spanEnd = SourcePos {posLine = 282, posColumn = 15}}, locValue = TokenIdent \"x\"},Located {locSpan = SourceSpan {spanFilename = \"<input>\", spanStart = SourcePos {posLine = 282, posColumn = 16}, spanEnd = SourcePos {posLine = 282, posColumn = 17}}, locValue = TokenOperator OpMult},Located {locSpan = SourceSpan {spanFilename = \"<input>\", spanStart = SourcePos {posLine = 282, posColumn = 18}, spanEnd = SourcePos {posLine = 282, posColumn = 20}}, locValue = TokenNumber \"70\" False},Located {locSpan = SourceSpan {spanFilename = \"<input>\", spanStart = SourcePos {posLine = 282, posColumn = 21}, spanEnd = SourcePos {posLine = 282, posColumn = 22}}, locValue = TokenOperator OpPlus},Located {locSpan = SourceSpan {spanFilename = \"<input>\", spanStart = SourcePos {posLine = 282, posColumn = 23}, spanEnd = SourcePos {posLine = 282, posColumn = 27}}, locValue = TokenIdent \"math\"},Located {locSpan = SourceSpan {spanFilename = \"<input>\", spanStart = SourcePos {posLine = 282, posColumn = 27}, spanEnd = SourcePos {posLine = 282, posColumn = 28}}, locValue = TokenDelimiter DelimDot},Located {locSpan = SourceSpan {spanFilename = \"<input>\", spanStart = SourcePos {posLine = 282, posColumn = 28}, spanEnd = SourcePos {posLine = 282, posColumn = 32}}, locValue = TokenIdent \"sqrt\"},Located {locSpan = SourceSpan {spanFilename = \"<input>\", spanStart = SourcePos {posLine = 282, posColumn = 32}, spanEnd = SourcePos {posLine = 282, posColumn = 33}}, locValue = TokenDelimiter DelimLeftParen},Located {locSpan = SourceSpan {spanFilename = \"<input>\", spanStart = SourcePos {posLine = 282, posColumn = 33}, spanEnd = SourcePos {posLine = 282, posColumn = 35}}, locValue = TokenNumber \"70\" False},Located {locSpan = SourceSpan {spanFilename = \"<input>\", spanStart = SourcePos {posLine = 282, posColumn = 35}, spanEnd = SourcePos {posLine = 282, posColumn = 36}}, locValue = TokenDelimiter DelimRightParen},Located {locSpan = SourceSpan {spanFilename = \"<input>\", spanStart = SourcePos {posLine = 282, posColumn = 1}, spanEnd = SourcePos {posLine = 283, posColumn = 1}}, locValue = TokenNewline},Located {locSpan = SourceSpan {spanFilename = \"<input>\", spanStart = SourcePos {posLine = 283, posColumn = 5}, spanEnd = SourcePos {posLine = 283, posColumn = 11}}, locValue = TokenKeyword KwReturn},Located {locSpan = SourceSpan {spanFilename = \"<input>\", spanStart = SourcePos {posLine = 283, posColumn = 12}, spanEnd = SourcePos {posLine = 283, posColumn = 18}}, locValue = TokenIdent \"result\"},Located {locSpan = SourceSpan {spanFilename = \"<input>\", spanStart = SourcePos {posLine = 283, posColumn = 1}, spanEnd = SourcePos {posLine = 284, posColumn = 1}}, locValue = TokenNewline},Located {locSpan = SourceSpan {spanFilename = \"<input>\", spanStart = SourcePos {posLine = 284, posColumn = 1}, spanEnd = SourcePos {posLine = 284, posColumn = 1}}, locValue = TokenDedent 4},Located {locSpan = SourceSpan {spanFilename = \"<input>\", spanStart = SourcePos {posLine = 284, posColumn = 1}, spanEnd = SourcePos {posLine = 284, posColumn = 4}}, locValue = TokenKeyword KwDef},Located {locSpan = SourceSpan {spanFilename = \"<input>\", spanStart = SourcePos {posLine = 284, posColumn = 5}, spanEnd = SourcePos {posLine = 284, posColumn = 16}}, locValue = TokenIdent \"function_71\"},Located {locSpan = SourceSpan {spanFilename = \"<input>\", spanStart = SourcePos {posLine = 284, posColumn = 16}, spanEnd = SourcePos {posLine = 284, posColumn = 17}}, locValue = TokenDelimiter DelimLeftParen},Located {locSpan = SourceSpan {spanFilename = \"<input>\", spanStart = SourcePos {posLine = 284, posColumn = 17}, spanEnd = SourcePos {posLine = 284, posColumn = 18}}, locValue = TokenIdent \"x\"},Located {locSpan = SourceSpan {spanFilename = \"<input>\", spanStart = SourcePos {posLine = 284, posColumn = 18}, spanEnd = SourcePos {posLine = 284, posColumn = 19}}, locValue = TokenDelimiter DelimRightParen},Located {locSpan = SourceSpan {spanFilename = \"<input>\", spanStart = SourcePos {posLine = 284, posColumn = 19}, spanEnd = SourcePos {posLine = 284, posColumn = 20}}, locValue = TokenDelimiter DelimColon},Located {locSpan = SourceSpan {spanFilename = \"<input>\", spanStart = SourcePos {posLine = 284, posColumn = 1}, spanEnd = SourcePos {posLine = 285, posColumn = 1}}, locValue = TokenNewline},Located {locSpan = SourceSpan {spanFilename = \"<input>\", spanStart = SourcePos {posLine = 285, posColumn = 1}, spanEnd = SourcePos {posLine = 285, posColumn = 5}}, locValue = TokenIndent 4},Located {locSpan = SourceSpan {spanFilename = \"<input>\", spanStart = SourcePos {posLine = 285, posColumn = 5}, spanEnd = SourcePos {posLine = 285, posColumn = 33}}, locValue = TokenComment \"# Function 71 implementation\"},Located {locSpan = SourceSpan {spanFilename = \"<input>\", spanStart = SourcePos {posLine = 285, posColumn = 1}, spanEnd = SourcePos {posLine = 286, posColumn = 1}}, locValue = TokenNewline},Located {locSpan = SourceSpan {spanFilename = \"<input>\", spanStart = SourcePos {posLine = 286, posColumn = 5}, spanEnd = SourcePos {posLine = 286, posColumn = 11}}, locValue = TokenIdent \"result\"},Located {locSpan = SourceSpan {spanFilename = \"<input>\", spanStart = SourcePos {posLine = 286, posColumn = 12}, spanEnd = SourcePos {posLine = 286, posColumn = 13}}, locValue = TokenOperator OpAssign},Located {locSpan = SourceSpan {spanFilename = \"<input>\", spanStart = SourcePos {posLine = 286, posColumn = 14}, spanEnd = SourcePos {posLine = 286, posColumn = 15}}, locValue = TokenIdent \"x\"},Located {locSpan = SourceSpan {spanFilename = \"<input>\", spanStart = SourcePos {posLine = 286, posColumn = 16}, spanEnd = SourcePos {posLine = 286, posColumn = 17}}, locValue = TokenOperator OpMult},Located {locSpan = SourceSpan {spanFilename = \"<input>\", spanStart = SourcePos {posLine = 286, posColumn = 18}, spanEnd = SourcePos {posLine = 286, posColumn = 20}}, locValue = TokenNumber \"71\" False},Located {locSpan = SourceSpan {spanFilename = \"<input>\", spanStart = SourcePos {posLine = 286, posColumn = 21}, spanEnd = SourcePos {posLine = 286, posColumn = 22}}, locValue = TokenOperator OpPlus},Located {locSpan = SourceSpan {spanFilename = \"<input>\", spanStart = SourcePos {posLine = 286, posColumn = 23}, spanEnd = SourcePos {posLine = 286, posColumn = 27}}, locValue = TokenIdent \"math\"},Located {locSpan = SourceSpan {spanFilename = \"<input>\", spanStart = SourcePos {posLine = 286, posColumn = 27}, spanEnd = SourcePos {posLine = 286, posColumn = 28}}, locValue = TokenDelimiter DelimDot},Located {locSpan = SourceSpan {spanFilename = \"<input>\", spanStart = SourcePos {posLine = 286, posColumn = 28}, spanEnd = SourcePos {posLine = 286, posColumn = 32}}, locValue = TokenIdent \"sqrt\"},Located {locSpan = SourceSpan {spanFilename = \"<input>\", spanStart = SourcePos {posLine = 286, posColumn = 32}, spanEnd = SourcePos {posLine = 286, posColumn = 33}}, locValue = TokenDelimiter DelimLeftParen},Located {locSpan = SourceSpan {spanFilename = \"<input>\", spanStart = SourcePos {posLine = 286, posColumn = 33}, spanEnd = SourcePos {posLine = 286, posColumn = 35}}, locValue = TokenNumber \"71\" False},Located {locSpan = SourceSpan {spanFilename = \"<input>\", spanStart = SourcePos {posLine = 286, posColumn = 35}, spanEnd = SourcePos {posLine = 286, posColumn = 36}}, locValue = TokenDelimiter DelimRightParen},Located {locSpan = SourceSpan {spanFilename = \"<input>\", spanStart = SourcePos {posLine = 286, posColumn = 1}, spanEnd = SourcePos {posLine = 287, posColumn = 1}}, locValue = TokenNewline},Located {locSpan = SourceSpan {spanFilename = \"<input>\", spanStart = SourcePos {posLine = 287, posColumn = 5}, spanEnd = SourcePos {posLine = 287, posColumn = 11}}, locValue = TokenKeyword KwReturn},Located {locSpan = SourceSpan {spanFilename = \"<input>\", spanStart = SourcePos {posLine = 287, posColumn = 12}, spanEnd = SourcePos {posLine = 287, posColumn = 18}}, locValue = TokenIdent \"result\"},Located {locSpan = SourceSpan {spanFilename = \"<input>\", spanStart = SourcePos {posLine = 287, posColumn = 1}, spanEnd = SourcePos {posLine = 288, posColumn = 1}}, locValue = TokenNewline},Located {locSpan = SourceSpan {spanFilename = \"<input>\", spanStart = SourcePos {posLine = 288, posColumn = 1}, spanEnd = SourcePos {posLine = 288, posColumn = 1}}, locValue = TokenDedent 4},Located {locSpan = SourceSpan {spanFilename = \"<input>\", spanStart = SourcePos {posLine = 288, posColumn = 1}, spanEnd = SourcePos {posLine = 288, posColumn = 4}}, locValue = TokenKeyword KwDef},Located {locSpan = SourceSpan {spanFilename = \"<input>\", spanStart = SourcePos {posLine = 288, posColumn = 5}, spanEnd = SourcePos {posLine = 288, posColumn = 16}}, locValue = TokenIdent \"function_72\"},Located {locSpan = SourceSpan {spanFilename = \"<input>\", spanStart = SourcePos {posLine = 288, posColumn = 16}, spanEnd = SourcePos {posLine = 288, posColumn = 17}}, locValue = TokenDelimiter DelimLeftParen},Located {locSpan = SourceSpan {spanFilename = \"<input>\", spanStart = SourcePos {posLine = 288, posColumn = 17}, spanEnd = SourcePos {posLine = 288, posColumn = 18}}, locValue = TokenIdent \"x\"},Located {locSpan = SourceSpan {spanFilename = \"<input>\", spanStart = SourcePos {posLine = 288, posColumn = 18}, spanEnd = SourcePos {posLine = 288, posColumn = 19}}, locValue = TokenDelimiter DelimRightParen},Located {locSpan = SourceSpan {spanFilename = \"<input>\", spanStart = SourcePos {posLine = 288, posColumn = 19}, spanEnd = SourcePos {posLine = 288, posColumn = 20}}, locValue = TokenDelimiter DelimColon},Located {locSpan = SourceSpan {spanFilename = \"<input>\", spanStart = SourcePos {posLine = 288, posColumn = 1}, spanEnd = SourcePos {posLine = 289, posColumn = 1}}, locValue = TokenNewline},Located {locSpan = SourceSpan {spanFilename = \"<input>\", spanStart = SourcePos {posLine = 289, posColumn = 1}, spanEnd = SourcePos {posLine = 289, posColumn = 5}}, locValue = TokenIndent 4},Located {locSpan = SourceSpan {spanFilename = \"<input>\", spanStart = SourcePos {posLine = 289, posColumn = 5}, spanEnd = SourcePos {posLine = 289, posColumn = 33}}, locValue = TokenComment \"# Function 72 implementation\"},Located {locSpan = SourceSpan {spanFilename = \"<input>\", spanStart = SourcePos {posLine = 289, posColumn = 1}, spanEnd = SourcePos {posLine = 290, posColumn = 1}}, locValue = TokenNewline},Located {locSpan = SourceSpan {spanFilename = \"<input>\", spanStart = SourcePos {posLine = 290, posColumn = 5}, spanEnd = SourcePos {posLine = 290, posColumn = 11}}, locValue = TokenIdent \"result\"},Located {locSpan = SourceSpan {spanFilename = \"<input>\", spanStart = SourcePos {posLine = 290, posColumn = 12}, spanEnd = SourcePos {posLine = 290, posColumn = 13}}, locValue = TokenOperator OpAssign},Located {locSpan = SourceSpan {spanFilename = \"<input>\", spanStart = SourcePos {posLine = 290, posColumn = 14}, spanEnd = SourcePos {posLine = 290, posColumn = 15}}, locValue = TokenIdent \"x\"},Located {locSpan = SourceSpan {spanFilename = \"<input>\", spanStart = SourcePos {posLine = 290, posColumn = 16}, spanEnd = SourcePos {posLine = 290, posColumn = 17}}, locValue = TokenOperator OpMult},Located {locSpan = SourceSpan {spanFilename = \"<input>\", spanStart = SourcePos {posLine = 290, posColumn = 18}, spanEnd = SourcePos {posLine = 290, posColumn = 20}}, locValue = TokenNumber \"72\" False},Located {locSpan = SourceSpan {spanFilename = \"<input>\", spanStart = SourcePos {posLine = 290, posColumn = 21}, spanEnd = SourcePos {posLine = 290, posColumn = 22}}, locValue = TokenOperator OpPlus},Located {locSpan = SourceSpan {spanFilename = \"<input>\", spanStart = SourcePos {posLine = 290, posColumn = 23}, spanEnd = SourcePos {posLine = 290, posColumn = 27}}, locValue = TokenIdent \"math\"},Located {locSpan = SourceSpan {spanFilename = \"<input>\", spanStart = SourcePos {posLine = 290, posColumn = 27}, spanEnd = SourcePos {posLine = 290, posColumn = 28}}, locValue = TokenDelimiter DelimDot},Located {locSpan = SourceSpan {spanFilename = \"<input>\", spanStart = SourcePos {posLine = 290, posColumn = 28}, spanEnd = SourcePos {posLine = 290, posColumn = 32}}, locValue = TokenIdent \"sqrt\"},Located {locSpan = SourceSpan {spanFilename = \"<input>\", spanStart = SourcePos {posLine = 290, posColumn = 32}, spanEnd = SourcePos {posLine = 290, posColumn = 33}}, locValue = TokenDelimiter DelimLeftParen},Located {locSpan = SourceSpan {spanFilename = \"<input>\", spanStart = SourcePos {posLine = 290, posColumn = 33}, spanEnd = SourcePos {posLine = 290, posColumn = 35}}, locValue = TokenNumber \"72\" False},Located {locSpan = SourceSpan {spanFilename = \"<input>\", spanStart = SourcePos {posLine = 290, posColumn = 35}, spanEnd = SourcePos {posLine = 290, posColumn = 36}}, locValue = TokenDelimiter DelimRightParen},Located {locSpan = SourceSpan {spanFilename = \"<input>\", spanStart = SourcePos {posLine = 290, posColumn = 1}, spanEnd = SourcePos {posLine = 291, posColumn = 1}}, locValue = TokenNewline},Located {locSpan = SourceSpan {spanFilename = \"<input>\", spanStart = SourcePos {posLine = 291, posColumn = 5}, spanEnd = SourcePos {posLine = 291, posColumn = 11}}, locValue = TokenKeyword KwReturn},Located {locSpan = SourceSpan {spanFilename = \"<input>\", spanStart = SourcePos {posLine = 291, posColumn = 12}, spanEnd = SourcePos {posLine = 291, posColumn = 18}}, locValue = TokenIdent \"result\"},Located {locSpan = SourceSpan {spanFilename = \"<input>\", spanStart = SourcePos {posLine = 291, posColumn = 1}, spanEnd = SourcePos {posLine = 292, posColumn = 1}}, locValue = TokenNewline},Located {locSpan = SourceSpan {spanFilename = \"<input>\", spanStart = SourcePos {posLine = 292, posColumn = 1}, spanEnd = SourcePos {posLine = 292, posColumn = 1}}, locValue = TokenDedent 4},Located {locSpan = SourceSpan {spanFilename = \"<input>\", spanStart = SourcePos {posLine = 292, posColumn = 1}, spanEnd = SourcePos {posLine = 292, posColumn = 4}}, locValue = TokenKeyword KwDef},Located {locSpan = SourceSpan {spanFilename = \"<input>\", spanStart = SourcePos {posLine = 292, posColumn = 5}, spanEnd = SourcePos {posLine = 292, posColumn = 16}}, locValue = TokenIdent \"function_73\"},Located {locSpan = SourceSpan {spanFilename = \"<input>\", spanStart = SourcePos {posLine = 292, posColumn = 16}, spanEnd = SourcePos {posLine = 292, posColumn = 17}}, locValue = TokenDelimiter DelimLeftParen},Located {locSpan = SourceSpan {spanFilename = \"<input>\", spanStart = SourcePos {posLine = 292, posColumn = 17}, spanEnd = SourcePos {posLine = 292, posColumn = 18}}, locValue = TokenIdent \"x\"},Located {locSpan = SourceSpan {spanFilename = \"<input>\", spanStart = SourcePos {posLine = 292, posColumn = 18}, spanEnd = SourcePos {posLine = 292, posColumn = 19}}, locValue = TokenDelimiter DelimRightParen},Located {locSpan = SourceSpan {spanFilename = \"<input>\", spanStart = SourcePos {posLine = 292, posColumn = 19}, spanEnd = SourcePos {posLine = 292, posColumn = 20}}, locValue = TokenDelimiter DelimColon},Located {locSpan = SourceSpan {spanFilename = \"<input>\", spanStart = SourcePos {posLine = 292, posColumn = 1}, spanEnd = SourcePos {posLine = 293, posColumn = 1}}, locValue = TokenNewline},Located {locSpan = SourceSpan {spanFilename = \"<input>\", spanStart = SourcePos {posLine = 293, posColumn = 1}, spanEnd = SourcePos {posLine = 293, posColumn = 5}}, locValue = TokenIndent 4},Located {locSpan = SourceSpan {spanFilename = \"<input>\", spanStart = SourcePos {posLine = 293, posColumn = 5}, spanEnd = SourcePos {posLine = 293, posColumn = 33}}, locValue = TokenComment \"# Function 73 implementation\"},Located {locSpan = SourceSpan {spanFilename = \"<input>\", spanStart = SourcePos {posLine = 293, posColumn = 1}, spanEnd = SourcePos {posLine = 294, posColumn = 1}}, locValue = TokenNewline},Located {locSpan = SourceSpan {spanFilename = \"<input>\", spanStart = SourcePos {posLine = 294, posColumn = 5}, spanEnd = SourcePos {posLine = 294, posColumn = 11}}, locValue = TokenIdent \"result\"},Located {locSpan = SourceSpan {spanFilename = \"<input>\", spanStart = SourcePos {posLine = 294, posColumn = 12}, spanEnd = SourcePos {posLine = 294, posColumn = 13}}, locValue = TokenOperator OpAssign},Located {locSpan = SourceSpan {spanFilename = \"<input>\", spanStart = SourcePos {posLine = 294, posColumn = 14}, spanEnd = SourcePos {posLine = 294, posColumn = 15}}, locValue = TokenIdent \"x\"},Located {locSpan = SourceSpan {spanFilename = \"<input>\", spanStart = SourcePos {posLine = 294, posColumn = 16}, spanEnd = SourcePos {posLine = 294, posColumn = 17}}, locValue = TokenOperator OpMult},Located {locSpan = SourceSpan {spanFilename = \"<input>\", spanStart = SourcePos {posLine = 294, posColumn = 18}, spanEnd = SourcePos {posLine = 294, posColumn = 20}}, locValue = TokenNumber \"73\" False},Located {locSpan = SourceSpan {spanFilename = \"<input>\", spanStart = SourcePos {posLine = 294, posColumn = 21}, spanEnd = SourcePos {posLine = 294, posColumn = 22}}, locValue = TokenOperator OpPlus},Located {locSpan = SourceSpan {spanFilename = \"<input>\", spanStart = SourcePos {posLine = 294, posColumn = 23}, spanEnd = SourcePos {posLine = 294, posColumn = 27}}, locValue = TokenIdent \"math\"},Located {locSpan = SourceSpan {spanFilename = \"<input>\", spanStart = SourcePos {posLine = 294, posColumn = 27}, spanEnd = SourcePos {posLine = 294, posColumn = 28}}, locValue = TokenDelimiter DelimDot},Located {locSpan = SourceSpan {spanFilename = \"<input>\", spanStart = SourcePos {posLine = 294, posColumn = 28}, spanEnd = SourcePos {posLine = 294, posColumn = 32}}, locValue = TokenIdent \"sqrt\"},Located {locSpan = SourceSpan {spanFilename = \"<input>\", spanStart = SourcePos {posLine = 294, posColumn = 32}, spanEnd = SourcePos {posLine = 294, posColumn = 33}}, locValue = TokenDelimiter DelimLeftParen},Located {locSpan = SourceSpan {spanFilename = \"<input>\", spanStart = SourcePos {posLine = 294, posColumn = 33}, spanEnd = SourcePos {posLine = 294, posColumn = 35}}, locValue = TokenNumber \"73\" False},Located {locSpan = SourceSpan {spanFilename = \"<input>\", spanStart = SourcePos {posLine = 294, posColumn = 35}, spanEnd = SourcePos {posLine = 294, posColumn = 36}}, locValue = TokenDelimiter DelimRightParen},Located {locSpan = SourceSpan {spanFilename = \"<input>\", spanStart = SourcePos {posLine = 294, posColumn = 1}, spanEnd = SourcePos {posLine = 295, posColumn = 1}}, locValue = TokenNewline},Located {locSpan = SourceSpan {spanFilename = \"<input>\", spanStart = SourcePos {posLine = 295, posColumn = 5}, spanEnd = SourcePos {posLine = 295, posColumn = 11}}, locValue = TokenKeyword KwReturn},Located {locSpan = SourceSpan {spanFilename = \"<input>\", spanStart = SourcePos {posLine = 295, posColumn = 12}, spanEnd = SourcePos {posLine = 295, posColumn = 18}}, locValue = TokenIdent \"result\"},Located {locSpan = SourceSpan {spanFilename = \"<input>\", spanStart = SourcePos {posLine = 295, posColumn = 1}, spanEnd = SourcePos {posLine = 296, posColumn = 1}}, locValue = TokenNewline},Located {locSpan = SourceSpan {spanFilename = \"<input>\", spanStart = SourcePos {posLine = 296, posColumn = 1}, spanEnd = SourcePos {posLine = 296, posColumn = 1}}, locValue = TokenDedent 4},Located {locSpan = SourceSpan {spanFilename = \"<input>\", spanStart = SourcePos {posLine = 296, posColumn = 1}, spanEnd = SourcePos {posLine = 296, posColumn = 4}}, locValue = TokenKeyword KwDef},Located {locSpan = SourceSpan {spanFilename = \"<input>\", spanStart = SourcePos {posLine = 296, posColumn = 5}, spanEnd = SourcePos {posLine = 296, posColumn = 16}}, locValue = TokenIdent \"function_74\"},Located {locSpan = SourceSpan {spanFilename = \"<input>\", spanStart = SourcePos {posLine = 296, posColumn = 16}, spanEnd = SourcePos {posLine = 296, posColumn = 17}}, locValue = TokenDelimiter DelimLeftParen},Located {locSpan = SourceSpan {spanFilename = \"<input>\", spanStart = SourcePos {posLine = 296, posColumn = 17}, spanEnd = SourcePos {posLine = 296, posColumn = 18}}, locValue = TokenIdent \"x\"},Located {locSpan = SourceSpan {spanFilename = \"<input>\", spanStart = SourcePos {posLine = 296, posColumn = 18}, spanEnd = SourcePos {posLine = 296, posColumn = 19}}, locValue = TokenDelimiter DelimRightParen},Located {locSpan = SourceSpan {spanFilename = \"<input>\", spanStart = SourcePos {posLine = 296, posColumn = 19}, spanEnd = SourcePos {posLine = 296, posColumn = 20}}, locValue = TokenDelimiter DelimColon},Located {locSpan = SourceSpan {spanFilename = \"<input>\", spanStart = SourcePos {posLine = 296, posColumn = 1}, spanEnd = SourcePos {posLine = 297, posColumn = 1}}, locValue = TokenNewline},Located {locSpan = SourceSpan {spanFilename = \"<input>\", spanStart = SourcePos {posLine = 297, posColumn = 1}, spanEnd = SourcePos {posLine = 297, posColumn = 5}}, locValue = TokenIndent 4},Located {locSpan = SourceSpan {spanFilename = \"<input>\", spanStart = SourcePos {posLine = 297, posColumn = 5}, spanEnd = SourcePos {posLine = 297, posColumn = 33}}, locValue = TokenComment \"# Function 74 implementation\"},Located {locSpan = SourceSpan {spanFilename = \"<input>\", spanStart = SourcePos {posLine = 297, posColumn = 1}, spanEnd = SourcePos {posLine = 298, posColumn = 1}}, locValue = TokenNewline},Located {locSpan = SourceSpan {spanFilename = \"<input>\", spanStart = SourcePos {posLine = 298, posColumn = 5}, spanEnd = SourcePos {posLine = 298, posColumn = 11}}, locValue = TokenIdent \"result\"},Located {locSpan = SourceSpan {spanFilename = \"<input>\", spanStart = SourcePos {posLine = 298, posColumn = 12}, spanEnd = SourcePos {posLine = 298, posColumn = 13}}, locValue = TokenOperator OpAssign},Located {locSpan = SourceSpan {spanFilename = \"<input>\", spanStart = SourcePos {posLine = 298, posColumn = 14}, spanEnd = SourcePos {posLine = 298, posColumn = 15}}, locValue = TokenIdent \"x\"},Located {locSpan = SourceSpan {spanFilename = \"<input>\", spanStart = SourcePos {posLine = 298, posColumn = 16}, spanEnd = SourcePos {posLine = 298, posColumn = 17}}, locValue = TokenOperator OpMult},Located {locSpan = SourceSpan {spanFilename = \"<input>\", spanStart = SourcePos {posLine = 298, posColumn = 18}, spanEnd = SourcePos {posLine = 298, posColumn = 20}}, locValue = TokenNumber \"74\" False},Located {locSpan = SourceSpan {spanFilename = \"<input>\", spanStart = SourcePos {posLine = 298, posColumn = 21}, spanEnd = SourcePos {posLine = 298, posColumn = 22}}, locValue = TokenOperator OpPlus},Located {locSpan = SourceSpan {spanFilename = \"<input>\", spanStart = SourcePos {posLine = 298, posColumn = 23}, spanEnd = SourcePos {posLine = 298, posColumn = 27}}, locValue = TokenIdent \"math\"},Located {locSpan = SourceSpan {spanFilename = \"<input>\", spanStart = SourcePos {posLine = 298, posColumn = 27}, spanEnd = SourcePos {posLine = 298, posColumn = 28}}, locValue = TokenDelimiter DelimDot},Located {locSpan = SourceSpan {spanFilename = \"<input>\", spanStart = SourcePos {posLine = 298, posColumn = 28}, spanEnd = SourcePos {posLine = 298, posColumn = 32}}, locValue = TokenIdent \"sqrt\"},Located {locSpan = SourceSpan {spanFilename = \"<input>\", spanStart = SourcePos {posLine = 298, posColumn = 32}, spanEnd = SourcePos {posLine = 298, posColumn = 33}}, locValue = TokenDelimiter DelimLeftParen},Located {locSpan = SourceSpan {spanFilename = \"<input>\", spanStart = SourcePos {posLine = 298, posColumn = 33}, spanEnd = SourcePos {posLine = 298, posColumn = 35}}, locValue = TokenNumber \"74\" False},Located {locSpan = SourceSpan {spanFilename = \"<input>\", spanStart = SourcePos {posLine = 298, posColumn = 35}, spanEnd = SourcePos {posLine = 298, posColumn = 36}}, locValue = TokenDelimiter DelimRightParen},Located {locSpan = SourceSpan {spanFilename = \"<input>\", spanStart = SourcePos {posLine = 298, posColumn = 1}, spanEnd = SourcePos {posLine = 299, posColumn = 1}}, locValue = TokenNewline},Located {locSpan = SourceSpan {spanFilename = \"<input>\", spanStart = SourcePos {posLine = 299, posColumn = 5}, spanEnd = SourcePos {posLine = 299, posColumn = 11}}, locValue = TokenKeyword KwReturn},Located {locSpan = SourceSpan {spanFilename = \"<input>\", spanStart = SourcePos {posLine = 299, posColumn = 12}, spanEnd = SourcePos {posLine = 299, posColumn = 18}}, locValue = TokenIdent \"result\"},Located {locSpan = SourceSpan {spanFilename = \"<input>\", spanStart = SourcePos {posLine = 299, posColumn = 1}, spanEnd = SourcePos {posLine = 300, posColumn = 1}}, locValue = TokenNewline},Located {locSpan = SourceSpan {spanFilename = \"<input>\", spanStart = SourcePos {posLine = 300, posColumn = 1}, spanEnd = SourcePos {posLine = 300, posColumn = 1}}, locValue = TokenDedent 4},Located {locSpan = SourceSpan {spanFilename = \"<input>\", spanStart = SourcePos {posLine = 300, posColumn = 1}, spanEnd = SourcePos {posLine = 300, posColumn = 4}}, locValue = TokenKeyword KwDef},Located {locSpan = SourceSpan {spanFilename = \"<input>\", spanStart = SourcePos {posLine = 300, posColumn = 5}, spanEnd = SourcePos {posLine = 300, posColumn = 16}}, locValue = TokenIdent \"function_75\"},Located {locSpan = SourceSpan {spanFilename = \"<input>\", spanStart = SourcePos {posLine = 300, posColumn = 16}, spanEnd = SourcePos {posLine = 300, posColumn = 17}}, locValue = TokenDelimiter DelimLeftParen},Located {locSpan = SourceSpan {spanFilename = \"<input>\", spanStart = SourcePos {posLine = 300, posColumn = 17}, spanEnd = SourcePos {posLine = 300, posColumn = 18}}, locValue = TokenIdent \"x\"},Located {locSpan = SourceSpan {spanFilename = \"<input>\", spanStart = SourcePos {posLine = 300, posColumn = 18}, spanEnd = SourcePos {posLine = 300, posColumn = 19}}, locValue = TokenDelimiter DelimRightParen},Located {locSpan = SourceSpan {spanFilename = \"<input>\", spanStart = SourcePos {posLine = 300, posColumn = 19}, spanEnd = SourcePos {posLine = 300, posColumn = 20}}, locValue = TokenDelimiter DelimColon},Located {locSpan = SourceSpan {spanFilename = \"<input>\", spanStart = SourcePos {posLine = 300, posColumn = 1}, spanEnd = SourcePos {posLine = 301, posColumn = 1}}, locValue = TokenNewline},Located {locSpan = SourceSpan {spanFilename = \"<input>\", spanStart = SourcePos {posLine = 301, posColumn = 1}, spanEnd = SourcePos {posLine = 301, posColumn = 5}}, locValue = TokenIndent 4},Located {locSpan = SourceSpan {spanFilename = \"<input>\", spanStart = SourcePos {posLine = 301, posColumn = 5}, spanEnd = SourcePos {posLine = 301, posColumn = 33}}, locValue = TokenComment \"# Function 75 implementation\"},Located {locSpan = SourceSpan {spanFilename = \"<input>\", spanStart = SourcePos {posLine = 301, posColumn = 1}, spanEnd = SourcePos {posLine = 302, posColumn = 1}}, locValue = TokenNewline},Located {locSpan = SourceSpan {spanFilename = \"<input>\", spanStart = SourcePos {posLine = 302, posColumn = 5}, spanEnd = SourcePos {posLine = 302, posColumn = 11}}, locValue = TokenIdent \"result\"},Located {locSpan = SourceSpan {spanFilename = \"<input>\", spanStart = SourcePos {posLine = 302, posColumn = 12}, spanEnd = SourcePos {posLine = 302, posColumn = 13}}, locValue = TokenOperator OpAssign},Located {locSpan = SourceSpan {spanFilename = \"<input>\", spanStart = SourcePos {posLine = 302, posColumn = 14}, spanEnd = SourcePos {posLine = 302, posColumn = 15}}, locValue = TokenIdent \"x\"},Located {locSpan = SourceSpan {spanFilename = \"<input>\", spanStart = SourcePos {posLine = 302, posColumn = 16}, spanEnd = SourcePos {posLine = 302, posColumn = 17}}, locValue = TokenOperator OpMult},Located {locSpan = SourceSpan {spanFilename = \"<input>\", spanStart = SourcePos {posLine = 302, posColumn = 18}, spanEnd = SourcePos {posLine = 302, posColumn = 20}}, locValue = TokenNumber \"75\" False},Located {locSpan = SourceSpan {spanFilename = \"<input>\", spanStart = SourcePos {posLine = 302, posColumn = 21}, spanEnd = SourcePos {posLine = 302, posColumn = 22}}, locValue = TokenOperator OpPlus},Located {locSpan = SourceSpan {spanFilename = \"<input>\", spanStart = SourcePos {posLine = 302, posColumn = 23}, spanEnd = SourcePos {posLine = 302, posColumn = 27}}, locValue = TokenIdent \"math\"},Located {locSpan = SourceSpan {spanFilename = \"<input>\", spanStart = SourcePos {posLine = 302, posColumn = 27}, spanEnd = SourcePos {posLine = 302, posColumn = 28}}, locValue = TokenDelimiter DelimDot},Located {locSpan = SourceSpan {spanFilename = \"<input>\", spanStart = SourcePos {posLine = 302, posColumn = 28}, spanEnd = SourcePos {posLine = 302, posColumn = 32}}, locValue = TokenIdent \"sqrt\"},Located {locSpan = SourceSpan {spanFilename = \"<input>\", spanStart = SourcePos {posLine = 302, posColumn = 32}, spanEnd = SourcePos {posLine = 302, posColumn = 33}}, locValue = TokenDelimiter DelimLeftParen},Located {locSpan = SourceSpan {spanFilename = \"<input>\", spanStart = SourcePos {posLine = 302, posColumn = 33}, spanEnd = SourcePos {posLine = 302, posColumn = 35}}, locValue = TokenNumber \"75\" False},Located {locSpan = SourceSpan {spanFilename = \"<input>\", spanStart = SourcePos {posLine = 302, posColumn = 35}, spanEnd = SourcePos {posLine = 302, posColumn = 36}}, locValue = TokenDelimiter DelimRightParen},Located {locSpan = SourceSpan {spanFilename = \"<input>\", spanStart = SourcePos {posLine = 302, posColumn = 1}, spanEnd = SourcePos {posLine = 303, posColumn = 1}}, locValue = TokenNewline},Located {locSpan = SourceSpan {spanFilename = \"<input>\", spanStart = SourcePos {posLine = 303, posColumn = 5}, spanEnd = SourcePos {posLine = 303, posColumn = 11}}, locValue = TokenKeyword KwReturn},Located {locSpan = SourceSpan {spanFilename = \"<input>\", spanStart = SourcePos {posLine = 303, posColumn = 12}, spanEnd = SourcePos {posLine = 303, posColumn = 18}}, locValue = TokenIdent \"result\"},Located {locSpan = SourceSpan {spanFilename = \"<input>\", spanStart = SourcePos {posLine = 303, posColumn = 1}, spanEnd = SourcePos {posLine = 304, posColumn = 1}}, locValue = TokenNewline},Located {locSpan = SourceSpan {spanFilename = \"<input>\", spanStart = SourcePos {posLine = 304, posColumn = 1}, spanEnd = SourcePos {posLine = 304, posColumn = 1}}, locValue = TokenDedent 4},Located {locSpan = SourceSpan {spanFilename = \"<input>\", spanStart = SourcePos {posLine = 304, posColumn = 1}, spanEnd = SourcePos {posLine = 304, posColumn = 4}}, locValue = TokenKeyword KwDef},Located {locSpan = SourceSpan {spanFilename = \"<input>\", spanStart = SourcePos {posLine = 304, posColumn = 5}, spanEnd = SourcePos {posLine = 304, posColumn = 16}}, locValue = TokenIdent \"function_76\"},Located {locSpan = SourceSpan {spanFilename = \"<input>\", spanStart = SourcePos {posLine = 304, posColumn = 16}, spanEnd = SourcePos {posLine = 304, posColumn = 17}}, locValue = TokenDelimiter DelimLeftParen},Located {locSpan = SourceSpan {spanFilename = \"<input>\", spanStart = SourcePos {posLine = 304, posColumn = 17}, spanEnd = SourcePos {posLine = 304, posColumn = 18}}, locValue = TokenIdent \"x\"},Located {locSpan = SourceSpan {spanFilename = \"<input>\", spanStart = SourcePos {posLine = 304, posColumn = 18}, spanEnd = SourcePos {posLine = 304, posColumn = 19}}, locValue = TokenDelimiter DelimRightParen},Located {locSpan = SourceSpan {spanFilename = \"<input>\", spanStart = SourcePos {posLine = 304, posColumn = 19}, spanEnd = SourcePos {posLine = 304, posColumn = 20}}, locValue = TokenDelimiter DelimColon},Located {locSpan = SourceSpan {spanFilename = \"<input>\", spanStart = SourcePos {posLine = 304, posColumn = 1}, spanEnd = SourcePos {posLine = 305, posColumn = 1}}, locValue = TokenNewline},Located {locSpan = SourceSpan {spanFilename = \"<input>\", spanStart = SourcePos {posLine = 305, posColumn = 1}, spanEnd = SourcePos {posLine = 305, posColumn = 5}}, locValue = TokenIndent 4},Located {locSpan = SourceSpan {spanFilename = \"<input>\", spanStart = SourcePos {posLine = 305, posColumn = 5}, spanEnd = SourcePos {posLine = 305, posColumn = 33}}, locValue = TokenComment \"# Function 76 implementation\"},Located {locSpan = SourceSpan {spanFilename = \"<input>\", spanStart = SourcePos {posLine = 305, posColumn = 1}, spanEnd = SourcePos {posLine = 306, posColumn = 1}}, locValue = TokenNewline},Located {locSpan = SourceSpan {spanFilename = \"<input>\", spanStart = SourcePos {posLine = 306, posColumn = 5}, spanEnd = SourcePos {posLine = 306, posColumn = 11}}, locValue = TokenIdent \"result\"},Located {locSpan = SourceSpan {spanFilename = \"<input>\", spanStart = SourcePos {posLine = 306, posColumn = 12}, spanEnd = SourcePos {posLine = 306, posColumn = 13}}, locValue = TokenOperator OpAssign},Located {locSpan = SourceSpan {spanFilename = \"<input>\", spanStart = SourcePos {posLine = 306, posColumn = 14}, spanEnd = SourcePos {posLine = 306, posColumn = 15}}, locValue = TokenIdent \"x\"},Located {locSpan = SourceSpan {spanFilename = \"<input>\", spanStart = SourcePos {posLine = 306, posColumn = 16}, spanEnd = SourcePos {posLine = 306, posColumn = 17}}, locValue = TokenOperator OpMult},Located {locSpan = SourceSpan {spanFilename = \"<input>\", spanStart = SourcePos {posLine = 306, posColumn = 18}, spanEnd = SourcePos {posLine = 306, posColumn = 20}}, locValue = TokenNumber \"76\" False},Located {locSpan = SourceSpan {spanFilename = \"<input>\", spanStart = SourcePos {posLine = 306, posColumn = 21}, spanEnd = SourcePos {posLine = 306, posColumn = 22}}, locValue = TokenOperator OpPlus},Located {locSpan = SourceSpan {spanFilename = \"<input>\", spanStart = SourcePos {posLine = 306, posColumn = 23}, spanEnd = SourcePos {posLine = 306, posColumn = 27}}, locValue = TokenIdent \"math\"},Located {locSpan = SourceSpan {spanFilename = \"<input>\", spanStart = SourcePos {posLine = 306, posColumn = 27}, spanEnd = SourcePos {posLine = 306, posColumn = 28}}, locValue = TokenDelimiter DelimDot},Located {locSpan = SourceSpan {spanFilename = \"<input>\", spanStart = SourcePos {posLine = 306, posColumn = 28}, spanEnd = SourcePos {posLine = 306, posColumn = 32}}, locValue = TokenIdent \"sqrt\"},Located {locSpan = SourceSpan {spanFilename = \"<input>\", spanStart = SourcePos {posLine = 306, posColumn = 32}, spanEnd = SourcePos {posLine = 306, posColumn = 33}}, locValue = TokenDelimiter DelimLeftParen},Located {locSpan = SourceSpan {spanFilename = \"<input>\", spanStart = SourcePos {posLine = 306, posColumn = 33}, spanEnd = SourcePos {posLine = 306, posColumn = 35}}, locValue = TokenNumber \"76\" False},Located {locSpan = SourceSpan {spanFilename = \"<input>\", spanStart = SourcePos {posLine = 306, posColumn = 35}, spanEnd = SourcePos {posLine = 306, posColumn = 36}}, locValue = TokenDelimiter DelimRightParen},Located {locSpan = SourceSpan {spanFilename = \"<input>\", spanStart = SourcePos {posLine = 306, posColumn = 1}, spanEnd = SourcePos {posLine = 307, posColumn = 1}}, locValue = TokenNewline},Located {locSpan = SourceSpan {spanFilename = \"<input>\", spanStart = SourcePos {posLine = 307, posColumn = 5}, spanEnd = SourcePos {posLine = 307, posColumn = 11}}, locValue = TokenKeyword KwReturn},Located {locSpan = SourceSpan {spanFilename = \"<input>\", spanStart = SourcePos {posLine = 307, posColumn = 12}, spanEnd = SourcePos {posLine = 307, posColumn = 18}}, locValue = TokenIdent \"result\"},Located {locSpan = SourceSpan {spanFilename = \"<input>\", spanStart = SourcePos {posLine = 307, posColumn = 1}, spanEnd = SourcePos {posLine = 308, posColumn = 1}}, locValue = TokenNewline},Located {locSpan = SourceSpan {spanFilename = \"<input>\", spanStart = SourcePos {posLine = 308, posColumn = 1}, spanEnd = SourcePos {posLine = 308, posColumn = 1}}, locValue = TokenDedent 4},Located {locSpan = SourceSpan {spanFilename = \"<input>\", spanStart = SourcePos {posLine = 308, posColumn = 1}, spanEnd = SourcePos {posLine = 308, posColumn = 4}}, locValue = TokenKeyword KwDef},Located {locSpan = SourceSpan {spanFilename = \"<input>\", spanStart = SourcePos {posLine = 308, posColumn = 5}, spanEnd = SourcePos {posLine = 308, posColumn = 16}}, locValue = TokenIdent \"function_77\"},Located {locSpan = SourceSpan {spanFilename = \"<input>\", spanStart = SourcePos {posLine = 308, posColumn = 16}, spanEnd = SourcePos {posLine = 308, posColumn = 17}}, locValue = TokenDelimiter DelimLeftParen},Located {locSpan = SourceSpan {spanFilename = \"<input>\", spanStart = SourcePos {posLine = 308, posColumn = 17}, spanEnd = SourcePos {posLine = 308, posColumn = 18}}, locValue = TokenIdent \"x\"},Located {locSpan = SourceSpan {spanFilename = \"<input>\", spanStart = SourcePos {posLine = 308, posColumn = 18}, spanEnd = SourcePos {posLine = 308, posColumn = 19}}, locValue = TokenDelimiter DelimRightParen},Located {locSpan = SourceSpan {spanFilename = \"<input>\", spanStart = SourcePos {posLine = 308, posColumn = 19}, spanEnd = SourcePos {posLine = 308, posColumn = 20}}, locValue = TokenDelimiter DelimColon},Located {locSpan = SourceSpan {spanFilename = \"<input>\", spanStart = SourcePos {posLine = 308, posColumn = 1}, spanEnd = SourcePos {posLine = 309, posColumn = 1}}, locValue = TokenNewline},Located {locSpan = SourceSpan {spanFilename = \"<input>\", spanStart = SourcePos {posLine = 309, posColumn = 1}, spanEnd = SourcePos {posLine = 309, posColumn = 5}}, locValue = TokenIndent 4},Located {locSpan = SourceSpan {spanFilename = \"<input>\", spanStart = SourcePos {posLine = 309, posColumn = 5}, spanEnd = SourcePos {posLine = 309, posColumn = 33}}, locValue = TokenComment \"# Function 77 implementation\"},Located {locSpan = SourceSpan {spanFilename = \"<input>\", spanStart = SourcePos {posLine = 309, posColumn = 1}, spanEnd = SourcePos {posLine = 310, posColumn = 1}}, locValue = TokenNewline},Located {locSpan = SourceSpan {spanFilename = \"<input>\", spanStart = SourcePos {posLine = 310, posColumn = 5}, spanEnd = SourcePos {posLine = 310, posColumn = 11}}, locValue = TokenIdent \"result\"},Located {locSpan = SourceSpan {spanFilename = \"<input>\", spanStart = SourcePos {posLine = 310, posColumn = 12}, spanEnd = SourcePos {posLine = 310, posColumn = 13}}, locValue = TokenOperator OpAssign},Located {locSpan = SourceSpan {spanFilename = \"<input>\", spanStart = SourcePos {posLine = 310, posColumn = 14}, spanEnd = SourcePos {posLine = 310, posColumn = 15}}, locValue = TokenIdent \"x\"},Located {locSpan = SourceSpan {spanFilename = \"<input>\", spanStart = SourcePos {posLine = 310, posColumn = 16}, spanEnd = SourcePos {posLine = 310, posColumn = 17}}, locValue = TokenOperator OpMult},Located {locSpan = SourceSpan {spanFilename = \"<input>\", spanStart = SourcePos {posLine = 310, posColumn = 18}, spanEnd = SourcePos {posLine = 310, posColumn = 20}}, locValue = TokenNumber \"77\" False},Located {locSpan = SourceSpan {spanFilename = \"<input>\", spanStart = SourcePos {posLine = 310, posColumn = 21}, spanEnd = SourcePos {posLine = 310, posColumn = 22}}, locValue = TokenOperator OpPlus},Located {locSpan = SourceSpan {spanFilename = \"<input>\", spanStart = SourcePos {posLine = 310, posColumn = 23}, spanEnd = SourcePos {posLine = 310, posColumn = 27}}, locValue = TokenIdent \"math\"},Located {locSpan = SourceSpan {spanFilename = \"<input>\", spanStart = SourcePos {posLine = 310, posColumn = 27}, spanEnd = SourcePos {posLine = 310, posColumn = 28}}, locValue = TokenDelimiter DelimDot},Located {locSpan = SourceSpan {spanFilename = \"<input>\", spanStart = SourcePos {posLine = 310, posColumn = 28}, spanEnd = SourcePos {posLine = 310, posColumn = 32}}, locValue = TokenIdent \"sqrt\"},Located {locSpan = SourceSpan {spanFilename = \"<input>\", spanStart = SourcePos {posLine = 310, posColumn = 32}, spanEnd = SourcePos {posLine = 310, posColumn = 33}}, locValue = TokenDelimiter DelimLeftParen},Located {locSpan = SourceSpan {spanFilename = \"<input>\", spanStart = SourcePos {posLine = 310, posColumn = 33}, spanEnd = SourcePos {posLine = 310, posColumn = 35}}, locValue = TokenNumber \"77\" False},Located {locSpan = SourceSpan {spanFilename = \"<input>\", spanStart = SourcePos {posLine = 310, posColumn = 35}, spanEnd = SourcePos {posLine = 310, posColumn = 36}}, locValue = TokenDelimiter DelimRightParen},Located {locSpan = SourceSpan {spanFilename = \"<input>\", spanStart = SourcePos {posLine = 310, posColumn = 1}, spanEnd = SourcePos {posLine = 311, posColumn = 1}}, locValue = TokenNewline},Located {locSpan = SourceSpan {spanFilename = \"<input>\", spanStart = SourcePos {posLine = 311, posColumn = 5}, spanEnd = SourcePos {posLine = 311, posColumn = 11}}, locValue = TokenKeyword KwReturn},Located {locSpan = SourceSpan {spanFilename = \"<input>\", spanStart = SourcePos {posLine = 311, posColumn = 12}, spanEnd = SourcePos {posLine = 311, posColumn = 18}}, locValue = TokenIdent \"result\"},Located {locSpan = SourceSpan {spanFilename = \"<input>\", spanStart = SourcePos {posLine = 311, posColumn = 1}, spanEnd = SourcePos {posLine = 312, posColumn = 1}}, locValue = TokenNewline},Located {locSpan = SourceSpan {spanFilename = \"<input>\", spanStart = SourcePos {posLine = 312, posColumn = 1}, spanEnd = SourcePos {posLine = 312, posColumn = 1}}, locValue = TokenDedent 4},Located {locSpan = SourceSpan {spanFilename = \"<input>\", spanStart = SourcePos {posLine = 312, posColumn = 1}, spanEnd = SourcePos {posLine = 312, posColumn = 4}}, locValue = TokenKeyword KwDef},Located {locSpan = SourceSpan {spanFilename = \"<input>\", spanStart = SourcePos {posLine = 312, posColumn = 5}, spanEnd = SourcePos {posLine = 312, posColumn = 16}}, locValue = TokenIdent \"function_78\"},Located {locSpan = SourceSpan {spanFilename = \"<input>\", spanStart = SourcePos {posLine = 312, posColumn = 16}, spanEnd = SourcePos {posLine = 312, posColumn = 17}}, locValue = TokenDelimiter DelimLeftParen},Located {locSpan = SourceSpan {spanFilename = \"<input>\", spanStart = SourcePos {posLine = 312, posColumn = 17}, spanEnd = SourcePos {posLine = 312, posColumn = 18}}, locValue = TokenIdent \"x\"},Located {locSpan = SourceSpan {spanFilename = \"<input>\", spanStart = SourcePos {posLine = 312, posColumn = 18}, spanEnd = SourcePos {posLine = 312, posColumn = 19}}, locValue = TokenDelimiter DelimRightParen},Located {locSpan = SourceSpan {spanFilename = \"<input>\", spanStart = SourcePos {posLine = 312, posColumn = 19}, spanEnd = SourcePos {posLine = 312, posColumn = 20}}, locValue = TokenDelimiter DelimColon},Located {locSpan = SourceSpan {spanFilename = \"<input>\", spanStart = SourcePos {posLine = 312, posColumn = 1}, spanEnd = SourcePos {posLine = 313, posColumn = 1}}, locValue = TokenNewline},Located {locSpan = SourceSpan {spanFilename = \"<input>\", spanStart = SourcePos {posLine = 313, posColumn = 1}, spanEnd = SourcePos {posLine = 313, posColumn = 5}}, locValue = TokenIndent 4},Located {locSpan = SourceSpan {spanFilename = \"<input>\", spanStart = SourcePos {posLine = 313, posColumn = 5}, spanEnd = SourcePos {posLine = 313, posColumn = 33}}, locValue = TokenComment \"# Function 78 implementation\"},Located {locSpan = SourceSpan {spanFilename = \"<input>\", spanStart = SourcePos {posLine = 313, posColumn = 1}, spanEnd = SourcePos {posLine = 314, posColumn = 1}}, locValue = TokenNewline},Located {locSpan = SourceSpan {spanFilename = \"<input>\", spanStart = SourcePos {posLine = 314, posColumn = 5}, spanEnd = SourcePos {posLine = 314, posColumn = 11}}, locValue = TokenIdent \"result\"},Located {locSpan = SourceSpan {spanFilename = \"<input>\", spanStart = SourcePos {posLine = 314, posColumn = 12}, spanEnd = SourcePos {posLine = 314, posColumn = 13}}, locValue = TokenOperator OpAssign},Located {locSpan = SourceSpan {spanFilename = \"<input>\", spanStart = SourcePos {posLine = 314, posColumn = 14}, spanEnd = SourcePos {posLine = 314, posColumn = 15}}, locValue = TokenIdent \"x\"},Located {locSpan = SourceSpan {spanFilename = \"<input>\", spanStart = SourcePos {posLine = 314, posColumn = 16}, spanEnd = SourcePos {posLine = 314, posColumn = 17}}, locValue = TokenOperator OpMult},Located {locSpan = SourceSpan {spanFilename = \"<input>\", spanStart = SourcePos {posLine = 314, posColumn = 18}, spanEnd = SourcePos {posLine = 314, posColumn = 20}}, locValue = TokenNumber \"78\" False},Located {locSpan = SourceSpan {spanFilename = \"<input>\", spanStart = SourcePos {posLine = 314, posColumn = 21}, spanEnd = SourcePos {posLine = 314, posColumn = 22}}, locValue = TokenOperator OpPlus},Located {locSpan = SourceSpan {spanFilename = \"<input>\", spanStart = SourcePos {posLine = 314, posColumn = 23}, spanEnd = SourcePos {posLine = 314, posColumn = 27}}, locValue = TokenIdent \"math\"},Located {locSpan = SourceSpan {spanFilename = \"<input>\", spanStart = SourcePos {posLine = 314, posColumn = 27}, spanEnd = SourcePos {posLine = 314, posColumn = 28}}, locValue = TokenDelimiter DelimDot},Located {locSpan = SourceSpan {spanFilename = \"<input>\", spanStart = SourcePos {posLine = 314, posColumn = 28}, spanEnd = SourcePos {posLine = 314, posColumn = 32}}, locValue = TokenIdent \"sqrt\"},Located {locSpan = SourceSpan {spanFilename = \"<input>\", spanStart = SourcePos {posLine = 314, posColumn = 32}, spanEnd = SourcePos {posLine = 314, posColumn = 33}}, locValue = TokenDelimiter DelimLeftParen},Located {locSpan = SourceSpan {spanFilename = \"<input>\", spanStart = SourcePos {posLine = 314, posColumn = 33}, spanEnd = SourcePos {posLine = 314, posColumn = 35}}, locValue = TokenNumber \"78\" False},Located {locSpan = SourceSpan {spanFilename = \"<input>\", spanStart = SourcePos {posLine = 314, posColumn = 35}, spanEnd = SourcePos {posLine = 314, posColumn = 36}}, locValue = TokenDelimiter DelimRightParen},Located {locSpan = SourceSpan {spanFilename = \"<input>\", spanStart = SourcePos {posLine = 314, posColumn = 1}, spanEnd = SourcePos {posLine = 315, posColumn = 1}}, locValue = TokenNewline},Located {locSpan = SourceSpan {spanFilename = \"<input>\", spanStart = SourcePos {posLine = 315, posColumn = 5}, spanEnd = SourcePos {posLine = 315, posColumn = 11}}, locValue = TokenKeyword KwReturn},Located {locSpan = SourceSpan {spanFilename = \"<input>\", spanStart = SourcePos {posLine = 315, posColumn = 12}, spanEnd = SourcePos {posLine = 315, posColumn = 18}}, locValue = TokenIdent \"result\"},Located {locSpan = SourceSpan {spanFilename = \"<input>\", spanStart = SourcePos {posLine = 315, posColumn = 1}, spanEnd = SourcePos {posLine = 316, posColumn = 1}}, locValue = TokenNewline},Located {locSpan = SourceSpan {spanFilename = \"<input>\", spanStart = SourcePos {posLine = 316, posColumn = 1}, spanEnd = SourcePos {posLine = 316, posColumn = 1}}, locValue = TokenDedent 4},Located {locSpan = SourceSpan {spanFilename = \"<input>\", spanStart = SourcePos {posLine = 316, posColumn = 1}, spanEnd = SourcePos {posLine = 316, posColumn = 4}}, locValue = TokenKeyword KwDef},Located {locSpan = SourceSpan {spanFilename = \"<input>\", spanStart = SourcePos {posLine = 316, posColumn = 5}, spanEnd = SourcePos {posLine = 316, posColumn = 16}}, locValue = TokenIdent \"function_79\"},Located {locSpan = SourceSpan {spanFilename = \"<input>\", spanStart = SourcePos {posLine = 316, posColumn = 16}, spanEnd = SourcePos {posLine = 316, posColumn = 17}}, locValue = TokenDelimiter DelimLeftParen},Located {locSpan = SourceSpan {spanFilename = \"<input>\", spanStart = SourcePos {posLine = 316, posColumn = 17}, spanEnd = SourcePos {posLine = 316, posColumn = 18}}, locValue = TokenIdent \"x\"},Located {locSpan = SourceSpan {spanFilename = \"<input>\", spanStart = SourcePos {posLine = 316, posColumn = 18}, spanEnd = SourcePos {posLine = 316, posColumn = 19}}, locValue = TokenDelimiter DelimRightParen},Located {locSpan = SourceSpan {spanFilename = \"<input>\", spanStart = SourcePos {posLine = 316, posColumn = 19}, spanEnd = SourcePos {posLine = 316, posColumn = 20}}, locValue = TokenDelimiter DelimColon},Located {locSpan = SourceSpan {spanFilename = \"<input>\", spanStart = SourcePos {posLine = 316, posColumn = 1}, spanEnd = SourcePos {posLine = 317, posColumn = 1}}, locValue = TokenNewline},Located {locSpan = SourceSpan {spanFilename = \"<input>\", spanStart = SourcePos {posLine = 317, posColumn = 1}, spanEnd = SourcePos {posLine = 317, posColumn = 5}}, locValue = TokenIndent 4},Located {locSpan = SourceSpan {spanFilename = \"<input>\", spanStart = SourcePos {posLine = 317, posColumn = 5}, spanEnd = SourcePos {posLine = 317, posColumn = 33}}, locValue = TokenComment \"# Function 79 implementation\"},Located {locSpan = SourceSpan {spanFilename = \"<input>\", spanStart = SourcePos {posLine = 317, posColumn = 1}, spanEnd = SourcePos {posLine = 318, posColumn = 1}}, locValue = TokenNewline},Located {locSpan = SourceSpan {spanFilename = \"<input>\", spanStart = SourcePos {posLine = 318, posColumn = 5}, spanEnd = SourcePos {posLine = 318, posColumn = 11}}, locValue = TokenIdent \"result\"},Located {locSpan = SourceSpan {spanFilename = \"<input>\", spanStart = SourcePos {posLine = 318, posColumn = 12}, spanEnd = SourcePos {posLine = 318, posColumn = 13}}, locValue = TokenOperator OpAssign},Located {locSpan = SourceSpan {spanFilename = \"<input>\", spanStart = SourcePos {posLine = 318, posColumn = 14}, spanEnd = SourcePos {posLine = 318, posColumn = 15}}, locValue = TokenIdent \"x\"},Located {locSpan = SourceSpan {spanFilename = \"<input>\", spanStart = SourcePos {posLine = 318, posColumn = 16}, spanEnd = SourcePos {posLine = 318, posColumn = 17}}, locValue = TokenOperator OpMult},Located {locSpan = SourceSpan {spanFilename = \"<input>\", spanStart = SourcePos {posLine = 318, posColumn = 18}, spanEnd = SourcePos {posLine = 318, posColumn = 20}}, locValue = TokenNumber \"79\" False},Located {locSpan = SourceSpan {spanFilename = \"<input>\", spanStart = SourcePos {posLine = 318, posColumn = 21}, spanEnd = SourcePos {posLine = 318, posColumn = 22}}, locValue = TokenOperator OpPlus},Located {locSpan = SourceSpan {spanFilename = \"<input>\", spanStart = SourcePos {posLine = 318, posColumn = 23}, spanEnd = SourcePos {posLine = 318, posColumn = 27}}, locValue = TokenIdent \"math\"},Located {locSpan = SourceSpan {spanFilename = \"<input>\", spanStart = SourcePos {posLine = 318, posColumn = 27}, spanEnd = SourcePos {posLine = 318, posColumn = 28}}, locValue = TokenDelimiter DelimDot},Located {locSpan = SourceSpan {spanFilename = \"<input>\", spanStart = SourcePos {posLine = 318, posColumn = 28}, spanEnd = SourcePos {posLine = 318, posColumn = 32}}, locValue = TokenIdent \"sqrt\"},Located {locSpan = SourceSpan {spanFilename = \"<input>\", spanStart = SourcePos {posLine = 318, posColumn = 32}, spanEnd = SourcePos {posLine = 318, posColumn = 33}}, locValue = TokenDelimiter DelimLeftParen},Located {locSpan = SourceSpan {spanFilename = \"<input>\", spanStart = SourcePos {posLine = 318, posColumn = 33}, spanEnd = SourcePos {posLine = 318, posColumn = 35}}, locValue = TokenNumber \"79\" False},Located {locSpan = SourceSpan {spanFilename = \"<input>\", spanStart = SourcePos {posLine = 318, posColumn = 35}, spanEnd = SourcePos {posLine = 318, posColumn = 36}}, locValue = TokenDelimiter DelimRightParen},Located {locSpan = SourceSpan {spanFilename = \"<input>\", spanStart = SourcePos {posLine = 318, posColumn = 1}, spanEnd = SourcePos {posLine = 319, posColumn = 1}}, locValue = TokenNewline},Located {locSpan = SourceSpan {spanFilename = \"<input>\", spanStart = SourcePos {posLine = 319, posColumn = 5}, spanEnd = SourcePos {posLine = 319, posColumn = 11}}, locValue = TokenKeyword KwReturn},Located {locSpan = SourceSpan {spanFilename = \"<input>\", spanStart = SourcePos {posLine = 319, posColumn = 12}, spanEnd = SourcePos {posLine = 319, posColumn = 18}}, locValue = TokenIdent \"result\"},Located {locSpan = SourceSpan {spanFilename = \"<input>\", spanStart = SourcePos {posLine = 319, posColumn = 1}, spanEnd = SourcePos {posLine = 320, posColumn = 1}}, locValue = TokenNewline},Located {locSpan = SourceSpan {spanFilename = \"<input>\", spanStart = SourcePos {posLine = 320, posColumn = 1}, spanEnd = SourcePos {posLine = 320, posColumn = 1}}, locValue = TokenDedent 4},Located {locSpan = SourceSpan {spanFilename = \"<input>\", spanStart = SourcePos {posLine = 320, posColumn = 1}, spanEnd = SourcePos {posLine = 320, posColumn = 4}}, locValue = TokenKeyword KwDef},Located {locSpan = SourceSpan {spanFilename = \"<input>\", spanStart = SourcePos {posLine = 320, posColumn = 5}, spanEnd = SourcePos {posLine = 320, posColumn = 16}}, locValue = TokenIdent \"function_80\"},Located {locSpan = SourceSpan {spanFilename = \"<input>\", spanStart = SourcePos {posLine = 320, posColumn = 16}, spanEnd = SourcePos {posLine = 320, posColumn = 17}}, locValue = TokenDelimiter DelimLeftParen},Located {locSpan = SourceSpan {spanFilename = \"<input>\", spanStart = SourcePos {posLine = 320, posColumn = 17}, spanEnd = SourcePos {posLine = 320, posColumn = 18}}, locValue = TokenIdent \"x\"},Located {locSpan = SourceSpan {spanFilename = \"<input>\", spanStart = SourcePos {posLine = 320, posColumn = 18}, spanEnd = SourcePos {posLine = 320, posColumn = 19}}, locValue = TokenDelimiter DelimRightParen},Located {locSpan = SourceSpan {spanFilename = \"<input>\", spanStart = SourcePos {posLine = 320, posColumn = 19}, spanEnd = SourcePos {posLine = 320, posColumn = 20}}, locValue = TokenDelimiter DelimColon},Located {locSpan = SourceSpan {spanFilename = \"<input>\", spanStart = SourcePos {posLine = 320, posColumn = 1}, spanEnd = SourcePos {posLine = 321, posColumn = 1}}, locValue = TokenNewline},Located {locSpan = SourceSpan {spanFilename = \"<input>\", spanStart = SourcePos {posLine = 321, posColumn = 1}, spanEnd = SourcePos {posLine = 321, posColumn = 5}}, locValue = TokenIndent 4},Located {locSpan = SourceSpan {spanFilename = \"<input>\", spanStart = SourcePos {posLine = 321, posColumn = 5}, spanEnd = SourcePos {posLine = 321, posColumn = 33}}, locValue = TokenComment \"# Function 80 implementation\"},Located {locSpan = SourceSpan {spanFilename = \"<input>\", spanStart = SourcePos {posLine = 321, posColumn = 1}, spanEnd = SourcePos {posLine = 322, posColumn = 1}}, locValue = TokenNewline},Located {locSpan = SourceSpan {spanFilename = \"<input>\", spanStart = SourcePos {posLine = 322, posColumn = 5}, spanEnd = SourcePos {posLine = 322, posColumn = 11}}, locValue = TokenIdent \"result\"},Located {locSpan = SourceSpan {spanFilename = \"<input>\", spanStart = SourcePos {posLine = 322, posColumn = 12}, spanEnd = SourcePos {posLine = 322, posColumn = 13}}, locValue = TokenOperator OpAssign},Located {locSpan = SourceSpan {spanFilename = \"<input>\", spanStart = SourcePos {posLine = 322, posColumn = 14}, spanEnd = SourcePos {posLine = 322, posColumn = 15}}, locValue = TokenIdent \"x\"},Located {locSpan = SourceSpan {spanFilename = \"<input>\", spanStart = SourcePos {posLine = 322, posColumn = 16}, spanEnd = SourcePos {posLine = 322, posColumn = 17}}, locValue = TokenOperator OpMult},Located {locSpan = SourceSpan {spanFilename = \"<input>\", spanStart = SourcePos {posLine = 322, posColumn = 18}, spanEnd = SourcePos {posLine = 322, posColumn = 20}}, locValue = TokenNumber \"80\" False},Located {locSpan = SourceSpan {spanFilename = \"<input>\", spanStart = SourcePos {posLine = 322, posColumn = 21}, spanEnd = SourcePos {posLine = 322, posColumn = 22}}, locValue = TokenOperator OpPlus},Located {locSpan = SourceSpan {spanFilename = \"<input>\", spanStart = SourcePos {posLine = 322, posColumn = 23}, spanEnd = SourcePos {posLine = 322, posColumn = 27}}, locValue = TokenIdent \"math\"},Located {locSpan = SourceSpan {spanFilename = \"<input>\", spanStart = SourcePos {posLine = 322, posColumn = 27}, spanEnd = SourcePos {posLine = 322, posColumn = 28}}, locValue = TokenDelimiter DelimDot},Located {locSpan = SourceSpan {spanFilename = \"<input>\", spanStart = SourcePos {posLine = 322, posColumn = 28}, spanEnd = SourcePos {posLine = 322, posColumn = 32}}, locValue = TokenIdent \"sqrt\"},Located {locSpan = SourceSpan {spanFilename = \"<input>\", spanStart = SourcePos {posLine = 322, posColumn = 32}, spanEnd = SourcePos {posLine = 322, posColumn = 33}}, locValue = TokenDelimiter DelimLeftParen},Located {locSpan = SourceSpan {spanFilename = \"<input>\", spanStart = SourcePos {posLine = 322, posColumn = 33}, spanEnd = SourcePos {posLine = 322, posColumn = 35}}, locValue = TokenNumber \"80\" False},Located {locSpan = SourceSpan {spanFilename = \"<input>\", spanStart = SourcePos {posLine = 322, posColumn = 35}, spanEnd = SourcePos {posLine = 322, posColumn = 36}}, locValue = TokenDelimiter DelimRightParen},Located {locSpan = SourceSpan {spanFilename = \"<input>\", spanStart = SourcePos {posLine = 322, posColumn = 1}, spanEnd = SourcePos {posLine = 323, posColumn = 1}}, locValue = TokenNewline},Located {locSpan = SourceSpan {spanFilename = \"<input>\", spanStart = SourcePos {posLine = 323, posColumn = 5}, spanEnd = SourcePos {posLine = 323, posColumn = 11}}, locValue = TokenKeyword KwReturn},Located {locSpan = SourceSpan {spanFilename = \"<input>\", spanStart = SourcePos {posLine = 323, posColumn = 12}, spanEnd = SourcePos {posLine = 323, posColumn = 18}}, locValue = TokenIdent \"result\"},Located {locSpan = SourceSpan {spanFilename = \"<input>\", spanStart = SourcePos {posLine = 323, posColumn = 1}, spanEnd = SourcePos {posLine = 324, posColumn = 1}}, locValue = TokenNewline},Located {locSpan = SourceSpan {spanFilename = \"<input>\", spanStart = SourcePos {posLine = 324, posColumn = 1}, spanEnd = SourcePos {posLine = 324, posColumn = 1}}, locValue = TokenDedent 4},Located {locSpan = SourceSpan {spanFilename = \"<input>\", spanStart = SourcePos {posLine = 324, posColumn = 1}, spanEnd = SourcePos {posLine = 324, posColumn = 4}}, locValue = TokenKeyword KwDef},Located {locSpan = SourceSpan {spanFilename = \"<input>\", spanStart = SourcePos {posLine = 324, posColumn = 5}, spanEnd = SourcePos {posLine = 324, posColumn = 16}}, locValue = TokenIdent \"function_81\"},Located {locSpan = SourceSpan {spanFilename = \"<input>\", spanStart = SourcePos {posLine = 324, posColumn = 16}, spanEnd = SourcePos {posLine = 324, posColumn = 17}}, locValue = TokenDelimiter DelimLeftParen},Located {locSpan = SourceSpan {spanFilename = \"<input>\", spanStart = SourcePos {posLine = 324, posColumn = 17}, spanEnd = SourcePos {posLine = 324, posColumn = 18}}, locValue = TokenIdent \"x\"},Located {locSpan = SourceSpan {spanFilename = \"<input>\", spanStart = SourcePos {posLine = 324, posColumn = 18}, spanEnd = SourcePos {posLine = 324, posColumn = 19}}, locValue = TokenDelimiter DelimRightParen},Located {locSpan = SourceSpan {spanFilename = \"<input>\", spanStart = SourcePos {posLine = 324, posColumn = 19}, spanEnd = SourcePos {posLine = 324, posColumn = 20}}, locValue = TokenDelimiter DelimColon},Located {locSpan = SourceSpan {spanFilename = \"<input>\", spanStart = SourcePos {posLine = 324, posColumn = 1}, spanEnd = SourcePos {posLine = 325, posColumn = 1}}, locValue = TokenNewline},Located {locSpan = SourceSpan {spanFilename = \"<input>\", spanStart = SourcePos {posLine = 325, posColumn = 1}, spanEnd = SourcePos {posLine = 325, posColumn = 5}}, locValue = TokenIndent 4},Located {locSpan = SourceSpan {spanFilename = \"<input>\", spanStart = SourcePos {posLine = 325, posColumn = 5}, spanEnd = SourcePos {posLine = 325, posColumn = 33}}, locValue = TokenComment \"# Function 81 implementation\"},Located {locSpan = SourceSpan {spanFilename = \"<input>\", spanStart = SourcePos {posLine = 325, posColumn = 1}, spanEnd = SourcePos {posLine = 326, posColumn = 1}}, locValue = TokenNewline},Located {locSpan = SourceSpan {spanFilename = \"<input>\", spanStart = SourcePos {posLine = 326, posColumn = 5}, spanEnd = SourcePos {posLine = 326, posColumn = 11}}, locValue = TokenIdent \"result\"},Located {locSpan = SourceSpan {spanFilename = \"<input>\", spanStart = SourcePos {posLine = 326, posColumn = 12}, spanEnd = SourcePos {posLine = 326, posColumn = 13}}, locValue = TokenOperator OpAssign},Located {locSpan = SourceSpan {spanFilename = \"<input>\", spanStart = SourcePos {posLine = 326, posColumn = 14}, spanEnd = SourcePos {posLine = 326, posColumn = 15}}, locValue = TokenIdent \"x\"},Located {locSpan = SourceSpan {spanFilename = \"<input>\", spanStart = SourcePos {posLine = 326, posColumn = 16}, spanEnd = SourcePos {posLine = 326, posColumn = 17}}, locValue = TokenOperator OpMult},Located {locSpan = SourceSpan {spanFilename = \"<input>\", spanStart = SourcePos {posLine = 326, posColumn = 18}, spanEnd = SourcePos {posLine = 326, posColumn = 20}}, locValue = TokenNumber \"81\" False},Located {locSpan = SourceSpan {spanFilename = \"<input>\", spanStart = SourcePos {posLine = 326, posColumn = 21}, spanEnd = SourcePos {posLine = 326, posColumn = 22}}, locValue = TokenOperator OpPlus},Located {locSpan = SourceSpan {spanFilename = \"<input>\", spanStart = SourcePos {posLine = 326, posColumn = 23}, spanEnd = SourcePos {posLine = 326, posColumn = 27}}, locValue = TokenIdent \"math\"},Located {locSpan = SourceSpan {spanFilename = \"<input>\", spanStart = SourcePos {posLine = 326, posColumn = 27}, spanEnd = SourcePos {posLine = 326, posColumn = 28}}, locValue = TokenDelimiter DelimDot},Located {locSpan = SourceSpan {spanFilename = \"<input>\", spanStart = SourcePos {posLine = 326, posColumn = 28}, spanEnd = SourcePos {posLine = 326, posColumn = 32}}, locValue = TokenIdent \"sqrt\"},Located {locSpan = SourceSpan {spanFilename = \"<input>\", spanStart = SourcePos {posLine = 326, posColumn = 32}, spanEnd = SourcePos {posLine = 326, posColumn = 33}}, locValue = TokenDelimiter DelimLeftParen},Located {locSpan = SourceSpan {spanFilename = \"<input>\", spanStart = SourcePos {posLine = 326, posColumn = 33}, spanEnd = SourcePos {posLine = 326, posColumn = 35}}, locValue = TokenNumber \"81\" False},Located {locSpan = SourceSpan {spanFilename = \"<input>\", spanStart = SourcePos {posLine = 326, posColumn = 35}, spanEnd = SourcePos {posLine = 326, posColumn = 36}}, locValue = TokenDelimiter DelimRightParen},Located {locSpan = SourceSpan {spanFilename = \"<input>\", spanStart = SourcePos {posLine = 326, posColumn = 1}, spanEnd = SourcePos {posLine = 327, posColumn = 1}}, locValue = TokenNewline},Located {locSpan = SourceSpan {spanFilename = \"<input>\", spanStart = SourcePos {posLine = 327, posColumn = 5}, spanEnd = SourcePos {posLine = 327, posColumn = 11}}, locValue = TokenKeyword KwReturn},Located {locSpan = SourceSpan {spanFilename = \"<input>\", spanStart = SourcePos {posLine = 327, posColumn = 12}, spanEnd = SourcePos {posLine = 327, posColumn = 18}}, locValue = TokenIdent \"result\"},Located {locSpan = SourceSpan {spanFilename = \"<input>\", spanStart = SourcePos {posLine = 327, posColumn = 1}, spanEnd = SourcePos {posLine = 328, posColumn = 1}}, locValue = TokenNewline},Located {locSpan = SourceSpan {spanFilename = \"<input>\", spanStart = SourcePos {posLine = 328, posColumn = 1}, spanEnd = SourcePos {posLine = 328, posColumn = 1}}, locValue = TokenDedent 4},Located {locSpan = SourceSpan {spanFilename = \"<input>\", spanStart = SourcePos {posLine = 328, posColumn = 1}, spanEnd = SourcePos {posLine = 328, posColumn = 4}}, locValue = TokenKeyword KwDef},Located {locSpan = SourceSpan {spanFilename = \"<input>\", spanStart = SourcePos {posLine = 328, posColumn = 5}, spanEnd = SourcePos {posLine = 328, posColumn = 16}}, locValue = TokenIdent \"function_82\"},Located {locSpan = SourceSpan {spanFilename = \"<input>\", spanStart = SourcePos {posLine = 328, posColumn = 16}, spanEnd = SourcePos {posLine = 328, posColumn = 17}}, locValue = TokenDelimiter DelimLeftParen},Located {locSpan = SourceSpan {spanFilename = \"<input>\", spanStart = SourcePos {posLine = 328, posColumn = 17}, spanEnd = SourcePos {posLine = 328, posColumn = 18}}, locValue = TokenIdent \"x\"},Located {locSpan = SourceSpan {spanFilename = \"<input>\", spanStart = SourcePos {posLine = 328, posColumn = 18}, spanEnd = SourcePos {posLine = 328, posColumn = 19}}, locValue = TokenDelimiter DelimRightParen},Located {locSpan = SourceSpan {spanFilename = \"<input>\", spanStart = SourcePos {posLine = 328, posColumn = 19}, spanEnd = SourcePos {posLine = 328, posColumn = 20}}, locValue = TokenDelimiter DelimColon},Located {locSpan = SourceSpan {spanFilename = \"<input>\", spanStart = SourcePos {posLine = 328, posColumn = 1}, spanEnd = SourcePos {posLine = 329, posColumn = 1}}, locValue = TokenNewline},Located {locSpan = SourceSpan {spanFilename = \"<input>\", spanStart = SourcePos {posLine = 329, posColumn = 1}, spanEnd = SourcePos {posLine = 329, posColumn = 5}}, locValue = TokenIndent 4},Located {locSpan = SourceSpan {spanFilename = \"<input>\", spanStart = SourcePos {posLine = 329, posColumn = 5}, spanEnd = SourcePos {posLine = 329, posColumn = 33}}, locValue = TokenComment \"# Function 82 implementation\"},Located {locSpan = SourceSpan {spanFilename = \"<input>\", spanStart = SourcePos {posLine = 329, posColumn = 1}, spanEnd = SourcePos {posLine = 330, posColumn = 1}}, locValue = TokenNewline},Located {locSpan = SourceSpan {spanFilename = \"<input>\", spanStart = SourcePos {posLine = 330, posColumn = 5}, spanEnd = SourcePos {posLine = 330, posColumn = 11}}, locValue = TokenIdent \"result\"},Located {locSpan = SourceSpan {spanFilename = \"<input>\", spanStart = SourcePos {posLine = 330, posColumn = 12}, spanEnd = SourcePos {posLine = 330, posColumn = 13}}, locValue = TokenOperator OpAssign},Located {locSpan = SourceSpan {spanFilename = \"<input>\", spanStart = SourcePos {posLine = 330, posColumn = 14}, spanEnd = SourcePos {posLine = 330, posColumn = 15}}, locValue = TokenIdent \"x\"},Located {locSpan = SourceSpan {spanFilename = \"<input>\", spanStart = SourcePos {posLine = 330, posColumn = 16}, spanEnd = SourcePos {posLine = 330, posColumn = 17}}, locValue = TokenOperator OpMult},Located {locSpan = SourceSpan {spanFilename = \"<input>\", spanStart = SourcePos {posLine = 330, posColumn = 18}, spanEnd = SourcePos {posLine = 330, posColumn = 20}}, locValue = TokenNumber \"82\" False},Located {locSpan = SourceSpan {spanFilename = \"<input>\", spanStart = SourcePos {posLine = 330, posColumn = 21}, spanEnd = SourcePos {posLine = 330, posColumn = 22}}, locValue = TokenOperator OpPlus},Located {locSpan = SourceSpan {spanFilename = \"<input>\", spanStart = SourcePos {posLine = 330, posColumn = 23}, spanEnd = SourcePos {posLine = 330, posColumn = 27}}, locValue = TokenIdent \"math\"},Located {locSpan = SourceSpan {spanFilename = \"<input>\", spanStart = SourcePos {posLine = 330, posColumn = 27}, spanEnd = SourcePos {posLine = 330, posColumn = 28}}, locValue = TokenDelimiter DelimDot},Located {locSpan = SourceSpan {spanFilename = \"<input>\", spanStart = SourcePos {posLine = 330, posColumn = 28}, spanEnd = SourcePos {posLine = 330, posColumn = 32}}, locValue = TokenIdent \"sqrt\"},Located {locSpan = SourceSpan {spanFilename = \"<input>\", spanStart = SourcePos {posLine = 330, posColumn = 32}, spanEnd = SourcePos {posLine = 330, posColumn = 33}}, locValue = TokenDelimiter DelimLeftParen},Located {locSpan = SourceSpan {spanFilename = \"<input>\", spanStart = SourcePos {posLine = 330, posColumn = 33}, spanEnd = SourcePos {posLine = 330, posColumn = 35}}, locValue = TokenNumber \"82\" False},Located {locSpan = SourceSpan {spanFilename = \"<input>\", spanStart = SourcePos {posLine = 330, posColumn = 35}, spanEnd = SourcePos {posLine = 330, posColumn = 36}}, locValue = TokenDelimiter DelimRightParen},Located {locSpan = SourceSpan {spanFilename = \"<input>\", spanStart = SourcePos {posLine = 330, posColumn = 1}, spanEnd = SourcePos {posLine = 331, posColumn = 1}}, locValue = TokenNewline},Located {locSpan = SourceSpan {spanFilename = \"<input>\", spanStart = SourcePos {posLine = 331, posColumn = 5}, spanEnd = SourcePos {posLine = 331, posColumn = 11}}, locValue = TokenKeyword KwReturn},Located {locSpan = SourceSpan {spanFilename = \"<input>\", spanStart = SourcePos {posLine = 331, posColumn = 12}, spanEnd = SourcePos {posLine = 331, posColumn = 18}}, locValue = TokenIdent \"result\"},Located {locSpan = SourceSpan {spanFilename = \"<input>\", spanStart = SourcePos {posLine = 331, posColumn = 1}, spanEnd = SourcePos {posLine = 332, posColumn = 1}}, locValue = TokenNewline},Located {locSpan = SourceSpan {spanFilename = \"<input>\", spanStart = SourcePos {posLine = 332, posColumn = 1}, spanEnd = SourcePos {posLine = 332, posColumn = 1}}, locValue = TokenDedent 4},Located {locSpan = SourceSpan {spanFilename = \"<input>\", spanStart = SourcePos {posLine = 332, posColumn = 1}, spanEnd = SourcePos {posLine = 332, posColumn = 4}}, locValue = TokenKeyword KwDef},Located {locSpan = SourceSpan {spanFilename = \"<input>\", spanStart = SourcePos {posLine = 332, posColumn = 5}, spanEnd = SourcePos {posLine = 332, posColumn = 16}}, locValue = TokenIdent \"function_83\"},Located {locSpan = SourceSpan {spanFilename = \"<input>\", spanStart = SourcePos {posLine = 332, posColumn = 16}, spanEnd = SourcePos {posLine = 332, posColumn = 17}}, locValue = TokenDelimiter DelimLeftParen},Located {locSpan = SourceSpan {spanFilename = \"<input>\", spanStart = SourcePos {posLine = 332, posColumn = 17}, spanEnd = SourcePos {posLine = 332, posColumn = 18}}, locValue = TokenIdent \"x\"},Located {locSpan = SourceSpan {spanFilename = \"<input>\", spanStart = SourcePos {posLine = 332, posColumn = 18}, spanEnd = SourcePos {posLine = 332, posColumn = 19}}, locValue = TokenDelimiter DelimRightParen},Located {locSpan = SourceSpan {spanFilename = \"<input>\", spanStart = SourcePos {posLine = 332, posColumn = 19}, spanEnd = SourcePos {posLine = 332, posColumn = 20}}, locValue = TokenDelimiter DelimColon},Located {locSpan = SourceSpan {spanFilename = \"<input>\", spanStart = SourcePos {posLine = 332, posColumn = 1}, spanEnd = SourcePos {posLine = 333, posColumn = 1}}, locValue = TokenNewline},Located {locSpan = SourceSpan {spanFilename = \"<input>\", spanStart = SourcePos {posLine = 333, posColumn = 1}, spanEnd = SourcePos {posLine = 333, posColumn = 5}}, locValue = TokenIndent 4},Located {locSpan = SourceSpan {spanFilename = \"<input>\", spanStart = SourcePos {posLine = 333, posColumn = 5}, spanEnd = SourcePos {posLine = 333, posColumn = 33}}, locValue = TokenComment \"# Function 83 implementation\"},Located {locSpan = SourceSpan {spanFilename = \"<input>\", spanStart = SourcePos {posLine = 333, posColumn = 1}, spanEnd = SourcePos {posLine = 334, posColumn = 1}}, locValue = TokenNewline},Located {locSpan = SourceSpan {spanFilename = \"<input>\", spanStart = SourcePos {posLine = 334, posColumn = 5}, spanEnd = SourcePos {posLine = 334, posColumn = 11}}, locValue = TokenIdent \"result\"},Located {locSpan = SourceSpan {spanFilename = \"<input>\", spanStart = SourcePos {posLine = 334, posColumn = 12}, spanEnd = SourcePos {posLine = 334, posColumn = 13}}, locValue = TokenOperator OpAssign},Located {locSpan = SourceSpan {spanFilename = \"<input>\", spanStart = SourcePos {posLine = 334, posColumn = 14}, spanEnd = SourcePos {posLine = 334, posColumn = 15}}, locValue = TokenIdent \"x\"},Located {locSpan = SourceSpan {spanFilename = \"<input>\", spanStart = SourcePos {posLine = 334, posColumn = 16}, spanEnd = SourcePos {posLine = 334, posColumn = 17}}, locValue = TokenOperator OpMult},Located {locSpan = SourceSpan {spanFilename = \"<input>\", spanStart = SourcePos {posLine = 334, posColumn = 18}, spanEnd = SourcePos {posLine = 334, posColumn = 20}}, locValue = TokenNumber \"83\" False},Located {locSpan = SourceSpan {spanFilename = \"<input>\", spanStart = SourcePos {posLine = 334, posColumn = 21}, spanEnd = SourcePos {posLine = 334, posColumn = 22}}, locValue = TokenOperator OpPlus},Located {locSpan = SourceSpan {spanFilename = \"<input>\", spanStart = SourcePos {posLine = 334, posColumn = 23}, spanEnd = SourcePos {posLine = 334, posColumn = 27}}, locValue = TokenIdent \"math\"},Located {locSpan = SourceSpan {spanFilename = \"<input>\", spanStart = SourcePos {posLine = 334, posColumn = 27}, spanEnd = SourcePos {posLine = 334, posColumn = 28}}, locValue = TokenDelimiter DelimDot},Located {locSpan = SourceSpan {spanFilename = \"<input>\", spanStart = SourcePos {posLine = 334, posColumn = 28}, spanEnd = SourcePos {posLine = 334, posColumn = 32}}, locValue = TokenIdent \"sqrt\"},Located {locSpan = SourceSpan {spanFilename = \"<input>\", spanStart = SourcePos {posLine = 334, posColumn = 32}, spanEnd = SourcePos {posLine = 334, posColumn = 33}}, locValue = TokenDelimiter DelimLeftParen},Located {locSpan = SourceSpan {spanFilename = \"<input>\", spanStart = SourcePos {posLine = 334, posColumn = 33}, spanEnd = SourcePos {posLine = 334, posColumn = 35}}, locValue = TokenNumber \"83\" False},Located {locSpan = SourceSpan {spanFilename = \"<input>\", spanStart = SourcePos {posLine = 334, posColumn = 35}, spanEnd = SourcePos {posLine = 334, posColumn = 36}}, locValue = TokenDelimiter DelimRightParen},Located {locSpan = SourceSpan {spanFilename = \"<input>\", spanStart = SourcePos {posLine = 334, posColumn = 1}, spanEnd = SourcePos {posLine = 335, posColumn = 1}}, locValue = TokenNewline},Located {locSpan = SourceSpan {spanFilename = \"<input>\", spanStart = SourcePos {posLine = 335, posColumn = 5}, spanEnd = SourcePos {posLine = 335, posColumn = 11}}, locValue = TokenKeyword KwReturn},Located {locSpan = SourceSpan {spanFilename = \"<input>\", spanStart = SourcePos {posLine = 335, posColumn = 12}, spanEnd = SourcePos {posLine = 335, posColumn = 18}}, locValue = TokenIdent \"result\"},Located {locSpan = SourceSpan {spanFilename = \"<input>\", spanStart = SourcePos {posLine = 335, posColumn = 1}, spanEnd = SourcePos {posLine = 336, posColumn = 1}}, locValue = TokenNewline},Located {locSpan = SourceSpan {spanFilename = \"<input>\", spanStart = SourcePos {posLine = 336, posColumn = 1}, spanEnd = SourcePos {posLine = 336, posColumn = 1}}, locValue = TokenDedent 4},Located {locSpan = SourceSpan {spanFilename = \"<input>\", spanStart = SourcePos {posLine = 336, posColumn = 1}, spanEnd = SourcePos {posLine = 336, posColumn = 4}}, locValue = TokenKeyword KwDef},Located {locSpan = SourceSpan {spanFilename = \"<input>\", spanStart = SourcePos {posLine = 336, posColumn = 5}, spanEnd = SourcePos {posLine = 336, posColumn = 16}}, locValue = TokenIdent \"function_84\"},Located {locSpan = SourceSpan {spanFilename = \"<input>\", spanStart = SourcePos {posLine = 336, posColumn = 16}, spanEnd = SourcePos {posLine = 336, posColumn = 17}}, locValue = TokenDelimiter DelimLeftParen},Located {locSpan = SourceSpan {spanFilename = \"<input>\", spanStart = SourcePos {posLine = 336, posColumn = 17}, spanEnd = SourcePos {posLine = 336, posColumn = 18}}, locValue = TokenIdent \"x\"},Located {locSpan = SourceSpan {spanFilename = \"<input>\", spanStart = SourcePos {posLine = 336, posColumn = 18}, spanEnd = SourcePos {posLine = 336, posColumn = 19}}, locValue = TokenDelimiter DelimRightParen},Located {locSpan = SourceSpan {spanFilename = \"<input>\", spanStart = SourcePos {posLine = 336, posColumn = 19}, spanEnd = SourcePos {posLine = 336, posColumn = 20}}, locValue = TokenDelimiter DelimColon},Located {locSpan = SourceSpan {spanFilename = \"<input>\", spanStart = SourcePos {posLine = 336, posColumn = 1}, spanEnd = SourcePos {posLine = 337, posColumn = 1}}, locValue = TokenNewline},Located {locSpan = SourceSpan {spanFilename = \"<input>\", spanStart = SourcePos {posLine = 337, posColumn = 1}, spanEnd = SourcePos {posLine = 337, posColumn = 5}}, locValue = TokenIndent 4},Located {locSpan = SourceSpan {spanFilename = \"<input>\", spanStart = SourcePos {posLine = 337, posColumn = 5}, spanEnd = SourcePos {posLine = 337, posColumn = 33}}, locValue = TokenComment \"# Function 84 implementation\"},Located {locSpan = SourceSpan {spanFilename = \"<input>\", spanStart = SourcePos {posLine = 337, posColumn = 1}, spanEnd = SourcePos {posLine = 338, posColumn = 1}}, locValue = TokenNewline},Located {locSpan = SourceSpan {spanFilename = \"<input>\", spanStart = SourcePos {posLine = 338, posColumn = 5}, spanEnd = SourcePos {posLine = 338, posColumn = 11}}, locValue = TokenIdent \"result\"},Located {locSpan = SourceSpan {spanFilename = \"<input>\", spanStart = SourcePos {posLine = 338, posColumn = 12}, spanEnd = SourcePos {posLine = 338, posColumn = 13}}, locValue = TokenOperator OpAssign},Located {locSpan = SourceSpan {spanFilename = \"<input>\", spanStart = SourcePos {posLine = 338, posColumn = 14}, spanEnd = SourcePos {posLine = 338, posColumn = 15}}, locValue = TokenIdent \"x\"},Located {locSpan = SourceSpan {spanFilename = \"<input>\", spanStart = SourcePos {posLine = 338, posColumn = 16}, spanEnd = SourcePos {posLine = 338, posColumn = 17}}, locValue = TokenOperator OpMult},Located {locSpan = SourceSpan {spanFilename = \"<input>\", spanStart = SourcePos {posLine = 338, posColumn = 18}, spanEnd = SourcePos {posLine = 338, posColumn = 20}}, locValue = TokenNumber \"84\" False},Located {locSpan = SourceSpan {spanFilename = \"<input>\", spanStart = SourcePos {posLine = 338, posColumn = 21}, spanEnd = SourcePos {posLine = 338, posColumn = 22}}, locValue = TokenOperator OpPlus},Located {locSpan = SourceSpan {spanFilename = \"<input>\", spanStart = SourcePos {posLine = 338, posColumn = 23}, spanEnd = SourcePos {posLine = 338, posColumn = 27}}, locValue = TokenIdent \"math\"},Located {locSpan = SourceSpan {spanFilename = \"<input>\", spanStart = SourcePos {posLine = 338, posColumn = 27}, spanEnd = SourcePos {posLine = 338, posColumn = 28}}, locValue = TokenDelimiter DelimDot},Located {locSpan = SourceSpan {spanFilename = \"<input>\", spanStart = SourcePos {posLine = 338, posColumn = 28}, spanEnd = SourcePos {posLine = 338, posColumn = 32}}, locValue = TokenIdent \"sqrt\"},Located {locSpan = SourceSpan {spanFilename = \"<input>\", spanStart = SourcePos {posLine = 338, posColumn = 32}, spanEnd = SourcePos {posLine = 338, posColumn = 33}}, locValue = TokenDelimiter DelimLeftParen},Located {locSpan = SourceSpan {spanFilename = \"<input>\", spanStart = SourcePos {posLine = 338, posColumn = 33}, spanEnd = SourcePos {posLine = 338, posColumn = 35}}, locValue = TokenNumber \"84\" False},Located {locSpan = SourceSpan {spanFilename = \"<input>\", spanStart = SourcePos {posLine = 338, posColumn = 35}, spanEnd = SourcePos {posLine = 338, posColumn = 36}}, locValue = TokenDelimiter DelimRightParen},Located {locSpan = SourceSpan {spanFilename = \"<input>\", spanStart = SourcePos {posLine = 338, posColumn = 1}, spanEnd = SourcePos {posLine = 339, posColumn = 1}}, locValue = TokenNewline},Located {locSpan = SourceSpan {spanFilename = \"<input>\", spanStart = SourcePos {posLine = 339, posColumn = 5}, spanEnd = SourcePos {posLine = 339, posColumn = 11}}, locValue = TokenKeyword KwReturn},Located {locSpan = SourceSpan {spanFilename = \"<input>\", spanStart = SourcePos {posLine = 339, posColumn = 12}, spanEnd = SourcePos {posLine = 339, posColumn = 18}}, locValue = TokenIdent \"result\"},Located {locSpan = SourceSpan {spanFilename = \"<input>\", spanStart = SourcePos {posLine = 339, posColumn = 1}, spanEnd = SourcePos {posLine = 340, posColumn = 1}}, locValue = TokenNewline},Located {locSpan = SourceSpan {spanFilename = \"<input>\", spanStart = SourcePos {posLine = 340, posColumn = 1}, spanEnd = SourcePos {posLine = 340, posColumn = 1}}, locValue = TokenDedent 4},Located {locSpan = SourceSpan {spanFilename = \"<input>\", spanStart = SourcePos {posLine = 340, posColumn = 1}, spanEnd = SourcePos {posLine = 340, posColumn = 4}}, locValue = TokenKeyword KwDef},Located {locSpan = SourceSpan {spanFilename = \"<input>\", spanStart = SourcePos {posLine = 340, posColumn = 5}, spanEnd = SourcePos {posLine = 340, posColumn = 16}}, locValue = TokenIdent \"function_85\"},Located {locSpan = SourceSpan {spanFilename = \"<input>\", spanStart = SourcePos {posLine = 340, posColumn = 16}, spanEnd = SourcePos {posLine = 340, posColumn = 17}}, locValue = TokenDelimiter DelimLeftParen},Located {locSpan = SourceSpan {spanFilename = \"<input>\", spanStart = SourcePos {posLine = 340, posColumn = 17}, spanEnd = SourcePos {posLine = 340, posColumn = 18}}, locValue = TokenIdent \"x\"},Located {locSpan = SourceSpan {spanFilename = \"<input>\", spanStart = SourcePos {posLine = 340, posColumn = 18}, spanEnd = SourcePos {posLine = 340, posColumn = 19}}, locValue = TokenDelimiter DelimRightParen},Located {locSpan = SourceSpan {spanFilename = \"<input>\", spanStart = SourcePos {posLine = 340, posColumn = 19}, spanEnd = SourcePos {posLine = 340, posColumn = 20}}, locValue = TokenDelimiter DelimColon},Located {locSpan = SourceSpan {spanFilename = \"<input>\", spanStart = SourcePos {posLine = 340, posColumn = 1}, spanEnd = SourcePos {posLine = 341, posColumn = 1}}, locValue = TokenNewline},Located {locSpan = SourceSpan {spanFilename = \"<input>\", spanStart = SourcePos {posLine = 341, posColumn = 1}, spanEnd = SourcePos {posLine = 341, posColumn = 5}}, locValue = TokenIndent 4},Located {locSpan = SourceSpan {spanFilename = \"<input>\", spanStart = SourcePos {posLine = 341, posColumn = 5}, spanEnd = SourcePos {posLine = 341, posColumn = 33}}, locValue = TokenComment \"# Function 85 implementation\"},Located {locSpan = SourceSpan {spanFilename = \"<input>\", spanStart = SourcePos {posLine = 341, posColumn = 1}, spanEnd = SourcePos {posLine = 342, posColumn = 1}}, locValue = TokenNewline},Located {locSpan = SourceSpan {spanFilename = \"<input>\", spanStart = SourcePos {posLine = 342, posColumn = 5}, spanEnd = SourcePos {posLine = 342, posColumn = 11}}, locValue = TokenIdent \"result\"},Located {locSpan = SourceSpan {spanFilename = \"<input>\", spanStart = SourcePos {posLine = 342, posColumn = 12}, spanEnd = SourcePos {posLine = 342, posColumn = 13}}, locValue = TokenOperator OpAssign},Located {locSpan = SourceSpan {spanFilename = \"<input>\", spanStart = SourcePos {posLine = 342, posColumn = 14}, spanEnd = SourcePos {posLine = 342, posColumn = 15}}, locValue = TokenIdent \"x\"},Located {locSpan = SourceSpan {spanFilename = \"<input>\", spanStart = SourcePos {posLine = 342, posColumn = 16}, spanEnd = SourcePos {posLine = 342, posColumn = 17}}, locValue = TokenOperator OpMult},Located {locSpan = SourceSpan {spanFilename = \"<input>\", spanStart = SourcePos {posLine = 342, posColumn = 18}, spanEnd = SourcePos {posLine = 342, posColumn = 20}}, locValue = TokenNumber \"85\" False},Located {locSpan = SourceSpan {spanFilename = \"<input>\", spanStart = SourcePos {posLine = 342, posColumn = 21}, spanEnd = SourcePos {posLine = 342, posColumn = 22}}, locValue = TokenOperator OpPlus},Located {locSpan = SourceSpan {spanFilename = \"<input>\", spanStart = SourcePos {posLine = 342, posColumn = 23}, spanEnd = SourcePos {posLine = 342, posColumn = 27}}, locValue = TokenIdent \"math\"},Located {locSpan = SourceSpan {spanFilename = \"<input>\", spanStart = SourcePos {posLine = 342, posColumn = 27}, spanEnd = SourcePos {posLine = 342, posColumn = 28}}, locValue = TokenDelimiter DelimDot},Located {locSpan = SourceSpan {spanFilename = \"<input>\", spanStart = SourcePos {posLine = 342, posColumn = 28}, spanEnd = SourcePos {posLine = 342, posColumn = 32}}, locValue = TokenIdent \"sqrt\"},Located {locSpan = SourceSpan {spanFilename = \"<input>\", spanStart = SourcePos {posLine = 342, posColumn = 32}, spanEnd = SourcePos {posLine = 342, posColumn = 33}}, locValue = TokenDelimiter DelimLeftParen},Located {locSpan = SourceSpan {spanFilename = \"<input>\", spanStart = SourcePos {posLine = 342, posColumn = 33}, spanEnd = SourcePos {posLine = 342, posColumn = 35}}, locValue = TokenNumber \"85\" False},Located {locSpan = SourceSpan {spanFilename = \"<input>\", spanStart = SourcePos {posLine = 342, posColumn = 35}, spanEnd = SourcePos {posLine = 342, posColumn = 36}}, locValue = TokenDelimiter DelimRightParen},Located {locSpan = SourceSpan {spanFilename = \"<input>\", spanStart = SourcePos {posLine = 342, posColumn = 1}, spanEnd = SourcePos {posLine = 343, posColumn = 1}}, locValue = TokenNewline},Located {locSpan = SourceSpan {spanFilename = \"<input>\", spanStart = SourcePos {posLine = 343, posColumn = 5}, spanEnd = SourcePos {posLine = 343, posColumn = 11}}, locValue = TokenKeyword KwReturn},Located {locSpan = SourceSpan {spanFilename = \"<input>\", spanStart = SourcePos {posLine = 343, posColumn = 12}, spanEnd = SourcePos {posLine = 343, posColumn = 18}}, locValue = TokenIdent \"result\"},Located {locSpan = SourceSpan {spanFilename = \"<input>\", spanStart = SourcePos {posLine = 343, posColumn = 1}, spanEnd = SourcePos {posLine = 344, posColumn = 1}}, locValue = TokenNewline},Located {locSpan = SourceSpan {spanFilename = \"<input>\", spanStart = SourcePos {posLine = 344, posColumn = 1}, spanEnd = SourcePos {posLine = 344, posColumn = 1}}, locValue = TokenDedent 4},Located {locSpan = SourceSpan {spanFilename = \"<input>\", spanStart = SourcePos {posLine = 344, posColumn = 1}, spanEnd = SourcePos {posLine = 344, posColumn = 4}}, locValue = TokenKeyword KwDef},Located {locSpan = SourceSpan {spanFilename = \"<input>\", spanStart = SourcePos {posLine = 344, posColumn = 5}, spanEnd = SourcePos {posLine = 344, posColumn = 16}}, locValue = TokenIdent \"function_86\"},Located {locSpan = SourceSpan {spanFilename = \"<input>\", spanStart = SourcePos {posLine = 344, posColumn = 16}, spanEnd = SourcePos {posLine = 344, posColumn = 17}}, locValue = TokenDelimiter DelimLeftParen},Located {locSpan = SourceSpan {spanFilename = \"<input>\", spanStart = SourcePos {posLine = 344, posColumn = 17}, spanEnd = SourcePos {posLine = 344, posColumn = 18}}, locValue = TokenIdent \"x\"},Located {locSpan = SourceSpan {spanFilename = \"<input>\", spanStart = SourcePos {posLine = 344, posColumn = 18}, spanEnd = SourcePos {posLine = 344, posColumn = 19}}, locValue = TokenDelimiter DelimRightParen},Located {locSpan = SourceSpan {spanFilename = \"<input>\", spanStart = SourcePos {posLine = 344, posColumn = 19}, spanEnd = SourcePos {posLine = 344, posColumn = 20}}, locValue = TokenDelimiter DelimColon},Located {locSpan = SourceSpan {spanFilename = \"<input>\", spanStart = SourcePos {posLine = 344, posColumn = 1}, spanEnd = SourcePos {posLine = 345, posColumn = 1}}, locValue = TokenNewline},Located {locSpan = SourceSpan {spanFilename = \"<input>\", spanStart = SourcePos {posLine = 345, posColumn = 1}, spanEnd = SourcePos {posLine = 345, posColumn = 5}}, locValue = TokenIndent 4},Located {locSpan = SourceSpan {spanFilename = \"<input>\", spanStart = SourcePos {posLine = 345, posColumn = 5}, spanEnd = SourcePos {posLine = 345, posColumn = 33}}, locValue = TokenComment \"# Function 86 implementation\"},Located {locSpan = SourceSpan {spanFilename = \"<input>\", spanStart = SourcePos {posLine = 345, posColumn = 1}, spanEnd = SourcePos {posLine = 346, posColumn = 1}}, locValue = TokenNewline},Located {locSpan = SourceSpan {spanFilename = \"<input>\", spanStart = SourcePos {posLine = 346, posColumn = 5}, spanEnd = SourcePos {posLine = 346, posColumn = 11}}, locValue = TokenIdent \"result\"},Located {locSpan = SourceSpan {spanFilename = \"<input>\", spanStart = SourcePos {posLine = 346, posColumn = 12}, spanEnd = SourcePos {posLine = 346, posColumn = 13}}, locValue = TokenOperator OpAssign},Located {locSpan = SourceSpan {spanFilename = \"<input>\", spanStart = SourcePos {posLine = 346, posColumn = 14}, spanEnd = SourcePos {posLine = 346, posColumn = 15}}, locValue = TokenIdent \"x\"},Located {locSpan = SourceSpan {spanFilename = \"<input>\", spanStart = SourcePos {posLine = 346, posColumn = 16}, spanEnd = SourcePos {posLine = 346, posColumn = 17}}, locValue = TokenOperator OpMult},Located {locSpan = SourceSpan {spanFilename = \"<input>\", spanStart = SourcePos {posLine = 346, posColumn = 18}, spanEnd = SourcePos {posLine = 346, posColumn = 20}}, locValue = TokenNumber \"86\" False},Located {locSpan = SourceSpan {spanFilename = \"<input>\", spanStart = SourcePos {posLine = 346, posColumn = 21}, spanEnd = SourcePos {posLine = 346, posColumn = 22}}, locValue = TokenOperator OpPlus},Located {locSpan = SourceSpan {spanFilename = \"<input>\", spanStart = SourcePos {posLine = 346, posColumn = 23}, spanEnd = SourcePos {posLine = 346, posColumn = 27}}, locValue = TokenIdent \"math\"},Located {locSpan = SourceSpan {spanFilename = \"<input>\", spanStart = SourcePos {posLine = 346, posColumn = 27}, spanEnd = SourcePos {posLine = 346, posColumn = 28}}, locValue = TokenDelimiter DelimDot},Located {locSpan = SourceSpan {spanFilename = \"<input>\", spanStart = SourcePos {posLine = 346, posColumn = 28}, spanEnd = SourcePos {posLine = 346, posColumn = 32}}, locValue = TokenIdent \"sqrt\"},Located {locSpan = SourceSpan {spanFilename = \"<input>\", spanStart = SourcePos {posLine = 346, posColumn = 32}, spanEnd = SourcePos {posLine = 346, posColumn = 33}}, locValue = TokenDelimiter DelimLeftParen},Located {locSpan = SourceSpan {spanFilename = \"<input>\", spanStart = SourcePos {posLine = 346, posColumn = 33}, spanEnd = SourcePos {posLine = 346, posColumn = 35}}, locValue = TokenNumber \"86\" False},Located {locSpan = SourceSpan {spanFilename = \"<input>\", spanStart = SourcePos {posLine = 346, posColumn = 35}, spanEnd = SourcePos {posLine = 346, posColumn = 36}}, locValue = TokenDelimiter DelimRightParen},Located {locSpan = SourceSpan {spanFilename = \"<input>\", spanStart = SourcePos {posLine = 346, posColumn = 1}, spanEnd = SourcePos {posLine = 347, posColumn = 1}}, locValue = TokenNewline},Located {locSpan = SourceSpan {spanFilename = \"<input>\", spanStart = SourcePos {posLine = 347, posColumn = 5}, spanEnd = SourcePos {posLine = 347, posColumn = 11}}, locValue = TokenKeyword KwReturn},Located {locSpan = SourceSpan {spanFilename = \"<input>\", spanStart = SourcePos {posLine = 347, posColumn = 12}, spanEnd = SourcePos {posLine = 347, posColumn = 18}}, locValue = TokenIdent \"result\"},Located {locSpan = SourceSpan {spanFilename = \"<input>\", spanStart = SourcePos {posLine = 347, posColumn = 1}, spanEnd = SourcePos {posLine = 348, posColumn = 1}}, locValue = TokenNewline},Located {locSpan = SourceSpan {spanFilename = \"<input>\", spanStart = SourcePos {posLine = 348, posColumn = 1}, spanEnd = SourcePos {posLine = 348, posColumn = 1}}, locValue = TokenDedent 4},Located {locSpan = SourceSpan {spanFilename = \"<input>\", spanStart = SourcePos {posLine = 348, posColumn = 1}, spanEnd = SourcePos {posLine = 348, posColumn = 4}}, locValue = TokenKeyword KwDef},Located {locSpan = SourceSpan {spanFilename = \"<input>\", spanStart = SourcePos {posLine = 348, posColumn = 5}, spanEnd = SourcePos {posLine = 348, posColumn = 16}}, locValue = TokenIdent \"function_87\"},Located {locSpan = SourceSpan {spanFilename = \"<input>\", spanStart = SourcePos {posLine = 348, posColumn = 16}, spanEnd = SourcePos {posLine = 348, posColumn = 17}}, locValue = TokenDelimiter DelimLeftParen},Located {locSpan = SourceSpan {spanFilename = \"<input>\", spanStart = SourcePos {posLine = 348, posColumn = 17}, spanEnd = SourcePos {posLine = 348, posColumn = 18}}, locValue = TokenIdent \"x\"},Located {locSpan = SourceSpan {spanFilename = \"<input>\", spanStart = SourcePos {posLine = 348, posColumn = 18}, spanEnd = SourcePos {posLine = 348, posColumn = 19}}, locValue = TokenDelimiter DelimRightParen},Located {locSpan = SourceSpan {spanFilename = \"<input>\", spanStart = SourcePos {posLine = 348, posColumn = 19}, spanEnd = SourcePos {posLine = 348, posColumn = 20}}, locValue = TokenDelimiter DelimColon},Located {locSpan = SourceSpan {spanFilename = \"<input>\", spanStart = SourcePos {posLine = 348, posColumn = 1}, spanEnd = SourcePos {posLine = 349, posColumn = 1}}, locValue = TokenNewline},Located {locSpan = SourceSpan {spanFilename = \"<input>\", spanStart = SourcePos {posLine = 349, posColumn = 1}, spanEnd = SourcePos {posLine = 349, posColumn = 5}}, locValue = TokenIndent 4},Located {locSpan = SourceSpan {spanFilename = \"<input>\", spanStart = SourcePos {posLine = 349, posColumn = 5}, spanEnd = SourcePos {posLine = 349, posColumn = 33}}, locValue = TokenComment \"# Function 87 implementation\"},Located {locSpan = SourceSpan {spanFilename = \"<input>\", spanStart = SourcePos {posLine = 349, posColumn = 1}, spanEnd = SourcePos {posLine = 350, posColumn = 1}}, locValue = TokenNewline},Located {locSpan = SourceSpan {spanFilename = \"<input>\", spanStart = SourcePos {posLine = 350, posColumn = 5}, spanEnd = SourcePos {posLine = 350, posColumn = 11}}, locValue = TokenIdent \"result\"},Located {locSpan = SourceSpan {spanFilename = \"<input>\", spanStart = SourcePos {posLine = 350, posColumn = 12}, spanEnd = SourcePos {posLine = 350, posColumn = 13}}, locValue = TokenOperator OpAssign},Located {locSpan = SourceSpan {spanFilename = \"<input>\", spanStart = SourcePos {posLine = 350, posColumn = 14}, spanEnd = SourcePos {posLine = 350, posColumn = 15}}, locValue = TokenIdent \"x\"},Located {locSpan = SourceSpan {spanFilename = \"<input>\", spanStart = SourcePos {posLine = 350, posColumn = 16}, spanEnd = SourcePos {posLine = 350, posColumn = 17}}, locValue = TokenOperator OpMult},Located {locSpan = SourceSpan {spanFilename = \"<input>\", spanStart = SourcePos {posLine = 350, posColumn = 18}, spanEnd = SourcePos {posLine = 350, posColumn = 20}}, locValue = TokenNumber \"87\" False},Located {locSpan = SourceSpan {spanFilename = \"<input>\", spanStart = SourcePos {posLine = 350, posColumn = 21}, spanEnd = SourcePos {posLine = 350, posColumn = 22}}, locValue = TokenOperator OpPlus},Located {locSpan = SourceSpan {spanFilename = \"<input>\", spanStart = SourcePos {posLine = 350, posColumn = 23}, spanEnd = SourcePos {posLine = 350, posColumn = 27}}, locValue = TokenIdent \"math\"},Located {locSpan = SourceSpan {spanFilename = \"<input>\", spanStart = SourcePos {posLine = 350, posColumn = 27}, spanEnd = SourcePos {posLine = 350, posColumn = 28}}, locValue = TokenDelimiter DelimDot},Located {locSpan = SourceSpan {spanFilename = \"<input>\", spanStart = SourcePos {posLine = 350, posColumn = 28}, spanEnd = SourcePos {posLine = 350, posColumn = 32}}, locValue = TokenIdent \"sqrt\"},Located {locSpan = SourceSpan {spanFilename = \"<input>\", spanStart = SourcePos {posLine = 350, posColumn = 32}, spanEnd = SourcePos {posLine = 350, posColumn = 33}}, locValue = TokenDelimiter DelimLeftParen},Located {locSpan = SourceSpan {spanFilename = \"<input>\", spanStart = SourcePos {posLine = 350, posColumn = 33}, spanEnd = SourcePos {posLine = 350, posColumn = 35}}, locValue = TokenNumber \"87\" False},Located {locSpan = SourceSpan {spanFilename = \"<input>\", spanStart = SourcePos {posLine = 350, posColumn = 35}, spanEnd = SourcePos {posLine = 350, posColumn = 36}}, locValue = TokenDelimiter DelimRightParen},Located {locSpan = SourceSpan {spanFilename = \"<input>\", spanStart = SourcePos {posLine = 350, posColumn = 1}, spanEnd = SourcePos {posLine = 351, posColumn = 1}}, locValue = TokenNewline},Located {locSpan = SourceSpan {spanFilename = \"<input>\", spanStart = SourcePos {posLine = 351, posColumn = 5}, spanEnd = SourcePos {posLine = 351, posColumn = 11}}, locValue = TokenKeyword KwReturn},Located {locSpan = SourceSpan {spanFilename = \"<input>\", spanStart = SourcePos {posLine = 351, posColumn = 12}, spanEnd = SourcePos {posLine = 351, posColumn = 18}}, locValue = TokenIdent \"result\"},Located {locSpan = SourceSpan {spanFilename = \"<input>\", spanStart = SourcePos {posLine = 351, posColumn = 1}, spanEnd = SourcePos {posLine = 352, posColumn = 1}}, locValue = TokenNewline},Located {locSpan = SourceSpan {spanFilename = \"<input>\", spanStart = SourcePos {posLine = 352, posColumn = 1}, spanEnd = SourcePos {posLine = 352, posColumn = 1}}, locValue = TokenDedent 4},Located {locSpan = SourceSpan {spanFilename = \"<input>\", spanStart = SourcePos {posLine = 352, posColumn = 1}, spanEnd = SourcePos {posLine = 352, posColumn = 4}}, locValue = TokenKeyword KwDef},Located {locSpan = SourceSpan {spanFilename = \"<input>\", spanStart = SourcePos {posLine = 352, posColumn = 5}, spanEnd = SourcePos {posLine = 352, posColumn = 16}}, locValue = TokenIdent \"function_88\"},Located {locSpan = SourceSpan {spanFilename = \"<input>\", spanStart = SourcePos {posLine = 352, posColumn = 16}, spanEnd = SourcePos {posLine = 352, posColumn = 17}}, locValue = TokenDelimiter DelimLeftParen},Located {locSpan = SourceSpan {spanFilename = \"<input>\", spanStart = SourcePos {posLine = 352, posColumn = 17}, spanEnd = SourcePos {posLine = 352, posColumn = 18}}, locValue = TokenIdent \"x\"},Located {locSpan = SourceSpan {spanFilename = \"<input>\", spanStart = SourcePos {posLine = 352, posColumn = 18}, spanEnd = SourcePos {posLine = 352, posColumn = 19}}, locValue = TokenDelimiter DelimRightParen},Located {locSpan = SourceSpan {spanFilename = \"<input>\", spanStart = SourcePos {posLine = 352, posColumn = 19}, spanEnd = SourcePos {posLine = 352, posColumn = 20}}, locValue = TokenDelimiter DelimColon},Located {locSpan = SourceSpan {spanFilename = \"<input>\", spanStart = SourcePos {posLine = 352, posColumn = 1}, spanEnd = SourcePos {posLine = 353, posColumn = 1}}, locValue = TokenNewline},Located {locSpan = SourceSpan {spanFilename = \"<input>\", spanStart = SourcePos {posLine = 353, posColumn = 1}, spanEnd = SourcePos {posLine = 353, posColumn = 5}}, locValue = TokenIndent 4},Located {locSpan = SourceSpan {spanFilename = \"<input>\", spanStart = SourcePos {posLine = 353, posColumn = 5}, spanEnd = SourcePos {posLine = 353, posColumn = 33}}, locValue = TokenComment \"# Function 88 implementation\"},Located {locSpan = SourceSpan {spanFilename = \"<input>\", spanStart = SourcePos {posLine = 353, posColumn = 1}, spanEnd = SourcePos {posLine = 354, posColumn = 1}}, locValue = TokenNewline},Located {locSpan = SourceSpan {spanFilename = \"<input>\", spanStart = SourcePos {posLine = 354, posColumn = 5}, spanEnd = SourcePos {posLine = 354, posColumn = 11}}, locValue = TokenIdent \"result\"},Located {locSpan = SourceSpan {spanFilename = \"<input>\", spanStart = SourcePos {posLine = 354, posColumn = 12}, spanEnd = SourcePos {posLine = 354, posColumn = 13}}, locValue = TokenOperator OpAssign},Located {locSpan = SourceSpan {spanFilename = \"<input>\", spanStart = SourcePos {posLine = 354, posColumn = 14}, spanEnd = SourcePos {posLine = 354, posColumn = 15}}, locValue = TokenIdent \"x\"},Located {locSpan = SourceSpan {spanFilename = \"<input>\", spanStart = SourcePos {posLine = 354, posColumn = 16}, spanEnd = SourcePos {posLine = 354, posColumn = 17}}, locValue = TokenOperator OpMult},Located {locSpan = SourceSpan {spanFilename = \"<input>\", spanStart = SourcePos {posLine = 354, posColumn = 18}, spanEnd = SourcePos {posLine = 354, posColumn = 20}}, locValue = TokenNumber \"88\" False},Located {locSpan = SourceSpan {spanFilename = \"<input>\", spanStart = SourcePos {posLine = 354, posColumn = 21}, spanEnd = SourcePos {posLine = 354, posColumn = 22}}, locValue = TokenOperator OpPlus},Located {locSpan = SourceSpan {spanFilename = \"<input>\", spanStart = SourcePos {posLine = 354, posColumn = 23}, spanEnd = SourcePos {posLine = 354, posColumn = 27}}, locValue = TokenIdent \"math\"},Located {locSpan = SourceSpan {spanFilename = \"<input>\", spanStart = SourcePos {posLine = 354, posColumn = 27}, spanEnd = SourcePos {posLine = 354, posColumn = 28}}, locValue = TokenDelimiter DelimDot},Located {locSpan = SourceSpan {spanFilename = \"<input>\", spanStart = SourcePos {posLine = 354, posColumn = 28}, spanEnd = SourcePos {posLine = 354, posColumn = 32}}, locValue = TokenIdent \"sqrt\"},Located {locSpan = SourceSpan {spanFilename = \"<input>\", spanStart = SourcePos {posLine = 354, posColumn = 32}, spanEnd = SourcePos {posLine = 354, posColumn = 33}}, locValue = TokenDelimiter DelimLeftParen},Located {locSpan = SourceSpan {spanFilename = \"<input>\", spanStart = SourcePos {posLine = 354, posColumn = 33}, spanEnd = SourcePos {posLine = 354, posColumn = 35}}, locValue = TokenNumber \"88\" False},Located {locSpan = SourceSpan {spanFilename = \"<input>\", spanStart = SourcePos {posLine = 354, posColumn = 35}, spanEnd = SourcePos {posLine = 354, posColumn = 36}}, locValue = TokenDelimiter DelimRightParen},Located {locSpan = SourceSpan {spanFilename = \"<input>\", spanStart = SourcePos {posLine = 354, posColumn = 1}, spanEnd = SourcePos {posLine = 355, posColumn = 1}}, locValue = TokenNewline},Located {locSpan = SourceSpan {spanFilename = \"<input>\", spanStart = SourcePos {posLine = 355, posColumn = 5}, spanEnd = SourcePos {posLine = 355, posColumn = 11}}, locValue = TokenKeyword KwReturn},Located {locSpan = SourceSpan {spanFilename = \"<input>\", spanStart = SourcePos {posLine = 355, posColumn = 12}, spanEnd = SourcePos {posLine = 355, posColumn = 18}}, locValue = TokenIdent \"result\"},Located {locSpan = SourceSpan {spanFilename = \"<input>\", spanStart = SourcePos {posLine = 355, posColumn = 1}, spanEnd = SourcePos {posLine = 356, posColumn = 1}}, locValue = TokenNewline},Located {locSpan = SourceSpan {spanFilename = \"<input>\", spanStart = SourcePos {posLine = 356, posColumn = 1}, spanEnd = SourcePos {posLine = 356, posColumn = 1}}, locValue = TokenDedent 4},Located {locSpan = SourceSpan {spanFilename = \"<input>\", spanStart = SourcePos {posLine = 356, posColumn = 1}, spanEnd = SourcePos {posLine = 356, posColumn = 4}}, locValue = TokenKeyword KwDef},Located {locSpan = SourceSpan {spanFilename = \"<input>\", spanStart = SourcePos {posLine = 356, posColumn = 5}, spanEnd = SourcePos {posLine = 356, posColumn = 16}}, locValue = TokenIdent \"function_89\"},Located {locSpan = SourceSpan {spanFilename = \"<input>\", spanStart = SourcePos {posLine = 356, posColumn = 16}, spanEnd = SourcePos {posLine = 356, posColumn = 17}}, locValue = TokenDelimiter DelimLeftParen},Located {locSpan = SourceSpan {spanFilename = \"<input>\", spanStart = SourcePos {posLine = 356, posColumn = 17}, spanEnd = SourcePos {posLine = 356, posColumn = 18}}, locValue = TokenIdent \"x\"},Located {locSpan = SourceSpan {spanFilename = \"<input>\", spanStart = SourcePos {posLine = 356, posColumn = 18}, spanEnd = SourcePos {posLine = 356, posColumn = 19}}, locValue = TokenDelimiter DelimRightParen},Located {locSpan = SourceSpan {spanFilename = \"<input>\", spanStart = SourcePos {posLine = 356, posColumn = 19}, spanEnd = SourcePos {posLine = 356, posColumn = 20}}, locValue = TokenDelimiter DelimColon},Located {locSpan = SourceSpan {spanFilename = \"<input>\", spanStart = SourcePos {posLine = 356, posColumn = 1}, spanEnd = SourcePos {posLine = 357, posColumn = 1}}, locValue = TokenNewline},Located {locSpan = SourceSpan {spanFilename = \"<input>\", spanStart = SourcePos {posLine = 357, posColumn = 1}, spanEnd = SourcePos {posLine = 357, posColumn = 5}}, locValue = TokenIndent 4},Located {locSpan = SourceSpan {spanFilename = \"<input>\", spanStart = SourcePos {posLine = 357, posColumn = 5}, spanEnd = SourcePos {posLine = 357, posColumn = 33}}, locValue = TokenComment \"# Function 89 implementation\"},Located {locSpan = SourceSpan {spanFilename = \"<input>\", spanStart = SourcePos {posLine = 357, posColumn = 1}, spanEnd = SourcePos {posLine = 358, posColumn = 1}}, locValue = TokenNewline},Located {locSpan = SourceSpan {spanFilename = \"<input>\", spanStart = SourcePos {posLine = 358, posColumn = 5}, spanEnd = SourcePos {posLine = 358, posColumn = 11}}, locValue = TokenIdent \"result\"},Located {locSpan = SourceSpan {spanFilename = \"<input>\", spanStart = SourcePos {posLine = 358, posColumn = 12}, spanEnd = SourcePos {posLine = 358, posColumn = 13}}, locValue = TokenOperator OpAssign},Located {locSpan = SourceSpan {spanFilename = \"<input>\", spanStart = SourcePos {posLine = 358, posColumn = 14}, spanEnd = SourcePos {posLine = 358, posColumn = 15}}, locValue = TokenIdent \"x\"},Located {locSpan = SourceSpan {spanFilename = \"<input>\", spanStart = SourcePos {posLine = 358, posColumn = 16}, spanEnd = SourcePos {posLine = 358, posColumn = 17}}, locValue = TokenOperator OpMult},Located {locSpan = SourceSpan {spanFilename = \"<input>\", spanStart = SourcePos {posLine = 358, posColumn = 18}, spanEnd = SourcePos {posLine = 358, posColumn = 20}}, locValue = TokenNumber \"89\" False},Located {locSpan = SourceSpan {spanFilename = \"<input>\", spanStart = SourcePos {posLine = 358, posColumn = 21}, spanEnd = SourcePos {posLine = 358, posColumn = 22}}, locValue = TokenOperator OpPlus},Located {locSpan = SourceSpan {spanFilename = \"<input>\", spanStart = SourcePos {posLine = 358, posColumn = 23}, spanEnd = SourcePos {posLine = 358, posColumn = 27}}, locValue = TokenIdent \"math\"},Located {locSpan = SourceSpan {spanFilename = \"<input>\", spanStart = SourcePos {posLine = 358, posColumn = 27}, spanEnd = SourcePos {posLine = 358, posColumn = 28}}, locValue = TokenDelimiter DelimDot},Located {locSpan = SourceSpan {spanFilename = \"<input>\", spanStart = SourcePos {posLine = 358, posColumn = 28}, spanEnd = SourcePos {posLine = 358, posColumn = 32}}, locValue = TokenIdent \"sqrt\"},Located {locSpan = SourceSpan {spanFilename = \"<input>\", spanStart = SourcePos {posLine = 358, posColumn = 32}, spanEnd = SourcePos {posLine = 358, posColumn = 33}}, locValue = TokenDelimiter DelimLeftParen},Located {locSpan = SourceSpan {spanFilename = \"<input>\", spanStart = SourcePos {posLine = 358, posColumn = 33}, spanEnd = SourcePos {posLine = 358, posColumn = 35}}, locValue = TokenNumber \"89\" False},Located {locSpan = SourceSpan {spanFilename = \"<input>\", spanStart = SourcePos {posLine = 358, posColumn = 35}, spanEnd = SourcePos {posLine = 358, posColumn = 36}}, locValue = TokenDelimiter DelimRightParen},Located {locSpan = SourceSpan {spanFilename = \"<input>\", spanStart = SourcePos {posLine = 358, posColumn = 1}, spanEnd = SourcePos {posLine = 359, posColumn = 1}}, locValue = TokenNewline},Located {locSpan = SourceSpan {spanFilename = \"<input>\", spanStart = SourcePos {posLine = 359, posColumn = 5}, spanEnd = SourcePos {posLine = 359, posColumn = 11}}, locValue = TokenKeyword KwReturn},Located {locSpan = SourceSpan {spanFilename = \"<input>\", spanStart = SourcePos {posLine = 359, posColumn = 12}, spanEnd = SourcePos {posLine = 359, posColumn = 18}}, locValue = TokenIdent \"result\"},Located {locSpan = SourceSpan {spanFilename = \"<input>\", spanStart = SourcePos {posLine = 359, posColumn = 1}, spanEnd = SourcePos {posLine = 360, posColumn = 1}}, locValue = TokenNewline},Located {locSpan = SourceSpan {spanFilename = \"<input>\", spanStart = SourcePos {posLine = 360, posColumn = 1}, spanEnd = SourcePos {posLine = 360, posColumn = 1}}, locValue = TokenDedent 4},Located {locSpan = SourceSpan {spanFilename = \"<input>\", spanStart = SourcePos {posLine = 360, posColumn = 1}, spanEnd = SourcePos {posLine = 360, posColumn = 4}}, locValue = TokenKeyword KwDef},Located {locSpan = SourceSpan {spanFilename = \"<input>\", spanStart = SourcePos {posLine = 360, posColumn = 5}, spanEnd = SourcePos {posLine = 360, posColumn = 16}}, locValue = TokenIdent \"function_90\"},Located {locSpan = SourceSpan {spanFilename = \"<input>\", spanStart = SourcePos {posLine = 360, posColumn = 16}, spanEnd = SourcePos {posLine = 360, posColumn = 17}}, locValue = TokenDelimiter DelimLeftParen},Located {locSpan = SourceSpan {spanFilename = \"<input>\", spanStart = SourcePos {posLine = 360, posColumn = 17}, spanEnd = SourcePos {posLine = 360, posColumn = 18}}, locValue = TokenIdent \"x\"},Located {locSpan = SourceSpan {spanFilename = \"<input>\", spanStart = SourcePos {posLine = 360, posColumn = 18}, spanEnd = SourcePos {posLine = 360, posColumn = 19}}, locValue = TokenDelimiter DelimRightParen},Located {locSpan = SourceSpan {spanFilename = \"<input>\", spanStart = SourcePos {posLine = 360, posColumn = 19}, spanEnd = SourcePos {posLine = 360, posColumn = 20}}, locValue = TokenDelimiter DelimColon},Located {locSpan = SourceSpan {spanFilename = \"<input>\", spanStart = SourcePos {posLine = 360, posColumn = 1}, spanEnd = SourcePos {posLine = 361, posColumn = 1}}, locValue = TokenNewline},Located {locSpan = SourceSpan {spanFilename = \"<input>\", spanStart = SourcePos {posLine = 361, posColumn = 1}, spanEnd = SourcePos {posLine = 361, posColumn = 5}}, locValue = TokenIndent 4},Located {locSpan = SourceSpan {spanFilename = \"<input>\", spanStart = SourcePos {posLine = 361, posColumn = 5}, spanEnd = SourcePos {posLine = 361, posColumn = 33}}, locValue = TokenComment \"# Function 90 implementation\"},Located {locSpan = SourceSpan {spanFilename = \"<input>\", spanStart = SourcePos {posLine = 361, posColumn = 1}, spanEnd = SourcePos {posLine = 362, posColumn = 1}}, locValue = TokenNewline},Located {locSpan = SourceSpan {spanFilename = \"<input>\", spanStart = SourcePos {posLine = 362, posColumn = 5}, spanEnd = SourcePos {posLine = 362, posColumn = 11}}, locValue = TokenIdent \"result\"},Located {locSpan = SourceSpan {spanFilename = \"<input>\", spanStart = SourcePos {posLine = 362, posColumn = 12}, spanEnd = SourcePos {posLine = 362, posColumn = 13}}, locValue = TokenOperator OpAssign},Located {locSpan = SourceSpan {spanFilename = \"<input>\", spanStart = SourcePos {posLine = 362, posColumn = 14}, spanEnd = SourcePos {posLine = 362, posColumn = 15}}, locValue = TokenIdent \"x\"},Located {locSpan = SourceSpan {spanFilename = \"<input>\", spanStart = SourcePos {posLine = 362, posColumn = 16}, spanEnd = SourcePos {posLine = 362, posColumn = 17}}, locValue = TokenOperator OpMult},Located {locSpan = SourceSpan {spanFilename = \"<input>\", spanStart = SourcePos {posLine = 362, posColumn = 18}, spanEnd = SourcePos {posLine = 362, posColumn = 20}}, locValue = TokenNumber \"90\" False},Located {locSpan = SourceSpan {spanFilename = \"<input>\", spanStart = SourcePos {posLine = 362, posColumn = 21}, spanEnd = SourcePos {posLine = 362, posColumn = 22}}, locValue = TokenOperator OpPlus},Located {locSpan = SourceSpan {spanFilename = \"<input>\", spanStart = SourcePos {posLine = 362, posColumn = 23}, spanEnd = SourcePos {posLine = 362, posColumn = 27}}, locValue = TokenIdent \"math\"},Located {locSpan = SourceSpan {spanFilename = \"<input>\", spanStart = SourcePos {posLine = 362, posColumn = 27}, spanEnd = SourcePos {posLine = 362, posColumn = 28}}, locValue = TokenDelimiter DelimDot},Located {locSpan = SourceSpan {spanFilename = \"<input>\", spanStart = SourcePos {posLine = 362, posColumn = 28}, spanEnd = SourcePos {posLine = 362, posColumn = 32}}, locValue = TokenIdent \"sqrt\"},Located {locSpan = SourceSpan {spanFilename = \"<input>\", spanStart = SourcePos {posLine = 362, posColumn = 32}, spanEnd = SourcePos {posLine = 362, posColumn = 33}}, locValue = TokenDelimiter DelimLeftParen},Located {locSpan = SourceSpan {spanFilename = \"<input>\", spanStart = SourcePos {posLine = 362, posColumn = 33}, spanEnd = SourcePos {posLine = 362, posColumn = 35}}, locValue = TokenNumber \"90\" False},Located {locSpan = SourceSpan {spanFilename = \"<input>\", spanStart = SourcePos {posLine = 362, posColumn = 35}, spanEnd = SourcePos {posLine = 362, posColumn = 36}}, locValue = TokenDelimiter DelimRightParen},Located {locSpan = SourceSpan {spanFilename = \"<input>\", spanStart = SourcePos {posLine = 362, posColumn = 1}, spanEnd = SourcePos {posLine = 363, posColumn = 1}}, locValue = TokenNewline},Located {locSpan = SourceSpan {spanFilename = \"<input>\", spanStart = SourcePos {posLine = 363, posColumn = 5}, spanEnd = SourcePos {posLine = 363, posColumn = 11}}, locValue = TokenKeyword KwReturn},Located {locSpan = SourceSpan {spanFilename = \"<input>\", spanStart = SourcePos {posLine = 363, posColumn = 12}, spanEnd = SourcePos {posLine = 363, posColumn = 18}}, locValue = TokenIdent \"result\"},Located {locSpan = SourceSpan {spanFilename = \"<input>\", spanStart = SourcePos {posLine = 363, posColumn = 1}, spanEnd = SourcePos {posLine = 364, posColumn = 1}}, locValue = TokenNewline},Located {locSpan = SourceSpan {spanFilename = \"<input>\", spanStart = SourcePos {posLine = 364, posColumn = 1}, spanEnd = SourcePos {posLine = 364, posColumn = 1}}, locValue = TokenDedent 4},Located {locSpan = SourceSpan {spanFilename = \"<input>\", spanStart = SourcePos {posLine = 364, posColumn = 1}, spanEnd = SourcePos {posLine = 364, posColumn = 4}}, locValue = TokenKeyword KwDef},Located {locSpan = SourceSpan {spanFilename = \"<input>\", spanStart = SourcePos {posLine = 364, posColumn = 5}, spanEnd = SourcePos {posLine = 364, posColumn = 16}}, locValue = TokenIdent \"function_91\"},Located {locSpan = SourceSpan {spanFilename = \"<input>\", spanStart = SourcePos {posLine = 364, posColumn = 16}, spanEnd = SourcePos {posLine = 364, posColumn = 17}}, locValue = TokenDelimiter DelimLeftParen},Located {locSpan = SourceSpan {spanFilename = \"<input>\", spanStart = SourcePos {posLine = 364, posColumn = 17}, spanEnd = SourcePos {posLine = 364, posColumn = 18}}, locValue = TokenIdent \"x\"},Located {locSpan = SourceSpan {spanFilename = \"<input>\", spanStart = SourcePos {posLine = 364, posColumn = 18}, spanEnd = SourcePos {posLine = 364, posColumn = 19}}, locValue = TokenDelimiter DelimRightParen},Located {locSpan = SourceSpan {spanFilename = \"<input>\", spanStart = SourcePos {posLine = 364, posColumn = 19}, spanEnd = SourcePos {posLine = 364, posColumn = 20}}, locValue = TokenDelimiter DelimColon},Located {locSpan = SourceSpan {spanFilename = \"<input>\", spanStart = SourcePos {posLine = 364, posColumn = 1}, spanEnd = SourcePos {posLine = 365, posColumn = 1}}, locValue = TokenNewline},Located {locSpan = SourceSpan {spanFilename = \"<input>\", spanStart = SourcePos {posLine = 365, posColumn = 1}, spanEnd = SourcePos {posLine = 365, posColumn = 5}}, locValue = TokenIndent 4},Located {locSpan = SourceSpan {spanFilename = \"<input>\", spanStart = SourcePos {posLine = 365, posColumn = 5}, spanEnd = SourcePos {posLine = 365, posColumn = 33}}, locValue = TokenComment \"# Function 91 implementation\"},Located {locSpan = SourceSpan {spanFilename = \"<input>\", spanStart = SourcePos {posLine = 365, posColumn = 1}, spanEnd = SourcePos {posLine = 366, posColumn = 1}}, locValue = TokenNewline},Located {locSpan = SourceSpan {spanFilename = \"<input>\", spanStart = SourcePos {posLine = 366, posColumn = 5}, spanEnd = SourcePos {posLine = 366, posColumn = 11}}, locValue = TokenIdent \"result\"},Located {locSpan = SourceSpan {spanFilename = \"<input>\", spanStart = SourcePos {posLine = 366, posColumn = 12}, spanEnd = SourcePos {posLine = 366, posColumn = 13}}, locValue = TokenOperator OpAssign},Located {locSpan = SourceSpan {spanFilename = \"<input>\", spanStart = SourcePos {posLine = 366, posColumn = 14}, spanEnd = SourcePos {posLine = 366, posColumn = 15}}, locValue = TokenIdent \"x\"},Located {locSpan = SourceSpan {spanFilename = \"<input>\", spanStart = SourcePos {posLine = 366, posColumn = 16}, spanEnd = SourcePos {posLine = 366, posColumn = 17}}, locValue = TokenOperator OpMult},Located {locSpan = SourceSpan {spanFilename = \"<input>\", spanStart = SourcePos {posLine = 366, posColumn = 18}, spanEnd = SourcePos {posLine = 366, posColumn = 20}}, locValue = TokenNumber \"91\" False},Located {locSpan = SourceSpan {spanFilename = \"<input>\", spanStart = SourcePos {posLine = 366, posColumn = 21}, spanEnd = SourcePos {posLine = 366, posColumn = 22}}, locValue = TokenOperator OpPlus},Located {locSpan = SourceSpan {spanFilename = \"<input>\", spanStart = SourcePos {posLine = 366, posColumn = 23}, spanEnd = SourcePos {posLine = 366, posColumn = 27}}, locValue = TokenIdent \"math\"},Located {locSpan = SourceSpan {spanFilename = \"<input>\", spanStart = SourcePos {posLine = 366, posColumn = 27}, spanEnd = SourcePos {posLine = 366, posColumn = 28}}, locValue = TokenDelimiter DelimDot},Located {locSpan = SourceSpan {spanFilename = \"<input>\", spanStart = SourcePos {posLine = 366, posColumn = 28}, spanEnd = SourcePos {posLine = 366, posColumn = 32}}, locValue = TokenIdent \"sqrt\"},Located {locSpan = SourceSpan {spanFilename = \"<input>\", spanStart = SourcePos {posLine = 366, posColumn = 32}, spanEnd = SourcePos {posLine = 366, posColumn = 33}}, locValue = TokenDelimiter DelimLeftParen},Located {locSpan = SourceSpan {spanFilename = \"<input>\", spanStart = SourcePos {posLine = 366, posColumn = 33}, spanEnd = SourcePos {posLine = 366, posColumn = 35}}, locValue = TokenNumber \"91\" False},Located {locSpan = SourceSpan {spanFilename = \"<input>\", spanStart = SourcePos {posLine = 366, posColumn = 35}, spanEnd = SourcePos {posLine = 366, posColumn = 36}}, locValue = TokenDelimiter DelimRightParen},Located {locSpan = SourceSpan {spanFilename = \"<input>\", spanStart = SourcePos {posLine = 366, posColumn = 1}, spanEnd = SourcePos {posLine = 367, posColumn = 1}}, locValue = TokenNewline},Located {locSpan = SourceSpan {spanFilename = \"<input>\", spanStart = SourcePos {posLine = 367, posColumn = 5}, spanEnd = SourcePos {posLine = 367, posColumn = 11}}, locValue = TokenKeyword KwReturn},Located {locSpan = SourceSpan {spanFilename = \"<input>\", spanStart = SourcePos {posLine = 367, posColumn = 12}, spanEnd = SourcePos {posLine = 367, posColumn = 18}}, locValue = TokenIdent \"result\"},Located {locSpan = SourceSpan {spanFilename = \"<input>\", spanStart = SourcePos {posLine = 367, posColumn = 1}, spanEnd = SourcePos {posLine = 368, posColumn = 1}}, locValue = TokenNewline},Located {locSpan = SourceSpan {spanFilename = \"<input>\", spanStart = SourcePos {posLine = 368, posColumn = 1}, spanEnd = SourcePos {posLine = 368, posColumn = 1}}, locValue = TokenDedent 4},Located {locSpan = SourceSpan {spanFilename = \"<input>\", spanStart = SourcePos {posLine = 368, posColumn = 1}, spanEnd = SourcePos {posLine = 368, posColumn = 4}}, locValue = TokenKeyword KwDef},Located {locSpan = SourceSpan {spanFilename = \"<input>\", spanStart = SourcePos {posLine = 368, posColumn = 5}, spanEnd = SourcePos {posLine = 368, posColumn = 16}}, locValue = TokenIdent \"function_92\"},Located {locSpan = SourceSpan {spanFilename = \"<input>\", spanStart = SourcePos {posLine = 368, posColumn = 16}, spanEnd = SourcePos {posLine = 368, posColumn = 17}}, locValue = TokenDelimiter DelimLeftParen},Located {locSpan = SourceSpan {spanFilename = \"<input>\", spanStart = SourcePos {posLine = 368, posColumn = 17}, spanEnd = SourcePos {posLine = 368, posColumn = 18}}, locValue = TokenIdent \"x\"},Located {locSpan = SourceSpan {spanFilename = \"<input>\", spanStart = SourcePos {posLine = 368, posColumn = 18}, spanEnd = SourcePos {posLine = 368, posColumn = 19}}, locValue = TokenDelimiter DelimRightParen},Located {locSpan = SourceSpan {spanFilename = \"<input>\", spanStart = SourcePos {posLine = 368, posColumn = 19}, spanEnd = SourcePos {posLine = 368, posColumn = 20}}, locValue = TokenDelimiter DelimColon},Located {locSpan = SourceSpan {spanFilename = \"<input>\", spanStart = SourcePos {posLine = 368, posColumn = 1}, spanEnd = SourcePos {posLine = 369, posColumn = 1}}, locValue = TokenNewline},Located {locSpan = SourceSpan {spanFilename = \"<input>\", spanStart = SourcePos {posLine = 369, posColumn = 1}, spanEnd = SourcePos {posLine = 369, posColumn = 5}}, locValue = TokenIndent 4},Located {locSpan = SourceSpan {spanFilename = \"<input>\", spanStart = SourcePos {posLine = 369, posColumn = 5}, spanEnd = SourcePos {posLine = 369, posColumn = 33}}, locValue = TokenComment \"# Function 92 implementation\"},Located {locSpan = SourceSpan {spanFilename = \"<input>\", spanStart = SourcePos {posLine = 369, posColumn = 1}, spanEnd = SourcePos {posLine = 370, posColumn = 1}}, locValue = TokenNewline},Located {locSpan = SourceSpan {spanFilename = \"<input>\", spanStart = SourcePos {posLine = 370, posColumn = 5}, spanEnd = SourcePos {posLine = 370, posColumn = 11}}, locValue = TokenIdent \"result\"},Located {locSpan = SourceSpan {spanFilename = \"<input>\", spanStart = SourcePos {posLine = 370, posColumn = 12}, spanEnd = SourcePos {posLine = 370, posColumn = 13}}, locValue = TokenOperator OpAssign},Located {locSpan = SourceSpan {spanFilename = \"<input>\", spanStart = SourcePos {posLine = 370, posColumn = 14}, spanEnd = SourcePos {posLine = 370, posColumn = 15}}, locValue = TokenIdent \"x\"},Located {locSpan = SourceSpan {spanFilename = \"<input>\", spanStart = SourcePos {posLine = 370, posColumn = 16}, spanEnd = SourcePos {posLine = 370, posColumn = 17}}, locValue = TokenOperator OpMult},Located {locSpan = SourceSpan {spanFilename = \"<input>\", spanStart = SourcePos {posLine = 370, posColumn = 18}, spanEnd = SourcePos {posLine = 370, posColumn = 20}}, locValue = TokenNumber \"92\" False},Located {locSpan = SourceSpan {spanFilename = \"<input>\", spanStart = SourcePos {posLine = 370, posColumn = 21}, spanEnd = SourcePos {posLine = 370, posColumn = 22}}, locValue = TokenOperator OpPlus},Located {locSpan = SourceSpan {spanFilename = \"<input>\", spanStart = SourcePos {posLine = 370, posColumn = 23}, spanEnd = SourcePos {posLine = 370, posColumn = 27}}, locValue = TokenIdent \"math\"},Located {locSpan = SourceSpan {spanFilename = \"<input>\", spanStart = SourcePos {posLine = 370, posColumn = 27}, spanEnd = SourcePos {posLine = 370, posColumn = 28}}, locValue = TokenDelimiter DelimDot},Located {locSpan = SourceSpan {spanFilename = \"<input>\", spanStart = SourcePos {posLine = 370, posColumn = 28}, spanEnd = SourcePos {posLine = 370, posColumn = 32}}, locValue = TokenIdent \"sqrt\"},Located {locSpan = SourceSpan {spanFilename = \"<input>\", spanStart = SourcePos {posLine = 370, posColumn = 32}, spanEnd = SourcePos {posLine = 370, posColumn = 33}}, locValue = TokenDelimiter DelimLeftParen},Located {locSpan = SourceSpan {spanFilename = \"<input>\", spanStart = SourcePos {posLine = 370, posColumn = 33}, spanEnd = SourcePos {posLine = 370, posColumn = 35}}, locValue = TokenNumber \"92\" False},Located {locSpan = SourceSpan {spanFilename = \"<input>\", spanStart = SourcePos {posLine = 370, posColumn = 35}, spanEnd = SourcePos {posLine = 370, posColumn = 36}}, locValue = TokenDelimiter DelimRightParen},Located {locSpan = SourceSpan {spanFilename = \"<input>\", spanStart = SourcePos {posLine = 370, posColumn = 1}, spanEnd = SourcePos {posLine = 371, posColumn = 1}}, locValue = TokenNewline},Located {locSpan = SourceSpan {spanFilename = \"<input>\", spanStart = SourcePos {posLine = 371, posColumn = 5}, spanEnd = SourcePos {posLine = 371, posColumn = 11}}, locValue = TokenKeyword KwReturn},Located {locSpan = SourceSpan {spanFilename = \"<input>\", spanStart = SourcePos {posLine = 371, posColumn = 12}, spanEnd = SourcePos {posLine = 371, posColumn = 18}}, locValue = TokenIdent \"result\"},Located {locSpan = SourceSpan {spanFilename = \"<input>\", spanStart = SourcePos {posLine = 371, posColumn = 1}, spanEnd = SourcePos {posLine = 372, posColumn = 1}}, locValue = TokenNewline},Located {locSpan = SourceSpan {spanFilename = \"<input>\", spanStart = SourcePos {posLine = 372, posColumn = 1}, spanEnd = SourcePos {posLine = 372, posColumn = 1}}, locValue = TokenDedent 4},Located {locSpan = SourceSpan {spanFilename = \"<input>\", spanStart = SourcePos {posLine = 372, posColumn = 1}, spanEnd = SourcePos {posLine = 372, posColumn = 4}}, locValue = TokenKeyword KwDef},Located {locSpan = SourceSpan {spanFilename = \"<input>\", spanStart = SourcePos {posLine = 372, posColumn = 5}, spanEnd = SourcePos {posLine = 372, posColumn = 16}}, locValue = TokenIdent \"function_93\"},Located {locSpan = SourceSpan {spanFilename = \"<input>\", spanStart = SourcePos {posLine = 372, posColumn = 16}, spanEnd = SourcePos {posLine = 372, posColumn = 17}}, locValue = TokenDelimiter DelimLeftParen},Located {locSpan = SourceSpan {spanFilename = \"<input>\", spanStart = SourcePos {posLine = 372, posColumn = 17}, spanEnd = SourcePos {posLine = 372, posColumn = 18}}, locValue = TokenIdent \"x\"},Located {locSpan = SourceSpan {spanFilename = \"<input>\", spanStart = SourcePos {posLine = 372, posColumn = 18}, spanEnd = SourcePos {posLine = 372, posColumn = 19}}, locValue = TokenDelimiter DelimRightParen},Located {locSpan = SourceSpan {spanFilename = \"<input>\", spanStart = SourcePos {posLine = 372, posColumn = 19}, spanEnd = SourcePos {posLine = 372, posColumn = 20}}, locValue = TokenDelimiter DelimColon},Located {locSpan = SourceSpan {spanFilename = \"<input>\", spanStart = SourcePos {posLine = 372, posColumn = 1}, spanEnd = SourcePos {posLine = 373, posColumn = 1}}, locValue = TokenNewline},Located {locSpan = SourceSpan {spanFilename = \"<input>\", spanStart = SourcePos {posLine = 373, posColumn = 1}, spanEnd = SourcePos {posLine = 373, posColumn = 5}}, locValue = TokenIndent 4},Located {locSpan = SourceSpan {spanFilename = \"<input>\", spanStart = SourcePos {posLine = 373, posColumn = 5}, spanEnd = SourcePos {posLine = 373, posColumn = 33}}, locValue = TokenComment \"# Function 93 implementation\"},Located {locSpan = SourceSpan {spanFilename = \"<input>\", spanStart = SourcePos {posLine = 373, posColumn = 1}, spanEnd = SourcePos {posLine = 374, posColumn = 1}}, locValue = TokenNewline},Located {locSpan = SourceSpan {spanFilename = \"<input>\", spanStart = SourcePos {posLine = 374, posColumn = 5}, spanEnd = SourcePos {posLine = 374, posColumn = 11}}, locValue = TokenIdent \"result\"},Located {locSpan = SourceSpan {spanFilename = \"<input>\", spanStart = SourcePos {posLine = 374, posColumn = 12}, spanEnd = SourcePos {posLine = 374, posColumn = 13}}, locValue = TokenOperator OpAssign},Located {locSpan = SourceSpan {spanFilename = \"<input>\", spanStart = SourcePos {posLine = 374, posColumn = 14}, spanEnd = SourcePos {posLine = 374, posColumn = 15}}, locValue = TokenIdent \"x\"},Located {locSpan = SourceSpan {spanFilename = \"<input>\", spanStart = SourcePos {posLine = 374, posColumn = 16}, spanEnd = SourcePos {posLine = 374, posColumn = 17}}, locValue = TokenOperator OpMult},Located {locSpan = SourceSpan {spanFilename = \"<input>\", spanStart = SourcePos {posLine = 374, posColumn = 18}, spanEnd = SourcePos {posLine = 374, posColumn = 20}}, locValue = TokenNumber \"93\" False},Located {locSpan = SourceSpan {spanFilename = \"<input>\", spanStart = SourcePos {posLine = 374, posColumn = 21}, spanEnd = SourcePos {posLine = 374, posColumn = 22}}, locValue = TokenOperator OpPlus},Located {locSpan = SourceSpan {spanFilename = \"<input>\", spanStart = SourcePos {posLine = 374, posColumn = 23}, spanEnd = SourcePos {posLine = 374, posColumn = 27}}, locValue = TokenIdent \"math\"},Located {locSpan = SourceSpan {spanFilename = \"<input>\", spanStart = SourcePos {posLine = 374, posColumn = 27}, spanEnd = SourcePos {posLine = 374, posColumn = 28}}, locValue = TokenDelimiter DelimDot},Located {locSpan = SourceSpan {spanFilename = \"<input>\", spanStart = SourcePos {posLine = 374, posColumn = 28}, spanEnd = SourcePos {posLine = 374, posColumn = 32}}, locValue = TokenIdent \"sqrt\"},Located {locSpan = SourceSpan {spanFilename = \"<input>\", spanStart = SourcePos {posLine = 374, posColumn = 32}, spanEnd = SourcePos {posLine = 374, posColumn = 33}}, locValue = TokenDelimiter DelimLeftParen},Located {locSpan = SourceSpan {spanFilename = \"<input>\", spanStart = SourcePos {posLine = 374, posColumn = 33}, spanEnd = SourcePos {posLine = 374, posColumn = 35}}, locValue = TokenNumber \"93\" False},Located {locSpan = SourceSpan {spanFilename = \"<input>\", spanStart = SourcePos {posLine = 374, posColumn = 35}, spanEnd = SourcePos {posLine = 374, posColumn = 36}}, locValue = TokenDelimiter DelimRightParen},Located {locSpan = SourceSpan {spanFilename = \"<input>\", spanStart = SourcePos {posLine = 374, posColumn = 1}, spanEnd = SourcePos {posLine = 375, posColumn = 1}}, locValue = TokenNewline},Located {locSpan = SourceSpan {spanFilename = \"<input>\", spanStart = SourcePos {posLine = 375, posColumn = 5}, spanEnd = SourcePos {posLine = 375, posColumn = 11}}, locValue = TokenKeyword KwReturn},Located {locSpan = SourceSpan {spanFilename = \"<input>\", spanStart = SourcePos {posLine = 375, posColumn = 12}, spanEnd = SourcePos {posLine = 375, posColumn = 18}}, locValue = TokenIdent \"result\"},Located {locSpan = SourceSpan {spanFilename = \"<input>\", spanStart = SourcePos {posLine = 375, posColumn = 1}, spanEnd = SourcePos {posLine = 376, posColumn = 1}}, locValue = TokenNewline},Located {locSpan = SourceSpan {spanFilename = \"<input>\", spanStart = SourcePos {posLine = 376, posColumn = 1}, spanEnd = SourcePos {posLine = 376, posColumn = 1}}, locValue = TokenDedent 4},Located {locSpan = SourceSpan {spanFilename = \"<input>\", spanStart = SourcePos {posLine = 376, posColumn = 1}, spanEnd = SourcePos {posLine = 376, posColumn = 4}}, locValue = TokenKeyword KwDef},Located {locSpan = SourceSpan {spanFilename = \"<input>\", spanStart = SourcePos {posLine = 376, posColumn = 5}, spanEnd = SourcePos {posLine = 376, posColumn = 16}}, locValue = TokenIdent \"function_94\"},Located {locSpan = SourceSpan {spanFilename = \"<input>\", spanStart = SourcePos {posLine = 376, posColumn = 16}, spanEnd = SourcePos {posLine = 376, posColumn = 17}}, locValue = TokenDelimiter DelimLeftParen},Located {locSpan = SourceSpan {spanFilename = \"<input>\", spanStart = SourcePos {posLine = 376, posColumn = 17}, spanEnd = SourcePos {posLine = 376, posColumn = 18}}, locValue = TokenIdent \"x\"},Located {locSpan = SourceSpan {spanFilename = \"<input>\", spanStart = SourcePos {posLine = 376, posColumn = 18}, spanEnd = SourcePos {posLine = 376, posColumn = 19}}, locValue = TokenDelimiter DelimRightParen},Located {locSpan = SourceSpan {spanFilename = \"<input>\", spanStart = SourcePos {posLine = 376, posColumn = 19}, spanEnd = SourcePos {posLine = 376, posColumn = 20}}, locValue = TokenDelimiter DelimColon},Located {locSpan = SourceSpan {spanFilename = \"<input>\", spanStart = SourcePos {posLine = 376, posColumn = 1}, spanEnd = SourcePos {posLine = 377, posColumn = 1}}, locValue = TokenNewline},Located {locSpan = SourceSpan {spanFilename = \"<input>\", spanStart = SourcePos {posLine = 377, posColumn = 1}, spanEnd = SourcePos {posLine = 377, posColumn = 5}}, locValue = TokenIndent 4},Located {locSpan = SourceSpan {spanFilename = \"<input>\", spanStart = SourcePos {posLine = 377, posColumn = 5}, spanEnd = SourcePos {posLine = 377, posColumn = 33}}, locValue = TokenComment \"# Function 94 implementation\"},Located {locSpan = SourceSpan {spanFilename = \"<input>\", spanStart = SourcePos {posLine = 377, posColumn = 1}, spanEnd = SourcePos {posLine = 378, posColumn = 1}}, locValue = TokenNewline},Located {locSpan = SourceSpan {spanFilename = \"<input>\", spanStart = SourcePos {posLine = 378, posColumn = 5}, spanEnd = SourcePos {posLine = 378, posColumn = 11}}, locValue = TokenIdent \"result\"},Located {locSpan = SourceSpan {spanFilename = \"<input>\", spanStart = SourcePos {posLine = 378, posColumn = 12}, spanEnd = SourcePos {posLine = 378, posColumn = 13}}, locValue = TokenOperator OpAssign},Located {locSpan = SourceSpan {spanFilename = \"<input>\", spanStart = SourcePos {posLine = 378, posColumn = 14}, spanEnd = SourcePos {posLine = 378, posColumn = 15}}, locValue = TokenIdent \"x\"},Located {locSpan = SourceSpan {spanFilename = \"<input>\", spanStart = SourcePos {posLine = 378, posColumn = 16}, spanEnd = SourcePos {posLine = 378, posColumn = 17}}, locValue = TokenOperator OpMult},Located {locSpan = SourceSpan {spanFilename = \"<input>\", spanStart = SourcePos {posLine = 378, posColumn = 18}, spanEnd = SourcePos {posLine = 378, posColumn = 20}}, locValue = TokenNumber \"94\" False},Located {locSpan = SourceSpan {spanFilename = \"<input>\", spanStart = SourcePos {posLine = 378, posColumn = 21}, spanEnd = SourcePos {posLine = 378, posColumn = 22}}, locValue = TokenOperator OpPlus},Located {locSpan = SourceSpan {spanFilename = \"<input>\", spanStart = SourcePos {posLine = 378, posColumn = 23}, spanEnd = SourcePos {posLine = 378, posColumn = 27}}, locValue = TokenIdent \"math\"},Located {locSpan = SourceSpan {spanFilename = \"<input>\", spanStart = SourcePos {posLine = 378, posColumn = 27}, spanEnd = SourcePos {posLine = 378, posColumn = 28}}, locValue = TokenDelimiter DelimDot},Located {locSpan = SourceSpan {spanFilename = \"<input>\", spanStart = SourcePos {posLine = 378, posColumn = 28}, spanEnd = SourcePos {posLine = 378, posColumn = 32}}, locValue = TokenIdent \"sqrt\"},Located {locSpan = SourceSpan {spanFilename = \"<input>\", spanStart = SourcePos {posLine = 378, posColumn = 32}, spanEnd = SourcePos {posLine = 378, posColumn = 33}}, locValue = TokenDelimiter DelimLeftParen},Located {locSpan = SourceSpan {spanFilename = \"<input>\", spanStart = SourcePos {posLine = 378, posColumn = 33}, spanEnd = SourcePos {posLine = 378, posColumn = 35}}, locValue = TokenNumber \"94\" False},Located {locSpan = SourceSpan {spanFilename = \"<input>\", spanStart = SourcePos {posLine = 378, posColumn = 35}, spanEnd = SourcePos {posLine = 378, posColumn = 36}}, locValue = TokenDelimiter DelimRightParen},Located {locSpan = SourceSpan {spanFilename = \"<input>\", spanStart = SourcePos {posLine = 378, posColumn = 1}, spanEnd = SourcePos {posLine = 379, posColumn = 1}}, locValue = TokenNewline},Located {locSpan = SourceSpan {spanFilename = \"<input>\", spanStart = SourcePos {posLine = 379, posColumn = 5}, spanEnd = SourcePos {posLine = 379, posColumn = 11}}, locValue = TokenKeyword KwReturn},Located {locSpan = SourceSpan {spanFilename = \"<input>\", spanStart = SourcePos {posLine = 379, posColumn = 12}, spanEnd = SourcePos {posLine = 379, posColumn = 18}}, locValue = TokenIdent \"result\"},Located {locSpan = SourceSpan {spanFilename = \"<input>\", spanStart = SourcePos {posLine = 379, posColumn = 1}, spanEnd = SourcePos {posLine = 380, posColumn = 1}}, locValue = TokenNewline},Located {locSpan = SourceSpan {spanFilename = \"<input>\", spanStart = SourcePos {posLine = 380, posColumn = 1}, spanEnd = SourcePos {posLine = 380, posColumn = 1}}, locValue = TokenDedent 4},Located {locSpan = SourceSpan {spanFilename = \"<input>\", spanStart = SourcePos {posLine = 380, posColumn = 1}, spanEnd = SourcePos {posLine = 380, posColumn = 4}}, locValue = TokenKeyword KwDef},Located {locSpan = SourceSpan {spanFilename = \"<input>\", spanStart = SourcePos {posLine = 380, posColumn = 5}, spanEnd = SourcePos {posLine = 380, posColumn = 16}}, locValue = TokenIdent \"function_95\"},Located {locSpan = SourceSpan {spanFilename = \"<input>\", spanStart = SourcePos {posLine = 380, posColumn = 16}, spanEnd = SourcePos {posLine = 380, posColumn = 17}}, locValue = TokenDelimiter DelimLeftParen},Located {locSpan = SourceSpan {spanFilename = \"<input>\", spanStart = SourcePos {posLine = 380, posColumn = 17}, spanEnd = SourcePos {posLine = 380, posColumn = 18}}, locValue = TokenIdent \"x\"},Located {locSpan = SourceSpan {spanFilename = \"<input>\", spanStart = SourcePos {posLine = 380, posColumn = 18}, spanEnd = SourcePos {posLine = 380, posColumn = 19}}, locValue = TokenDelimiter DelimRightParen},Located {locSpan = SourceSpan {spanFilename = \"<input>\", spanStart = SourcePos {posLine = 380, posColumn = 19}, spanEnd = SourcePos {posLine = 380, posColumn = 20}}, locValue = TokenDelimiter DelimColon},Located {locSpan = SourceSpan {spanFilename = \"<input>\", spanStart = SourcePos {posLine = 380, posColumn = 1}, spanEnd = SourcePos {posLine = 381, posColumn = 1}}, locValue = TokenNewline},Located {locSpan = SourceSpan {spanFilename = \"<input>\", spanStart = SourcePos {posLine = 381, posColumn = 1}, spanEnd = SourcePos {posLine = 381, posColumn = 5}}, locValue = TokenIndent 4},Located {locSpan = SourceSpan {spanFilename = \"<input>\", spanStart = SourcePos {posLine = 381, posColumn = 5}, spanEnd = SourcePos {posLine = 381, posColumn = 33}}, locValue = TokenComment \"# Function 95 implementation\"},Located {locSpan = SourceSpan {spanFilename = \"<input>\", spanStart = SourcePos {posLine = 381, posColumn = 1}, spanEnd = SourcePos {posLine = 382, posColumn = 1}}, locValue = TokenNewline},Located {locSpan = SourceSpan {spanFilename = \"<input>\", spanStart = SourcePos {posLine = 382, posColumn = 5}, spanEnd = SourcePos {posLine = 382, posColumn = 11}}, locValue = TokenIdent \"result\"},Located {locSpan = SourceSpan {spanFilename = \"<input>\", spanStart = SourcePos {posLine = 382, posColumn = 12}, spanEnd = SourcePos {posLine = 382, posColumn = 13}}, locValue = TokenOperator OpAssign},Located {locSpan = SourceSpan {spanFilename = \"<input>\", spanStart = SourcePos {posLine = 382, posColumn = 14}, spanEnd = SourcePos {posLine = 382, posColumn = 15}}, locValue = TokenIdent \"x\"},Located {locSpan = SourceSpan {spanFilename = \"<input>\", spanStart = SourcePos {posLine = 382, posColumn = 16}, spanEnd = SourcePos {posLine = 382, posColumn = 17}}, locValue = TokenOperator OpMult},Located {locSpan = SourceSpan {spanFilename = \"<input>\", spanStart = SourcePos {posLine = 382, posColumn = 18}, spanEnd = SourcePos {posLine = 382, posColumn = 20}}, locValue = TokenNumber \"95\" False},Located {locSpan = SourceSpan {spanFilename = \"<input>\", spanStart = SourcePos {posLine = 382, posColumn = 21}, spanEnd = SourcePos {posLine = 382, posColumn = 22}}, locValue = TokenOperator OpPlus},Located {locSpan = SourceSpan {spanFilename = \"<input>\", spanStart = SourcePos {posLine = 382, posColumn = 23}, spanEnd = SourcePos {posLine = 382, posColumn = 27}}, locValue = TokenIdent \"math\"},Located {locSpan = SourceSpan {spanFilename = \"<input>\", spanStart = SourcePos {posLine = 382, posColumn = 27}, spanEnd = SourcePos {posLine = 382, posColumn = 28}}, locValue = TokenDelimiter DelimDot},Located {locSpan = SourceSpan {spanFilename = \"<input>\", spanStart = SourcePos {posLine = 382, posColumn = 28}, spanEnd = SourcePos {posLine = 382, posColumn = 32}}, locValue = TokenIdent \"sqrt\"},Located {locSpan = SourceSpan {spanFilename = \"<input>\", spanStart = SourcePos {posLine = 382, posColumn = 32}, spanEnd = SourcePos {posLine = 382, posColumn = 33}}, locValue = TokenDelimiter DelimLeftParen},Located {locSpan = SourceSpan {spanFilename = \"<input>\", spanStart = SourcePos {posLine = 382, posColumn = 33}, spanEnd = SourcePos {posLine = 382, posColumn = 35}}, locValue = TokenNumber \"95\" False},Located {locSpan = SourceSpan {spanFilename = \"<input>\", spanStart = SourcePos {posLine = 382, posColumn = 35}, spanEnd = SourcePos {posLine = 382, posColumn = 36}}, locValue = TokenDelimiter DelimRightParen},Located {locSpan = SourceSpan {spanFilename = \"<input>\", spanStart = SourcePos {posLine = 382, posColumn = 1}, spanEnd = SourcePos {posLine = 383, posColumn = 1}}, locValue = TokenNewline},Located {locSpan = SourceSpan {spanFilename = \"<input>\", spanStart = SourcePos {posLine = 383, posColumn = 5}, spanEnd = SourcePos {posLine = 383, posColumn = 11}}, locValue = TokenKeyword KwReturn},Located {locSpan = SourceSpan {spanFilename = \"<input>\", spanStart = SourcePos {posLine = 383, posColumn = 12}, spanEnd = SourcePos {posLine = 383, posColumn = 18}}, locValue = TokenIdent \"result\"},Located {locSpan = SourceSpan {spanFilename = \"<input>\", spanStart = SourcePos {posLine = 383, posColumn = 1}, spanEnd = SourcePos {posLine = 384, posColumn = 1}}, locValue = TokenNewline},Located {locSpan = SourceSpan {spanFilename = \"<input>\", spanStart = SourcePos {posLine = 384, posColumn = 1}, spanEnd = SourcePos {posLine = 384, posColumn = 1}}, locValue = TokenDedent 4},Located {locSpan = SourceSpan {spanFilename = \"<input>\", spanStart = SourcePos {posLine = 384, posColumn = 1}, spanEnd = SourcePos {posLine = 384, posColumn = 4}}, locValue = TokenKeyword KwDef},Located {locSpan = SourceSpan {spanFilename = \"<input>\", spanStart = SourcePos {posLine = 384, posColumn = 5}, spanEnd = SourcePos {posLine = 384, posColumn = 16}}, locValue = TokenIdent \"function_96\"},Located {locSpan = SourceSpan {spanFilename = \"<input>\", spanStart = SourcePos {posLine = 384, posColumn = 16}, spanEnd = SourcePos {posLine = 384, posColumn = 17}}, locValue = TokenDelimiter DelimLeftParen},Located {locSpan = SourceSpan {spanFilename = \"<input>\", spanStart = SourcePos {posLine = 384, posColumn = 17}, spanEnd = SourcePos {posLine = 384, posColumn = 18}}, locValue = TokenIdent \"x\"},Located {locSpan = SourceSpan {spanFilename = \"<input>\", spanStart = SourcePos {posLine = 384, posColumn = 18}, spanEnd = SourcePos {posLine = 384, posColumn = 19}}, locValue = TokenDelimiter DelimRightParen},Located {locSpan = SourceSpan {spanFilename = \"<input>\", spanStart = SourcePos {posLine = 384, posColumn = 19}, spanEnd = SourcePos {posLine = 384, posColumn = 20}}, locValue = TokenDelimiter DelimColon},Located {locSpan = SourceSpan {spanFilename = \"<input>\", spanStart = SourcePos {posLine = 384, posColumn = 1}, spanEnd = SourcePos {posLine = 385, posColumn = 1}}, locValue = TokenNewline},Located {locSpan = SourceSpan {spanFilename = \"<input>\", spanStart = SourcePos {posLine = 385, posColumn = 1}, spanEnd = SourcePos {posLine = 385, posColumn = 5}}, locValue = TokenIndent 4},Located {locSpan = SourceSpan {spanFilename = \"<input>\", spanStart = SourcePos {posLine = 385, posColumn = 5}, spanEnd = SourcePos {posLine = 385, posColumn = 33}}, locValue = TokenComment \"# Function 96 implementation\"},Located {locSpan = SourceSpan {spanFilename = \"<input>\", spanStart = SourcePos {posLine = 385, posColumn = 1}, spanEnd = SourcePos {posLine = 386, posColumn = 1}}, locValue = TokenNewline},Located {locSpan = SourceSpan {spanFilename = \"<input>\", spanStart = SourcePos {posLine = 386, posColumn = 5}, spanEnd = SourcePos {posLine = 386, posColumn = 11}}, locValue = TokenIdent \"result\"},Located {locSpan = SourceSpan {spanFilename = \"<input>\", spanStart = SourcePos {posLine = 386, posColumn = 12}, spanEnd = SourcePos {posLine = 386, posColumn = 13}}, locValue = TokenOperator OpAssign},Located {locSpan = SourceSpan {spanFilename = \"<input>\", spanStart = SourcePos {posLine = 386, posColumn = 14}, spanEnd = SourcePos {posLine = 386, posColumn = 15}}, locValue = TokenIdent \"x\"},Located {locSpan = SourceSpan {spanFilename = \"<input>\", spanStart = SourcePos {posLine = 386, posColumn = 16}, spanEnd = SourcePos {posLine = 386, posColumn = 17}}, locValue = TokenOperator OpMult},Located {locSpan = SourceSpan {spanFilename = \"<input>\", spanStart = SourcePos {posLine = 386, posColumn = 18}, spanEnd = SourcePos {posLine = 386, posColumn = 20}}, locValue = TokenNumber \"96\" False},Located {locSpan = SourceSpan {spanFilename = \"<input>\", spanStart = SourcePos {posLine = 386, posColumn = 21}, spanEnd = SourcePos {posLine = 386, posColumn = 22}}, locValue = TokenOperator OpPlus},Located {locSpan = SourceSpan {spanFilename = \"<input>\", spanStart = SourcePos {posLine = 386, posColumn = 23}, spanEnd = SourcePos {posLine = 386, posColumn = 27}}, locValue = TokenIdent \"math\"},Located {locSpan = SourceSpan {spanFilename = \"<input>\", spanStart = SourcePos {posLine = 386, posColumn = 27}, spanEnd = SourcePos {posLine = 386, posColumn = 28}}, locValue = TokenDelimiter DelimDot},Located {locSpan = SourceSpan {spanFilename = \"<input>\", spanStart = SourcePos {posLine = 386, posColumn = 28}, spanEnd = SourcePos {posLine = 386, posColumn = 32}}, locValue = TokenIdent \"sqrt\"},Located {locSpan = SourceSpan {spanFilename = \"<input>\", spanStart = SourcePos {posLine = 386, posColumn = 32}, spanEnd = SourcePos {posLine = 386, posColumn = 33}}, locValue = TokenDelimiter DelimLeftParen},Located {locSpan = SourceSpan {spanFilename = \"<input>\", spanStart = SourcePos {posLine = 386, posColumn = 33}, spanEnd = SourcePos {posLine = 386, posColumn = 35}}, locValue = TokenNumber \"96\" False},Located {locSpan = SourceSpan {spanFilename = \"<input>\", spanStart = SourcePos {posLine = 386, posColumn = 35}, spanEnd = SourcePos {posLine = 386, posColumn = 36}}, locValue = TokenDelimiter DelimRightParen},Located {locSpan = SourceSpan {spanFilename = \"<input>\", spanStart = SourcePos {posLine = 386, posColumn = 1}, spanEnd = SourcePos {posLine = 387, posColumn = 1}}, locValue = TokenNewline},Located {locSpan = SourceSpan {spanFilename = \"<input>\", spanStart = SourcePos {posLine = 387, posColumn = 5}, spanEnd = SourcePos {posLine = 387, posColumn = 11}}, locValue = TokenKeyword KwReturn},Located {locSpan = SourceSpan {spanFilename = \"<input>\", spanStart = SourcePos {posLine = 387, posColumn = 12}, spanEnd = SourcePos {posLine = 387, posColumn = 18}}, locValue = TokenIdent \"result\"},Located {locSpan = SourceSpan {spanFilename = \"<input>\", spanStart = SourcePos {posLine = 387, posColumn = 1}, spanEnd = SourcePos {posLine = 388, posColumn = 1}}, locValue = TokenNewline},Located {locSpan = SourceSpan {spanFilename = \"<input>\", spanStart = SourcePos {posLine = 388, posColumn = 1}, spanEnd = SourcePos {posLine = 388, posColumn = 1}}, locValue = TokenDedent 4},Located {locSpan = SourceSpan {spanFilename = \"<input>\", spanStart = SourcePos {posLine = 388, posColumn = 1}, spanEnd = SourcePos {posLine = 388, posColumn = 4}}, locValue = TokenKeyword KwDef},Located {locSpan = SourceSpan {spanFilename = \"<input>\", spanStart = SourcePos {posLine = 388, posColumn = 5}, spanEnd = SourcePos {posLine = 388, posColumn = 16}}, locValue = TokenIdent \"function_97\"},Located {locSpan = SourceSpan {spanFilename = \"<input>\", spanStart = SourcePos {posLine = 388, posColumn = 16}, spanEnd = SourcePos {posLine = 388, posColumn = 17}}, locValue = TokenDelimiter DelimLeftParen},Located {locSpan = SourceSpan {spanFilename = \"<input>\", spanStart = SourcePos {posLine = 388, posColumn = 17}, spanEnd = SourcePos {posLine = 388, posColumn = 18}}, locValue = TokenIdent \"x\"},Located {locSpan = SourceSpan {spanFilename = \"<input>\", spanStart = SourcePos {posLine = 388, posColumn = 18}, spanEnd = SourcePos {posLine = 388, posColumn = 19}}, locValue = TokenDelimiter DelimRightParen},Located {locSpan = SourceSpan {spanFilename = \"<input>\", spanStart = SourcePos {posLine = 388, posColumn = 19}, spanEnd = SourcePos {posLine = 388, posColumn = 20}}, locValue = TokenDelimiter DelimColon},Located {locSpan = SourceSpan {spanFilename = \"<input>\", spanStart = SourcePos {posLine = 388, posColumn = 1}, spanEnd = SourcePos {posLine = 389, posColumn = 1}}, locValue = TokenNewline},Located {locSpan = SourceSpan {spanFilename = \"<input>\", spanStart = SourcePos {posLine = 389, posColumn = 1}, spanEnd = SourcePos {posLine = 389, posColumn = 5}}, locValue = TokenIndent 4},Located {locSpan = SourceSpan {spanFilename = \"<input>\", spanStart = SourcePos {posLine = 389, posColumn = 5}, spanEnd = SourcePos {posLine = 389, posColumn = 33}}, locValue = TokenComment \"# Function 97 implementation\"},Located {locSpan = SourceSpan {spanFilename = \"<input>\", spanStart = SourcePos {posLine = 389, posColumn = 1}, spanEnd = SourcePos {posLine = 390, posColumn = 1}}, locValue = TokenNewline},Located {locSpan = SourceSpan {spanFilename = \"<input>\", spanStart = SourcePos {posLine = 390, posColumn = 5}, spanEnd = SourcePos {posLine = 390, posColumn = 11}}, locValue = TokenIdent \"result\"},Located {locSpan = SourceSpan {spanFilename = \"<input>\", spanStart = SourcePos {posLine = 390, posColumn = 12}, spanEnd = SourcePos {posLine = 390, posColumn = 13}}, locValue = TokenOperator OpAssign},Located {locSpan = SourceSpan {spanFilename = \"<input>\", spanStart = SourcePos {posLine = 390, posColumn = 14}, spanEnd = SourcePos {posLine = 390, posColumn = 15}}, locValue = TokenIdent \"x\"},Located {locSpan = SourceSpan {spanFilename = \"<input>\", spanStart = SourcePos {posLine = 390, posColumn = 16}, spanEnd = SourcePos {posLine = 390, posColumn = 17}}, locValue = TokenOperator OpMult},Located {locSpan = SourceSpan {spanFilename = \"<input>\", spanStart = SourcePos {posLine = 390, posColumn = 18}, spanEnd = SourcePos {posLine = 390, posColumn = 20}}, locValue = TokenNumber \"97\" False},Located {locSpan = SourceSpan {spanFilename = \"<input>\", spanStart = SourcePos {posLine = 390, posColumn = 21}, spanEnd = SourcePos {posLine = 390, posColumn = 22}}, locValue = TokenOperator OpPlus},Located {locSpan = SourceSpan {spanFilename = \"<input>\", spanStart = SourcePos {posLine = 390, posColumn = 23}, spanEnd = SourcePos {posLine = 390, posColumn = 27}}, locValue = TokenIdent \"math\"},Located {locSpan = SourceSpan {spanFilename = \"<input>\", spanStart = SourcePos {posLine = 390, posColumn = 27}, spanEnd = SourcePos {posLine = 390, posColumn = 28}}, locValue = TokenDelimiter DelimDot},Located {locSpan = SourceSpan {spanFilename = \"<input>\", spanStart = SourcePos {posLine = 390, posColumn = 28}, spanEnd = SourcePos {posLine = 390, posColumn = 32}}, locValue = TokenIdent \"sqrt\"},Located {locSpan = SourceSpan {spanFilename = \"<input>\", spanStart = SourcePos {posLine = 390, posColumn = 32}, spanEnd = SourcePos {posLine = 390, posColumn = 33}}, locValue = TokenDelimiter DelimLeftParen},Located {locSpan = SourceSpan {spanFilename = \"<input>\", spanStart = SourcePos {posLine = 390, posColumn = 33}, spanEnd = SourcePos {posLine = 390, posColumn = 35}}, locValue = TokenNumber \"97\" False},Located {locSpan = SourceSpan {spanFilename = \"<input>\", spanStart = SourcePos {posLine = 390, posColumn = 35}, spanEnd = SourcePos {posLine = 390, posColumn = 36}}, locValue = TokenDelimiter DelimRightParen},Located {locSpan = SourceSpan {spanFilename = \"<input>\", spanStart = SourcePos {posLine = 390, posColumn = 1}, spanEnd = SourcePos {posLine = 391, posColumn = 1}}, locValue = TokenNewline},Located {locSpan = SourceSpan {spanFilename = \"<input>\", spanStart = SourcePos {posLine = 391, posColumn = 5}, spanEnd = SourcePos {posLine = 391, posColumn = 11}}, locValue = TokenKeyword KwReturn},Located {locSpan = SourceSpan {spanFilename = \"<input>\", spanStart = SourcePos {posLine = 391, posColumn = 12}, spanEnd = SourcePos {posLine = 391, posColumn = 18}}, locValue = TokenIdent \"result\"},Located {locSpan = SourceSpan {spanFilename = \"<input>\", spanStart = SourcePos {posLine = 391, posColumn = 1}, spanEnd = SourcePos {posLine = 392, posColumn = 1}}, locValue = TokenNewline},Located {locSpan = SourceSpan {spanFilename = \"<input>\", spanStart = SourcePos {posLine = 392, posColumn = 1}, spanEnd = SourcePos {posLine = 392, posColumn = 1}}, locValue = TokenDedent 4},Located {locSpan = SourceSpan {spanFilename = \"<input>\", spanStart = SourcePos {posLine = 392, posColumn = 1}, spanEnd = SourcePos {posLine = 392, posColumn = 4}}, locValue = TokenKeyword KwDef},Located {locSpan = SourceSpan {spanFilename = \"<input>\", spanStart = SourcePos {posLine = 392, posColumn = 5}, spanEnd = SourcePos {posLine = 392, posColumn = 16}}, locValue = TokenIdent \"function_98\"},Located {locSpan = SourceSpan {spanFilename = \"<input>\", spanStart = SourcePos {posLine = 392, posColumn = 16}, spanEnd = SourcePos {posLine = 392, posColumn = 17}}, locValue = TokenDelimiter DelimLeftParen},Located {locSpan = SourceSpan {spanFilename = \"<input>\", spanStart = SourcePos {posLine = 392, posColumn = 17}, spanEnd = SourcePos {posLine = 392, posColumn = 18}}, locValue = TokenIdent \"x\"},Located {locSpan = SourceSpan {spanFilename = \"<input>\", spanStart = SourcePos {posLine = 392, posColumn = 18}, spanEnd = SourcePos {posLine = 392, posColumn = 19}}, locValue = TokenDelimiter DelimRightParen},Located {locSpan = SourceSpan {spanFilename = \"<input>\", spanStart = SourcePos {posLine = 392, posColumn = 19}, spanEnd = SourcePos {posLine = 392, posColumn = 20}}, locValue = TokenDelimiter DelimColon},Located {locSpan = SourceSpan {spanFilename = \"<input>\", spanStart = SourcePos {posLine = 392, posColumn = 1}, spanEnd = SourcePos {posLine = 393, posColumn = 1}}, locValue = TokenNewline},Located {locSpan = SourceSpan {spanFilename = \"<input>\", spanStart = SourcePos {posLine = 393, posColumn = 1}, spanEnd = SourcePos {posLine = 393, posColumn = 5}}, locValue = TokenIndent 4},Located {locSpan = SourceSpan {spanFilename = \"<input>\", spanStart = SourcePos {posLine = 393, posColumn = 5}, spanEnd = SourcePos {posLine = 393, posColumn = 33}}, locValue = TokenComment \"# Function 98 implementation\"},Located {locSpan = SourceSpan {spanFilename = \"<input>\", spanStart = SourcePos {posLine = 393, posColumn = 1}, spanEnd = SourcePos {posLine = 394, posColumn = 1}}, locValue = TokenNewline},Located {locSpan = SourceSpan {spanFilename = \"<input>\", spanStart = SourcePos {posLine = 394, posColumn = 5}, spanEnd = SourcePos {posLine = 394, posColumn = 11}}, locValue = TokenIdent \"result\"},Located {locSpan = SourceSpan {spanFilename = \"<input>\", spanStart = SourcePos {posLine = 394, posColumn = 12}, spanEnd = SourcePos {posLine = 394, posColumn = 13}}, locValue = TokenOperator OpAssign},Located {locSpan = SourceSpan {spanFilename = \"<input>\", spanStart = SourcePos {posLine = 394, posColumn = 14}, spanEnd = SourcePos {posLine = 394, posColumn = 15}}, locValue = TokenIdent \"x\"},Located {locSpan = SourceSpan {spanFilename = \"<input>\", spanStart = SourcePos {posLine = 394, posColumn = 16}, spanEnd = SourcePos {posLine = 394, posColumn = 17}}, locValue = TokenOperator OpMult},Located {locSpan = SourceSpan {spanFilename = \"<input>\", spanStart = SourcePos {posLine = 394, posColumn = 18}, spanEnd = SourcePos {posLine = 394, posColumn = 20}}, locValue = TokenNumber \"98\" False},Located {locSpan = SourceSpan {spanFilename = \"<input>\", spanStart = SourcePos {posLine = 394, posColumn = 21}, spanEnd = SourcePos {posLine = 394, posColumn = 22}}, locValue = TokenOperator OpPlus},Located {locSpan = SourceSpan {spanFilename = \"<input>\", spanStart = SourcePos {posLine = 394, posColumn = 23}, spanEnd = SourcePos {posLine = 394, posColumn = 27}}, locValue = TokenIdent \"math\"},Located {locSpan = SourceSpan {spanFilename = \"<input>\", spanStart = SourcePos {posLine = 394, posColumn = 27}, spanEnd = SourcePos {posLine = 394, posColumn = 28}}, locValue = TokenDelimiter DelimDot},Located {locSpan = SourceSpan {spanFilename = \"<input>\", spanStart = SourcePos {posLine = 394, posColumn = 28}, spanEnd = SourcePos {posLine = 394, posColumn = 32}}, locValue = TokenIdent \"sqrt\"},Located {locSpan = SourceSpan {spanFilename = \"<input>\", spanStart = SourcePos {posLine = 394, posColumn = 32}, spanEnd = SourcePos {posLine = 394, posColumn = 33}}, locValue = TokenDelimiter DelimLeftParen},Located {locSpan = SourceSpan {spanFilename = \"<input>\", spanStart = SourcePos {posLine = 394, posColumn = 33}, spanEnd = SourcePos {posLine = 394, posColumn = 35}}, locValue = TokenNumber \"98\" False},Located {locSpan = SourceSpan {spanFilename = \"<input>\", spanStart = SourcePos {posLine = 394, posColumn = 35}, spanEnd = SourcePos {posLine = 394, posColumn = 36}}, locValue = TokenDelimiter DelimRightParen},Located {locSpan = SourceSpan {spanFilename = \"<input>\", spanStart = SourcePos {posLine = 394, posColumn = 1}, spanEnd = SourcePos {posLine = 395, posColumn = 1}}, locValue = TokenNewline},Located {locSpan = SourceSpan {spanFilename = \"<input>\", spanStart = SourcePos {posLine = 395, posColumn = 5}, spanEnd = SourcePos {posLine = 395, posColumn = 11}}, locValue = TokenKeyword KwReturn},Located {locSpan = SourceSpan {spanFilename = \"<input>\", spanStart = SourcePos {posLine = 395, posColumn = 12}, spanEnd = SourcePos {posLine = 395, posColumn = 18}}, locValue = TokenIdent \"result\"},Located {locSpan = SourceSpan {spanFilename = \"<input>\", spanStart = SourcePos {posLine = 395, posColumn = 1}, spanEnd = SourcePos {posLine = 396, posColumn = 1}}, locValue = TokenNewline},Located {locSpan = SourceSpan {spanFilename = \"<input>\", spanStart = SourcePos {posLine = 396, posColumn = 1}, spanEnd = SourcePos {posLine = 396, posColumn = 1}}, locValue = TokenDedent 4},Located {locSpan = SourceSpan {spanFilename = \"<input>\", spanStart = SourcePos {posLine = 396, posColumn = 1}, spanEnd = SourcePos {posLine = 396, posColumn = 4}}, locValue = TokenKeyword KwDef},Located {locSpan = SourceSpan {spanFilename = \"<input>\", spanStart = SourcePos {posLine = 396, posColumn = 5}, spanEnd = SourcePos {posLine = 396, posColumn = 16}}, locValue = TokenIdent \"function_99\"},Located {locSpan = SourceSpan {spanFilename = \"<input>\", spanStart = SourcePos {posLine = 396, posColumn = 16}, spanEnd = SourcePos {posLine = 396, posColumn = 17}}, locValue = TokenDelimiter DelimLeftParen},Located {locSpan = SourceSpan {spanFilename = \"<input>\", spanStart = SourcePos {posLine = 396, posColumn = 17}, spanEnd = SourcePos {posLine = 396, posColumn = 18}}, locValue = TokenIdent \"x\"},Located {locSpan = SourceSpan {spanFilename = \"<input>\", spanStart = SourcePos {posLine = 396, posColumn = 18}, spanEnd = SourcePos {posLine = 396, posColumn = 19}}, locValue = TokenDelimiter DelimRightParen},Located {locSpan = SourceSpan {spanFilename = \"<input>\", spanStart = SourcePos {posLine = 396, posColumn = 19}, spanEnd = SourcePos {posLine = 396, posColumn = 20}}, locValue = TokenDelimiter DelimColon},Located {locSpan = SourceSpan {spanFilename = \"<input>\", spanStart = SourcePos {posLine = 396, posColumn = 1}, spanEnd = SourcePos {posLine = 397, posColumn = 1}}, locValue = TokenNewline},Located {locSpan = SourceSpan {spanFilename = \"<input>\", spanStart = SourcePos {posLine = 397, posColumn = 1}, spanEnd = SourcePos {posLine = 397, posColumn = 5}}, locValue = TokenIndent 4},Located {locSpan = SourceSpan {spanFilename = \"<input>\", spanStart = SourcePos {posLine = 397, posColumn = 5}, spanEnd = SourcePos {posLine = 397, posColumn = 33}}, locValue = TokenComment \"# Function 99 implementation\"},Located {locSpan = SourceSpan {spanFilename = \"<input>\", spanStart = SourcePos {posLine = 397, posColumn = 1}, spanEnd = SourcePos {posLine = 398, posColumn = 1}}, locValue = TokenNewline},Located {locSpan = SourceSpan {spanFilename = \"<input>\", spanStart = SourcePos {posLine = 398, posColumn = 5}, spanEnd = SourcePos {posLine = 398, posColumn = 11}}, locValue = TokenIdent \"result\"},Located {locSpan = SourceSpan {spanFilename = \"<input>\", spanStart = SourcePos {posLine = 398, posColumn = 12}, spanEnd = SourcePos {posLine = 398, posColumn = 13}}, locValue = TokenOperator OpAssign},Located {locSpan = SourceSpan {spanFilename = \"<input>\", spanStart = SourcePos {posLine = 398, posColumn = 14}, spanEnd = SourcePos {posLine = 398, posColumn = 15}}, locValue = TokenIdent \"x\"},Located {locSpan = SourceSpan {spanFilename = \"<input>\", spanStart = SourcePos {posLine = 398, posColumn = 16}, spanEnd = SourcePos {posLine = 398, posColumn = 17}}, locValue = TokenOperator OpMult},Located {locSpan = SourceSpan {spanFilename = \"<input>\", spanStart = SourcePos {posLine = 398, posColumn = 18}, spanEnd = SourcePos {posLine = 398, posColumn = 20}}, locValue = TokenNumber \"99\" False},Located {locSpan = SourceSpan {spanFilename = \"<input>\", spanStart = SourcePos {posLine = 398, posColumn = 21}, spanEnd = SourcePos {posLine = 398, posColumn = 22}}, locValue = TokenOperator OpPlus},Located {locSpan = SourceSpan {spanFilename = \"<input>\", spanStart = SourcePos {posLine = 398, posColumn = 23}, spanEnd = SourcePos {posLine = 398, posColumn = 27}}, locValue = TokenIdent \"math\"},Located {locSpan = SourceSpan {spanFilename = \"<input>\", spanStart = SourcePos {posLine = 398, posColumn = 27}, spanEnd = SourcePos {posLine = 398, posColumn = 28}}, locValue = TokenDelimiter DelimDot},Located {locSpan = SourceSpan {spanFilename = \"<input>\", spanStart = SourcePos {posLine = 398, posColumn = 28}, spanEnd = SourcePos {posLine = 398, posColumn = 32}}, locValue = TokenIdent \"sqrt\"},Located {locSpan = SourceSpan {spanFilename = \"<input>\", spanStart = SourcePos {posLine = 398, posColumn = 32}, spanEnd = SourcePos {posLine = 398, posColumn = 33}}, locValue = TokenDelimiter DelimLeftParen},Located {locSpan = SourceSpan {spanFilename = \"<input>\", spanStart = SourcePos {posLine = 398, posColumn = 33}, spanEnd = SourcePos {posLine = 398, posColumn = 35}}, locValue = TokenNumber \"99\" False},Located {locSpan = SourceSpan {spanFilename = \"<input>\", spanStart = SourcePos {posLine = 398, posColumn = 35}, spanEnd = SourcePos {posLine = 398, posColumn = 36}}, locValue = TokenDelimiter DelimRightParen},Located {locSpan = SourceSpan {spanFilename = \"<input>\", spanStart = SourcePos {posLine = 398, posColumn = 1}, spanEnd = SourcePos {posLine = 399, posColumn = 1}}, locValue = TokenNewline},Located {locSpan = SourceSpan {spanFilename = \"<input>\", spanStart = SourcePos {posLine = 399, posColumn = 5}, spanEnd = SourcePos {posLine = 399, posColumn = 11}}, locValue = TokenKeyword KwReturn},Located {locSpan = SourceSpan {spanFilename = \"<input>\", spanStart = SourcePos {posLine = 399, posColumn = 12}, spanEnd = SourcePos {posLine = 399, posColumn = 18}}, locValue = TokenIdent \"result\"},Located {locSpan = SourceSpan {spanFilename = \"<input>\", spanStart = SourcePos {posLine = 399, posColumn = 1}, spanEnd = SourcePos {posLine = 400, posColumn = 1}}, locValue = TokenNewline},Located {locSpan = SourceSpan {spanFilename = \"<input>\", spanStart = SourcePos {posLine = 400, posColumn = 1}, spanEnd = SourcePos {posLine = 400, posColumn = 1}}, locValue = TokenDedent 4},Located {locSpan = SourceSpan {spanFilename = \"<input>\", spanStart = SourcePos {posLine = 400, posColumn = 1}, spanEnd = SourcePos {posLine = 400, posColumn = 4}}, locValue = TokenKeyword KwDef},Located {locSpan = SourceSpan {spanFilename = \"<input>\", spanStart = SourcePos {posLine = 400, posColumn = 5}, spanEnd = SourcePos {posLine = 400, posColumn = 17}}, locValue = TokenIdent \"function_100\"},Located {locSpan = SourceSpan {spanFilename = \"<input>\", spanStart = SourcePos {posLine = 400, posColumn = 17}, spanEnd = SourcePos {posLine = 400, posColumn = 18}}, locValue = TokenDelimiter DelimLeftParen},Located {locSpan = SourceSpan {spanFilename = \"<input>\", spanStart = SourcePos {posLine = 400, posColumn = 18}, spanEnd = SourcePos {posLine = 400, posColumn = 19}}, locValue = TokenIdent \"x\"},Located {locSpan = SourceSpan {spanFilename = \"<input>\", spanStart = SourcePos {posLine = 400, posColumn = 19}, spanEnd = SourcePos {posLine = 400, posColumn = 20}}, locValue = TokenDelimiter DelimRightParen},Located {locSpan = SourceSpan {spanFilename = \"<input>\", spanStart = SourcePos {posLine = 400, posColumn = 20}, spanEnd = SourcePos {posLine = 400, posColumn = 21}}, locValue = TokenDelimiter DelimColon},Located {locSpan = SourceSpan {spanFilename = \"<input>\", spanStart = SourcePos {posLine = 400, posColumn = 1}, spanEnd = SourcePos {posLine = 401, posColumn = 1}}, locValue = TokenNewline},Located {locSpan = SourceSpan {spanFilename = \"<input>\", spanStart = SourcePos {posLine = 401, posColumn = 1}, spanEnd = SourcePos {posLine = 401, posColumn = 5}}, locValue = TokenIndent 4},Located {locSpan = SourceSpan {spanFilename = \"<input>\", spanStart = SourcePos {posLine = 401, posColumn = 5}, spanEnd = SourcePos {posLine = 401, posColumn = 34}}, locValue = TokenComment \"# Function 100 implementation\"},Located {locSpan = SourceSpan {spanFilename = \"<input>\", spanStart = SourcePos {posLine = 401, posColumn = 1}, spanEnd = SourcePos {posLine = 402, posColumn = 1}}, locValue = TokenNewline},Located {locSpan = SourceSpan {spanFilename = \"<input>\", spanStart = SourcePos {posLine = 402, posColumn = 5}, spanEnd = SourcePos {posLine = 402, posColumn = 11}}, locValue = TokenIdent \"result\"},Located {locSpan = SourceSpan {spanFilename = \"<input>\", spanStart = SourcePos {posLine = 402, posColumn = 12}, spanEnd = SourcePos {posLine = 402, posColumn = 13}}, locValue = TokenOperator OpAssign},Located {locSpan = SourceSpan {spanFilename = \"<input>\", spanStart = SourcePos {posLine = 402, posColumn = 14}, spanEnd = SourcePos {posLine = 402, posColumn = 15}}, locValue = TokenIdent \"x\"},Located {locSpan = SourceSpan {spanFilename = \"<input>\", spanStart = SourcePos {posLine = 402, posColumn = 16}, spanEnd = SourcePos {posLine = 402, posColumn = 17}}, locValue = TokenOperator OpMult},Located {locSpan = SourceSpan {spanFilename = \"<input>\", spanStart = SourcePos {posLine = 402, posColumn = 18}, spanEnd = SourcePos {posLine = 402, posColumn = 21}}, locValue = TokenNumber \"100\" False},Located {locSpan = SourceSpan {spanFilename = \"<input>\", spanStart = SourcePos {posLine = 402, posColumn = 22}, spanEnd = SourcePos {posLine = 402, posColumn = 23}}, locValue = TokenOperator OpPlus},Located {locSpan = SourceSpan {spanFilename = \"<input>\", spanStart = SourcePos {posLine = 402, posColumn = 24}, spanEnd = SourcePos {posLine = 402, posColumn = 28}}, locValue = TokenIdent \"math\"},Located {locSpan = SourceSpan {spanFilename = \"<input>\", spanStart = SourcePos {posLine = 402, posColumn = 28}, spanEnd = SourcePos {posLine = 402, posColumn = 29}}, locValue = TokenDelimiter DelimDot},Located {locSpan = SourceSpan {spanFilename = \"<input>\", spanStart = SourcePos {posLine = 402, posColumn = 29}, spanEnd = SourcePos {posLine = 402, posColumn = 33}}, locValue = TokenIdent \"sqrt\"},Located {locSpan = SourceSpan {spanFilename = \"<input>\", spanStart = SourcePos {posLine = 402, posColumn = 33}, spanEnd = SourcePos {posLine = 402, posColumn = 34}}, locValue = TokenDelimiter DelimLeftParen},Located {locSpan = SourceSpan {spanFilename = \"<input>\", spanStart = SourcePos {posLine = 402, posColumn = 34}, spanEnd = SourcePos {posLine = 402, posColumn = 37}}, locValue = TokenNumber \"100\" False},Located {locSpan = SourceSpan {spanFilename = \"<input>\", spanStart = SourcePos {posLine = 402, posColumn = 37}, spanEnd = SourcePos {posLine = 402, posColumn = 38}}, locValue = TokenDelimiter DelimRightParen},Located {locSpan = SourceSpan {spanFilename = \"<input>\", spanStart = SourcePos {posLine = 402, posColumn = 1}, spanEnd = SourcePos {posLine = 403, posColumn = 1}}, locValue = TokenNewline},Located {locSpan = SourceSpan {spanFilename = \"<input>\", spanStart = SourcePos {posLine = 403, posColumn = 5}, spanEnd = SourcePos {posLine = 403, posColumn = 11}}, locValue = TokenKeyword KwReturn},Located {locSpan = SourceSpan {spanFilename = \"<input>\", spanStart = SourcePos {posLine = 403, posColumn = 12}, spanEnd = SourcePos {posLine = 403, posColumn = 18}}, locValue = TokenIdent \"result\"},Located {locSpan = SourceSpan {spanFilename = \"<input>\", spanStart = SourcePos {posLine = 403, posColumn = 1}, spanEnd = SourcePos {posLine = 405, posColumn = 1}}, locValue = TokenNewline},Located {locSpan = SourceSpan {spanFilename = \"<input>\", spanStart = SourcePos {posLine = 403, posColumn = 1}, spanEnd = SourcePos {posLine = 405, posColumn = 1}}, locValue = TokenNewline},Located {locSpan = SourceSpan {spanFilename = \"<input>\", spanStart = SourcePos {posLine = 405, posColumn = 1}, spanEnd = SourcePos {posLine = 405, posColumn = 1}}, locValue = TokenDedent 4},Located {locSpan = SourceSpan {spanFilename = \"<input>\", spanStart = SourcePos {posLine = 405, posColumn = 1}, spanEnd = SourcePos {posLine = 405, posColumn = 4}}, locValue = TokenKeyword KwDef},Located {locSpan = SourceSpan {spanFilename = \"<input>\", spanStart = SourcePos {posLine = 405, posColumn = 5}, spanEnd = SourcePos {posLine = 405, posColumn = 9}}, locValue = TokenIdent \"main\"},Located {locSpan = SourceSpan {spanFilename = \"<input>\", spanStart = SourcePos {posLine = 405, posColumn = 9}, spanEnd = SourcePos {posLine = 405, posColumn = 10}}, locValue = TokenDelimiter DelimLeftParen},Located {locSpan = SourceSpan {spanFilename = \"<input>\", spanStart = SourcePos {posLine = 405, posColumn = 10}, spanEnd = SourcePos {posLine = 405, posColumn = 11}}, locValue = TokenDelimiter DelimRightParen},Located {locSpan = SourceSpan {spanFilename = \"<input>\", spanStart = SourcePos {posLine = 405, posColumn = 11}, spanEnd = SourcePos {posLine = 405, posColumn = 12}}, locValue = TokenDelimiter DelimColon},Located {locSpan = SourceSpan {spanFilename = \"<input>\", spanStart = SourcePos {posLine = 405, posColumn = 1}, spanEnd = SourcePos {posLine = 406, posColumn = 1}}, locValue = TokenNewline},Located {locSpan = SourceSpan {spanFilename = \"<input>\", spanStart = SourcePos {posLine = 406, posColumn = 1}, spanEnd = SourcePos {posLine = 406, posColumn = 5}}, locValue = TokenIndent 4},Located {locSpan = SourceSpan {spanFilename = \"<input>\", spanStart = SourcePos {posLine = 406, posColumn = 5}, spanEnd = SourcePos {posLine = 406, posColumn = 10}}, locValue = TokenIdent \"total\"},Located {locSpan = SourceSpan {spanFilename = \"<input>\", spanStart = SourcePos {posLine = 406, posColumn = 11}, spanEnd = SourcePos {posLine = 406, posColumn = 12}}, locValue = TokenOperator OpAssign},Located {locSpan = SourceSpan {spanFilename = \"<input>\", spanStart = SourcePos {posLine = 406, posColumn = 13}, spanEnd = SourcePos {posLine = 406, posColumn = 14}}, locValue = TokenNumber \"0\" False},Located {locSpan = SourceSpan {spanFilename = \"<input>\", spanStart = SourcePos {posLine = 406, posColumn = 1}, spanEnd = SourcePos {posLine = 407, posColumn = 1}}, locValue = TokenNewline},Located {locSpan = SourceSpan {spanFilename = \"<input>\", spanStart = SourcePos {posLine = 407, posColumn = 5}, spanEnd = SourcePos {posLine = 407, posColumn = 8}}, locValue = TokenKeyword KwFor},Located {locSpan = SourceSpan {spanFilename = \"<input>\", spanStart = SourcePos {posLine = 407, posColumn = 9}, spanEnd = SourcePos {posLine = 407, posColumn = 10}}, locValue = TokenIdent \"i\"},Located {locSpan = SourceSpan {spanFilename = \"<input>\", spanStart = SourcePos {posLine = 407, posColumn = 11}, spanEnd = SourcePos {posLine = 407, posColumn = 13}}, locValue = TokenKeyword KwIn},Located {locSpan = SourceSpan {spanFilename = \"<input>\", spanStart = SourcePos {posLine = 407, posColumn = 14}, spanEnd = SourcePos {posLine = 407, posColumn = 19}}, locValue = TokenIdent \"range\"},Located {locSpan = SourceSpan {spanFilename = \"<input>\", spanStart = SourcePos {posLine = 407, posColumn = 19}, spanEnd = SourcePos {posLine = 407, posColumn = 20}}, locValue = TokenDelimiter DelimLeftParen},Located {locSpan = SourceSpan {spanFilename = \"<input>\", spanStart = SourcePos {posLine = 407, posColumn = 20}, spanEnd = SourcePos {posLine = 407, posColumn = 21}}, locValue = TokenNumber \"1\" False},Located {locSpan = SourceSpan {spanFilename = \"<input>\", spanStart = SourcePos {posLine = 407, posColumn = 21}, spanEnd = SourcePos {posLine = 407, posColumn = 22}}, locValue = TokenDelimiter DelimComma},Located {locSpan = SourceSpan {spanFilename = \"<input>\", spanStart = SourcePos {posLine = 407, posColumn = 23}, spanEnd = SourcePos {posLine = 407, posColumn = 26}}, locValue = TokenNumber \"101\" False},Located {locSpan = SourceSpan {spanFilename = \"<input>\", spanStart = SourcePos {posLine = 407, posColumn = 26}, spanEnd = SourcePos {posLine = 407, posColumn = 27}}, locValue = TokenDelimiter DelimRightParen},Located {locSpan = SourceSpan {spanFilename = \"<input>\", spanStart = SourcePos {posLine = 407, posColumn = 27}, spanEnd = SourcePos {posLine = 407, posColumn = 28}}, locValue = TokenDelimiter DelimColon},Located {locSpan = SourceSpan {spanFilename = \"<input>\", spanStart = SourcePos {posLine = 407, posColumn = 1}, spanEnd = SourcePos {posLine = 408, posColumn = 1}}, locValue = TokenNewline},Located {locSpan = SourceSpan {spanFilename = \"<input>\", spanStart = SourcePos {posLine = 408, posColumn = 1}, spanEnd = SourcePos {posLine = 408, posColumn = 9}}, locValue = TokenIndent 8},Located {locSpan = SourceSpan {spanFilename = \"<input>\", spanStart = SourcePos {posLine = 408, posColumn = 9}, spanEnd = SourcePos {posLine = 408, posColumn = 14}}, locValue = TokenIdent \"total\"},Located {locSpan = SourceSpan {spanFilename = \"<input>\", spanStart = SourcePos {posLine = 408, posColumn = 15}, spanEnd = SourcePos {posLine = 408, posColumn = 17}}, locValue = TokenOperator OpPlusAssign},Located {locSpan = SourceSpan {spanFilename = \"<input>\", spanStart = SourcePos {posLine = 408, posColumn = 18}, spanEnd = SourcePos {posLine = 408, posColumn = 28}}, locValue = TokenIdent \"function_1\"},Located {locSpan = SourceSpan {spanFilename = \"<input>\", spanStart = SourcePos {posLine = 408, posColumn = 28}, spanEnd = SourcePos {posLine = 408, posColumn = 29}}, locValue = TokenDelimiter DelimLeftParen},Located {locSpan = SourceSpan {spanFilename = \"<input>\", spanStart = SourcePos {posLine = 408, posColumn = 29}, spanEnd = SourcePos {posLine = 408, posColumn = 30}}, locValue = TokenIdent \"i\"},Located {locSpan = SourceSpan {spanFilename = \"<input>\", spanStart = SourcePos {posLine = 408, posColumn = 30}, spanEnd = SourcePos {posLine = 408, posColumn = 31}}, locValue = TokenDelimiter DelimRightParen},Located {locSpan = SourceSpan {spanFilename = \"<input>\", spanStart = SourcePos {posLine = 408, posColumn = 1}, spanEnd = SourcePos {posLine = 409, posColumn = 1}}, locValue = TokenNewline},Located {locSpan = SourceSpan {spanFilename = \"<input>\", spanStart = SourcePos {posLine = 409, posColumn = 9}, spanEnd = SourcePos {posLine = 409, posColumn = 14}}, locValue = TokenIdent \"total\"},Located {locSpan = SourceSpan {spanFilename = \"<input>\", spanStart = SourcePos {posLine = 409, posColumn = 15}, spanEnd = SourcePos {posLine = 409, posColumn = 17}}, locValue = TokenOperator OpPlusAssign},Located {locSpan = SourceSpan {spanFilename = \"<input>\", spanStart = SourcePos {posLine = 409, posColumn = 18}, spanEnd = SourcePos {posLine = 409, posColumn = 28}}, locValue = TokenIdent \"function_2\"},Located {locSpan = SourceSpan {spanFilename = \"<input>\", spanStart = SourcePos {posLine = 409, posColumn = 28}, spanEnd = SourcePos {posLine = 409, posColumn = 29}}, locValue = TokenDelimiter DelimLeftParen},Located {locSpan = SourceSpan {spanFilename = \"<input>\", spanStart = SourcePos {posLine = 409, posColumn = 29}, spanEnd = SourcePos {posLine = 409, posColumn = 30}}, locValue = TokenIdent \"i\"},Located {locSpan = SourceSpan {spanFilename = \"<input>\", spanStart = SourcePos {posLine = 409, posColumn = 30}, spanEnd = SourcePos {posLine = 409, posColumn = 31}}, locValue = TokenDelimiter DelimRightParen},Located {locSpan = SourceSpan {spanFilename = \"<input>\", spanStart = SourcePos {posLine = 409, posColumn = 1}, spanEnd = SourcePos {posLine = 410, posColumn = 1}}, locValue = TokenNewline},Located {locSpan = SourceSpan {spanFilename = \"<input>\", spanStart = SourcePos {posLine = 410, posColumn = 9}, spanEnd = SourcePos {posLine = 410, posColumn = 14}}, locValue = TokenIdent \"total\"},Located {locSpan = SourceSpan {spanFilename = \"<input>\", spanStart = SourcePos {posLine = 410, posColumn = 15}, spanEnd = SourcePos {posLine = 410, posColumn = 17}}, locValue = TokenOperator OpPlusAssign},Located {locSpan = SourceSpan {spanFilename = \"<input>\", spanStart = SourcePos {posLine = 410, posColumn = 18}, spanEnd = SourcePos {posLine = 410, posColumn = 28}}, locValue = TokenIdent \"function_3\"},Located {locSpan = SourceSpan {spanFilename = \"<input>\", spanStart = SourcePos {posLine = 410, posColumn = 28}, spanEnd = SourcePos {posLine = 410, posColumn = 29}}, locValue = TokenDelimiter DelimLeftParen},Located {locSpan = SourceSpan {spanFilename = \"<input>\", spanStart = SourcePos {posLine = 410, posColumn = 29}, spanEnd = SourcePos {posLine = 410, posColumn = 30}}, locValue = TokenIdent \"i\"},Located {locSpan = SourceSpan {spanFilename = \"<input>\", spanStart = SourcePos {posLine = 410, posColumn = 30}, spanEnd = SourcePos {posLine = 410, posColumn = 31}}, locValue = TokenDelimiter DelimRightParen},Located {locSpan = SourceSpan {spanFilename = \"<input>\", spanStart = SourcePos {posLine = 410, posColumn = 1}, spanEnd = SourcePos {posLine = 411, posColumn = 1}}, locValue = TokenNewline},Located {locSpan = SourceSpan {spanFilename = \"<input>\", spanStart = SourcePos {posLine = 411, posColumn = 9}, spanEnd = SourcePos {posLine = 411, posColumn = 14}}, locValue = TokenIdent \"total\"},Located {locSpan = SourceSpan {spanFilename = \"<input>\", spanStart = SourcePos {posLine = 411, posColumn = 15}, spanEnd = SourcePos {posLine = 411, posColumn = 17}}, locValue = TokenOperator OpPlusAssign},Located {locSpan = SourceSpan {spanFilename = \"<input>\", spanStart = SourcePos {posLine = 411, posColumn = 18}, spanEnd = SourcePos {posLine = 411, posColumn = 28}}, locValue = TokenIdent \"function_4\"},Located {locSpan = SourceSpan {spanFilename = \"<input>\", spanStart = SourcePos {posLine = 411, posColumn = 28}, spanEnd = SourcePos {posLine = 411, posColumn = 29}}, locValue = TokenDelimiter DelimLeftParen},Located {locSpan = SourceSpan {spanFilename = \"<input>\", spanStart = SourcePos {posLine = 411, posColumn = 29}, spanEnd = SourcePos {posLine = 411, posColumn = 30}}, locValue = TokenIdent \"i\"},Located {locSpan = SourceSpan {spanFilename = \"<input>\", spanStart = SourcePos {posLine = 411, posColumn = 30}, spanEnd = SourcePos {posLine = 411, posColumn = 31}}, locValue = TokenDelimiter DelimRightParen},Located {locSpan = SourceSpan {spanFilename = \"<input>\", spanStart = SourcePos {posLine = 411, posColumn = 1}, spanEnd = SourcePos {posLine = 412, posColumn = 1}}, locValue = TokenNewline},Located {locSpan = SourceSpan {spanFilename = \"<input>\", spanStart = SourcePos {posLine = 412, posColumn = 9}, spanEnd = SourcePos {posLine = 412, posColumn = 14}}, locValue = TokenIdent \"total\"},Located {locSpan = SourceSpan {spanFilename = \"<input>\", spanStart = SourcePos {posLine = 412, posColumn = 15}, spanEnd = SourcePos {posLine = 412, posColumn = 17}}, locValue = TokenOperator OpPlusAssign},Located {locSpan = SourceSpan {spanFilename = \"<input>\", spanStart = SourcePos {posLine = 412, posColumn = 18}, spanEnd = SourcePos {posLine = 412, posColumn = 28}}, locValue = TokenIdent \"function_5\"},Located {locSpan = SourceSpan {spanFilename = \"<input>\", spanStart = SourcePos {posLine = 412, posColumn = 28}, spanEnd = SourcePos {posLine = 412, posColumn = 29}}, locValue = TokenDelimiter DelimLeftParen},Located {locSpan = SourceSpan {spanFilename = \"<input>\", spanStart = SourcePos {posLine = 412, posColumn = 29}, spanEnd = SourcePos {posLine = 412, posColumn = 30}}, locValue = TokenIdent \"i\"},Located {locSpan = SourceSpan {spanFilename = \"<input>\", spanStart = SourcePos {posLine = 412, posColumn = 30}, spanEnd = SourcePos {posLine = 412, posColumn = 31}}, locValue = TokenDelimiter DelimRightParen},Located {locSpan = SourceSpan {spanFilename = \"<input>\", spanStart = SourcePos {posLine = 412, posColumn = 1}, spanEnd = SourcePos {posLine = 413, posColumn = 1}}, locValue = TokenNewline},Located {locSpan = SourceSpan {spanFilename = \"<input>\", spanStart = SourcePos {posLine = 413, posColumn = 9}, spanEnd = SourcePos {posLine = 413, posColumn = 14}}, locValue = TokenIdent \"total\"},Located {locSpan = SourceSpan {spanFilename = \"<input>\", spanStart = SourcePos {posLine = 413, posColumn = 15}, spanEnd = SourcePos {posLine = 413, posColumn = 17}}, locValue = TokenOperator OpPlusAssign},Located {locSpan = SourceSpan {spanFilename = \"<input>\", spanStart = SourcePos {posLine = 413, posColumn = 18}, spanEnd = SourcePos {posLine = 413, posColumn = 28}}, locValue = TokenIdent \"function_6\"},Located {locSpan = SourceSpan {spanFilename = \"<input>\", spanStart = SourcePos {posLine = 413, posColumn = 28}, spanEnd = SourcePos {posLine = 413, posColumn = 29}}, locValue = TokenDelimiter DelimLeftParen},Located {locSpan = SourceSpan {spanFilename = \"<input>\", spanStart = SourcePos {posLine = 413, posColumn = 29}, spanEnd = SourcePos {posLine = 413, posColumn = 30}}, locValue = TokenIdent \"i\"},Located {locSpan = SourceSpan {spanFilename = \"<input>\", spanStart = SourcePos {posLine = 413, posColumn = 30}, spanEnd = SourcePos {posLine = 413, posColumn = 31}}, locValue = TokenDelimiter DelimRightParen},Located {locSpan = SourceSpan {spanFilename = \"<input>\", spanStart = SourcePos {posLine = 413, posColumn = 1}, spanEnd = SourcePos {posLine = 414, posColumn = 1}}, locValue = TokenNewline},Located {locSpan = SourceSpan {spanFilename = \"<input>\", spanStart = SourcePos {posLine = 414, posColumn = 9}, spanEnd = SourcePos {posLine = 414, posColumn = 14}}, locValue = TokenIdent \"total\"},Located {locSpan = SourceSpan {spanFilename = \"<input>\", spanStart = SourcePos {posLine = 414, posColumn = 15}, spanEnd = SourcePos {posLine = 414, posColumn = 17}}, locValue = TokenOperator OpPlusAssign},Located {locSpan = SourceSpan {spanFilename = \"<input>\", spanStart = SourcePos {posLine = 414, posColumn = 18}, spanEnd = SourcePos {posLine = 414, posColumn = 28}}, locValue = TokenIdent \"function_7\"},Located {locSpan = SourceSpan {spanFilename = \"<input>\", spanStart = SourcePos {posLine = 414, posColumn = 28}, spanEnd = SourcePos {posLine = 414, posColumn = 29}}, locValue = TokenDelimiter DelimLeftParen},Located {locSpan = SourceSpan {spanFilename = \"<input>\", spanStart = SourcePos {posLine = 414, posColumn = 29}, spanEnd = SourcePos {posLine = 414, posColumn = 30}}, locValue = TokenIdent \"i\"},Located {locSpan = SourceSpan {spanFilename = \"<input>\", spanStart = SourcePos {posLine = 414, posColumn = 30}, spanEnd = SourcePos {posLine = 414, posColumn = 31}}, locValue = TokenDelimiter DelimRightParen},Located {locSpan = SourceSpan {spanFilename = \"<input>\", spanStart = SourcePos {posLine = 414, posColumn = 1}, spanEnd = SourcePos {posLine = 415, posColumn = 1}}, locValue = TokenNewline},Located {locSpan = SourceSpan {spanFilename = \"<input>\", spanStart = SourcePos {posLine = 415, posColumn = 9}, spanEnd = SourcePos {posLine = 415, posColumn = 14}}, locValue = TokenIdent \"total\"},Located {locSpan = SourceSpan {spanFilename = \"<input>\", spanStart = SourcePos {posLine = 415, posColumn = 15}, spanEnd = SourcePos {posLine = 415, posColumn = 17}}, locValue = TokenOperator OpPlusAssign},Located {locSpan = SourceSpan {spanFilename = \"<input>\", spanStart = SourcePos {posLine = 415, posColumn = 18}, spanEnd = SourcePos {posLine = 415, posColumn = 28}}, locValue = TokenIdent \"function_8\"},Located {locSpan = SourceSpan {spanFilename = \"<input>\", spanStart = SourcePos {posLine = 415, posColumn = 28}, spanEnd = SourcePos {posLine = 415, posColumn = 29}}, locValue = TokenDelimiter DelimLeftParen},Located {locSpan = SourceSpan {spanFilename = \"<input>\", spanStart = SourcePos {posLine = 415, posColumn = 29}, spanEnd = SourcePos {posLine = 415, posColumn = 30}}, locValue = TokenIdent \"i\"},Located {locSpan = SourceSpan {spanFilename = \"<input>\", spanStart = SourcePos {posLine = 415, posColumn = 30}, spanEnd = SourcePos {posLine = 415, posColumn = 31}}, locValue = TokenDelimiter DelimRightParen},Located {locSpan = SourceSpan {spanFilename = \"<input>\", spanStart = SourcePos {posLine = 415, posColumn = 1}, spanEnd = SourcePos {posLine = 416, posColumn = 1}}, locValue = TokenNewline},Located {locSpan = SourceSpan {spanFilename = \"<input>\", spanStart = SourcePos {posLine = 416, posColumn = 9}, spanEnd = SourcePos {posLine = 416, posColumn = 14}}, locValue = TokenIdent \"total\"},Located {locSpan = SourceSpan {spanFilename = \"<input>\", spanStart = SourcePos {posLine = 416, posColumn = 15}, spanEnd = SourcePos {posLine = 416, posColumn = 17}}, locValue = TokenOperator OpPlusAssign},Located {locSpan = SourceSpan {spanFilename = \"<input>\", spanStart = SourcePos {posLine = 416, posColumn = 18}, spanEnd = SourcePos {posLine = 416, posColumn = 28}}, locValue = TokenIdent \"function_9\"},Located {locSpan = SourceSpan {spanFilename = \"<input>\", spanStart = SourcePos {posLine = 416, posColumn = 28}, spanEnd = SourcePos {posLine = 416, posColumn = 29}}, locValue = TokenDelimiter DelimLeftParen},Located {locSpan = SourceSpan {spanFilename = \"<input>\", spanStart = SourcePos {posLine = 416, posColumn = 29}, spanEnd = SourcePos {posLine = 416, posColumn = 30}}, locValue = TokenIdent \"i\"},Located {locSpan = SourceSpan {spanFilename = \"<input>\", spanStart = SourcePos {posLine = 416, posColumn = 30}, spanEnd = SourcePos {posLine = 416, posColumn = 31}}, locValue = TokenDelimiter DelimRightParen},Located {locSpan = SourceSpan {spanFilename = \"<input>\", spanStart = SourcePos {posLine = 416, posColumn = 1}, spanEnd = SourcePos {posLine = 417, posColumn = 1}}, locValue = TokenNewline},Located {locSpan = SourceSpan {spanFilename = \"<input>\", spanStart = SourcePos {posLine = 417, posColumn = 9}, spanEnd = SourcePos {posLine = 417, posColumn = 14}}, locValue = TokenIdent \"total\"},Located {locSpan = SourceSpan {spanFilename = \"<input>\", spanStart = SourcePos {posLine = 417, posColumn = 15}, spanEnd = SourcePos {posLine = 417, posColumn = 17}}, locValue = TokenOperator OpPlusAssign},Located {locSpan = SourceSpan {spanFilename = \"<input>\", spanStart = SourcePos {posLine = 417, posColumn = 18}, spanEnd = SourcePos {posLine = 417, posColumn = 29}}, locValue = TokenIdent \"function_10\"},Located {locSpan = SourceSpan {spanFilename = \"<input>\", spanStart = SourcePos {posLine = 417, posColumn = 29}, spanEnd = SourcePos {posLine = 417, posColumn = 30}}, locValue = TokenDelimiter DelimLeftParen},Located {locSpan = SourceSpan {spanFilename = \"<input>\", spanStart = SourcePos {posLine = 417, posColumn = 30}, spanEnd = SourcePos {posLine = 417, posColumn = 31}}, locValue = TokenIdent \"i\"},Located {locSpan = SourceSpan {spanFilename = \"<input>\", spanStart = SourcePos {posLine = 417, posColumn = 31}, spanEnd = SourcePos {posLine = 417, posColumn = 32}}, locValue = TokenDelimiter DelimRightParen},Located {locSpan = SourceSpan {spanFilename = \"<input>\", spanStart = SourcePos {posLine = 417, posColumn = 1}, spanEnd = SourcePos {posLine = 418, posColumn = 1}}, locValue = TokenNewline},Located {locSpan = SourceSpan {spanFilename = \"<input>\", spanStart = SourcePos {posLine = 418, posColumn = 9}, spanEnd = SourcePos {posLine = 418, posColumn = 14}}, locValue = TokenIdent \"total\"},Located {locSpan = SourceSpan {spanFilename = \"<input>\", spanStart = SourcePos {posLine = 418, posColumn = 15}, spanEnd = SourcePos {posLine = 418, posColumn = 17}}, locValue = TokenOperator OpPlusAssign},Located {locSpan = SourceSpan {spanFilename = \"<input>\", spanStart = SourcePos {posLine = 418, posColumn = 18}, spanEnd = SourcePos {posLine = 418, posColumn = 29}}, locValue = TokenIdent \"function_11\"},Located {locSpan = SourceSpan {spanFilename = \"<input>\", spanStart = SourcePos {posLine = 418, posColumn = 29}, spanEnd = SourcePos {posLine = 418, posColumn = 30}}, locValue = TokenDelimiter DelimLeftParen},Located {locSpan = SourceSpan {spanFilename = \"<input>\", spanStart = SourcePos {posLine = 418, posColumn = 30}, spanEnd = SourcePos {posLine = 418, posColumn = 31}}, locValue = TokenIdent \"i\"},Located {locSpan = SourceSpan {spanFilename = \"<input>\", spanStart = SourcePos {posLine = 418, posColumn = 31}, spanEnd = SourcePos {posLine = 418, posColumn = 32}}, locValue = TokenDelimiter DelimRightParen},Located {locSpan = SourceSpan {spanFilename = \"<input>\", spanStart = SourcePos {posLine = 418, posColumn = 1}, spanEnd = SourcePos {posLine = 419, posColumn = 1}}, locValue = TokenNewline},Located {locSpan = SourceSpan {spanFilename = \"<input>\", spanStart = SourcePos {posLine = 419, posColumn = 9}, spanEnd = SourcePos {posLine = 419, posColumn = 14}}, locValue = TokenIdent \"total\"},Located {locSpan = SourceSpan {spanFilename = \"<input>\", spanStart = SourcePos {posLine = 419, posColumn = 15}, spanEnd = SourcePos {posLine = 419, posColumn = 17}}, locValue = TokenOperator OpPlusAssign},Located {locSpan = SourceSpan {spanFilename = \"<input>\", spanStart = SourcePos {posLine = 419, posColumn = 18}, spanEnd = SourcePos {posLine = 419, posColumn = 29}}, locValue = TokenIdent \"function_12\"},Located {locSpan = SourceSpan {spanFilename = \"<input>\", spanStart = SourcePos {posLine = 419, posColumn = 29}, spanEnd = SourcePos {posLine = 419, posColumn = 30}}, locValue = TokenDelimiter DelimLeftParen},Located {locSpan = SourceSpan {spanFilename = \"<input>\", spanStart = SourcePos {posLine = 419, posColumn = 30}, spanEnd = SourcePos {posLine = 419, posColumn = 31}}, locValue = TokenIdent \"i\"},Located {locSpan = SourceSpan {spanFilename = \"<input>\", spanStart = SourcePos {posLine = 419, posColumn = 31}, spanEnd = SourcePos {posLine = 419, posColumn = 32}}, locValue = TokenDelimiter DelimRightParen},Located {locSpan = SourceSpan {spanFilename = \"<input>\", spanStart = SourcePos {posLine = 419, posColumn = 1}, spanEnd = SourcePos {posLine = 420, posColumn = 1}}, locValue = TokenNewline},Located {locSpan = SourceSpan {spanFilename = \"<input>\", spanStart = SourcePos {posLine = 420, posColumn = 9}, spanEnd = SourcePos {posLine = 420, posColumn = 14}}, locValue = TokenIdent \"total\"},Located {locSpan = SourceSpan {spanFilename = \"<input>\", spanStart = SourcePos {posLine = 420, posColumn = 15}, spanEnd = SourcePos {posLine = 420, posColumn = 17}}, locValue = TokenOperator OpPlusAssign},Located {locSpan = SourceSpan {spanFilename = \"<input>\", spanStart = SourcePos {posLine = 420, posColumn = 18}, spanEnd = SourcePos {posLine = 420, posColumn = 29}}, locValue = TokenIdent \"function_13\"},Located {locSpan = SourceSpan {spanFilename = \"<input>\", spanStart = SourcePos {posLine = 420, posColumn = 29}, spanEnd = SourcePos {posLine = 420, posColumn = 30}}, locValue = TokenDelimiter DelimLeftParen},Located {locSpan = SourceSpan {spanFilename = \"<input>\", spanStart = SourcePos {posLine = 420, posColumn = 30}, spanEnd = SourcePos {posLine = 420, posColumn = 31}}, locValue = TokenIdent \"i\"},Located {locSpan = SourceSpan {spanFilename = \"<input>\", spanStart = SourcePos {posLine = 420, posColumn = 31}, spanEnd = SourcePos {posLine = 420, posColumn = 32}}, locValue = TokenDelimiter DelimRightParen},Located {locSpan = SourceSpan {spanFilename = \"<input>\", spanStart = SourcePos {posLine = 420, posColumn = 1}, spanEnd = SourcePos {posLine = 421, posColumn = 1}}, locValue = TokenNewline},Located {locSpan = SourceSpan {spanFilename = \"<input>\", spanStart = SourcePos {posLine = 421, posColumn = 9}, spanEnd = SourcePos {posLine = 421, posColumn = 14}}, locValue = TokenIdent \"total\"},Located {locSpan = SourceSpan {spanFilename = \"<input>\", spanStart = SourcePos {posLine = 421, posColumn = 15}, spanEnd = SourcePos {posLine = 421, posColumn = 17}}, locValue = TokenOperator OpPlusAssign},Located {locSpan = SourceSpan {spanFilename = \"<input>\", spanStart = SourcePos {posLine = 421, posColumn = 18}, spanEnd = SourcePos {posLine = 421, posColumn = 29}}, locValue = TokenIdent \"function_14\"},Located {locSpan = SourceSpan {spanFilename = \"<input>\", spanStart = SourcePos {posLine = 421, posColumn = 29}, spanEnd = SourcePos {posLine = 421, posColumn = 30}}, locValue = TokenDelimiter DelimLeftParen},Located {locSpan = SourceSpan {spanFilename = \"<input>\", spanStart = SourcePos {posLine = 421, posColumn = 30}, spanEnd = SourcePos {posLine = 421, posColumn = 31}}, locValue = TokenIdent \"i\"},Located {locSpan = SourceSpan {spanFilename = \"<input>\", spanStart = SourcePos {posLine = 421, posColumn = 31}, spanEnd = SourcePos {posLine = 421, posColumn = 32}}, locValue = TokenDelimiter DelimRightParen},Located {locSpan = SourceSpan {spanFilename = \"<input>\", spanStart = SourcePos {posLine = 421, posColumn = 1}, spanEnd = SourcePos {posLine = 422, posColumn = 1}}, locValue = TokenNewline},Located {locSpan = SourceSpan {spanFilename = \"<input>\", spanStart = SourcePos {posLine = 422, posColumn = 9}, spanEnd = SourcePos {posLine = 422, posColumn = 14}}, locValue = TokenIdent \"total\"},Located {locSpan = SourceSpan {spanFilename = \"<input>\", spanStart = SourcePos {posLine = 422, posColumn = 15}, spanEnd = SourcePos {posLine = 422, posColumn = 17}}, locValue = TokenOperator OpPlusAssign},Located {locSpan = SourceSpan {spanFilename = \"<input>\", spanStart = SourcePos {posLine = 422, posColumn = 18}, spanEnd = SourcePos {posLine = 422, posColumn = 29}}, locValue = TokenIdent \"function_15\"},Located {locSpan = SourceSpan {spanFilename = \"<input>\", spanStart = SourcePos {posLine = 422, posColumn = 29}, spanEnd = SourcePos {posLine = 422, posColumn = 30}}, locValue = TokenDelimiter DelimLeftParen},Located {locSpan = SourceSpan {spanFilename = \"<input>\", spanStart = SourcePos {posLine = 422, posColumn = 30}, spanEnd = SourcePos {posLine = 422, posColumn = 31}}, locValue = TokenIdent \"i\"},Located {locSpan = SourceSpan {spanFilename = \"<input>\", spanStart = SourcePos {posLine = 422, posColumn = 31}, spanEnd = SourcePos {posLine = 422, posColumn = 32}}, locValue = TokenDelimiter DelimRightParen},Located {locSpan = SourceSpan {spanFilename = \"<input>\", spanStart = SourcePos {posLine = 422, posColumn = 1}, spanEnd = SourcePos {posLine = 423, posColumn = 1}}, locValue = TokenNewline},Located {locSpan = SourceSpan {spanFilename = \"<input>\", spanStart = SourcePos {posLine = 423, posColumn = 9}, spanEnd = SourcePos {posLine = 423, posColumn = 14}}, locValue = TokenIdent \"total\"},Located {locSpan = SourceSpan {spanFilename = \"<input>\", spanStart = SourcePos {posLine = 423, posColumn = 15}, spanEnd = SourcePos {posLine = 423, posColumn = 17}}, locValue = TokenOperator OpPlusAssign},Located {locSpan = SourceSpan {spanFilename = \"<input>\", spanStart = SourcePos {posLine = 423, posColumn = 18}, spanEnd = SourcePos {posLine = 423, posColumn = 29}}, locValue = TokenIdent \"function_16\"},Located {locSpan = SourceSpan {spanFilename = \"<input>\", spanStart = SourcePos {posLine = 423, posColumn = 29}, spanEnd = SourcePos {posLine = 423, posColumn = 30}}, locValue = TokenDelimiter DelimLeftParen},Located {locSpan = SourceSpan {spanFilename = \"<input>\", spanStart = SourcePos {posLine = 423, posColumn = 30}, spanEnd = SourcePos {posLine = 423, posColumn = 31}}, locValue = TokenIdent \"i\"},Located {locSpan = SourceSpan {spanFilename = \"<input>\", spanStart = SourcePos {posLine = 423, posColumn = 31}, spanEnd = SourcePos {posLine = 423, posColumn = 32}}, locValue = TokenDelimiter DelimRightParen},Located {locSpan = SourceSpan {spanFilename = \"<input>\", spanStart = SourcePos {posLine = 423, posColumn = 1}, spanEnd = SourcePos {posLine = 424, posColumn = 1}}, locValue = TokenNewline},Located {locSpan = SourceSpan {spanFilename = \"<input>\", spanStart = SourcePos {posLine = 424, posColumn = 9}, spanEnd = SourcePos {posLine = 424, posColumn = 14}}, locValue = TokenIdent \"total\"},Located {locSpan = SourceSpan {spanFilename = \"<input>\", spanStart = SourcePos {posLine = 424, posColumn = 15}, spanEnd = SourcePos {posLine = 424, posColumn = 17}}, locValue = TokenOperator OpPlusAssign},Located {locSpan = SourceSpan {spanFilename = \"<input>\", spanStart = SourcePos {posLine = 424, posColumn = 18}, spanEnd = SourcePos {posLine = 424, posColumn = 29}}, locValue = TokenIdent \"function_17\"},Located {locSpan = SourceSpan {spanFilename = \"<input>\", spanStart = SourcePos {posLine = 424, posColumn = 29}, spanEnd = SourcePos {posLine = 424, posColumn = 30}}, locValue = TokenDelimiter DelimLeftParen},Located {locSpan = SourceSpan {spanFilename = \"<input>\", spanStart = SourcePos {posLine = 424, posColumn = 30}, spanEnd = SourcePos {posLine = 424, posColumn = 31}}, locValue = TokenIdent \"i\"},Located {locSpan = SourceSpan {spanFilename = \"<input>\", spanStart = SourcePos {posLine = 424, posColumn = 31}, spanEnd = SourcePos {posLine = 424, posColumn = 32}}, locValue = TokenDelimiter DelimRightParen},Located {locSpan = SourceSpan {spanFilename = \"<input>\", spanStart = SourcePos {posLine = 424, posColumn = 1}, spanEnd = SourcePos {posLine = 425, posColumn = 1}}, locValue = TokenNewline},Located {locSpan = SourceSpan {spanFilename = \"<input>\", spanStart = SourcePos {posLine = 425, posColumn = 9}, spanEnd = SourcePos {posLine = 425, posColumn = 14}}, locValue = TokenIdent \"total\"},Located {locSpan = SourceSpan {spanFilename = \"<input>\", spanStart = SourcePos {posLine = 425, posColumn = 15}, spanEnd = SourcePos {posLine = 425, posColumn = 17}}, locValue = TokenOperator OpPlusAssign},Located {locSpan = SourceSpan {spanFilename = \"<input>\", spanStart = SourcePos {posLine = 425, posColumn = 18}, spanEnd = SourcePos {posLine = 425, posColumn = 29}}, locValue = TokenIdent \"function_18\"},Located {locSpan = SourceSpan {spanFilename = \"<input>\", spanStart = SourcePos {posLine = 425, posColumn = 29}, spanEnd = SourcePos {posLine = 425, posColumn = 30}}, locValue = TokenDelimiter DelimLeftParen},Located {locSpan = SourceSpan {spanFilename = \"<input>\", spanStart = SourcePos {posLine = 425, posColumn = 30}, spanEnd = SourcePos {posLine = 425, posColumn = 31}}, locValue = TokenIdent \"i\"},Located {locSpan = SourceSpan {spanFilename = \"<input>\", spanStart = SourcePos {posLine = 425, posColumn = 31}, spanEnd = SourcePos {posLine = 425, posColumn = 32}}, locValue = TokenDelimiter DelimRightParen},Located {locSpan = SourceSpan {spanFilename = \"<input>\", spanStart = SourcePos {posLine = 425, posColumn = 1}, spanEnd = SourcePos {posLine = 426, posColumn = 1}}, locValue = TokenNewline},Located {locSpan = SourceSpan {spanFilename = \"<input>\", spanStart = SourcePos {posLine = 426, posColumn = 9}, spanEnd = SourcePos {posLine = 426, posColumn = 14}}, locValue = TokenIdent \"total\"},Located {locSpan = SourceSpan {spanFilename = \"<input>\", spanStart = SourcePos {posLine = 426, posColumn = 15}, spanEnd = SourcePos {posLine = 426, posColumn = 17}}, locValue = TokenOperator OpPlusAssign},Located {locSpan = SourceSpan {spanFilename = \"<input>\", spanStart = SourcePos {posLine = 426, posColumn = 18}, spanEnd = SourcePos {posLine = 426, posColumn = 29}}, locValue = TokenIdent \"function_19\"},Located {locSpan = SourceSpan {spanFilename = \"<input>\", spanStart = SourcePos {posLine = 426, posColumn = 29}, spanEnd = SourcePos {posLine = 426, posColumn = 30}}, locValue = TokenDelimiter DelimLeftParen},Located {locSpan = SourceSpan {spanFilename = \"<input>\", spanStart = SourcePos {posLine = 426, posColumn = 30}, spanEnd = SourcePos {posLine = 426, posColumn = 31}}, locValue = TokenIdent \"i\"},Located {locSpan = SourceSpan {spanFilename = \"<input>\", spanStart = SourcePos {posLine = 426, posColumn = 31}, spanEnd = SourcePos {posLine = 426, posColumn = 32}}, locValue = TokenDelimiter DelimRightParen},Located {locSpan = SourceSpan {spanFilename = \"<input>\", spanStart = SourcePos {posLine = 426, posColumn = 1}, spanEnd = SourcePos {posLine = 427, posColumn = 1}}, locValue = TokenNewline},Located {locSpan = SourceSpan {spanFilename = \"<input>\", spanStart = SourcePos {posLine = 427, posColumn = 9}, spanEnd = SourcePos {posLine = 427, posColumn = 14}}, locValue = TokenIdent \"total\"},Located {locSpan = SourceSpan {spanFilename = \"<input>\", spanStart = SourcePos {posLine = 427, posColumn = 15}, spanEnd = SourcePos {posLine = 427, posColumn = 17}}, locValue = TokenOperator OpPlusAssign},Located {locSpan = SourceSpan {spanFilename = \"<input>\", spanStart = SourcePos {posLine = 427, posColumn = 18}, spanEnd = SourcePos {posLine = 427, posColumn = 29}}, locValue = TokenIdent \"function_20\"},Located {locSpan = SourceSpan {spanFilename = \"<input>\", spanStart = SourcePos {posLine = 427, posColumn = 29}, spanEnd = SourcePos {posLine = 427, posColumn = 30}}, locValue = TokenDelimiter DelimLeftParen},Located {locSpan = SourceSpan {spanFilename = \"<input>\", spanStart = SourcePos {posLine = 427, posColumn = 30}, spanEnd = SourcePos {posLine = 427, posColumn = 31}}, locValue = TokenIdent \"i\"},Located {locSpan = SourceSpan {spanFilename = \"<input>\", spanStart = SourcePos {posLine = 427, posColumn = 31}, spanEnd = SourcePos {posLine = 427, posColumn = 32}}, locValue = TokenDelimiter DelimRightParen},Located {locSpan = SourceSpan {spanFilename = \"<input>\", spanStart = SourcePos {posLine = 427, posColumn = 1}, spanEnd = SourcePos {posLine = 428, posColumn = 1}}, locValue = TokenNewline},Located {locSpan = SourceSpan {spanFilename = \"<input>\", spanStart = SourcePos {posLine = 428, posColumn = 9}, spanEnd = SourcePos {posLine = 428, posColumn = 14}}, locValue = TokenIdent \"total\"},Located {locSpan = SourceSpan {spanFilename = \"<input>\", spanStart = SourcePos {posLine = 428, posColumn = 15}, spanEnd = SourcePos {posLine = 428, posColumn = 17}}, locValue = TokenOperator OpPlusAssign},Located {locSpan = SourceSpan {spanFilename = \"<input>\", spanStart = SourcePos {posLine = 428, posColumn = 18}, spanEnd = SourcePos {posLine = 428, posColumn = 29}}, locValue = TokenIdent \"function_21\"},Located {locSpan = SourceSpan {spanFilename = \"<input>\", spanStart = SourcePos {posLine = 428, posColumn = 29}, spanEnd = SourcePos {posLine = 428, posColumn = 30}}, locValue = TokenDelimiter DelimLeftParen},Located {locSpan = SourceSpan {spanFilename = \"<input>\", spanStart = SourcePos {posLine = 428, posColumn = 30}, spanEnd = SourcePos {posLine = 428, posColumn = 31}}, locValue = TokenIdent \"i\"},Located {locSpan = SourceSpan {spanFilename = \"<input>\", spanStart = SourcePos {posLine = 428, posColumn = 31}, spanEnd = SourcePos {posLine = 428, posColumn = 32}}, locValue = TokenDelimiter DelimRightParen},Located {locSpan = SourceSpan {spanFilename = \"<input>\", spanStart = SourcePos {posLine = 428, posColumn = 1}, spanEnd = SourcePos {posLine = 429, posColumn = 1}}, locValue = TokenNewline},Located {locSpan = SourceSpan {spanFilename = \"<input>\", spanStart = SourcePos {posLine = 429, posColumn = 9}, spanEnd = SourcePos {posLine = 429, posColumn = 14}}, locValue = TokenIdent \"total\"},Located {locSpan = SourceSpan {spanFilename = \"<input>\", spanStart = SourcePos {posLine = 429, posColumn = 15}, spanEnd = SourcePos {posLine = 429, posColumn = 17}}, locValue = TokenOperator OpPlusAssign},Located {locSpan = SourceSpan {spanFilename = \"<input>\", spanStart = SourcePos {posLine = 429, posColumn = 18}, spanEnd = SourcePos {posLine = 429, posColumn = 29}}, locValue = TokenIdent \"function_22\"},Located {locSpan = SourceSpan {spanFilename = \"<input>\", spanStart = SourcePos {posLine = 429, posColumn = 29}, spanEnd = SourcePos {posLine = 429, posColumn = 30}}, locValue = TokenDelimiter DelimLeftParen},Located {locSpan = SourceSpan {spanFilename = \"<input>\", spanStart = SourcePos {posLine = 429, posColumn = 30}, spanEnd = SourcePos {posLine = 429, posColumn = 31}}, locValue = TokenIdent \"i\"},Located {locSpan = SourceSpan {spanFilename = \"<input>\", spanStart = SourcePos {posLine = 429, posColumn = 31}, spanEnd = SourcePos {posLine = 429, posColumn = 32}}, locValue = TokenDelimiter DelimRightParen},Located {locSpan = SourceSpan {spanFilename = \"<input>\", spanStart = SourcePos {posLine = 429, posColumn = 1}, spanEnd = SourcePos {posLine = 430, posColumn = 1}}, locValue = TokenNewline},Located {locSpan = SourceSpan {spanFilename = \"<input>\", spanStart = SourcePos {posLine = 430, posColumn = 9}, spanEnd = SourcePos {posLine = 430, posColumn = 14}}, locValue = TokenIdent \"total\"},Located {locSpan = SourceSpan {spanFilename = \"<input>\", spanStart = SourcePos {posLine = 430, posColumn = 15}, spanEnd = SourcePos {posLine = 430, posColumn = 17}}, locValue = TokenOperator OpPlusAssign},Located {locSpan = SourceSpan {spanFilename = \"<input>\", spanStart = SourcePos {posLine = 430, posColumn = 18}, spanEnd = SourcePos {posLine = 430, posColumn = 29}}, locValue = TokenIdent \"function_23\"},Located {locSpan = SourceSpan {spanFilename = \"<input>\", spanStart = SourcePos {posLine = 430, posColumn = 29}, spanEnd = SourcePos {posLine = 430, posColumn = 30}}, locValue = TokenDelimiter DelimLeftParen},Located {locSpan = SourceSpan {spanFilename = \"<input>\", spanStart = SourcePos {posLine = 430, posColumn = 30}, spanEnd = SourcePos {posLine = 430, posColumn = 31}}, locValue = TokenIdent \"i\"},Located {locSpan = SourceSpan {spanFilename = \"<input>\", spanStart = SourcePos {posLine = 430, posColumn = 31}, spanEnd = SourcePos {posLine = 430, posColumn = 32}}, locValue = TokenDelimiter DelimRightParen},Located {locSpan = SourceSpan {spanFilename = \"<input>\", spanStart = SourcePos {posLine = 430, posColumn = 1}, spanEnd = SourcePos {posLine = 431, posColumn = 1}}, locValue = TokenNewline},Located {locSpan = SourceSpan {spanFilename = \"<input>\", spanStart = SourcePos {posLine = 431, posColumn = 9}, spanEnd = SourcePos {posLine = 431, posColumn = 14}}, locValue = TokenIdent \"total\"},Located {locSpan = SourceSpan {spanFilename = \"<input>\", spanStart = SourcePos {posLine = 431, posColumn = 15}, spanEnd = SourcePos {posLine = 431, posColumn = 17}}, locValue = TokenOperator OpPlusAssign},Located {locSpan = SourceSpan {spanFilename = \"<input>\", spanStart = SourcePos {posLine = 431, posColumn = 18}, spanEnd = SourcePos {posLine = 431, posColumn = 29}}, locValue = TokenIdent \"function_24\"},Located {locSpan = SourceSpan {spanFilename = \"<input>\", spanStart = SourcePos {posLine = 431, posColumn = 29}, spanEnd = SourcePos {posLine = 431, posColumn = 30}}, locValue = TokenDelimiter DelimLeftParen},Located {locSpan = SourceSpan {spanFilename = \"<input>\", spanStart = SourcePos {posLine = 431, posColumn = 30}, spanEnd = SourcePos {posLine = 431, posColumn = 31}}, locValue = TokenIdent \"i\"},Located {locSpan = SourceSpan {spanFilename = \"<input>\", spanStart = SourcePos {posLine = 431, posColumn = 31}, spanEnd = SourcePos {posLine = 431, posColumn = 32}}, locValue = TokenDelimiter DelimRightParen},Located {locSpan = SourceSpan {spanFilename = \"<input>\", spanStart = SourcePos {posLine = 431, posColumn = 1}, spanEnd = SourcePos {posLine = 432, posColumn = 1}}, locValue = TokenNewline},Located {locSpan = SourceSpan {spanFilename = \"<input>\", spanStart = SourcePos {posLine = 432, posColumn = 9}, spanEnd = SourcePos {posLine = 432, posColumn = 14}}, locValue = TokenIdent \"total\"},Located {locSpan = SourceSpan {spanFilename = \"<input>\", spanStart = SourcePos {posLine = 432, posColumn = 15}, spanEnd = SourcePos {posLine = 432, posColumn = 17}}, locValue = TokenOperator OpPlusAssign},Located {locSpan = SourceSpan {spanFilename = \"<input>\", spanStart = SourcePos {posLine = 432, posColumn = 18}, spanEnd = SourcePos {posLine = 432, posColumn = 29}}, locValue = TokenIdent \"function_25\"},Located {locSpan = SourceSpan {spanFilename = \"<input>\", spanStart = SourcePos {posLine = 432, posColumn = 29}, spanEnd = SourcePos {posLine = 432, posColumn = 30}}, locValue = TokenDelimiter DelimLeftParen},Located {locSpan = SourceSpan {spanFilename = \"<input>\", spanStart = SourcePos {posLine = 432, posColumn = 30}, spanEnd = SourcePos {posLine = 432, posColumn = 31}}, locValue = TokenIdent \"i\"},Located {locSpan = SourceSpan {spanFilename = \"<input>\", spanStart = SourcePos {posLine = 432, posColumn = 31}, spanEnd = SourcePos {posLine = 432, posColumn = 32}}, locValue = TokenDelimiter DelimRightParen},Located {locSpan = SourceSpan {spanFilename = \"<input>\", spanStart = SourcePos {posLine = 432, posColumn = 1}, spanEnd = SourcePos {posLine = 433, posColumn = 1}}, locValue = TokenNewline},Located {locSpan = SourceSpan {spanFilename = \"<input>\", spanStart = SourcePos {posLine = 433, posColumn = 9}, spanEnd = SourcePos {posLine = 433, posColumn = 14}}, locValue = TokenIdent \"total\"},Located {locSpan = SourceSpan {spanFilename = \"<input>\", spanStart = SourcePos {posLine = 433, posColumn = 15}, spanEnd = SourcePos {posLine = 433, posColumn = 17}}, locValue = TokenOperator OpPlusAssign},Located {locSpan = SourceSpan {spanFilename = \"<input>\", spanStart = SourcePos {posLine = 433, posColumn = 18}, spanEnd = SourcePos {posLine = 433, posColumn = 29}}, locValue = TokenIdent \"function_26\"},Located {locSpan = SourceSpan {spanFilename = \"<input>\", spanStart = SourcePos {posLine = 433, posColumn = 29}, spanEnd = SourcePos {posLine = 433, posColumn = 30}}, locValue = TokenDelimiter DelimLeftParen},Located {locSpan = SourceSpan {spanFilename = \"<input>\", spanStart = SourcePos {posLine = 433, posColumn = 30}, spanEnd = SourcePos {posLine = 433, posColumn = 31}}, locValue = TokenIdent \"i\"},Located {locSpan = SourceSpan {spanFilename = \"<input>\", spanStart = SourcePos {posLine = 433, posColumn = 31}, spanEnd = SourcePos {posLine = 433, posColumn = 32}}, locValue = TokenDelimiter DelimRightParen},Located {locSpan = SourceSpan {spanFilename = \"<input>\", spanStart = SourcePos {posLine = 433, posColumn = 1}, spanEnd = SourcePos {posLine = 434, posColumn = 1}}, locValue = TokenNewline},Located {locSpan = SourceSpan {spanFilename = \"<input>\", spanStart = SourcePos {posLine = 434, posColumn = 9}, spanEnd = SourcePos {posLine = 434, posColumn = 14}}, locValue = TokenIdent \"total\"},Located {locSpan = SourceSpan {spanFilename = \"<input>\", spanStart = SourcePos {posLine = 434, posColumn = 15}, spanEnd = SourcePos {posLine = 434, posColumn = 17}}, locValue = TokenOperator OpPlusAssign},Located {locSpan = SourceSpan {spanFilename = \"<input>\", spanStart = SourcePos {posLine = 434, posColumn = 18}, spanEnd = SourcePos {posLine = 434, posColumn = 29}}, locValue = TokenIdent \"function_27\"},Located {locSpan = SourceSpan {spanFilename = \"<input>\", spanStart = SourcePos {posLine = 434, posColumn = 29}, spanEnd = SourcePos {posLine = 434, posColumn = 30}}, locValue = TokenDelimiter DelimLeftParen},Located {locSpan = SourceSpan {spanFilename = \"<input>\", spanStart = SourcePos {posLine = 434, posColumn = 30}, spanEnd = SourcePos {posLine = 434, posColumn = 31}}, locValue = TokenIdent \"i\"},Located {locSpan = SourceSpan {spanFilename = \"<input>\", spanStart = SourcePos {posLine = 434, posColumn = 31}, spanEnd = SourcePos {posLine = 434, posColumn = 32}}, locValue = TokenDelimiter DelimRightParen},Located {locSpan = SourceSpan {spanFilename = \"<input>\", spanStart = SourcePos {posLine = 434, posColumn = 1}, spanEnd = SourcePos {posLine = 435, posColumn = 1}}, locValue = TokenNewline},Located {locSpan = SourceSpan {spanFilename = \"<input>\", spanStart = SourcePos {posLine = 435, posColumn = 9}, spanEnd = SourcePos {posLine = 435, posColumn = 14}}, locValue = TokenIdent \"total\"},Located {locSpan = SourceSpan {spanFilename = \"<input>\", spanStart = SourcePos {posLine = 435, posColumn = 15}, spanEnd = SourcePos {posLine = 435, posColumn = 17}}, locValue = TokenOperator OpPlusAssign},Located {locSpan = SourceSpan {spanFilename = \"<input>\", spanStart = SourcePos {posLine = 435, posColumn = 18}, spanEnd = SourcePos {posLine = 435, posColumn = 29}}, locValue = TokenIdent \"function_28\"},Located {locSpan = SourceSpan {spanFilename = \"<input>\", spanStart = SourcePos {posLine = 435, posColumn = 29}, spanEnd = SourcePos {posLine = 435, posColumn = 30}}, locValue = TokenDelimiter DelimLeftParen},Located {locSpan = SourceSpan {spanFilename = \"<input>\", spanStart = SourcePos {posLine = 435, posColumn = 30}, spanEnd = SourcePos {posLine = 435, posColumn = 31}}, locValue = TokenIdent \"i\"},Located {locSpan = SourceSpan {spanFilename = \"<input>\", spanStart = SourcePos {posLine = 435, posColumn = 31}, spanEnd = SourcePos {posLine = 435, posColumn = 32}}, locValue = TokenDelimiter DelimRightParen},Located {locSpan = SourceSpan {spanFilename = \"<input>\", spanStart = SourcePos {posLine = 435, posColumn = 1}, spanEnd = SourcePos {posLine = 436, posColumn = 1}}, locValue = TokenNewline},Located {locSpan = SourceSpan {spanFilename = \"<input>\", spanStart = SourcePos {posLine = 436, posColumn = 9}, spanEnd = SourcePos {posLine = 436, posColumn = 14}}, locValue = TokenIdent \"total\"},Located {locSpan = SourceSpan {spanFilename = \"<input>\", spanStart = SourcePos {posLine = 436, posColumn = 15}, spanEnd = SourcePos {posLine = 436, posColumn = 17}}, locValue = TokenOperator OpPlusAssign},Located {locSpan = SourceSpan {spanFilename = \"<input>\", spanStart = SourcePos {posLine = 436, posColumn = 18}, spanEnd = SourcePos {posLine = 436, posColumn = 29}}, locValue = TokenIdent \"function_29\"},Located {locSpan = SourceSpan {spanFilename = \"<input>\", spanStart = SourcePos {posLine = 436, posColumn = 29}, spanEnd = SourcePos {posLine = 436, posColumn = 30}}, locValue = TokenDelimiter DelimLeftParen},Located {locSpan = SourceSpan {spanFilename = \"<input>\", spanStart = SourcePos {posLine = 436, posColumn = 30}, spanEnd = SourcePos {posLine = 436, posColumn = 31}}, locValue = TokenIdent \"i\"},Located {locSpan = SourceSpan {spanFilename = \"<input>\", spanStart = SourcePos {posLine = 436, posColumn = 31}, spanEnd = SourcePos {posLine = 436, posColumn = 32}}, locValue = TokenDelimiter DelimRightParen},Located {locSpan = SourceSpan {spanFilename = \"<input>\", spanStart = SourcePos {posLine = 436, posColumn = 1}, spanEnd = SourcePos {posLine = 437, posColumn = 1}}, locValue = TokenNewline},Located {locSpan = SourceSpan {spanFilename = \"<input>\", spanStart = SourcePos {posLine = 437, posColumn = 9}, spanEnd = SourcePos {posLine = 437, posColumn = 14}}, locValue = TokenIdent \"total\"},Located {locSpan = SourceSpan {spanFilename = \"<input>\", spanStart = SourcePos {posLine = 437, posColumn = 15}, spanEnd = SourcePos {posLine = 437, posColumn = 17}}, locValue = TokenOperator OpPlusAssign},Located {locSpan = SourceSpan {spanFilename = \"<input>\", spanStart = SourcePos {posLine = 437, posColumn = 18}, spanEnd = SourcePos {posLine = 437, posColumn = 29}}, locValue = TokenIdent \"function_30\"},Located {locSpan = SourceSpan {spanFilename = \"<input>\", spanStart = SourcePos {posLine = 437, posColumn = 29}, spanEnd = SourcePos {posLine = 437, posColumn = 30}}, locValue = TokenDelimiter DelimLeftParen},Located {locSpan = SourceSpan {spanFilename = \"<input>\", spanStart = SourcePos {posLine = 437, posColumn = 30}, spanEnd = SourcePos {posLine = 437, posColumn = 31}}, locValue = TokenIdent \"i\"},Located {locSpan = SourceSpan {spanFilename = \"<input>\", spanStart = SourcePos {posLine = 437, posColumn = 31}, spanEnd = SourcePos {posLine = 437, posColumn = 32}}, locValue = TokenDelimiter DelimRightParen},Located {locSpan = SourceSpan {spanFilename = \"<input>\", spanStart = SourcePos {posLine = 437, posColumn = 1}, spanEnd = SourcePos {posLine = 438, posColumn = 1}}, locValue = TokenNewline},Located {locSpan = SourceSpan {spanFilename = \"<input>\", spanStart = SourcePos {posLine = 438, posColumn = 9}, spanEnd = SourcePos {posLine = 438, posColumn = 14}}, locValue = TokenIdent \"total\"},Located {locSpan = SourceSpan {spanFilename = \"<input>\", spanStart = SourcePos {posLine = 438, posColumn = 15}, spanEnd = SourcePos {posLine = 438, posColumn = 17}}, locValue = TokenOperator OpPlusAssign},Located {locSpan = SourceSpan {spanFilename = \"<input>\", spanStart = SourcePos {posLine = 438, posColumn = 18}, spanEnd = SourcePos {posLine = 438, posColumn = 29}}, locValue = TokenIdent \"function_31\"},Located {locSpan = SourceSpan {spanFilename = \"<input>\", spanStart = SourcePos {posLine = 438, posColumn = 29}, spanEnd = SourcePos {posLine = 438, posColumn = 30}}, locValue = TokenDelimiter DelimLeftParen},Located {locSpan = SourceSpan {spanFilename = \"<input>\", spanStart = SourcePos {posLine = 438, posColumn = 30}, spanEnd = SourcePos {posLine = 438, posColumn = 31}}, locValue = TokenIdent \"i\"},Located {locSpan = SourceSpan {spanFilename = \"<input>\", spanStart = SourcePos {posLine = 438, posColumn = 31}, spanEnd = SourcePos {posLine = 438, posColumn = 32}}, locValue = TokenDelimiter DelimRightParen},Located {locSpan = SourceSpan {spanFilename = \"<input>\", spanStart = SourcePos {posLine = 438, posColumn = 1}, spanEnd = SourcePos {posLine = 439, posColumn = 1}}, locValue = TokenNewline},Located {locSpan = SourceSpan {spanFilename = \"<input>\", spanStart = SourcePos {posLine = 439, posColumn = 9}, spanEnd = SourcePos {posLine = 439, posColumn = 14}}, locValue = TokenIdent \"total\"},Located {locSpan = SourceSpan {spanFilename = \"<input>\", spanStart = SourcePos {posLine = 439, posColumn = 15}, spanEnd = SourcePos {posLine = 439, posColumn = 17}}, locValue = TokenOperator OpPlusAssign},Located {locSpan = SourceSpan {spanFilename = \"<input>\", spanStart = SourcePos {posLine = 439, posColumn = 18}, spanEnd = SourcePos {posLine = 439, posColumn = 29}}, locValue = TokenIdent \"function_32\"},Located {locSpan = SourceSpan {spanFilename = \"<input>\", spanStart = SourcePos {posLine = 439, posColumn = 29}, spanEnd = SourcePos {posLine = 439, posColumn = 30}}, locValue = TokenDelimiter DelimLeftParen},Located {locSpan = SourceSpan {spanFilename = \"<input>\", spanStart = SourcePos {posLine = 439, posColumn = 30}, spanEnd = SourcePos {posLine = 439, posColumn = 31}}, locValue = TokenIdent \"i\"},Located {locSpan = SourceSpan {spanFilename = \"<input>\", spanStart = SourcePos {posLine = 439, posColumn = 31}, spanEnd = SourcePos {posLine = 439, posColumn = 32}}, locValue = TokenDelimiter DelimRightParen},Located {locSpan = SourceSpan {spanFilename = \"<input>\", spanStart = SourcePos {posLine = 439, posColumn = 1}, spanEnd = SourcePos {posLine = 440, posColumn = 1}}, locValue = TokenNewline},Located {locSpan = SourceSpan {spanFilename = \"<input>\", spanStart = SourcePos {posLine = 440, posColumn = 9}, spanEnd = SourcePos {posLine = 440, posColumn = 14}}, locValue = TokenIdent \"total\"},Located {locSpan = SourceSpan {spanFilename = \"<input>\", spanStart = SourcePos {posLine = 440, posColumn = 15}, spanEnd = SourcePos {posLine = 440, posColumn = 17}}, locValue = TokenOperator OpPlusAssign},Located {locSpan = SourceSpan {spanFilename = \"<input>\", spanStart = SourcePos {posLine = 440, posColumn = 18}, spanEnd = SourcePos {posLine = 440, posColumn = 29}}, locValue = TokenIdent \"function_33\"},Located {locSpan = SourceSpan {spanFilename = \"<input>\", spanStart = SourcePos {posLine = 440, posColumn = 29}, spanEnd = SourcePos {posLine = 440, posColumn = 30}}, locValue = TokenDelimiter DelimLeftParen},Located {locSpan = SourceSpan {spanFilename = \"<input>\", spanStart = SourcePos {posLine = 440, posColumn = 30}, spanEnd = SourcePos {posLine = 440, posColumn = 31}}, locValue = TokenIdent \"i\"},Located {locSpan = SourceSpan {spanFilename = \"<input>\", spanStart = SourcePos {posLine = 440, posColumn = 31}, spanEnd = SourcePos {posLine = 440, posColumn = 32}}, locValue = TokenDelimiter DelimRightParen},Located {locSpan = SourceSpan {spanFilename = \"<input>\", spanStart = SourcePos {posLine = 440, posColumn = 1}, spanEnd = SourcePos {posLine = 441, posColumn = 1}}, locValue = TokenNewline},Located {locSpan = SourceSpan {spanFilename = \"<input>\", spanStart = SourcePos {posLine = 441, posColumn = 9}, spanEnd = SourcePos {posLine = 441, posColumn = 14}}, locValue = TokenIdent \"total\"},Located {locSpan = SourceSpan {spanFilename = \"<input>\", spanStart = SourcePos {posLine = 441, posColumn = 15}, spanEnd = SourcePos {posLine = 441, posColumn = 17}}, locValue = TokenOperator OpPlusAssign},Located {locSpan = SourceSpan {spanFilename = \"<input>\", spanStart = SourcePos {posLine = 441, posColumn = 18}, spanEnd = SourcePos {posLine = 441, posColumn = 29}}, locValue = TokenIdent \"function_34\"},Located {locSpan = SourceSpan {spanFilename = \"<input>\", spanStart = SourcePos {posLine = 441, posColumn = 29}, spanEnd = SourcePos {posLine = 441, posColumn = 30}}, locValue = TokenDelimiter DelimLeftParen},Located {locSpan = SourceSpan {spanFilename = \"<input>\", spanStart = SourcePos {posLine = 441, posColumn = 30}, spanEnd = SourcePos {posLine = 441, posColumn = 31}}, locValue = TokenIdent \"i\"},Located {locSpan = SourceSpan {spanFilename = \"<input>\", spanStart = SourcePos {posLine = 441, posColumn = 31}, spanEnd = SourcePos {posLine = 441, posColumn = 32}}, locValue = TokenDelimiter DelimRightParen},Located {locSpan = SourceSpan {spanFilename = \"<input>\", spanStart = SourcePos {posLine = 441, posColumn = 1}, spanEnd = SourcePos {posLine = 442, posColumn = 1}}, locValue = TokenNewline},Located {locSpan = SourceSpan {spanFilename = \"<input>\", spanStart = SourcePos {posLine = 442, posColumn = 9}, spanEnd = SourcePos {posLine = 442, posColumn = 14}}, locValue = TokenIdent \"total\"},Located {locSpan = SourceSpan {spanFilename = \"<input>\", spanStart = SourcePos {posLine = 442, posColumn = 15}, spanEnd = SourcePos {posLine = 442, posColumn = 17}}, locValue = TokenOperator OpPlusAssign},Located {locSpan = SourceSpan {spanFilename = \"<input>\", spanStart = SourcePos {posLine = 442, posColumn = 18}, spanEnd = SourcePos {posLine = 442, posColumn = 29}}, locValue = TokenIdent \"function_35\"},Located {locSpan = SourceSpan {spanFilename = \"<input>\", spanStart = SourcePos {posLine = 442, posColumn = 29}, spanEnd = SourcePos {posLine = 442, posColumn = 30}}, locValue = TokenDelimiter DelimLeftParen},Located {locSpan = SourceSpan {spanFilename = \"<input>\", spanStart = SourcePos {posLine = 442, posColumn = 30}, spanEnd = SourcePos {posLine = 442, posColumn = 31}}, locValue = TokenIdent \"i\"},Located {locSpan = SourceSpan {spanFilename = \"<input>\", spanStart = SourcePos {posLine = 442, posColumn = 31}, spanEnd = SourcePos {posLine = 442, posColumn = 32}}, locValue = TokenDelimiter DelimRightParen},Located {locSpan = SourceSpan {spanFilename = \"<input>\", spanStart = SourcePos {posLine = 442, posColumn = 1}, spanEnd = SourcePos {posLine = 443, posColumn = 1}}, locValue = TokenNewline},Located {locSpan = SourceSpan {spanFilename = \"<input>\", spanStart = SourcePos {posLine = 443, posColumn = 9}, spanEnd = SourcePos {posLine = 443, posColumn = 14}}, locValue = TokenIdent \"total\"},Located {locSpan = SourceSpan {spanFilename = \"<input>\", spanStart = SourcePos {posLine = 443, posColumn = 15}, spanEnd = SourcePos {posLine = 443, posColumn = 17}}, locValue = TokenOperator OpPlusAssign},Located {locSpan = SourceSpan {spanFilename = \"<input>\", spanStart = SourcePos {posLine = 443, posColumn = 18}, spanEnd = SourcePos {posLine = 443, posColumn = 29}}, locValue = TokenIdent \"function_36\"},Located {locSpan = SourceSpan {spanFilename = \"<input>\", spanStart = SourcePos {posLine = 443, posColumn = 29}, spanEnd = SourcePos {posLine = 443, posColumn = 30}}, locValue = TokenDelimiter DelimLeftParen},Located {locSpan = SourceSpan {spanFilename = \"<input>\", spanStart = SourcePos {posLine = 443, posColumn = 30}, spanEnd = SourcePos {posLine = 443, posColumn = 31}}, locValue = TokenIdent \"i\"},Located {locSpan = SourceSpan {spanFilename = \"<input>\", spanStart = SourcePos {posLine = 443, posColumn = 31}, spanEnd = SourcePos {posLine = 443, posColumn = 32}}, locValue = TokenDelimiter DelimRightParen},Located {locSpan = SourceSpan {spanFilename = \"<input>\", spanStart = SourcePos {posLine = 443, posColumn = 1}, spanEnd = SourcePos {posLine = 444, posColumn = 1}}, locValue = TokenNewline},Located {locSpan = SourceSpan {spanFilename = \"<input>\", spanStart = SourcePos {posLine = 444, posColumn = 9}, spanEnd = SourcePos {posLine = 444, posColumn = 14}}, locValue = TokenIdent \"total\"},Located {locSpan = SourceSpan {spanFilename = \"<input>\", spanStart = SourcePos {posLine = 444, posColumn = 15}, spanEnd = SourcePos {posLine = 444, posColumn = 17}}, locValue = TokenOperator OpPlusAssign},Located {locSpan = SourceSpan {spanFilename = \"<input>\", spanStart = SourcePos {posLine = 444, posColumn = 18}, spanEnd = SourcePos {posLine = 444, posColumn = 29}}, locValue = TokenIdent \"function_37\"},Located {locSpan = SourceSpan {spanFilename = \"<input>\", spanStart = SourcePos {posLine = 444, posColumn = 29}, spanEnd = SourcePos {posLine = 444, posColumn = 30}}, locValue = TokenDelimiter DelimLeftParen},Located {locSpan = SourceSpan {spanFilename = \"<input>\", spanStart = SourcePos {posLine = 444, posColumn = 30}, spanEnd = SourcePos {posLine = 444, posColumn = 31}}, locValue = TokenIdent \"i\"},Located {locSpan = SourceSpan {spanFilename = \"<input>\", spanStart = SourcePos {posLine = 444, posColumn = 31}, spanEnd = SourcePos {posLine = 444, posColumn = 32}}, locValue = TokenDelimiter DelimRightParen},Located {locSpan = SourceSpan {spanFilename = \"<input>\", spanStart = SourcePos {posLine = 444, posColumn = 1}, spanEnd = SourcePos {posLine = 445, posColumn = 1}}, locValue = TokenNewline},Located {locSpan = SourceSpan {spanFilename = \"<input>\", spanStart = SourcePos {posLine = 445, posColumn = 9}, spanEnd = SourcePos {posLine = 445, posColumn = 14}}, locValue = TokenIdent \"total\"},Located {locSpan = SourceSpan {spanFilename = \"<input>\", spanStart = SourcePos {posLine = 445, posColumn = 15}, spanEnd = SourcePos {posLine = 445, posColumn = 17}}, locValue = TokenOperator OpPlusAssign},Located {locSpan = SourceSpan {spanFilename = \"<input>\", spanStart = SourcePos {posLine = 445, posColumn = 18}, spanEnd = SourcePos {posLine = 445, posColumn = 29}}, locValue = TokenIdent \"function_38\"},Located {locSpan = SourceSpan {spanFilename = \"<input>\", spanStart = SourcePos {posLine = 445, posColumn = 29}, spanEnd = SourcePos {posLine = 445, posColumn = 30}}, locValue = TokenDelimiter DelimLeftParen},Located {locSpan = SourceSpan {spanFilename = \"<input>\", spanStart = SourcePos {posLine = 445, posColumn = 30}, spanEnd = SourcePos {posLine = 445, posColumn = 31}}, locValue = TokenIdent \"i\"},Located {locSpan = SourceSpan {spanFilename = \"<input>\", spanStart = SourcePos {posLine = 445, posColumn = 31}, spanEnd = SourcePos {posLine = 445, posColumn = 32}}, locValue = TokenDelimiter DelimRightParen},Located {locSpan = SourceSpan {spanFilename = \"<input>\", spanStart = SourcePos {posLine = 445, posColumn = 1}, spanEnd = SourcePos {posLine = 446, posColumn = 1}}, locValue = TokenNewline},Located {locSpan = SourceSpan {spanFilename = \"<input>\", spanStart = SourcePos {posLine = 446, posColumn = 9}, spanEnd = SourcePos {posLine = 446, posColumn = 14}}, locValue = TokenIdent \"total\"},Located {locSpan = SourceSpan {spanFilename = \"<input>\", spanStart = SourcePos {posLine = 446, posColumn = 15}, spanEnd = SourcePos {posLine = 446, posColumn = 17}}, locValue = TokenOperator OpPlusAssign},Located {locSpan = SourceSpan {spanFilename = \"<input>\", spanStart = SourcePos {posLine = 446, posColumn = 18}, spanEnd = SourcePos {posLine = 446, posColumn = 29}}, locValue = TokenIdent \"function_39\"},Located {locSpan = SourceSpan {spanFilename = \"<input>\", spanStart = SourcePos {posLine = 446, posColumn = 29}, spanEnd = SourcePos {posLine = 446, posColumn = 30}}, locValue = TokenDelimiter DelimLeftParen},Located {locSpan = SourceSpan {spanFilename = \"<input>\", spanStart = SourcePos {posLine = 446, posColumn = 30}, spanEnd = SourcePos {posLine = 446, posColumn = 31}}, locValue = TokenIdent \"i\"},Located {locSpan = SourceSpan {spanFilename = \"<input>\", spanStart = SourcePos {posLine = 446, posColumn = 31}, spanEnd = SourcePos {posLine = 446, posColumn = 32}}, locValue = TokenDelimiter DelimRightParen},Located {locSpan = SourceSpan {spanFilename = \"<input>\", spanStart = SourcePos {posLine = 446, posColumn = 1}, spanEnd = SourcePos {posLine = 447, posColumn = 1}}, locValue = TokenNewline},Located {locSpan = SourceSpan {spanFilename = \"<input>\", spanStart = SourcePos {posLine = 447, posColumn = 9}, spanEnd = SourcePos {posLine = 447, posColumn = 14}}, locValue = TokenIdent \"total\"},Located {locSpan = SourceSpan {spanFilename = \"<input>\", spanStart = SourcePos {posLine = 447, posColumn = 15}, spanEnd = SourcePos {posLine = 447, posColumn = 17}}, locValue = TokenOperator OpPlusAssign},Located {locSpan = SourceSpan {spanFilename = \"<input>\", spanStart = SourcePos {posLine = 447, posColumn = 18}, spanEnd = SourcePos {posLine = 447, posColumn = 29}}, locValue = TokenIdent \"function_40\"},Located {locSpan = SourceSpan {spanFilename = \"<input>\", spanStart = SourcePos {posLine = 447, posColumn = 29}, spanEnd = SourcePos {posLine = 447, posColumn = 30}}, locValue = TokenDelimiter DelimLeftParen},Located {locSpan = SourceSpan {spanFilename = \"<input>\", spanStart = SourcePos {posLine = 447, posColumn = 30}, spanEnd = SourcePos {posLine = 447, posColumn = 31}}, locValue = TokenIdent \"i\"},Located {locSpan = SourceSpan {spanFilename = \"<input>\", spanStart = SourcePos {posLine = 447, posColumn = 31}, spanEnd = SourcePos {posLine = 447, posColumn = 32}}, locValue = TokenDelimiter DelimRightParen},Located {locSpan = SourceSpan {spanFilename = \"<input>\", spanStart = SourcePos {posLine = 447, posColumn = 1}, spanEnd = SourcePos {posLine = 448, posColumn = 1}}, locValue = TokenNewline},Located {locSpan = SourceSpan {spanFilename = \"<input>\", spanStart = SourcePos {posLine = 448, posColumn = 9}, spanEnd = SourcePos {posLine = 448, posColumn = 14}}, locValue = TokenIdent \"total\"},Located {locSpan = SourceSpan {spanFilename = \"<input>\", spanStart = SourcePos {posLine = 448, posColumn = 15}, spanEnd = SourcePos {posLine = 448, posColumn = 17}}, locValue = TokenOperator OpPlusAssign},Located {locSpan = SourceSpan {spanFilename = \"<input>\", spanStart = SourcePos {posLine = 448, posColumn = 18}, spanEnd = SourcePos {posLine = 448, posColumn = 29}}, locValue = TokenIdent \"function_41\"},Located {locSpan = SourceSpan {spanFilename = \"<input>\", spanStart = SourcePos {posLine = 448, posColumn = 29}, spanEnd = SourcePos {posLine = 448, posColumn = 30}}, locValue = TokenDelimiter DelimLeftParen},Located {locSpan = SourceSpan {spanFilename = \"<input>\", spanStart = SourcePos {posLine = 448, posColumn = 30}, spanEnd = SourcePos {posLine = 448, posColumn = 31}}, locValue = TokenIdent \"i\"},Located {locSpan = SourceSpan {spanFilename = \"<input>\", spanStart = SourcePos {posLine = 448, posColumn = 31}, spanEnd = SourcePos {posLine = 448, posColumn = 32}}, locValue = TokenDelimiter DelimRightParen},Located {locSpan = SourceSpan {spanFilename = \"<input>\", spanStart = SourcePos {posLine = 448, posColumn = 1}, spanEnd = SourcePos {posLine = 449, posColumn = 1}}, locValue = TokenNewline},Located {locSpan = SourceSpan {spanFilename = \"<input>\", spanStart = SourcePos {posLine = 449, posColumn = 9}, spanEnd = SourcePos {posLine = 449, posColumn = 14}}, locValue = TokenIdent \"total\"},Located {locSpan = SourceSpan {spanFilename = \"<input>\", spanStart = SourcePos {posLine = 449, posColumn = 15}, spanEnd = SourcePos {posLine = 449, posColumn = 17}}, locValue = TokenOperator OpPlusAssign},Located {locSpan = SourceSpan {spanFilename = \"<input>\", spanStart = SourcePos {posLine = 449, posColumn = 18}, spanEnd = SourcePos {posLine = 449, posColumn = 29}}, locValue = TokenIdent \"function_42\"},Located {locSpan = SourceSpan {spanFilename = \"<input>\", spanStart = SourcePos {posLine = 449, posColumn = 29}, spanEnd = SourcePos {posLine = 449, posColumn = 30}}, locValue = TokenDelimiter DelimLeftParen},Located {locSpan = SourceSpan {spanFilename = \"<input>\", spanStart = SourcePos {posLine = 449, posColumn = 30}, spanEnd = SourcePos {posLine = 449, posColumn = 31}}, locValue = TokenIdent \"i\"},Located {locSpan = SourceSpan {spanFilename = \"<input>\", spanStart = SourcePos {posLine = 449, posColumn = 31}, spanEnd = SourcePos {posLine = 449, posColumn = 32}}, locValue = TokenDelimiter DelimRightParen},Located {locSpan = SourceSpan {spanFilename = \"<input>\", spanStart = SourcePos {posLine = 449, posColumn = 1}, spanEnd = SourcePos {posLine = 450, posColumn = 1}}, locValue = TokenNewline},Located {locSpan = SourceSpan {spanFilename = \"<input>\", spanStart = SourcePos {posLine = 450, posColumn = 9}, spanEnd = SourcePos {posLine = 450, posColumn = 14}}, locValue = TokenIdent \"total\"},Located {locSpan = SourceSpan {spanFilename = \"<input>\", spanStart = SourcePos {posLine = 450, posColumn = 15}, spanEnd = SourcePos {posLine = 450, posColumn = 17}}, locValue = TokenOperator OpPlusAssign},Located {locSpan = SourceSpan {spanFilename = \"<input>\", spanStart = SourcePos {posLine = 450, posColumn = 18}, spanEnd = SourcePos {posLine = 450, posColumn = 29}}, locValue = TokenIdent \"function_43\"},Located {locSpan = SourceSpan {spanFilename = \"<input>\", spanStart = SourcePos {posLine = 450, posColumn = 29}, spanEnd = SourcePos {posLine = 450, posColumn = 30}}, locValue = TokenDelimiter DelimLeftParen},Located {locSpan = SourceSpan {spanFilename = \"<input>\", spanStart = SourcePos {posLine = 450, posColumn = 30}, spanEnd = SourcePos {posLine = 450, posColumn = 31}}, locValue = TokenIdent \"i\"},Located {locSpan = SourceSpan {spanFilename = \"<input>\", spanStart = SourcePos {posLine = 450, posColumn = 31}, spanEnd = SourcePos {posLine = 450, posColumn = 32}}, locValue = TokenDelimiter DelimRightParen},Located {locSpan = SourceSpan {spanFilename = \"<input>\", spanStart = SourcePos {posLine = 450, posColumn = 1}, spanEnd = SourcePos {posLine = 451, posColumn = 1}}, locValue = TokenNewline},Located {locSpan = SourceSpan {spanFilename = \"<input>\", spanStart = SourcePos {posLine = 451, posColumn = 9}, spanEnd = SourcePos {posLine = 451, posColumn = 14}}, locValue = TokenIdent \"total\"},Located {locSpan = SourceSpan {spanFilename = \"<input>\", spanStart = SourcePos {posLine = 451, posColumn = 15}, spanEnd = SourcePos {posLine = 451, posColumn = 17}}, locValue = TokenOperator OpPlusAssign},Located {locSpan = SourceSpan {spanFilename = \"<input>\", spanStart = SourcePos {posLine = 451, posColumn = 18}, spanEnd = SourcePos {posLine = 451, posColumn = 29}}, locValue = TokenIdent \"function_44\"},Located {locSpan = SourceSpan {spanFilename = \"<input>\", spanStart = SourcePos {posLine = 451, posColumn = 29}, spanEnd = SourcePos {posLine = 451, posColumn = 30}}, locValue = TokenDelimiter DelimLeftParen},Located {locSpan = SourceSpan {spanFilename = \"<input>\", spanStart = SourcePos {posLine = 451, posColumn = 30}, spanEnd = SourcePos {posLine = 451, posColumn = 31}}, locValue = TokenIdent \"i\"},Located {locSpan = SourceSpan {spanFilename = \"<input>\", spanStart = SourcePos {posLine = 451, posColumn = 31}, spanEnd = SourcePos {posLine = 451, posColumn = 32}}, locValue = TokenDelimiter DelimRightParen},Located {locSpan = SourceSpan {spanFilename = \"<input>\", spanStart = SourcePos {posLine = 451, posColumn = 1}, spanEnd = SourcePos {posLine = 452, posColumn = 1}}, locValue = TokenNewline},Located {locSpan = SourceSpan {spanFilename = \"<input>\", spanStart = SourcePos {posLine = 452, posColumn = 9}, spanEnd = SourcePos {posLine = 452, posColumn = 14}}, locValue = TokenIdent \"total\"},Located {locSpan = SourceSpan {spanFilename = \"<input>\", spanStart = SourcePos {posLine = 452, posColumn = 15}, spanEnd = SourcePos {posLine = 452, posColumn = 17}}, locValue = TokenOperator OpPlusAssign},Located {locSpan = SourceSpan {spanFilename = \"<input>\", spanStart = SourcePos {posLine = 452, posColumn = 18}, spanEnd = SourcePos {posLine = 452, posColumn = 29}}, locValue = TokenIdent \"function_45\"},Located {locSpan = SourceSpan {spanFilename = \"<input>\", spanStart = SourcePos {posLine = 452, posColumn = 29}, spanEnd = SourcePos {posLine = 452, posColumn = 30}}, locValue = TokenDelimiter DelimLeftParen},Located {locSpan = SourceSpan {spanFilename = \"<input>\", spanStart = SourcePos {posLine = 452, posColumn = 30}, spanEnd = SourcePos {posLine = 452, posColumn = 31}}, locValue = TokenIdent \"i\"},Located {locSpan = SourceSpan {spanFilename = \"<input>\", spanStart = SourcePos {posLine = 452, posColumn = 31}, spanEnd = SourcePos {posLine = 452, posColumn = 32}}, locValue = TokenDelimiter DelimRightParen},Located {locSpan = SourceSpan {spanFilename = \"<input>\", spanStart = SourcePos {posLine = 452, posColumn = 1}, spanEnd = SourcePos {posLine = 453, posColumn = 1}}, locValue = TokenNewline},Located {locSpan = SourceSpan {spanFilename = \"<input>\", spanStart = SourcePos {posLine = 453, posColumn = 9}, spanEnd = SourcePos {posLine = 453, posColumn = 14}}, locValue = TokenIdent \"total\"},Located {locSpan = SourceSpan {spanFilename = \"<input>\", spanStart = SourcePos {posLine = 453, posColumn = 15}, spanEnd = SourcePos {posLine = 453, posColumn = 17}}, locValue = TokenOperator OpPlusAssign},Located {locSpan = SourceSpan {spanFilename = \"<input>\", spanStart = SourcePos {posLine = 453, posColumn = 18}, spanEnd = SourcePos {posLine = 453, posColumn = 29}}, locValue = TokenIdent \"function_46\"},Located {locSpan = SourceSpan {spanFilename = \"<input>\", spanStart = SourcePos {posLine = 453, posColumn = 29}, spanEnd = SourcePos {posLine = 453, posColumn = 30}}, locValue = TokenDelimiter DelimLeftParen},Located {locSpan = SourceSpan {spanFilename = \"<input>\", spanStart = SourcePos {posLine = 453, posColumn = 30}, spanEnd = SourcePos {posLine = 453, posColumn = 31}}, locValue = TokenIdent \"i\"},Located {locSpan = SourceSpan {spanFilename = \"<input>\", spanStart = SourcePos {posLine = 453, posColumn = 31}, spanEnd = SourcePos {posLine = 453, posColumn = 32}}, locValue = TokenDelimiter DelimRightParen},Located {locSpan = SourceSpan {spanFilename = \"<input>\", spanStart = SourcePos {posLine = 453, posColumn = 1}, spanEnd = SourcePos {posLine = 454, posColumn = 1}}, locValue = TokenNewline},Located {locSpan = SourceSpan {spanFilename = \"<input>\", spanStart = SourcePos {posLine = 454, posColumn = 9}, spanEnd = SourcePos {posLine = 454, posColumn = 14}}, locValue = TokenIdent \"total\"},Located {locSpan = SourceSpan {spanFilename = \"<input>\", spanStart = SourcePos {posLine = 454, posColumn = 15}, spanEnd = SourcePos {posLine = 454, posColumn = 17}}, locValue = TokenOperator OpPlusAssign},Located {locSpan = SourceSpan {spanFilename = \"<input>\", spanStart = SourcePos {posLine = 454, posColumn = 18}, spanEnd = SourcePos {posLine = 454, posColumn = 29}}, locValue = TokenIdent \"function_47\"},Located {locSpan = SourceSpan {spanFilename = \"<input>\", spanStart = SourcePos {posLine = 454, posColumn = 29}, spanEnd = SourcePos {posLine = 454, posColumn = 30}}, locValue = TokenDelimiter DelimLeftParen},Located {locSpan = SourceSpan {spanFilename = \"<input>\", spanStart = SourcePos {posLine = 454, posColumn = 30}, spanEnd = SourcePos {posLine = 454, posColumn = 31}}, locValue = TokenIdent \"i\"},Located {locSpan = SourceSpan {spanFilename = \"<input>\", spanStart = SourcePos {posLine = 454, posColumn = 31}, spanEnd = SourcePos {posLine = 454, posColumn = 32}}, locValue = TokenDelimiter DelimRightParen},Located {locSpan = SourceSpan {spanFilename = \"<input>\", spanStart = SourcePos {posLine = 454, posColumn = 1}, spanEnd = SourcePos {posLine = 455, posColumn = 1}}, locValue = TokenNewline},Located {locSpan = SourceSpan {spanFilename = \"<input>\", spanStart = SourcePos {posLine = 455, posColumn = 9}, spanEnd = SourcePos {posLine = 455, posColumn = 14}}, locValue = TokenIdent \"total\"},Located {locSpan = SourceSpan {spanFilename = \"<input>\", spanStart = SourcePos {posLine = 455, posColumn = 15}, spanEnd = SourcePos {posLine = 455, posColumn = 17}}, locValue = TokenOperator OpPlusAssign},Located {locSpan = SourceSpan {spanFilename = \"<input>\", spanStart = SourcePos {posLine = 455, posColumn = 18}, spanEnd = SourcePos {posLine = 455, posColumn = 29}}, locValue = TokenIdent \"function_48\"},Located {locSpan = SourceSpan {spanFilename = \"<input>\", spanStart = SourcePos {posLine = 455, posColumn = 29}, spanEnd = SourcePos {posLine = 455, posColumn = 30}}, locValue = TokenDelimiter DelimLeftParen},Located {locSpan = SourceSpan {spanFilename = \"<input>\", spanStart = SourcePos {posLine = 455, posColumn = 30}, spanEnd = SourcePos {posLine = 455, posColumn = 31}}, locValue = TokenIdent \"i\"},Located {locSpan = SourceSpan {spanFilename = \"<input>\", spanStart = SourcePos {posLine = 455, posColumn = 31}, spanEnd = SourcePos {posLine = 455, posColumn = 32}}, locValue = TokenDelimiter DelimRightParen},Located {locSpan = SourceSpan {spanFilename = \"<input>\", spanStart = SourcePos {posLine = 455, posColumn = 1}, spanEnd = SourcePos {posLine = 456, posColumn = 1}}, locValue = TokenNewline},Located {locSpan = SourceSpan {spanFilename = \"<input>\", spanStart = SourcePos {posLine = 456, posColumn = 9}, spanEnd = SourcePos {posLine = 456, posColumn = 14}}, locValue = TokenIdent \"total\"},Located {locSpan = SourceSpan {spanFilename = \"<input>\", spanStart = SourcePos {posLine = 456, posColumn = 15}, spanEnd = SourcePos {posLine = 456, posColumn = 17}}, locValue = TokenOperator OpPlusAssign},Located {locSpan = SourceSpan {spanFilename = \"<input>\", spanStart = SourcePos {posLine = 456, posColumn = 18}, spanEnd = SourcePos {posLine = 456, posColumn = 29}}, locValue = TokenIdent \"function_49\"},Located {locSpan = SourceSpan {spanFilename = \"<input>\", spanStart = SourcePos {posLine = 456, posColumn = 29}, spanEnd = SourcePos {posLine = 456, posColumn = 30}}, locValue = TokenDelimiter DelimLeftParen},Located {locSpan = SourceSpan {spanFilename = \"<input>\", spanStart = SourcePos {posLine = 456, posColumn = 30}, spanEnd = SourcePos {posLine = 456, posColumn = 31}}, locValue = TokenIdent \"i\"},Located {locSpan = SourceSpan {spanFilename = \"<input>\", spanStart = SourcePos {posLine = 456, posColumn = 31}, spanEnd = SourcePos {posLine = 456, posColumn = 32}}, locValue = TokenDelimiter DelimRightParen},Located {locSpan = SourceSpan {spanFilename = \"<input>\", spanStart = SourcePos {posLine = 456, posColumn = 1}, spanEnd = SourcePos {posLine = 457, posColumn = 1}}, locValue = TokenNewline},Located {locSpan = SourceSpan {spanFilename = \"<input>\", spanStart = SourcePos {posLine = 457, posColumn = 9}, spanEnd = SourcePos {posLine = 457, posColumn = 14}}, locValue = TokenIdent \"total\"},Located {locSpan = SourceSpan {spanFilename = \"<input>\", spanStart = SourcePos {posLine = 457, posColumn = 15}, spanEnd = SourcePos {posLine = 457, posColumn = 17}}, locValue = TokenOperator OpPlusAssign},Located {locSpan = SourceSpan {spanFilename = \"<input>\", spanStart = SourcePos {posLine = 457, posColumn = 18}, spanEnd = SourcePos {posLine = 457, posColumn = 29}}, locValue = TokenIdent \"function_50\"},Located {locSpan = SourceSpan {spanFilename = \"<input>\", spanStart = SourcePos {posLine = 457, posColumn = 29}, spanEnd = SourcePos {posLine = 457, posColumn = 30}}, locValue = TokenDelimiter DelimLeftParen},Located {locSpan = SourceSpan {spanFilename = \"<input>\", spanStart = SourcePos {posLine = 457, posColumn = 30}, spanEnd = SourcePos {posLine = 457, posColumn = 31}}, locValue = TokenIdent \"i\"},Located {locSpan = SourceSpan {spanFilename = \"<input>\", spanStart = SourcePos {posLine = 457, posColumn = 31}, spanEnd = SourcePos {posLine = 457, posColumn = 32}}, locValue = TokenDelimiter DelimRightParen},Located {locSpan = SourceSpan {spanFilename = \"<input>\", spanStart = SourcePos {posLine = 457, posColumn = 1}, spanEnd = SourcePos {posLine = 458, posColumn = 1}}, locValue = TokenNewline},Located {locSpan = SourceSpan {spanFilename = \"<input>\", spanStart = SourcePos {posLine = 458, posColumn = 9}, spanEnd = SourcePos {posLine = 458, posColumn = 14}}, locValue = TokenIdent \"total\"},Located {locSpan = SourceSpan {spanFilename = \"<input>\", spanStart = SourcePos {posLine = 458, posColumn = 15}, spanEnd = SourcePos {posLine = 458, posColumn = 17}}, locValue = TokenOperator OpPlusAssign},Located {locSpan = SourceSpan {spanFilename = \"<input>\", spanStart = SourcePos {posLine = 458, posColumn = 18}, spanEnd = SourcePos {posLine = 458, posColumn = 29}}, locValue = TokenIdent \"function_51\"},Located {locSpan = SourceSpan {spanFilename = \"<input>\", spanStart = SourcePos {posLine = 458, posColumn = 29}, spanEnd = SourcePos {posLine = 458, posColumn = 30}}, locValue = TokenDelimiter DelimLeftParen},Located {locSpan = SourceSpan {spanFilename = \"<input>\", spanStart = SourcePos {posLine = 458, posColumn = 30}, spanEnd = SourcePos {posLine = 458, posColumn = 31}}, locValue = TokenIdent \"i\"},Located {locSpan = SourceSpan {spanFilename = \"<input>\", spanStart = SourcePos {posLine = 458, posColumn = 31}, spanEnd = SourcePos {posLine = 458, posColumn = 32}}, locValue = TokenDelimiter DelimRightParen},Located {locSpan = SourceSpan {spanFilename = \"<input>\", spanStart = SourcePos {posLine = 458, posColumn = 1}, spanEnd = SourcePos {posLine = 459, posColumn = 1}}, locValue = TokenNewline},Located {locSpan = SourceSpan {spanFilename = \"<input>\", spanStart = SourcePos {posLine = 459, posColumn = 9}, spanEnd = SourcePos {posLine = 459, posColumn = 14}}, locValue = TokenIdent \"total\"},Located {locSpan = SourceSpan {spanFilename = \"<input>\", spanStart = SourcePos {posLine = 459, posColumn = 15}, spanEnd = SourcePos {posLine = 459, posColumn = 17}}, locValue = TokenOperator OpPlusAssign},Located {locSpan = SourceSpan {spanFilename = \"<input>\", spanStart = SourcePos {posLine = 459, posColumn = 18}, spanEnd = SourcePos {posLine = 459, posColumn = 29}}, locValue = TokenIdent \"function_52\"},Located {locSpan = SourceSpan {spanFilename = \"<input>\", spanStart = SourcePos {posLine = 459, posColumn = 29}, spanEnd = SourcePos {posLine = 459, posColumn = 30}}, locValue = TokenDelimiter DelimLeftParen},Located {locSpan = SourceSpan {spanFilename = \"<input>\", spanStart = SourcePos {posLine = 459, posColumn = 30}, spanEnd = SourcePos {posLine = 459, posColumn = 31}}, locValue = TokenIdent \"i\"},Located {locSpan = SourceSpan {spanFilename = \"<input>\", spanStart = SourcePos {posLine = 459, posColumn = 31}, spanEnd = SourcePos {posLine = 459, posColumn = 32}}, locValue = TokenDelimiter DelimRightParen},Located {locSpan = SourceSpan {spanFilename = \"<input>\", spanStart = SourcePos {posLine = 459, posColumn = 1}, spanEnd = SourcePos {posLine = 460, posColumn = 1}}, locValue = TokenNewline},Located {locSpan = SourceSpan {spanFilename = \"<input>\", spanStart = SourcePos {posLine = 460, posColumn = 9}, spanEnd = SourcePos {posLine = 460, posColumn = 14}}, locValue = TokenIdent \"total\"},Located {locSpan = SourceSpan {spanFilename = \"<input>\", spanStart = SourcePos {posLine = 460, posColumn = 15}, spanEnd = SourcePos {posLine = 460, posColumn = 17}}, locValue = TokenOperator OpPlusAssign},Located {locSpan = SourceSpan {spanFilename = \"<input>\", spanStart = SourcePos {posLine = 460, posColumn = 18}, spanEnd = SourcePos {posLine = 460, posColumn = 29}}, locValue = TokenIdent \"function_53\"},Located {locSpan = SourceSpan {spanFilename = \"<input>\", spanStart = SourcePos {posLine = 460, posColumn = 29}, spanEnd = SourcePos {posLine = 460, posColumn = 30}}, locValue = TokenDelimiter DelimLeftParen},Located {locSpan = SourceSpan {spanFilename = \"<input>\", spanStart = SourcePos {posLine = 460, posColumn = 30}, spanEnd = SourcePos {posLine = 460, posColumn = 31}}, locValue = TokenIdent \"i\"},Located {locSpan = SourceSpan {spanFilename = \"<input>\", spanStart = SourcePos {posLine = 460, posColumn = 31}, spanEnd = SourcePos {posLine = 460, posColumn = 32}}, locValue = TokenDelimiter DelimRightParen},Located {locSpan = SourceSpan {spanFilename = \"<input>\", spanStart = SourcePos {posLine = 460, posColumn = 1}, spanEnd = SourcePos {posLine = 461, posColumn = 1}}, locValue = TokenNewline},Located {locSpan = SourceSpan {spanFilename = \"<input>\", spanStart = SourcePos {posLine = 461, posColumn = 9}, spanEnd = SourcePos {posLine = 461, posColumn = 14}}, locValue = TokenIdent \"total\"},Located {locSpan = SourceSpan {spanFilename = \"<input>\", spanStart = SourcePos {posLine = 461, posColumn = 15}, spanEnd = SourcePos {posLine = 461, posColumn = 17}}, locValue = TokenOperator OpPlusAssign},Located {locSpan = SourceSpan {spanFilename = \"<input>\", spanStart = SourcePos {posLine = 461, posColumn = 18}, spanEnd = SourcePos {posLine = 461, posColumn = 29}}, locValue = TokenIdent \"function_54\"},Located {locSpan = SourceSpan {spanFilename = \"<input>\", spanStart = SourcePos {posLine = 461, posColumn = 29}, spanEnd = SourcePos {posLine = 461, posColumn = 30}}, locValue = TokenDelimiter DelimLeftParen},Located {locSpan = SourceSpan {spanFilename = \"<input>\", spanStart = SourcePos {posLine = 461, posColumn = 30}, spanEnd = SourcePos {posLine = 461, posColumn = 31}}, locValue = TokenIdent \"i\"},Located {locSpan = SourceSpan {spanFilename = \"<input>\", spanStart = SourcePos {posLine = 461, posColumn = 31}, spanEnd = SourcePos {posLine = 461, posColumn = 32}}, locValue = TokenDelimiter DelimRightParen},Located {locSpan = SourceSpan {spanFilename = \"<input>\", spanStart = SourcePos {posLine = 461, posColumn = 1}, spanEnd = SourcePos {posLine = 462, posColumn = 1}}, locValue = TokenNewline},Located {locSpan = SourceSpan {spanFilename = \"<input>\", spanStart = SourcePos {posLine = 462, posColumn = 9}, spanEnd = SourcePos {posLine = 462, posColumn = 14}}, locValue = TokenIdent \"total\"},Located {locSpan = SourceSpan {spanFilename = \"<input>\", spanStart = SourcePos {posLine = 462, posColumn = 15}, spanEnd = SourcePos {posLine = 462, posColumn = 17}}, locValue = TokenOperator OpPlusAssign},Located {locSpan = SourceSpan {spanFilename = \"<input>\", spanStart = SourcePos {posLine = 462, posColumn = 18}, spanEnd = SourcePos {posLine = 462, posColumn = 29}}, locValue = TokenIdent \"function_55\"},Located {locSpan = SourceSpan {spanFilename = \"<input>\", spanStart = SourcePos {posLine = 462, posColumn = 29}, spanEnd = SourcePos {posLine = 462, posColumn = 30}}, locValue = TokenDelimiter DelimLeftParen},Located {locSpan = SourceSpan {spanFilename = \"<input>\", spanStart = SourcePos {posLine = 462, posColumn = 30}, spanEnd = SourcePos {posLine = 462, posColumn = 31}}, locValue = TokenIdent \"i\"},Located {locSpan = SourceSpan {spanFilename = \"<input>\", spanStart = SourcePos {posLine = 462, posColumn = 31}, spanEnd = SourcePos {posLine = 462, posColumn = 32}}, locValue = TokenDelimiter DelimRightParen},Located {locSpan = SourceSpan {spanFilename = \"<input>\", spanStart = SourcePos {posLine = 462, posColumn = 1}, spanEnd = SourcePos {posLine = 463, posColumn = 1}}, locValue = TokenNewline},Located {locSpan = SourceSpan {spanFilename = \"<input>\", spanStart = SourcePos {posLine = 463, posColumn = 9}, spanEnd = SourcePos {posLine = 463, posColumn = 14}}, locValue = TokenIdent \"total\"},Located {locSpan = SourceSpan {spanFilename = \"<input>\", spanStart = SourcePos {posLine = 463, posColumn = 15}, spanEnd = SourcePos {posLine = 463, posColumn = 17}}, locValue = TokenOperator OpPlusAssign},Located {locSpan = SourceSpan {spanFilename = \"<input>\", spanStart = SourcePos {posLine = 463, posColumn = 18}, spanEnd = SourcePos {posLine = 463, posColumn = 29}}, locValue = TokenIdent \"function_56\"},Located {locSpan = SourceSpan {spanFilename = \"<input>\", spanStart = SourcePos {posLine = 463, posColumn = 29}, spanEnd = SourcePos {posLine = 463, posColumn = 30}}, locValue = TokenDelimiter DelimLeftParen},Located {locSpan = SourceSpan {spanFilename = \"<input>\", spanStart = SourcePos {posLine = 463, posColumn = 30}, spanEnd = SourcePos {posLine = 463, posColumn = 31}}, locValue = TokenIdent \"i\"},Located {locSpan = SourceSpan {spanFilename = \"<input>\", spanStart = SourcePos {posLine = 463, posColumn = 31}, spanEnd = SourcePos {posLine = 463, posColumn = 32}}, locValue = TokenDelimiter DelimRightParen},Located {locSpan = SourceSpan {spanFilename = \"<input>\", spanStart = SourcePos {posLine = 463, posColumn = 1}, spanEnd = SourcePos {posLine = 464, posColumn = 1}}, locValue = TokenNewline},Located {locSpan = SourceSpan {spanFilename = \"<input>\", spanStart = SourcePos {posLine = 464, posColumn = 9}, spanEnd = SourcePos {posLine = 464, posColumn = 14}}, locValue = TokenIdent \"total\"},Located {locSpan = SourceSpan {spanFilename = \"<input>\", spanStart = SourcePos {posLine = 464, posColumn = 15}, spanEnd = SourcePos {posLine = 464, posColumn = 17}}, locValue = TokenOperator OpPlusAssign},Located {locSpan = SourceSpan {spanFilename = \"<input>\", spanStart = SourcePos {posLine = 464, posColumn = 18}, spanEnd = SourcePos {posLine = 464, posColumn = 29}}, locValue = TokenIdent \"function_57\"},Located {locSpan = SourceSpan {spanFilename = \"<input>\", spanStart = SourcePos {posLine = 464, posColumn = 29}, spanEnd = SourcePos {posLine = 464, posColumn = 30}}, locValue = TokenDelimiter DelimLeftParen},Located {locSpan = SourceSpan {spanFilename = \"<input>\", spanStart = SourcePos {posLine = 464, posColumn = 30}, spanEnd = SourcePos {posLine = 464, posColumn = 31}}, locValue = TokenIdent \"i\"},Located {locSpan = SourceSpan {spanFilename = \"<input>\", spanStart = SourcePos {posLine = 464, posColumn = 31}, spanEnd = SourcePos {posLine = 464, posColumn = 32}}, locValue = TokenDelimiter DelimRightParen},Located {locSpan = SourceSpan {spanFilename = \"<input>\", spanStart = SourcePos {posLine = 464, posColumn = 1}, spanEnd = SourcePos {posLine = 465, posColumn = 1}}, locValue = TokenNewline},Located {locSpan = SourceSpan {spanFilename = \"<input>\", spanStart = SourcePos {posLine = 465, posColumn = 9}, spanEnd = SourcePos {posLine = 465, posColumn = 14}}, locValue = TokenIdent \"total\"},Located {locSpan = SourceSpan {spanFilename = \"<input>\", spanStart = SourcePos {posLine = 465, posColumn = 15}, spanEnd = SourcePos {posLine = 465, posColumn = 17}}, locValue = TokenOperator OpPlusAssign},Located {locSpan = SourceSpan {spanFilename = \"<input>\", spanStart = SourcePos {posLine = 465, posColumn = 18}, spanEnd = SourcePos {posLine = 465, posColumn = 29}}, locValue = TokenIdent \"function_58\"},Located {locSpan = SourceSpan {spanFilename = \"<input>\", spanStart = SourcePos {posLine = 465, posColumn = 29}, spanEnd = SourcePos {posLine = 465, posColumn = 30}}, locValue = TokenDelimiter DelimLeftParen},Located {locSpan = SourceSpan {spanFilename = \"<input>\", spanStart = SourcePos {posLine = 465, posColumn = 30}, spanEnd = SourcePos {posLine = 465, posColumn = 31}}, locValue = TokenIdent \"i\"},Located {locSpan = SourceSpan {spanFilename = \"<input>\", spanStart = SourcePos {posLine = 465, posColumn = 31}, spanEnd = SourcePos {posLine = 465, posColumn = 32}}, locValue = TokenDelimiter DelimRightParen},Located {locSpan = SourceSpan {spanFilename = \"<input>\", spanStart = SourcePos {posLine = 465, posColumn = 1}, spanEnd = SourcePos {posLine = 466, posColumn = 1}}, locValue = TokenNewline},Located {locSpan = SourceSpan {spanFilename = \"<input>\", spanStart = SourcePos {posLine = 466, posColumn = 9}, spanEnd = SourcePos {posLine = 466, posColumn = 14}}, locValue = TokenIdent \"total\"},Located {locSpan = SourceSpan {spanFilename = \"<input>\", spanStart = SourcePos {posLine = 466, posColumn = 15}, spanEnd = SourcePos {posLine = 466, posColumn = 17}}, locValue = TokenOperator OpPlusAssign},Located {locSpan = SourceSpan {spanFilename = \"<input>\", spanStart = SourcePos {posLine = 466, posColumn = 18}, spanEnd = SourcePos {posLine = 466, posColumn = 29}}, locValue = TokenIdent \"function_59\"},Located {locSpan = SourceSpan {spanFilename = \"<input>\", spanStart = SourcePos {posLine = 466, posColumn = 29}, spanEnd = SourcePos {posLine = 466, posColumn = 30}}, locValue = TokenDelimiter DelimLeftParen},Located {locSpan = SourceSpan {spanFilename = \"<input>\", spanStart = SourcePos {posLine = 466, posColumn = 30}, spanEnd = SourcePos {posLine = 466, posColumn = 31}}, locValue = TokenIdent \"i\"},Located {locSpan = SourceSpan {spanFilename = \"<input>\", spanStart = SourcePos {posLine = 466, posColumn = 31}, spanEnd = SourcePos {posLine = 466, posColumn = 32}}, locValue = TokenDelimiter DelimRightParen},Located {locSpan = SourceSpan {spanFilename = \"<input>\", spanStart = SourcePos {posLine = 466, posColumn = 1}, spanEnd = SourcePos {posLine = 467, posColumn = 1}}, locValue = TokenNewline},Located {locSpan = SourceSpan {spanFilename = \"<input>\", spanStart = SourcePos {posLine = 467, posColumn = 9}, spanEnd = SourcePos {posLine = 467, posColumn = 14}}, locValue = TokenIdent \"total\"},Located {locSpan = SourceSpan {spanFilename = \"<input>\", spanStart = SourcePos {posLine = 467, posColumn = 15}, spanEnd = SourcePos {posLine = 467, posColumn = 17}}, locValue = TokenOperator OpPlusAssign},Located {locSpan = SourceSpan {spanFilename = \"<input>\", spanStart = SourcePos {posLine = 467, posColumn = 18}, spanEnd = SourcePos {posLine = 467, posColumn = 29}}, locValue = TokenIdent \"function_60\"},Located {locSpan = SourceSpan {spanFilename = \"<input>\", spanStart = SourcePos {posLine = 467, posColumn = 29}, spanEnd = SourcePos {posLine = 467, posColumn = 30}}, locValue = TokenDelimiter DelimLeftParen},Located {locSpan = SourceSpan {spanFilename = \"<input>\", spanStart = SourcePos {posLine = 467, posColumn = 30}, spanEnd = SourcePos {posLine = 467, posColumn = 31}}, locValue = TokenIdent \"i\"},Located {locSpan = SourceSpan {spanFilename = \"<input>\", spanStart = SourcePos {posLine = 467, posColumn = 31}, spanEnd = SourcePos {posLine = 467, posColumn = 32}}, locValue = TokenDelimiter DelimRightParen},Located {locSpan = SourceSpan {spanFilename = \"<input>\", spanStart = SourcePos {posLine = 467, posColumn = 1}, spanEnd = SourcePos {posLine = 468, posColumn = 1}}, locValue = TokenNewline},Located {locSpan = SourceSpan {spanFilename = \"<input>\", spanStart = SourcePos {posLine = 468, posColumn = 9}, spanEnd = SourcePos {posLine = 468, posColumn = 14}}, locValue = TokenIdent \"total\"},Located {locSpan = SourceSpan {spanFilename = \"<input>\", spanStart = SourcePos {posLine = 468, posColumn = 15}, spanEnd = SourcePos {posLine = 468, posColumn = 17}}, locValue = TokenOperator OpPlusAssign},Located {locSpan = SourceSpan {spanFilename = \"<input>\", spanStart = SourcePos {posLine = 468, posColumn = 18}, spanEnd = SourcePos {posLine = 468, posColumn = 29}}, locValue = TokenIdent \"function_61\"},Located {locSpan = SourceSpan {spanFilename = \"<input>\", spanStart = SourcePos {posLine = 468, posColumn = 29}, spanEnd = SourcePos {posLine = 468, posColumn = 30}}, locValue = TokenDelimiter DelimLeftParen},Located {locSpan = SourceSpan {spanFilename = \"<input>\", spanStart = SourcePos {posLine = 468, posColumn = 30}, spanEnd = SourcePos {posLine = 468, posColumn = 31}}, locValue = TokenIdent \"i\"},Located {locSpan = SourceSpan {spanFilename = \"<input>\", spanStart = SourcePos {posLine = 468, posColumn = 31}, spanEnd = SourcePos {posLine = 468, posColumn = 32}}, locValue = TokenDelimiter DelimRightParen},Located {locSpan = SourceSpan {spanFilename = \"<input>\", spanStart = SourcePos {posLine = 468, posColumn = 1}, spanEnd = SourcePos {posLine = 469, posColumn = 1}}, locValue = TokenNewline},Located {locSpan = SourceSpan {spanFilename = \"<input>\", spanStart = SourcePos {posLine = 469, posColumn = 9}, spanEnd = SourcePos {posLine = 469, posColumn = 14}}, locValue = TokenIdent \"total\"},Located {locSpan = SourceSpan {spanFilename = \"<input>\", spanStart = SourcePos {posLine = 469, posColumn = 15}, spanEnd = SourcePos {posLine = 469, posColumn = 17}}, locValue = TokenOperator OpPlusAssign},Located {locSpan = SourceSpan {spanFilename = \"<input>\", spanStart = SourcePos {posLine = 469, posColumn = 18}, spanEnd = SourcePos {posLine = 469, posColumn = 29}}, locValue = TokenIdent \"function_62\"},Located {locSpan = SourceSpan {spanFilename = \"<input>\", spanStart = SourcePos {posLine = 469, posColumn = 29}, spanEnd = SourcePos {posLine = 469, posColumn = 30}}, locValue = TokenDelimiter DelimLeftParen},Located {locSpan = SourceSpan {spanFilename = \"<input>\", spanStart = SourcePos {posLine = 469, posColumn = 30}, spanEnd = SourcePos {posLine = 469, posColumn = 31}}, locValue = TokenIdent \"i\"},Located {locSpan = SourceSpan {spanFilename = \"<input>\", spanStart = SourcePos {posLine = 469, posColumn = 31}, spanEnd = SourcePos {posLine = 469, posColumn = 32}}, locValue = TokenDelimiter DelimRightParen},Located {locSpan = SourceSpan {spanFilename = \"<input>\", spanStart = SourcePos {posLine = 469, posColumn = 1}, spanEnd = SourcePos {posLine = 470, posColumn = 1}}, locValue = TokenNewline},Located {locSpan = SourceSpan {spanFilename = \"<input>\", spanStart = SourcePos {posLine = 470, posColumn = 9}, spanEnd = SourcePos {posLine = 470, posColumn = 14}}, locValue = TokenIdent \"total\"},Located {locSpan = SourceSpan {spanFilename = \"<input>\", spanStart = SourcePos {posLine = 470, posColumn = 15}, spanEnd = SourcePos {posLine = 470, posColumn = 17}}, locValue = TokenOperator OpPlusAssign},Located {locSpan = SourceSpan {spanFilename = \"<input>\", spanStart = SourcePos {posLine = 470, posColumn = 18}, spanEnd = SourcePos {posLine = 470, posColumn = 29}}, locValue = TokenIdent \"function_63\"},Located {locSpan = SourceSpan {spanFilename = \"<input>\", spanStart = SourcePos {posLine = 470, posColumn = 29}, spanEnd = SourcePos {posLine = 470, posColumn = 30}}, locValue = TokenDelimiter DelimLeftParen},Located {locSpan = SourceSpan {spanFilename = \"<input>\", spanStart = SourcePos {posLine = 470, posColumn = 30}, spanEnd = SourcePos {posLine = 470, posColumn = 31}}, locValue = TokenIdent \"i\"},Located {locSpan = SourceSpan {spanFilename = \"<input>\", spanStart = SourcePos {posLine = 470, posColumn = 31}, spanEnd = SourcePos {posLine = 470, posColumn = 32}}, locValue = TokenDelimiter DelimRightParen},Located {locSpan = SourceSpan {spanFilename = \"<input>\", spanStart = SourcePos {posLine = 470, posColumn = 1}, spanEnd = SourcePos {posLine = 471, posColumn = 1}}, locValue = TokenNewline},Located {locSpan = SourceSpan {spanFilename = \"<input>\", spanStart = SourcePos {posLine = 471, posColumn = 9}, spanEnd = SourcePos {posLine = 471, posColumn = 14}}, locValue = TokenIdent \"total\"},Located {locSpan = SourceSpan {spanFilename = \"<input>\", spanStart = SourcePos {posLine = 471, posColumn = 15}, spanEnd = SourcePos {posLine = 471, posColumn = 17}}, locValue = TokenOperator OpPlusAssign},Located {locSpan = SourceSpan {spanFilename = \"<input>\", spanStart = SourcePos {posLine = 471, posColumn = 18}, spanEnd = SourcePos {posLine = 471, posColumn = 29}}, locValue = TokenIdent \"function_64\"},Located {locSpan = SourceSpan {spanFilename = \"<input>\", spanStart = SourcePos {posLine = 471, posColumn = 29}, spanEnd = SourcePos {posLine = 471, posColumn = 30}}, locValue = TokenDelimiter DelimLeftParen},Located {locSpan = SourceSpan {spanFilename = \"<input>\", spanStart = SourcePos {posLine = 471, posColumn = 30}, spanEnd = SourcePos {posLine = 471, posColumn = 31}}, locValue = TokenIdent \"i\"},Located {locSpan = SourceSpan {spanFilename = \"<input>\", spanStart = SourcePos {posLine = 471, posColumn = 31}, spanEnd = SourcePos {posLine = 471, posColumn = 32}}, locValue = TokenDelimiter DelimRightParen},Located {locSpan = SourceSpan {spanFilename = \"<input>\", spanStart = SourcePos {posLine = 471, posColumn = 1}, spanEnd = SourcePos {posLine = 472, posColumn = 1}}, locValue = TokenNewline},Located {locSpan = SourceSpan {spanFilename = \"<input>\", spanStart = SourcePos {posLine = 472, posColumn = 9}, spanEnd = SourcePos {posLine = 472, posColumn = 14}}, locValue = TokenIdent \"total\"},Located {locSpan = SourceSpan {spanFilename = \"<input>\", spanStart = SourcePos {posLine = 472, posColumn = 15}, spanEnd = SourcePos {posLine = 472, posColumn = 17}}, locValue = TokenOperator OpPlusAssign},Located {locSpan = SourceSpan {spanFilename = \"<input>\", spanStart = SourcePos {posLine = 472, posColumn = 18}, spanEnd = SourcePos {posLine = 472, posColumn = 29}}, locValue = TokenIdent \"function_65\"},Located {locSpan = SourceSpan {spanFilename = \"<input>\", spanStart = SourcePos {posLine = 472, posColumn = 29}, spanEnd = SourcePos {posLine = 472, posColumn = 30}}, locValue = TokenDelimiter DelimLeftParen},Located {locSpan = SourceSpan {spanFilename = \"<input>\", spanStart = SourcePos {posLine = 472, posColumn = 30}, spanEnd = SourcePos {posLine = 472, posColumn = 31}}, locValue = TokenIdent \"i\"},Located {locSpan = SourceSpan {spanFilename = \"<input>\", spanStart = SourcePos {posLine = 472, posColumn = 31}, spanEnd = SourcePos {posLine = 472, posColumn = 32}}, locValue = TokenDelimiter DelimRightParen},Located {locSpan = SourceSpan {spanFilename = \"<input>\", spanStart = SourcePos {posLine = 472, posColumn = 1}, spanEnd = SourcePos {posLine = 473, posColumn = 1}}, locValue = TokenNewline},Located {locSpan = SourceSpan {spanFilename = \"<input>\", spanStart = SourcePos {posLine = 473, posColumn = 9}, spanEnd = SourcePos {posLine = 473, posColumn = 14}}, locValue = TokenIdent \"total\"},Located {locSpan = SourceSpan {spanFilename = \"<input>\", spanStart = SourcePos {posLine = 473, posColumn = 15}, spanEnd = SourcePos {posLine = 473, posColumn = 17}}, locValue = TokenOperator OpPlusAssign},Located {locSpan = SourceSpan {spanFilename = \"<input>\", spanStart = SourcePos {posLine = 473, posColumn = 18}, spanEnd = SourcePos {posLine = 473, posColumn = 29}}, locValue = TokenIdent \"function_66\"},Located {locSpan = SourceSpan {spanFilename = \"<input>\", spanStart = SourcePos {posLine = 473, posColumn = 29}, spanEnd = SourcePos {posLine = 473, posColumn = 30}}, locValue = TokenDelimiter DelimLeftParen},Located {locSpan = SourceSpan {spanFilename = \"<input>\", spanStart = SourcePos {posLine = 473, posColumn = 30}, spanEnd = SourcePos {posLine = 473, posColumn = 31}}, locValue = TokenIdent \"i\"},Located {locSpan = SourceSpan {spanFilename = \"<input>\", spanStart = SourcePos {posLine = 473, posColumn = 31}, spanEnd = SourcePos {posLine = 473, posColumn = 32}}, locValue = TokenDelimiter DelimRightParen},Located {locSpan = SourceSpan {spanFilename = \"<input>\", spanStart = SourcePos {posLine = 473, posColumn = 1}, spanEnd = SourcePos {posLine = 474, posColumn = 1}}, locValue = TokenNewline},Located {locSpan = SourceSpan {spanFilename = \"<input>\", spanStart = SourcePos {posLine = 474, posColumn = 9}, spanEnd = SourcePos {posLine = 474, posColumn = 14}}, locValue = TokenIdent \"total\"},Located {locSpan = SourceSpan {spanFilename = \"<input>\", spanStart = SourcePos {posLine = 474, posColumn = 15}, spanEnd = SourcePos {posLine = 474, posColumn = 17}}, locValue = TokenOperator OpPlusAssign},Located {locSpan = SourceSpan {spanFilename = \"<input>\", spanStart = SourcePos {posLine = 474, posColumn = 18}, spanEnd = SourcePos {posLine = 474, posColumn = 29}}, locValue = TokenIdent \"function_67\"},Located {locSpan = SourceSpan {spanFilename = \"<input>\", spanStart = SourcePos {posLine = 474, posColumn = 29}, spanEnd = SourcePos {posLine = 474, posColumn = 30}}, locValue = TokenDelimiter DelimLeftParen},Located {locSpan = SourceSpan {spanFilename = \"<input>\", spanStart = SourcePos {posLine = 474, posColumn = 30}, spanEnd = SourcePos {posLine = 474, posColumn = 31}}, locValue = TokenIdent \"i\"},Located {locSpan = SourceSpan {spanFilename = \"<input>\", spanStart = SourcePos {posLine = 474, posColumn = 31}, spanEnd = SourcePos {posLine = 474, posColumn = 32}}, locValue = TokenDelimiter DelimRightParen},Located {locSpan = SourceSpan {spanFilename = \"<input>\", spanStart = SourcePos {posLine = 474, posColumn = 1}, spanEnd = SourcePos {posLine = 475, posColumn = 1}}, locValue = TokenNewline},Located {locSpan = SourceSpan {spanFilename = \"<input>\", spanStart = SourcePos {posLine = 475, posColumn = 9}, spanEnd = SourcePos {posLine = 475, posColumn = 14}}, locValue = TokenIdent \"total\"},Located {locSpan = SourceSpan {spanFilename = \"<input>\", spanStart = SourcePos {posLine = 475, posColumn = 15}, spanEnd = SourcePos {posLine = 475, posColumn = 17}}, locValue = TokenOperator OpPlusAssign},Located {locSpan = SourceSpan {spanFilename = \"<input>\", spanStart = SourcePos {posLine = 475, posColumn = 18}, spanEnd = SourcePos {posLine = 475, posColumn = 29}}, locValue = TokenIdent \"function_68\"},Located {locSpan = SourceSpan {spanFilename = \"<input>\", spanStart = SourcePos {posLine = 475, posColumn = 29}, spanEnd = SourcePos {posLine = 475, posColumn = 30}}, locValue = TokenDelimiter DelimLeftParen},Located {locSpan = SourceSpan {spanFilename = \"<input>\", spanStart = SourcePos {posLine = 475, posColumn = 30}, spanEnd = SourcePos {posLine = 475, posColumn = 31}}, locValue = TokenIdent \"i\"},Located {locSpan = SourceSpan {spanFilename = \"<input>\", spanStart = SourcePos {posLine = 475, posColumn = 31}, spanEnd = SourcePos {posLine = 475, posColumn = 32}}, locValue = TokenDelimiter DelimRightParen},Located {locSpan = SourceSpan {spanFilename = \"<input>\", spanStart = SourcePos {posLine = 475, posColumn = 1}, spanEnd = SourcePos {posLine = 476, posColumn = 1}}, locValue = TokenNewline},Located {locSpan = SourceSpan {spanFilename = \"<input>\", spanStart = SourcePos {posLine = 476, posColumn = 9}, spanEnd = SourcePos {posLine = 476, posColumn = 14}}, locValue = TokenIdent \"total\"},Located {locSpan = SourceSpan {spanFilename = \"<input>\", spanStart = SourcePos {posLine = 476, posColumn = 15}, spanEnd = SourcePos {posLine = 476, posColumn = 17}}, locValue = TokenOperator OpPlusAssign},Located {locSpan = SourceSpan {spanFilename = \"<input>\", spanStart = SourcePos {posLine = 476, posColumn = 18}, spanEnd = SourcePos {posLine = 476, posColumn = 29}}, locValue = TokenIdent \"function_69\"},Located {locSpan = SourceSpan {spanFilename = \"<input>\", spanStart = SourcePos {posLine = 476, posColumn = 29}, spanEnd = SourcePos {posLine = 476, posColumn = 30}}, locValue = TokenDelimiter DelimLeftParen},Located {locSpan = SourceSpan {spanFilename = \"<input>\", spanStart = SourcePos {posLine = 476, posColumn = 30}, spanEnd = SourcePos {posLine = 476, posColumn = 31}}, locValue = TokenIdent \"i\"},Located {locSpan = SourceSpan {spanFilename = \"<input>\", spanStart = SourcePos {posLine = 476, posColumn = 31}, spanEnd = SourcePos {posLine = 476, posColumn = 32}}, locValue = TokenDelimiter DelimRightParen},Located {locSpan = SourceSpan {spanFilename = \"<input>\", spanStart = SourcePos {posLine = 476, posColumn = 1}, spanEnd = SourcePos {posLine = 477, posColumn = 1}}, locValue = TokenNewline},Located {locSpan = SourceSpan {spanFilename = \"<input>\", spanStart = SourcePos {posLine = 477, posColumn = 9}, spanEnd = SourcePos {posLine = 477, posColumn = 14}}, locValue = TokenIdent \"total\"},Located {locSpan = SourceSpan {spanFilename = \"<input>\", spanStart = SourcePos {posLine = 477, posColumn = 15}, spanEnd = SourcePos {posLine = 477, posColumn = 17}}, locValue = TokenOperator OpPlusAssign},Located {locSpan = SourceSpan {spanFilename = \"<input>\", spanStart = SourcePos {posLine = 477, posColumn = 18}, spanEnd = SourcePos {posLine = 477, posColumn = 29}}, locValue = TokenIdent \"function_70\"},Located {locSpan = SourceSpan {spanFilename = \"<input>\", spanStart = SourcePos {posLine = 477, posColumn = 29}, spanEnd = SourcePos {posLine = 477, posColumn = 30}}, locValue = TokenDelimiter DelimLeftParen},Located {locSpan = SourceSpan {spanFilename = \"<input>\", spanStart = SourcePos {posLine = 477, posColumn = 30}, spanEnd = SourcePos {posLine = 477, posColumn = 31}}, locValue = TokenIdent \"i\"},Located {locSpan = SourceSpan {spanFilename = \"<input>\", spanStart = SourcePos {posLine = 477, posColumn = 31}, spanEnd = SourcePos {posLine = 477, posColumn = 32}}, locValue = TokenDelimiter DelimRightParen},Located {locSpan = SourceSpan {spanFilename = \"<input>\", spanStart = SourcePos {posLine = 477, posColumn = 1}, spanEnd = SourcePos {posLine = 478, posColumn = 1}}, locValue = TokenNewline},Located {locSpan = SourceSpan {spanFilename = \"<input>\", spanStart = SourcePos {posLine = 478, posColumn = 9}, spanEnd = SourcePos {posLine = 478, posColumn = 14}}, locValue = TokenIdent \"total\"},Located {locSpan = SourceSpan {spanFilename = \"<input>\", spanStart = SourcePos {posLine = 478, posColumn = 15}, spanEnd = SourcePos {posLine = 478, posColumn = 17}}, locValue = TokenOperator OpPlusAssign},Located {locSpan = SourceSpan {spanFilename = \"<input>\", spanStart = SourcePos {posLine = 478, posColumn = 18}, spanEnd = SourcePos {posLine = 478, posColumn = 29}}, locValue = TokenIdent \"function_71\"},Located {locSpan = SourceSpan {spanFilename = \"<input>\", spanStart = SourcePos {posLine = 478, posColumn = 29}, spanEnd = SourcePos {posLine = 478, posColumn = 30}}, locValue = TokenDelimiter DelimLeftParen},Located {locSpan = SourceSpan {spanFilename = \"<input>\", spanStart = SourcePos {posLine = 478, posColumn = 30}, spanEnd = SourcePos {posLine = 478, posColumn = 31}}, locValue = TokenIdent \"i\"},Located {locSpan = SourceSpan {spanFilename = \"<input>\", spanStart = SourcePos {posLine = 478, posColumn = 31}, spanEnd = SourcePos {posLine = 478, posColumn = 32}}, locValue = TokenDelimiter DelimRightParen},Located {locSpan = SourceSpan {spanFilename = \"<input>\", spanStart = SourcePos {posLine = 478, posColumn = 1}, spanEnd = SourcePos {posLine = 479, posColumn = 1}}, locValue = TokenNewline},Located {locSpan = SourceSpan {spanFilename = \"<input>\", spanStart = SourcePos {posLine = 479, posColumn = 9}, spanEnd = SourcePos {posLine = 479, posColumn = 14}}, locValue = TokenIdent \"total\"},Located {locSpan = SourceSpan {spanFilename = \"<input>\", spanStart = SourcePos {posLine = 479, posColumn = 15}, spanEnd = SourcePos {posLine = 479, posColumn = 17}}, locValue = TokenOperator OpPlusAssign},Located {locSpan = SourceSpan {spanFilename = \"<input>\", spanStart = SourcePos {posLine = 479, posColumn = 18}, spanEnd = SourcePos {posLine = 479, posColumn = 29}}, locValue = TokenIdent \"function_72\"},Located {locSpan = SourceSpan {spanFilename = \"<input>\", spanStart = SourcePos {posLine = 479, posColumn = 29}, spanEnd = SourcePos {posLine = 479, posColumn = 30}}, locValue = TokenDelimiter DelimLeftParen},Located {locSpan = SourceSpan {spanFilename = \"<input>\", spanStart = SourcePos {posLine = 479, posColumn = 30}, spanEnd = SourcePos {posLine = 479, posColumn = 31}}, locValue = TokenIdent \"i\"},Located {locSpan = SourceSpan {spanFilename = \"<input>\", spanStart = SourcePos {posLine = 479, posColumn = 31}, spanEnd = SourcePos {posLine = 479, posColumn = 32}}, locValue = TokenDelimiter DelimRightParen},Located {locSpan = SourceSpan {spanFilename = \"<input>\", spanStart = SourcePos {posLine = 479, posColumn = 1}, spanEnd = SourcePos {posLine = 480, posColumn = 1}}, locValue = TokenNewline},Located {locSpan = SourceSpan {spanFilename = \"<input>\", spanStart = SourcePos {posLine = 480, posColumn = 9}, spanEnd = SourcePos {posLine = 480, posColumn = 14}}, locValue = TokenIdent \"total\"},Located {locSpan = SourceSpan {spanFilename = \"<input>\", spanStart = SourcePos {posLine = 480, posColumn = 15}, spanEnd = SourcePos {posLine = 480, posColumn = 17}}, locValue = TokenOperator OpPlusAssign},Located {locSpan = SourceSpan {spanFilename = \"<input>\", spanStart = SourcePos {posLine = 480, posColumn = 18}, spanEnd = SourcePos {posLine = 480, posColumn = 29}}, locValue = TokenIdent \"function_73\"},Located {locSpan = SourceSpan {spanFilename = \"<input>\", spanStart = SourcePos {posLine = 480, posColumn = 29}, spanEnd = SourcePos {posLine = 480, posColumn = 30}}, locValue = TokenDelimiter DelimLeftParen},Located {locSpan = SourceSpan {spanFilename = \"<input>\", spanStart = SourcePos {posLine = 480, posColumn = 30}, spanEnd = SourcePos {posLine = 480, posColumn = 31}}, locValue = TokenIdent \"i\"},Located {locSpan = SourceSpan {spanFilename = \"<input>\", spanStart = SourcePos {posLine = 480, posColumn = 31}, spanEnd = SourcePos {posLine = 480, posColumn = 32}}, locValue = TokenDelimiter DelimRightParen},Located {locSpan = SourceSpan {spanFilename = \"<input>\", spanStart = SourcePos {posLine = 480, posColumn = 1}, spanEnd = SourcePos {posLine = 481, posColumn = 1}}, locValue = TokenNewline},Located {locSpan = SourceSpan {spanFilename = \"<input>\", spanStart = SourcePos {posLine = 481, posColumn = 9}, spanEnd = SourcePos {posLine = 481, posColumn = 14}}, locValue = TokenIdent \"total\"},Located {locSpan = SourceSpan {spanFilename = \"<input>\", spanStart = SourcePos {posLine = 481, posColumn = 15}, spanEnd = SourcePos {posLine = 481, posColumn = 17}}, locValue = TokenOperator OpPlusAssign},Located {locSpan = SourceSpan {spanFilename = \"<input>\", spanStart = SourcePos {posLine = 481, posColumn = 18}, spanEnd = SourcePos {posLine = 481, posColumn = 29}}, locValue = TokenIdent \"function_74\"},Located {locSpan = SourceSpan {spanFilename = \"<input>\", spanStart = SourcePos {posLine = 481, posColumn = 29}, spanEnd = SourcePos {posLine = 481, posColumn = 30}}, locValue = TokenDelimiter DelimLeftParen},Located {locSpan = SourceSpan {spanFilename = \"<input>\", spanStart = SourcePos {posLine = 481, posColumn = 30}, spanEnd = SourcePos {posLine = 481, posColumn = 31}}, locValue = TokenIdent \"i\"},Located {locSpan = SourceSpan {spanFilename = \"<input>\", spanStart = SourcePos {posLine = 481, posColumn = 31}, spanEnd = SourcePos {posLine = 481, posColumn = 32}}, locValue = TokenDelimiter DelimRightParen},Located {locSpan = SourceSpan {spanFilename = \"<input>\", spanStart = SourcePos {posLine = 481, posColumn = 1}, spanEnd = SourcePos {posLine = 482, posColumn = 1}}, locValue = TokenNewline},Located {locSpan = SourceSpan {spanFilename = \"<input>\", spanStart = SourcePos {posLine = 482, posColumn = 9}, spanEnd = SourcePos {posLine = 482, posColumn = 14}}, locValue = TokenIdent \"total\"},Located {locSpan = SourceSpan {spanFilename = \"<input>\", spanStart = SourcePos {posLine = 482, posColumn = 15}, spanEnd = SourcePos {posLine = 482, posColumn = 17}}, locValue = TokenOperator OpPlusAssign},Located {locSpan = SourceSpan {spanFilename = \"<input>\", spanStart = SourcePos {posLine = 482, posColumn = 18}, spanEnd = SourcePos {posLine = 482, posColumn = 29}}, locValue = TokenIdent \"function_75\"},Located {locSpan = SourceSpan {spanFilename = \"<input>\", spanStart = SourcePos {posLine = 482, posColumn = 29}, spanEnd = SourcePos {posLine = 482, posColumn = 30}}, locValue = TokenDelimiter DelimLeftParen},Located {locSpan = SourceSpan {spanFilename = \"<input>\", spanStart = SourcePos {posLine = 482, posColumn = 30}, spanEnd = SourcePos {posLine = 482, posColumn = 31}}, locValue = TokenIdent \"i\"},Located {locSpan = SourceSpan {spanFilename = \"<input>\", spanStart = SourcePos {posLine = 482, posColumn = 31}, spanEnd = SourcePos {posLine = 482, posColumn = 32}}, locValue = TokenDelimiter DelimRightParen},Located {locSpan = SourceSpan {spanFilename = \"<input>\", spanStart = SourcePos {posLine = 482, posColumn = 1}, spanEnd = SourcePos {posLine = 483, posColumn = 1}}, locValue = TokenNewline},Located {locSpan = SourceSpan {spanFilename = \"<input>\", spanStart = SourcePos {posLine = 483, posColumn = 9}, spanEnd = SourcePos {posLine = 483, posColumn = 14}}, locValue = TokenIdent \"total\"},Located {locSpan = SourceSpan {spanFilename = \"<input>\", spanStart = SourcePos {posLine = 483, posColumn = 15}, spanEnd = SourcePos {posLine = 483, posColumn = 17}}, locValue = TokenOperator OpPlusAssign},Located {locSpan = SourceSpan {spanFilename = \"<input>\", spanStart = SourcePos {posLine = 483, posColumn = 18}, spanEnd = SourcePos {posLine = 483, posColumn = 29}}, locValue = TokenIdent \"function_76\"},Located {locSpan = SourceSpan {spanFilename = \"<input>\", spanStart = SourcePos {posLine = 483, posColumn = 29}, spanEnd = SourcePos {posLine = 483, posColumn = 30}}, locValue = TokenDelimiter DelimLeftParen},Located {locSpan = SourceSpan {spanFilename = \"<input>\", spanStart = SourcePos {posLine = 483, posColumn = 30}, spanEnd = SourcePos {posLine = 483, posColumn = 31}}, locValue = TokenIdent \"i\"},Located {locSpan = SourceSpan {spanFilename = \"<input>\", spanStart = SourcePos {posLine = 483, posColumn = 31}, spanEnd = SourcePos {posLine = 483, posColumn = 32}}, locValue = TokenDelimiter DelimRightParen},Located {locSpan = SourceSpan {spanFilename = \"<input>\", spanStart = SourcePos {posLine = 483, posColumn = 1}, spanEnd = SourcePos {posLine = 484, posColumn = 1}}, locValue = TokenNewline},Located {locSpan = SourceSpan {spanFilename = \"<input>\", spanStart = SourcePos {posLine = 484, posColumn = 9}, spanEnd = SourcePos {posLine = 484, posColumn = 14}}, locValue = TokenIdent \"total\"},Located {locSpan = SourceSpan {spanFilename = \"<input>\", spanStart = SourcePos {posLine = 484, posColumn = 15}, spanEnd = SourcePos {posLine = 484, posColumn = 17}}, locValue = TokenOperator OpPlusAssign},Located {locSpan = SourceSpan {spanFilename = \"<input>\", spanStart = SourcePos {posLine = 484, posColumn = 18}, spanEnd = SourcePos {posLine = 484, posColumn = 29}}, locValue = TokenIdent \"function_77\"},Located {locSpan = SourceSpan {spanFilename = \"<input>\", spanStart = SourcePos {posLine = 484, posColumn = 29}, spanEnd = SourcePos {posLine = 484, posColumn = 30}}, locValue = TokenDelimiter DelimLeftParen},Located {locSpan = SourceSpan {spanFilename = \"<input>\", spanStart = SourcePos {posLine = 484, posColumn = 30}, spanEnd = SourcePos {posLine = 484, posColumn = 31}}, locValue = TokenIdent \"i\"},Located {locSpan = SourceSpan {spanFilename = \"<input>\", spanStart = SourcePos {posLine = 484, posColumn = 31}, spanEnd = SourcePos {posLine = 484, posColumn = 32}}, locValue = TokenDelimiter DelimRightParen},Located {locSpan = SourceSpan {spanFilename = \"<input>\", spanStart = SourcePos {posLine = 484, posColumn = 1}, spanEnd = SourcePos {posLine = 485, posColumn = 1}}, locValue = TokenNewline},Located {locSpan = SourceSpan {spanFilename = \"<input>\", spanStart = SourcePos {posLine = 485, posColumn = 9}, spanEnd = SourcePos {posLine = 485, posColumn = 14}}, locValue = TokenIdent \"total\"},Located {locSpan = SourceSpan {spanFilename = \"<input>\", spanStart = SourcePos {posLine = 485, posColumn = 15}, spanEnd = SourcePos {posLine = 485, posColumn = 17}}, locValue = TokenOperator OpPlusAssign},Located {locSpan = SourceSpan {spanFilename = \"<input>\", spanStart = SourcePos {posLine = 485, posColumn = 18}, spanEnd = SourcePos {posLine = 485, posColumn = 29}}, locValue = TokenIdent \"function_78\"},Located {locSpan = SourceSpan {spanFilename = \"<input>\", spanStart = SourcePos {posLine = 485, posColumn = 29}, spanEnd = SourcePos {posLine = 485, posColumn = 30}}, locValue = TokenDelimiter DelimLeftParen},Located {locSpan = SourceSpan {spanFilename = \"<input>\", spanStart = SourcePos {posLine = 485, posColumn = 30}, spanEnd = SourcePos {posLine = 485, posColumn = 31}}, locValue = TokenIdent \"i\"},Located {locSpan = SourceSpan {spanFilename = \"<input>\", spanStart = SourcePos {posLine = 485, posColumn = 31}, spanEnd = SourcePos {posLine = 485, posColumn = 32}}, locValue = TokenDelimiter DelimRightParen},Located {locSpan = SourceSpan {spanFilename = \"<input>\", spanStart = SourcePos {posLine = 485, posColumn = 1}, spanEnd = SourcePos {posLine = 486, posColumn = 1}}, locValue = TokenNewline},Located {locSpan = SourceSpan {spanFilename = \"<input>\", spanStart = SourcePos {posLine = 486, posColumn = 9}, spanEnd = SourcePos {posLine = 486, posColumn = 14}}, locValue = TokenIdent \"total\"},Located {locSpan = SourceSpan {spanFilename = \"<input>\", spanStart = SourcePos {posLine = 486, posColumn = 15}, spanEnd = SourcePos {posLine = 486, posColumn = 17}}, locValue = TokenOperator OpPlusAssign},Located {locSpan = SourceSpan {spanFilename = \"<input>\", spanStart = SourcePos {posLine = 486, posColumn = 18}, spanEnd = SourcePos {posLine = 486, posColumn = 29}}, locValue = TokenIdent \"function_79\"},Located {locSpan = SourceSpan {spanFilename = \"<input>\", spanStart = SourcePos {posLine = 486, posColumn = 29}, spanEnd = SourcePos {posLine = 486, posColumn = 30}}, locValue = TokenDelimiter DelimLeftParen},Located {locSpan = SourceSpan {spanFilename = \"<input>\", spanStart = SourcePos {posLine = 486, posColumn = 30}, spanEnd = SourcePos {posLine = 486, posColumn = 31}}, locValue = TokenIdent \"i\"},Located {locSpan = SourceSpan {spanFilename = \"<input>\", spanStart = SourcePos {posLine = 486, posColumn = 31}, spanEnd = SourcePos {posLine = 486, posColumn = 32}}, locValue = TokenDelimiter DelimRightParen},Located {locSpan = SourceSpan {spanFilename = \"<input>\", spanStart = SourcePos {posLine = 486, posColumn = 1}, spanEnd = SourcePos {posLine = 487, posColumn = 1}}, locValue = TokenNewline},Located {locSpan = SourceSpan {spanFilename = \"<input>\", spanStart = SourcePos {posLine = 487, posColumn = 9}, spanEnd = SourcePos {posLine = 487, posColumn = 14}}, locValue = TokenIdent \"total\"},Located {locSpan = SourceSpan {spanFilename = \"<input>\", spanStart = SourcePos {posLine = 487, posColumn = 15}, spanEnd = SourcePos {posLine = 487, posColumn = 17}}, locValue = TokenOperator OpPlusAssign},Located {locSpan = SourceSpan {spanFilename = \"<input>\", spanStart = SourcePos {posLine = 487, posColumn = 18}, spanEnd = SourcePos {posLine = 487, posColumn = 29}}, locValue = TokenIdent \"function_80\"},Located {locSpan = SourceSpan {spanFilename = \"<input>\", spanStart = SourcePos {posLine = 487, posColumn = 29}, spanEnd = SourcePos {posLine = 487, posColumn = 30}}, locValue = TokenDelimiter DelimLeftParen},Located {locSpan = SourceSpan {spanFilename = \"<input>\", spanStart = SourcePos {posLine = 487, posColumn = 30}, spanEnd = SourcePos {posLine = 487, posColumn = 31}}, locValue = TokenIdent \"i\"},Located {locSpan = SourceSpan {spanFilename = \"<input>\", spanStart = SourcePos {posLine = 487, posColumn = 31}, spanEnd = SourcePos {posLine = 487, posColumn = 32}}, locValue = TokenDelimiter DelimRightParen},Located {locSpan = SourceSpan {spanFilename = \"<input>\", spanStart = SourcePos {posLine = 487, posColumn = 1}, spanEnd = SourcePos {posLine = 488, posColumn = 1}}, locValue = TokenNewline},Located {locSpan = SourceSpan {spanFilename = \"<input>\", spanStart = SourcePos {posLine = 488, posColumn = 9}, spanEnd = SourcePos {posLine = 488, posColumn = 14}}, locValue = TokenIdent \"total\"},Located {locSpan = SourceSpan {spanFilename = \"<input>\", spanStart = SourcePos {posLine = 488, posColumn = 15}, spanEnd = SourcePos {posLine = 488, posColumn = 17}}, locValue = TokenOperator OpPlusAssign},Located {locSpan = SourceSpan {spanFilename = \"<input>\", spanStart = SourcePos {posLine = 488, posColumn = 18}, spanEnd = SourcePos {posLine = 488, posColumn = 29}}, locValue = TokenIdent \"function_81\"},Located {locSpan = SourceSpan {spanFilename = \"<input>\", spanStart = SourcePos {posLine = 488, posColumn = 29}, spanEnd = SourcePos {posLine = 488, posColumn = 30}}, locValue = TokenDelimiter DelimLeftParen},Located {locSpan = SourceSpan {spanFilename = \"<input>\", spanStart = SourcePos {posLine = 488, posColumn = 30}, spanEnd = SourcePos {posLine = 488, posColumn = 31}}, locValue = TokenIdent \"i\"},Located {locSpan = SourceSpan {spanFilename = \"<input>\", spanStart = SourcePos {posLine = 488, posColumn = 31}, spanEnd = SourcePos {posLine = 488, posColumn = 32}}, locValue = TokenDelimiter DelimRightParen},Located {locSpan = SourceSpan {spanFilename = \"<input>\", spanStart = SourcePos {posLine = 488, posColumn = 1}, spanEnd = SourcePos {posLine = 489, posColumn = 1}}, locValue = TokenNewline},Located {locSpan = SourceSpan {spanFilename = \"<input>\", spanStart = SourcePos {posLine = 489, posColumn = 9}, spanEnd = SourcePos {posLine = 489, posColumn = 14}}, locValue = TokenIdent \"total\"},Located {locSpan = SourceSpan {spanFilename = \"<input>\", spanStart = SourcePos {posLine = 489, posColumn = 15}, spanEnd = SourcePos {posLine = 489, posColumn = 17}}, locValue = TokenOperator OpPlusAssign},Located {locSpan = SourceSpan {spanFilename = \"<input>\", spanStart = SourcePos {posLine = 489, posColumn = 18}, spanEnd = SourcePos {posLine = 489, posColumn = 29}}, locValue = TokenIdent \"function_82\"},Located {locSpan = SourceSpan {spanFilename = \"<input>\", spanStart = SourcePos {posLine = 489, posColumn = 29}, spanEnd = SourcePos {posLine = 489, posColumn = 30}}, locValue = TokenDelimiter DelimLeftParen},Located {locSpan = SourceSpan {spanFilename = \"<input>\", spanStart = SourcePos {posLine = 489, posColumn = 30}, spanEnd = SourcePos {posLine = 489, posColumn = 31}}, locValue = TokenIdent \"i\"},Located {locSpan = SourceSpan {spanFilename = \"<input>\", spanStart = SourcePos {posLine = 489, posColumn = 31}, spanEnd = SourcePos {posLine = 489, posColumn = 32}}, locValue = TokenDelimiter DelimRightParen},Located {locSpan = SourceSpan {spanFilename = \"<input>\", spanStart = SourcePos {posLine = 489, posColumn = 1}, spanEnd = SourcePos {posLine = 490, posColumn = 1}}, locValue = TokenNewline},Located {locSpan = SourceSpan {spanFilename = \"<input>\", spanStart = SourcePos {posLine = 490, posColumn = 9}, spanEnd = SourcePos {posLine = 490, posColumn = 14}}, locValue = TokenIdent \"total\"},Located {locSpan = SourceSpan {spanFilename = \"<input>\", spanStart = SourcePos {posLine = 490, posColumn = 15}, spanEnd = SourcePos {posLine = 490, posColumn = 17}}, locValue = TokenOperator OpPlusAssign},Located {locSpan = SourceSpan {spanFilename = \"<input>\", spanStart = SourcePos {posLine = 490, posColumn = 18}, spanEnd = SourcePos {posLine = 490, posColumn = 29}}, locValue = TokenIdent \"function_83\"},Located {locSpan = SourceSpan {spanFilename = \"<input>\", spanStart = SourcePos {posLine = 490, posColumn = 29}, spanEnd = SourcePos {posLine = 490, posColumn = 30}}, locValue = TokenDelimiter DelimLeftParen},Located {locSpan = SourceSpan {spanFilename = \"<input>\", spanStart = SourcePos {posLine = 490, posColumn = 30}, spanEnd = SourcePos {posLine = 490, posColumn = 31}}, locValue = TokenIdent \"i\"},Located {locSpan = SourceSpan {spanFilename = \"<input>\", spanStart = SourcePos {posLine = 490, posColumn = 31}, spanEnd = SourcePos {posLine = 490, posColumn = 32}}, locValue = TokenDelimiter DelimRightParen},Located {locSpan = SourceSpan {spanFilename = \"<input>\", spanStart = SourcePos {posLine = 490, posColumn = 1}, spanEnd = SourcePos {posLine = 491, posColumn = 1}}, locValue = TokenNewline},Located {locSpan = SourceSpan {spanFilename = \"<input>\", spanStart = SourcePos {posLine = 491, posColumn = 9}, spanEnd = SourcePos {posLine = 491, posColumn = 14}}, locValue = TokenIdent \"total\"},Located {locSpan = SourceSpan {spanFilename = \"<input>\", spanStart = SourcePos {posLine = 491, posColumn = 15}, spanEnd = SourcePos {posLine = 491, posColumn = 17}}, locValue = TokenOperator OpPlusAssign},Located {locSpan = SourceSpan {spanFilename = \"<input>\", spanStart = SourcePos {posLine = 491, posColumn = 18}, spanEnd = SourcePos {posLine = 491, posColumn = 29}}, locValue = TokenIdent \"function_84\"},Located {locSpan = SourceSpan {spanFilename = \"<input>\", spanStart = SourcePos {posLine = 491, posColumn = 29}, spanEnd = SourcePos {posLine = 491, posColumn = 30}}, locValue = TokenDelimiter DelimLeftParen},Located {locSpan = SourceSpan {spanFilename = \"<input>\", spanStart = SourcePos {posLine = 491, posColumn = 30}, spanEnd = SourcePos {posLine = 491, posColumn = 31}}, locValue = TokenIdent \"i\"},Located {locSpan = SourceSpan {spanFilename = \"<input>\", spanStart = SourcePos {posLine = 491, posColumn = 31}, spanEnd = SourcePos {posLine = 491, posColumn = 32}}, locValue = TokenDelimiter DelimRightParen},Located {locSpan = SourceSpan {spanFilename = \"<input>\", spanStart = SourcePos {posLine = 491, posColumn = 1}, spanEnd = SourcePos {posLine = 492, posColumn = 1}}, locValue = TokenNewline},Located {locSpan = SourceSpan {spanFilename = \"<input>\", spanStart = SourcePos {posLine = 492, posColumn = 9}, spanEnd = SourcePos {posLine = 492, posColumn = 14}}, locValue = TokenIdent \"total\"},Located {locSpan = SourceSpan {spanFilename = \"<input>\", spanStart = SourcePos {posLine = 492, posColumn = 15}, spanEnd = SourcePos {posLine = 492, posColumn = 17}}, locValue = TokenOperator OpPlusAssign},Located {locSpan = SourceSpan {spanFilename = \"<input>\", spanStart = SourcePos {posLine = 492, posColumn = 18}, spanEnd = SourcePos {posLine = 492, posColumn = 29}}, locValue = TokenIdent \"function_85\"},Located {locSpan = SourceSpan {spanFilename = \"<input>\", spanStart = SourcePos {posLine = 492, posColumn = 29}, spanEnd = SourcePos {posLine = 492, posColumn = 30}}, locValue = TokenDelimiter DelimLeftParen},Located {locSpan = SourceSpan {spanFilename = \"<input>\", spanStart = SourcePos {posLine = 492, posColumn = 30}, spanEnd = SourcePos {posLine = 492, posColumn = 31}}, locValue = TokenIdent \"i\"},Located {locSpan = SourceSpan {spanFilename = \"<input>\", spanStart = SourcePos {posLine = 492, posColumn = 31}, spanEnd = SourcePos {posLine = 492, posColumn = 32}}, locValue = TokenDelimiter DelimRightParen},Located {locSpan = SourceSpan {spanFilename = \"<input>\", spanStart = SourcePos {posLine = 492, posColumn = 1}, spanEnd = SourcePos {posLine = 493, posColumn = 1}}, locValue = TokenNewline},Located {locSpan = SourceSpan {spanFilename = \"<input>\", spanStart = SourcePos {posLine = 493, posColumn = 9}, spanEnd = SourcePos {posLine = 493, posColumn = 14}}, locValue = TokenIdent \"total\"},Located {locSpan = SourceSpan {spanFilename = \"<input>\", spanStart = SourcePos {posLine = 493, posColumn = 15}, spanEnd = SourcePos {posLine = 493, posColumn = 17}}, locValue = TokenOperator OpPlusAssign},Located {locSpan = SourceSpan {spanFilename = \"<input>\", spanStart = SourcePos {posLine = 493, posColumn = 18}, spanEnd = SourcePos {posLine = 493, posColumn = 29}}, locValue = TokenIdent \"function_86\"},Located {locSpan = SourceSpan {spanFilename = \"<input>\", spanStart = SourcePos {posLine = 493, posColumn = 29}, spanEnd = SourcePos {posLine = 493, posColumn = 30}}, locValue = TokenDelimiter DelimLeftParen},Located {locSpan = SourceSpan {spanFilename = \"<input>\", spanStart = SourcePos {posLine = 493, posColumn = 30}, spanEnd = SourcePos {posLine = 493, posColumn = 31}}, locValue = TokenIdent \"i\"},Located {locSpan = SourceSpan {spanFilename = \"<input>\", spanStart = SourcePos {posLine = 493, posColumn = 31}, spanEnd = SourcePos {posLine = 493, posColumn = 32}}, locValue = TokenDelimiter DelimRightParen},Located {locSpan = SourceSpan {spanFilename = \"<input>\", spanStart = SourcePos {posLine = 493, posColumn = 1}, spanEnd = SourcePos {posLine = 494, posColumn = 1}}, locValue = TokenNewline},Located {locSpan = SourceSpan {spanFilename = \"<input>\", spanStart = SourcePos {posLine = 494, posColumn = 9}, spanEnd = SourcePos {posLine = 494, posColumn = 14}}, locValue = TokenIdent \"total\"},Located {locSpan = SourceSpan {spanFilename = \"<input>\", spanStart = SourcePos {posLine = 494, posColumn = 15}, spanEnd = SourcePos {posLine = 494, posColumn = 17}}, locValue = TokenOperator OpPlusAssign},Located {locSpan = SourceSpan {spanFilename = \"<input>\", spanStart = SourcePos {posLine = 494, posColumn = 18}, spanEnd = SourcePos {posLine = 494, posColumn = 29}}, locValue = TokenIdent \"function_87\"},Located {locSpan = SourceSpan {spanFilename = \"<input>\", spanStart = SourcePos {posLine = 494, posColumn = 29}, spanEnd = SourcePos {posLine = 494, posColumn = 30}}, locValue = TokenDelimiter DelimLeftParen},Located {locSpan = SourceSpan {spanFilename = \"<input>\", spanStart = SourcePos {posLine = 494, posColumn = 30}, spanEnd = SourcePos {posLine = 494, posColumn = 31}}, locValue = TokenIdent \"i\"},Located {locSpan = SourceSpan {spanFilename = \"<input>\", spanStart = SourcePos {posLine = 494, posColumn = 31}, spanEnd = SourcePos {posLine = 494, posColumn = 32}}, locValue = TokenDelimiter DelimRightParen},Located {locSpan = SourceSpan {spanFilename = \"<input>\", spanStart = SourcePos {posLine = 494, posColumn = 1}, spanEnd = SourcePos {posLine = 495, posColumn = 1}}, locValue = TokenNewline},Located {locSpan = SourceSpan {spanFilename = \"<input>\", spanStart = SourcePos {posLine = 495, posColumn = 9}, spanEnd = SourcePos {posLine = 495, posColumn = 14}}, locValue = TokenIdent \"total\"},Located {locSpan = SourceSpan {spanFilename = \"<input>\", spanStart = SourcePos {posLine = 495, posColumn = 15}, spanEnd = SourcePos {posLine = 495, posColumn = 17}}, locValue = TokenOperator OpPlusAssign},Located {locSpan = SourceSpan {spanFilename = \"<input>\", spanStart = SourcePos {posLine = 495, posColumn = 18}, spanEnd = SourcePos {posLine = 495, posColumn = 29}}, locValue = TokenIdent \"function_88\"},Located {locSpan = SourceSpan {spanFilename = \"<input>\", spanStart = SourcePos {posLine = 495, posColumn = 29}, spanEnd = SourcePos {posLine = 495, posColumn = 30}}, locValue = TokenDelimiter DelimLeftParen},Located {locSpan = SourceSpan {spanFilename = \"<input>\", spanStart = SourcePos {posLine = 495, posColumn = 30}, spanEnd = SourcePos {posLine = 495, posColumn = 31}}, locValue = TokenIdent \"i\"},Located {locSpan = SourceSpan {spanFilename = \"<input>\", spanStart = SourcePos {posLine = 495, posColumn = 31}, spanEnd = SourcePos {posLine = 495, posColumn = 32}}, locValue = TokenDelimiter DelimRightParen},Located {locSpan = SourceSpan {spanFilename = \"<input>\", spanStart = SourcePos {posLine = 495, posColumn = 1}, spanEnd = SourcePos {posLine = 496, posColumn = 1}}, locValue = TokenNewline},Located {locSpan = SourceSpan {spanFilename = \"<input>\", spanStart = SourcePos {posLine = 496, posColumn = 9}, spanEnd = SourcePos {posLine = 496, posColumn = 14}}, locValue = TokenIdent \"total\"},Located {locSpan = SourceSpan {spanFilename = \"<input>\", spanStart = SourcePos {posLine = 496, posColumn = 15}, spanEnd = SourcePos {posLine = 496, posColumn = 17}}, locValue = TokenOperator OpPlusAssign},Located {locSpan = SourceSpan {spanFilename = \"<input>\", spanStart = SourcePos {posLine = 496, posColumn = 18}, spanEnd = SourcePos {posLine = 496, posColumn = 29}}, locValue = TokenIdent \"function_89\"},Located {locSpan = SourceSpan {spanFilename = \"<input>\", spanStart = SourcePos {posLine = 496, posColumn = 29}, spanEnd = SourcePos {posLine = 496, posColumn = 30}}, locValue = TokenDelimiter DelimLeftParen},Located {locSpan = SourceSpan {spanFilename = \"<input>\", spanStart = SourcePos {posLine = 496, posColumn = 30}, spanEnd = SourcePos {posLine = 496, posColumn = 31}}, locValue = TokenIdent \"i\"},Located {locSpan = SourceSpan {spanFilename = \"<input>\", spanStart = SourcePos {posLine = 496, posColumn = 31}, spanEnd = SourcePos {posLine = 496, posColumn = 32}}, locValue = TokenDelimiter DelimRightParen},Located {locSpan = SourceSpan {spanFilename = \"<input>\", spanStart = SourcePos {posLine = 496, posColumn = 1}, spanEnd = SourcePos {posLine = 497, posColumn = 1}}, locValue = TokenNewline},Located {locSpan = SourceSpan {spanFilename = \"<input>\", spanStart = SourcePos {posLine = 497, posColumn = 9}, spanEnd = SourcePos {posLine = 497, posColumn = 14}}, locValue = TokenIdent \"total\"},Located {locSpan = SourceSpan {spanFilename = \"<input>\", spanStart = SourcePos {posLine = 497, posColumn = 15}, spanEnd = SourcePos {posLine = 497, posColumn = 17}}, locValue = TokenOperator OpPlusAssign},Located {locSpan = SourceSpan {spanFilename = \"<input>\", spanStart = SourcePos {posLine = 497, posColumn = 18}, spanEnd = SourcePos {posLine = 497, posColumn = 29}}, locValue = TokenIdent \"function_90\"},Located {locSpan = SourceSpan {spanFilename = \"<input>\", spanStart = SourcePos {posLine = 497, posColumn = 29}, spanEnd = SourcePos {posLine = 497, posColumn = 30}}, locValue = TokenDelimiter DelimLeftParen},Located {locSpan = SourceSpan {spanFilename = \"<input>\", spanStart = SourcePos {posLine = 497, posColumn = 30}, spanEnd = SourcePos {posLine = 497, posColumn = 31}}, locValue = TokenIdent \"i\"},Located {locSpan = SourceSpan {spanFilename = \"<input>\", spanStart = SourcePos {posLine = 497, posColumn = 31}, spanEnd = SourcePos {posLine = 497, posColumn = 32}}, locValue = TokenDelimiter DelimRightParen},Located {locSpan = SourceSpan {spanFilename = \"<input>\", spanStart = SourcePos {posLine = 497, posColumn = 1}, spanEnd = SourcePos {posLine = 498, posColumn = 1}}, locValue = TokenNewline},Located {locSpan = SourceSpan {spanFilename = \"<input>\", spanStart = SourcePos {posLine = 498, posColumn = 9}, spanEnd = SourcePos {posLine = 498, posColumn = 14}}, locValue = TokenIdent \"total\"},Located {locSpan = SourceSpan {spanFilename = \"<input>\", spanStart = SourcePos {posLine = 498, posColumn = 15}, spanEnd = SourcePos {posLine = 498, posColumn = 17}}, locValue = TokenOperator OpPlusAssign},Located {locSpan = SourceSpan {spanFilename = \"<input>\", spanStart = SourcePos {posLine = 498, posColumn = 18}, spanEnd = SourcePos {posLine = 498, posColumn = 29}}, locValue = TokenIdent \"function_91\"},Located {locSpan = SourceSpan {spanFilename = \"<input>\", spanStart = SourcePos {posLine = 498, posColumn = 29}, spanEnd = SourcePos {posLine = 498, posColumn = 30}}, locValue = TokenDelimiter DelimLeftParen},Located {locSpan = SourceSpan {spanFilename = \"<input>\", spanStart = SourcePos {posLine = 498, posColumn = 30}, spanEnd = SourcePos {posLine = 498, posColumn = 31}}, locValue = TokenIdent \"i\"},Located {locSpan = SourceSpan {spanFilename = \"<input>\", spanStart = SourcePos {posLine = 498, posColumn = 31}, spanEnd = SourcePos {posLine = 498, posColumn = 32}}, locValue = TokenDelimiter DelimRightParen},Located {locSpan = SourceSpan {spanFilename = \"<input>\", spanStart = SourcePos {posLine = 498, posColumn = 1}, spanEnd = SourcePos {posLine = 499, posColumn = 1}}, locValue = TokenNewline},Located {locSpan = SourceSpan {spanFilename = \"<input>\", spanStart = SourcePos {posLine = 499, posColumn = 9}, spanEnd = SourcePos {posLine = 499, posColumn = 14}}, locValue = TokenIdent \"total\"},Located {locSpan = SourceSpan {spanFilename = \"<input>\", spanStart = SourcePos {posLine = 499, posColumn = 15}, spanEnd = SourcePos {posLine = 499, posColumn = 17}}, locValue = TokenOperator OpPlusAssign},Located {locSpan = SourceSpan {spanFilename = \"<input>\", spanStart = SourcePos {posLine = 499, posColumn = 18}, spanEnd = SourcePos {posLine = 499, posColumn = 29}}, locValue = TokenIdent \"function_92\"},Located {locSpan = SourceSpan {spanFilename = \"<input>\", spanStart = SourcePos {posLine = 499, posColumn = 29}, spanEnd = SourcePos {posLine = 499, posColumn = 30}}, locValue = TokenDelimiter DelimLeftParen},Located {locSpan = SourceSpan {spanFilename = \"<input>\", spanStart = SourcePos {posLine = 499, posColumn = 30}, spanEnd = SourcePos {posLine = 499, posColumn = 31}}, locValue = TokenIdent \"i\"},Located {locSpan = SourceSpan {spanFilename = \"<input>\", spanStart = SourcePos {posLine = 499, posColumn = 31}, spanEnd = SourcePos {posLine = 499, posColumn = 32}}, locValue = TokenDelimiter DelimRightParen},Located {locSpan = SourceSpan {spanFilename = \"<input>\", spanStart = SourcePos {posLine = 499, posColumn = 1}, spanEnd = SourcePos {posLine = 500, posColumn = 1}}, locValue = TokenNewline},Located {locSpan = SourceSpan {spanFilename = \"<input>\", spanStart = SourcePos {posLine = 500, posColumn = 9}, spanEnd = SourcePos {posLine = 500, posColumn = 14}}, locValue = TokenIdent \"total\"},Located {locSpan = SourceSpan {spanFilename = \"<input>\", spanStart = SourcePos {posLine = 500, posColumn = 15}, spanEnd = SourcePos {posLine = 500, posColumn = 17}}, locValue = TokenOperator OpPlusAssign},Located {locSpan = SourceSpan {spanFilename = \"<input>\", spanStart = SourcePos {posLine = 500, posColumn = 18}, spanEnd = SourcePos {posLine = 500, posColumn = 29}}, locValue = TokenIdent \"function_93\"},Located {locSpan = SourceSpan {spanFilename = \"<input>\", spanStart = SourcePos {posLine = 500, posColumn = 29}, spanEnd = SourcePos {posLine = 500, posColumn = 30}}, locValue = TokenDelimiter DelimLeftParen},Located {locSpan = SourceSpan {spanFilename = \"<input>\", spanStart = SourcePos {posLine = 500, posColumn = 30}, spanEnd = SourcePos {posLine = 500, posColumn = 31}}, locValue = TokenIdent \"i\"},Located {locSpan = SourceSpan {spanFilename = \"<input>\", spanStart = SourcePos {posLine = 500, posColumn = 31}, spanEnd = SourcePos {posLine = 500, posColumn = 32}}, locValue = TokenDelimiter DelimRightParen},Located {locSpan = SourceSpan {spanFilename = \"<input>\", spanStart = SourcePos {posLine = 500, posColumn = 1}, spanEnd = SourcePos {posLine = 501, posColumn = 1}}, locValue = TokenNewline},Located {locSpan = SourceSpan {spanFilename = \"<input>\", spanStart = SourcePos {posLine = 501, posColumn = 9}, spanEnd = SourcePos {posLine = 501, posColumn = 14}}, locValue = TokenIdent \"total\"},Located {locSpan = SourceSpan {spanFilename = \"<input>\", spanStart = SourcePos {posLine = 501, posColumn = 15}, spanEnd = SourcePos {posLine = 501, posColumn = 17}}, locValue = TokenOperator OpPlusAssign},Located {locSpan = SourceSpan {spanFilename = \"<input>\", spanStart = SourcePos {posLine = 501, posColumn = 18}, spanEnd = SourcePos {posLine = 501, posColumn = 29}}, locValue = TokenIdent \"function_94\"},Located {locSpan = SourceSpan {spanFilename = \"<input>\", spanStart = SourcePos {posLine = 501, posColumn = 29}, spanEnd = SourcePos {posLine = 501, posColumn = 30}}, locValue = TokenDelimiter DelimLeftParen},Located {locSpan = SourceSpan {spanFilename = \"<input>\", spanStart = SourcePos {posLine = 501, posColumn = 30}, spanEnd = SourcePos {posLine = 501, posColumn = 31}}, locValue = TokenIdent \"i\"},Located {locSpan = SourceSpan {spanFilename = \"<input>\", spanStart = SourcePos {posLine = 501, posColumn = 31}, spanEnd = SourcePos {posLine = 501, posColumn = 32}}, locValue = TokenDelimiter DelimRightParen},Located {locSpan = SourceSpan {spanFilename = \"<input>\", spanStart = SourcePos {posLine = 501, posColumn = 1}, spanEnd = SourcePos {posLine = 502, posColumn = 1}}, locValue = TokenNewline},Located {locSpan = SourceSpan {spanFilename = \"<input>\", spanStart = SourcePos {posLine = 502, posColumn = 9}, spanEnd = SourcePos {posLine = 502, posColumn = 14}}, locValue = TokenIdent \"total\"},Located {locSpan = SourceSpan {spanFilename = \"<input>\", spanStart = SourcePos {posLine = 502, posColumn = 15}, spanEnd = SourcePos {posLine = 502, posColumn = 17}}, locValue = TokenOperator OpPlusAssign},Located {locSpan = SourceSpan {spanFilename = \"<input>\", spanStart = SourcePos {posLine = 502, posColumn = 18}, spanEnd = SourcePos {posLine = 502, posColumn = 29}}, locValue = TokenIdent \"function_95\"},Located {locSpan = SourceSpan {spanFilename = \"<input>\", spanStart = SourcePos {posLine = 502, posColumn = 29}, spanEnd = SourcePos {posLine = 502, posColumn = 30}}, locValue = TokenDelimiter DelimLeftParen},Located {locSpan = SourceSpan {spanFilename = \"<input>\", spanStart = SourcePos {posLine = 502, posColumn = 30}, spanEnd = SourcePos {posLine = 502, posColumn = 31}}, locValue = TokenIdent \"i\"},Located {locSpan = SourceSpan {spanFilename = \"<input>\", spanStart = SourcePos {posLine = 502, posColumn = 31}, spanEnd = SourcePos {posLine = 502, posColumn = 32}}, locValue = TokenDelimiter DelimRightParen},Located {locSpan = SourceSpan {spanFilename = \"<input>\", spanStart = SourcePos {posLine = 502, posColumn = 1}, spanEnd = SourcePos {posLine = 503, posColumn = 1}}, locValue = TokenNewline},Located {locSpan = SourceSpan {spanFilename = \"<input>\", spanStart = SourcePos {posLine = 503, posColumn = 9}, spanEnd = SourcePos {posLine = 503, posColumn = 14}}, locValue = TokenIdent \"total\"},Located {locSpan = SourceSpan {spanFilename = \"<input>\", spanStart = SourcePos {posLine = 503, posColumn = 15}, spanEnd = SourcePos {posLine = 503, posColumn = 17}}, locValue = TokenOperator OpPlusAssign},Located {locSpan = SourceSpan {spanFilename = \"<input>\", spanStart = SourcePos {posLine = 503, posColumn = 18}, spanEnd = SourcePos {posLine = 503, posColumn = 29}}, locValue = TokenIdent \"function_96\"},Located {locSpan = SourceSpan {spanFilename = \"<input>\", spanStart = SourcePos {posLine = 503, posColumn = 29}, spanEnd = SourcePos {posLine = 503, posColumn = 30}}, locValue = TokenDelimiter DelimLeftParen},Located {locSpan = SourceSpan {spanFilename = \"<input>\", spanStart = SourcePos {posLine = 503, posColumn = 30}, spanEnd = SourcePos {posLine = 503, posColumn = 31}}, locValue = TokenIdent \"i\"},Located {locSpan = SourceSpan {spanFilename = \"<input>\", spanStart = SourcePos {posLine = 503, posColumn = 31}, spanEnd = SourcePos {posLine = 503, posColumn = 32}}, locValue = TokenDelimiter DelimRightParen},Located {locSpan = SourceSpan {spanFilename = \"<input>\", spanStart = SourcePos {posLine = 503, posColumn = 1}, spanEnd = SourcePos {posLine = 504, posColumn = 1}}, locValue = TokenNewline},Located {locSpan = SourceSpan {spanFilename = \"<input>\", spanStart = SourcePos {posLine = 504, posColumn = 9}, spanEnd = SourcePos {posLine = 504, posColumn = 14}}, locValue = TokenIdent \"total\"},Located {locSpan = SourceSpan {spanFilename = \"<input>\", spanStart = SourcePos {posLine = 504, posColumn = 15}, spanEnd = SourcePos {posLine = 504, posColumn = 17}}, locValue = TokenOperator OpPlusAssign},Located {locSpan = SourceSpan {spanFilename = \"<input>\", spanStart = SourcePos {posLine = 504, posColumn = 18}, spanEnd = SourcePos {posLine = 504, posColumn = 29}}, locValue = TokenIdent \"function_97\"},Located {locSpan = SourceSpan {spanFilename = \"<input>\", spanStart = SourcePos {posLine = 504, posColumn = 29}, spanEnd = SourcePos {posLine = 504, posColumn = 30}}, locValue = TokenDelimiter DelimLeftParen},Located {locSpan = SourceSpan {spanFilename = \"<input>\", spanStart = SourcePos {posLine = 504, posColumn = 30}, spanEnd = SourcePos {posLine = 504, posColumn = 31}}, locValue = TokenIdent \"i\"},Located {locSpan = SourceSpan {spanFilename = \"<input>\", spanStart = SourcePos {posLine = 504, posColumn = 31}, spanEnd = SourcePos {posLine = 504, posColumn = 32}}, locValue = TokenDelimiter DelimRightParen},Located {locSpan = SourceSpan {spanFilename = \"<input>\", spanStart = SourcePos {posLine = 504, posColumn = 1}, spanEnd = SourcePos {posLine = 505, posColumn = 1}}, locValue = TokenNewline},Located {locSpan = SourceSpan {spanFilename = \"<input>\", spanStart = SourcePos {posLine = 505, posColumn = 9}, spanEnd = SourcePos {posLine = 505, posColumn = 14}}, locValue = TokenIdent \"total\"},Located {locSpan = SourceSpan {spanFilename = \"<input>\", spanStart = SourcePos {posLine = 505, posColumn = 15}, spanEnd = SourcePos {posLine = 505, posColumn = 17}}, locValue = TokenOperator OpPlusAssign},Located {locSpan = SourceSpan {spanFilename = \"<input>\", spanStart = SourcePos {posLine = 505, posColumn = 18}, spanEnd = SourcePos {posLine = 505, posColumn = 29}}, locValue = TokenIdent \"function_98\"},Located {locSpan = SourceSpan {spanFilename = \"<input>\", spanStart = SourcePos {posLine = 505, posColumn = 29}, spanEnd = SourcePos {posLine = 505, posColumn = 30}}, locValue = TokenDelimiter DelimLeftParen},Located {locSpan = SourceSpan {spanFilename = \"<input>\", spanStart = SourcePos {posLine = 505, posColumn = 30}, spanEnd = SourcePos {posLine = 505, posColumn = 31}}, locValue = TokenIdent \"i\"},Located {locSpan = SourceSpan {spanFilename = \"<input>\", spanStart = SourcePos {posLine = 505, posColumn = 31}, spanEnd = SourcePos {posLine = 505, posColumn = 32}}, locValue = TokenDelimiter DelimRightParen},Located {locSpan = SourceSpan {spanFilename = \"<input>\", spanStart = SourcePos {posLine = 505, posColumn = 1}, spanEnd = SourcePos {posLine = 506, posColumn = 1}}, locValue = TokenNewline},Located {locSpan = SourceSpan {spanFilename = \"<input>\", spanStart = SourcePos {posLine = 506, posColumn = 9}, spanEnd = SourcePos {posLine = 506, posColumn = 14}}, locValue = TokenIdent \"total\"},Located {locSpan = SourceSpan {spanFilename = \"<input>\", spanStart = SourcePos {posLine = 506, posColumn = 15}, spanEnd = SourcePos {posLine = 506, posColumn = 17}}, locValue = TokenOperator OpPlusAssign},Located {locSpan = SourceSpan {spanFilename = \"<input>\", spanStart = SourcePos {posLine = 506, posColumn = 18}, spanEnd = SourcePos {posLine = 506, posColumn = 29}}, locValue = TokenIdent \"function_99\"},Located {locSpan = SourceSpan {spanFilename = \"<input>\", spanStart = SourcePos {posLine = 506, posColumn = 29}, spanEnd = SourcePos {posLine = 506, posColumn = 30}}, locValue = TokenDelimiter DelimLeftParen},Located {locSpan = SourceSpan {spanFilename = \"<input>\", spanStart = SourcePos {posLine = 506, posColumn = 30}, spanEnd = SourcePos {posLine = 506, posColumn = 31}}, locValue = TokenIdent \"i\"},Located {locSpan = SourceSpan {spanFilename = \"<input>\", spanStart = SourcePos {posLine = 506, posColumn = 31}, spanEnd = SourcePos {posLine = 506, posColumn = 32}}, locValue = TokenDelimiter DelimRightParen},Located {locSpan = SourceSpan {spanFilename = \"<input>\", spanStart = SourcePos {posLine = 506, posColumn = 1}, spanEnd = SourcePos {posLine = 507, posColumn = 1}}, locValue = TokenNewline},Located {locSpan = SourceSpan {spanFilename = \"<input>\", spanStart = SourcePos {posLine = 507, posColumn = 9}, spanEnd = SourcePos {posLine = 507, posColumn = 14}}, locValue = TokenIdent \"total\"},Located {locSpan = SourceSpan {spanFilename = \"<input>\", spanStart = SourcePos {posLine = 507, posColumn = 15}, spanEnd = SourcePos {posLine = 507, posColumn = 17}}, locValue = TokenOperator OpPlusAssign},Located {locSpan = SourceSpan {spanFilename = \"<input>\", spanStart = SourcePos {posLine = 507, posColumn = 18}, spanEnd = SourcePos {posLine = 507, posColumn = 30}}, locValue = TokenIdent \"function_100\"},Located {locSpan = SourceSpan {spanFilename = \"<input>\", spanStart = SourcePos {posLine = 507, posColumn = 30}, spanEnd = SourcePos {posLine = 507, posColumn = 31}}, locValue = TokenDelimiter DelimLeftParen},Located {locSpan = SourceSpan {spanFilename = \"<input>\", spanStart = SourcePos {posLine = 507, posColumn = 31}, spanEnd = SourcePos {posLine = 507, posColumn = 32}}, locValue = TokenIdent \"i\"},Located {locSpan = SourceSpan {spanFilename = \"<input>\", spanStart = SourcePos {posLine = 507, posColumn = 32}, spanEnd = SourcePos {posLine = 507, posColumn = 33}}, locValue = TokenDelimiter DelimRightParen},Located {locSpan = SourceSpan {spanFilename = \"<input>\", spanStart = SourcePos {posLine = 507, posColumn = 1}, spanEnd = SourcePos {posLine = 508, posColumn = 1}}, locValue = TokenNewline},Located {locSpan = SourceSpan {spanFilename = \"<input>\", spanStart = SourcePos {posLine = 508, posColumn = 1}, spanEnd = SourcePos {posLine = 508, posColumn = 5}}, locValue = TokenDedent 8},Located {locSpan = SourceSpan {spanFilename = \"<input>\", spanStart = SourcePos {posLine = 508, posColumn = 5}, spanEnd = SourcePos {posLine = 508, posColumn = 10}}, locValue = TokenIdent \"print\"},Located {locSpan = SourceSpan {spanFilename = \"<input>\", spanStart = SourcePos {posLine = 508, posColumn = 10}, spanEnd = SourcePos {posLine = 508, posColumn = 11}}, locValue = TokenDelimiter DelimLeftParen},Located {locSpan = SourceSpan {spanFilename = \"<input>\", spanStart = SourcePos {posLine = 508, posColumn = 11}, spanEnd = SourcePos {posLine = 508, posColumn = 28}}, locValue = TokenFString \"Total: {total}\" [\"total\"]},Located {locSpan = SourceSpan {spanFilename = \"<input>\", spanStart = SourcePos {posLine = 508, posColumn = 28}, spanEnd = SourcePos {posLine = 508, posColumn = 29}}, locValue = TokenDelimiter DelimRightParen},Located {locSpan = SourceSpan {spanFilename = \"<input>\", spanStart = SourcePos {posLine = 508, posColumn = 1}, spanEnd = SourcePos {posLine = 509, posColumn = 1}}, locValue = TokenNewline},Located {locSpan = SourceSpan {spanFilename = \"<input>\", spanStart = SourcePos {posLine = 509, posColumn = 5}, spanEnd = SourcePos {posLine = 509, posColumn = 11}}, locValue = TokenKeyword KwReturn},Located {locSpan = SourceSpan {spanFilename = \"<input>\", spanStart = SourcePos {posLine = 509, posColumn = 12}, spanEnd = SourcePos {posLine = 509, posColumn = 13}}, locValue = TokenNumber \"0\" False},Located {locSpan = SourceSpan {spanFilename = \"<input>\", spanStart = SourcePos {posLine = 509, posColumn = 1}, spanEnd = SourcePos {posLine = 511, posColumn = 1}}, locValue = TokenNewline},Located {locSpan = SourceSpan {spanFilename = \"<input>\", spanStart = SourcePos {posLine = 509, posColumn = 1}, spanEnd = SourcePos {posLine = 511, posColumn = 1}}, locValue = TokenNewline},Located {locSpan = SourceSpan {spanFilename = \"<input>\", spanStart = SourcePos {posLine = 511, posColumn = 1}, spanEnd = SourcePos {posLine = 511, posColumn = 1}}, locValue = TokenDedent 4},Located {locSpan = SourceSpan {spanFilename = \"<input>\", spanStart = SourcePos {posLine = 511, posColumn = 1}, spanEnd = SourcePos {posLine = 511, posColumn = 3}}, locValue = TokenKeyword KwIf},Located {locSpan = SourceSpan {spanFilename = \"<input>\", spanStart = SourcePos {posLine = 511, posColumn = 4}, spanEnd = SourcePos {posLine = 511, posColumn = 12}}, locValue = TokenIdent \"__name__\"},Located {locSpan = SourceSpan {spanFilename = \"<input>\", spanStart = SourcePos {posLine = 511, posColumn = 13}, spanEnd = SourcePos {posLine = 511, posColumn = 15}}, locValue = TokenOperator OpEq},Located {locSpan = SourceSpan {spanFilename = \"<input>\", spanStart = SourcePos {posLine = 511, posColumn = 16}, spanEnd = SourcePos {posLine = 511, posColumn = 26}}, locValue = TokenString \"__main__\"},Located {locSpan = SourceSpan {spanFilename = \"<input>\", spanStart = SourcePos {posLine = 511, posColumn = 26}, spanEnd = SourcePos {posLine = 511, posColumn = 27}}, locValue = TokenDelimiter DelimColon},Located {locSpan = SourceSpan {spanFilename = \"<input>\", spanStart = SourcePos {posLine = 511, posColumn = 1}, spanEnd = SourcePos {posLine = 512, posColumn = 1}}, locValue = TokenNewline},Located {locSpan = SourceSpan {spanFilename = \"<input>\", spanStart = SourcePos {posLine = 512, posColumn = 1}, spanEnd = SourcePos {posLine = 512, posColumn = 5}}, locValue = TokenIndent 4},Located {locSpan = SourceSpan {spanFilename = \"<input>\", spanStart = SourcePos {posLine = 512, posColumn = 5}, spanEnd = SourcePos {posLine = 512, posColumn = 8}}, locValue = TokenIdent \"sys\"},Located {locSpan = SourceSpan {spanFilename = \"<input>\", spanStart = SourcePos {posLine = 512, posColumn = 8}, spanEnd = SourcePos {posLine = 512, posColumn = 9}}, locValue = TokenDelimiter DelimDot},Located {locSpan = SourceSpan {spanFilename = \"<input>\", spanStart = SourcePos {posLine = 512, posColumn = 9}, spanEnd = SourcePos {posLine = 512, posColumn = 13}}, locValue = TokenIdent \"exit\"},Located {locSpan = SourceSpan {spanFilename = \"<input>\", spanStart = SourcePos {posLine = 512, posColumn = 13}, spanEnd = SourcePos {posLine = 512, posColumn = 14}}, locValue = TokenDelimiter DelimLeftParen},Located {locSpan = SourceSpan {spanFilename = \"<input>\", spanStart = SourcePos {posLine = 512, posColumn = 14}, spanEnd = SourcePos {posLine = 512, posColumn = 18}}, locValue = TokenIdent \"main\"},Located {locSpan = SourceSpan {spanFilename = \"<input>\", spanStart = SourcePos {posLine = 512, posColumn = 18}, spanEnd = SourcePos {posLine = 512, posColumn = 19}}, locValue = TokenDelimiter DelimLeftParen},Located {locSpan = SourceSpan {spanFilename = \"<input>\", spanStart = SourcePos {posLine = 512, posColumn = 19}, spanEnd = SourcePos {posLine = 512, posColumn = 20}}, locValue = TokenDelimiter DelimRightParen},Located {locSpan = SourceSpan {spanFilename = \"<input>\", spanStart = SourcePos {posLine = 512, posColumn = 20}, spanEnd = SourcePos {posLine = 512, posColumn = 21}}, locValue = TokenDelimiter DelimRightParen},Located {locSpan = SourceSpan {spanFilename = \"<input>\", spanStart = SourcePos {posLine = 512, posColumn = 1}, spanEnd = SourcePos {posLine = 513, posColumn = 1}}, locValue = TokenNewline},Located {locSpan = SourceSpan {spanFilename = \"<input>\", spanStart = SourcePos {posLine = 0, posColumn = 0}, spanEnd = SourcePos {posLine = 0, posColumn = 0}}, locValue = TokenDedent 0}], pstateOffset = 0, pstateSourcePos = SourcePos {sourceName = \"/tmp/fluxus-large-test--31a3ffe56f5c57e2/large.py\", sourceLine = Pos 1, sourceColumn = Pos 1}, pstateTabWidth = Pos 8, pstateLinePrefix = \"\"}}" (SourceSpan {spanFilename = "/tmp/fluxus-large-test--31a3ffe56f5c57e2/large.py", spanStart = SourcePos {posLine = 1, posColumn = 1}, spanEnd = SourcePos {posLine = 1, posColumn = 1}})

  To rerun use: --match "/Fluxus Compiler Comprehensive Test Suite/End-to-End Production Tests/Performance Tests/compiles efficiently with large codebases/" --seed 588822564

Randomized with seed 588822564

Finished in 4.5233 seconds
247 examples, 7 failures

Test suite fluxus-test: FAIL
Test suite logged to:
/home/qwe12345678/hyperstatic2/dist-newstyle/build/x86_64-linux/ghc-9.6.3/fluxus-0.1.0.0/t/fluxus-test/test/fluxus-0.1.0.0-fluxus-test.log
0 of 1 test suites (0 of 1 test cases) passed.
Error: cabal: Tests failed for test:fluxus-test from fluxus-0.1.0.0.

