Testing divide_numbers:
5.0
Error: Cannot divide by zero
Error: Both arguments must be numbers

Testing get_list_element:
3
Error: Index out of range
n

Testing process_data:
10
Value error: Value cannot be negative
Value error: Value key not found
Type error: Data must be a dictionary

Testing finally block:
Inside try block
Inside finally block (always executes)
5.0