=== Lists ===
Original list: ['apple', 'banana', 'cherry', 'date']
After operations: ['apple', 'blueberry', 'banana', 'date']
Popped item: elderberry
First three: ['apple', 'blueberry', 'banana']
Last two: ['banana', 'date']
Sorted numbers: [1, 1, 2, 3, 4, 5, 6, 9]
Reversed numbers: [9, 6, 5, 4, 3, 2, 1, 1]
Count of 1: 2
Index of 9: 0

=== Tuples ===
Coordinates: (10, 20)
Point: (3, 4, 5)
Unpacked: x=10, y=20

=== Sets ===
Set 1: {1, 2, 3, 4, 5}
Set 2: {4, 5, 6, 7, 8}
Union: {1, 2, 3, 4, 5, 6, 7, 8}
Intersection: {4, 5}
Difference: {1, 2, 3}
Symmetric difference: {1, 2, 3, 6, 7, 8}
Modified set 1: {1, 3, 4, 5, 6}
Is 3 in set1? True
Set length: 5

=== Dictionaries Extended ===
Student: {'name': 'Alice', 'age': 20, 'grades': [85, 90, 78, 92], 'courses': {'math': 'A', 'science': 'B+', 'history': 'A-'}}
Keys: ['name', 'age', 'grades', 'courses']
Values: ['Alice', 20, [85, 90, 78, 92], {'math': 'A', 'science': 'B+', 'history': 'A-'}]
Math grade: A
After update and pop: {'name': 'Alice', 'grades': [85, 90, 78, 92], 'courses': {'math': 'A', 'science': 'B+', 'history': 'A-'}, 'major': 'Computer Science'}
Popped age: 20
Grades: [85, 90, 78, 92]
Missing key with default: default_value

Complex data: {'users': [{'id': 1, 'name': 'Alice', 'active': True}, {'id': 2, 'name': 'Bob', 'active': False}, {'id': 3, 'name': 'Charlie', 'active': True}], 'metadata': {'total_users': 3, 'active_users': 2, 'created_date': '2024-01-01'}}
Active users: ['Alice', 'Charlie']