Original numbers: [1, 2, 3, 4, 5, 6, 7, 8, 9, 10]
Squares: [1, 4, 9, 16, 25, 36, 49, 64, 81, 100]
Even numbers: [2, 4, 6, 8, 10]
Odd numbers: [1, 3, 5, 7, 9]
Divisible by 3 or 5: [3, 5, 6, 9, 10, 12, 15, 18, 20]
Matrix: [[0, 1, 2], [1, 2, 3], [2, 3, 4]]
Sum of squares: 385
Max even number: 10
Word lengths: {'hello': 5, 'world': 5, 'python': 6, 'programming': 11}
Unique characters: {'d', 'y', 'n', 'r', 'h', 't', 'o', 'p', 'e', 'w', 'l'}
Pairs: [(1, 4), (1, 5), (1, 6), (2, 4), (2, 5), (2, 6), (3, 4), (3, 5), (3, 6)]
Even/odd: ['odd', 'even', 'odd', 'even', 'odd', 'even', 'odd', 'even', 'odd', 'even']