File content:
Hello, World!
This is a test file.
Line 3
Line 4


Reading line by line:
Line 1: Hello, World!
Line 2: This is a test file.
Line 3: Line 3
Line 4: Line 4

Copied file content:
Source content
Another line


Testing custom context manager:
Doing some work...
Execution time: 0.1001 seconds