=== URL Parsing ===
URL parsing:

URL: https://www.example.com/path/to/page?param1=value1&param2=value2#fragment
  Scheme: https
  Netloc: www.example.com
  Path: /path/to/page
  Params: 
  Query: param1=value1&param2=value2
  Fragment: fragment

URL: http://subdomain.domain.com:8080/api/v1/users
  Scheme: http
  Netloc: subdomain.domain.com:8080
  Path: /api/v1/users
  Params: 
  Query: 
  Fragment: 

URL: ftp://files.server.org/download/file.txt
  Scheme: ftp
  Netloc: files.server.org
  Path: /download/file.txt
  Params: 
  Query: 
  Fragment: 

URL: https://example.com
  Scheme: https
  Netloc: example.com
  Path: 
  Params: 
  Query: 
  Fragment: 

URL: mailto:user@example.com
  Scheme: mailto
  Netloc: 
  Path: user@example.com
  Params: 
  Query: 
  Fragment: 

=== HTTP GET Request ===
Making GET request to: https://httpbin.org/get?key1=value1&key2=value2
Response status: 200
Response headers: {'Date': 'Sat, 11 Oct 2025 17:28:06 GMT', 'Content-Type': 'application/json', 'Content-Length': '349', 'Connection': 'close', 'Server': 'gunicorn/19.9.0', 'Access-Control-Allow-Origin': '*', 'Access-Control-Allow-Credentials': 'true'}
Response data: {
  "args": {
    "key1": "value1",
    "key2": "value2"
  },
  "headers": {
    "Accept-Encoding": "identity",
    "Host": "httpbin.org",
    "User-Agent": "Python-urllib/3.13",
    "X-Amzn-Trace-Id": "Root=1-68ea93a6-64f89f977d3a6e5233f9ba0c"
  },
  "origin": "114.248.127.192",
  "url": "https://httpbin.org/get?key1=value1&key2=value2"
}

=== HTTP POST Request ===
Making POST request to: https://httpbin.org/post
Response status: 200
Response data: {
  "args": {},
  "data": "",
  "files": {},
  "form": {
    "email": "john@example.com",
    "message": "Hello, World!",
    "name": "John Doe"
  },
  "headers": {
    "Accept-Encoding": "identity",
    "Content-Length": "64",
    "Content-Type": "application/x-www-form-urlencoded",
    "Host": "httpbin.org",
    "User-Agent": "Python-urllib/3.13",
    "X-Amzn-Trace-Id": "Root=1-68ea93a7-143e24a2745d41e57e7c6dcf"
  },
  "json": null,
  "origin": "114.248.127.192",
  "url": "https://httpbin.org/post"
}

=== JSON API Request ===
Making JSON request to: https://jsonplaceholder.typicode.com/posts/1
Response status: 200
Content-Type: application/json; charset=utf-8
Post data:
  ID: 1
  Title: sunt aut facere repellat provident occaecati excepturi optio reprehenderit
  Body: quia et suscipit
suscipit recusandae consequuntur ...

=== Socket Operations ===
Testing socket operations for www.example.com:80
IP address of www.example.com: 88.221.83.146
Connected to www.example.com:80

HTTP Response (first few lines):
  HTTP/1.1 200 OK
  Content-Type: text/html
  ETag: "bc2473a18e003bdb249eba5ce893033f:1760028122.592274"
  Last-Modified: Thu, 09 Oct 2025 16:42:02 GMT
  Cache-Control: max-age=86000
  Date: Sat, 11 Oct 2025 17:28:09 GMT
  Content-Length: 513
  Connection: close
  X-N: S

=== URL Encoding/Decoding ===
Original URL: https://example.com/search?q=Python programming&category=web development&page=1
Parsed query parameters: {'q': ['Python programming'], 'category': ['web development'], 'page': ['1']}

New URL: https://example.com/search?q=Data+Science&category=web+development&page=1&sort=relevance

Original text: Hello World! Programming & Coding
URL encoded: Hello%20World%21%20Programming%20%26%20Coding
URL decoded: Hello World! Programming & Coding

=== HTTP Headers ===
Making request with custom headers to: https://httpbin.org/headers
Response status: 200
Response headers from server: {
  "Accept": "application/json",
  "Accept-Encoding": "identity",
  "Host": "httpbin.org",
  "User-Agent": "Mozilla/5.0 (Test Script)",
  "X-Amzn-Trace-Id": "Root=1-68ea93aa-0edd8e1257b17bb4502ce35d",
  "X-Custom-Header": "TestValue"
}

=== Error Handling ===
Testing error handling:

Trying: https://www.example.com
  Success: 200

Trying: https://this-domain-does-not-exist.com
  URL Error: [Errno -2] Name or service not known

Trying: https://www.example.com/nonexistent-page
  HTTP Error 404: Not Found

Trying: http://localhost:9999
  URL Error: [Errno 111] Connection refused