=== for...else ===
All numbers are even

=== for...else with break ===
Found odd number: 5

=== while...else ===
Count: 0
Count: 1
Count: 2
While loop completed normally

=== while...else with break ===
Breaking at 5

=== Nested loops ===
i=0, j=0
i=0, j=1
i=0, j=2
i=1, j=0
Breaking at i=1, j=1
i=2, j=0
i=2, j=1
i=2, j=2

=== While with multiple conditions ===
x=0, y=10
x=1, y=9
x=2, y=8
x=3, y=7
x=4, y=6

=== pass statement ===
Odd: 1
Odd: 3
EmptyClass and empty_function created

=== Match statement (Python 3.10+) ===
check_value(0): zero
check_value(1): one
check_value(5): other
describe_point((0, 0)): origin
describe_point((0, 5)): on y-axis at 5
describe_point((3, 4)): at (3, 4)

=== Complex if-elif-else ===
Score 85 is grade B

=== Multiple inline conditions ===
x=15 is medium

=== Loop with continue ===
Odd number: 1
Odd number: 3
Odd number: 5
Odd number: 7

=== Enumerate with condition ===
Index 0: apple
Index 1: banana (long word)
Index 2: cherry (long word)
Index 3: date

=== try-except-else-finally ===
Division successful: 5.0
Cleanup complete

Cannot divide by zero
Cleanup complete

=== Nested try-except ===
Inner exception caught
Outer exception caught: Converted error

=== Multiple exceptions ===
Error: ZeroDivisionError
Error: IndexError

=== All control flow tests completed ===