=== Basic Try-Except ===
Cannot divide by zero!
This always runs!

=== Multiple Exceptions ===
100 / 10 = 10.0
Cannot divide 100 by 0 (zero)
Cannot divide 100 by five (wrong type)
Cannot divide 100 by [1, 2, 3] (wrong type)

=== Custom Exception ===
Valid age: 25
InvalidAgeError: Invalid age: -5. Age must be between 0 and 120.
InvalidAgeError: Invalid age: 150. Age must be between 0 and 120.
TypeError: Age must be a number

=== Nested Exceptions ===
Inner exception: Invalid integer
Outer exception: Caught the re-raised exception

=== Exception Chaining ===
Chained exception: File operation failed
Caused by: [Errno 2] No such file or directory: 'nonexistent_file.txt'

=== System Exceptions ===
Python version: 3.13.7 (main, Aug 15 2025, 12:34:02) [GCC 15.2.1 20250813]
Platform: linux